2026-10-04T03:48:42.1032682Z Current runner version: '2.337.0'
2026-10-04T03:48:42.1058732Z ##[group]Runner Image Provisioner
2026-10-04T03:48:42.1059669Z Hosted Compute Agent
2026-10-04T03:48:42.1060308Z Version: 20260901.588
2026-10-04T03:48:42.1060967Z Commit: f88ec8081b781fac6c440065ac7ff9e710ce3d0b
2026-10-04T03:48:42.1061814Z Build Date: 2026-09-01T19:56:44Z
2026-10-04T03:48:42.1062526Z Worker ID: {809f234d-8972-4717-a8aa-a3063c4d181b}
2026-10-04T03:48:42.1063343Z Azure Region: westcentralus
2026-10-04T03:48:42.1063990Z ##[endgroup]
2026-10-04T03:48:42.1065440Z ##[group]Operating System
2026-10-04T03:48:42.1066193Z Ubuntu
2026-10-04T03:48:42.1066750Z 24.04.5
2026-10-04T03:48:42.1067783Z LTS
2026-10-04T03:48:42.1068411Z ##[endgroup]
2026-10-04T03:48:42.1069001Z ##[group]Runner Image
2026-10-04T03:48:42.1069678Z Image: ubuntu-24.04
2026-10-04T03:48:42.1070424Z Version: 20260927.320.1
2026-10-04T03:48:42.1071772Z Included Software: https://github.com/actions/runner-images/blob/ubuntu24/20260927.320/images/ubuntu/Ubuntu2404-Readme.md
2026-10-04T03:48:42.1073386Z Image Release: https://github.com/actions/runner-images/releases/tag/ubuntu24%2F20260927.320
2026-10-04T03:48:42.1074384Z ##[endgroup]
2026-10-04T03:48:42.1075651Z ##[group]GITHUB_TOKEN Permissions
2026-10-04T03:48:42.1078193Z Actions: read
2026-10-04T03:48:42.1078824Z Contents: read
2026-10-04T03:48:42.1079431Z Metadata: read
2026-10-04T03:48:42.1080098Z ##[endgroup]
2026-10-04T03:48:42.1082201Z Secret source: Actions
2026-10-04T03:48:42.1083274Z Cache mode: write
2026-10-04T03:48:42.1084010Z Prepare workflow directory
2026-10-04T03:48:42.1641460Z Prepare all required actions
2026-10-04T03:48:42.1689587Z Getting action download info
2026-10-04T03:48:42.4686809Z Download action repository 'actions/checkout@v4' (SHA:11d5960a326750d5838078e36cf38b85af677262)
2026-10-04T03:48:42.5467936Z Download action repository 'actions/setup-python@v5' (SHA:a26af69be951a213d495a4c3e4e4022e16d87065)
2026-10-04T03:48:42.6270894Z Download action repository 'actions/cache@v4' (SHA:0057852bfaa89a56745cba8c7296529d2fc39830)
2026-10-04T03:48:42.7252738Z Download action repository 'actions/upload-artifact@v4' (SHA:ea165f8d65b6e75b540449e92b4886f43607fa02)
2026-10-04T03:48:42.9441797Z Complete job name: development (2)
2026-10-04T03:48:43.0141476Z ##[group]Run actions/checkout@v4
2026-10-04T03:48:43.0142463Z with:
2026-10-04T03:48:43.0142917Z   repository: duuu-hub/bb-scanner
2026-10-04T03:48:43.0146639Z   token: ***
2026-10-04T03:48:43.0147077Z   ssh-strict: true
2026-10-04T03:48:43.0147774Z   ssh-user: git
2026-10-04T03:48:43.0148234Z   persist-credentials: true
2026-10-04T03:48:43.0148720Z   clean: true
2026-10-04T03:48:43.0149162Z   sparse-checkout-cone-mode: true
2026-10-04T03:48:43.0149678Z   fetch-depth: 1
2026-10-04T03:48:43.0150105Z   fetch-tags: false
2026-10-04T03:48:43.0150543Z   show-progress: true
2026-10-04T03:48:43.0150985Z   lfs: false
2026-10-04T03:48:43.0151398Z   submodules: false
2026-10-04T03:48:43.0151843Z   set-safe-directory: true
2026-10-04T03:48:43.0152345Z   allow-unsafe-pr-checkout: false
2026-10-04T03:48:43.0153076Z env:
2026-10-04T03:48:43.0156650Z   GH_TOKEN: ***
2026-10-04T03:48:43.0157080Z ##[endgroup]
2026-10-04T03:48:43.1167333Z Syncing repository: duuu-hub/bb-scanner
2026-10-04T03:48:43.1169806Z ##[group]Getting Git version info
2026-10-04T03:48:43.1170760Z Working directory is '/home/runner/work/bb-scanner/bb-scanner'
2026-10-04T03:48:43.1172209Z [command]/usr/bin/git version
2026-10-04T03:48:43.1234014Z git version 2.55.0
2026-10-04T03:48:43.1254980Z ##[endgroup]
2026-10-04T03:48:43.1275235Z Temporarily overriding HOME='/home/runner/work/_temp/2cfc6845-f937-4c86-a61c-9ac4d54657e8' before making global git config changes
2026-10-04T03:48:43.1290519Z Adding repository directory to the temporary git global config as a safe directory
2026-10-04T03:48:43.1292726Z [command]/usr/bin/git config --global --add safe.directory /home/runner/work/bb-scanner/bb-scanner
2026-10-04T03:48:43.1352132Z Deleting the contents of '/home/runner/work/bb-scanner/bb-scanner'
2026-10-04T03:48:43.1354428Z ##[group]Initializing the repository
2026-10-04T03:48:43.1355676Z [command]/usr/bin/git init /home/runner/work/bb-scanner/bb-scanner
2026-10-04T03:48:43.1442169Z hint: Using 'master' as the name for the initial branch. This default branch name
2026-10-04T03:48:43.1445652Z hint: will change to "main" in Git 3.0. To configure the initial branch name
2026-10-04T03:48:43.1447657Z hint: to use in all of your new repositories, which will suppress this warning,
2026-10-04T03:48:43.1449142Z hint: call:
2026-10-04T03:48:43.1449878Z hint:
2026-10-04T03:48:43.1450766Z hint: 	git config --global init.defaultBranch <name>
2026-10-04T03:48:43.1451875Z hint:
2026-10-04T03:48:43.1452893Z hint: Names commonly chosen instead of 'master' are 'main', 'trunk' and
2026-10-04T03:48:43.1454490Z hint: 'development'. The just-created branch can be renamed via this command:
2026-10-04T03:48:43.1455763Z hint:
2026-10-04T03:48:43.1456502Z hint: 	git branch -m <name>
2026-10-04T03:48:43.1457490Z hint:
2026-10-04T03:48:43.1458590Z hint: Disable this message with "git config set advice.defaultBranchName false"
2026-10-04T03:48:43.1460407Z Initialized empty Git repository in /home/runner/work/bb-scanner/bb-scanner/.git/
2026-10-04T03:48:43.1465300Z [command]/usr/bin/git remote add origin https://github.com/duuu-hub/bb-scanner
2026-10-04T03:48:43.1529885Z ##[endgroup]
2026-10-04T03:48:43.1532266Z ##[group]Disabling automatic garbage collection
2026-10-04T03:48:43.1534346Z [command]/usr/bin/git config --local gc.auto 0
2026-10-04T03:48:43.1572701Z ##[endgroup]
2026-10-04T03:48:43.1574066Z ##[group]Setting up auth
2026-10-04T03:48:43.1581741Z [command]/usr/bin/git config --local --name-only --get-regexp core\.sshCommand
2026-10-04T03:48:43.1623642Z [command]/usr/bin/git submodule foreach --recursive sh -c "git config --local --name-only --get-regexp 'core\.sshCommand' && git config --local --unset-all 'core.sshCommand' || :"
2026-10-04T03:48:43.2066640Z [command]/usr/bin/git config --local --name-only --get-regexp http\.https\:\/\/github\.com\/\.extraheader
2026-10-04T03:48:43.2108457Z [command]/usr/bin/git submodule foreach --recursive sh -c "git config --local --name-only --get-regexp 'http\.https\:\/\/github\.com\/\.extraheader' && git config --local --unset-all 'http.https://github.com/.extraheader' || :"
2026-10-04T03:48:43.2361994Z [command]/usr/bin/git config --local --name-only --get-regexp ^includeIf\.gitdir:
2026-10-04T03:48:43.2401736Z [command]/usr/bin/git submodule foreach --recursive git config --local --show-origin --name-only --get-regexp remote.origin.url
2026-10-04T03:48:43.2648426Z [command]/usr/bin/git config --local http.https://github.com/.extraheader AUTHORIZATION: basic ***
2026-10-04T03:48:43.2691806Z ##[endgroup]
2026-10-04T03:48:43.2700790Z ##[group]Fetching the repository
2026-10-04T03:48:43.2702551Z [command]/usr/bin/git -c protocol.version=2 fetch --no-tags --prune --no-recurse-submodules --depth=1 origin +33ec3c9a11ca49ef9db9653737604acfa40d7078:refs/remotes/origin/research-path-efficiency-resumption-v23
2026-10-04T03:48:44.7292443Z From https://github.com/duuu-hub/bb-scanner
2026-10-04T03:48:44.7295080Z  * [new ref]         33ec3c9a11ca49ef9db9653737604acfa40d7078 -> origin/research-path-efficiency-resumption-v23
2026-10-04T03:48:44.7314325Z ##[endgroup]
2026-10-04T03:48:44.7401189Z ##[group]Determining the checkout info
2026-10-04T03:48:44.7403269Z ##[endgroup]
2026-10-04T03:48:44.7404425Z [command]/usr/bin/git sparse-checkout disable
2026-10-04T03:48:44.7407679Z [command]/usr/bin/git config --local --unset-all extensions.worktreeConfig
2026-10-04T03:48:44.7426365Z ##[group]Checking out the ref
2026-10-04T03:48:44.7440049Z [command]/usr/bin/git checkout --progress --force -B research-path-efficiency-resumption-v23 refs/remotes/origin/research-path-efficiency-resumption-v23
2026-10-04T03:48:44.9903963Z Switched to a new branch 'research-path-efficiency-resumption-v23'
2026-10-04T03:48:44.9906758Z branch 'research-path-efficiency-resumption-v23' set up to track 'origin/research-path-efficiency-resumption-v23'.
2026-10-04T03:48:44.9917558Z ##[endgroup]
2026-10-04T03:48:44.9965807Z [command]/usr/bin/git log -1 --format=%H
2026-10-04T03:48:44.9994720Z 33ec3c9a11ca49ef9db9653737604acfa40d7078
2026-10-04T03:48:45.0254977Z ##[group]Run actions/setup-python@v5
2026-10-04T03:48:45.0255381Z with:
2026-10-04T03:48:45.0255656Z   python-version: 3.12
2026-10-04T03:48:45.0255947Z   check-latest: false
2026-10-04T03:48:45.0258648Z   token: ***
2026-10-04T03:48:45.0258941Z   update-environment: true
2026-10-04T03:48:45.0259259Z   allow-prereleases: false
2026-10-04T03:48:45.0259560Z   freethreaded: false
2026-10-04T03:48:45.0259836Z env:
2026-10-04T03:48:45.0262132Z   GH_TOKEN: ***
2026-10-04T03:48:45.0262398Z ##[endgroup]
2026-10-04T03:48:45.1553557Z ##[group]Installed versions
2026-10-04T03:48:45.1631489Z (node:2377) [DEP0040] DeprecationWarning: The `punycode` module is deprecated. Please use a userland alternative instead.
2026-10-04T03:48:45.1632828Z (Use `node --trace-deprecation ...` to show where the warning was created)
2026-10-04T03:48:45.1633632Z Successfully set up CPython (3.12.14)
2026-10-04T03:48:45.1634605Z ##[endgroup]
2026-10-04T03:48:45.1825757Z ##[group]Run set -euo pipefail
2026-10-04T03:48:45.1826253Z [36;1mset -euo pipefail[0m
2026-10-04T03:48:45.1826620Z [36;1mpip install pandas==2.3.3 numpy==2.3.3[0m
2026-10-04T03:48:45.2114301Z shell: /usr/bin/bash --noprofile --norc -e -o pipefail {0}
2026-10-04T03:48:45.2114817Z env:
2026-10-04T03:48:45.2117641Z   GH_TOKEN: ***
2026-10-04T03:48:45.2118016Z   pythonLocation: /opt/hostedtoolcache/Python/3.12.14/x64
2026-10-04T03:48:45.2118569Z   PKG_CONFIG_PATH: /opt/hostedtoolcache/Python/3.12.14/x64/lib/pkgconfig
2026-10-04T03:48:45.2119072Z   Python_ROOT_DIR: /opt/hostedtoolcache/Python/3.12.14/x64
2026-10-04T03:48:45.2119520Z   Python2_ROOT_DIR: /opt/hostedtoolcache/Python/3.12.14/x64
2026-10-04T03:48:45.2119968Z   Python3_ROOT_DIR: /opt/hostedtoolcache/Python/3.12.14/x64
2026-10-04T03:48:45.2120415Z   LD_LIBRARY_PATH: /opt/hostedtoolcache/Python/3.12.14/x64/lib
2026-10-04T03:48:45.2120849Z ##[endgroup]
2026-10-04T03:48:46.1920638Z Collecting pandas==2.3.3
2026-10-04T03:48:46.2980229Z   Downloading pandas-2.3.3-cp312-cp312-manylinux_2_24_x86_64.manylinux_2_28_x86_64.whl.metadata (91 kB)
2026-10-04T03:48:46.5725253Z Collecting numpy==2.3.3
2026-10-04T03:48:46.5947712Z   Downloading numpy-2.3.3-cp312-cp312-manylinux_2_27_x86_64.manylinux_2_28_x86_64.whl.metadata (62 kB)
2026-10-04T03:48:46.6398118Z Collecting python-dateutil>=2.8.2 (from pandas==2.3.3)
2026-10-04T03:48:46.6605414Z   Downloading python_dateutil-2.9.0.post0-py2.py3-none-any.whl.metadata (8.4 kB)
2026-10-04T03:48:46.7128471Z Collecting pytz>=2020.1 (from pandas==2.3.3)
2026-10-04T03:48:46.7333209Z   Downloading pytz-2026.5-py2.py3-none-any.whl.metadata (22 kB)
2026-10-04T03:48:46.7638217Z Collecting tzdata>=2022.7 (from pandas==2.3.3)
2026-10-04T03:48:46.7851063Z   Downloading tzdata-2026.5-py2.py3-none-any.whl.metadata (1.4 kB)
2026-10-04T03:48:46.8134861Z Collecting six>=1.5 (from python-dateutil>=2.8.2->pandas==2.3.3)
2026-10-04T03:48:46.8344293Z   Downloading six-1.17.0-py2.py3-none-any.whl.metadata (1.7 kB)
2026-10-04T03:48:46.8587957Z Downloading pandas-2.3.3-cp312-cp312-manylinux_2_24_x86_64.manylinux_2_28_x86_64.whl (12.4 MB)
2026-10-04T03:48:47.0817163Z    ━━━━━━━━━━━━━━━━━━━━━━━━━━━━━━━━━━━━━━━━ 12.4/12.4 MB 65.7 MB/s  0:00:00
2026-10-04T03:48:47.1053394Z Downloading numpy-2.3.3-cp312-cp312-manylinux_2_27_x86_64.manylinux_2_28_x86_64.whl (16.6 MB)
2026-10-04T03:48:47.2213870Z    ━━━━━━━━━━━━━━━━━━━━━━━━━━━━━━━━━━━━━━━━ 16.6/16.6 MB 144.3 MB/s  0:00:00
2026-10-04T03:48:47.2409644Z Downloading python_dateutil-2.9.0.post0-py2.py3-none-any.whl (229 kB)
2026-10-04T03:48:47.2630868Z Downloading pytz-2026.5-py2.py3-none-any.whl (506 kB)
2026-10-04T03:48:47.2858303Z Downloading six-1.17.0-py2.py3-none-any.whl (11 kB)
2026-10-04T03:48:47.3070070Z Downloading tzdata-2026.5-py2.py3-none-any.whl (347 kB)
2026-10-04T03:48:47.4668305Z Installing collected packages: pytz, tzdata, six, numpy, python-dateutil, pandas
2026-10-04T03:48:54.6748114Z 
2026-10-04T03:48:54.6754479Z Successfully installed numpy-2.3.3 pandas-2.3.3 python-dateutil-2.9.0.post0 pytz-2026.5 six-1.17.0 tzdata-2026.5
2026-10-04T03:48:54.7424433Z ##[group]Run actions/cache@v4
2026-10-04T03:48:54.7424703Z with:
2026-10-04T03:48:54.7424913Z   path: data
2026-10-04T03:48:54.7425148Z   key: frozen-source-36095439671-15m-shard-2
2026-10-04T03:48:54.7425455Z   enableCrossOsArchive: false
2026-10-04T03:48:54.7425712Z   fail-on-cache-miss: false
2026-10-04T03:48:54.7425973Z   lookup-only: false
2026-10-04T03:48:54.7426195Z   save-always: false
2026-10-04T03:48:54.7426418Z env:
2026-10-04T03:48:54.7428919Z   GH_TOKEN: ***
2026-10-04T03:48:54.7429233Z   pythonLocation: /opt/hostedtoolcache/Python/3.12.14/x64
2026-10-04T03:48:54.7429681Z   PKG_CONFIG_PATH: /opt/hostedtoolcache/Python/3.12.14/x64/lib/pkgconfig
2026-10-04T03:48:54.7430110Z   Python_ROOT_DIR: /opt/hostedtoolcache/Python/3.12.14/x64
2026-10-04T03:48:54.7430492Z   Python2_ROOT_DIR: /opt/hostedtoolcache/Python/3.12.14/x64
2026-10-04T03:48:54.7430882Z   Python3_ROOT_DIR: /opt/hostedtoolcache/Python/3.12.14/x64
2026-10-04T03:48:54.7431308Z   LD_LIBRARY_PATH: /opt/hostedtoolcache/Python/3.12.14/x64/lib
2026-10-04T03:48:54.7431638Z ##[endgroup]
2026-10-04T03:48:54.8488814Z (node:2416) [DEP0040] DeprecationWarning: The `punycode` module is deprecated. Please use a userland alternative instead.
2026-10-04T03:48:54.8489985Z (Use `node --trace-deprecation ...` to show where the warning was created)
2026-10-04T03:48:55.0169200Z Cache not found for input keys: frozen-source-36095439671-15m-shard-2
2026-10-04T03:48:55.0266054Z ##[group]Run set -euo pipefail
2026-10-04T03:48:55.0266379Z [36;1mset -euo pipefail[0m
2026-10-04T03:48:55.0266636Z [36;1mif [ '' != 'true' ]; then[0m
2026-10-04T03:48:55.0267499Z [36;1m  gh run download 36095439671 -R duuu-hub/bb-scanner -n rank5-binance-um-15m-5y-data-shard-2 -D data[0m
2026-10-04T03:48:55.0268087Z [36;1mfi[0m
2026-10-04T03:48:55.0268515Z [36;1mgh run download 36858492497 -R duuu-hub/bb-scanner -n day-edge-v2-btc -D btc[0m
2026-10-04T03:48:55.0269211Z [36;1mgh run download 36095439671 -R duuu-hub/bb-scanner -n rank5-binance-um-15m-5y-manifest-shard-2 -D source-manifest[0m
2026-10-04T03:48:55.0270340Z [36;1mpython scripts/research_evidence_archive.py verify-source --data data --manifests source-manifest --baseline research/path-efficiency-resumption-v23/FROZEN_INPUT_HASHES.json --out source-check.json[0m
2026-10-04T03:48:55.0343447Z shell: /usr/bin/bash --noprofile --norc -e -o pipefail {0}
2026-10-04T03:48:55.0343806Z env:
2026-10-04T03:48:55.0346177Z   GH_TOKEN: ***
2026-10-04T03:48:55.0346479Z   pythonLocation: /opt/hostedtoolcache/Python/3.12.14/x64
2026-10-04T03:48:55.0346919Z   PKG_CONFIG_PATH: /opt/hostedtoolcache/Python/3.12.14/x64/lib/pkgconfig
2026-10-04T03:48:55.0347520Z   Python_ROOT_DIR: /opt/hostedtoolcache/Python/3.12.14/x64
2026-10-04T03:48:55.0347914Z   Python2_ROOT_DIR: /opt/hostedtoolcache/Python/3.12.14/x64
2026-10-04T03:48:55.0348289Z   Python3_ROOT_DIR: /opt/hostedtoolcache/Python/3.12.14/x64
2026-10-04T03:48:55.0348686Z   LD_LIBRARY_PATH: /opt/hostedtoolcache/Python/3.12.14/x64/lib
2026-10-04T03:48:55.0349014Z ##[endgroup]
2026-10-04T03:49:17.1701586Z FROZEN_SOURCE_VERIFIED 107 files 31 prior SHA256 matches
2026-10-04T03:49:17.2226214Z ##[group]Run actions/cache@v4
2026-10-04T03:49:17.2226482Z with:
2026-10-04T03:49:17.2226690Z   path: cache/verified-1m
2026-10-04T03:49:17.2226993Z   key: path-efficiency-resumption-v23-dev-1m-shard-2
2026-10-04T03:49:17.2228432Z   restore-keys: taker-absorption-release-v12-dev-1m-shard-2
aggressive-flow-cascade-v11-dev-1m-shard-2
residual-reversion-v10-dev-1m-shard-2
cross-sectional-leader-v9-dev-1m-shard-2
premium-absorption-v8-dev-1m-shard-2
factor-lag-v6-dev-1m-shard-2
2026-10-04T03:49:17.2229450Z   enableCrossOsArchive: false
2026-10-04T03:49:17.2229706Z   fail-on-cache-miss: false
2026-10-04T03:49:17.2229955Z   lookup-only: false
2026-10-04T03:49:17.2230172Z   save-always: false
2026-10-04T03:49:17.2230378Z env:
2026-10-04T03:49:17.2232938Z   GH_TOKEN: ***
2026-10-04T03:49:17.2233238Z   pythonLocation: /opt/hostedtoolcache/Python/3.12.14/x64
2026-10-04T03:49:17.2233676Z   PKG_CONFIG_PATH: /opt/hostedtoolcache/Python/3.12.14/x64/lib/pkgconfig
2026-10-04T03:49:17.2234167Z   Python_ROOT_DIR: /opt/hostedtoolcache/Python/3.12.14/x64
2026-10-04T03:49:17.2234560Z   Python2_ROOT_DIR: /opt/hostedtoolcache/Python/3.12.14/x64
2026-10-04T03:49:17.2234938Z   Python3_ROOT_DIR: /opt/hostedtoolcache/Python/3.12.14/x64
2026-10-04T03:49:17.2235308Z   LD_LIBRARY_PATH: /opt/hostedtoolcache/Python/3.12.14/x64/lib
2026-10-04T03:49:17.2235627Z ##[endgroup]
2026-10-04T03:49:17.3308775Z (node:2458) [DEP0040] DeprecationWarning: The `punycode` module is deprecated. Please use a userland alternative instead.
2026-10-04T03:49:17.3310077Z (Use `node --trace-deprecation ...` to show where the warning was created)
2026-10-04T03:49:17.5166413Z Cache not found for input keys: path-efficiency-resumption-v23-dev-1m-shard-2, taker-absorption-release-v12-dev-1m-shard-2, aggressive-flow-cascade-v11-dev-1m-shard-2, residual-reversion-v10-dev-1m-shard-2, cross-sectional-leader-v9-dev-1m-shard-2, premium-absorption-v8-dev-1m-shard-2, factor-lag-v6-dev-1m-shard-2
2026-10-04T03:49:17.5265348Z ##[group]Run set -euo pipefail
2026-10-04T03:49:17.5265663Z [36;1mset -euo pipefail[0m
2026-10-04T03:49:17.5266426Z [36;1mpython scripts/path_efficiency_resumption_v23.py scan --stage DEV --data data --btc btc/BTCUSDT.csv.gz --source-check source-check.json --out dev-2 --minute-cache cache/verified-1m[0m
2026-10-04T03:49:17.5338106Z shell: /usr/bin/bash --noprofile --norc -e -o pipefail {0}
2026-10-04T03:49:17.5338459Z env:
2026-10-04T03:49:17.5340763Z   GH_TOKEN: ***
2026-10-04T03:49:17.5341071Z   pythonLocation: /opt/hostedtoolcache/Python/3.12.14/x64
2026-10-04T03:49:17.5341531Z   PKG_CONFIG_PATH: /opt/hostedtoolcache/Python/3.12.14/x64/lib/pkgconfig
2026-10-04T03:49:17.5341961Z   Python_ROOT_DIR: /opt/hostedtoolcache/Python/3.12.14/x64
2026-10-04T03:49:17.5342342Z   Python2_ROOT_DIR: /opt/hostedtoolcache/Python/3.12.14/x64
2026-10-04T03:49:17.5342736Z   Python3_ROOT_DIR: /opt/hostedtoolcache/Python/3.12.14/x64
2026-10-04T03:49:17.5343151Z   LD_LIBRARY_PATH: /opt/hostedtoolcache/Python/3.12.14/x64/lib
2026-10-04T03:49:17.5343482Z ##[endgroup]
2026-10-04T03:49:18.6931061Z /home/runner/work/bb-scanner/bb-scanner/scripts/session_opening_range_sweep_v20.py:80: RuntimeWarning: invalid value encountered in divide
2026-10-04T03:49:18.6931947Z   f['session_vwap'][k:z]=np.where(valid,numer/denom,np.nan)
2026-10-04T03:50:44.6834517Z V23_PATH_EFFICIENCY_SCAN DEV 16 / 107 parameterized_outcomes 1452
2026-10-04T03:53:12.6694807Z V23_PATH_EFFICIENCY_SCAN DEV 32 / 107 parameterized_outcomes 2448
2026-10-04T03:55:11.8244463Z V23_PATH_EFFICIENCY_SCAN DEV 40 / 107 parameterized_outcomes 4596
2026-10-04T04:05:10.3855996Z V23_PATH_EFFICIENCY_SCAN DEV 72 / 107 parameterized_outcomes 14400
2026-10-04T04:05:56.5713707Z V23_PATH_EFFICIENCY_SCAN DEV 88 / 107 parameterized_outcomes 15126
2026-10-04T04:09:33.6454117Z V23_PATH_EFFICIENCY_SCAN_DONE DEV 18102 chronology_exclusions 12
2026-10-04T04:09:33.7117762Z ##[group]Run actions/upload-artifact@v4
2026-10-04T04:09:33.7118080Z with:
2026-10-04T04:09:33.7118326Z   name: path-efficiency-resumption-v23-dev-2
2026-10-04T04:09:33.7118623Z   path: dev-2/
2026-10-04T04:09:33.7118844Z   retention-days: 30
2026-10-04T04:09:33.7119065Z   compression-level: 0
2026-10-04T04:09:33.7119291Z   if-no-files-found: warn
2026-10-04T04:09:33.7119526Z   overwrite: false
2026-10-04T04:09:33.7119742Z   include-hidden-files: false
2026-10-04T04:09:33.7119976Z env:
2026-10-04T04:09:33.7122314Z   GH_TOKEN: ***
2026-10-04T04:09:33.7122617Z   pythonLocation: /opt/hostedtoolcache/Python/3.12.14/x64
2026-10-04T04:09:33.7123055Z   PKG_CONFIG_PATH: /opt/hostedtoolcache/Python/3.12.14/x64/lib/pkgconfig
2026-10-04T04:09:33.7123485Z   Python_ROOT_DIR: /opt/hostedtoolcache/Python/3.12.14/x64
2026-10-04T04:09:33.7123862Z   Python2_ROOT_DIR: /opt/hostedtoolcache/Python/3.12.14/x64
2026-10-04T04:09:33.7124464Z   Python3_ROOT_DIR: /opt/hostedtoolcache/Python/3.12.14/x64
2026-10-04T04:09:33.7124865Z   LD_LIBRARY_PATH: /opt/hostedtoolcache/Python/3.12.14/x64/lib
2026-10-04T04:09:33.7125189Z ##[endgroup]
2026-10-04T04:09:33.8759037Z (node:2726) [DEP0040] DeprecationWarning: The `punycode` module is deprecated. Please use a userland alternative instead.
2026-10-04T04:09:33.8759925Z (Use `node --trace-deprecation ...` to show where the warning was created)
2026-10-04T04:09:33.9369916Z With the provided path, there will be 378 files uploaded
2026-10-04T04:09:33.9370770Z Artifact name is valid!
2026-10-04T04:09:33.9371152Z Root directory input is valid!
2026-10-04T04:09:34.2520031Z Beginning upload of artifact content to blob storage
2026-10-04T04:09:34.4249357Z (node:2726) [DEP0169] DeprecationWarning: `url.parse()` behavior is not standardized and prone to errors that have security implications. Use the WHATWG URL API instead. CVEs are not issued for `url.parse()` vulnerabilities.
2026-10-04T04:09:35.1168104Z Uploaded bytes 8388608
2026-10-04T04:09:35.1300122Z Uploaded bytes 16777216
2026-10-04T04:09:35.1781576Z Uploaded bytes 25165824
2026-10-04T04:09:35.1943788Z Uploaded bytes 33554432
2026-10-04T04:09:35.3458166Z Uploaded bytes 41943040
2026-10-04T04:09:35.3559327Z Uploaded bytes 50331648
2026-10-04T04:09:35.4185442Z Uploaded bytes 58720256
2026-10-04T04:09:35.4545505Z Uploaded bytes 67108864
2026-10-04T04:09:35.5472684Z Uploaded bytes 75497472
2026-10-04T04:09:35.6640972Z Uploaded bytes 83886080
2026-10-04T04:09:35.7048867Z Uploaded bytes 92274688
2026-10-04T04:09:35.7761066Z Uploaded bytes 100663296
2026-10-04T04:09:35.8042871Z Uploaded bytes 109051904
2026-10-04T04:09:35.9712739Z Uploaded bytes 117440512
2026-10-04T04:09:35.9798333Z Uploaded bytes 125829120
2026-10-04T04:09:36.0108641Z Uploaded bytes 134217728
2026-10-04T04:09:36.0729523Z Uploaded bytes 142606336
2026-10-04T04:09:36.1675594Z Uploaded bytes 150994944
2026-10-04T04:09:36.2984541Z Uploaded bytes 159383552
2026-10-04T04:09:36.3164605Z Uploaded bytes 167772160
2026-10-04T04:09:36.3168361Z Uploaded bytes 176160768
2026-10-04T04:09:36.4324375Z Uploaded bytes 180074101
2026-10-04T04:09:36.4833434Z Finished uploading artifact content to blob storage!
2026-10-04T04:09:36.4836746Z SHA256 digest of uploaded artifact zip is 530a018b0a247146dd34961c2ebf2c76086f4fa6ca518824ca1c1549eefcdb23
2026-10-04T04:09:36.4839432Z Finalizing artifact upload
2026-10-04T04:09:36.7313122Z Artifact path-efficiency-resumption-v23-dev-2.zip successfully finalized. Artifact ID 11292982393
2026-10-04T04:09:36.7314504Z Artifact path-efficiency-resumption-v23-dev-2 has been successfully uploaded! Final size is 180074101 bytes. Artifact ID is 11292982393
2026-10-04T04:09:36.7321473Z Artifact download URL: https://github.com/duuu-hub/bb-scanner/actions/runs/37175047449/artifacts/11292982393
2026-10-04T04:09:36.7560550Z Post job cleanup.
2026-10-04T04:09:36.8624334Z (node:2739) [DEP0040] DeprecationWarning: The `punycode` module is deprecated. Please use a userland alternative instead.
2026-10-04T04:09:36.8625101Z (Use `node --trace-deprecation ...` to show where the warning was created)
2026-10-04T04:09:36.8850898Z [command]/usr/bin/tar --posix -cf cache.tzst --exclude cache.tzst -P -C /home/runner/work/bb-scanner/bb-scanner --files-from manifest.txt --use-compress-program zstdmt
2026-10-04T04:09:37.3861614Z (node:2739) [DEP0169] DeprecationWarning: `url.parse()` behavior is not standardized and prone to errors that have security implications. Use the WHATWG URL API instead. CVEs are not issued for `url.parse()` vulnerabilities.
2026-10-04T04:09:38.3713199Z Sent 17548099 of 218874691 (8.0%), 16.7 MBs/sec
2026-10-04T04:09:39.3721081Z Sent 218874691 of 218874691 (100.0%), 104.3 MBs/sec
2026-10-04T04:09:39.5506705Z Cache saved with key: path-efficiency-resumption-v23-dev-1m-shard-2
2026-10-04T04:09:39.5662672Z Post job cleanup.
2026-10-04T04:09:39.6712829Z (node:2759) [DEP0040] DeprecationWarning: The `punycode` module is deprecated. Please use a userland alternative instead.
2026-10-04T04:09:39.6714055Z (Use `node --trace-deprecation ...` to show where the warning was created)
2026-10-04T04:09:39.6896894Z [command]/usr/bin/tar --posix -cf cache.tzst --exclude cache.tzst -P -C /home/runner/work/bb-scanner/bb-scanner --files-from manifest.txt --use-compress-program zstdmt
2026-10-04T04:09:40.1239935Z (node:2759) [DEP0169] DeprecationWarning: `url.parse()` behavior is not standardized and prone to errors that have security implications. Use the WHATWG URL API instead. CVEs are not issued for `url.parse()` vulnerabilities.
2026-10-04T04:09:41.1121643Z Sent 0 of 248656477 (0.0%), 0.0 MBs/sec
2026-10-04T04:09:41.9719686Z Sent 248656477 of 248656477 (100.0%), 127.5 MBs/sec
2026-10-04T04:09:42.0842398Z Cache saved with key: frozen-source-36095439671-15m-shard-2
2026-10-04T04:09:42.0981035Z Post job cleanup.
2026-10-04T04:09:42.2212836Z (node:2779) [DEP0040] DeprecationWarning: The `punycode` module is deprecated. Please use a userland alternative instead.
2026-10-04T04:09:42.2214102Z (Use `node --trace-deprecation ...` to show where the warning was created)
2026-10-04T04:09:42.2408586Z Post job cleanup.
2026-10-04T04:09:42.3321175Z [command]/usr/bin/git version
2026-10-04T04:09:42.3371985Z git version 2.55.0
2026-10-04T04:09:42.3417719Z Temporarily overriding HOME='/home/runner/work/_temp/4c59a6f1-b9d7-4f2f-b267-fa100b76396c' before making global git config changes
2026-10-04T04:09:42.3419186Z Adding repository directory to the temporary git global config as a safe directory
2026-10-04T04:09:42.3424960Z [command]/usr/bin/git config --global --add safe.directory /home/runner/work/bb-scanner/bb-scanner
2026-10-04T04:09:42.3474504Z [command]/usr/bin/git config --local --name-only --get-regexp core\.sshCommand
2026-10-04T04:09:42.3519315Z [command]/usr/bin/git submodule foreach --recursive sh -c "git config --local --name-only --get-regexp 'core\.sshCommand' && git config --local --unset-all 'core.sshCommand' || :"
2026-10-04T04:09:42.3818860Z [command]/usr/bin/git config --local --name-only --get-regexp http\.https\:\/\/github\.com\/\.extraheader
2026-10-04T04:09:42.3849977Z http.https://github.com/.extraheader
2026-10-04T04:09:42.3862773Z [command]/usr/bin/git config --local --unset-all http.https://github.com/.extraheader
2026-10-04T04:09:42.3899847Z [command]/usr/bin/git submodule foreach --recursive sh -c "git config --local --name-only --get-regexp 'http\.https\:\/\/github\.com\/\.extraheader' && git config --local --unset-all 'http.https://github.com/.extraheader' || :"
2026-10-04T04:09:42.4178776Z [command]/usr/bin/git config --local --name-only --get-regexp ^includeIf\.gitdir:
2026-10-04T04:09:42.4218604Z [command]/usr/bin/git submodule foreach --recursive git config --local --show-origin --name-only --get-regexp remote.origin.url
2026-10-04T04:09:42.4618574Z Cleaning up orphan processes
2026-10-04T04:09:42.4930383Z ##[warning]Node.js 20 is deprecated. The following actions target Node.js 20 but are being forced to run on Node.js 24: actions/cache@v4, actions/checkout@v4, actions/setup-python@v5, actions/upload-artifact@v4. For more information see: https://github.blog/changelog/2025-09-19-deprecation-of-node-20-on-github-actions-runners/
