validate	UNKNOWN STEP	﻿2026-10-01T11:11:21.5544914Z Current runner version: '2.337.0'
validate	UNKNOWN STEP	2026-10-01T11:11:21.5567444Z ##[group]Runner Image Provisioner
validate	UNKNOWN STEP	2026-10-01T11:11:21.5568225Z Hosted Compute Agent
validate	UNKNOWN STEP	2026-10-01T11:11:21.5568833Z Version: 20260828.587
validate	UNKNOWN STEP	2026-10-01T11:11:21.5569377Z Commit: abac92662cab4cc7352de4f9f9d2e2419aad9c29
validate	UNKNOWN STEP	2026-10-01T11:11:21.5570071Z Build Date: 2026-08-28T16:44:25Z
validate	UNKNOWN STEP	2026-10-01T11:11:21.5570691Z Worker ID: {a679d77d-6a6c-464e-b6c7-2cc3dc39d4be}
validate	UNKNOWN STEP	2026-10-01T11:11:21.5571390Z Azure Region: centralus
validate	UNKNOWN STEP	2026-10-01T11:11:21.5571938Z ##[endgroup]
validate	UNKNOWN STEP	2026-10-01T11:11:21.5573116Z ##[group]Operating System
validate	UNKNOWN STEP	2026-10-01T11:11:21.5573911Z Ubuntu
validate	UNKNOWN STEP	2026-10-01T11:11:21.5574506Z 24.04.5
validate	UNKNOWN STEP	2026-10-01T11:11:21.5574976Z LTS
validate	UNKNOWN STEP	2026-10-01T11:11:21.5575501Z ##[endgroup]
validate	UNKNOWN STEP	2026-10-01T11:11:21.5575982Z ##[group]Runner Image
validate	UNKNOWN STEP	2026-10-01T11:11:21.5576471Z Image: ubuntu-24.04
validate	UNKNOWN STEP	2026-10-01T11:11:21.5577000Z Version: 20260920.314.1
validate	UNKNOWN STEP	2026-10-01T11:11:21.5578087Z Included Software: https://github.com/actions/runner-images/blob/ubuntu24/20260920.314/images/ubuntu/Ubuntu2404-Readme.md
validate	UNKNOWN STEP	2026-10-01T11:11:21.5579426Z Image Release: https://github.com/actions/runner-images/releases/tag/ubuntu24%2F20260920.314
validate	UNKNOWN STEP	2026-10-01T11:11:21.5580210Z ##[endgroup]
validate	UNKNOWN STEP	2026-10-01T11:11:21.5581227Z ##[group]GITHUB_TOKEN Permissions
validate	UNKNOWN STEP	2026-10-01T11:11:21.5583981Z Actions: read
validate	UNKNOWN STEP	2026-10-01T11:11:21.5584533Z Contents: read
validate	UNKNOWN STEP	2026-10-01T11:11:21.5585007Z Metadata: read
validate	UNKNOWN STEP	2026-10-01T11:11:21.5585485Z ##[endgroup]
validate	UNKNOWN STEP	2026-10-01T11:11:21.5587497Z Secret source: Actions
validate	UNKNOWN STEP	2026-10-01T11:11:21.5588310Z Cache mode: write
validate	UNKNOWN STEP	2026-10-01T11:11:21.5589181Z Prepare workflow directory
validate	UNKNOWN STEP	2026-10-01T11:11:21.5866029Z Prepare all required actions
validate	UNKNOWN STEP	2026-10-01T11:11:21.5908037Z Getting action download info
validate	UNKNOWN STEP	2026-10-01T11:11:21.8666956Z Download action repository 'actions/checkout@v4' (SHA:11d5960a326750d5838078e36cf38b85af677262)
validate	UNKNOWN STEP	2026-10-01T11:11:21.9871372Z Download action repository 'actions/setup-python@v5' (SHA:a26af69be951a213d495a4c3e4e4022e16d87065)
validate	UNKNOWN STEP	2026-10-01T11:11:22.0835120Z Download action repository 'actions/upload-artifact@v4' (SHA:ea165f8d65b6e75b540449e92b4886f43607fa02)
validate	UNKNOWN STEP	2026-10-01T11:11:22.3047142Z Complete job name: validate
validate	UNKNOWN STEP	2026-10-01T11:11:22.3632183Z ##[group]Run actions/checkout@v4
validate	UNKNOWN STEP	2026-10-01T11:11:22.3632885Z with:
validate	UNKNOWN STEP	2026-10-01T11:11:22.3633330Z   repository: duuu-hub/bb-scanner
validate	UNKNOWN STEP	2026-10-01T11:11:22.3636822Z   token: ***
validate	UNKNOWN STEP	2026-10-01T11:11:22.3637260Z   ssh-strict: true
validate	UNKNOWN STEP	2026-10-01T11:11:22.3637712Z   ssh-user: git
validate	UNKNOWN STEP	2026-10-01T11:11:22.3638200Z   persist-credentials: true
validate	UNKNOWN STEP	2026-10-01T11:11:22.3638671Z   clean: true
validate	UNKNOWN STEP	2026-10-01T11:11:22.3639167Z   sparse-checkout-cone-mode: true
validate	UNKNOWN STEP	2026-10-01T11:11:22.3639671Z   fetch-depth: 1
validate	UNKNOWN STEP	2026-10-01T11:11:22.3640105Z   fetch-tags: false
validate	UNKNOWN STEP	2026-10-01T11:11:22.3640563Z   show-progress: true
validate	UNKNOWN STEP	2026-10-01T11:11:22.3641010Z   lfs: false
validate	UNKNOWN STEP	2026-10-01T11:11:22.3641461Z   submodules: false
validate	UNKNOWN STEP	2026-10-01T11:11:22.3641905Z   set-safe-directory: true
validate	UNKNOWN STEP	2026-10-01T11:11:22.3642385Z   allow-unsafe-pr-checkout: false
validate	UNKNOWN STEP	2026-10-01T11:11:22.3643097Z ##[endgroup]
validate	UNKNOWN STEP	2026-10-01T11:11:22.4547951Z Syncing repository: duuu-hub/bb-scanner
validate	UNKNOWN STEP	2026-10-01T11:11:22.4550424Z ##[group]Getting Git version info
validate	UNKNOWN STEP	2026-10-01T11:11:22.4551683Z Working directory is '/home/runner/work/bb-scanner/bb-scanner'
validate	UNKNOWN STEP	2026-10-01T11:11:22.4553110Z [command]/usr/bin/git version
validate	UNKNOWN STEP	2026-10-01T11:11:22.4578002Z git version 2.55.0
validate	UNKNOWN STEP	2026-10-01T11:11:22.4593101Z ##[endgroup]
validate	UNKNOWN STEP	2026-10-01T11:11:22.4605522Z Temporarily overriding HOME='/home/runner/work/_temp/73c92506-80ed-42d1-900a-6892f9704711' before making global git config changes
validate	UNKNOWN STEP	2026-10-01T11:11:22.4606796Z Adding repository directory to the temporary git global config as a safe directory
validate	UNKNOWN STEP	2026-10-01T11:11:22.4614051Z [command]/usr/bin/git config --global --add safe.directory /home/runner/work/bb-scanner/bb-scanner
validate	UNKNOWN STEP	2026-10-01T11:11:22.4673337Z Deleting the contents of '/home/runner/work/bb-scanner/bb-scanner'
validate	UNKNOWN STEP	2026-10-01T11:11:22.4675701Z ##[group]Initializing the repository
validate	UNKNOWN STEP	2026-10-01T11:11:22.4676900Z [command]/usr/bin/git init /home/runner/work/bb-scanner/bb-scanner
validate	UNKNOWN STEP	2026-10-01T11:11:22.4755694Z hint: Using 'master' as the name for the initial branch. This default branch name
validate	UNKNOWN STEP	2026-10-01T11:11:22.4757355Z hint: will change to "main" in Git 3.0. To configure the initial branch name
validate	UNKNOWN STEP	2026-10-01T11:11:22.4758811Z hint: to use in all of your new repositories, which will suppress this warning,
validate	UNKNOWN STEP	2026-10-01T11:11:22.4759971Z hint: call:
validate	UNKNOWN STEP	2026-10-01T11:11:22.4760885Z hint:
validate	UNKNOWN STEP	2026-10-01T11:11:22.4761772Z hint: 	git config --global init.defaultBranch <name>
validate	UNKNOWN STEP	2026-10-01T11:11:22.4762727Z hint:
validate	UNKNOWN STEP	2026-10-01T11:11:22.4763958Z hint: Names commonly chosen instead of 'master' are 'main', 'trunk' and
validate	UNKNOWN STEP	2026-10-01T11:11:22.4765358Z hint: 'development'. The just-created branch can be renamed via this command:
validate	UNKNOWN STEP	2026-10-01T11:11:22.4766468Z hint:
validate	UNKNOWN STEP	2026-10-01T11:11:22.4767271Z hint: 	git branch -m <name>
validate	UNKNOWN STEP	2026-10-01T11:11:22.4768095Z hint:
validate	UNKNOWN STEP	2026-10-01T11:11:22.4769133Z hint: Disable this message with "git config set advice.defaultBranchName false"
validate	UNKNOWN STEP	2026-10-01T11:11:22.4770600Z Initialized empty Git repository in /home/runner/work/bb-scanner/bb-scanner/.git/
validate	UNKNOWN STEP	2026-10-01T11:11:22.4773855Z [command]/usr/bin/git remote add origin https://github.com/duuu-hub/bb-scanner
validate	UNKNOWN STEP	2026-10-01T11:11:22.4810628Z ##[endgroup]
validate	UNKNOWN STEP	2026-10-01T11:11:22.4811924Z ##[group]Disabling automatic garbage collection
validate	UNKNOWN STEP	2026-10-01T11:11:22.4813064Z [command]/usr/bin/git config --local gc.auto 0
validate	UNKNOWN STEP	2026-10-01T11:11:22.4837433Z ##[endgroup]
validate	UNKNOWN STEP	2026-10-01T11:11:22.4838390Z ##[group]Setting up auth
validate	UNKNOWN STEP	2026-10-01T11:11:22.4842871Z [command]/usr/bin/git config --local --name-only --get-regexp core\.sshCommand
validate	UNKNOWN STEP	2026-10-01T11:11:22.4890987Z [command]/usr/bin/git submodule foreach --recursive sh -c "git config --local --name-only --get-regexp 'core\.sshCommand' && git config --local --unset-all 'core.sshCommand' || :"
validate	UNKNOWN STEP	2026-10-01T11:11:22.5215369Z [command]/usr/bin/git config --local --name-only --get-regexp http\.https\:\/\/github\.com\/\.extraheader
validate	UNKNOWN STEP	2026-10-01T11:11:22.5236283Z [command]/usr/bin/git submodule foreach --recursive sh -c "git config --local --name-only --get-regexp 'http\.https\:\/\/github\.com\/\.extraheader' && git config --local --unset-all 'http.https://github.com/.extraheader' || :"
validate	UNKNOWN STEP	2026-10-01T11:11:22.5431062Z [command]/usr/bin/git config --local --name-only --get-regexp ^includeIf\.gitdir:
validate	UNKNOWN STEP	2026-10-01T11:11:22.5457881Z [command]/usr/bin/git submodule foreach --recursive git config --local --show-origin --name-only --get-regexp remote.origin.url
validate	UNKNOWN STEP	2026-10-01T11:11:22.5618561Z [command]/usr/bin/git config --local http.https://github.com/.extraheader AUTHORIZATION: basic ***
validate	UNKNOWN STEP	2026-10-01T11:11:22.5650069Z ##[endgroup]
validate	UNKNOWN STEP	2026-10-01T11:11:22.5651254Z ##[group]Fetching the repository
validate	UNKNOWN STEP	2026-10-01T11:11:22.5659651Z [command]/usr/bin/git -c protocol.version=2 fetch --no-tags --prune --no-recurse-submodules --depth=1 origin +fe56f3deb956d13ff8520729e9f6e975502471fb:refs/remotes/origin/research-relative-pullback-day-v1
validate	UNKNOWN STEP	2026-10-01T11:11:23.8565074Z From https://github.com/duuu-hub/bb-scanner
validate	UNKNOWN STEP	2026-10-01T11:11:23.8567956Z  * [new ref]         fe56f3deb956d13ff8520729e9f6e975502471fb -> origin/research-relative-pullback-day-v1
validate	UNKNOWN STEP	2026-10-01T11:11:23.8572644Z ##[endgroup]
validate	UNKNOWN STEP	2026-10-01T11:11:23.8575726Z ##[group]Determining the checkout info
validate	UNKNOWN STEP	2026-10-01T11:11:23.8577988Z ##[endgroup]
validate	UNKNOWN STEP	2026-10-01T11:11:23.8579510Z [command]/usr/bin/git sparse-checkout disable
validate	UNKNOWN STEP	2026-10-01T11:11:23.8631211Z [command]/usr/bin/git config --local --unset-all extensions.worktreeConfig
validate	UNKNOWN STEP	2026-10-01T11:11:23.8660509Z ##[group]Checking out the ref
validate	UNKNOWN STEP	2026-10-01T11:11:23.8664032Z [command]/usr/bin/git checkout --progress --force -B research-relative-pullback-day-v1 refs/remotes/origin/research-relative-pullback-day-v1
validate	UNKNOWN STEP	2026-10-01T11:11:24.0640231Z Switched to a new branch 'research-relative-pullback-day-v1'
validate	UNKNOWN STEP	2026-10-01T11:11:24.0643924Z branch 'research-relative-pullback-day-v1' set up to track 'origin/research-relative-pullback-day-v1'.
validate	UNKNOWN STEP	2026-10-01T11:11:24.0652624Z ##[endgroup]
validate	UNKNOWN STEP	2026-10-01T11:11:24.0687856Z [command]/usr/bin/git log -1 --format=%H
validate	UNKNOWN STEP	2026-10-01T11:11:24.0709971Z fe56f3deb956d13ff8520729e9f6e975502471fb
validate	UNKNOWN STEP	2026-10-01T11:11:24.0988152Z ##[group]Run actions/setup-python@v5
validate	UNKNOWN STEP	2026-10-01T11:11:24.0989244Z with:
validate	UNKNOWN STEP	2026-10-01T11:11:24.0990048Z   python-version: 3.12
validate	UNKNOWN STEP	2026-10-01T11:11:24.0990865Z   check-latest: false
validate	UNKNOWN STEP	2026-10-01T11:11:24.0994075Z   token: ***
validate	UNKNOWN STEP	2026-10-01T11:11:24.0994929Z   update-environment: true
validate	UNKNOWN STEP	2026-10-01T11:11:24.0995768Z   allow-prereleases: false
validate	UNKNOWN STEP	2026-10-01T11:11:24.0996595Z   freethreaded: false
validate	UNKNOWN STEP	2026-10-01T11:11:24.0997389Z ##[endgroup]
validate	UNKNOWN STEP	2026-10-01T11:11:24.2137810Z ##[group]Installed versions
validate	UNKNOWN STEP	2026-10-01T11:11:24.2216737Z (node:2115) [DEP0040] DeprecationWarning: The `punycode` module is deprecated. Please use a userland alternative instead.
validate	UNKNOWN STEP	2026-10-01T11:11:24.2218665Z (Use `node --trace-deprecation ...` to show where the warning was created)
validate	UNKNOWN STEP	2026-10-01T11:11:24.2220649Z Successfully set up CPython (3.12.14)
validate	UNKNOWN STEP	2026-10-01T11:11:24.2222573Z ##[endgroup]
validate	UNKNOWN STEP	2026-10-01T11:11:24.2400216Z ##[group]Run pip install pandas==2.3.3 numpy==2.3.3 numba==0.62.1
validate	UNKNOWN STEP	2026-10-01T11:11:24.2401900Z ^[[36;1mpip install pandas==2.3.3 numpy==2.3.3 numba==0.62.1^[[0m
validate	UNKNOWN STEP	2026-10-01T11:11:24.2764155Z shell: /usr/bin/bash -e {0}
validate	UNKNOWN STEP	2026-10-01T11:11:24.2765286Z env:
validate	UNKNOWN STEP	2026-10-01T11:11:24.2766178Z   pythonLocation: /opt/hostedtoolcache/Python/3.12.14/x64
validate	UNKNOWN STEP	2026-10-01T11:11:24.2767337Z   PKG_CONFIG_PATH: /opt/hostedtoolcache/Python/3.12.14/x64/lib/pkgconfig
validate	UNKNOWN STEP	2026-10-01T11:11:24.2768389Z   Python_ROOT_DIR: /opt/hostedtoolcache/Python/3.12.14/x64
validate	UNKNOWN STEP	2026-10-01T11:11:24.2769386Z   Python2_ROOT_DIR: /opt/hostedtoolcache/Python/3.12.14/x64
validate	UNKNOWN STEP	2026-10-01T11:11:24.2770412Z   Python3_ROOT_DIR: /opt/hostedtoolcache/Python/3.12.14/x64
validate	UNKNOWN STEP	2026-10-01T11:11:24.2771404Z   LD_LIBRARY_PATH: /opt/hostedtoolcache/Python/3.12.14/x64/lib
validate	UNKNOWN STEP	2026-10-01T11:11:24.2772294Z ##[endgroup]
validate	UNKNOWN STEP	2026-10-01T11:11:27.5492264Z Collecting pandas==2.3.3
validate	UNKNOWN STEP	2026-10-01T11:11:27.6395814Z   Downloading pandas-2.3.3-cp312-cp312-manylinux_2_24_x86_64.manylinux_2_28_x86_64.whl.metadata (91 kB)
validate	UNKNOWN STEP	2026-10-01T11:11:27.8588164Z Collecting numpy==2.3.3
validate	UNKNOWN STEP	2026-10-01T11:11:27.8748832Z   Downloading numpy-2.3.3-cp312-cp312-manylinux_2_27_x86_64.manylinux_2_28_x86_64.whl.metadata (62 kB)
validate	UNKNOWN STEP	2026-10-01T11:11:27.9651593Z Collecting numba==0.62.1
validate	UNKNOWN STEP	2026-10-01T11:11:27.9813316Z   Downloading numba-0.62.1-cp312-cp312-manylinux2014_x86_64.manylinux_2_17_x86_64.whl.metadata (2.8 kB)
validate	UNKNOWN STEP	2026-10-01T11:11:28.0047182Z Collecting python-dateutil>=2.8.2 (from pandas==2.3.3)
validate	UNKNOWN STEP	2026-10-01T11:11:28.0201699Z   Downloading python_dateutil-2.9.0.post0-py2.py3-none-any.whl.metadata (8.4 kB)
validate	UNKNOWN STEP	2026-10-01T11:11:28.0572365Z Collecting pytz>=2020.1 (from pandas==2.3.3)
validate	UNKNOWN STEP	2026-10-01T11:11:28.0728546Z   Downloading pytz-2026.4-py2.py3-none-any.whl.metadata (22 kB)
validate	UNKNOWN STEP	2026-10-01T11:11:28.0966578Z Collecting tzdata>=2022.7 (from pandas==2.3.3)
validate	UNKNOWN STEP	2026-10-01T11:11:28.1124708Z   Downloading tzdata-2026.4-py2.py3-none-any.whl.metadata (1.4 kB)
validate	UNKNOWN STEP	2026-10-01T11:11:28.1627984Z Collecting llvmlite<0.46,>=0.45.0dev0 (from numba==0.62.1)
validate	UNKNOWN STEP	2026-10-01T11:11:28.1802527Z   Downloading llvmlite-0.45.1-cp312-cp312-manylinux2014_x86_64.manylinux_2_17_x86_64.whl.metadata (4.9 kB)
validate	UNKNOWN STEP	2026-10-01T11:11:28.2064983Z Collecting six>=1.5 (from python-dateutil>=2.8.2->pandas==2.3.3)
validate	UNKNOWN STEP	2026-10-01T11:11:28.2222661Z   Downloading six-1.17.0-py2.py3-none-any.whl.metadata (1.7 kB)
validate	UNKNOWN STEP	2026-10-01T11:11:28.2412643Z Downloading pandas-2.3.3-cp312-cp312-manylinux_2_24_x86_64.manylinux_2_28_x86_64.whl (12.4 MB)
validate	UNKNOWN STEP	2026-10-01T11:11:28.4651761Z    ━━━━━━━━━━━━━━━━━━━━━━━━━━━━━━━━━━━━━━━━ 12.4/12.4 MB 62.8 MB/s  0:00:00
validate	UNKNOWN STEP	2026-10-01T11:11:28.4819187Z Downloading numpy-2.3.3-cp312-cp312-manylinux_2_27_x86_64.manylinux_2_28_x86_64.whl (16.6 MB)
validate	UNKNOWN STEP	2026-10-01T11:11:28.6058391Z    ━━━━━━━━━━━━━━━━━━━━━━━━━━━━━━━━━━━━━━━━ 16.6/16.6 MB 134.7 MB/s  0:00:00
validate	UNKNOWN STEP	2026-10-01T11:11:28.6223293Z Downloading numba-0.62.1-cp312-cp312-manylinux2014_x86_64.manylinux_2_17_x86_64.whl (3.8 MB)
validate	UNKNOWN STEP	2026-10-01T11:11:28.6445960Z    ━━━━━━━━━━━━━━━━━━━━━━━━━━━━━━━━━━━━━━━━ 3.8/3.8 MB 178.9 MB/s  0:00:00
validate	UNKNOWN STEP	2026-10-01T11:11:28.6609804Z Downloading llvmlite-0.45.1-cp312-cp312-manylinux2014_x86_64.manylinux_2_17_x86_64.whl (56.3 MB)
validate	UNKNOWN STEP	2026-10-01T11:11:29.0875037Z    ━━━━━━━━━━━━━━━━━━━━━━━━━━━━━━━━━━━━━━━━ 56.3/56.3 MB 132.0 MB/s  0:00:00
validate	UNKNOWN STEP	2026-10-01T11:11:29.1034153Z Downloading python_dateutil-2.9.0.post0-py2.py3-none-any.whl (229 kB)
validate	UNKNOWN STEP	2026-10-01T11:11:29.1216103Z Downloading pytz-2026.4-py2.py3-none-any.whl (506 kB)
validate	UNKNOWN STEP	2026-10-01T11:11:29.1400600Z Downloading six-1.17.0-py2.py3-none-any.whl (11 kB)
validate	UNKNOWN STEP	2026-10-01T11:11:29.1574665Z Downloading tzdata-2026.4-py2.py3-none-any.whl (347 kB)
validate	UNKNOWN STEP	2026-10-01T11:11:29.4473858Z Installing collected packages: pytz, tzdata, six, numpy, llvmlite, python-dateutil, numba, pandas
validate	UNKNOWN STEP	2026-10-01T11:11:37.2624977Z 
validate	UNKNOWN STEP	2026-10-01T11:11:37.2636974Z Successfully installed llvmlite-0.45.1 numba-0.62.1 numpy-2.3.3 pandas-2.3.3 python-dateutil-2.9.0.post0 pytz-2026.4 six-1.17.0 tzdata-2026.4
validate	UNKNOWN STEP	2026-10-01T11:11:37.3344493Z ##[group]Run set -euo pipefail
validate	UNKNOWN STEP	2026-10-01T11:11:37.3344931Z ^[[36;1mset -euo pipefail^[[0m
validate	UNKNOWN STEP	2026-10-01T11:11:37.3345564Z ^[[36;1mpython -m py_compile scripts/relative_pullback_data.py scripts/relative_pullback_v1.py scripts/relative_pullback_portfolio.py^[[0m
validate	UNKNOWN STEP	2026-10-01T11:11:37.3346223Z ^[[36;1mpython scripts/psar_chronology_smoke.py | tee canonical-smoke.log^[[0m
validate	UNKNOWN STEP	2026-10-01T11:11:37.3346867Z ^[[36;1mpython -m unittest discover -s tests -p test_relative_pullback_v1.py -v 2>&1 | tee relative-pullback-tests.log^[[0m
validate	UNKNOWN STEP	2026-10-01T11:11:37.3388977Z shell: /usr/bin/bash --noprofile --norc -e -o pipefail {0}
validate	UNKNOWN STEP	2026-10-01T11:11:37.3389439Z env:
validate	UNKNOWN STEP	2026-10-01T11:11:37.3389884Z   pythonLocation: /opt/hostedtoolcache/Python/3.12.14/x64
validate	UNKNOWN STEP	2026-10-01T11:11:37.3390341Z   PKG_CONFIG_PATH: /opt/hostedtoolcache/Python/3.12.14/x64/lib/pkgconfig
validate	UNKNOWN STEP	2026-10-01T11:11:37.3390850Z   Python_ROOT_DIR: /opt/hostedtoolcache/Python/3.12.14/x64
validate	UNKNOWN STEP	2026-10-01T11:11:37.3391386Z   Python2_ROOT_DIR: /opt/hostedtoolcache/Python/3.12.14/x64
validate	UNKNOWN STEP	2026-10-01T11:11:37.3391804Z   Python3_ROOT_DIR: /opt/hostedtoolcache/Python/3.12.14/x64
validate	UNKNOWN STEP	2026-10-01T11:11:37.3392251Z   LD_LIBRARY_PATH: /opt/hostedtoolcache/Python/3.12.14/x64/lib
validate	UNKNOWN STEP	2026-10-01T11:11:37.3392630Z ##[endgroup]
validate	UNKNOWN STEP	2026-10-01T11:11:37.8820444Z PASS long_preentry_tp_ignored win
validate	UNKNOWN STEP	2026-10-01T11:11:37.8821177Z PASS long_entry_same1m_tp_loss loss
validate	UNKNOWN STEP	2026-10-01T11:11:37.8821791Z PASS long_gap_through_entry_then_tp win
validate	UNKNOWN STEP	2026-10-01T11:11:37.8822211Z PASS short_gap_through_entry_then_tp win
validate	UNKNOWN STEP	2026-10-01T11:11:37.8822593Z PASS long_entry_same1m_sl_loss loss
validate	UNKNOWN STEP	2026-10-01T11:11:37.8823053Z PASS long_entry_same1m_both_loss loss
validate	UNKNOWN STEP	2026-10-01T11:11:37.8823432Z PASS long_entry_then_tp win
validate	UNKNOWN STEP	2026-10-01T11:11:37.8823978Z PASS long_entry_then_sl loss
validate	UNKNOWN STEP	2026-10-01T11:11:37.8824477Z PASS long_preentry_tp_then_entry_continue continue
validate	UNKNOWN STEP	2026-10-01T11:11:37.8824870Z PASS long_entry_not_seen_entry_mismatch entry_mismatch
validate	UNKNOWN STEP	2026-10-01T11:11:37.8825331Z PASS long_established_same1m_both_loss loss
validate	UNKNOWN STEP	2026-10-01T11:11:37.8825769Z PASS long_established_parent_collision_not_seen_exit_mismatch exit_mismatch
validate	UNKNOWN STEP	2026-10-01T11:11:37.8826192Z PASS short_entry_same1m_tp_loss loss
validate	UNKNOWN STEP	2026-10-01T11:11:37.8826552Z PASS short_entry_same1m_sl_loss loss
validate	UNKNOWN STEP	2026-10-01T11:11:37.8826882Z PASS short_entry_then_tp win
validate	UNKNOWN STEP	2026-10-01T11:11:37.8827190Z PASS short_entry_then_sl loss
validate	UNKNOWN STEP	2026-10-01T11:11:37.8827514Z PASS short_preentry_tp_then_entry_continue continue
validate	UNKNOWN STEP	2026-10-01T11:11:37.8827887Z ALL_CHRONOLOGY_SMOKE_PASS
validate	UNKNOWN STEP	2026-10-01T11:11:37.8828206Z PASS resample_exact_buckets
validate	UNKNOWN STEP	2026-10-01T11:11:37.8828581Z PASS psar_open_causality
validate	UNKNOWN STEP	2026-10-01T11:11:37.8828891Z PASS psar_burnin_initialization_sanity
validate	UNKNOWN STEP	2026-10-01T11:11:37.8829205Z PASS binance_1m_header_contract
validate	UNKNOWN STEP	2026-10-01T11:11:37.8829492Z ALL_CANONICAL_INVARIANTS_PASS
validate	UNKNOWN STEP	2026-10-01T11:11:38.7536398Z test_entry_minute_both_is_loss (test_relative_pullback_v1.ChronologyTests.test_entry_minute_both_is_loss) ... ok
validate	UNKNOWN STEP	2026-10-01T11:11:38.7537719Z test_entry_minute_sl_is_loss (test_relative_pullback_v1.ChronologyTests.test_entry_minute_sl_is_loss) ... ok
validate	UNKNOWN STEP	2026-10-01T11:11:38.7540329Z test_entry_minute_tp_is_loss (test_relative_pullback_v1.ChronologyTests.test_entry_minute_tp_is_loss) ... ok
validate	UNKNOWN STEP	2026-10-01T11:11:38.7543251Z test_entry_price_mismatch_is_excluded (test_relative_pullback_v1.ChronologyTests.test_entry_price_mismatch_is_excluded) ... ok
validate	UNKNOWN STEP	2026-10-01T11:11:38.7545309Z test_established_first_minute_tp_is_win (test_relative_pullback_v1.ChronologyTests.test_established_first_minute_tp_is_win) ... ok
validate	UNKNOWN STEP	2026-10-01T11:11:38.7547466Z test_established_same_minute_both_is_loss (test_relative_pullback_v1.ChronologyTests.test_established_same_minute_both_is_loss) ... ok
validate	UNKNOWN STEP	2026-10-01T11:11:38.7550194Z test_later_sl_proven_before_tp (test_relative_pullback_v1.ChronologyTests.test_later_sl_proven_before_tp) ... ok
validate	UNKNOWN STEP	2026-10-01T11:11:38.7563809Z test_later_tp_proven_before_sl (test_relative_pullback_v1.ChronologyTests.test_later_tp_proven_before_sl) ... ok
validate	UNKNOWN STEP	2026-10-01T11:11:38.7564882Z test_official_data_gap_is_excluded (test_relative_pullback_v1.ChronologyTests.test_official_data_gap_is_excluded) ... ok
validate	UNKNOWN STEP	2026-10-01T11:11:38.7566861Z test_parent_exit_not_reproduced_is_mismatch (test_relative_pullback_v1.ChronologyTests.test_parent_exit_not_reproduced_is_mismatch) ... ok
validate	UNKNOWN STEP	2026-10-01T11:11:38.7568153Z test_short_entry_touch_is_loss (test_relative_pullback_v1.ChronologyTests.test_short_entry_touch_is_loss) ... ok
validate	UNKNOWN STEP	2026-10-01T11:11:38.7570817Z test_short_later_tp_is_win (test_relative_pullback_v1.ChronologyTests.test_short_later_tp_is_win) ... ok
validate	UNKNOWN STEP	2026-10-01T11:11:38.7608943Z test_cash_equals_sum_of_net_trade_pnls (test_relative_pullback_v1.PortfolioTests.test_cash_equals_sum_of_net_trade_pnls) ... ok
validate	UNKNOWN STEP	2026-10-01T11:11:38.7629542Z test_day_loss_blocks_later_entry (test_relative_pullback_v1.PortfolioTests.test_day_loss_blocks_later_entry) ... ok
validate	UNKNOWN STEP	2026-10-01T11:11:38.7663400Z test_drawdown_halt_is_permanent_within_split (test_relative_pullback_v1.PortfolioTests.test_drawdown_halt_is_permanent_within_split) ... ok
validate	UNKNOWN STEP	2026-10-01T11:11:38.7690541Z test_empty_days_are_in_denominator_and_korea_aligned (test_relative_pullback_v1.PortfolioTests.test_empty_days_are_in_denominator_and_korea_aligned) ... ok
validate	UNKNOWN STEP	2026-10-01T11:11:38.7727685Z test_half_risk_latches_into_next_day (test_relative_pullback_v1.PortfolioTests.test_half_risk_latches_into_next_day) ... ok
validate	UNKNOWN STEP	2026-10-01T11:11:38.7748744Z test_profit_above_two_percent_does_not_block_entry (test_relative_pullback_v1.PortfolioTests.test_profit_above_two_percent_does_not_block_entry) ... ok
validate	UNKNOWN STEP	2026-10-01T11:11:38.7765750Z test_same_symbol_opposite_signal_is_rejected (test_relative_pullback_v1.PortfolioTests.test_same_symbol_opposite_signal_is_rejected) ... ok
validate	UNKNOWN STEP	2026-10-01T11:11:38.7782969Z test_short_position_accounting (test_relative_pullback_v1.PortfolioTests.test_short_position_accounting) ... ok
validate	UNKNOWN STEP	2026-10-01T11:11:38.7804586Z test_simultaneous_risk_and_six_slot_caps (test_relative_pullback_v1.PortfolioTests.test_simultaneous_risk_and_six_slot_caps) ... ok
validate	UNKNOWN STEP	2026-10-01T11:11:38.7814191Z test_split_crossing_outcome_is_rejected (test_relative_pullback_v1.PortfolioTests.test_split_crossing_outcome_is_rejected) ... ok
validate	UNKNOWN STEP	2026-10-01T11:11:38.7815136Z test_gap_stop_fills_at_worse_open (test_relative_pullback_v1.SignalTests.test_gap_stop_fills_at_worse_open) ... ok
validate	UNKNOWN STEP	2026-10-01T11:11:38.7822597Z test_hour_only_becomes_available_when_closed (test_relative_pullback_v1.SignalTests.test_hour_only_becomes_available_when_closed) ... ok
validate	UNKNOWN STEP	2026-10-01T11:11:38.7907933Z test_indicators_do_not_use_future_candles (test_relative_pullback_v1.SignalTests.test_indicators_do_not_use_future_candles) ... ok
validate	UNKNOWN STEP	2026-10-01T11:11:38.7924800Z test_indicators_restart_after_data_gap (test_relative_pullback_v1.SignalTests.test_indicators_restart_after_data_gap) ... ok
validate	UNKNOWN STEP	2026-10-01T11:11:38.7926048Z test_missing_timeout_path_is_excluded (test_relative_pullback_v1.SignalTests.test_missing_timeout_path_is_excluded) ... ok
validate	UNKNOWN STEP	2026-10-01T11:11:38.7934852Z test_short_return_uses_linear_entry_denominator (test_relative_pullback_v1.SignalTests.test_short_return_uses_linear_entry_denominator) ... ok
validate	UNKNOWN STEP	2026-10-01T11:11:38.7935818Z test_signal_confirmed_close_and_next_open_alignment (test_relative_pullback_v1.SignalTests.test_signal_confirmed_close_and_next_open_alignment) ... ok
validate	UNKNOWN STEP	2026-10-01T11:11:38.7936622Z test_timeout_is_exactly_twelve_hours (test_relative_pullback_v1.SignalTests.test_timeout_is_exactly_twelve_hours) ... ok
validate	UNKNOWN STEP	2026-10-01T11:11:38.7937034Z 
validate	UNKNOWN STEP	2026-10-01T11:11:38.7937196Z ----------------------------------------------------------------------
validate	UNKNOWN STEP	2026-10-01T11:11:38.7937856Z Ran 30 tests in 0.040s
validate	UNKNOWN STEP	2026-10-01T11:11:38.7938009Z 
validate	UNKNOWN STEP	2026-10-01T11:11:38.7938145Z OK
validate	UNKNOWN STEP	2026-10-01T11:11:38.8547541Z ##[group]Run actions/upload-artifact@v4
validate	UNKNOWN STEP	2026-10-01T11:11:38.8547880Z with:
validate	UNKNOWN STEP	2026-10-01T11:11:38.8548199Z   name: relative-pullback-v1-validation
validate	UNKNOWN STEP	2026-10-01T11:11:38.8548587Z   path: canonical-smoke.log
validate	UNKNOWN STEP	relative-pullback-tests.log
validate	UNKNOWN STEP	
validate	UNKNOWN STEP	2026-10-01T11:11:38.8549013Z   if-no-files-found: error
validate	UNKNOWN STEP	2026-10-01T11:11:38.8549311Z   retention-days: 30
validate	UNKNOWN STEP	2026-10-01T11:11:38.8549586Z   compression-level: 6
validate	UNKNOWN STEP	2026-10-01T11:11:38.8549895Z   overwrite: false
validate	UNKNOWN STEP	2026-10-01T11:11:38.8550179Z   include-hidden-files: false
validate	UNKNOWN STEP	2026-10-01T11:11:38.8550487Z env:
validate	UNKNOWN STEP	2026-10-01T11:11:38.8550793Z   pythonLocation: /opt/hostedtoolcache/Python/3.12.14/x64
validate	UNKNOWN STEP	2026-10-01T11:11:38.8551223Z   PKG_CONFIG_PATH: /opt/hostedtoolcache/Python/3.12.14/x64/lib/pkgconfig
validate	UNKNOWN STEP	2026-10-01T11:11:38.8551717Z   Python_ROOT_DIR: /opt/hostedtoolcache/Python/3.12.14/x64
validate	UNKNOWN STEP	2026-10-01T11:11:38.8552187Z   Python2_ROOT_DIR: /opt/hostedtoolcache/Python/3.12.14/x64
validate	UNKNOWN STEP	2026-10-01T11:11:38.8552609Z   Python3_ROOT_DIR: /opt/hostedtoolcache/Python/3.12.14/x64
validate	UNKNOWN STEP	2026-10-01T11:11:38.8553102Z   LD_LIBRARY_PATH: /opt/hostedtoolcache/Python/3.12.14/x64/lib
validate	UNKNOWN STEP	2026-10-01T11:11:38.8553496Z ##[endgroup]
validate	UNKNOWN STEP	2026-10-01T11:11:39.0020138Z (node:2165) [DEP0040] DeprecationWarning: The `punycode` module is deprecated. Please use a userland alternative instead.
validate	UNKNOWN STEP	2026-10-01T11:11:39.0020829Z (Use `node --trace-deprecation ...` to show where the warning was created)
validate	UNKNOWN STEP	2026-10-01T11:11:39.0108634Z Multiple search paths detected. Calculating the least common ancestor of all paths
validate	UNKNOWN STEP	2026-10-01T11:11:39.0110992Z The least common ancestor is /home/runner/work/bb-scanner/bb-scanner. This will be the root directory of the artifact
validate	UNKNOWN STEP	2026-10-01T11:11:39.0112025Z With the provided path, there will be 2 files uploaded
validate	UNKNOWN STEP	2026-10-01T11:11:39.0113098Z Artifact name is valid!
validate	UNKNOWN STEP	2026-10-01T11:11:39.0113759Z Root directory input is valid!
validate	UNKNOWN STEP	2026-10-01T11:11:39.2868135Z Beginning upload of artifact content to blob storage
validate	UNKNOWN STEP	2026-10-01T11:11:39.3027651Z (node:2165) [DEP0169] DeprecationWarning: `url.parse()` behavior is not standardized and prone to errors that have security implications. Use the WHATWG URL API instead. CVEs are not issued for `url.parse()` vulnerabilities.
validate	UNKNOWN STEP	2026-10-01T11:11:39.4384985Z Uploaded bytes 1343
validate	UNKNOWN STEP	2026-10-01T11:11:39.4799173Z Finished uploading artifact content to blob storage!
validate	UNKNOWN STEP	2026-10-01T11:11:39.4800232Z SHA256 digest of uploaded artifact zip is 0fc1d1528004b6b5b7def4c7866a2d5236e04ba59f707a7c22f0b50f00fc8258
validate	UNKNOWN STEP	2026-10-01T11:11:39.4801050Z Finalizing artifact upload
validate	UNKNOWN STEP	2026-10-01T11:11:39.7022975Z Artifact relative-pullback-v1-validation.zip successfully finalized. Artifact ID 11156383466
validate	UNKNOWN STEP	2026-10-01T11:11:39.7024139Z Artifact relative-pullback-v1-validation has been successfully uploaded! Final size is 1343 bytes. Artifact ID is 11156383466
validate	UNKNOWN STEP	2026-10-01T11:11:39.7028591Z Artifact download URL: https://github.com/duuu-hub/bb-scanner/actions/runs/36853787624/artifacts/11156383466
validate	UNKNOWN STEP	2026-10-01T11:11:39.7170279Z Post job cleanup.
validate	UNKNOWN STEP	2026-10-01T11:11:39.8230161Z (node:2177) [DEP0040] DeprecationWarning: The `punycode` module is deprecated. Please use a userland alternative instead.
validate	UNKNOWN STEP	2026-10-01T11:11:39.8231003Z (Use `node --trace-deprecation ...` to show where the warning was created)
validate	UNKNOWN STEP	2026-10-01T11:11:39.8395409Z Post job cleanup.
validate	UNKNOWN STEP	2026-10-01T11:11:39.9190037Z [command]/usr/bin/git version
validate	UNKNOWN STEP	2026-10-01T11:11:39.9232482Z git version 2.55.0
validate	UNKNOWN STEP	2026-10-01T11:11:39.9272799Z Temporarily overriding HOME='/home/runner/work/_temp/a2ec1c78-0279-4d2a-8ad9-3d83234705bd' before making global git config changes
validate	UNKNOWN STEP	2026-10-01T11:11:39.9274251Z Adding repository directory to the temporary git global config as a safe directory
validate	UNKNOWN STEP	2026-10-01T11:11:39.9281158Z [command]/usr/bin/git config --global --add safe.directory /home/runner/work/bb-scanner/bb-scanner
validate	UNKNOWN STEP	2026-10-01T11:11:39.9320403Z [command]/usr/bin/git config --local --name-only --get-regexp core\.sshCommand
validate	UNKNOWN STEP	2026-10-01T11:11:39.9360559Z [command]/usr/bin/git submodule foreach --recursive sh -c "git config --local --name-only --get-regexp 'core\.sshCommand' && git config --local --unset-all 'core.sshCommand' || :"
validate	UNKNOWN STEP	2026-10-01T11:11:39.9599752Z [command]/usr/bin/git config --local --name-only --get-regexp http\.https\:\/\/github\.com\/\.extraheader
validate	UNKNOWN STEP	2026-10-01T11:11:39.9628356Z http.https://github.com/.extraheader
validate	UNKNOWN STEP	2026-10-01T11:11:39.9634402Z [command]/usr/bin/git config --local --unset-all http.https://github.com/.extraheader
validate	UNKNOWN STEP	2026-10-01T11:11:39.9664891Z [command]/usr/bin/git submodule foreach --recursive sh -c "git config --local --name-only --get-regexp 'http\.https\:\/\/github\.com\/\.extraheader' && git config --local --unset-all 'http.https://github.com/.extraheader' || :"
validate	UNKNOWN STEP	2026-10-01T11:11:39.9876006Z [command]/usr/bin/git config --local --name-only --get-regexp ^includeIf\.gitdir:
validate	UNKNOWN STEP	2026-10-01T11:11:39.9906557Z [command]/usr/bin/git submodule foreach --recursive git config --local --show-origin --name-only --get-regexp remote.origin.url
validate	UNKNOWN STEP	2026-10-01T11:11:40.0231829Z Cleaning up orphan processes
validate	UNKNOWN STEP	2026-10-01T11:11:40.0436469Z ##[warning]Node.js 20 is deprecated. The following actions target Node.js 20 but are being forced to run on Node.js 24: actions/checkout@v4, actions/setup-python@v5, actions/upload-artifact@v4. For more information see: https://github.blog/changelog/2025-09-19-deprecation-of-node-20-on-github-actions-runners/
backtest	UNKNOWN STEP	﻿2026-10-01T11:11:45.6562483Z Current runner version: '2.337.0'
backtest	UNKNOWN STEP	2026-10-01T11:11:45.6598637Z ##[group]Runner Image Provisioner
backtest	UNKNOWN STEP	2026-10-01T11:11:45.6600033Z Hosted Compute Agent
backtest	UNKNOWN STEP	2026-10-01T11:11:45.6601181Z Version: 20260901.588
backtest	UNKNOWN STEP	2026-10-01T11:11:45.6602247Z Commit: f88ec8081b781fac6c440065ac7ff9e710ce3d0b
backtest	UNKNOWN STEP	2026-10-01T11:11:45.6603529Z Build Date: 2026-09-01T19:56:44Z
backtest	UNKNOWN STEP	2026-10-01T11:11:45.6604788Z Worker ID: {c51bb288-f6cc-48ce-8104-8f3c09a0f410}
backtest	UNKNOWN STEP	2026-10-01T11:11:45.6606080Z Azure Region: eastus
backtest	UNKNOWN STEP	2026-10-01T11:11:45.6607195Z ##[endgroup]
backtest	UNKNOWN STEP	2026-10-01T11:11:45.6609835Z ##[group]Operating System
backtest	UNKNOWN STEP	2026-10-01T11:11:45.6611472Z Ubuntu
backtest	UNKNOWN STEP	2026-10-01T11:11:45.6612529Z 24.04.5
backtest	UNKNOWN STEP	2026-10-01T11:11:45.6613446Z LTS
backtest	UNKNOWN STEP	2026-10-01T11:11:45.6614545Z ##[endgroup]
backtest	UNKNOWN STEP	2026-10-01T11:11:45.6615554Z ##[group]Runner Image
backtest	UNKNOWN STEP	2026-10-01T11:11:45.6616552Z Image: ubuntu-24.04
backtest	UNKNOWN STEP	2026-10-01T11:11:45.6617472Z Version: 20260927.320.1
backtest	UNKNOWN STEP	2026-10-01T11:11:45.6620021Z Included Software: https://github.com/actions/runner-images/blob/ubuntu24/20260927.320/images/ubuntu/Ubuntu2404-Readme.md
backtest	UNKNOWN STEP	2026-10-01T11:11:45.6622778Z Image Release: https://github.com/actions/runner-images/releases/tag/ubuntu24%2F20260927.320
backtest	UNKNOWN STEP	2026-10-01T11:11:45.6624989Z ##[endgroup]
backtest	UNKNOWN STEP	2026-10-01T11:11:45.6626983Z ##[group]GITHUB_TOKEN Permissions
backtest	UNKNOWN STEP	2026-10-01T11:11:45.6630326Z Actions: read
backtest	UNKNOWN STEP	2026-10-01T11:11:45.6631385Z Contents: read
backtest	UNKNOWN STEP	2026-10-01T11:11:45.6632408Z Metadata: read
backtest	UNKNOWN STEP	2026-10-01T11:11:45.6633331Z ##[endgroup]
backtest	UNKNOWN STEP	2026-10-01T11:11:45.6636605Z Secret source: Actions
backtest	UNKNOWN STEP	2026-10-01T11:11:45.6638595Z Cache mode: write
backtest	UNKNOWN STEP	2026-10-01T11:11:45.6640059Z Prepare workflow directory
backtest	UNKNOWN STEP	2026-10-01T11:11:45.7118710Z Prepare all required actions
backtest	UNKNOWN STEP	2026-10-01T11:11:45.7184846Z Getting action download info
backtest	UNKNOWN STEP	2026-10-01T11:11:45.9388975Z Download action repository 'actions/checkout@v4' (SHA:11d5960a326750d5838078e36cf38b85af677262)
backtest	UNKNOWN STEP	2026-10-01T11:11:46.0273624Z Download action repository 'actions/setup-python@v5' (SHA:a26af69be951a213d495a4c3e4e4022e16d87065)
backtest	UNKNOWN STEP	2026-10-01T11:11:46.1024266Z Download action repository 'actions/upload-artifact@v4' (SHA:ea165f8d65b6e75b540449e92b4886f43607fa02)
backtest	UNKNOWN STEP	2026-10-01T11:11:46.3209904Z Complete job name: backtest
backtest	UNKNOWN STEP	2026-10-01T11:11:46.3986043Z ##[group]Run actions/checkout@v4
backtest	UNKNOWN STEP	2026-10-01T11:11:46.3986922Z with:
backtest	UNKNOWN STEP	2026-10-01T11:11:46.3987381Z   repository: duuu-hub/bb-scanner
backtest	UNKNOWN STEP	2026-10-01T11:11:46.3991500Z   token: ***
backtest	UNKNOWN STEP	2026-10-01T11:11:46.3991927Z   ssh-strict: true
backtest	UNKNOWN STEP	2026-10-01T11:11:46.3992364Z   ssh-user: git
backtest	UNKNOWN STEP	2026-10-01T11:11:46.3992806Z   persist-credentials: true
backtest	UNKNOWN STEP	2026-10-01T11:11:46.3993285Z   clean: true
backtest	UNKNOWN STEP	2026-10-01T11:11:46.3993729Z   sparse-checkout-cone-mode: true
backtest	UNKNOWN STEP	2026-10-01T11:11:46.3994248Z   fetch-depth: 1
backtest	UNKNOWN STEP	2026-10-01T11:11:46.3994669Z   fetch-tags: false
backtest	UNKNOWN STEP	2026-10-01T11:11:46.3995095Z   show-progress: true
backtest	UNKNOWN STEP	2026-10-01T11:11:46.3995530Z   lfs: false
backtest	UNKNOWN STEP	2026-10-01T11:11:46.3995934Z   submodules: false
backtest	UNKNOWN STEP	2026-10-01T11:11:46.3996370Z   set-safe-directory: true
backtest	UNKNOWN STEP	2026-10-01T11:11:46.3996862Z   allow-unsafe-pr-checkout: false
backtest	UNKNOWN STEP	2026-10-01T11:11:46.3997779Z ##[endgroup]
backtest	UNKNOWN STEP	2026-10-01T11:11:46.5043738Z Syncing repository: duuu-hub/bb-scanner
backtest	UNKNOWN STEP	2026-10-01T11:11:46.5046727Z ##[group]Getting Git version info
backtest	UNKNOWN STEP	2026-10-01T11:11:46.5048419Z Working directory is '/home/runner/work/bb-scanner/bb-scanner'
backtest	UNKNOWN STEP	2026-10-01T11:11:46.5050331Z [command]/usr/bin/git version
backtest	UNKNOWN STEP	2026-10-01T11:11:46.5116759Z git version 2.55.0
backtest	UNKNOWN STEP	2026-10-01T11:11:46.5141247Z ##[endgroup]
backtest	UNKNOWN STEP	2026-10-01T11:11:46.5158445Z Temporarily overriding HOME='/home/runner/work/_temp/0f779c90-b498-4373-8844-e24883478609' before making global git config changes
backtest	UNKNOWN STEP	2026-10-01T11:11:46.5160867Z Adding repository directory to the temporary git global config as a safe directory
backtest	UNKNOWN STEP	2026-10-01T11:11:46.5165440Z [command]/usr/bin/git config --global --add safe.directory /home/runner/work/bb-scanner/bb-scanner
backtest	UNKNOWN STEP	2026-10-01T11:11:46.5223257Z Deleting the contents of '/home/runner/work/bb-scanner/bb-scanner'
backtest	UNKNOWN STEP	2026-10-01T11:11:46.5227798Z ##[group]Initializing the repository
backtest	UNKNOWN STEP	2026-10-01T11:11:46.5232801Z [command]/usr/bin/git init /home/runner/work/bb-scanner/bb-scanner
backtest	UNKNOWN STEP	2026-10-01T11:11:46.5351837Z hint: Using 'master' as the name for the initial branch. This default branch name
backtest	UNKNOWN STEP	2026-10-01T11:11:46.5354234Z hint: will change to "main" in Git 3.0. To configure the initial branch name
backtest	UNKNOWN STEP	2026-10-01T11:11:46.5355990Z hint: to use in all of your new repositories, which will suppress this warning,
backtest	UNKNOWN STEP	2026-10-01T11:11:46.5357395Z hint: call:
backtest	UNKNOWN STEP	2026-10-01T11:11:46.5358787Z hint:
backtest	UNKNOWN STEP	2026-10-01T11:11:46.5359677Z hint: 	git config --global init.defaultBranch <name>
backtest	UNKNOWN STEP	2026-10-01T11:11:46.5360703Z hint:
backtest	UNKNOWN STEP	2026-10-01T11:11:46.5361687Z hint: Names commonly chosen instead of 'master' are 'main', 'trunk' and
backtest	UNKNOWN STEP	2026-10-01T11:11:46.5363419Z hint: 'development'. The just-created branch can be renamed via this command:
backtest	UNKNOWN STEP	2026-10-01T11:11:46.5364819Z hint:
backtest	UNKNOWN STEP	2026-10-01T11:11:46.5365586Z hint: 	git branch -m <name>
backtest	UNKNOWN STEP	2026-10-01T11:11:46.5366425Z hint:
backtest	UNKNOWN STEP	2026-10-01T11:11:46.5367776Z hint: Disable this message with "git config set advice.defaultBranchName false"
backtest	UNKNOWN STEP	2026-10-01T11:11:46.5369476Z Initialized empty Git repository in /home/runner/work/bb-scanner/bb-scanner/.git/
backtest	UNKNOWN STEP	2026-10-01T11:11:46.5372354Z [command]/usr/bin/git remote add origin https://github.com/duuu-hub/bb-scanner
backtest	UNKNOWN STEP	2026-10-01T11:11:46.5416117Z ##[endgroup]
backtest	UNKNOWN STEP	2026-10-01T11:11:46.5417431Z ##[group]Disabling automatic garbage collection
backtest	UNKNOWN STEP	2026-10-01T11:11:46.5421239Z [command]/usr/bin/git config --local gc.auto 0
backtest	UNKNOWN STEP	2026-10-01T11:11:46.5455434Z ##[endgroup]
backtest	UNKNOWN STEP	2026-10-01T11:11:46.5456781Z ##[group]Setting up auth
backtest	UNKNOWN STEP	2026-10-01T11:11:46.5464288Z [command]/usr/bin/git config --local --name-only --get-regexp core\.sshCommand
backtest	UNKNOWN STEP	2026-10-01T11:11:46.5501255Z [command]/usr/bin/git submodule foreach --recursive sh -c "git config --local --name-only --get-regexp 'core\.sshCommand' && git config --local --unset-all 'core.sshCommand' || :"
backtest	UNKNOWN STEP	2026-10-01T11:11:46.5888293Z [command]/usr/bin/git config --local --name-only --get-regexp http\.https\:\/\/github\.com\/\.extraheader
backtest	UNKNOWN STEP	2026-10-01T11:11:46.5928687Z [command]/usr/bin/git submodule foreach --recursive sh -c "git config --local --name-only --get-regexp 'http\.https\:\/\/github\.com\/\.extraheader' && git config --local --unset-all 'http.https://github.com/.extraheader' || :"
backtest	UNKNOWN STEP	2026-10-01T11:11:46.6165535Z [command]/usr/bin/git config --local --name-only --get-regexp ^includeIf\.gitdir:
backtest	UNKNOWN STEP	2026-10-01T11:11:46.6224122Z [command]/usr/bin/git submodule foreach --recursive git config --local --show-origin --name-only --get-regexp remote.origin.url
backtest	UNKNOWN STEP	2026-10-01T11:11:46.6472577Z [command]/usr/bin/git config --local http.https://github.com/.extraheader AUTHORIZATION: basic ***
backtest	UNKNOWN STEP	2026-10-01T11:11:46.6521200Z ##[endgroup]
backtest	UNKNOWN STEP	2026-10-01T11:11:46.6522021Z ##[group]Fetching the repository
backtest	UNKNOWN STEP	2026-10-01T11:11:46.6538186Z [command]/usr/bin/git -c protocol.version=2 fetch --no-tags --prune --no-recurse-submodules --depth=1 origin +fe56f3deb956d13ff8520729e9f6e975502471fb:refs/remotes/origin/research-relative-pullback-day-v1
backtest	UNKNOWN STEP	2026-10-01T11:11:47.4424410Z From https://github.com/duuu-hub/bb-scanner
backtest	UNKNOWN STEP	2026-10-01T11:11:47.4426786Z  * [new ref]         fe56f3deb956d13ff8520729e9f6e975502471fb -> origin/research-relative-pullback-day-v1
backtest	UNKNOWN STEP	2026-10-01T11:11:47.4439935Z ##[endgroup]
backtest	UNKNOWN STEP	2026-10-01T11:11:47.4441404Z ##[group]Determining the checkout info
backtest	UNKNOWN STEP	2026-10-01T11:11:47.4442931Z ##[endgroup]
backtest	UNKNOWN STEP	2026-10-01T11:11:47.4443910Z [command]/usr/bin/git sparse-checkout disable
backtest	UNKNOWN STEP	2026-10-01T11:11:47.4498061Z [command]/usr/bin/git config --local --unset-all extensions.worktreeConfig
backtest	UNKNOWN STEP	2026-10-01T11:11:47.4536202Z ##[group]Checking out the ref
backtest	UNKNOWN STEP	2026-10-01T11:11:47.4552224Z [command]/usr/bin/git checkout --progress --force -B research-relative-pullback-day-v1 refs/remotes/origin/research-relative-pullback-day-v1
backtest	UNKNOWN STEP	2026-10-01T11:11:47.6624305Z Switched to a new branch 'research-relative-pullback-day-v1'
backtest	UNKNOWN STEP	2026-10-01T11:11:47.6630285Z branch 'research-relative-pullback-day-v1' set up to track 'origin/research-relative-pullback-day-v1'.
backtest	UNKNOWN STEP	2026-10-01T11:11:47.6643194Z ##[endgroup]
backtest	UNKNOWN STEP	2026-10-01T11:11:47.6690293Z [command]/usr/bin/git log -1 --format=%H
backtest	UNKNOWN STEP	2026-10-01T11:11:47.6718760Z fe56f3deb956d13ff8520729e9f6e975502471fb
backtest	UNKNOWN STEP	2026-10-01T11:11:47.7131502Z ##[group]Run actions/setup-python@v5
backtest	UNKNOWN STEP	2026-10-01T11:11:47.7133089Z with:
backtest	UNKNOWN STEP	2026-10-01T11:11:47.7134069Z   python-version: 3.12
backtest	UNKNOWN STEP	2026-10-01T11:11:47.7135172Z   check-latest: false
backtest	UNKNOWN STEP	2026-10-01T11:11:47.7144891Z   token: ***
backtest	UNKNOWN STEP	2026-10-01T11:11:47.7145921Z   update-environment: true
backtest	UNKNOWN STEP	2026-10-01T11:11:47.7147047Z   allow-prereleases: false
backtest	UNKNOWN STEP	2026-10-01T11:11:47.7148276Z   freethreaded: false
backtest	UNKNOWN STEP	2026-10-01T11:11:47.7149283Z ##[endgroup]
backtest	UNKNOWN STEP	2026-10-01T11:11:47.8642878Z ##[group]Installed versions
backtest	UNKNOWN STEP	2026-10-01T11:11:47.8738705Z (node:2277) [DEP0040] DeprecationWarning: The `punycode` module is deprecated. Please use a userland alternative instead.
backtest	UNKNOWN STEP	2026-10-01T11:11:47.8742849Z (Use `node --trace-deprecation ...` to show where the warning was created)
backtest	UNKNOWN STEP	2026-10-01T11:11:47.8745364Z Successfully set up CPython (3.12.14)
backtest	UNKNOWN STEP	2026-10-01T11:11:47.8748310Z ##[endgroup]
backtest	UNKNOWN STEP	2026-10-01T11:11:47.8980914Z ##[group]Run pip install pandas==2.3.3 numpy==2.3.3
backtest	UNKNOWN STEP	2026-10-01T11:11:47.8983267Z ^[[36;1mpip install pandas==2.3.3 numpy==2.3.3^[[0m
backtest	UNKNOWN STEP	2026-10-01T11:11:47.9320804Z shell: /usr/bin/bash -e {0}
backtest	UNKNOWN STEP	2026-10-01T11:11:47.9321990Z env:
backtest	UNKNOWN STEP	2026-10-01T11:11:47.9323107Z   pythonLocation: /opt/hostedtoolcache/Python/3.12.14/x64
backtest	UNKNOWN STEP	2026-10-01T11:11:47.9324834Z   PKG_CONFIG_PATH: /opt/hostedtoolcache/Python/3.12.14/x64/lib/pkgconfig
backtest	UNKNOWN STEP	2026-10-01T11:11:47.9326550Z   Python_ROOT_DIR: /opt/hostedtoolcache/Python/3.12.14/x64
backtest	UNKNOWN STEP	2026-10-01T11:11:47.9328296Z   Python2_ROOT_DIR: /opt/hostedtoolcache/Python/3.12.14/x64
backtest	UNKNOWN STEP	2026-10-01T11:11:47.9329858Z   Python3_ROOT_DIR: /opt/hostedtoolcache/Python/3.12.14/x64
backtest	UNKNOWN STEP	2026-10-01T11:11:47.9331423Z   LD_LIBRARY_PATH: /opt/hostedtoolcache/Python/3.12.14/x64/lib
backtest	UNKNOWN STEP	2026-10-01T11:11:47.9332749Z ##[endgroup]
backtest	UNKNOWN STEP	2026-10-01T11:11:48.9180333Z Collecting pandas==2.3.3
backtest	UNKNOWN STEP	2026-10-01T11:11:48.9682027Z   Downloading pandas-2.3.3-cp312-cp312-manylinux_2_24_x86_64.manylinux_2_28_x86_64.whl.metadata (91 kB)
backtest	UNKNOWN STEP	2026-10-01T11:11:49.2274749Z Collecting numpy==2.3.3
backtest	UNKNOWN STEP	2026-10-01T11:11:49.2329202Z   Downloading numpy-2.3.3-cp312-cp312-manylinux_2_27_x86_64.manylinux_2_28_x86_64.whl.metadata (62 kB)
backtest	UNKNOWN STEP	2026-10-01T11:11:49.2591141Z Collecting python-dateutil>=2.8.2 (from pandas==2.3.3)
backtest	UNKNOWN STEP	2026-10-01T11:11:49.2628740Z   Downloading python_dateutil-2.9.0.post0-py2.py3-none-any.whl.metadata (8.4 kB)
backtest	UNKNOWN STEP	2026-10-01T11:11:49.3016775Z Collecting pytz>=2020.1 (from pandas==2.3.3)
backtest	UNKNOWN STEP	2026-10-01T11:11:49.3064636Z   Downloading pytz-2026.4-py2.py3-none-any.whl.metadata (22 kB)
backtest	UNKNOWN STEP	2026-10-01T11:11:49.3211127Z Collecting tzdata>=2022.7 (from pandas==2.3.3)
backtest	UNKNOWN STEP	2026-10-01T11:11:49.3253876Z   Downloading tzdata-2026.4-py2.py3-none-any.whl.metadata (1.4 kB)
backtest	UNKNOWN STEP	2026-10-01T11:11:49.3385400Z Collecting six>=1.5 (from python-dateutil>=2.8.2->pandas==2.3.3)
backtest	UNKNOWN STEP	2026-10-01T11:11:49.3427433Z   Downloading six-1.17.0-py2.py3-none-any.whl.metadata (1.7 kB)
backtest	UNKNOWN STEP	2026-10-01T11:11:49.3804962Z Downloading pandas-2.3.3-cp312-cp312-manylinux_2_24_x86_64.manylinux_2_28_x86_64.whl (12.4 MB)
backtest	UNKNOWN STEP	2026-10-01T11:11:49.7473534Z    ━━━━━━━━━━━━━━━━━━━━━━━━━━━━━━━━━━━━━━━━ 12.4/12.4 MB 41.5 MB/s  0:00:00
backtest	UNKNOWN STEP	2026-10-01T11:11:49.7593411Z Downloading numpy-2.3.3-cp312-cp312-manylinux_2_27_x86_64.manylinux_2_28_x86_64.whl (16.6 MB)
backtest	UNKNOWN STEP	2026-10-01T11:11:49.8774883Z    ━━━━━━━━━━━━━━━━━━━━━━━━━━━━━━━━━━━━━━━━ 16.6/16.6 MB 145.3 MB/s  0:00:00
backtest	UNKNOWN STEP	2026-10-01T11:11:49.8836671Z Downloading python_dateutil-2.9.0.post0-py2.py3-none-any.whl (229 kB)
backtest	UNKNOWN STEP	2026-10-01T11:11:49.8914552Z Downloading pytz-2026.4-py2.py3-none-any.whl (506 kB)
backtest	UNKNOWN STEP	2026-10-01T11:11:49.8991743Z Downloading six-1.17.0-py2.py3-none-any.whl (11 kB)
backtest	UNKNOWN STEP	2026-10-01T11:11:49.9046926Z Downloading tzdata-2026.4-py2.py3-none-any.whl (347 kB)
backtest	UNKNOWN STEP	2026-10-01T11:11:50.0701773Z Installing collected packages: pytz, tzdata, six, numpy, python-dateutil, pandas
backtest	UNKNOWN STEP	2026-10-01T11:11:57.1993793Z 
backtest	UNKNOWN STEP	2026-10-01T11:11:57.2009140Z Successfully installed numpy-2.3.3 pandas-2.3.3 python-dateutil-2.9.0.post0 pytz-2026.4 six-1.17.0 tzdata-2026.4
backtest	UNKNOWN STEP	2026-10-01T11:11:57.2625625Z ##[group]Run python scripts/relative_pullback_data.py --out data --archives cache/15m --workers 8
backtest	UNKNOWN STEP	2026-10-01T11:11:57.2626391Z ^[[36;1mpython scripts/relative_pullback_data.py --out data --archives cache/15m --workers 8^[[0m
backtest	UNKNOWN STEP	2026-10-01T11:11:57.2692751Z shell: /usr/bin/bash -e {0}
backtest	UNKNOWN STEP	2026-10-01T11:11:57.2693236Z env:
backtest	UNKNOWN STEP	2026-10-01T11:11:57.2693511Z   pythonLocation: /opt/hostedtoolcache/Python/3.12.14/x64
backtest	UNKNOWN STEP	2026-10-01T11:11:57.2693951Z   PKG_CONFIG_PATH: /opt/hostedtoolcache/Python/3.12.14/x64/lib/pkgconfig
backtest	UNKNOWN STEP	2026-10-01T11:11:57.2694412Z   Python_ROOT_DIR: /opt/hostedtoolcache/Python/3.12.14/x64
backtest	UNKNOWN STEP	2026-10-01T11:11:57.2694799Z   Python2_ROOT_DIR: /opt/hostedtoolcache/Python/3.12.14/x64
backtest	UNKNOWN STEP	2026-10-01T11:11:57.2695218Z   Python3_ROOT_DIR: /opt/hostedtoolcache/Python/3.12.14/x64
backtest	UNKNOWN STEP	2026-10-01T11:11:57.2695607Z   LD_LIBRARY_PATH: /opt/hostedtoolcache/Python/3.12.14/x64/lib
backtest	UNKNOWN STEP	2026-10-01T11:11:57.2695924Z ##[endgroup]
backtest	UNKNOWN STEP	2026-10-01T11:11:59.6232266Z DOWNLOAD 32/1098
backtest	UNKNOWN STEP	2026-10-01T11:12:01.6322751Z DOWNLOAD 64/1098
backtest	UNKNOWN STEP	2026-10-01T11:12:03.3713994Z DOWNLOAD 96/1098
backtest	UNKNOWN STEP	2026-10-01T11:12:05.3088343Z DOWNLOAD 128/1098
backtest	UNKNOWN STEP	2026-10-01T11:12:07.4980708Z DOWNLOAD 160/1098
backtest	UNKNOWN STEP	2026-10-01T11:12:09.3659079Z DOWNLOAD 192/1098
backtest	UNKNOWN STEP	2026-10-01T11:12:11.4202129Z DOWNLOAD 224/1098
backtest	UNKNOWN STEP	2026-10-01T11:12:13.3832467Z DOWNLOAD 256/1098
backtest	UNKNOWN STEP	2026-10-01T11:12:15.3255684Z DOWNLOAD 288/1098
backtest	UNKNOWN STEP	2026-10-01T11:12:17.4268350Z DOWNLOAD 320/1098
backtest	UNKNOWN STEP	2026-10-01T11:12:19.2273343Z DOWNLOAD 352/1098
backtest	UNKNOWN STEP	2026-10-01T11:12:21.4394318Z DOWNLOAD 384/1098
backtest	UNKNOWN STEP	2026-10-01T11:12:23.0726166Z DOWNLOAD 416/1098
backtest	UNKNOWN STEP	2026-10-01T11:12:24.6978780Z DOWNLOAD 448/1098
backtest	UNKNOWN STEP	2026-10-01T11:12:26.7019258Z DOWNLOAD 480/1098
backtest	UNKNOWN STEP	2026-10-01T11:12:28.5396273Z DOWNLOAD 512/1098
backtest	UNKNOWN STEP	2026-10-01T11:12:30.0292456Z DOWNLOAD 544/1098
backtest	UNKNOWN STEP	2026-10-01T11:12:32.1520256Z DOWNLOAD 576/1098
backtest	UNKNOWN STEP	2026-10-01T11:12:33.7492342Z DOWNLOAD 608/1098
backtest	UNKNOWN STEP	2026-10-01T11:12:36.1030605Z DOWNLOAD 640/1098
backtest	UNKNOWN STEP	2026-10-01T11:12:38.2220520Z DOWNLOAD 672/1098
backtest	UNKNOWN STEP	2026-10-01T11:12:40.2768353Z DOWNLOAD 704/1098
backtest	UNKNOWN STEP	2026-10-01T11:12:42.5579123Z DOWNLOAD 736/1098
backtest	UNKNOWN STEP	2026-10-01T11:12:44.4372644Z DOWNLOAD 768/1098
backtest	UNKNOWN STEP	2026-10-01T11:12:46.6577711Z DOWNLOAD 800/1098
backtest	UNKNOWN STEP	2026-10-01T11:12:48.6174412Z DOWNLOAD 832/1098
backtest	UNKNOWN STEP	2026-10-01T11:12:50.6992148Z DOWNLOAD 864/1098
backtest	UNKNOWN STEP	2026-10-01T11:12:53.0238913Z DOWNLOAD 896/1098
backtest	UNKNOWN STEP	2026-10-01T11:12:54.7614856Z DOWNLOAD 928/1098
backtest	UNKNOWN STEP	2026-10-01T11:12:56.8267814Z DOWNLOAD 960/1098
backtest	UNKNOWN STEP	2026-10-01T11:12:58.9260537Z DOWNLOAD 992/1098
backtest	UNKNOWN STEP	2026-10-01T11:13:01.1112836Z DOWNLOAD 1024/1098
backtest	UNKNOWN STEP	2026-10-01T11:13:03.0214685Z DOWNLOAD 1056/1098
backtest	UNKNOWN STEP	2026-10-01T11:13:04.6867769Z DOWNLOAD 1088/1098
backtest	UNKNOWN STEP	2026-10-01T11:13:05.3626734Z DOWNLOAD 1098/1098
backtest	UNKNOWN STEP	2026-10-01T11:13:06.3323816Z ASSEMBLED AAVEUSDT months=61
backtest	UNKNOWN STEP	2026-10-01T11:13:07.3021954Z ASSEMBLED ADAUSDT months=61
backtest	UNKNOWN STEP	2026-10-01T11:13:08.2474279Z ASSEMBLED AVAXUSDT months=61
backtest	UNKNOWN STEP	2026-10-01T11:13:09.2574343Z ASSEMBLED BCHUSDT months=61
backtest	UNKNOWN STEP	2026-10-01T11:13:10.2748163Z ASSEMBLED BNBUSDT months=61
backtest	UNKNOWN STEP	2026-10-01T11:13:11.3390400Z ASSEMBLED BTCUSDT months=61
backtest	UNKNOWN STEP	2026-10-01T11:13:12.3676567Z ASSEMBLED DOGEUSDT months=61
backtest	UNKNOWN STEP	2026-10-01T11:13:13.2872558Z ASSEMBLED DOTUSDT months=61
backtest	UNKNOWN STEP	2026-10-01T11:13:13.9488612Z ASSEMBLED EOSUSDT months=46
backtest	UNKNOWN STEP	2026-10-01T11:13:14.9109007Z ASSEMBLED ETCUSDT months=61
backtest	UNKNOWN STEP	2026-10-01T11:13:15.9765529Z ASSEMBLED ETHUSDT months=61
backtest	UNKNOWN STEP	2026-10-01T11:13:16.9345548Z ASSEMBLED LINKUSDT months=61
backtest	UNKNOWN STEP	2026-10-01T11:13:17.8988411Z ASSEMBLED LTCUSDT months=61
backtest	UNKNOWN STEP	2026-10-01T11:13:18.8865657Z ASSEMBLED SOLUSDT months=61
backtest	UNKNOWN STEP	2026-10-01T11:13:19.8276773Z ASSEMBLED TRXUSDT months=61
backtest	UNKNOWN STEP	2026-10-01T11:13:20.7465425Z ASSEMBLED UNIUSDT months=61
backtest	UNKNOWN STEP	2026-10-01T11:13:21.6957741Z ASSEMBLED XLMUSDT months=61
backtest	UNKNOWN STEP	2026-10-01T11:13:22.6509673Z ASSEMBLED XRPUSDT months=61
backtest	UNKNOWN STEP	2026-10-01T11:13:22.6510149Z DATA_READY 18
backtest	UNKNOWN STEP	2026-10-01T11:13:22.6700217Z ##[group]Run python scripts/relative_pullback_v1.py --data data --out relative-pullback-results --minute-cache cache/1m
backtest	UNKNOWN STEP	2026-10-01T11:13:22.6701135Z ^[[36;1mpython scripts/relative_pullback_v1.py --data data --out relative-pullback-results --minute-cache cache/1m^[[0m
backtest	UNKNOWN STEP	2026-10-01T11:13:22.6765045Z shell: /usr/bin/bash -e {0}
backtest	UNKNOWN STEP	2026-10-01T11:13:22.6765298Z env:
backtest	UNKNOWN STEP	2026-10-01T11:13:22.6765563Z   pythonLocation: /opt/hostedtoolcache/Python/3.12.14/x64
backtest	UNKNOWN STEP	2026-10-01T11:13:22.6766009Z   PKG_CONFIG_PATH: /opt/hostedtoolcache/Python/3.12.14/x64/lib/pkgconfig
backtest	UNKNOWN STEP	2026-10-01T11:13:22.6766435Z   Python_ROOT_DIR: /opt/hostedtoolcache/Python/3.12.14/x64
backtest	UNKNOWN STEP	2026-10-01T11:13:22.6766809Z   Python2_ROOT_DIR: /opt/hostedtoolcache/Python/3.12.14/x64
backtest	UNKNOWN STEP	2026-10-01T11:13:22.6767392Z   Python3_ROOT_DIR: /opt/hostedtoolcache/Python/3.12.14/x64
backtest	UNKNOWN STEP	2026-10-01T11:13:22.6768007Z   LD_LIBRARY_PATH: /opt/hostedtoolcache/Python/3.12.14/x64/lib
backtest	UNKNOWN STEP	2026-10-01T11:13:22.6768331Z ##[endgroup]
backtest	UNKNOWN STEP	2026-10-01T11:13:36.6214191Z SCAN 1/17 AAVEUSDT rows=367
backtest	UNKNOWN STEP	2026-10-01T11:13:46.2243767Z SCAN 2/17 ADAUSDT rows=641
backtest	UNKNOWN STEP	2026-10-01T11:13:58.8304882Z SCAN 3/17 AVAXUSDT rows=958
backtest	UNKNOWN STEP	2026-10-01T11:14:07.5019509Z SCAN 4/17 BCHUSDT rows=1190
backtest	UNKNOWN STEP	2026-10-01T11:14:12.6695053Z SCAN 5/17 BNBUSDT rows=1322
backtest	UNKNOWN STEP	2026-10-01T11:14:19.1725651Z SCAN 6/17 DOGEUSDT rows=1545
backtest	UNKNOWN STEP	2026-10-01T11:14:34.5244402Z SCAN 7/17 DOTUSDT rows=1818
backtest	UNKNOWN STEP	2026-10-01T11:14:41.6248079Z SCAN 8/17 EOSUSDT rows=1973
backtest	UNKNOWN STEP	2026-10-01T11:14:55.1952318Z SCAN 9/17 ETCUSDT rows=2194
backtest	UNKNOWN STEP	2026-10-01T11:15:00.1845690Z SCAN 10/17 ETHUSDT rows=2308
backtest	UNKNOWN STEP	2026-10-01T11:15:18.1300986Z SCAN 11/17 LINKUSDT rows=2601
backtest	UNKNOWN STEP	2026-10-01T11:15:25.7875998Z SCAN 12/17 LTCUSDT rows=2802
backtest	UNKNOWN STEP	2026-10-01T11:15:37.5527882Z SCAN 13/17 SOLUSDT rows=3071
backtest	UNKNOWN STEP	2026-10-01T11:15:44.0964058Z SCAN 14/17 TRXUSDT rows=3200
backtest	UNKNOWN STEP	2026-10-01T11:15:55.1275313Z SCAN 15/17 UNIUSDT rows=3531
backtest	UNKNOWN STEP	2026-10-01T11:16:06.0126080Z SCAN 16/17 XLMUSDT rows=3812
backtest	UNKNOWN STEP	2026-10-01T11:16:15.2102325Z SCAN 17/17 XRPUSDT rows=4010
backtest	UNKNOWN STEP	2026-10-01T11:16:15.3837875Z SCAN_COMPLETE {'TRAIN:SIGNALS': 3002, 'TRAIN:RESOLVED': 3002, 'HOLDOUT:SIGNALS': 1008, 'HOLDOUT:RESOLVED': 1008}
backtest	UNKNOWN STEP	2026-10-01T11:16:15.4321910Z ##[group]Run python scripts/relative_pullback_portfolio.py --data data --out relative-pullback-results
backtest	UNKNOWN STEP	2026-10-01T11:16:15.4322681Z ^[[36;1mpython scripts/relative_pullback_portfolio.py --data data --out relative-pullback-results^[[0m
backtest	UNKNOWN STEP	2026-10-01T11:16:15.4387050Z shell: /usr/bin/bash -e {0}
backtest	UNKNOWN STEP	2026-10-01T11:16:15.4387292Z env:
backtest	UNKNOWN STEP	2026-10-01T11:16:15.4387781Z   pythonLocation: /opt/hostedtoolcache/Python/3.12.14/x64
backtest	UNKNOWN STEP	2026-10-01T11:16:15.4388220Z   PKG_CONFIG_PATH: /opt/hostedtoolcache/Python/3.12.14/x64/lib/pkgconfig
backtest	UNKNOWN STEP	2026-10-01T11:16:15.4388640Z   Python_ROOT_DIR: /opt/hostedtoolcache/Python/3.12.14/x64
backtest	UNKNOWN STEP	2026-10-01T11:16:15.4389012Z   Python2_ROOT_DIR: /opt/hostedtoolcache/Python/3.12.14/x64
backtest	UNKNOWN STEP	2026-10-01T11:16:15.4389405Z   Python3_ROOT_DIR: /opt/hostedtoolcache/Python/3.12.14/x64
backtest	UNKNOWN STEP	2026-10-01T11:16:15.4389776Z   LD_LIBRARY_PATH: /opt/hostedtoolcache/Python/3.12.14/x64/lib
backtest	UNKNOWN STEP	2026-10-01T11:16:15.4390089Z ##[endgroup]
backtest	UNKNOWN STEP	2026-10-01T11:16:19.1759111Z ACCOUNT TRAIN_BOTH_20bp_guarded {"trades": 170, "net_return_pct": -13.520371691151322, "mdd_15m_pct": 15.166506275087158, "pf": 0.6258878995398384, "day_ge_0_7_pct": 0.4930156121610517}
backtest	UNKNOWN STEP	2026-10-01T11:16:21.3798371Z ACCOUNT TRAIN_BOTH_20bp_diagnostic {"trades": 2570, "net_return_pct": -87.52934499167348, "mdd_15m_pct": 88.08209966032608, "pf": 0.6668109422274957, "day_ge_0_7_pct": 9.449465899753493}
backtest	UNKNOWN STEP	2026-10-01T11:16:22.6495673Z ACCOUNT TRAIN_BOTH_40bp_guarded {"trades": 155, "net_return_pct": -13.780034688774256, "mdd_15m_pct": 15.098577178882925, "pf": 0.5566194040980014, "day_ge_0_7_pct": 0.24650780608052586}
backtest	UNKNOWN STEP	2026-10-01T11:16:24.8301677Z ACCOUNT TRAIN_BOTH_40bp_diagnostic {"trades": 2551, "net_return_pct": -96.05483686225507, "mdd_15m_pct": 96.20203738953997, "pf": 0.5300211930392094, "day_ge_0_7_pct": 6.737880032867707}
backtest	UNKNOWN STEP	2026-10-01T11:16:26.1070082Z ACCOUNT TRAIN_LONG_20bp_guarded {"trades": 141, "net_return_pct": -13.4498067235305, "mdd_15m_pct": 15.097284507430158, "pf": 0.5702049491720641, "day_ge_0_7_pct": 0.24650780608052586}
backtest	UNKNOWN STEP	2026-10-01T11:16:27.9248680Z ACCOUNT TRAIN_LONG_20bp_diagnostic {"trades": 1462, "net_return_pct": -73.53635649877242, "mdd_15m_pct": 74.54715521645655, "pf": 0.6325050702129742, "day_ge_0_7_pct": 5.094494658997535}
backtest	UNKNOWN STEP	2026-10-01T11:16:29.1893952Z ACCOUNT TRAIN_LONG_40bp_guarded {"trades": 104, "net_return_pct": -13.716565280420113, "mdd_15m_pct": 15.036078393880747, "pf": 0.48165344603190186, "day_ge_0_7_pct": 0.08216926869350863}
backtest	UNKNOWN STEP	2026-10-01T11:16:31.0328947Z ACCOUNT TRAIN_LONG_40bp_diagnostic {"trades": 1456, "net_return_pct": -86.22177435888312, "mdd_15m_pct": 86.43248165713521, "pf": 0.4969625821295477, "day_ge_0_7_pct": 3.451109285127362}
backtest	UNKNOWN STEP	2026-10-01T11:16:32.3140997Z ACCOUNT TRAIN_SHORT_20bp_guarded {"trades": 161, "net_return_pct": -13.05214113934251, "mdd_15m_pct": 15.02826234788784, "pf": 0.578915247083743, "day_ge_0_7_pct": 0.3286770747740345}
backtest	UNKNOWN STEP	2026-10-01T11:16:33.9569564Z ACCOUNT TRAIN_SHORT_20bp_diagnostic {"trades": 1108, "net_return_pct": -52.87891355841401, "mdd_15m_pct": 55.13704781211699, "pf": 0.7354919595365781, "day_ge_0_7_pct": 4.437140509449466}
backtest	UNKNOWN STEP	2026-10-01T11:16:35.2214959Z ACCOUNT TRAIN_SHORT_40bp_guarded {"trades": 122, "net_return_pct": -13.472153833005029, "mdd_15m_pct": 15.013212321863678, "pf": 0.4680038949998972, "day_ge_0_7_pct": 0.16433853738701726}
backtest	UNKNOWN STEP	2026-10-01T11:16:36.8718894Z ACCOUNT TRAIN_SHORT_40bp_diagnostic {"trades": 1095, "net_return_pct": -71.36806124271817, "mdd_15m_pct": 72.50682662243132, "pf": 0.591057516128245, "day_ge_0_7_pct": 3.533278553820871}
backtest	UNKNOWN STEP	2026-10-01T11:16:37.5612521Z ACCOUNT HOLDOUT_BOTH_20bp_guarded {"trades": 244, "net_return_pct": -13.01375688141163, "mdd_15m_pct": 15.055607862346099, "pf": 0.7575257806556106, "day_ge_0_7_pct": 1.4827018121911038}
backtest	UNKNOWN STEP	2026-10-01T11:16:38.5314880Z ACCOUNT HOLDOUT_BOTH_20bp_diagnostic {"trades": 904, "net_return_pct": -46.56183527323594, "mdd_15m_pct": 52.88820028556983, "pf": 0.7242303471323169, "day_ge_0_7_pct": 7.0840197693574956}
backtest	UNKNOWN STEP	2026-10-01T11:16:39.2161959Z ACCOUNT HOLDOUT_BOTH_40bp_guarded {"trades": 162, "net_return_pct": -14.359065939040017, "mdd_15m_pct": 15.003412275626784, "pf": 0.6303363819572463, "day_ge_0_7_pct": 0.9884678747940692}
backtest	UNKNOWN STEP	2026-10-01T11:16:40.1916177Z ACCOUNT HOLDOUT_BOTH_40bp_diagnostic {"trades": 898, "net_return_pct": -65.27076692666782, "mdd_15m_pct": 66.2248437231999, "pf": 0.5726763134687611, "day_ge_0_7_pct": 5.930807248764415}
backtest	UNKNOWN STEP	2026-10-01T11:16:40.9009609Z ACCOUNT HOLDOUT_LONG_20bp_guarded {"trades": 204, "net_return_pct": -13.586465811055115, "mdd_15m_pct": 15.013642860968233, "pf": 0.706519324725397, "day_ge_0_7_pct": 1.4827018121911038}
backtest	UNKNOWN STEP	2026-10-01T11:16:41.6872580Z ACCOUNT HOLDOUT_LONG_20bp_diagnostic {"trades": 407, "net_return_pct": -27.59558656622747, "mdd_15m_pct": 28.84743376738848, "pf": 0.6982560244522589, "day_ge_0_7_pct": 3.459637561779242}
backtest	UNKNOWN STEP	2026-10-01T11:16:42.3642733Z ACCOUNT HOLDOUT_LONG_40bp_guarded {"trades": 165, "net_return_pct": -14.362202827623848, "mdd_15m_pct": 15.006525562848847, "pf": 0.6027399776152376, "day_ge_0_7_pct": 0.9884678747940692}
backtest	UNKNOWN STEP	2026-10-01T11:16:43.1539765Z ACCOUNT HOLDOUT_LONG_40bp_diagnostic {"trades": 407, "net_return_pct": -40.22858796202012, "mdd_15m_pct": 40.678296863511974, "pf": 0.5540455021962406, "day_ge_0_7_pct": 2.9654036243822075}
backtest	UNKNOWN STEP	2026-10-01T11:16:43.8462914Z ACCOUNT HOLDOUT_SHORT_20bp_guarded {"trades": 222, "net_return_pct": -14.113099626027159, "mdd_15m_pct": 15.397132979618352, "pf": 0.671884256703642, "day_ge_0_7_pct": 1.1532125205930808}
backtest	UNKNOWN STEP	2026-10-01T11:16:44.6526782Z ACCOUNT HOLDOUT_SHORT_20bp_diagnostic {"trades": 497, "net_return_pct": -26.1948793002192, "mdd_15m_pct": 35.86712428365047, "pf": 0.7537858037109343, "day_ge_0_7_pct": 3.6243822075782535}
backtest	UNKNOWN STEP	2026-10-01T11:16:45.3179116Z ACCOUNT HOLDOUT_SHORT_40bp_guarded {"trades": 135, "net_return_pct": -14.416812209412777, "mdd_15m_pct": 15.190708360437474, "pf": 0.531055892180217, "day_ge_0_7_pct": 0.4942339373970346}
backtest	UNKNOWN STEP	2026-10-01T11:16:46.1249930Z ACCOUNT HOLDOUT_SHORT_40bp_diagnostic {"trades": 491, "net_return_pct": -41.896582514623184, "mdd_15m_pct": 46.42119194142006, "pf": 0.5932205487398975, "day_ge_0_7_pct": 2.9654036243822075}
backtest	UNKNOWN STEP	2026-10-01T11:16:46.1903710Z ##[group]Run actions/upload-artifact@v4
backtest	UNKNOWN STEP	2026-10-01T11:16:46.1904014Z with:
backtest	UNKNOWN STEP	2026-10-01T11:16:46.1904233Z   name: relative-pullback-v1-results
backtest	UNKNOWN STEP	2026-10-01T11:16:46.1904732Z   path: relative-pullback-results/
backtest	UNKNOWN STEP	data/download_manifest.json
backtest	UNKNOWN STEP	research/relative-pullback-v1/PLAN.md
backtest	UNKNOWN STEP	
backtest	UNKNOWN STEP	2026-10-01T11:16:46.1905228Z   if-no-files-found: error
backtest	UNKNOWN STEP	2026-10-01T11:16:46.1905456Z   retention-days: 30
backtest	UNKNOWN STEP	2026-10-01T11:16:46.1905666Z   compression-level: 0
backtest	UNKNOWN STEP	2026-10-01T11:16:46.1905876Z   overwrite: false
backtest	UNKNOWN STEP	2026-10-01T11:16:46.1906097Z   include-hidden-files: false
backtest	UNKNOWN STEP	2026-10-01T11:16:46.1906327Z env:
backtest	UNKNOWN STEP	2026-10-01T11:16:46.1906580Z   pythonLocation: /opt/hostedtoolcache/Python/3.12.14/x64
backtest	UNKNOWN STEP	2026-10-01T11:16:46.1907177Z   PKG_CONFIG_PATH: /opt/hostedtoolcache/Python/3.12.14/x64/lib/pkgconfig
backtest	UNKNOWN STEP	2026-10-01T11:16:46.1907891Z   Python_ROOT_DIR: /opt/hostedtoolcache/Python/3.12.14/x64
backtest	UNKNOWN STEP	2026-10-01T11:16:46.1908284Z   Python2_ROOT_DIR: /opt/hostedtoolcache/Python/3.12.14/x64
backtest	UNKNOWN STEP	2026-10-01T11:16:46.1908695Z   Python3_ROOT_DIR: /opt/hostedtoolcache/Python/3.12.14/x64
backtest	UNKNOWN STEP	2026-10-01T11:16:46.1909077Z   LD_LIBRARY_PATH: /opt/hostedtoolcache/Python/3.12.14/x64/lib
backtest	UNKNOWN STEP	2026-10-01T11:16:46.1909397Z ##[endgroup]
backtest	UNKNOWN STEP	2026-10-01T11:16:46.3548509Z (node:2442) [DEP0040] DeprecationWarning: The `punycode` module is deprecated. Please use a userland alternative instead.
backtest	UNKNOWN STEP	2026-10-01T11:16:46.3549678Z (Use `node --trace-deprecation ...` to show where the warning was created)
backtest	UNKNOWN STEP	2026-10-01T11:16:46.3774418Z Multiple search paths detected. Calculating the least common ancestor of all paths
backtest	UNKNOWN STEP	2026-10-01T11:16:46.3777905Z The least common ancestor is /home/runner/work/bb-scanner/bb-scanner. This will be the root directory of the artifact
backtest	UNKNOWN STEP	2026-10-01T11:16:46.3779213Z With the provided path, there will be 80 files uploaded
backtest	UNKNOWN STEP	2026-10-01T11:16:46.3784923Z Artifact name is valid!
backtest	UNKNOWN STEP	2026-10-01T11:16:46.3786958Z Root directory input is valid!
backtest	UNKNOWN STEP	2026-10-01T11:16:46.5976582Z Beginning upload of artifact content to blob storage
backtest	UNKNOWN STEP	2026-10-01T11:16:46.7022626Z (node:2442) [DEP0169] DeprecationWarning: `url.parse()` behavior is not standardized and prone to errors that have security implications. Use the WHATWG URL API instead. CVEs are not issued for `url.parse()` vulnerabilities.
backtest	UNKNOWN STEP	2026-10-01T11:16:46.9058446Z Uploaded bytes 8388608
backtest	UNKNOWN STEP	2026-10-01T11:16:47.0069437Z Uploaded bytes 13454819
backtest	UNKNOWN STEP	2026-10-01T11:16:47.0246498Z Finished uploading artifact content to blob storage!
backtest	UNKNOWN STEP	2026-10-01T11:16:47.0247971Z SHA256 digest of uploaded artifact zip is de8df3c270fc9ba3d68e44fd017de0003d4dd621e68c737a96246c8ddacb3cd2
backtest	UNKNOWN STEP	2026-10-01T11:16:47.0250415Z Finalizing artifact upload
backtest	UNKNOWN STEP	2026-10-01T11:16:47.2387088Z Artifact relative-pullback-v1-results.zip successfully finalized. Artifact ID 11156439222
backtest	UNKNOWN STEP	2026-10-01T11:16:47.2388366Z Artifact relative-pullback-v1-results has been successfully uploaded! Final size is 13454819 bytes. Artifact ID is 11156439222
backtest	UNKNOWN STEP	2026-10-01T11:16:47.2393669Z Artifact download URL: https://github.com/duuu-hub/bb-scanner/actions/runs/36853787624/artifacts/11156439222
backtest	UNKNOWN STEP	2026-10-01T11:16:47.2581075Z Post job cleanup.
backtest	UNKNOWN STEP	2026-10-01T11:16:47.3763096Z (node:2455) [DEP0040] DeprecationWarning: The `punycode` module is deprecated. Please use a userland alternative instead.
backtest	UNKNOWN STEP	2026-10-01T11:16:47.3764650Z (Use `node --trace-deprecation ...` to show where the warning was created)
backtest	UNKNOWN STEP	2026-10-01T11:16:47.3942317Z Post job cleanup.
backtest	UNKNOWN STEP	2026-10-01T11:16:47.4955713Z [command]/usr/bin/git version
backtest	UNKNOWN STEP	2026-10-01T11:16:47.5028160Z git version 2.55.0
backtest	UNKNOWN STEP	2026-10-01T11:16:47.5063519Z Temporarily overriding HOME='/home/runner/work/_temp/0e655b91-e6eb-4d69-938b-5e41fe9a070b' before making global git config changes
backtest	UNKNOWN STEP	2026-10-01T11:16:47.5065008Z Adding repository directory to the temporary git global config as a safe directory
backtest	UNKNOWN STEP	2026-10-01T11:16:47.5069668Z [command]/usr/bin/git config --global --add safe.directory /home/runner/work/bb-scanner/bb-scanner
backtest	UNKNOWN STEP	2026-10-01T11:16:47.5109453Z [command]/usr/bin/git config --local --name-only --get-regexp core\.sshCommand
backtest	UNKNOWN STEP	2026-10-01T11:16:47.5149685Z [command]/usr/bin/git submodule foreach --recursive sh -c "git config --local --name-only --get-regexp 'core\.sshCommand' && git config --local --unset-all 'core.sshCommand' || :"
backtest	UNKNOWN STEP	2026-10-01T11:16:47.5434537Z [command]/usr/bin/git config --local --name-only --get-regexp http\.https\:\/\/github\.com\/\.extraheader
backtest	UNKNOWN STEP	2026-10-01T11:16:47.5469179Z http.https://github.com/.extraheader
backtest	UNKNOWN STEP	2026-10-01T11:16:47.5481415Z [command]/usr/bin/git config --local --unset-all http.https://github.com/.extraheader
backtest	UNKNOWN STEP	2026-10-01T11:16:47.5517376Z [command]/usr/bin/git submodule foreach --recursive sh -c "git config --local --name-only --get-regexp 'http\.https\:\/\/github\.com\/\.extraheader' && git config --local --unset-all 'http.https://github.com/.extraheader' || :"
backtest	UNKNOWN STEP	2026-10-01T11:16:47.5803089Z [command]/usr/bin/git config --local --name-only --get-regexp ^includeIf\.gitdir:
backtest	UNKNOWN STEP	2026-10-01T11:16:47.5859595Z [command]/usr/bin/git submodule foreach --recursive git config --local --show-origin --name-only --get-regexp remote.origin.url
backtest	UNKNOWN STEP	2026-10-01T11:16:47.6286009Z Cleaning up orphan processes
backtest	UNKNOWN STEP	2026-10-01T11:16:47.6726379Z ##[warning]Node.js 20 is deprecated. The following actions target Node.js 20 but are being forced to run on Node.js 24: actions/checkout@v4, actions/setup-python@v5, actions/upload-artifact@v4. For more information see: https://github.blog/changelog/2025-09-19-deprecation-of-node-20-on-github-actions-runners/
