2026-10-02T10:57:23.3823134Z Current runner version: '2.337.0'
2026-10-02T10:57:23.3858256Z ##[group]Runner Image Provisioner
2026-10-02T10:57:23.3860054Z Hosted Compute Agent
2026-10-02T10:57:23.3861150Z Version: 20260901.588
2026-10-02T10:57:23.3862272Z Commit: f88ec8081b781fac6c440065ac7ff9e710ce3d0b
2026-10-02T10:57:23.3863701Z Build Date: 2026-09-01T19:56:44Z
2026-10-02T10:57:23.3864910Z Worker ID: {dd570ac0-e09f-472c-886a-34ee30a91e74}
2026-10-02T10:57:23.3866304Z Azure Region: northcentralus
2026-10-02T10:57:23.3867457Z ##[endgroup]
2026-10-02T10:57:23.3870253Z ##[group]Operating System
2026-10-02T10:57:23.3872076Z Ubuntu
2026-10-02T10:57:23.3873021Z 24.04.5
2026-10-02T10:57:23.3873987Z LTS
2026-10-02T10:57:23.3874916Z ##[endgroup]
2026-10-02T10:57:23.3875909Z ##[group]Runner Image
2026-10-02T10:57:23.3877154Z Image: ubuntu-24.04
2026-10-02T10:57:23.3878195Z Version: 20260927.320.1
2026-10-02T10:57:23.3880765Z Included Software: https://github.com/actions/runner-images/blob/ubuntu24/20260927.320/images/ubuntu/Ubuntu2404-Readme.md
2026-10-02T10:57:23.3883467Z Image Release: https://github.com/actions/runner-images/releases/tag/ubuntu24%2F20260927.320
2026-10-02T10:57:23.3885372Z ##[endgroup]
2026-10-02T10:57:23.3887538Z ##[group]GITHUB_TOKEN Permissions
2026-10-02T10:57:23.3891671Z Actions: read
2026-10-02T10:57:23.3892721Z Contents: read
2026-10-02T10:57:23.3893849Z Metadata: read
2026-10-02T10:57:23.3894842Z ##[endgroup]
2026-10-02T10:57:23.3898332Z Secret source: Actions
2026-10-02T10:57:23.3900425Z Cache mode: write
2026-10-02T10:57:23.3901821Z Prepare workflow directory
2026-10-02T10:57:23.4668356Z Prepare all required actions
2026-10-02T10:57:23.4743959Z Getting action download info
2026-10-02T10:57:23.7251358Z Download action repository 'actions/checkout@v4' (SHA:11d5960a326750d5838078e36cf38b85af677262)
2026-10-02T10:57:23.8348466Z Download action repository 'actions/setup-python@v5' (SHA:a26af69be951a213d495a4c3e4e4022e16d87065)
2026-10-02T10:57:23.9201704Z Download action repository 'actions/cache@v4' (SHA:0057852bfaa89a56745cba8c7296529d2fc39830)
2026-10-02T10:57:24.0104661Z Download action repository 'actions/download-artifact@v4' (SHA:d3f86a106a0bac45b974a628896c90dbdf5c8093)
2026-10-02T10:57:24.3587569Z Download action repository 'actions/upload-artifact@v4' (SHA:ea165f8d65b6e75b540449e92b4886f43607fa02)
2026-10-02T10:57:24.5678387Z Complete job name: development (5)
2026-10-02T10:57:24.6379652Z ##[group]Run actions/checkout@v4
2026-10-02T10:57:24.6380569Z with:
2026-10-02T10:57:24.6381025Z   repository: duuu-hub/bb-scanner
2026-10-02T10:57:24.6384594Z   token: ***
2026-10-02T10:57:24.6385051Z   ssh-strict: true
2026-10-02T10:57:24.6385547Z   ssh-user: git
2026-10-02T10:57:24.6386006Z   persist-credentials: true
2026-10-02T10:57:24.6386488Z   clean: true
2026-10-02T10:57:24.6386938Z   sparse-checkout-cone-mode: true
2026-10-02T10:57:24.6387446Z   fetch-depth: 1
2026-10-02T10:57:24.6387876Z   fetch-tags: false
2026-10-02T10:57:24.6388318Z   show-progress: true
2026-10-02T10:57:24.6388772Z   lfs: false
2026-10-02T10:57:24.6389742Z   submodules: false
2026-10-02T10:57:24.6390232Z   set-safe-directory: true
2026-10-02T10:57:24.6390740Z   allow-unsafe-pr-checkout: false
2026-10-02T10:57:24.6391901Z env:
2026-10-02T10:57:24.6395411Z   GH_TOKEN: ***
2026-10-02T10:57:24.6395842Z ##[endgroup]
2026-10-02T10:57:24.7399209Z Syncing repository: duuu-hub/bb-scanner
2026-10-02T10:57:24.7402157Z ##[group]Getting Git version info
2026-10-02T10:57:24.7403338Z Working directory is '/home/runner/work/bb-scanner/bb-scanner'
2026-10-02T10:57:24.7405208Z [command]/usr/bin/git version
2026-10-02T10:57:24.7447788Z git version 2.55.0
2026-10-02T10:57:24.7470020Z ##[endgroup]
2026-10-02T10:57:24.7485194Z Temporarily overriding HOME='/home/runner/work/_temp/036b2a59-2f94-409e-a220-532ead9fb92a' before making global git config changes
2026-10-02T10:57:24.7487581Z Adding repository directory to the temporary git global config as a safe directory
2026-10-02T10:57:24.7490877Z [command]/usr/bin/git config --global --add safe.directory /home/runner/work/bb-scanner/bb-scanner
2026-10-02T10:57:24.7541097Z Deleting the contents of '/home/runner/work/bb-scanner/bb-scanner'
2026-10-02T10:57:24.7550943Z ##[group]Initializing the repository
2026-10-02T10:57:24.7552592Z [command]/usr/bin/git init /home/runner/work/bb-scanner/bb-scanner
2026-10-02T10:57:24.7655124Z hint: Using 'master' as the name for the initial branch. This default branch name
2026-10-02T10:57:24.7657619Z hint: will change to "main" in Git 3.0. To configure the initial branch name
2026-10-02T10:57:24.7659761Z hint: to use in all of your new repositories, which will suppress this warning,
2026-10-02T10:57:24.7661123Z hint: call:
2026-10-02T10:57:24.7661808Z hint:
2026-10-02T10:57:24.7662641Z hint: 	git config --global init.defaultBranch <name>
2026-10-02T10:57:24.7663639Z hint:
2026-10-02T10:57:24.7664588Z hint: Names commonly chosen instead of 'master' are 'main', 'trunk' and
2026-10-02T10:57:24.7665686Z hint: 'development'. The just-created branch can be renamed via this command:
2026-10-02T10:57:24.7666494Z hint:
2026-10-02T10:57:24.7666923Z hint: 	git branch -m <name>
2026-10-02T10:57:24.7667411Z hint:
2026-10-02T10:57:24.7668049Z hint: Disable this message with "git config set advice.defaultBranchName false"
2026-10-02T10:57:24.7669540Z Initialized empty Git repository in /home/runner/work/bb-scanner/bb-scanner/.git/
2026-10-02T10:57:24.7673629Z [command]/usr/bin/git remote add origin https://github.com/duuu-hub/bb-scanner
2026-10-02T10:57:24.7719498Z ##[endgroup]
2026-10-02T10:57:24.7720690Z ##[group]Disabling automatic garbage collection
2026-10-02T10:57:24.7723296Z [command]/usr/bin/git config --local gc.auto 0
2026-10-02T10:57:24.7755716Z ##[endgroup]
2026-10-02T10:57:24.7756581Z ##[group]Setting up auth
2026-10-02T10:57:24.7763507Z [command]/usr/bin/git config --local --name-only --get-regexp core\.sshCommand
2026-10-02T10:57:24.7803732Z [command]/usr/bin/git submodule foreach --recursive sh -c "git config --local --name-only --get-regexp 'core\.sshCommand' && git config --local --unset-all 'core.sshCommand' || :"
2026-10-02T10:57:24.8210691Z [command]/usr/bin/git config --local --name-only --get-regexp http\.https\:\/\/github\.com\/\.extraheader
2026-10-02T10:57:24.8253894Z [command]/usr/bin/git submodule foreach --recursive sh -c "git config --local --name-only --get-regexp 'http\.https\:\/\/github\.com\/\.extraheader' && git config --local --unset-all 'http.https://github.com/.extraheader' || :"
2026-10-02T10:57:24.8495521Z [command]/usr/bin/git config --local --name-only --get-regexp ^includeIf\.gitdir:
2026-10-02T10:57:24.8532464Z [command]/usr/bin/git submodule foreach --recursive git config --local --show-origin --name-only --get-regexp remote.origin.url
2026-10-02T10:57:24.8756884Z [command]/usr/bin/git config --local http.https://github.com/.extraheader AUTHORIZATION: basic ***
2026-10-02T10:57:24.8798471Z ##[endgroup]
2026-10-02T10:57:24.8799643Z ##[group]Fetching the repository
2026-10-02T10:57:24.8808099Z [command]/usr/bin/git -c protocol.version=2 fetch --no-tags --prune --no-recurse-submodules --depth=1 origin +3b309e6b025fe0eb66c8be3ec0dbaad84b7e8344:refs/remotes/origin/research-market-breadth-recovery-v14
2026-10-02T10:57:25.9293805Z From https://github.com/duuu-hub/bb-scanner
2026-10-02T10:57:25.9296290Z  * [new ref]         3b309e6b025fe0eb66c8be3ec0dbaad84b7e8344 -> origin/research-market-breadth-recovery-v14
2026-10-02T10:57:25.9301180Z ##[endgroup]
2026-10-02T10:57:25.9302503Z ##[group]Determining the checkout info
2026-10-02T10:57:25.9303951Z ##[endgroup]
2026-10-02T10:57:25.9307156Z [command]/usr/bin/git sparse-checkout disable
2026-10-02T10:57:25.9363409Z [command]/usr/bin/git config --local --unset-all extensions.worktreeConfig
2026-10-02T10:57:25.9395218Z ##[group]Checking out the ref
2026-10-02T10:57:25.9406726Z [command]/usr/bin/git checkout --progress --force -B research-market-breadth-recovery-v14 refs/remotes/origin/research-market-breadth-recovery-v14
2026-10-02T10:57:26.1640308Z Switched to a new branch 'research-market-breadth-recovery-v14'
2026-10-02T10:57:26.1652575Z branch 'research-market-breadth-recovery-v14' set up to track 'origin/research-market-breadth-recovery-v14'.
2026-10-02T10:57:26.1657405Z ##[endgroup]
2026-10-02T10:57:26.1705825Z [command]/usr/bin/git log -1 --format=%H
2026-10-02T10:57:26.1734003Z 3b309e6b025fe0eb66c8be3ec0dbaad84b7e8344
2026-10-02T10:57:26.1999812Z ##[group]Run actions/setup-python@v5
2026-10-02T10:57:26.2000245Z with:
2026-10-02T10:57:26.2000502Z   python-version: 3.12
2026-10-02T10:57:26.2000792Z   check-latest: false
2026-10-02T10:57:26.2003144Z   token: ***
2026-10-02T10:57:26.2003424Z   update-environment: true
2026-10-02T10:57:26.2003729Z   allow-prereleases: false
2026-10-02T10:57:26.2004019Z   freethreaded: false
2026-10-02T10:57:26.2004272Z env:
2026-10-02T10:57:26.2006505Z   GH_TOKEN: ***
2026-10-02T10:57:26.2006758Z ##[endgroup]
2026-10-02T10:57:26.3287753Z ##[group]Installed versions
2026-10-02T10:57:26.3398497Z (node:2298) [DEP0040] DeprecationWarning: The `punycode` module is deprecated. Please use a userland alternative instead.
2026-10-02T10:57:26.3400897Z (Use `node --trace-deprecation ...` to show where the warning was created)
2026-10-02T10:57:26.3402052Z Successfully set up CPython (3.12.14)
2026-10-02T10:57:26.3403291Z ##[endgroup]
2026-10-02T10:57:26.3586595Z ##[group]Run set -euo pipefail
2026-10-02T10:57:26.3587071Z [36;1mset -euo pipefail[0m
2026-10-02T10:57:26.3587431Z [36;1mpip install pandas==2.3.3 numpy==2.3.3[0m
2026-10-02T10:57:26.3884414Z shell: /usr/bin/bash --noprofile --norc -e -o pipefail {0}
2026-10-02T10:57:26.3884977Z env:
2026-10-02T10:57:26.3888167Z   GH_TOKEN: ***
2026-10-02T10:57:26.3888572Z   pythonLocation: /opt/hostedtoolcache/Python/3.12.14/x64
2026-10-02T10:57:26.3889518Z   PKG_CONFIG_PATH: /opt/hostedtoolcache/Python/3.12.14/x64/lib/pkgconfig
2026-10-02T10:57:26.3890115Z   Python_ROOT_DIR: /opt/hostedtoolcache/Python/3.12.14/x64
2026-10-02T10:57:26.3890655Z   Python2_ROOT_DIR: /opt/hostedtoolcache/Python/3.12.14/x64
2026-10-02T10:57:26.3891148Z   Python3_ROOT_DIR: /opt/hostedtoolcache/Python/3.12.14/x64
2026-10-02T10:57:26.3891734Z   LD_LIBRARY_PATH: /opt/hostedtoolcache/Python/3.12.14/x64/lib
2026-10-02T10:57:26.3892154Z ##[endgroup]
2026-10-02T10:57:27.3282107Z Collecting pandas==2.3.3
2026-10-02T10:57:27.3754310Z   Downloading pandas-2.3.3-cp312-cp312-manylinux_2_24_x86_64.manylinux_2_28_x86_64.whl.metadata (91 kB)
2026-10-02T10:57:27.6170210Z Collecting numpy==2.3.3
2026-10-02T10:57:27.6205556Z   Downloading numpy-2.3.3-cp312-cp312-manylinux_2_27_x86_64.manylinux_2_28_x86_64.whl.metadata (62 kB)
2026-10-02T10:57:27.6444308Z Collecting python-dateutil>=2.8.2 (from pandas==2.3.3)
2026-10-02T10:57:27.6482419Z   Downloading python_dateutil-2.9.0.post0-py2.py3-none-any.whl.metadata (8.4 kB)
2026-10-02T10:57:27.6828344Z Collecting pytz>=2020.1 (from pandas==2.3.3)
2026-10-02T10:57:27.6859169Z   Downloading pytz-2026.4-py2.py3-none-any.whl.metadata (22 kB)
2026-10-02T10:57:27.6997278Z Collecting tzdata>=2022.7 (from pandas==2.3.3)
2026-10-02T10:57:27.7029134Z   Downloading tzdata-2026.4-py2.py3-none-any.whl.metadata (1.4 kB)
2026-10-02T10:57:27.7152515Z Collecting six>=1.5 (from python-dateutil>=2.8.2->pandas==2.3.3)
2026-10-02T10:57:27.7182899Z   Downloading six-1.17.0-py2.py3-none-any.whl.metadata (1.7 kB)
2026-10-02T10:57:27.7254859Z Downloading pandas-2.3.3-cp312-cp312-manylinux_2_24_x86_64.manylinux_2_28_x86_64.whl (12.4 MB)
2026-10-02T10:57:27.7792046Z    ━━━━━━━━━━━━━━━━━━━━━━━━━━━━━━━━━━━━━━━━ 12.4/12.4 MB 252.3 MB/s  0:00:00
2026-10-02T10:57:27.7840190Z Downloading numpy-2.3.3-cp312-cp312-manylinux_2_27_x86_64.manylinux_2_28_x86_64.whl (16.6 MB)
2026-10-02T10:57:27.8418515Z    ━━━━━━━━━━━━━━━━━━━━━━━━━━━━━━━━━━━━━━━━ 16.6/16.6 MB 295.9 MB/s  0:00:00
2026-10-02T10:57:27.8453723Z Downloading python_dateutil-2.9.0.post0-py2.py3-none-any.whl (229 kB)
2026-10-02T10:57:27.8509548Z Downloading pytz-2026.4-py2.py3-none-any.whl (506 kB)
2026-10-02T10:57:27.8567586Z Downloading six-1.17.0-py2.py3-none-any.whl (11 kB)
2026-10-02T10:57:27.8618177Z Downloading tzdata-2026.4-py2.py3-none-any.whl (347 kB)
2026-10-02T10:57:28.0176918Z Installing collected packages: pytz, tzdata, six, numpy, python-dateutil, pandas
2026-10-02T10:57:35.4022436Z 
2026-10-02T10:57:35.4036346Z Successfully installed numpy-2.3.3 pandas-2.3.3 python-dateutil-2.9.0.post0 pytz-2026.4 six-1.17.0 tzdata-2026.4
2026-10-02T10:57:35.4651718Z ##[group]Run actions/cache@v4
2026-10-02T10:57:35.4652008Z with:
2026-10-02T10:57:35.4652205Z   path: data
2026-10-02T10:57:35.4652434Z   key: frozen-source-36095439671-15m-shard-5
2026-10-02T10:57:35.4652738Z   enableCrossOsArchive: false
2026-10-02T10:57:35.4652998Z   fail-on-cache-miss: false
2026-10-02T10:57:35.4653259Z   lookup-only: false
2026-10-02T10:57:35.4653474Z   save-always: false
2026-10-02T10:57:35.4653695Z env:
2026-10-02T10:57:35.4655929Z   GH_TOKEN: ***
2026-10-02T10:57:35.4656217Z   pythonLocation: /opt/hostedtoolcache/Python/3.12.14/x64
2026-10-02T10:57:35.4656649Z   PKG_CONFIG_PATH: /opt/hostedtoolcache/Python/3.12.14/x64/lib/pkgconfig
2026-10-02T10:57:35.4657076Z   Python_ROOT_DIR: /opt/hostedtoolcache/Python/3.12.14/x64
2026-10-02T10:57:35.4657481Z   Python2_ROOT_DIR: /opt/hostedtoolcache/Python/3.12.14/x64
2026-10-02T10:57:35.4657862Z   Python3_ROOT_DIR: /opt/hostedtoolcache/Python/3.12.14/x64
2026-10-02T10:57:35.4658272Z   LD_LIBRARY_PATH: /opt/hostedtoolcache/Python/3.12.14/x64/lib
2026-10-02T10:57:35.4658596Z ##[endgroup]
2026-10-02T10:57:35.5870152Z (node:2335) [DEP0040] DeprecationWarning: The `punycode` module is deprecated. Please use a userland alternative instead.
2026-10-02T10:57:35.5871233Z (Use `node --trace-deprecation ...` to show where the warning was created)
2026-10-02T10:57:35.7274200Z Cache hit for: frozen-source-36095439671-15m-shard-5
2026-10-02T10:57:35.7381253Z (node:2335) [DEP0169] DeprecationWarning: `url.parse()` behavior is not standardized and prone to errors that have security implications. Use the WHATWG URL API instead. CVEs are not issued for `url.parse()` vulnerabilities.
2026-10-02T10:57:36.8590283Z Received 130023424 of 252769420 (51.4%), 123.8 MBs/sec
2026-10-02T10:57:37.6450616Z Received 252769420 of 252769420 (100.0%), 134.7 MBs/sec
2026-10-02T10:57:37.6459224Z Cache Size: ~241 MB (252769420 B)
2026-10-02T10:57:37.6572412Z [command]/usr/bin/tar -xf /home/runner/work/_temp/256a85bc-50bc-44a4-9177-1f81e7195de1/cache.tzst -P -C /home/runner/work/bb-scanner/bb-scanner --use-compress-program unzstd
2026-10-02T10:57:38.0040628Z Cache restored successfully
2026-10-02T10:57:38.0231354Z Cache restored from key: frozen-source-36095439671-15m-shard-5
2026-10-02T10:57:38.0385098Z ##[group]Run set -euo pipefail
2026-10-02T10:57:38.0385452Z [36;1mset -euo pipefail[0m
2026-10-02T10:57:38.0385717Z [36;1mif [ 'true' != 'true' ]; then[0m
2026-10-02T10:57:38.0386247Z [36;1m  gh run download 36095439671 -R duuu-hub/bb-scanner -n rank5-binance-um-15m-5y-data-shard-5 -D data[0m
2026-10-02T10:57:38.0386762Z [36;1mfi[0m
2026-10-02T10:57:38.0387125Z [36;1mgh run download 36858492497 -R duuu-hub/bb-scanner -n day-edge-v2-btc -D btc[0m
2026-10-02T10:57:38.0387848Z [36;1mgh run download 36095439671 -R duuu-hub/bb-scanner -n rank5-binance-um-15m-5y-manifest-shard-5 -D source-manifest[0m
2026-10-02T10:57:38.0389349Z [36;1mpython scripts/research_evidence_archive.py verify-source --data data --manifests source-manifest --baseline research/market-breadth-recovery-v14/FROZEN_INPUT_HASHES.json --out dev-5/source_check.json[0m
2026-10-02T10:57:38.0455829Z shell: /usr/bin/bash --noprofile --norc -e -o pipefail {0}
2026-10-02T10:57:38.0456187Z env:
2026-10-02T10:57:38.0458688Z   GH_TOKEN: ***
2026-10-02T10:57:38.0459290Z   pythonLocation: /opt/hostedtoolcache/Python/3.12.14/x64
2026-10-02T10:57:38.0459810Z   PKG_CONFIG_PATH: /opt/hostedtoolcache/Python/3.12.14/x64/lib/pkgconfig
2026-10-02T10:57:38.0460294Z   Python_ROOT_DIR: /opt/hostedtoolcache/Python/3.12.14/x64
2026-10-02T10:57:38.0460734Z   Python2_ROOT_DIR: /opt/hostedtoolcache/Python/3.12.14/x64
2026-10-02T10:57:38.0461165Z   Python3_ROOT_DIR: /opt/hostedtoolcache/Python/3.12.14/x64
2026-10-02T10:57:38.0461598Z   LD_LIBRARY_PATH: /opt/hostedtoolcache/Python/3.12.14/x64/lib
2026-10-02T10:57:38.0462149Z ##[endgroup]
2026-10-02T10:57:46.5887678Z FROZEN_SOURCE_VERIFIED 107 files 37 prior SHA256 matches
2026-10-02T10:57:46.6359935Z ##[group]Run actions/download-artifact@v4
2026-10-02T10:57:46.6360275Z with:
2026-10-02T10:57:46.6360556Z   name: market-breadth-recovery-v14-breadth-development
2026-10-02T10:57:46.6360895Z   path: frozen-breadth
2026-10-02T10:57:46.6361124Z   merge-multiple: false
2026-10-02T10:57:46.6361358Z   repository: duuu-hub/bb-scanner
2026-10-02T10:57:46.6361614Z   run-id: 36998066185
2026-10-02T10:57:46.6361821Z env:
2026-10-02T10:57:46.6364079Z   GH_TOKEN: ***
2026-10-02T10:57:46.6364369Z   pythonLocation: /opt/hostedtoolcache/Python/3.12.14/x64
2026-10-02T10:57:46.6364800Z   PKG_CONFIG_PATH: /opt/hostedtoolcache/Python/3.12.14/x64/lib/pkgconfig
2026-10-02T10:57:46.6365235Z   Python_ROOT_DIR: /opt/hostedtoolcache/Python/3.12.14/x64
2026-10-02T10:57:46.6365626Z   Python2_ROOT_DIR: /opt/hostedtoolcache/Python/3.12.14/x64
2026-10-02T10:57:46.6366013Z   Python3_ROOT_DIR: /opt/hostedtoolcache/Python/3.12.14/x64
2026-10-02T10:57:46.6366419Z   LD_LIBRARY_PATH: /opt/hostedtoolcache/Python/3.12.14/x64/lib
2026-10-02T10:57:46.6366742Z ##[endgroup]
2026-10-02T10:57:46.7837233Z Downloading single artifact
2026-10-02T10:57:46.7984625Z (node:2402) [DEP0040] DeprecationWarning: The `punycode` module is deprecated. Please use a userland alternative instead.
2026-10-02T10:57:46.7985661Z (Use `node --trace-deprecation ...` to show where the warning was created)
2026-10-02T10:57:46.9050660Z Preparing to download the following artifacts:
2026-10-02T10:57:46.9052245Z - market-breadth-recovery-v14-breadth-development (ID: 11221843701, Size: 584090, Expected Digest: sha256:5f057fdcf8d940f77f1e110c4f4b5d4be16a113815448d0595779916a7ea7a3e)
2026-10-02T10:57:47.0506916Z Redirecting to blob download url: https://productionresultssa1.blob.core.windows.net/actions-results/4c6d94bb-c57d-866c-adeb-19fded5ca407/workflow-job-run-2af8ed6d-df57-5cbd-b83a-41c968e43310/artifacts/0ef112ac9252012addd398fb1ca16b8a182ad28514357794d0817410d1b1b9b0.zip
2026-10-02T10:57:47.0510148Z Starting download of artifact to: /home/runner/work/bb-scanner/bb-scanner/frozen-breadth
2026-10-02T10:57:47.1682923Z (node:2402) [DEP0005] DeprecationWarning: Buffer() is deprecated due to security and usability issues. Please use the Buffer.alloc(), Buffer.allocUnsafe(), or Buffer.from() methods instead.
2026-10-02T10:57:47.2864390Z SHA256 digest of downloaded artifact is 5f057fdcf8d940f77f1e110c4f4b5d4be16a113815448d0595779916a7ea7a3e
2026-10-02T10:57:47.2867905Z Artifact download completed successfully.
2026-10-02T10:57:47.2868255Z Total of 1 artifact(s) downloaded
2026-10-02T10:57:47.2870131Z Download artifact has finished successfully
2026-10-02T10:57:47.3022274Z ##[group]Run actions/cache@v4
2026-10-02T10:57:47.3022561Z with:
2026-10-02T10:57:47.3022776Z   path: cache/verified-1m
2026-10-02T10:57:47.3023077Z   key: market-breadth-recovery-v14-dev-1m-shard-5
2026-10-02T10:57:47.3023639Z   restore-keys: premium-absorption-v8-dev-1m-shard-5
factor-lag-v6-dev-1m-shard-5
2026-10-02T10:57:47.3024219Z   enableCrossOsArchive: false
2026-10-02T10:57:47.3024475Z   fail-on-cache-miss: false
2026-10-02T10:57:47.3024715Z   lookup-only: false
2026-10-02T10:57:47.3024937Z   save-always: false
2026-10-02T10:57:47.3025137Z env:
2026-10-02T10:57:47.3028023Z   GH_TOKEN: ***
2026-10-02T10:57:47.3028331Z   pythonLocation: /opt/hostedtoolcache/Python/3.12.14/x64
2026-10-02T10:57:47.3028781Z   PKG_CONFIG_PATH: /opt/hostedtoolcache/Python/3.12.14/x64/lib/pkgconfig
2026-10-02T10:57:47.3029492Z   Python_ROOT_DIR: /opt/hostedtoolcache/Python/3.12.14/x64
2026-10-02T10:57:47.3029894Z   Python2_ROOT_DIR: /opt/hostedtoolcache/Python/3.12.14/x64
2026-10-02T10:57:47.3030310Z   Python3_ROOT_DIR: /opt/hostedtoolcache/Python/3.12.14/x64
2026-10-02T10:57:47.3030715Z   LD_LIBRARY_PATH: /opt/hostedtoolcache/Python/3.12.14/x64/lib
2026-10-02T10:57:47.3031059Z ##[endgroup]
2026-10-02T10:57:47.4130734Z (node:2414) [DEP0040] DeprecationWarning: The `punycode` module is deprecated. Please use a userland alternative instead.
2026-10-02T10:57:47.4131914Z (Use `node --trace-deprecation ...` to show where the warning was created)
2026-10-02T10:57:47.5134559Z Cache not found for input keys: market-breadth-recovery-v14-dev-1m-shard-5, premium-absorption-v8-dev-1m-shard-5, factor-lag-v6-dev-1m-shard-5
2026-10-02T10:57:47.5246894Z ##[group]Run set -euo pipefail
2026-10-02T10:57:47.5247490Z [36;1mset -euo pipefail[0m
2026-10-02T10:57:47.5249328Z [36;1mpython scripts/market_breadth_recovery_v14.py scan --stage DEV --data data --btc btc/BTCUSDT.csv.gz --breadth-dir frozen-breadth --source-check dev-5/source_check.json --out dev-5 --minute-cache cache/verified-1m[0m
2026-10-02T10:57:47.5324252Z shell: /usr/bin/bash --noprofile --norc -e -o pipefail {0}
2026-10-02T10:57:47.5324661Z env:
2026-10-02T10:57:47.5327336Z   GH_TOKEN: ***
2026-10-02T10:57:47.5327681Z   pythonLocation: /opt/hostedtoolcache/Python/3.12.14/x64
2026-10-02T10:57:47.5328203Z   PKG_CONFIG_PATH: /opt/hostedtoolcache/Python/3.12.14/x64/lib/pkgconfig
2026-10-02T10:57:47.5328704Z   Python_ROOT_DIR: /opt/hostedtoolcache/Python/3.12.14/x64
2026-10-02T10:57:47.5329315Z   Python2_ROOT_DIR: /opt/hostedtoolcache/Python/3.12.14/x64
2026-10-02T10:57:47.5329750Z   Python3_ROOT_DIR: /opt/hostedtoolcache/Python/3.12.14/x64
2026-10-02T10:57:47.5330210Z   LD_LIBRARY_PATH: /opt/hostedtoolcache/Python/3.12.14/x64/lib
2026-10-02T10:57:47.5330571Z ##[endgroup]
2026-10-02T10:58:08.1474621Z V14_BREADTH_RECOVERY_SCAN DEV 48 / 107 parameterized_outcomes 5754
2026-10-02T10:58:15.8243722Z V14_BREADTH_RECOVERY_SCAN DEV 80 / 107 parameterized_outcomes 9648
2026-10-02T10:58:30.9176018Z V14_BREADTH_RECOVERY_SCAN_DONE DEV 13224 chronology_exclusions 0
2026-10-02T10:58:30.9825712Z ##[group]Run actions/upload-artifact@v4
2026-10-02T10:58:30.9826022Z with:
2026-10-02T10:58:30.9826250Z   name: market-breadth-recovery-v14-dev-5
2026-10-02T10:58:30.9826544Z   path: dev-5/
2026-10-02T10:58:30.9826755Z   retention-days: 30
2026-10-02T10:58:30.9827004Z   compression-level: 0
2026-10-02T10:58:30.9827233Z   if-no-files-found: warn
2026-10-02T10:58:30.9827465Z   overwrite: false
2026-10-02T10:58:30.9827689Z   include-hidden-files: false
2026-10-02T10:58:30.9827927Z env:
2026-10-02T10:58:30.9830490Z   GH_TOKEN: ***
2026-10-02T10:58:30.9830797Z   pythonLocation: /opt/hostedtoolcache/Python/3.12.14/x64
2026-10-02T10:58:30.9831250Z   PKG_CONFIG_PATH: /opt/hostedtoolcache/Python/3.12.14/x64/lib/pkgconfig
2026-10-02T10:58:30.9831682Z   Python_ROOT_DIR: /opt/hostedtoolcache/Python/3.12.14/x64
2026-10-02T10:58:30.9832090Z   Python2_ROOT_DIR: /opt/hostedtoolcache/Python/3.12.14/x64
2026-10-02T10:58:30.9832484Z   Python3_ROOT_DIR: /opt/hostedtoolcache/Python/3.12.14/x64
2026-10-02T10:58:30.9832903Z   LD_LIBRARY_PATH: /opt/hostedtoolcache/Python/3.12.14/x64/lib
2026-10-02T10:58:30.9833232Z ##[endgroup]
2026-10-02T10:58:31.1433765Z (node:2441) [DEP0040] DeprecationWarning: The `punycode` module is deprecated. Please use a userland alternative instead.
2026-10-02T10:58:31.1434545Z (Use `node --trace-deprecation ...` to show where the warning was created)
2026-10-02T10:58:31.1560951Z With the provided path, there will be 36 files uploaded
2026-10-02T10:58:31.1567192Z Artifact name is valid!
2026-10-02T10:58:31.1568278Z Root directory input is valid!
2026-10-02T10:58:31.4033315Z Beginning upload of artifact content to blob storage
2026-10-02T10:58:31.4737010Z (node:2441) [DEP0169] DeprecationWarning: `url.parse()` behavior is not standardized and prone to errors that have security implications. Use the WHATWG URL API instead. CVEs are not issued for `url.parse()` vulnerabilities.
2026-10-02T10:58:31.8282927Z Uploaded bytes 8388608
2026-10-02T10:58:31.9627312Z Uploaded bytes 14227374
2026-10-02T10:58:31.9992274Z Finished uploading artifact content to blob storage!
2026-10-02T10:58:31.9993573Z SHA256 digest of uploaded artifact zip is 76cdb01b98f24558a9279140d1111d352afb0c05db60913d8ea32f5c3a8e9dd0
2026-10-02T10:58:31.9995934Z Finalizing artifact upload
2026-10-02T10:58:32.2163689Z Artifact market-breadth-recovery-v14-dev-5.zip successfully finalized. Artifact ID 11222846395
2026-10-02T10:58:32.2165543Z Artifact market-breadth-recovery-v14-dev-5 has been successfully uploaded! Final size is 14227374 bytes. Artifact ID is 11222846395
2026-10-02T10:58:32.2171714Z Artifact download URL: https://github.com/duuu-hub/bb-scanner/actions/runs/36998066185/artifacts/11222846395
2026-10-02T10:58:32.2354857Z Post job cleanup.
2026-10-02T10:58:32.3416428Z (node:2454) [DEP0040] DeprecationWarning: The `punycode` module is deprecated. Please use a userland alternative instead.
2026-10-02T10:58:32.3417518Z (Use `node --trace-deprecation ...` to show where the warning was created)
2026-10-02T10:58:32.3598214Z [command]/usr/bin/tar --posix -cf cache.tzst --exclude cache.tzst -P -C /home/runner/work/bb-scanner/bb-scanner --files-from manifest.txt --use-compress-program zstdmt
2026-10-02T10:58:32.5209254Z (node:2454) [DEP0169] DeprecationWarning: `url.parse()` behavior is not standardized and prone to errors that have security implications. Use the WHATWG URL API instead. CVEs are not issued for `url.parse()` vulnerabilities.
2026-10-02T10:58:33.0083376Z Sent 15906291 of 15906291 (100.0%), 30.6 MBs/sec
2026-10-02T10:58:33.0840917Z Cache saved with key: market-breadth-recovery-v14-dev-1m-shard-5
2026-10-02T10:58:33.0985733Z Post job cleanup.
2026-10-02T10:58:33.2117900Z Cache hit occurred on the primary key frozen-source-36095439671-15m-shard-5, not saving cache.
2026-10-02T10:58:33.2119702Z (node:2474) [DEP0040] DeprecationWarning: The `punycode` module is deprecated. Please use a userland alternative instead.
2026-10-02T10:58:33.2120989Z (Use `node --trace-deprecation ...` to show where the warning was created)
2026-10-02T10:58:33.2229375Z Post job cleanup.
2026-10-02T10:58:33.3418785Z (node:2482) [DEP0040] DeprecationWarning: The `punycode` module is deprecated. Please use a userland alternative instead.
2026-10-02T10:58:33.3419751Z (Use `node --trace-deprecation ...` to show where the warning was created)
2026-10-02T10:58:33.3635670Z Post job cleanup.
2026-10-02T10:58:33.4525117Z [command]/usr/bin/git version
2026-10-02T10:58:33.4570285Z git version 2.55.0
2026-10-02T10:58:33.4614408Z Temporarily overriding HOME='/home/runner/work/_temp/cef5f3fc-754f-4f73-ba35-740a3cada75f' before making global git config changes
2026-10-02T10:58:33.4615778Z Adding repository directory to the temporary git global config as a safe directory
2026-10-02T10:58:33.4621106Z [command]/usr/bin/git config --global --add safe.directory /home/runner/work/bb-scanner/bb-scanner
2026-10-02T10:58:33.4660677Z [command]/usr/bin/git config --local --name-only --get-regexp core\.sshCommand
2026-10-02T10:58:33.4696154Z [command]/usr/bin/git submodule foreach --recursive sh -c "git config --local --name-only --get-regexp 'core\.sshCommand' && git config --local --unset-all 'core.sshCommand' || :"
2026-10-02T10:58:33.4944494Z [command]/usr/bin/git config --local --name-only --get-regexp http\.https\:\/\/github\.com\/\.extraheader
2026-10-02T10:58:33.4974109Z http.https://github.com/.extraheader
2026-10-02T10:58:33.4986381Z [command]/usr/bin/git config --local --unset-all http.https://github.com/.extraheader
2026-10-02T10:58:33.5020918Z [command]/usr/bin/git submodule foreach --recursive sh -c "git config --local --name-only --get-regexp 'http\.https\:\/\/github\.com\/\.extraheader' && git config --local --unset-all 'http.https://github.com/.extraheader' || :"
2026-10-02T10:58:33.5267778Z [command]/usr/bin/git config --local --name-only --get-regexp ^includeIf\.gitdir:
2026-10-02T10:58:33.5308856Z [command]/usr/bin/git submodule foreach --recursive git config --local --show-origin --name-only --get-regexp remote.origin.url
2026-10-02T10:58:33.5699629Z Cleaning up orphan processes
2026-10-02T10:58:33.6114754Z ##[warning]Node.js 20 is deprecated. The following actions target Node.js 20 but are being forced to run on Node.js 24: actions/cache@v4, actions/checkout@v4, actions/download-artifact@v4, actions/setup-python@v5, actions/upload-artifact@v4. For more information see: https://github.blog/changelog/2025-09-19-deprecation-of-node-20-on-github-actions-runners/
