2026-10-02T10:56:05.7719570Z Current runner version: '2.337.0'
2026-10-02T10:56:05.7755022Z ##[group]Runner Image Provisioner
2026-10-02T10:56:05.7756322Z Hosted Compute Agent
2026-10-02T10:56:05.7757476Z Version: 20260901.588
2026-10-02T10:56:05.7758553Z Commit: f88ec8081b781fac6c440065ac7ff9e710ce3d0b
2026-10-02T10:56:05.7760174Z Build Date: 2026-09-01T19:56:44Z
2026-10-02T10:56:05.7761452Z Worker ID: {a09d6b20-1263-48f4-b97b-da78416e6e98}
2026-10-02T10:56:05.7762616Z Azure Region: eastus2
2026-10-02T10:56:05.7763665Z ##[endgroup]
2026-10-02T10:56:05.7765868Z ##[group]Operating System
2026-10-02T10:56:05.7766974Z Ubuntu
2026-10-02T10:56:05.7767937Z 24.04.5
2026-10-02T10:56:05.7768766Z LTS
2026-10-02T10:56:05.7770554Z ##[endgroup]
2026-10-02T10:56:05.7771516Z ##[group]Runner Image
2026-10-02T10:56:05.7772575Z Image: ubuntu-24.04
2026-10-02T10:56:05.7773543Z Version: 20260927.320.1
2026-10-02T10:56:05.7775729Z Included Software: https://github.com/actions/runner-images/blob/ubuntu24/20260927.320/images/ubuntu/Ubuntu2404-Readme.md
2026-10-02T10:56:05.7778376Z Image Release: https://github.com/actions/runner-images/releases/tag/ubuntu24%2F20260927.320
2026-10-02T10:56:05.7780409Z ##[endgroup]
2026-10-02T10:56:05.7782429Z ##[group]GITHUB_TOKEN Permissions
2026-10-02T10:56:05.7785535Z Actions: read
2026-10-02T10:56:05.7786475Z Contents: read
2026-10-02T10:56:05.7787487Z Metadata: read
2026-10-02T10:56:05.7788501Z ##[endgroup]
2026-10-02T10:56:05.7791881Z Secret source: Actions
2026-10-02T10:56:05.7793371Z Cache mode: write
2026-10-02T10:56:05.7794736Z Prepare workflow directory
2026-10-02T10:56:05.8538032Z Prepare all required actions
2026-10-02T10:56:05.8611426Z Getting action download info
2026-10-02T10:56:06.0838972Z Download action repository 'actions/checkout@v4' (SHA:11d5960a326750d5838078e36cf38b85af677262)
2026-10-02T10:56:06.1856804Z Download action repository 'actions/setup-python@v5' (SHA:a26af69be951a213d495a4c3e4e4022e16d87065)
2026-10-02T10:56:06.2666198Z Download action repository 'actions/cache@v4' (SHA:0057852bfaa89a56745cba8c7296529d2fc39830)
2026-10-02T10:56:06.3604294Z Download action repository 'actions/upload-artifact@v4' (SHA:ea165f8d65b6e75b540449e92b4886f43607fa02)
2026-10-02T10:56:06.5953056Z Complete job name: map_development (0)
2026-10-02T10:56:06.6823574Z ##[group]Run actions/checkout@v4
2026-10-02T10:56:06.6824923Z with:
2026-10-02T10:56:06.6825801Z   repository: duuu-hub/bb-scanner
2026-10-02T10:56:06.6834666Z   token: ***
2026-10-02T10:56:06.6835472Z   ssh-strict: true
2026-10-02T10:56:06.6836290Z   ssh-user: git
2026-10-02T10:56:06.6837147Z   persist-credentials: true
2026-10-02T10:56:06.6838063Z   clean: true
2026-10-02T10:56:06.6838891Z   sparse-checkout-cone-mode: true
2026-10-02T10:56:06.6840032Z   fetch-depth: 1
2026-10-02T10:56:06.6840841Z   fetch-tags: false
2026-10-02T10:56:06.6841680Z   show-progress: true
2026-10-02T10:56:06.6842531Z   lfs: false
2026-10-02T10:56:06.6843317Z   submodules: false
2026-10-02T10:56:06.6844179Z   set-safe-directory: true
2026-10-02T10:56:06.6845162Z   allow-unsafe-pr-checkout: false
2026-10-02T10:56:06.6846467Z env:
2026-10-02T10:56:06.6855041Z   GH_TOKEN: ***
2026-10-02T10:56:06.6855840Z ##[endgroup]
2026-10-02T10:56:06.8088635Z Syncing repository: duuu-hub/bb-scanner
2026-10-02T10:56:06.8093246Z ##[group]Getting Git version info
2026-10-02T10:56:06.8095398Z Working directory is '/home/runner/work/bb-scanner/bb-scanner'
2026-10-02T10:56:06.8098583Z [command]/usr/bin/git version
2026-10-02T10:56:06.8193496Z git version 2.55.0
2026-10-02T10:56:06.8222463Z ##[endgroup]
2026-10-02T10:56:06.8232993Z Temporarily overriding HOME='/home/runner/work/_temp/4935946f-f0d5-4a22-aef4-40f8b15df92b' before making global git config changes
2026-10-02T10:56:06.8238746Z Adding repository directory to the temporary git global config as a safe directory
2026-10-02T10:56:06.8271760Z [command]/usr/bin/git config --global --add safe.directory /home/runner/work/bb-scanner/bb-scanner
2026-10-02T10:56:06.8312737Z Deleting the contents of '/home/runner/work/bb-scanner/bb-scanner'
2026-10-02T10:56:06.8317232Z ##[group]Initializing the repository
2026-10-02T10:56:06.8320188Z [command]/usr/bin/git init /home/runner/work/bb-scanner/bb-scanner
2026-10-02T10:56:06.8518009Z hint: Using 'master' as the name for the initial branch. This default branch name
2026-10-02T10:56:06.8521637Z hint: will change to "main" in Git 3.0. To configure the initial branch name
2026-10-02T10:56:06.8533811Z hint: to use in all of your new repositories, which will suppress this warning,
2026-10-02T10:56:06.8544221Z hint: call:
2026-10-02T10:56:06.8545478Z hint:
2026-10-02T10:56:06.8547018Z hint: 	git config --global init.defaultBranch <name>
2026-10-02T10:56:06.8548966Z hint:
2026-10-02T10:56:06.8550967Z hint: Names commonly chosen instead of 'master' are 'main', 'trunk' and
2026-10-02T10:56:06.8553970Z hint: 'development'. The just-created branch can be renamed via this command:
2026-10-02T10:56:06.8556425Z hint:
2026-10-02T10:56:06.8557647Z hint: 	git branch -m <name>
2026-10-02T10:56:06.8559189Z hint:
2026-10-02T10:56:06.8561568Z hint: Disable this message with "git config set advice.defaultBranchName false"
2026-10-02T10:56:06.8565112Z Initialized empty Git repository in /home/runner/work/bb-scanner/bb-scanner/.git/
2026-10-02T10:56:06.8581132Z [command]/usr/bin/git remote add origin https://github.com/duuu-hub/bb-scanner
2026-10-02T10:56:06.8593829Z ##[endgroup]
2026-10-02T10:56:06.8596282Z ##[group]Disabling automatic garbage collection
2026-10-02T10:56:06.8598305Z [command]/usr/bin/git config --local gc.auto 0
2026-10-02T10:56:06.8653133Z ##[endgroup]
2026-10-02T10:56:06.8655695Z ##[group]Setting up auth
2026-10-02T10:56:06.8681505Z [command]/usr/bin/git config --local --name-only --get-regexp core\.sshCommand
2026-10-02T10:56:06.8696704Z [command]/usr/bin/git submodule foreach --recursive sh -c "git config --local --name-only --get-regexp 'core\.sshCommand' && git config --local --unset-all 'core.sshCommand' || :"
2026-10-02T10:56:06.9161863Z [command]/usr/bin/git config --local --name-only --get-regexp http\.https\:\/\/github\.com\/\.extraheader
2026-10-02T10:56:06.9202645Z [command]/usr/bin/git submodule foreach --recursive sh -c "git config --local --name-only --get-regexp 'http\.https\:\/\/github\.com\/\.extraheader' && git config --local --unset-all 'http.https://github.com/.extraheader' || :"
2026-10-02T10:56:06.9436130Z [command]/usr/bin/git config --local --name-only --get-regexp ^includeIf\.gitdir:
2026-10-02T10:56:06.9473543Z [command]/usr/bin/git submodule foreach --recursive git config --local --show-origin --name-only --get-regexp remote.origin.url
2026-10-02T10:56:06.9700738Z [command]/usr/bin/git config --local http.https://github.com/.extraheader AUTHORIZATION: basic ***
2026-10-02T10:56:06.9742676Z ##[endgroup]
2026-10-02T10:56:06.9744129Z ##[group]Fetching the repository
2026-10-02T10:56:06.9754267Z [command]/usr/bin/git -c protocol.version=2 fetch --no-tags --prune --no-recurse-submodules --depth=1 origin +3b309e6b025fe0eb66c8be3ec0dbaad84b7e8344:refs/remotes/origin/research-market-breadth-recovery-v14
2026-10-02T10:56:07.9328216Z From https://github.com/duuu-hub/bb-scanner
2026-10-02T10:56:07.9331102Z  * [new ref]         3b309e6b025fe0eb66c8be3ec0dbaad84b7e8344 -> origin/research-market-breadth-recovery-v14
2026-10-02T10:56:07.9333992Z ##[endgroup]
2026-10-02T10:56:07.9335124Z ##[group]Determining the checkout info
2026-10-02T10:56:07.9336201Z ##[endgroup]
2026-10-02T10:56:07.9341496Z [command]/usr/bin/git sparse-checkout disable
2026-10-02T10:56:07.9399101Z [command]/usr/bin/git config --local --unset-all extensions.worktreeConfig
2026-10-02T10:56:07.9437063Z ##[group]Checking out the ref
2026-10-02T10:56:07.9438056Z [command]/usr/bin/git checkout --progress --force -B research-market-breadth-recovery-v14 refs/remotes/origin/research-market-breadth-recovery-v14
2026-10-02T10:56:08.1759536Z Switched to a new branch 'research-market-breadth-recovery-v14'
2026-10-02T10:56:08.1766675Z branch 'research-market-breadth-recovery-v14' set up to track 'origin/research-market-breadth-recovery-v14'.
2026-10-02T10:56:08.1777377Z ##[endgroup]
2026-10-02T10:56:08.1827069Z [command]/usr/bin/git log -1 --format=%H
2026-10-02T10:56:08.1854490Z 3b309e6b025fe0eb66c8be3ec0dbaad84b7e8344
2026-10-02T10:56:08.2182956Z ##[group]Run actions/setup-python@v5
2026-10-02T10:56:08.2183309Z with:
2026-10-02T10:56:08.2183526Z   python-version: 3.12
2026-10-02T10:56:08.2183768Z   check-latest: false
2026-10-02T10:56:08.2186205Z   token: ***
2026-10-02T10:56:08.2186440Z   update-environment: true
2026-10-02T10:56:08.2186692Z   allow-prereleases: false
2026-10-02T10:56:08.2186928Z   freethreaded: false
2026-10-02T10:56:08.2187137Z env:
2026-10-02T10:56:08.2189507Z   GH_TOKEN: ***
2026-10-02T10:56:08.2190085Z ##[endgroup]
2026-10-02T10:56:08.3532704Z ##[group]Installed versions
2026-10-02T10:56:08.3624802Z (node:2316) [DEP0040] DeprecationWarning: The `punycode` module is deprecated. Please use a userland alternative instead.
2026-10-02T10:56:08.3625594Z (Use `node --trace-deprecation ...` to show where the warning was created)
2026-10-02T10:56:08.3626591Z Successfully set up CPython (3.12.14)
2026-10-02T10:56:08.3627444Z ##[endgroup]
2026-10-02T10:56:08.3842682Z ##[group]Run set -euo pipefail
2026-10-02T10:56:08.3843059Z [36;1mset -euo pipefail[0m
2026-10-02T10:56:08.3843362Z [36;1mpip install pandas==2.3.3 numpy==2.3.3[0m
2026-10-02T10:56:08.4213548Z shell: /usr/bin/bash --noprofile --norc -e -o pipefail {0}
2026-10-02T10:56:08.4214056Z env:
2026-10-02T10:56:08.4217441Z   GH_TOKEN: ***
2026-10-02T10:56:08.4217765Z   pythonLocation: /opt/hostedtoolcache/Python/3.12.14/x64
2026-10-02T10:56:08.4218290Z   PKG_CONFIG_PATH: /opt/hostedtoolcache/Python/3.12.14/x64/lib/pkgconfig
2026-10-02T10:56:08.4218783Z   Python_ROOT_DIR: /opt/hostedtoolcache/Python/3.12.14/x64
2026-10-02T10:56:08.4219222Z   Python2_ROOT_DIR: /opt/hostedtoolcache/Python/3.12.14/x64
2026-10-02T10:56:08.4219856Z   Python3_ROOT_DIR: /opt/hostedtoolcache/Python/3.12.14/x64
2026-10-02T10:56:08.4220316Z   LD_LIBRARY_PATH: /opt/hostedtoolcache/Python/3.12.14/x64/lib
2026-10-02T10:56:08.4220692Z ##[endgroup]
2026-10-02T10:56:09.5158863Z Collecting pandas==2.3.3
2026-10-02T10:56:09.5826996Z   Downloading pandas-2.3.3-cp312-cp312-manylinux_2_24_x86_64.manylinux_2_28_x86_64.whl.metadata (91 kB)
2026-10-02T10:56:09.8635109Z Collecting numpy==2.3.3
2026-10-02T10:56:09.8716941Z   Downloading numpy-2.3.3-cp312-cp312-manylinux_2_27_x86_64.manylinux_2_28_x86_64.whl.metadata (62 kB)
2026-10-02T10:56:09.9051622Z Collecting python-dateutil>=2.8.2 (from pandas==2.3.3)
2026-10-02T10:56:09.9121424Z   Downloading python_dateutil-2.9.0.post0-py2.py3-none-any.whl.metadata (8.4 kB)
2026-10-02T10:56:09.9517053Z Collecting pytz>=2020.1 (from pandas==2.3.3)
2026-10-02T10:56:09.9586627Z   Downloading pytz-2026.4-py2.py3-none-any.whl.metadata (22 kB)
2026-10-02T10:56:09.9768645Z Collecting tzdata>=2022.7 (from pandas==2.3.3)
2026-10-02T10:56:09.9837326Z   Downloading tzdata-2026.4-py2.py3-none-any.whl.metadata (1.4 kB)
2026-10-02T10:56:10.0016587Z Collecting six>=1.5 (from python-dateutil>=2.8.2->pandas==2.3.3)
2026-10-02T10:56:10.0084398Z   Downloading six-1.17.0-py2.py3-none-any.whl.metadata (1.7 kB)
2026-10-02T10:56:10.0188370Z Downloading pandas-2.3.3-cp312-cp312-manylinux_2_24_x86_64.manylinux_2_28_x86_64.whl (12.4 MB)
2026-10-02T10:56:10.3051728Z    ━━━━━━━━━━━━━━━━━━━━━━━━━━━━━━━━━━━━━━━━ 12.4/12.4 MB 46.3 MB/s  0:00:00
2026-10-02T10:56:10.3136145Z Downloading numpy-2.3.3-cp312-cp312-manylinux_2_27_x86_64.manylinux_2_28_x86_64.whl (16.6 MB)
2026-10-02T10:56:10.4303820Z    ━━━━━━━━━━━━━━━━━━━━━━━━━━━━━━━━━━━━━━━━ 16.6/16.6 MB 146.5 MB/s  0:00:00
2026-10-02T10:56:10.4374009Z Downloading python_dateutil-2.9.0.post0-py2.py3-none-any.whl (229 kB)
2026-10-02T10:56:10.4467474Z Downloading pytz-2026.4-py2.py3-none-any.whl (506 kB)
2026-10-02T10:56:10.4569024Z Downloading six-1.17.0-py2.py3-none-any.whl (11 kB)
2026-10-02T10:56:10.4657666Z Downloading tzdata-2026.4-py2.py3-none-any.whl (347 kB)
2026-10-02T10:56:10.6295258Z Installing collected packages: pytz, tzdata, six, numpy, python-dateutil, pandas
2026-10-02T10:56:17.6100381Z 
2026-10-02T10:56:17.6109997Z Successfully installed numpy-2.3.3 pandas-2.3.3 python-dateutil-2.9.0.post0 pytz-2026.4 six-1.17.0 tzdata-2026.4
2026-10-02T10:56:17.6752021Z ##[group]Run actions/cache@v4
2026-10-02T10:56:17.6752293Z with:
2026-10-02T10:56:17.6752488Z   path: data
2026-10-02T10:56:17.6752711Z   key: frozen-source-36095439671-15m-shard-0
2026-10-02T10:56:17.6753016Z   enableCrossOsArchive: false
2026-10-02T10:56:17.6753268Z   fail-on-cache-miss: false
2026-10-02T10:56:17.6753508Z   lookup-only: false
2026-10-02T10:56:17.6753719Z   save-always: false
2026-10-02T10:56:17.6753918Z env:
2026-10-02T10:56:17.6756386Z   GH_TOKEN: ***
2026-10-02T10:56:17.6756679Z   pythonLocation: /opt/hostedtoolcache/Python/3.12.14/x64
2026-10-02T10:56:17.6757121Z   PKG_CONFIG_PATH: /opt/hostedtoolcache/Python/3.12.14/x64/lib/pkgconfig
2026-10-02T10:56:17.6757551Z   Python_ROOT_DIR: /opt/hostedtoolcache/Python/3.12.14/x64
2026-10-02T10:56:17.6757940Z   Python2_ROOT_DIR: /opt/hostedtoolcache/Python/3.12.14/x64
2026-10-02T10:56:17.6758352Z   Python3_ROOT_DIR: /opt/hostedtoolcache/Python/3.12.14/x64
2026-10-02T10:56:17.6758777Z   LD_LIBRARY_PATH: /opt/hostedtoolcache/Python/3.12.14/x64/lib
2026-10-02T10:56:17.6759104Z ##[endgroup]
2026-10-02T10:56:17.7870913Z (node:2351) [DEP0040] DeprecationWarning: The `punycode` module is deprecated. Please use a userland alternative instead.
2026-10-02T10:56:17.7871936Z (Use `node --trace-deprecation ...` to show where the warning was created)
2026-10-02T10:56:17.8610692Z Cache hit for: frozen-source-36095439671-15m-shard-0
2026-10-02T10:56:17.8742189Z (node:2351) [DEP0169] DeprecationWarning: `url.parse()` behavior is not standardized and prone to errors that have security implications. Use the WHATWG URL API instead. CVEs are not issued for `url.parse()` vulnerabilities.
2026-10-02T10:56:18.9105821Z Received 242832508 of 242832508 (100.0%), 233.5 MBs/sec
2026-10-02T10:56:18.9108136Z Cache Size: ~232 MB (242832508 B)
2026-10-02T10:56:18.9150349Z [command]/usr/bin/tar -xf /home/runner/work/_temp/4cb72868-38cd-47bb-8a63-37812ee478b9/cache.tzst -P -C /home/runner/work/bb-scanner/bb-scanner --use-compress-program unzstd
2026-10-02T10:56:19.2057355Z Cache restored successfully
2026-10-02T10:56:19.2244688Z Cache restored from key: frozen-source-36095439671-15m-shard-0
2026-10-02T10:56:19.2411740Z ##[group]Run set -euo pipefail
2026-10-02T10:56:19.2412096Z [36;1mset -euo pipefail[0m
2026-10-02T10:56:19.2412358Z [36;1mif [ 'true' != 'true' ]; then[0m
2026-10-02T10:56:19.2412887Z [36;1m  gh run download 36095439671 -R duuu-hub/bb-scanner -n rank5-binance-um-15m-5y-data-shard-0 -D data[0m
2026-10-02T10:56:19.2413412Z [36;1mfi[0m
2026-10-02T10:56:19.2413769Z [36;1mgh run download 36858492497 -R duuu-hub/bb-scanner -n day-edge-v2-btc -D btc[0m
2026-10-02T10:56:19.2414492Z [36;1mgh run download 36095439671 -R duuu-hub/bb-scanner -n rank5-binance-um-15m-5y-manifest-shard-0 -D source-manifest[0m
2026-10-02T10:56:19.2415747Z [36;1mpython scripts/research_evidence_archive.py verify-source --data data --manifests source-manifest --baseline research/market-breadth-recovery-v14/FROZEN_INPUT_HASHES.json --out map-development-0/source_check.json[0m
2026-10-02T10:56:19.2480620Z shell: /usr/bin/bash --noprofile --norc -e -o pipefail {0}
2026-10-02T10:56:19.2480981Z env:
2026-10-02T10:56:19.2483471Z   GH_TOKEN: ***
2026-10-02T10:56:19.2483779Z   pythonLocation: /opt/hostedtoolcache/Python/3.12.14/x64
2026-10-02T10:56:19.2484234Z   PKG_CONFIG_PATH: /opt/hostedtoolcache/Python/3.12.14/x64/lib/pkgconfig
2026-10-02T10:56:19.2484671Z   Python_ROOT_DIR: /opt/hostedtoolcache/Python/3.12.14/x64
2026-10-02T10:56:19.2485061Z   Python2_ROOT_DIR: /opt/hostedtoolcache/Python/3.12.14/x64
2026-10-02T10:56:19.2485456Z   Python3_ROOT_DIR: /opt/hostedtoolcache/Python/3.12.14/x64
2026-10-02T10:56:19.2485846Z   LD_LIBRARY_PATH: /opt/hostedtoolcache/Python/3.12.14/x64/lib
2026-10-02T10:56:19.2486176Z ##[endgroup]
2026-10-02T10:56:27.0178530Z FROZEN_SOURCE_VERIFIED 107 files 28 prior SHA256 matches
2026-10-02T10:56:27.0622992Z ##[group]Run set -euo pipefail
2026-10-02T10:56:27.0623493Z [36;1mset -euo pipefail[0m
2026-10-02T10:56:27.0624238Z [36;1mpython scripts/market_breadth_v14.py map --stage DEV --data data --btc btc/BTCUSDT.csv.gz --source-check map-development-0/source_check.json --out map-development-0[0m
2026-10-02T10:56:27.0687829Z shell: /usr/bin/bash --noprofile --norc -e -o pipefail {0}
2026-10-02T10:56:27.0688185Z env:
2026-10-02T10:56:27.0691058Z   GH_TOKEN: ***
2026-10-02T10:56:27.0691364Z   pythonLocation: /opt/hostedtoolcache/Python/3.12.14/x64
2026-10-02T10:56:27.0691845Z   PKG_CONFIG_PATH: /opt/hostedtoolcache/Python/3.12.14/x64/lib/pkgconfig
2026-10-02T10:56:27.0692308Z   Python_ROOT_DIR: /opt/hostedtoolcache/Python/3.12.14/x64
2026-10-02T10:56:27.0692719Z   Python2_ROOT_DIR: /opt/hostedtoolcache/Python/3.12.14/x64
2026-10-02T10:56:27.0693124Z   Python3_ROOT_DIR: /opt/hostedtoolcache/Python/3.12.14/x64
2026-10-02T10:56:27.0693574Z   LD_LIBRARY_PATH: /opt/hostedtoolcache/Python/3.12.14/x64/lib
2026-10-02T10:56:27.0693936Z ##[endgroup]
2026-10-02T10:56:30.0093883Z V14_BREADTH_MAP DEV 8 / 107
2026-10-02T10:56:34.7114165Z V14_BREADTH_MAP DEV 40 / 107
2026-10-02T10:56:36.6590567Z V14_BREADTH_MAP DEV 48 / 107
2026-10-02T10:56:38.3126635Z V14_BREADTH_MAP DEV 56 / 107
2026-10-02T10:56:42.5153535Z V14_BREADTH_MAP DEV 88 / 107
2026-10-02T10:56:45.7159016Z V14_BREADTH_MAP DEV 104 / 107
2026-10-02T10:56:47.2092357Z V14_BREADTH_MAP_DONE DEV shard 0 sources 107 rows 81793
2026-10-02T10:56:47.2680318Z ##[group]Run actions/upload-artifact@v4
2026-10-02T10:56:47.2680636Z with:
2026-10-02T10:56:47.2680904Z   name: market-breadth-recovery-v14-map-development-0
2026-10-02T10:56:47.2681249Z   path: map-development-0/
2026-10-02T10:56:47.2681501Z   retention-days: 30
2026-10-02T10:56:47.2681723Z   compression-level: 0
2026-10-02T10:56:47.2681949Z   if-no-files-found: warn
2026-10-02T10:56:47.2682181Z   overwrite: false
2026-10-02T10:56:47.2682405Z   include-hidden-files: false
2026-10-02T10:56:47.2682644Z env:
2026-10-02T10:56:47.2685345Z   GH_TOKEN: ***
2026-10-02T10:56:47.2685671Z   pythonLocation: /opt/hostedtoolcache/Python/3.12.14/x64
2026-10-02T10:56:47.2686123Z   PKG_CONFIG_PATH: /opt/hostedtoolcache/Python/3.12.14/x64/lib/pkgconfig
2026-10-02T10:56:47.2686564Z   Python_ROOT_DIR: /opt/hostedtoolcache/Python/3.12.14/x64
2026-10-02T10:56:47.2686955Z   Python2_ROOT_DIR: /opt/hostedtoolcache/Python/3.12.14/x64
2026-10-02T10:56:47.2687383Z   Python3_ROOT_DIR: /opt/hostedtoolcache/Python/3.12.14/x64
2026-10-02T10:56:47.2687790Z   LD_LIBRARY_PATH: /opt/hostedtoolcache/Python/3.12.14/x64/lib
2026-10-02T10:56:47.2688125Z ##[endgroup]
2026-10-02T10:56:47.4358585Z (node:2397) [DEP0040] DeprecationWarning: The `punycode` module is deprecated. Please use a userland alternative instead.
2026-10-02T10:56:47.4359445Z (Use `node --trace-deprecation ...` to show where the warning was created)
2026-10-02T10:56:47.4426322Z With the provided path, there will be 4 files uploaded
2026-10-02T10:56:47.4433603Z Artifact name is valid!
2026-10-02T10:56:47.4434309Z Root directory input is valid!
2026-10-02T10:56:47.6544766Z Beginning upload of artifact content to blob storage
2026-10-02T10:56:47.6815878Z (node:2397) [DEP0169] DeprecationWarning: `url.parse()` behavior is not standardized and prone to errors that have security implications. Use the WHATWG URL API instead. CVEs are not issued for `url.parse()` vulnerabilities.
2026-10-02T10:56:47.7564301Z Uploaded bytes 426033
2026-10-02T10:56:47.7765388Z Finished uploading artifact content to blob storage!
2026-10-02T10:56:47.7766955Z SHA256 digest of uploaded artifact zip is b7ecf88a64d9f19b753535887e777d2f154db2f70ad7f292274ad6769c2669a8
2026-10-02T10:56:47.7768874Z Finalizing artifact upload
2026-10-02T10:56:47.9761654Z Artifact market-breadth-recovery-v14-map-development-0.zip successfully finalized. Artifact ID 11222816299
2026-10-02T10:56:47.9762916Z Artifact market-breadth-recovery-v14-map-development-0 has been successfully uploaded! Final size is 426033 bytes. Artifact ID is 11222816299
2026-10-02T10:56:47.9769646Z Artifact download URL: https://github.com/duuu-hub/bb-scanner/actions/runs/36998066185/artifacts/11222816299
2026-10-02T10:56:47.9931126Z Post job cleanup.
2026-10-02T10:56:48.1033564Z Cache hit occurred on the primary key frozen-source-36095439671-15m-shard-0, not saving cache.
2026-10-02T10:56:48.1035385Z (node:2410) [DEP0040] DeprecationWarning: The `punycode` module is deprecated. Please use a userland alternative instead.
2026-10-02T10:56:48.1036955Z (Use `node --trace-deprecation ...` to show where the warning was created)
2026-10-02T10:56:48.1145423Z Post job cleanup.
2026-10-02T10:56:48.2395050Z (node:2418) [DEP0040] DeprecationWarning: The `punycode` module is deprecated. Please use a userland alternative instead.
2026-10-02T10:56:48.2396481Z (Use `node --trace-deprecation ...` to show where the warning was created)
2026-10-02T10:56:48.2595192Z Post job cleanup.
2026-10-02T10:56:48.3486088Z [command]/usr/bin/git version
2026-10-02T10:56:48.3533012Z git version 2.55.0
2026-10-02T10:56:48.3579522Z Temporarily overriding HOME='/home/runner/work/_temp/94cb6833-026b-49d6-a9c6-d3a69dc8c48c' before making global git config changes
2026-10-02T10:56:48.3581311Z Adding repository directory to the temporary git global config as a safe directory
2026-10-02T10:56:48.3586012Z [command]/usr/bin/git config --global --add safe.directory /home/runner/work/bb-scanner/bb-scanner
2026-10-02T10:56:48.3627845Z [command]/usr/bin/git config --local --name-only --get-regexp core\.sshCommand
2026-10-02T10:56:48.3666083Z [command]/usr/bin/git submodule foreach --recursive sh -c "git config --local --name-only --get-regexp 'core\.sshCommand' && git config --local --unset-all 'core.sshCommand' || :"
2026-10-02T10:56:48.3924067Z [command]/usr/bin/git config --local --name-only --get-regexp http\.https\:\/\/github\.com\/\.extraheader
2026-10-02T10:56:48.3954718Z http.https://github.com/.extraheader
2026-10-02T10:56:48.3966717Z [command]/usr/bin/git config --local --unset-all http.https://github.com/.extraheader
2026-10-02T10:56:48.4004647Z [command]/usr/bin/git submodule foreach --recursive sh -c "git config --local --name-only --get-regexp 'http\.https\:\/\/github\.com\/\.extraheader' && git config --local --unset-all 'http.https://github.com/.extraheader' || :"
2026-10-02T10:56:48.4258433Z [command]/usr/bin/git config --local --name-only --get-regexp ^includeIf\.gitdir:
2026-10-02T10:56:48.4301890Z [command]/usr/bin/git submodule foreach --recursive git config --local --show-origin --name-only --get-regexp remote.origin.url
2026-10-02T10:56:48.4734111Z Cleaning up orphan processes
2026-10-02T10:56:48.5037181Z ##[warning]Node.js 20 is deprecated. The following actions target Node.js 20 but are being forced to run on Node.js 24: actions/cache@v4, actions/checkout@v4, actions/setup-python@v5, actions/upload-artifact@v4. For more information see: https://github.blog/changelog/2025-09-19-deprecation-of-node-20-on-github-actions-runners/
