2026-10-02T10:57:22.6351532Z Current runner version: '2.337.0'
2026-10-02T10:57:22.6375216Z ##[group]Runner Image Provisioner
2026-10-02T10:57:22.6376122Z Hosted Compute Agent
2026-10-02T10:57:22.6376685Z Version: 20260901.588
2026-10-02T10:57:22.6377411Z Commit: f88ec8081b781fac6c440065ac7ff9e710ce3d0b
2026-10-02T10:57:22.6378145Z Build Date: 2026-09-01T19:56:44Z
2026-10-02T10:57:22.6378900Z Worker ID: {90fba038-49c5-4eaa-bb18-72f3a935b41d}
2026-10-02T10:57:22.6379656Z Azure Region: westus
2026-10-02T10:57:22.6380315Z ##[endgroup]
2026-10-02T10:57:22.6381997Z ##[group]Operating System
2026-10-02T10:57:22.6382709Z Ubuntu
2026-10-02T10:57:22.6383664Z 24.04.5
2026-10-02T10:57:22.6384435Z LTS
2026-10-02T10:57:22.6385006Z ##[endgroup]
2026-10-02T10:57:22.6385628Z ##[group]Runner Image
2026-10-02T10:57:22.6386225Z Image: ubuntu-24.04
2026-10-02T10:57:22.6386802Z Version: 20260927.320.1
2026-10-02T10:57:22.6388120Z Included Software: https://github.com/actions/runner-images/blob/ubuntu24/20260927.320/images/ubuntu/Ubuntu2404-Readme.md
2026-10-02T10:57:22.6389720Z Image Release: https://github.com/actions/runner-images/releases/tag/ubuntu24%2F20260927.320
2026-10-02T10:57:22.6390669Z ##[endgroup]
2026-10-02T10:57:22.6391908Z ##[group]GITHUB_TOKEN Permissions
2026-10-02T10:57:22.6393980Z Actions: read
2026-10-02T10:57:22.6394790Z Contents: read
2026-10-02T10:57:22.6395450Z Metadata: read
2026-10-02T10:57:22.6396036Z ##[endgroup]
2026-10-02T10:57:22.6398136Z Secret source: Actions
2026-10-02T10:57:22.6399076Z Cache mode: write
2026-10-02T10:57:22.6399790Z Prepare workflow directory
2026-10-02T10:57:22.6923361Z Prepare all required actions
2026-10-02T10:57:22.6971129Z Getting action download info
2026-10-02T10:57:23.0738063Z Download action repository 'actions/checkout@v4' (SHA:11d5960a326750d5838078e36cf38b85af677262)
2026-10-02T10:57:23.1876989Z Download action repository 'actions/setup-python@v5' (SHA:a26af69be951a213d495a4c3e4e4022e16d87065)
2026-10-02T10:57:23.2650209Z Download action repository 'actions/cache@v4' (SHA:0057852bfaa89a56745cba8c7296529d2fc39830)
2026-10-02T10:57:23.4097215Z Download action repository 'actions/download-artifact@v4' (SHA:d3f86a106a0bac45b974a628896c90dbdf5c8093)
2026-10-02T10:57:23.8609502Z Download action repository 'actions/upload-artifact@v4' (SHA:ea165f8d65b6e75b540449e92b4886f43607fa02)
2026-10-02T10:57:24.1056240Z Complete job name: development (0)
2026-10-02T10:57:24.1752156Z ##[group]Run actions/checkout@v4
2026-10-02T10:57:24.1753021Z with:
2026-10-02T10:57:24.1753462Z   repository: duuu-hub/bb-scanner
2026-10-02T10:57:24.1757628Z   token: ***
2026-10-02T10:57:24.1758069Z   ssh-strict: true
2026-10-02T10:57:24.1758499Z   ssh-user: git
2026-10-02T10:57:24.1758943Z   persist-credentials: true
2026-10-02T10:57:24.1759422Z   clean: true
2026-10-02T10:57:24.1759855Z   sparse-checkout-cone-mode: true
2026-10-02T10:57:24.1760375Z   fetch-depth: 1
2026-10-02T10:57:24.1760800Z   fetch-tags: false
2026-10-02T10:57:24.1761228Z   show-progress: true
2026-10-02T10:57:24.1761657Z   lfs: false
2026-10-02T10:57:24.1762057Z   submodules: false
2026-10-02T10:57:24.1762514Z   set-safe-directory: true
2026-10-02T10:57:24.1763009Z   allow-unsafe-pr-checkout: false
2026-10-02T10:57:24.1764343Z env:
2026-10-02T10:57:24.1767979Z   GH_TOKEN: ***
2026-10-02T10:57:24.1768420Z ##[endgroup]
2026-10-02T10:57:24.2771135Z Syncing repository: duuu-hub/bb-scanner
2026-10-02T10:57:24.2772963Z ##[group]Getting Git version info
2026-10-02T10:57:24.2774477Z Working directory is '/home/runner/work/bb-scanner/bb-scanner'
2026-10-02T10:57:24.2776280Z [command]/usr/bin/git version
2026-10-02T10:57:24.2863091Z git version 2.55.0
2026-10-02T10:57:24.2885247Z ##[endgroup]
2026-10-02T10:57:24.2900037Z Temporarily overriding HOME='/home/runner/work/_temp/6e6a1dbe-4a81-4944-bfa8-b26044a54eab' before making global git config changes
2026-10-02T10:57:24.2902529Z Adding repository directory to the temporary git global config as a safe directory
2026-10-02T10:57:24.2906261Z [command]/usr/bin/git config --global --add safe.directory /home/runner/work/bb-scanner/bb-scanner
2026-10-02T10:57:24.2957936Z Deleting the contents of '/home/runner/work/bb-scanner/bb-scanner'
2026-10-02T10:57:24.2961022Z ##[group]Initializing the repository
2026-10-02T10:57:24.2966546Z [command]/usr/bin/git init /home/runner/work/bb-scanner/bb-scanner
2026-10-02T10:57:24.3071392Z hint: Using 'master' as the name for the initial branch. This default branch name
2026-10-02T10:57:24.3073400Z hint: will change to "main" in Git 3.0. To configure the initial branch name
2026-10-02T10:57:24.3075736Z hint: to use in all of your new repositories, which will suppress this warning,
2026-10-02T10:57:24.3077194Z hint: call:
2026-10-02T10:57:24.3078134Z hint:
2026-10-02T10:57:24.3166196Z hint: 	git config --global init.defaultBranch <name>
2026-10-02T10:57:24.3169625Z hint:
2026-10-02T10:57:24.3170633Z hint: Names commonly chosen instead of 'master' are 'main', 'trunk' and
2026-10-02T10:57:24.3172134Z hint: 'development'. The just-created branch can be renamed via this command:
2026-10-02T10:57:24.3173430Z hint:
2026-10-02T10:57:24.3174401Z hint: 	git branch -m <name>
2026-10-02T10:57:24.3185993Z hint:
2026-10-02T10:57:24.3195890Z hint: Disable this message with "git config set advice.defaultBranchName false"
2026-10-02T10:57:24.3197757Z Initialized empty Git repository in /home/runner/work/bb-scanner/bb-scanner/.git/
2026-10-02T10:57:24.3201160Z [command]/usr/bin/git remote add origin https://github.com/duuu-hub/bb-scanner
2026-10-02T10:57:24.3203743Z ##[endgroup]
2026-10-02T10:57:24.3205457Z ##[group]Disabling automatic garbage collection
2026-10-02T10:57:24.3206524Z [command]/usr/bin/git config --local gc.auto 0
2026-10-02T10:57:24.3212905Z ##[endgroup]
2026-10-02T10:57:24.3214493Z ##[group]Setting up auth
2026-10-02T10:57:24.3227502Z [command]/usr/bin/git config --local --name-only --get-regexp core\.sshCommand
2026-10-02T10:57:24.3266522Z [command]/usr/bin/git submodule foreach --recursive sh -c "git config --local --name-only --get-regexp 'core\.sshCommand' && git config --local --unset-all 'core.sshCommand' || :"
2026-10-02T10:57:24.3629748Z [command]/usr/bin/git config --local --name-only --get-regexp http\.https\:\/\/github\.com\/\.extraheader
2026-10-02T10:57:24.3688290Z [command]/usr/bin/git submodule foreach --recursive sh -c "git config --local --name-only --get-regexp 'http\.https\:\/\/github\.com\/\.extraheader' && git config --local --unset-all 'http.https://github.com/.extraheader' || :"
2026-10-02T10:57:24.3913072Z [command]/usr/bin/git config --local --name-only --get-regexp ^includeIf\.gitdir:
2026-10-02T10:57:24.3951061Z [command]/usr/bin/git submodule foreach --recursive git config --local --show-origin --name-only --get-regexp remote.origin.url
2026-10-02T10:57:24.4175687Z [command]/usr/bin/git config --local http.https://github.com/.extraheader AUTHORIZATION: basic ***
2026-10-02T10:57:24.4216738Z ##[endgroup]
2026-10-02T10:57:24.4217573Z ##[group]Fetching the repository
2026-10-02T10:57:24.4229800Z [command]/usr/bin/git -c protocol.version=2 fetch --no-tags --prune --no-recurse-submodules --depth=1 origin +3b309e6b025fe0eb66c8be3ec0dbaad84b7e8344:refs/remotes/origin/research-market-breadth-recovery-v14
2026-10-02T10:57:25.4113901Z From https://github.com/duuu-hub/bb-scanner
2026-10-02T10:57:25.4116268Z  * [new ref]         3b309e6b025fe0eb66c8be3ec0dbaad84b7e8344 -> origin/research-market-breadth-recovery-v14
2026-10-02T10:57:25.4121044Z ##[endgroup]
2026-10-02T10:57:25.4122841Z ##[group]Determining the checkout info
2026-10-02T10:57:25.4125008Z ##[endgroup]
2026-10-02T10:57:25.4129124Z [command]/usr/bin/git sparse-checkout disable
2026-10-02T10:57:25.4183138Z [command]/usr/bin/git config --local --unset-all extensions.worktreeConfig
2026-10-02T10:57:25.4219020Z ##[group]Checking out the ref
2026-10-02T10:57:25.4224721Z [command]/usr/bin/git checkout --progress --force -B research-market-breadth-recovery-v14 refs/remotes/origin/research-market-breadth-recovery-v14
2026-10-02T10:57:25.6469933Z Switched to a new branch 'research-market-breadth-recovery-v14'
2026-10-02T10:57:25.6475272Z branch 'research-market-breadth-recovery-v14' set up to track 'origin/research-market-breadth-recovery-v14'.
2026-10-02T10:57:25.6486429Z ##[endgroup]
2026-10-02T10:57:25.6533138Z [command]/usr/bin/git log -1 --format=%H
2026-10-02T10:57:25.6560905Z 3b309e6b025fe0eb66c8be3ec0dbaad84b7e8344
2026-10-02T10:57:25.6828279Z ##[group]Run actions/setup-python@v5
2026-10-02T10:57:25.6828725Z with:
2026-10-02T10:57:25.6829029Z   python-version: 3.12
2026-10-02T10:57:25.6829352Z   check-latest: false
2026-10-02T10:57:25.6832077Z   token: ***
2026-10-02T10:57:25.6832395Z   update-environment: true
2026-10-02T10:57:25.6832750Z   allow-prereleases: false
2026-10-02T10:57:25.6833088Z   freethreaded: false
2026-10-02T10:57:25.6833379Z env:
2026-10-02T10:57:25.6836295Z   GH_TOKEN: ***
2026-10-02T10:57:25.6836598Z ##[endgroup]
2026-10-02T10:57:25.8165442Z ##[group]Installed versions
2026-10-02T10:57:25.8253803Z (node:2301) [DEP0040] DeprecationWarning: The `punycode` module is deprecated. Please use a userland alternative instead.
2026-10-02T10:57:25.8255602Z (Use `node --trace-deprecation ...` to show where the warning was created)
2026-10-02T10:57:25.8257995Z Successfully set up CPython (3.12.14)
2026-10-02T10:57:25.8258970Z ##[endgroup]
2026-10-02T10:57:25.8445865Z ##[group]Run set -euo pipefail
2026-10-02T10:57:25.8446493Z [36;1mset -euo pipefail[0m
2026-10-02T10:57:25.8447025Z [36;1mpip install pandas==2.3.3 numpy==2.3.3[0m
2026-10-02T10:57:25.8767288Z shell: /usr/bin/bash --noprofile --norc -e -o pipefail {0}
2026-10-02T10:57:25.8767805Z env:
2026-10-02T10:57:25.8771104Z   GH_TOKEN: ***
2026-10-02T10:57:25.8771503Z   pythonLocation: /opt/hostedtoolcache/Python/3.12.14/x64
2026-10-02T10:57:25.8772115Z   PKG_CONFIG_PATH: /opt/hostedtoolcache/Python/3.12.14/x64/lib/pkgconfig
2026-10-02T10:57:25.8772694Z   Python_ROOT_DIR: /opt/hostedtoolcache/Python/3.12.14/x64
2026-10-02T10:57:25.8773215Z   Python2_ROOT_DIR: /opt/hostedtoolcache/Python/3.12.14/x64
2026-10-02T10:57:25.8773732Z   Python3_ROOT_DIR: /opt/hostedtoolcache/Python/3.12.14/x64
2026-10-02T10:57:25.8774585Z   LD_LIBRARY_PATH: /opt/hostedtoolcache/Python/3.12.14/x64/lib
2026-10-02T10:57:25.8775040Z ##[endgroup]
2026-10-02T10:57:26.8221108Z Collecting pandas==2.3.3
2026-10-02T10:57:26.8682389Z   Downloading pandas-2.3.3-cp312-cp312-manylinux_2_24_x86_64.manylinux_2_28_x86_64.whl.metadata (91 kB)
2026-10-02T10:57:27.1262127Z Collecting numpy==2.3.3
2026-10-02T10:57:27.1301448Z   Downloading numpy-2.3.3-cp312-cp312-manylinux_2_27_x86_64.manylinux_2_28_x86_64.whl.metadata (62 kB)
2026-10-02T10:57:27.1545782Z Collecting python-dateutil>=2.8.2 (from pandas==2.3.3)
2026-10-02T10:57:27.1574736Z   Downloading python_dateutil-2.9.0.post0-py2.py3-none-any.whl.metadata (8.4 kB)
2026-10-02T10:57:27.1889014Z Collecting pytz>=2020.1 (from pandas==2.3.3)
2026-10-02T10:57:27.1916519Z   Downloading pytz-2026.4-py2.py3-none-any.whl.metadata (22 kB)
2026-10-02T10:57:27.2068934Z Collecting tzdata>=2022.7 (from pandas==2.3.3)
2026-10-02T10:57:27.2097212Z   Downloading tzdata-2026.4-py2.py3-none-any.whl.metadata (1.4 kB)
2026-10-02T10:57:27.2220567Z Collecting six>=1.5 (from python-dateutil>=2.8.2->pandas==2.3.3)
2026-10-02T10:57:27.2250394Z   Downloading six-1.17.0-py2.py3-none-any.whl.metadata (1.7 kB)
2026-10-02T10:57:27.2316706Z Downloading pandas-2.3.3-cp312-cp312-manylinux_2_24_x86_64.manylinux_2_28_x86_64.whl (12.4 MB)
2026-10-02T10:57:27.3007700Z    ━━━━━━━━━━━━━━━━━━━━━━━━━━━━━━━━━━━━━━━━ 12.4/12.4 MB 193.5 MB/s  0:00:00
2026-10-02T10:57:27.3036135Z Downloading numpy-2.3.3-cp312-cp312-manylinux_2_27_x86_64.manylinux_2_28_x86_64.whl (16.6 MB)
2026-10-02T10:57:27.3847581Z    ━━━━━━━━━━━━━━━━━━━━━━━━━━━━━━━━━━━━━━━━ 16.6/16.6 MB 214.2 MB/s  0:00:00
2026-10-02T10:57:27.3882976Z Downloading python_dateutil-2.9.0.post0-py2.py3-none-any.whl (229 kB)
2026-10-02T10:57:27.3941202Z Downloading pytz-2026.4-py2.py3-none-any.whl (506 kB)
2026-10-02T10:57:27.4003753Z Downloading six-1.17.0-py2.py3-none-any.whl (11 kB)
2026-10-02T10:57:27.4057714Z Downloading tzdata-2026.4-py2.py3-none-any.whl (347 kB)
2026-10-02T10:57:27.5696987Z Installing collected packages: pytz, tzdata, six, numpy, python-dateutil, pandas
2026-10-02T10:57:34.4807318Z 
2026-10-02T10:57:34.4821096Z Successfully installed numpy-2.3.3 pandas-2.3.3 python-dateutil-2.9.0.post0 pytz-2026.4 six-1.17.0 tzdata-2026.4
2026-10-02T10:57:34.5530295Z ##[group]Run actions/cache@v4
2026-10-02T10:57:34.5530592Z with:
2026-10-02T10:57:34.5530792Z   path: data
2026-10-02T10:57:34.5531029Z   key: frozen-source-36095439671-15m-shard-0
2026-10-02T10:57:34.5531342Z   enableCrossOsArchive: false
2026-10-02T10:57:34.5531598Z   fail-on-cache-miss: false
2026-10-02T10:57:34.5531856Z   lookup-only: false
2026-10-02T10:57:34.5532071Z   save-always: false
2026-10-02T10:57:34.5532267Z env:
2026-10-02T10:57:34.5535033Z   GH_TOKEN: ***
2026-10-02T10:57:34.5535364Z   pythonLocation: /opt/hostedtoolcache/Python/3.12.14/x64
2026-10-02T10:57:34.5535816Z   PKG_CONFIG_PATH: /opt/hostedtoolcache/Python/3.12.14/x64/lib/pkgconfig
2026-10-02T10:57:34.5536250Z   Python_ROOT_DIR: /opt/hostedtoolcache/Python/3.12.14/x64
2026-10-02T10:57:34.5536651Z   Python2_ROOT_DIR: /opt/hostedtoolcache/Python/3.12.14/x64
2026-10-02T10:57:34.5537044Z   Python3_ROOT_DIR: /opt/hostedtoolcache/Python/3.12.14/x64
2026-10-02T10:57:34.5537478Z   LD_LIBRARY_PATH: /opt/hostedtoolcache/Python/3.12.14/x64/lib
2026-10-02T10:57:34.5537808Z ##[endgroup]
2026-10-02T10:57:34.6582950Z (node:2338) [DEP0040] DeprecationWarning: The `punycode` module is deprecated. Please use a userland alternative instead.
2026-10-02T10:57:34.6584670Z (Use `node --trace-deprecation ...` to show where the warning was created)
2026-10-02T10:57:34.9597009Z Cache hit for: frozen-source-36095439671-15m-shard-0
2026-10-02T10:57:34.9717809Z (node:2338) [DEP0169] DeprecationWarning: `url.parse()` behavior is not standardized and prone to errors that have security implications. Use the WHATWG URL API instead. CVEs are not issued for `url.parse()` vulnerabilities.
2026-10-02T10:57:36.2522381Z Received 4194304 of 242832508 (1.7%), 4.0 MBs/sec
2026-10-02T10:57:37.2595330Z Received 113246208 of 242832508 (46.6%), 53.9 MBs/sec
2026-10-02T10:57:38.2051699Z Received 242832508 of 242832508 (100.0%), 78.4 MBs/sec
2026-10-02T10:57:38.2054129Z Cache Size: ~232 MB (242832508 B)
2026-10-02T10:57:38.2102027Z [command]/usr/bin/tar -xf /home/runner/work/_temp/6e26439c-90ad-45d6-af2c-b8cd5a4c575b/cache.tzst -P -C /home/runner/work/bb-scanner/bb-scanner --use-compress-program unzstd
2026-10-02T10:57:38.5200198Z Cache restored successfully
2026-10-02T10:57:38.5385027Z Cache restored from key: frozen-source-36095439671-15m-shard-0
2026-10-02T10:57:38.5539484Z ##[group]Run set -euo pipefail
2026-10-02T10:57:38.5539822Z [36;1mset -euo pipefail[0m
2026-10-02T10:57:38.5540088Z [36;1mif [ 'true' != 'true' ]; then[0m
2026-10-02T10:57:38.5540616Z [36;1m  gh run download 36095439671 -R duuu-hub/bb-scanner -n rank5-binance-um-15m-5y-data-shard-0 -D data[0m
2026-10-02T10:57:38.5541122Z [36;1mfi[0m
2026-10-02T10:57:38.5541461Z [36;1mgh run download 36858492497 -R duuu-hub/bb-scanner -n day-edge-v2-btc -D btc[0m
2026-10-02T10:57:38.5542178Z [36;1mgh run download 36095439671 -R duuu-hub/bb-scanner -n rank5-binance-um-15m-5y-manifest-shard-0 -D source-manifest[0m
2026-10-02T10:57:38.5543332Z [36;1mpython scripts/research_evidence_archive.py verify-source --data data --manifests source-manifest --baseline research/market-breadth-recovery-v14/FROZEN_INPUT_HASHES.json --out dev-0/source_check.json[0m
2026-10-02T10:57:38.5609438Z shell: /usr/bin/bash --noprofile --norc -e -o pipefail {0}
2026-10-02T10:57:38.5609842Z env:
2026-10-02T10:57:38.5612308Z   GH_TOKEN: ***
2026-10-02T10:57:38.5612612Z   pythonLocation: /opt/hostedtoolcache/Python/3.12.14/x64
2026-10-02T10:57:38.5613053Z   PKG_CONFIG_PATH: /opt/hostedtoolcache/Python/3.12.14/x64/lib/pkgconfig
2026-10-02T10:57:38.5613505Z   Python_ROOT_DIR: /opt/hostedtoolcache/Python/3.12.14/x64
2026-10-02T10:57:38.5613890Z   Python2_ROOT_DIR: /opt/hostedtoolcache/Python/3.12.14/x64
2026-10-02T10:57:38.5614627Z   Python3_ROOT_DIR: /opt/hostedtoolcache/Python/3.12.14/x64
2026-10-02T10:57:38.5615245Z   LD_LIBRARY_PATH: /opt/hostedtoolcache/Python/3.12.14/x64/lib
2026-10-02T10:57:38.5615585Z ##[endgroup]
2026-10-02T10:57:49.5776719Z FROZEN_SOURCE_VERIFIED 107 files 28 prior SHA256 matches
2026-10-02T10:57:49.6257588Z ##[group]Run actions/download-artifact@v4
2026-10-02T10:57:49.6257901Z with:
2026-10-02T10:57:49.6258167Z   name: market-breadth-recovery-v14-breadth-development
2026-10-02T10:57:49.6258502Z   path: frozen-breadth
2026-10-02T10:57:49.6258732Z   merge-multiple: false
2026-10-02T10:57:49.6258969Z   repository: duuu-hub/bb-scanner
2026-10-02T10:57:49.6259222Z   run-id: 36998066185
2026-10-02T10:57:49.6259422Z env:
2026-10-02T10:57:49.6261882Z   GH_TOKEN: ***
2026-10-02T10:57:49.6262169Z   pythonLocation: /opt/hostedtoolcache/Python/3.12.14/x64
2026-10-02T10:57:49.6262603Z   PKG_CONFIG_PATH: /opt/hostedtoolcache/Python/3.12.14/x64/lib/pkgconfig
2026-10-02T10:57:49.6263029Z   Python_ROOT_DIR: /opt/hostedtoolcache/Python/3.12.14/x64
2026-10-02T10:57:49.6263421Z   Python2_ROOT_DIR: /opt/hostedtoolcache/Python/3.12.14/x64
2026-10-02T10:57:49.6263795Z   Python3_ROOT_DIR: /opt/hostedtoolcache/Python/3.12.14/x64
2026-10-02T10:57:49.6264493Z   LD_LIBRARY_PATH: /opt/hostedtoolcache/Python/3.12.14/x64/lib
2026-10-02T10:57:49.6264831Z ##[endgroup]
2026-10-02T10:57:49.7770733Z Downloading single artifact
2026-10-02T10:57:49.7918005Z (node:2380) [DEP0040] DeprecationWarning: The `punycode` module is deprecated. Please use a userland alternative instead.
2026-10-02T10:57:49.7918891Z (Use `node --trace-deprecation ...` to show where the warning was created)
2026-10-02T10:57:50.0679014Z Preparing to download the following artifacts:
2026-10-02T10:57:50.0680560Z - market-breadth-recovery-v14-breadth-development (ID: 11221843701, Size: 584090, Expected Digest: sha256:5f057fdcf8d940f77f1e110c4f4b5d4be16a113815448d0595779916a7ea7a3e)
2026-10-02T10:57:50.3270829Z Redirecting to blob download url: https://productionresultssa1.blob.core.windows.net/actions-results/4c6d94bb-c57d-866c-adeb-19fded5ca407/workflow-job-run-2af8ed6d-df57-5cbd-b83a-41c968e43310/artifacts/0ef112ac9252012addd398fb1ca16b8a182ad28514357794d0817410d1b1b9b0.zip
2026-10-02T10:57:50.3273835Z Starting download of artifact to: /home/runner/work/bb-scanner/bb-scanner/frozen-breadth
2026-10-02T10:57:50.6293134Z (node:2380) [DEP0005] DeprecationWarning: Buffer() is deprecated due to security and usability issues. Please use the Buffer.alloc(), Buffer.allocUnsafe(), or Buffer.from() methods instead.
2026-10-02T10:57:51.0798942Z SHA256 digest of downloaded artifact is 5f057fdcf8d940f77f1e110c4f4b5d4be16a113815448d0595779916a7ea7a3e
2026-10-02T10:57:51.0799866Z Artifact download completed successfully.
2026-10-02T10:57:51.0800271Z Total of 1 artifact(s) downloaded
2026-10-02T10:57:51.0804446Z Download artifact has finished successfully
2026-10-02T10:57:51.0944981Z ##[group]Run actions/cache@v4
2026-10-02T10:57:51.0945283Z with:
2026-10-02T10:57:51.0945492Z   path: cache/verified-1m
2026-10-02T10:57:51.0945787Z   key: market-breadth-recovery-v14-dev-1m-shard-0
2026-10-02T10:57:51.0946278Z   restore-keys: premium-absorption-v8-dev-1m-shard-0
factor-lag-v6-dev-1m-shard-0
2026-10-02T10:57:51.0946743Z   enableCrossOsArchive: false
2026-10-02T10:57:51.0947002Z   fail-on-cache-miss: false
2026-10-02T10:57:51.0947234Z   lookup-only: false
2026-10-02T10:57:51.0947451Z   save-always: false
2026-10-02T10:57:51.0947650Z env:
2026-10-02T10:57:51.0950062Z   GH_TOKEN: ***
2026-10-02T10:57:51.0950351Z   pythonLocation: /opt/hostedtoolcache/Python/3.12.14/x64
2026-10-02T10:57:51.0950797Z   PKG_CONFIG_PATH: /opt/hostedtoolcache/Python/3.12.14/x64/lib/pkgconfig
2026-10-02T10:57:51.0951242Z   Python_ROOT_DIR: /opt/hostedtoolcache/Python/3.12.14/x64
2026-10-02T10:57:51.0951637Z   Python2_ROOT_DIR: /opt/hostedtoolcache/Python/3.12.14/x64
2026-10-02T10:57:51.0952046Z   Python3_ROOT_DIR: /opt/hostedtoolcache/Python/3.12.14/x64
2026-10-02T10:57:51.0952435Z   LD_LIBRARY_PATH: /opt/hostedtoolcache/Python/3.12.14/x64/lib
2026-10-02T10:57:51.0953006Z ##[endgroup]
2026-10-02T10:57:51.2072928Z (node:2393) [DEP0040] DeprecationWarning: The `punycode` module is deprecated. Please use a userland alternative instead.
2026-10-02T10:57:51.2073954Z (Use `node --trace-deprecation ...` to show where the warning was created)
2026-10-02T10:57:51.4635512Z Cache not found for input keys: market-breadth-recovery-v14-dev-1m-shard-0, premium-absorption-v8-dev-1m-shard-0, factor-lag-v6-dev-1m-shard-0
2026-10-02T10:57:51.4726298Z ##[group]Run set -euo pipefail
2026-10-02T10:57:51.4726667Z [36;1mset -euo pipefail[0m
2026-10-02T10:57:51.4727569Z [36;1mpython scripts/market_breadth_recovery_v14.py scan --stage DEV --data data --btc btc/BTCUSDT.csv.gz --breadth-dir frozen-breadth --source-check dev-0/source_check.json --out dev-0 --minute-cache cache/verified-1m[0m
2026-10-02T10:57:51.4795348Z shell: /usr/bin/bash --noprofile --norc -e -o pipefail {0}
2026-10-02T10:57:51.4795732Z env:
2026-10-02T10:57:51.4798537Z   GH_TOKEN: ***
2026-10-02T10:57:51.4798849Z   pythonLocation: /opt/hostedtoolcache/Python/3.12.14/x64
2026-10-02T10:57:51.4799353Z   PKG_CONFIG_PATH: /opt/hostedtoolcache/Python/3.12.14/x64/lib/pkgconfig
2026-10-02T10:57:51.4799825Z   Python_ROOT_DIR: /opt/hostedtoolcache/Python/3.12.14/x64
2026-10-02T10:57:51.4800245Z   Python2_ROOT_DIR: /opt/hostedtoolcache/Python/3.12.14/x64
2026-10-02T10:57:51.4800658Z   Python3_ROOT_DIR: /opt/hostedtoolcache/Python/3.12.14/x64
2026-10-02T10:57:51.4801117Z   LD_LIBRARY_PATH: /opt/hostedtoolcache/Python/3.12.14/x64/lib
2026-10-02T10:57:51.4801481Z ##[endgroup]
2026-10-02T10:57:57.3557973Z V14_BREADTH_RECOVERY_SCAN DEV 8 / 107 parameterized_outcomes 2124
2026-10-02T10:58:01.9503290Z V14_BREADTH_RECOVERY_SCAN DEV 40 / 107 parameterized_outcomes 6648
2026-10-02T10:58:04.4422612Z V14_BREADTH_RECOVERY_SCAN DEV 48 / 107 parameterized_outcomes 7602
2026-10-02T10:58:05.6704752Z V14_BREADTH_RECOVERY_SCAN DEV 56 / 107 parameterized_outcomes 7746
2026-10-02T10:58:09.6519404Z V14_BREADTH_RECOVERY_SCAN DEV 88 / 107 parameterized_outcomes 10158
2026-10-02T10:58:12.6327775Z V14_BREADTH_RECOVERY_SCAN DEV 104 / 107 parameterized_outcomes 11184
2026-10-02T10:58:13.8451610Z V14_BREADTH_RECOVERY_SCAN_DONE DEV 11886 chronology_exclusions 0
2026-10-02T10:58:13.9185822Z ##[group]Run actions/upload-artifact@v4
2026-10-02T10:58:13.9186128Z with:
2026-10-02T10:58:13.9186354Z   name: market-breadth-recovery-v14-dev-0
2026-10-02T10:58:13.9186645Z   path: dev-0/
2026-10-02T10:58:13.9186849Z   retention-days: 30
2026-10-02T10:58:13.9187074Z   compression-level: 0
2026-10-02T10:58:13.9187300Z   if-no-files-found: warn
2026-10-02T10:58:13.9187527Z   overwrite: false
2026-10-02T10:58:13.9187750Z   include-hidden-files: false
2026-10-02T10:58:13.9187985Z env:
2026-10-02T10:58:13.9190453Z   GH_TOKEN: ***
2026-10-02T10:58:13.9190748Z   pythonLocation: /opt/hostedtoolcache/Python/3.12.14/x64
2026-10-02T10:58:13.9191210Z   PKG_CONFIG_PATH: /opt/hostedtoolcache/Python/3.12.14/x64/lib/pkgconfig
2026-10-02T10:58:13.9191647Z   Python_ROOT_DIR: /opt/hostedtoolcache/Python/3.12.14/x64
2026-10-02T10:58:13.9192044Z   Python2_ROOT_DIR: /opt/hostedtoolcache/Python/3.12.14/x64
2026-10-02T10:58:13.9192433Z   Python3_ROOT_DIR: /opt/hostedtoolcache/Python/3.12.14/x64
2026-10-02T10:58:13.9192850Z   LD_LIBRARY_PATH: /opt/hostedtoolcache/Python/3.12.14/x64/lib
2026-10-02T10:58:13.9193179Z ##[endgroup]
2026-10-02T10:58:14.0892127Z (node:2443) [DEP0040] DeprecationWarning: The `punycode` module is deprecated. Please use a userland alternative instead.
2026-10-02T10:58:14.0893174Z (Use `node --trace-deprecation ...` to show where the warning was created)
2026-10-02T10:58:14.1025056Z With the provided path, there will be 15 files uploaded
2026-10-02T10:58:14.1054721Z Artifact name is valid!
2026-10-02T10:58:14.1055349Z Root directory input is valid!
2026-10-02T10:58:14.5081427Z Beginning upload of artifact content to blob storage
2026-10-02T10:58:14.5626599Z (node:2443) [DEP0169] DeprecationWarning: `url.parse()` behavior is not standardized and prone to errors that have security implications. Use the WHATWG URL API instead. CVEs are not issued for `url.parse()` vulnerabilities.
2026-10-02T10:58:15.4382967Z Uploaded bytes 4264273
2026-10-02T10:58:15.5184400Z Finished uploading artifact content to blob storage!
2026-10-02T10:58:15.5185599Z SHA256 digest of uploaded artifact zip is 77b799ea8650dfd9f5a78a3f850b88d4cd141e15da4ffad29eacb64ecfef788b
2026-10-02T10:58:15.5186836Z Finalizing artifact upload
2026-10-02T10:58:15.7611571Z Artifact market-breadth-recovery-v14-dev-0.zip successfully finalized. Artifact ID 11223035148
2026-10-02T10:58:15.7613593Z Artifact market-breadth-recovery-v14-dev-0 has been successfully uploaded! Final size is 4264273 bytes. Artifact ID is 11223035148
2026-10-02T10:58:15.7620746Z Artifact download URL: https://github.com/duuu-hub/bb-scanner/actions/runs/36998066185/artifacts/11223035148
2026-10-02T10:58:15.7795120Z Post job cleanup.
2026-10-02T10:58:15.8872283Z (node:2456) [DEP0040] DeprecationWarning: The `punycode` module is deprecated. Please use a userland alternative instead.
2026-10-02T10:58:15.8874559Z (Use `node --trace-deprecation ...` to show where the warning was created)
2026-10-02T10:58:15.9046237Z [command]/usr/bin/tar --posix -cf cache.tzst --exclude cache.tzst -P -C /home/runner/work/bb-scanner/bb-scanner --files-from manifest.txt --use-compress-program zstdmt
2026-10-02T10:58:16.2001282Z (node:2456) [DEP0169] DeprecationWarning: `url.parse()` behavior is not standardized and prone to errors that have security implications. Use the WHATWG URL API instead. CVEs are not issued for `url.parse()` vulnerabilities.
2026-10-02T10:58:17.0568662Z Sent 3834769 of 3834769 (100.0%), 4.2 MBs/sec
2026-10-02T10:58:17.1683861Z Cache saved with key: market-breadth-recovery-v14-dev-1m-shard-0
2026-10-02T10:58:17.1791689Z Post job cleanup.
2026-10-02T10:58:17.2913692Z Cache hit occurred on the primary key frozen-source-36095439671-15m-shard-0, not saving cache.
2026-10-02T10:58:17.2915848Z (node:2477) [DEP0040] DeprecationWarning: The `punycode` module is deprecated. Please use a userland alternative instead.
2026-10-02T10:58:17.2917053Z (Use `node --trace-deprecation ...` to show where the warning was created)
2026-10-02T10:58:17.3033205Z Post job cleanup.
2026-10-02T10:58:17.4274496Z (node:2485) [DEP0040] DeprecationWarning: The `punycode` module is deprecated. Please use a userland alternative instead.
2026-10-02T10:58:17.4275947Z (Use `node --trace-deprecation ...` to show where the warning was created)
2026-10-02T10:58:17.4442339Z Post job cleanup.
2026-10-02T10:58:17.5405827Z [command]/usr/bin/git version
2026-10-02T10:58:17.5465783Z git version 2.55.0
2026-10-02T10:58:17.5499431Z Temporarily overriding HOME='/home/runner/work/_temp/03dae283-ab77-41e8-80d6-3f974d487074' before making global git config changes
2026-10-02T10:58:17.5501067Z Adding repository directory to the temporary git global config as a safe directory
2026-10-02T10:58:17.5507564Z [command]/usr/bin/git config --global --add safe.directory /home/runner/work/bb-scanner/bb-scanner
2026-10-02T10:58:17.5554498Z [command]/usr/bin/git config --local --name-only --get-regexp core\.sshCommand
2026-10-02T10:58:17.5601664Z [command]/usr/bin/git submodule foreach --recursive sh -c "git config --local --name-only --get-regexp 'core\.sshCommand' && git config --local --unset-all 'core.sshCommand' || :"
2026-10-02T10:58:17.5864800Z [command]/usr/bin/git config --local --name-only --get-regexp http\.https\:\/\/github\.com\/\.extraheader
2026-10-02T10:58:17.5897079Z http.https://github.com/.extraheader
2026-10-02T10:58:17.5912182Z [command]/usr/bin/git config --local --unset-all http.https://github.com/.extraheader
2026-10-02T10:58:17.5958697Z [command]/usr/bin/git submodule foreach --recursive sh -c "git config --local --name-only --get-regexp 'http\.https\:\/\/github\.com\/\.extraheader' && git config --local --unset-all 'http.https://github.com/.extraheader' || :"
2026-10-02T10:58:17.6230462Z [command]/usr/bin/git config --local --name-only --get-regexp ^includeIf\.gitdir:
2026-10-02T10:58:17.6275995Z [command]/usr/bin/git submodule foreach --recursive git config --local --show-origin --name-only --get-regexp remote.origin.url
2026-10-02T10:58:17.6715822Z Cleaning up orphan processes
2026-10-02T10:58:17.7197374Z ##[warning]Node.js 20 is deprecated. The following actions target Node.js 20 but are being forced to run on Node.js 24: actions/cache@v4, actions/checkout@v4, actions/download-artifact@v4, actions/setup-python@v5, actions/upload-artifact@v4. For more information see: https://github.blog/changelog/2025-09-19-deprecation-of-node-20-on-github-actions-runners/
