2026-10-02T10:57:21.8462232Z Current runner version: '2.337.0'
2026-10-02T10:57:21.8486998Z ##[group]Runner Image Provisioner
2026-10-02T10:57:21.8487876Z Hosted Compute Agent
2026-10-02T10:57:21.8488725Z Version: 20260901.588
2026-10-02T10:57:21.8489481Z Commit: f88ec8081b781fac6c440065ac7ff9e710ce3d0b
2026-10-02T10:57:21.8490210Z Build Date: 2026-09-01T19:56:44Z
2026-10-02T10:57:21.8490938Z Worker ID: {a53a6fea-1509-4d6b-8c38-884898ba5a00}
2026-10-02T10:57:21.8491751Z Azure Region: eastus
2026-10-02T10:57:21.8492340Z ##[endgroup]
2026-10-02T10:57:21.8494317Z ##[group]Operating System
2026-10-02T10:57:21.8495006Z Ubuntu
2026-10-02T10:57:21.8495583Z 24.04.5
2026-10-02T10:57:21.8496151Z LTS
2026-10-02T10:57:21.8496655Z ##[endgroup]
2026-10-02T10:57:21.8497253Z ##[group]Runner Image
2026-10-02T10:57:21.8497856Z Image: ubuntu-24.04
2026-10-02T10:57:21.8498404Z Version: 20260927.320.1
2026-10-02T10:57:21.8500150Z Included Software: https://github.com/actions/runner-images/blob/ubuntu24/20260927.320/images/ubuntu/Ubuntu2404-Readme.md
2026-10-02T10:57:21.8501811Z Image Release: https://github.com/actions/runner-images/releases/tag/ubuntu24%2F20260927.320
2026-10-02T10:57:21.8502791Z ##[endgroup]
2026-10-02T10:57:21.8504027Z ##[group]GITHUB_TOKEN Permissions
2026-10-02T10:57:21.8506172Z Actions: read
2026-10-02T10:57:21.8506843Z Contents: read
2026-10-02T10:57:21.8507429Z Metadata: read
2026-10-02T10:57:21.8508023Z ##[endgroup]
2026-10-02T10:57:21.8510395Z Secret source: Actions
2026-10-02T10:57:21.8511319Z Cache mode: write
2026-10-02T10:57:21.8512370Z Prepare workflow directory
2026-10-02T10:57:21.9024690Z Prepare all required actions
2026-10-02T10:57:21.9073305Z Getting action download info
2026-10-02T10:57:22.1101484Z Download action repository 'actions/checkout@v4' (SHA:11d5960a326750d5838078e36cf38b85af677262)
2026-10-02T10:57:22.2011885Z Download action repository 'actions/setup-python@v5' (SHA:a26af69be951a213d495a4c3e4e4022e16d87065)
2026-10-02T10:57:22.2777053Z Download action repository 'actions/cache@v4' (SHA:0057852bfaa89a56745cba8c7296529d2fc39830)
2026-10-02T10:57:22.3713543Z Download action repository 'actions/download-artifact@v4' (SHA:d3f86a106a0bac45b974a628896c90dbdf5c8093)
2026-10-02T10:57:22.5671530Z Download action repository 'actions/upload-artifact@v4' (SHA:ea165f8d65b6e75b540449e92b4886f43607fa02)
2026-10-02T10:57:22.7874463Z Complete job name: development (6)
2026-10-02T10:57:22.8632950Z ##[group]Run actions/checkout@v4
2026-10-02T10:57:22.8633893Z with:
2026-10-02T10:57:22.8634384Z   repository: duuu-hub/bb-scanner
2026-10-02T10:57:22.8639331Z   token: ***
2026-10-02T10:57:22.8639857Z   ssh-strict: true
2026-10-02T10:57:22.8640331Z   ssh-user: git
2026-10-02T10:57:22.8640834Z   persist-credentials: true
2026-10-02T10:57:22.8641371Z   clean: true
2026-10-02T10:57:22.8641860Z   sparse-checkout-cone-mode: true
2026-10-02T10:57:22.8642440Z   fetch-depth: 1
2026-10-02T10:57:22.8642914Z   fetch-tags: false
2026-10-02T10:57:22.8643404Z   show-progress: true
2026-10-02T10:57:22.8643891Z   lfs: false
2026-10-02T10:57:22.8644354Z   submodules: false
2026-10-02T10:57:22.8644887Z   set-safe-directory: true
2026-10-02T10:57:22.8645433Z   allow-unsafe-pr-checkout: false
2026-10-02T10:57:22.8646326Z env:
2026-10-02T10:57:22.8650969Z   GH_TOKEN: ***
2026-10-02T10:57:22.8651465Z ##[endgroup]
2026-10-02T10:57:22.9648961Z Syncing repository: duuu-hub/bb-scanner
2026-10-02T10:57:22.9652145Z ##[group]Getting Git version info
2026-10-02T10:57:22.9653540Z Working directory is '/home/runner/work/bb-scanner/bb-scanner'
2026-10-02T10:57:22.9655574Z [command]/usr/bin/git version
2026-10-02T10:57:22.9699092Z git version 2.55.0
2026-10-02T10:57:22.9721719Z ##[endgroup]
2026-10-02T10:57:22.9736259Z Temporarily overriding HOME='/home/runner/work/_temp/e4ff1691-e536-4658-9748-98a743ddac05' before making global git config changes
2026-10-02T10:57:22.9739330Z Adding repository directory to the temporary git global config as a safe directory
2026-10-02T10:57:22.9835445Z [command]/usr/bin/git config --global --add safe.directory /home/runner/work/bb-scanner/bb-scanner
2026-10-02T10:57:22.9840220Z Deleting the contents of '/home/runner/work/bb-scanner/bb-scanner'
2026-10-02T10:57:22.9841493Z ##[group]Initializing the repository
2026-10-02T10:57:22.9842274Z [command]/usr/bin/git init /home/runner/work/bb-scanner/bb-scanner
2026-10-02T10:57:22.9932730Z hint: Using 'master' as the name for the initial branch. This default branch name
2026-10-02T10:57:22.9934567Z hint: will change to "main" in Git 3.0. To configure the initial branch name
2026-10-02T10:57:22.9936559Z hint: to use in all of your new repositories, which will suppress this warning,
2026-10-02T10:57:22.9937927Z hint: call:
2026-10-02T10:57:22.9938853Z hint:
2026-10-02T10:57:22.9939761Z hint: 	git config --global init.defaultBranch <name>
2026-10-02T10:57:22.9940945Z hint:
2026-10-02T10:57:22.9942069Z hint: Names commonly chosen instead of 'master' are 'main', 'trunk' and
2026-10-02T10:57:22.9943743Z hint: 'development'. The just-created branch can be renamed via this command:
2026-10-02T10:57:22.9945079Z hint:
2026-10-02T10:57:22.9945938Z hint: 	git branch -m <name>
2026-10-02T10:57:22.9946840Z hint:
2026-10-02T10:57:22.9947954Z hint: Disable this message with "git config set advice.defaultBranchName false"
2026-10-02T10:57:22.9954999Z Initialized empty Git repository in /home/runner/work/bb-scanner/bb-scanner/.git/
2026-10-02T10:57:22.9966267Z [command]/usr/bin/git remote add origin https://github.com/duuu-hub/bb-scanner
2026-10-02T10:57:23.0018135Z ##[endgroup]
2026-10-02T10:57:23.0019711Z ##[group]Disabling automatic garbage collection
2026-10-02T10:57:23.0022917Z [command]/usr/bin/git config --local gc.auto 0
2026-10-02T10:57:23.0057449Z ##[endgroup]
2026-10-02T10:57:23.0059843Z ##[group]Setting up auth
2026-10-02T10:57:23.0065725Z [command]/usr/bin/git config --local --name-only --get-regexp core\.sshCommand
2026-10-02T10:57:23.0098746Z [command]/usr/bin/git submodule foreach --recursive sh -c "git config --local --name-only --get-regexp 'core\.sshCommand' && git config --local --unset-all 'core.sshCommand' || :"
2026-10-02T10:57:23.0495520Z [command]/usr/bin/git config --local --name-only --get-regexp http\.https\:\/\/github\.com\/\.extraheader
2026-10-02T10:57:23.0535145Z [command]/usr/bin/git submodule foreach --recursive sh -c "git config --local --name-only --get-regexp 'http\.https\:\/\/github\.com\/\.extraheader' && git config --local --unset-all 'http.https://github.com/.extraheader' || :"
2026-10-02T10:57:23.0767956Z [command]/usr/bin/git config --local --name-only --get-regexp ^includeIf\.gitdir:
2026-10-02T10:57:23.0804963Z [command]/usr/bin/git submodule foreach --recursive git config --local --show-origin --name-only --get-regexp remote.origin.url
2026-10-02T10:57:23.1035340Z [command]/usr/bin/git config --local http.https://github.com/.extraheader AUTHORIZATION: basic ***
2026-10-02T10:57:23.1076863Z ##[endgroup]
2026-10-02T10:57:23.1077835Z ##[group]Fetching the repository
2026-10-02T10:57:23.1087555Z [command]/usr/bin/git -c protocol.version=2 fetch --no-tags --prune --no-recurse-submodules --depth=1 origin +3b309e6b025fe0eb66c8be3ec0dbaad84b7e8344:refs/remotes/origin/research-market-breadth-recovery-v14
2026-10-02T10:57:23.8681083Z From https://github.com/duuu-hub/bb-scanner
2026-10-02T10:57:23.8683365Z  * [new ref]         3b309e6b025fe0eb66c8be3ec0dbaad84b7e8344 -> origin/research-market-breadth-recovery-v14
2026-10-02T10:57:23.8687815Z ##[endgroup]
2026-10-02T10:57:23.8690015Z ##[group]Determining the checkout info
2026-10-02T10:57:23.8692323Z ##[endgroup]
2026-10-02T10:57:23.8700878Z [command]/usr/bin/git sparse-checkout disable
2026-10-02T10:57:23.8780055Z [command]/usr/bin/git config --local --unset-all extensions.worktreeConfig
2026-10-02T10:57:23.8850692Z ##[group]Checking out the ref
2026-10-02T10:57:23.8869563Z [command]/usr/bin/git checkout --progress --force -B research-market-breadth-recovery-v14 refs/remotes/origin/research-market-breadth-recovery-v14
2026-10-02T10:57:24.1294128Z Switched to a new branch 'research-market-breadth-recovery-v14'
2026-10-02T10:57:24.1300444Z branch 'research-market-breadth-recovery-v14' set up to track 'origin/research-market-breadth-recovery-v14'.
2026-10-02T10:57:24.1312731Z ##[endgroup]
2026-10-02T10:57:24.1359701Z [command]/usr/bin/git log -1 --format=%H
2026-10-02T10:57:24.1387687Z 3b309e6b025fe0eb66c8be3ec0dbaad84b7e8344
2026-10-02T10:57:24.1778991Z ##[group]Run actions/setup-python@v5
2026-10-02T10:57:24.1780256Z with:
2026-10-02T10:57:24.1781146Z   python-version: 3.12
2026-10-02T10:57:24.1782174Z   check-latest: false
2026-10-02T10:57:24.1793120Z   token: ***
2026-10-02T10:57:24.1794073Z   update-environment: true
2026-10-02T10:57:24.1795147Z   allow-prereleases: false
2026-10-02T10:57:24.1796207Z   freethreaded: false
2026-10-02T10:57:24.1797159Z env:
2026-10-02T10:57:24.1807673Z   GH_TOKEN: ***
2026-10-02T10:57:24.1808684Z ##[endgroup]
2026-10-02T10:57:24.3172180Z ##[group]Installed versions
2026-10-02T10:57:24.3256197Z (node:2281) [DEP0040] DeprecationWarning: The `punycode` module is deprecated. Please use a userland alternative instead.
2026-10-02T10:57:24.3260903Z (Use `node --trace-deprecation ...` to show where the warning was created)
2026-10-02T10:57:24.3263733Z Successfully set up CPython (3.12.14)
2026-10-02T10:57:24.3266550Z ##[endgroup]
2026-10-02T10:57:24.3452314Z ##[group]Run set -euo pipefail
2026-10-02T10:57:24.3453512Z [36;1mset -euo pipefail[0m
2026-10-02T10:57:24.3454686Z [36;1mpip install pandas==2.3.3 numpy==2.3.3[0m
2026-10-02T10:57:24.3764939Z shell: /usr/bin/bash --noprofile --norc -e -o pipefail {0}
2026-10-02T10:57:24.3766393Z env:
2026-10-02T10:57:24.3776617Z   GH_TOKEN: ***
2026-10-02T10:57:24.3777777Z   pythonLocation: /opt/hostedtoolcache/Python/3.12.14/x64
2026-10-02T10:57:24.3779769Z   PKG_CONFIG_PATH: /opt/hostedtoolcache/Python/3.12.14/x64/lib/pkgconfig
2026-10-02T10:57:24.3781578Z   Python_ROOT_DIR: /opt/hostedtoolcache/Python/3.12.14/x64
2026-10-02T10:57:24.3783213Z   Python2_ROOT_DIR: /opt/hostedtoolcache/Python/3.12.14/x64
2026-10-02T10:57:24.3784870Z   Python3_ROOT_DIR: /opt/hostedtoolcache/Python/3.12.14/x64
2026-10-02T10:57:24.3786545Z   LD_LIBRARY_PATH: /opt/hostedtoolcache/Python/3.12.14/x64/lib
2026-10-02T10:57:24.3787977Z ##[endgroup]
2026-10-02T10:57:25.3151759Z Collecting pandas==2.3.3
2026-10-02T10:57:25.3660755Z   Downloading pandas-2.3.3-cp312-cp312-manylinux_2_24_x86_64.manylinux_2_28_x86_64.whl.metadata (91 kB)
2026-10-02T10:57:25.6040261Z Collecting numpy==2.3.3
2026-10-02T10:57:25.6079914Z   Downloading numpy-2.3.3-cp312-cp312-manylinux_2_27_x86_64.manylinux_2_28_x86_64.whl.metadata (62 kB)
2026-10-02T10:57:25.6318286Z Collecting python-dateutil>=2.8.2 (from pandas==2.3.3)
2026-10-02T10:57:25.6358869Z   Downloading python_dateutil-2.9.0.post0-py2.py3-none-any.whl.metadata (8.4 kB)
2026-10-02T10:57:25.6684497Z Collecting pytz>=2020.1 (from pandas==2.3.3)
2026-10-02T10:57:25.6725214Z   Downloading pytz-2026.4-py2.py3-none-any.whl.metadata (22 kB)
2026-10-02T10:57:25.6867131Z Collecting tzdata>=2022.7 (from pandas==2.3.3)
2026-10-02T10:57:25.6916446Z   Downloading tzdata-2026.4-py2.py3-none-any.whl.metadata (1.4 kB)
2026-10-02T10:57:25.7045271Z Collecting six>=1.5 (from python-dateutil>=2.8.2->pandas==2.3.3)
2026-10-02T10:57:25.7085530Z   Downloading six-1.17.0-py2.py3-none-any.whl.metadata (1.7 kB)
2026-10-02T10:57:25.7162657Z Downloading pandas-2.3.3-cp312-cp312-manylinux_2_24_x86_64.manylinux_2_28_x86_64.whl (12.4 MB)
2026-10-02T10:57:25.7823243Z    ━━━━━━━━━━━━━━━━━━━━━━━━━━━━━━━━━━━━━━━━ 12.4/12.4 MB 203.9 MB/s  0:00:00
2026-10-02T10:57:25.7863635Z Downloading numpy-2.3.3-cp312-cp312-manylinux_2_27_x86_64.manylinux_2_28_x86_64.whl (16.6 MB)
2026-10-02T10:57:25.8776125Z    ━━━━━━━━━━━━━━━━━━━━━━━━━━━━━━━━━━━━━━━━ 16.6/16.6 MB 185.4 MB/s  0:00:00
2026-10-02T10:57:25.8816870Z Downloading python_dateutil-2.9.0.post0-py2.py3-none-any.whl (229 kB)
2026-10-02T10:57:25.8878852Z Downloading pytz-2026.4-py2.py3-none-any.whl (506 kB)
2026-10-02T10:57:25.8946546Z Downloading six-1.17.0-py2.py3-none-any.whl (11 kB)
2026-10-02T10:57:25.9004042Z Downloading tzdata-2026.4-py2.py3-none-any.whl (347 kB)
2026-10-02T10:57:26.0627930Z Installing collected packages: pytz, tzdata, six, numpy, python-dateutil, pandas
2026-10-02T10:57:32.9720679Z 
2026-10-02T10:57:32.9735893Z Successfully installed numpy-2.3.3 pandas-2.3.3 python-dateutil-2.9.0.post0 pytz-2026.4 six-1.17.0 tzdata-2026.4
2026-10-02T10:57:33.0356461Z ##[group]Run actions/cache@v4
2026-10-02T10:57:33.0356748Z with:
2026-10-02T10:57:33.0356953Z   path: data
2026-10-02T10:57:33.0357190Z   key: frozen-source-36095439671-15m-shard-6
2026-10-02T10:57:33.0357494Z   enableCrossOsArchive: false
2026-10-02T10:57:33.0357744Z   fail-on-cache-miss: false
2026-10-02T10:57:33.0358008Z   lookup-only: false
2026-10-02T10:57:33.0358221Z   save-always: false
2026-10-02T10:57:33.0358773Z env:
2026-10-02T10:57:33.0361540Z   GH_TOKEN: ***
2026-10-02T10:57:33.0361830Z   pythonLocation: /opt/hostedtoolcache/Python/3.12.14/x64
2026-10-02T10:57:33.0362316Z   PKG_CONFIG_PATH: /opt/hostedtoolcache/Python/3.12.14/x64/lib/pkgconfig
2026-10-02T10:57:33.0362758Z   Python_ROOT_DIR: /opt/hostedtoolcache/Python/3.12.14/x64
2026-10-02T10:57:33.0363173Z   Python2_ROOT_DIR: /opt/hostedtoolcache/Python/3.12.14/x64
2026-10-02T10:57:33.0363557Z   Python3_ROOT_DIR: /opt/hostedtoolcache/Python/3.12.14/x64
2026-10-02T10:57:33.0363973Z   LD_LIBRARY_PATH: /opt/hostedtoolcache/Python/3.12.14/x64/lib
2026-10-02T10:57:33.0364303Z ##[endgroup]
2026-10-02T10:57:33.1409134Z (node:2318) [DEP0040] DeprecationWarning: The `punycode` module is deprecated. Please use a userland alternative instead.
2026-10-02T10:57:33.1410820Z (Use `node --trace-deprecation ...` to show where the warning was created)
2026-10-02T10:57:33.2072515Z Cache hit for: frozen-source-36095439671-15m-shard-6
2026-10-02T10:57:33.2175467Z (node:2318) [DEP0169] DeprecationWarning: `url.parse()` behavior is not standardized and prone to errors that have security implications. Use the WHATWG URL API instead. CVEs are not issued for `url.parse()` vulnerabilities.
2026-10-02T10:57:34.2138992Z Received 210129273 of 210129273 (100.0%), 210.7 MBs/sec
2026-10-02T10:57:34.2141288Z Cache Size: ~200 MB (210129273 B)
2026-10-02T10:57:34.2213704Z [command]/usr/bin/tar -xf /home/runner/work/_temp/e34bb709-cc95-4dd5-b8a0-5f3e93ce601f/cache.tzst -P -C /home/runner/work/bb-scanner/bb-scanner --use-compress-program unzstd
2026-10-02T10:57:34.4661258Z Cache restored successfully
2026-10-02T10:57:34.4833672Z Cache restored from key: frozen-source-36095439671-15m-shard-6
2026-10-02T10:57:34.4988858Z ##[group]Run set -euo pipefail
2026-10-02T10:57:34.4989286Z [36;1mset -euo pipefail[0m
2026-10-02T10:57:34.4989572Z [36;1mif [ 'true' != 'true' ]; then[0m
2026-10-02T10:57:34.4990104Z [36;1m  gh run download 36095439671 -R duuu-hub/bb-scanner -n rank5-binance-um-15m-5y-data-shard-6 -D data[0m
2026-10-02T10:57:34.4990625Z [36;1mfi[0m
2026-10-02T10:57:34.4990982Z [36;1mgh run download 36858492497 -R duuu-hub/bb-scanner -n day-edge-v2-btc -D btc[0m
2026-10-02T10:57:34.4991791Z [36;1mgh run download 36095439671 -R duuu-hub/bb-scanner -n rank5-binance-um-15m-5y-manifest-shard-6 -D source-manifest[0m
2026-10-02T10:57:34.4993151Z [36;1mpython scripts/research_evidence_archive.py verify-source --data data --manifests source-manifest --baseline research/market-breadth-recovery-v14/FROZEN_INPUT_HASHES.json --out dev-6/source_check.json[0m
2026-10-02T10:57:34.5057271Z shell: /usr/bin/bash --noprofile --norc -e -o pipefail {0}
2026-10-02T10:57:34.5057625Z env:
2026-10-02T10:57:34.5060672Z   GH_TOKEN: ***
2026-10-02T10:57:34.5060986Z   pythonLocation: /opt/hostedtoolcache/Python/3.12.14/x64
2026-10-02T10:57:34.5061446Z   PKG_CONFIG_PATH: /opt/hostedtoolcache/Python/3.12.14/x64/lib/pkgconfig
2026-10-02T10:57:34.5061896Z   Python_ROOT_DIR: /opt/hostedtoolcache/Python/3.12.14/x64
2026-10-02T10:57:34.5062286Z   Python2_ROOT_DIR: /opt/hostedtoolcache/Python/3.12.14/x64
2026-10-02T10:57:34.5062673Z   Python3_ROOT_DIR: /opt/hostedtoolcache/Python/3.12.14/x64
2026-10-02T10:57:34.5063062Z   LD_LIBRARY_PATH: /opt/hostedtoolcache/Python/3.12.14/x64/lib
2026-10-02T10:57:34.5063396Z ##[endgroup]
2026-10-02T10:57:41.4694279Z FROZEN_SOURCE_VERIFIED 107 files 28 prior SHA256 matches
2026-10-02T10:57:41.5177662Z ##[group]Run actions/download-artifact@v4
2026-10-02T10:57:41.5177989Z with:
2026-10-02T10:57:41.5178265Z   name: market-breadth-recovery-v14-breadth-development
2026-10-02T10:57:41.5178832Z   path: frozen-breadth
2026-10-02T10:57:41.5179069Z   merge-multiple: false
2026-10-02T10:57:41.5179314Z   repository: duuu-hub/bb-scanner
2026-10-02T10:57:41.5179573Z   run-id: 36998066185
2026-10-02T10:57:41.5179782Z env:
2026-10-02T10:57:41.5182479Z   GH_TOKEN: ***
2026-10-02T10:57:41.5182781Z   pythonLocation: /opt/hostedtoolcache/Python/3.12.14/x64
2026-10-02T10:57:41.5183231Z   PKG_CONFIG_PATH: /opt/hostedtoolcache/Python/3.12.14/x64/lib/pkgconfig
2026-10-02T10:57:41.5183673Z   Python_ROOT_DIR: /opt/hostedtoolcache/Python/3.12.14/x64
2026-10-02T10:57:41.5184086Z   Python2_ROOT_DIR: /opt/hostedtoolcache/Python/3.12.14/x64
2026-10-02T10:57:41.5184476Z   Python3_ROOT_DIR: /opt/hostedtoolcache/Python/3.12.14/x64
2026-10-02T10:57:41.5184915Z   LD_LIBRARY_PATH: /opt/hostedtoolcache/Python/3.12.14/x64/lib
2026-10-02T10:57:41.5185246Z ##[endgroup]
2026-10-02T10:57:41.6667415Z Downloading single artifact
2026-10-02T10:57:41.6816176Z (node:2357) [DEP0040] DeprecationWarning: The `punycode` module is deprecated. Please use a userland alternative instead.
2026-10-02T10:57:41.6817212Z (Use `node --trace-deprecation ...` to show where the warning was created)
2026-10-02T10:57:41.7619746Z Preparing to download the following artifacts:
2026-10-02T10:57:41.7654674Z - market-breadth-recovery-v14-breadth-development (ID: 11221843701, Size: 584090, Expected Digest: sha256:5f057fdcf8d940f77f1e110c4f4b5d4be16a113815448d0595779916a7ea7a3e)
2026-10-02T10:57:41.8760801Z Redirecting to blob download url: https://productionresultssa1.blob.core.windows.net/actions-results/4c6d94bb-c57d-866c-adeb-19fded5ca407/workflow-job-run-2af8ed6d-df57-5cbd-b83a-41c968e43310/artifacts/0ef112ac9252012addd398fb1ca16b8a182ad28514357794d0817410d1b1b9b0.zip
2026-10-02T10:57:41.8763267Z Starting download of artifact to: /home/runner/work/bb-scanner/bb-scanner/frozen-breadth
2026-10-02T10:57:41.9278009Z (node:2357) [DEP0005] DeprecationWarning: Buffer() is deprecated due to security and usability issues. Please use the Buffer.alloc(), Buffer.allocUnsafe(), or Buffer.from() methods instead.
2026-10-02T10:57:41.9416579Z SHA256 digest of downloaded artifact is 5f057fdcf8d940f77f1e110c4f4b5d4be16a113815448d0595779916a7ea7a3e
2026-10-02T10:57:41.9417363Z Artifact download completed successfully.
2026-10-02T10:57:41.9417687Z Total of 1 artifact(s) downloaded
2026-10-02T10:57:41.9423191Z Download artifact has finished successfully
2026-10-02T10:57:41.9556447Z ##[group]Run actions/cache@v4
2026-10-02T10:57:41.9556727Z with:
2026-10-02T10:57:41.9556943Z   path: cache/verified-1m
2026-10-02T10:57:41.9557235Z   key: market-breadth-recovery-v14-dev-1m-shard-6
2026-10-02T10:57:41.9557744Z   restore-keys: premium-absorption-v8-dev-1m-shard-6
factor-lag-v6-dev-1m-shard-6
2026-10-02T10:57:41.9558232Z   enableCrossOsArchive: false
2026-10-02T10:57:41.9558797Z   fail-on-cache-miss: false
2026-10-02T10:57:41.9559121Z   lookup-only: false
2026-10-02T10:57:41.9559347Z   save-always: false
2026-10-02T10:57:41.9559824Z env:
2026-10-02T10:57:41.9564544Z   GH_TOKEN: ***
2026-10-02T10:57:41.9565072Z   pythonLocation: /opt/hostedtoolcache/Python/3.12.14/x64
2026-10-02T10:57:41.9565833Z   PKG_CONFIG_PATH: /opt/hostedtoolcache/Python/3.12.14/x64/lib/pkgconfig
2026-10-02T10:57:41.9566522Z   Python_ROOT_DIR: /opt/hostedtoolcache/Python/3.12.14/x64
2026-10-02T10:57:41.9566933Z   Python2_ROOT_DIR: /opt/hostedtoolcache/Python/3.12.14/x64
2026-10-02T10:57:41.9567387Z   Python3_ROOT_DIR: /opt/hostedtoolcache/Python/3.12.14/x64
2026-10-02T10:57:41.9567796Z   LD_LIBRARY_PATH: /opt/hostedtoolcache/Python/3.12.14/x64/lib
2026-10-02T10:57:41.9568145Z ##[endgroup]
2026-10-02T10:57:42.0665826Z (node:2370) [DEP0040] DeprecationWarning: The `punycode` module is deprecated. Please use a userland alternative instead.
2026-10-02T10:57:42.0667184Z (Use `node --trace-deprecation ...` to show where the warning was created)
2026-10-02T10:57:42.1270846Z Cache not found for input keys: market-breadth-recovery-v14-dev-1m-shard-6, premium-absorption-v8-dev-1m-shard-6, factor-lag-v6-dev-1m-shard-6
2026-10-02T10:57:42.1369193Z ##[group]Run set -euo pipefail
2026-10-02T10:57:42.1369554Z [36;1mset -euo pipefail[0m
2026-10-02T10:57:42.1370467Z [36;1mpython scripts/market_breadth_recovery_v14.py scan --stage DEV --data data --btc btc/BTCUSDT.csv.gz --breadth-dir frozen-breadth --source-check dev-6/source_check.json --out dev-6 --minute-cache cache/verified-1m[0m
2026-10-02T10:57:42.1433824Z shell: /usr/bin/bash --noprofile --norc -e -o pipefail {0}
2026-10-02T10:57:42.1434180Z env:
2026-10-02T10:57:42.1436863Z   GH_TOKEN: ***
2026-10-02T10:57:42.1437173Z   pythonLocation: /opt/hostedtoolcache/Python/3.12.14/x64
2026-10-02T10:57:42.1437642Z   PKG_CONFIG_PATH: /opt/hostedtoolcache/Python/3.12.14/x64/lib/pkgconfig
2026-10-02T10:57:42.1438110Z   Python_ROOT_DIR: /opt/hostedtoolcache/Python/3.12.14/x64
2026-10-02T10:57:42.1438805Z   Python2_ROOT_DIR: /opt/hostedtoolcache/Python/3.12.14/x64
2026-10-02T10:57:42.1439228Z   Python3_ROOT_DIR: /opt/hostedtoolcache/Python/3.12.14/x64
2026-10-02T10:57:42.1439671Z   LD_LIBRARY_PATH: /opt/hostedtoolcache/Python/3.12.14/x64/lib
2026-10-02T10:57:42.1440011Z ##[endgroup]
2026-10-02T10:57:45.3839647Z V14_BREADTH_RECOVERY_SCAN DEV 16 / 107 parameterized_outcomes 1320
2026-10-02T10:57:46.6672998Z V14_BREADTH_RECOVERY_SCAN DEV 24 / 107 parameterized_outcomes 2442
2026-10-02T10:57:51.0037445Z V14_BREADTH_RECOVERY_SCAN DEV 72 / 107 parameterized_outcomes 4038
2026-10-02T10:57:56.0454570Z V14_BREADTH_RECOVERY_SCAN DEV 80 / 107 parameterized_outcomes 6870
2026-10-02T10:57:58.6288004Z V14_BREADTH_RECOVERY_SCAN DEV 96 / 107 parameterized_outcomes 8724
2026-10-02T10:58:02.4398362Z V14_BREADTH_RECOVERY_SCAN DEV 104 / 107 parameterized_outcomes 8976
2026-10-02T10:58:03.2039515Z V14_BREADTH_RECOVERY_SCAN_DONE DEV 8988 chronology_exclusions 0
2026-10-02T10:58:03.2653144Z ##[group]Run actions/upload-artifact@v4
2026-10-02T10:58:03.2653457Z with:
2026-10-02T10:58:03.2653688Z   name: market-breadth-recovery-v14-dev-6
2026-10-02T10:58:03.2653990Z   path: dev-6/
2026-10-02T10:58:03.2654196Z   retention-days: 30
2026-10-02T10:58:03.2654426Z   compression-level: 0
2026-10-02T10:58:03.2654654Z   if-no-files-found: warn
2026-10-02T10:58:03.2654887Z   overwrite: false
2026-10-02T10:58:03.2655114Z   include-hidden-files: false
2026-10-02T10:58:03.2655358Z env:
2026-10-02T10:58:03.2658037Z   GH_TOKEN: ***
2026-10-02T10:58:03.2658344Z   pythonLocation: /opt/hostedtoolcache/Python/3.12.14/x64
2026-10-02T10:58:03.2659560Z   PKG_CONFIG_PATH: /opt/hostedtoolcache/Python/3.12.14/x64/lib/pkgconfig
2026-10-02T10:58:03.2660026Z   Python_ROOT_DIR: /opt/hostedtoolcache/Python/3.12.14/x64
2026-10-02T10:58:03.2660425Z   Python2_ROOT_DIR: /opt/hostedtoolcache/Python/3.12.14/x64
2026-10-02T10:58:03.2660824Z   Python3_ROOT_DIR: /opt/hostedtoolcache/Python/3.12.14/x64
2026-10-02T10:58:03.2661296Z   LD_LIBRARY_PATH: /opt/hostedtoolcache/Python/3.12.14/x64/lib
2026-10-02T10:58:03.2661638Z ##[endgroup]
2026-10-02T10:58:03.4299057Z (node:2419) [DEP0040] DeprecationWarning: The `punycode` module is deprecated. Please use a userland alternative instead.
2026-10-02T10:58:03.4300082Z (Use `node --trace-deprecation ...` to show where the warning was created)
2026-10-02T10:58:03.4413576Z With the provided path, there will be 15 files uploaded
2026-10-02T10:58:03.4419615Z Artifact name is valid!
2026-10-02T10:58:03.4420342Z Root directory input is valid!
2026-10-02T10:58:03.6611125Z Beginning upload of artifact content to blob storage
2026-10-02T10:58:03.7150646Z (node:2419) [DEP0169] DeprecationWarning: `url.parse()` behavior is not standardized and prone to errors that have security implications. Use the WHATWG URL API instead. CVEs are not issued for `url.parse()` vulnerabilities.
2026-10-02T10:58:03.8443796Z Uploaded bytes 4435609
2026-10-02T10:58:03.8606703Z Finished uploading artifact content to blob storage!
2026-10-02T10:58:03.8607949Z SHA256 digest of uploaded artifact zip is 9d27724c6ecf68675745f1d774647397a98371add4ea6a382973acafe4cdf39d
2026-10-02T10:58:03.8611018Z Finalizing artifact upload
2026-10-02T10:58:04.0754245Z Artifact market-breadth-recovery-v14-dev-6.zip successfully finalized. Artifact ID 11222429066
2026-10-02T10:58:04.0757273Z Artifact market-breadth-recovery-v14-dev-6 has been successfully uploaded! Final size is 4435609 bytes. Artifact ID is 11222429066
2026-10-02T10:58:04.0758765Z Artifact download URL: https://github.com/duuu-hub/bb-scanner/actions/runs/36998066185/artifacts/11222429066
2026-10-02T10:58:04.0916273Z Post job cleanup.
2026-10-02T10:58:04.1999538Z (node:2431) [DEP0040] DeprecationWarning: The `punycode` module is deprecated. Please use a userland alternative instead.
2026-10-02T10:58:04.2000568Z (Use `node --trace-deprecation ...` to show where the warning was created)
2026-10-02T10:58:04.2167964Z [command]/usr/bin/tar --posix -cf cache.tzst --exclude cache.tzst -P -C /home/runner/work/bb-scanner/bb-scanner --files-from manifest.txt --use-compress-program zstdmt
2026-10-02T10:58:04.3204074Z (node:2431) [DEP0169] DeprecationWarning: `url.parse()` behavior is not standardized and prone to errors that have security implications. Use the WHATWG URL API instead. CVEs are not issued for `url.parse()` vulnerabilities.
2026-10-02T10:58:04.4875116Z Sent 3896955 of 3896955 (100.0%), 21.1 MBs/sec
2026-10-02T10:58:04.6256879Z Cache saved with key: market-breadth-recovery-v14-dev-1m-shard-6
2026-10-02T10:58:04.6364133Z Post job cleanup.
2026-10-02T10:58:04.7485055Z Cache hit occurred on the primary key frozen-source-36095439671-15m-shard-6, not saving cache.
2026-10-02T10:58:04.7486961Z (node:2452) [DEP0040] DeprecationWarning: The `punycode` module is deprecated. Please use a userland alternative instead.
2026-10-02T10:58:04.7489416Z (Use `node --trace-deprecation ...` to show where the warning was created)
2026-10-02T10:58:04.7593254Z Post job cleanup.
2026-10-02T10:58:04.8823496Z (node:2460) [DEP0040] DeprecationWarning: The `punycode` module is deprecated. Please use a userland alternative instead.
2026-10-02T10:58:04.8824908Z (Use `node --trace-deprecation ...` to show where the warning was created)
2026-10-02T10:58:04.9014032Z Post job cleanup.
2026-10-02T10:58:04.9935466Z [command]/usr/bin/git version
2026-10-02T10:58:04.9969337Z git version 2.55.0
2026-10-02T10:58:05.0010143Z Temporarily overriding HOME='/home/runner/work/_temp/b731221b-0be0-4437-b438-d9a319b7cfc7' before making global git config changes
2026-10-02T10:58:05.0014899Z Adding repository directory to the temporary git global config as a safe directory
2026-10-02T10:58:05.0016702Z [command]/usr/bin/git config --global --add safe.directory /home/runner/work/bb-scanner/bb-scanner
2026-10-02T10:58:05.0057316Z [command]/usr/bin/git config --local --name-only --get-regexp core\.sshCommand
2026-10-02T10:58:05.0099544Z [command]/usr/bin/git submodule foreach --recursive sh -c "git config --local --name-only --get-regexp 'core\.sshCommand' && git config --local --unset-all 'core.sshCommand' || :"
2026-10-02T10:58:05.0366353Z [command]/usr/bin/git config --local --name-only --get-regexp http\.https\:\/\/github\.com\/\.extraheader
2026-10-02T10:58:05.0395527Z http.https://github.com/.extraheader
2026-10-02T10:58:05.0416793Z [command]/usr/bin/git config --local --unset-all http.https://github.com/.extraheader
2026-10-02T10:58:05.0449880Z [command]/usr/bin/git submodule foreach --recursive sh -c "git config --local --name-only --get-regexp 'http\.https\:\/\/github\.com\/\.extraheader' && git config --local --unset-all 'http.https://github.com/.extraheader' || :"
2026-10-02T10:58:05.0729546Z [command]/usr/bin/git config --local --name-only --get-regexp ^includeIf\.gitdir:
2026-10-02T10:58:05.0769810Z [command]/usr/bin/git submodule foreach --recursive git config --local --show-origin --name-only --get-regexp remote.origin.url
2026-10-02T10:58:05.1200550Z Cleaning up orphan processes
2026-10-02T10:58:05.1594287Z ##[warning]Node.js 20 is deprecated. The following actions target Node.js 20 but are being forced to run on Node.js 24: actions/cache@v4, actions/checkout@v4, actions/download-artifact@v4, actions/setup-python@v5, actions/upload-artifact@v4. For more information see: https://github.blog/changelog/2025-09-19-deprecation-of-node-20-on-github-actions-runners/
