2026-10-02T10:57:22.4457466Z Current runner version: '2.337.0'
2026-10-02T10:57:22.4484265Z ##[group]Runner Image Provisioner
2026-10-02T10:57:22.4485150Z Hosted Compute Agent
2026-10-02T10:57:22.4485818Z Version: 20260901.588
2026-10-02T10:57:22.4486453Z Commit: f88ec8081b781fac6c440065ac7ff9e710ce3d0b
2026-10-02T10:57:22.4487260Z Build Date: 2026-09-01T19:56:44Z
2026-10-02T10:57:22.4488242Z Worker ID: {9029fbf4-d387-4e35-991f-ceb49dbc51da}
2026-10-02T10:57:22.4489005Z Azure Region: westcentralus
2026-10-02T10:57:22.4489669Z ##[endgroup]
2026-10-02T10:57:22.4491361Z ##[group]Operating System
2026-10-02T10:57:22.4492378Z Ubuntu
2026-10-02T10:57:22.4493099Z 24.04.5
2026-10-02T10:57:22.4493613Z LTS
2026-10-02T10:57:22.4494144Z ##[endgroup]
2026-10-02T10:57:22.4494702Z ##[group]Runner Image
2026-10-02T10:57:22.4495350Z Image: ubuntu-24.04
2026-10-02T10:57:22.4496078Z Version: 20260927.320.1
2026-10-02T10:57:22.4497307Z Included Software: https://github.com/actions/runner-images/blob/ubuntu24/20260927.320/images/ubuntu/Ubuntu2404-Readme.md
2026-10-02T10:57:22.4499157Z Image Release: https://github.com/actions/runner-images/releases/tag/ubuntu24%2F20260927.320
2026-10-02T10:57:22.4500135Z ##[endgroup]
2026-10-02T10:57:22.4501378Z ##[group]GITHUB_TOKEN Permissions
2026-10-02T10:57:22.4503640Z Actions: read
2026-10-02T10:57:22.4504331Z Contents: read
2026-10-02T10:57:22.4504885Z Metadata: read
2026-10-02T10:57:22.4505499Z ##[endgroup]
2026-10-02T10:57:22.4507874Z Secret source: Actions
2026-10-02T10:57:22.4508902Z Cache mode: write
2026-10-02T10:57:22.4509631Z Prepare workflow directory
2026-10-02T10:57:22.5060440Z Prepare all required actions
2026-10-02T10:57:22.5111635Z Getting action download info
2026-10-02T10:57:22.8576872Z Download action repository 'actions/checkout@v4' (SHA:11d5960a326750d5838078e36cf38b85af677262)
2026-10-02T10:57:22.9530337Z Download action repository 'actions/setup-python@v5' (SHA:a26af69be951a213d495a4c3e4e4022e16d87065)
2026-10-02T10:57:23.0334590Z Download action repository 'actions/cache@v4' (SHA:0057852bfaa89a56745cba8c7296529d2fc39830)
2026-10-02T10:57:23.1283777Z Download action repository 'actions/download-artifact@v4' (SHA:d3f86a106a0bac45b974a628896c90dbdf5c8093)
2026-10-02T10:57:23.8181913Z Download action repository 'actions/upload-artifact@v4' (SHA:ea165f8d65b6e75b540449e92b4886f43607fa02)
2026-10-02T10:57:24.0269488Z Complete job name: development (4)
2026-10-02T10:57:24.1007097Z ##[group]Run actions/checkout@v4
2026-10-02T10:57:24.1008239Z with:
2026-10-02T10:57:24.1008695Z   repository: duuu-hub/bb-scanner
2026-10-02T10:57:24.1012736Z   token: ***
2026-10-02T10:57:24.1013168Z   ssh-strict: true
2026-10-02T10:57:24.1013599Z   ssh-user: git
2026-10-02T10:57:24.1014034Z   persist-credentials: true
2026-10-02T10:57:24.1014526Z   clean: true
2026-10-02T10:57:24.1014960Z   sparse-checkout-cone-mode: true
2026-10-02T10:57:24.1015466Z   fetch-depth: 1
2026-10-02T10:57:24.1015893Z   fetch-tags: false
2026-10-02T10:57:24.1016324Z   show-progress: true
2026-10-02T10:57:24.1016772Z   lfs: false
2026-10-02T10:57:24.1017252Z   submodules: false
2026-10-02T10:57:24.1017842Z   set-safe-directory: true
2026-10-02T10:57:24.1018343Z   allow-unsafe-pr-checkout: false
2026-10-02T10:57:24.1019110Z env:
2026-10-02T10:57:24.1022920Z   GH_TOKEN: ***
2026-10-02T10:57:24.1023339Z ##[endgroup]
2026-10-02T10:57:24.2081106Z Syncing repository: duuu-hub/bb-scanner
2026-10-02T10:57:24.2084252Z ##[group]Getting Git version info
2026-10-02T10:57:24.2085570Z Working directory is '/home/runner/work/bb-scanner/bb-scanner'
2026-10-02T10:57:24.2087251Z [command]/usr/bin/git version
2026-10-02T10:57:24.2169863Z git version 2.55.0
2026-10-02T10:57:24.2210973Z ##[endgroup]
2026-10-02T10:57:24.2218817Z Temporarily overriding HOME='/home/runner/work/_temp/e3f59da8-4f03-46a7-92a1-040f26bbb0a2' before making global git config changes
2026-10-02T10:57:24.2220633Z Adding repository directory to the temporary git global config as a safe directory
2026-10-02T10:57:24.2225443Z [command]/usr/bin/git config --global --add safe.directory /home/runner/work/bb-scanner/bb-scanner
2026-10-02T10:57:24.2314441Z Deleting the contents of '/home/runner/work/bb-scanner/bb-scanner'
2026-10-02T10:57:24.2315624Z ##[group]Initializing the repository
2026-10-02T10:57:24.2316333Z [command]/usr/bin/git init /home/runner/work/bb-scanner/bb-scanner
2026-10-02T10:57:24.2439869Z hint: Using 'master' as the name for the initial branch. This default branch name
2026-10-02T10:57:24.2441994Z hint: will change to "main" in Git 3.0. To configure the initial branch name
2026-10-02T10:57:24.2443677Z hint: to use in all of your new repositories, which will suppress this warning,
2026-10-02T10:57:24.2444873Z hint: call:
2026-10-02T10:57:24.2445509Z hint:
2026-10-02T10:57:24.2446476Z hint: 	git config --global init.defaultBranch <name>
2026-10-02T10:57:24.2447259Z hint:
2026-10-02T10:57:24.2448604Z hint: Names commonly chosen instead of 'master' are 'main', 'trunk' and
2026-10-02T10:57:24.2449865Z hint: 'development'. The just-created branch can be renamed via this command:
2026-10-02T10:57:24.2451105Z hint:
2026-10-02T10:57:24.2451568Z hint: 	git branch -m <name>
2026-10-02T10:57:24.2452065Z hint:
2026-10-02T10:57:24.2452727Z hint: Disable this message with "git config set advice.defaultBranchName false"
2026-10-02T10:57:24.2453820Z Initialized empty Git repository in /home/runner/work/bb-scanner/bb-scanner/.git/
2026-10-02T10:57:24.2458137Z [command]/usr/bin/git remote add origin https://github.com/duuu-hub/bb-scanner
2026-10-02T10:57:24.2522185Z ##[endgroup]
2026-10-02T10:57:24.2523047Z ##[group]Disabling automatic garbage collection
2026-10-02T10:57:24.2526948Z [command]/usr/bin/git config --local gc.auto 0
2026-10-02T10:57:24.2562890Z ##[endgroup]
2026-10-02T10:57:24.2564880Z ##[group]Setting up auth
2026-10-02T10:57:24.2578161Z [command]/usr/bin/git config --local --name-only --get-regexp core\.sshCommand
2026-10-02T10:57:24.2616763Z [command]/usr/bin/git submodule foreach --recursive sh -c "git config --local --name-only --get-regexp 'core\.sshCommand' && git config --local --unset-all 'core.sshCommand' || :"
2026-10-02T10:57:24.3049317Z [command]/usr/bin/git config --local --name-only --get-regexp http\.https\:\/\/github\.com\/\.extraheader
2026-10-02T10:57:24.3093061Z [command]/usr/bin/git submodule foreach --recursive sh -c "git config --local --name-only --get-regexp 'http\.https\:\/\/github\.com\/\.extraheader' && git config --local --unset-all 'http.https://github.com/.extraheader' || :"
2026-10-02T10:57:24.3332546Z [command]/usr/bin/git config --local --name-only --get-regexp ^includeIf\.gitdir:
2026-10-02T10:57:24.3371615Z [command]/usr/bin/git submodule foreach --recursive git config --local --show-origin --name-only --get-regexp remote.origin.url
2026-10-02T10:57:24.3606318Z [command]/usr/bin/git config --local http.https://github.com/.extraheader AUTHORIZATION: basic ***
2026-10-02T10:57:24.3649860Z ##[endgroup]
2026-10-02T10:57:24.3650773Z ##[group]Fetching the repository
2026-10-02T10:57:24.3660608Z [command]/usr/bin/git -c protocol.version=2 fetch --no-tags --prune --no-recurse-submodules --depth=1 origin +3b309e6b025fe0eb66c8be3ec0dbaad84b7e8344:refs/remotes/origin/research-market-breadth-recovery-v14
2026-10-02T10:57:26.7930712Z From https://github.com/duuu-hub/bb-scanner
2026-10-02T10:57:26.7932454Z  * [new ref]         3b309e6b025fe0eb66c8be3ec0dbaad84b7e8344 -> origin/research-market-breadth-recovery-v14
2026-10-02T10:57:26.7949258Z ##[endgroup]
2026-10-02T10:57:26.7950755Z ##[group]Determining the checkout info
2026-10-02T10:57:26.7952281Z ##[endgroup]
2026-10-02T10:57:26.7955623Z [command]/usr/bin/git sparse-checkout disable
2026-10-02T10:57:26.8014403Z [command]/usr/bin/git config --local --unset-all extensions.worktreeConfig
2026-10-02T10:57:26.8051507Z ##[group]Checking out the ref
2026-10-02T10:57:26.8066519Z [command]/usr/bin/git checkout --progress --force -B research-market-breadth-recovery-v14 refs/remotes/origin/research-market-breadth-recovery-v14
2026-10-02T10:57:27.0320017Z Switched to a new branch 'research-market-breadth-recovery-v14'
2026-10-02T10:57:27.0330165Z branch 'research-market-breadth-recovery-v14' set up to track 'origin/research-market-breadth-recovery-v14'.
2026-10-02T10:57:27.0336904Z ##[endgroup]
2026-10-02T10:57:27.0383838Z [command]/usr/bin/git log -1 --format=%H
2026-10-02T10:57:27.0411965Z 3b309e6b025fe0eb66c8be3ec0dbaad84b7e8344
2026-10-02T10:57:27.0781955Z ##[group]Run actions/setup-python@v5
2026-10-02T10:57:27.0783275Z with:
2026-10-02T10:57:27.0784226Z   python-version: 3.12
2026-10-02T10:57:27.0785296Z   check-latest: false
2026-10-02T10:57:27.0794832Z   token: ***
2026-10-02T10:57:27.0795855Z   update-environment: true
2026-10-02T10:57:27.0796988Z   allow-prereleases: false
2026-10-02T10:57:27.0798210Z   freethreaded: false
2026-10-02T10:57:27.0799232Z env:
2026-10-02T10:57:27.0808364Z   GH_TOKEN: ***
2026-10-02T10:57:27.0809395Z ##[endgroup]
2026-10-02T10:57:27.2240062Z ##[group]Installed versions
2026-10-02T10:57:27.2314682Z (node:2348) [DEP0040] DeprecationWarning: The `punycode` module is deprecated. Please use a userland alternative instead.
2026-10-02T10:57:27.2316296Z Successfully set up CPython (3.12.14)
2026-10-02T10:57:27.2317838Z ##[endgroup]
2026-10-02T10:57:27.2334923Z (Use `node --trace-deprecation ...` to show where the warning was created)
2026-10-02T10:57:27.2478775Z ##[group]Run set -euo pipefail
2026-10-02T10:57:27.2479286Z [36;1mset -euo pipefail[0m
2026-10-02T10:57:27.2479680Z [36;1mpip install pandas==2.3.3 numpy==2.3.3[0m
2026-10-02T10:57:27.2804575Z shell: /usr/bin/bash --noprofile --norc -e -o pipefail {0}
2026-10-02T10:57:27.2805084Z env:
2026-10-02T10:57:27.2808384Z   GH_TOKEN: ***
2026-10-02T10:57:27.2808788Z   pythonLocation: /opt/hostedtoolcache/Python/3.12.14/x64
2026-10-02T10:57:27.2809369Z   PKG_CONFIG_PATH: /opt/hostedtoolcache/Python/3.12.14/x64/lib/pkgconfig
2026-10-02T10:57:27.2809924Z   Python_ROOT_DIR: /opt/hostedtoolcache/Python/3.12.14/x64
2026-10-02T10:57:27.2810413Z   Python2_ROOT_DIR: /opt/hostedtoolcache/Python/3.12.14/x64
2026-10-02T10:57:27.2810892Z   Python3_ROOT_DIR: /opt/hostedtoolcache/Python/3.12.14/x64
2026-10-02T10:57:27.2811408Z   LD_LIBRARY_PATH: /opt/hostedtoolcache/Python/3.12.14/x64/lib
2026-10-02T10:57:27.2811868Z ##[endgroup]
2026-10-02T10:57:28.5115687Z Collecting pandas==2.3.3
2026-10-02T10:57:28.6060644Z   Downloading pandas-2.3.3-cp312-cp312-manylinux_2_24_x86_64.manylinux_2_28_x86_64.whl.metadata (91 kB)
2026-10-02T10:57:28.9052276Z Collecting numpy==2.3.3
2026-10-02T10:57:28.9252421Z   Downloading numpy-2.3.3-cp312-cp312-manylinux_2_27_x86_64.manylinux_2_28_x86_64.whl.metadata (62 kB)
2026-10-02T10:57:28.9673452Z Collecting python-dateutil>=2.8.2 (from pandas==2.3.3)
2026-10-02T10:57:28.9867195Z   Downloading python_dateutil-2.9.0.post0-py2.py3-none-any.whl.metadata (8.4 kB)
2026-10-02T10:57:29.0389105Z Collecting pytz>=2020.1 (from pandas==2.3.3)
2026-10-02T10:57:29.0586553Z   Downloading pytz-2026.4-py2.py3-none-any.whl.metadata (22 kB)
2026-10-02T10:57:29.0905173Z Collecting tzdata>=2022.7 (from pandas==2.3.3)
2026-10-02T10:57:29.1098157Z   Downloading tzdata-2026.4-py2.py3-none-any.whl.metadata (1.4 kB)
2026-10-02T10:57:29.1398360Z Collecting six>=1.5 (from python-dateutil>=2.8.2->pandas==2.3.3)
2026-10-02T10:57:29.1595998Z   Downloading six-1.17.0-py2.py3-none-any.whl.metadata (1.7 kB)
2026-10-02T10:57:29.1830705Z Downloading pandas-2.3.3-cp312-cp312-manylinux_2_24_x86_64.manylinux_2_28_x86_64.whl (12.4 MB)
2026-10-02T10:57:29.3942183Z    ━━━━━━━━━━━━━━━━━━━━━━━━━━━━━━━━━━━━━━━━ 12.4/12.4 MB 69.5 MB/s  0:00:00
2026-10-02T10:57:29.4163199Z Downloading numpy-2.3.3-cp312-cp312-manylinux_2_27_x86_64.manylinux_2_28_x86_64.whl (16.6 MB)
2026-10-02T10:57:29.4902510Z    ━━━━━━━━━━━━━━━━━━━━━━━━━━━━━━━━━━━━━━━━ 16.6/16.6 MB 230.3 MB/s  0:00:00
2026-10-02T10:57:29.5102267Z Downloading python_dateutil-2.9.0.post0-py2.py3-none-any.whl (229 kB)
2026-10-02T10:57:29.5331522Z Downloading pytz-2026.4-py2.py3-none-any.whl (506 kB)
2026-10-02T10:57:29.5571516Z Downloading six-1.17.0-py2.py3-none-any.whl (11 kB)
2026-10-02T10:57:29.5795639Z Downloading tzdata-2026.4-py2.py3-none-any.whl (347 kB)
2026-10-02T10:57:29.7472038Z Installing collected packages: pytz, tzdata, six, numpy, python-dateutil, pandas
2026-10-02T10:57:36.9844025Z 
2026-10-02T10:57:36.9858709Z Successfully installed numpy-2.3.3 pandas-2.3.3 python-dateutil-2.9.0.post0 pytz-2026.4 six-1.17.0 tzdata-2026.4
2026-10-02T10:57:37.0626813Z ##[group]Run actions/cache@v4
2026-10-02T10:57:37.0627098Z with:
2026-10-02T10:57:37.0627298Z   path: data
2026-10-02T10:57:37.0627529Z   key: frozen-source-36095439671-15m-shard-4
2026-10-02T10:57:37.0628157Z   enableCrossOsArchive: false
2026-10-02T10:57:37.0628416Z   fail-on-cache-miss: false
2026-10-02T10:57:37.0628682Z   lookup-only: false
2026-10-02T10:57:37.0628901Z   save-always: false
2026-10-02T10:57:37.0629128Z env:
2026-10-02T10:57:37.0631872Z   GH_TOKEN: ***
2026-10-02T10:57:37.0632168Z   pythonLocation: /opt/hostedtoolcache/Python/3.12.14/x64
2026-10-02T10:57:37.0632609Z   PKG_CONFIG_PATH: /opt/hostedtoolcache/Python/3.12.14/x64/lib/pkgconfig
2026-10-02T10:57:37.0633043Z   Python_ROOT_DIR: /opt/hostedtoolcache/Python/3.12.14/x64
2026-10-02T10:57:37.0633443Z   Python2_ROOT_DIR: /opt/hostedtoolcache/Python/3.12.14/x64
2026-10-02T10:57:37.0633822Z   Python3_ROOT_DIR: /opt/hostedtoolcache/Python/3.12.14/x64
2026-10-02T10:57:37.0634245Z   LD_LIBRARY_PATH: /opt/hostedtoolcache/Python/3.12.14/x64/lib
2026-10-02T10:57:37.0634567Z ##[endgroup]
2026-10-02T10:57:37.1735811Z (node:2388) [DEP0040] DeprecationWarning: The `punycode` module is deprecated. Please use a userland alternative instead.
2026-10-02T10:57:37.1737215Z (Use `node --trace-deprecation ...` to show where the warning was created)
2026-10-02T10:57:37.3513736Z Cache hit for: frozen-source-36095439671-15m-shard-4
2026-10-02T10:57:37.3623571Z (node:2388) [DEP0169] DeprecationWarning: `url.parse()` behavior is not standardized and prone to errors that have security implications. Use the WHATWG URL API instead. CVEs are not issued for `url.parse()` vulnerabilities.
2026-10-02T10:57:38.5535383Z Received 25165824 of 240222647 (10.5%), 24.0 MBs/sec
2026-10-02T10:57:39.5535098Z Received 197132288 of 240222647 (82.1%), 94.0 MBs/sec
2026-10-02T10:57:39.8120979Z Received 240222647 of 240222647 (100.0%), 101.4 MBs/sec
2026-10-02T10:57:39.8123330Z Cache Size: ~229 MB (240222647 B)
2026-10-02T10:57:39.8229122Z [command]/usr/bin/tar -xf /home/runner/work/_temp/e333f8dc-e96e-4f18-a1fc-eb78dd3ae115/cache.tzst -P -C /home/runner/work/bb-scanner/bb-scanner --use-compress-program unzstd
2026-10-02T10:57:40.1270338Z Cache restored successfully
2026-10-02T10:57:40.1490353Z Cache restored from key: frozen-source-36095439671-15m-shard-4
2026-10-02T10:57:40.1646332Z ##[group]Run set -euo pipefail
2026-10-02T10:57:40.1646677Z [36;1mset -euo pipefail[0m
2026-10-02T10:57:40.1646947Z [36;1mif [ 'true' != 'true' ]; then[0m
2026-10-02T10:57:40.1647957Z [36;1m  gh run download 36095439671 -R duuu-hub/bb-scanner -n rank5-binance-um-15m-5y-data-shard-4 -D data[0m
2026-10-02T10:57:40.1648487Z [36;1mfi[0m
2026-10-02T10:57:40.1648843Z [36;1mgh run download 36858492497 -R duuu-hub/bb-scanner -n day-edge-v2-btc -D btc[0m
2026-10-02T10:57:40.1649564Z [36;1mgh run download 36095439671 -R duuu-hub/bb-scanner -n rank5-binance-um-15m-5y-manifest-shard-4 -D source-manifest[0m
2026-10-02T10:57:40.1650876Z [36;1mpython scripts/research_evidence_archive.py verify-source --data data --manifests source-manifest --baseline research/market-breadth-recovery-v14/FROZEN_INPUT_HASHES.json --out dev-4/source_check.json[0m
2026-10-02T10:57:40.1719962Z shell: /usr/bin/bash --noprofile --norc -e -o pipefail {0}
2026-10-02T10:57:40.1720327Z env:
2026-10-02T10:57:40.1723302Z   GH_TOKEN: ***
2026-10-02T10:57:40.1723609Z   pythonLocation: /opt/hostedtoolcache/Python/3.12.14/x64
2026-10-02T10:57:40.1724060Z   PKG_CONFIG_PATH: /opt/hostedtoolcache/Python/3.12.14/x64/lib/pkgconfig
2026-10-02T10:57:40.1724667Z   Python_ROOT_DIR: /opt/hostedtoolcache/Python/3.12.14/x64
2026-10-02T10:57:40.1725061Z   Python2_ROOT_DIR: /opt/hostedtoolcache/Python/3.12.14/x64
2026-10-02T10:57:40.1725453Z   Python3_ROOT_DIR: /opt/hostedtoolcache/Python/3.12.14/x64
2026-10-02T10:57:40.1726070Z   LD_LIBRARY_PATH: /opt/hostedtoolcache/Python/3.12.14/x64/lib
2026-10-02T10:57:40.1726407Z ##[endgroup]
2026-10-02T10:57:49.8529691Z FROZEN_SOURCE_VERIFIED 107 files 37 prior SHA256 matches
2026-10-02T10:57:49.9111203Z ##[group]Run actions/download-artifact@v4
2026-10-02T10:57:49.9111525Z with:
2026-10-02T10:57:49.9111808Z   name: market-breadth-recovery-v14-breadth-development
2026-10-02T10:57:49.9112155Z   path: frozen-breadth
2026-10-02T10:57:49.9112388Z   merge-multiple: false
2026-10-02T10:57:49.9112625Z   repository: duuu-hub/bb-scanner
2026-10-02T10:57:49.9112882Z   run-id: 36998066185
2026-10-02T10:57:49.9113087Z env:
2026-10-02T10:57:49.9115810Z   GH_TOKEN: ***
2026-10-02T10:57:49.9116112Z   pythonLocation: /opt/hostedtoolcache/Python/3.12.14/x64
2026-10-02T10:57:49.9116556Z   PKG_CONFIG_PATH: /opt/hostedtoolcache/Python/3.12.14/x64/lib/pkgconfig
2026-10-02T10:57:49.9116991Z   Python_ROOT_DIR: /opt/hostedtoolcache/Python/3.12.14/x64
2026-10-02T10:57:49.9117414Z   Python2_ROOT_DIR: /opt/hostedtoolcache/Python/3.12.14/x64
2026-10-02T10:57:49.9118037Z   Python3_ROOT_DIR: /opt/hostedtoolcache/Python/3.12.14/x64
2026-10-02T10:57:49.9118461Z   LD_LIBRARY_PATH: /opt/hostedtoolcache/Python/3.12.14/x64/lib
2026-10-02T10:57:49.9118796Z ##[endgroup]
2026-10-02T10:57:50.0763939Z Downloading single artifact
2026-10-02T10:57:50.0922335Z (node:2423) [DEP0040] DeprecationWarning: The `punycode` module is deprecated. Please use a userland alternative instead.
2026-10-02T10:57:50.0923735Z (Use `node --trace-deprecation ...` to show where the warning was created)
2026-10-02T10:57:50.2876981Z Preparing to download the following artifacts:
2026-10-02T10:57:50.2878724Z - market-breadth-recovery-v14-breadth-development (ID: 11221843701, Size: 584090, Expected Digest: sha256:5f057fdcf8d940f77f1e110c4f4b5d4be16a113815448d0595779916a7ea7a3e)
2026-10-02T10:57:50.5020935Z Redirecting to blob download url: https://productionresultssa1.blob.core.windows.net/actions-results/4c6d94bb-c57d-866c-adeb-19fded5ca407/workflow-job-run-2af8ed6d-df57-5cbd-b83a-41c968e43310/artifacts/0ef112ac9252012addd398fb1ca16b8a182ad28514357794d0817410d1b1b9b0.zip
2026-10-02T10:57:50.5023643Z Starting download of artifact to: /home/runner/work/bb-scanner/bb-scanner/frozen-breadth
2026-10-02T10:57:50.7360343Z (node:2423) [DEP0005] DeprecationWarning: Buffer() is deprecated due to security and usability issues. Please use the Buffer.alloc(), Buffer.allocUnsafe(), or Buffer.from() methods instead.
2026-10-02T10:57:51.0131396Z SHA256 digest of downloaded artifact is 5f057fdcf8d940f77f1e110c4f4b5d4be16a113815448d0595779916a7ea7a3e
2026-10-02T10:57:51.0132468Z Artifact download completed successfully.
2026-10-02T10:57:51.0133085Z Total of 1 artifact(s) downloaded
2026-10-02T10:57:51.0138048Z Download artifact has finished successfully
2026-10-02T10:57:51.0286101Z ##[group]Run actions/cache@v4
2026-10-02T10:57:51.0286391Z with:
2026-10-02T10:57:51.0286606Z   path: cache/verified-1m
2026-10-02T10:57:51.0286925Z   key: market-breadth-recovery-v14-dev-1m-shard-4
2026-10-02T10:57:51.0287399Z   restore-keys: premium-absorption-v8-dev-1m-shard-4
factor-lag-v6-dev-1m-shard-4
2026-10-02T10:57:51.0288163Z   enableCrossOsArchive: false
2026-10-02T10:57:51.0288432Z   fail-on-cache-miss: false
2026-10-02T10:57:51.0288675Z   lookup-only: false
2026-10-02T10:57:51.0288898Z   save-always: false
2026-10-02T10:57:51.0289111Z env:
2026-10-02T10:57:51.0291944Z   GH_TOKEN: ***
2026-10-02T10:57:51.0292252Z   pythonLocation: /opt/hostedtoolcache/Python/3.12.14/x64
2026-10-02T10:57:51.0292707Z   PKG_CONFIG_PATH: /opt/hostedtoolcache/Python/3.12.14/x64/lib/pkgconfig
2026-10-02T10:57:51.0293165Z   Python_ROOT_DIR: /opt/hostedtoolcache/Python/3.12.14/x64
2026-10-02T10:57:51.0293573Z   Python2_ROOT_DIR: /opt/hostedtoolcache/Python/3.12.14/x64
2026-10-02T10:57:51.0294003Z   Python3_ROOT_DIR: /opt/hostedtoolcache/Python/3.12.14/x64
2026-10-02T10:57:51.0294401Z   LD_LIBRARY_PATH: /opt/hostedtoolcache/Python/3.12.14/x64/lib
2026-10-02T10:57:51.0294951Z ##[endgroup]
2026-10-02T10:57:51.1396527Z (node:2435) [DEP0040] DeprecationWarning: The `punycode` module is deprecated. Please use a userland alternative instead.
2026-10-02T10:57:51.1398107Z (Use `node --trace-deprecation ...` to show where the warning was created)
2026-10-02T10:57:51.3025415Z Cache not found for input keys: market-breadth-recovery-v14-dev-1m-shard-4, premium-absorption-v8-dev-1m-shard-4, factor-lag-v6-dev-1m-shard-4
2026-10-02T10:57:51.3127829Z ##[group]Run set -euo pipefail
2026-10-02T10:57:51.3128366Z [36;1mset -euo pipefail[0m
2026-10-02T10:57:51.3129713Z [36;1mpython scripts/market_breadth_recovery_v14.py scan --stage DEV --data data --btc btc/BTCUSDT.csv.gz --breadth-dir frozen-breadth --source-check dev-4/source_check.json --out dev-4 --minute-cache cache/verified-1m[0m
2026-10-02T10:57:51.3196014Z shell: /usr/bin/bash --noprofile --norc -e -o pipefail {0}
2026-10-02T10:57:51.3196376Z env:
2026-10-02T10:57:51.3199525Z   GH_TOKEN: ***
2026-10-02T10:57:51.3199839Z   pythonLocation: /opt/hostedtoolcache/Python/3.12.14/x64
2026-10-02T10:57:51.3200319Z   PKG_CONFIG_PATH: /opt/hostedtoolcache/Python/3.12.14/x64/lib/pkgconfig
2026-10-02T10:57:51.3200765Z   Python_ROOT_DIR: /opt/hostedtoolcache/Python/3.12.14/x64
2026-10-02T10:57:51.3201170Z   Python2_ROOT_DIR: /opt/hostedtoolcache/Python/3.12.14/x64
2026-10-02T10:57:51.3201562Z   Python3_ROOT_DIR: /opt/hostedtoolcache/Python/3.12.14/x64
2026-10-02T10:57:51.3201995Z   LD_LIBRARY_PATH: /opt/hostedtoolcache/Python/3.12.14/x64/lib
2026-10-02T10:57:51.3202332Z ##[endgroup]
2026-10-02T10:57:59.9934171Z V14_BREADTH_RECOVERY_SCAN DEV 8 / 107 parameterized_outcomes 1128
2026-10-02T10:58:01.5720441Z V14_BREADTH_RECOVERY_SCAN DEV 16 / 107 parameterized_outcomes 2430
2026-10-02T10:58:05.9191965Z V14_BREADTH_RECOVERY_SCAN DEV 48 / 107 parameterized_outcomes 4572
2026-10-02T10:58:10.6748490Z V14_BREADTH_RECOVERY_SCAN DEV 56 / 107 parameterized_outcomes 5802
2026-10-02T10:58:15.7971546Z V14_BREADTH_RECOVERY_SCAN DEV 96 / 107 parameterized_outcomes 6852
2026-10-02T10:58:23.7644095Z V14_BREADTH_RECOVERY_SCAN_DONE DEV 7146 chronology_exclusions 0
2026-10-02T10:58:23.8519547Z ##[group]Run actions/upload-artifact@v4
2026-10-02T10:58:23.8519866Z with:
2026-10-02T10:58:23.8520105Z   name: market-breadth-recovery-v14-dev-4
2026-10-02T10:58:23.8520405Z   path: dev-4/
2026-10-02T10:58:23.8520621Z   retention-days: 30
2026-10-02T10:58:23.8520859Z   compression-level: 0
2026-10-02T10:58:23.8521093Z   if-no-files-found: warn
2026-10-02T10:58:23.8521331Z   overwrite: false
2026-10-02T10:58:23.8521561Z   include-hidden-files: false
2026-10-02T10:58:23.8521807Z env:
2026-10-02T10:58:23.8524533Z   GH_TOKEN: ***
2026-10-02T10:58:23.8524863Z   pythonLocation: /opt/hostedtoolcache/Python/3.12.14/x64
2026-10-02T10:58:23.8525330Z   PKG_CONFIG_PATH: /opt/hostedtoolcache/Python/3.12.14/x64/lib/pkgconfig
2026-10-02T10:58:23.8525778Z   Python_ROOT_DIR: /opt/hostedtoolcache/Python/3.12.14/x64
2026-10-02T10:58:23.8526177Z   Python2_ROOT_DIR: /opt/hostedtoolcache/Python/3.12.14/x64
2026-10-02T10:58:23.8526599Z   Python3_ROOT_DIR: /opt/hostedtoolcache/Python/3.12.14/x64
2026-10-02T10:58:23.8527025Z   LD_LIBRARY_PATH: /opt/hostedtoolcache/Python/3.12.14/x64/lib
2026-10-02T10:58:23.8527361Z ##[endgroup]
2026-10-02T10:58:24.0223190Z (node:2489) [DEP0040] DeprecationWarning: The `punycode` module is deprecated. Please use a userland alternative instead.
2026-10-02T10:58:24.0223938Z (Use `node --trace-deprecation ...` to show where the warning was created)
2026-10-02T10:58:24.0354250Z With the provided path, there will be 24 files uploaded
2026-10-02T10:58:24.0361917Z Artifact name is valid!
2026-10-02T10:58:24.0362421Z Root directory input is valid!
2026-10-02T10:58:24.3657103Z Beginning upload of artifact content to blob storage
2026-10-02T10:58:24.4355883Z (node:2489) [DEP0169] DeprecationWarning: `url.parse()` behavior is not standardized and prone to errors that have security implications. Use the WHATWG URL API instead. CVEs are not issued for `url.parse()` vulnerabilities.
2026-10-02T10:58:25.1453047Z Uploaded bytes 8388608
2026-10-02T10:58:25.2071026Z Uploaded bytes 8631070
2026-10-02T10:58:25.2655563Z Finished uploading artifact content to blob storage!
2026-10-02T10:58:25.2656785Z SHA256 digest of uploaded artifact zip is db54365aff0cd772cd9400df929b5e72cad034191bc25f267d75a433eb1576eb
2026-10-02T10:58:25.2658311Z Finalizing artifact upload
2026-10-02T10:58:25.5346789Z Artifact market-breadth-recovery-v14-dev-4.zip successfully finalized. Artifact ID 11222508270
2026-10-02T10:58:25.5348989Z Artifact market-breadth-recovery-v14-dev-4 has been successfully uploaded! Final size is 8631070 bytes. Artifact ID is 11222508270
2026-10-02T10:58:25.5354269Z Artifact download URL: https://github.com/duuu-hub/bb-scanner/actions/runs/36998066185/artifacts/11222508270
2026-10-02T10:58:25.5534233Z Post job cleanup.
2026-10-02T10:58:25.6650636Z (node:2503) [DEP0040] DeprecationWarning: The `punycode` module is deprecated. Please use a userland alternative instead.
2026-10-02T10:58:25.6651941Z (Use `node --trace-deprecation ...` to show where the warning was created)
2026-10-02T10:58:25.6832899Z [command]/usr/bin/tar --posix -cf cache.tzst --exclude cache.tzst -P -C /home/runner/work/bb-scanner/bb-scanner --files-from manifest.txt --use-compress-program zstdmt
2026-10-02T10:58:25.9374666Z (node:2503) [DEP0169] DeprecationWarning: `url.parse()` behavior is not standardized and prone to errors that have security implications. Use the WHATWG URL API instead. CVEs are not issued for `url.parse()` vulnerabilities.
2026-10-02T10:58:26.6516224Z Sent 9244659 of 9244659 (100.0%), 12.2 MBs/sec
2026-10-02T10:58:26.7673567Z Cache saved with key: market-breadth-recovery-v14-dev-1m-shard-4
2026-10-02T10:58:26.7787947Z Post job cleanup.
2026-10-02T10:58:26.8902617Z Cache hit occurred on the primary key frozen-source-36095439671-15m-shard-4, not saving cache.
2026-10-02T10:58:26.8904772Z (node:2523) [DEP0040] DeprecationWarning: The `punycode` module is deprecated. Please use a userland alternative instead.
2026-10-02T10:58:26.8905880Z (Use `node --trace-deprecation ...` to show where the warning was created)
2026-10-02T10:58:26.9019385Z Post job cleanup.
2026-10-02T10:58:27.0277193Z (node:2531) [DEP0040] DeprecationWarning: The `punycode` module is deprecated. Please use a userland alternative instead.
2026-10-02T10:58:27.0278144Z (Use `node --trace-deprecation ...` to show where the warning was created)
2026-10-02T10:58:27.0507211Z Post job cleanup.
2026-10-02T10:58:27.1442770Z [command]/usr/bin/git version
2026-10-02T10:58:27.1489903Z git version 2.55.0
2026-10-02T10:58:27.1532885Z Temporarily overriding HOME='/home/runner/work/_temp/bc066a95-1fe1-4d85-88be-3fae92b5671b' before making global git config changes
2026-10-02T10:58:27.1534328Z Adding repository directory to the temporary git global config as a safe directory
2026-10-02T10:58:27.1538519Z [command]/usr/bin/git config --global --add safe.directory /home/runner/work/bb-scanner/bb-scanner
2026-10-02T10:58:27.1586882Z [command]/usr/bin/git config --local --name-only --get-regexp core\.sshCommand
2026-10-02T10:58:27.1629549Z [command]/usr/bin/git submodule foreach --recursive sh -c "git config --local --name-only --get-regexp 'core\.sshCommand' && git config --local --unset-all 'core.sshCommand' || :"
2026-10-02T10:58:27.1904948Z [command]/usr/bin/git config --local --name-only --get-regexp http\.https\:\/\/github\.com\/\.extraheader
2026-10-02T10:58:27.1941755Z http.https://github.com/.extraheader
2026-10-02T10:58:27.1954755Z [command]/usr/bin/git config --local --unset-all http.https://github.com/.extraheader
2026-10-02T10:58:27.1999197Z [command]/usr/bin/git submodule foreach --recursive sh -c "git config --local --name-only --get-regexp 'http\.https\:\/\/github\.com\/\.extraheader' && git config --local --unset-all 'http.https://github.com/.extraheader' || :"
2026-10-02T10:58:27.2275947Z [command]/usr/bin/git config --local --name-only --get-regexp ^includeIf\.gitdir:
2026-10-02T10:58:27.2326554Z [command]/usr/bin/git submodule foreach --recursive git config --local --show-origin --name-only --get-regexp remote.origin.url
2026-10-02T10:58:27.2736196Z Cleaning up orphan processes
2026-10-02T10:58:27.3196866Z ##[warning]Node.js 20 is deprecated. The following actions target Node.js 20 but are being forced to run on Node.js 24: actions/cache@v4, actions/checkout@v4, actions/download-artifact@v4, actions/setup-python@v5, actions/upload-artifact@v4. For more information see: https://github.blog/changelog/2025-09-19-deprecation-of-node-20-on-github-actions-runners/
