2026-10-02T10:56:06.3510515Z Current runner version: '2.337.0'
2026-10-02T10:56:06.3537037Z ##[group]Runner Image Provisioner
2026-10-02T10:56:06.3537918Z Hosted Compute Agent
2026-10-02T10:56:06.3538570Z Version: 20260901.588
2026-10-02T10:56:06.3539264Z Commit: f88ec8081b781fac6c440065ac7ff9e710ce3d0b
2026-10-02T10:56:06.3539999Z Build Date: 2026-09-01T19:56:44Z
2026-10-02T10:56:06.3540745Z Worker ID: {7ff742bd-52b9-41b5-a7d2-226f2757d60f}
2026-10-02T10:56:06.3541479Z Azure Region: westus
2026-10-02T10:56:06.3542153Z ##[endgroup]
2026-10-02T10:56:06.3544045Z ##[group]Operating System
2026-10-02T10:56:06.3544705Z Ubuntu
2026-10-02T10:56:06.3545308Z 24.04.5
2026-10-02T10:56:06.3545821Z LTS
2026-10-02T10:56:06.3546317Z ##[endgroup]
2026-10-02T10:56:06.3547012Z ##[group]Runner Image
2026-10-02T10:56:06.3547612Z Image: ubuntu-24.04
2026-10-02T10:56:06.3548628Z Version: 20260927.320.1
2026-10-02T10:56:06.3550006Z Included Software: https://github.com/actions/runner-images/blob/ubuntu24/20260927.320/images/ubuntu/Ubuntu2404-Readme.md
2026-10-02T10:56:06.3551714Z Image Release: https://github.com/actions/runner-images/releases/tag/ubuntu24%2F20260927.320
2026-10-02T10:56:06.3552717Z ##[endgroup]
2026-10-02T10:56:06.3554455Z ##[group]GITHUB_TOKEN Permissions
2026-10-02T10:56:06.3556845Z Actions: read
2026-10-02T10:56:06.3557609Z Contents: read
2026-10-02T10:56:06.3558178Z Metadata: read
2026-10-02T10:56:06.3558707Z ##[endgroup]
2026-10-02T10:56:06.3561000Z Secret source: Actions
2026-10-02T10:56:06.3562083Z Cache mode: write
2026-10-02T10:56:06.3562915Z Prepare workflow directory
2026-10-02T10:56:06.4122410Z Prepare all required actions
2026-10-02T10:56:06.4172655Z Getting action download info
2026-10-02T10:56:06.7844692Z Download action repository 'actions/checkout@v4' (SHA:11d5960a326750d5838078e36cf38b85af677262)
2026-10-02T10:56:06.8998657Z Download action repository 'actions/setup-python@v5' (SHA:a26af69be951a213d495a4c3e4e4022e16d87065)
2026-10-02T10:56:06.9840650Z Download action repository 'actions/cache@v4' (SHA:0057852bfaa89a56745cba8c7296529d2fc39830)
2026-10-02T10:56:07.0782452Z Download action repository 'actions/upload-artifact@v4' (SHA:ea165f8d65b6e75b540449e92b4886f43607fa02)
2026-10-02T10:56:07.2992843Z Complete job name: map_development (3)
2026-10-02T10:56:07.3796187Z ##[group]Run actions/checkout@v4
2026-10-02T10:56:07.3797195Z with:
2026-10-02T10:56:07.3797702Z   repository: duuu-hub/bb-scanner
2026-10-02T10:56:07.3801702Z   token: ***
2026-10-02T10:56:07.3802188Z   ssh-strict: true
2026-10-02T10:56:07.3802668Z   ssh-user: git
2026-10-02T10:56:07.3803163Z   persist-credentials: true
2026-10-02T10:56:07.3803972Z   clean: true
2026-10-02T10:56:07.3804469Z   sparse-checkout-cone-mode: true
2026-10-02T10:56:07.3805050Z   fetch-depth: 1
2026-10-02T10:56:07.3805531Z   fetch-tags: false
2026-10-02T10:56:07.3806021Z   show-progress: true
2026-10-02T10:56:07.3806514Z   lfs: false
2026-10-02T10:56:07.3806971Z   submodules: false
2026-10-02T10:56:07.3807480Z   set-safe-directory: true
2026-10-02T10:56:07.3808281Z   allow-unsafe-pr-checkout: false
2026-10-02T10:56:07.3809390Z env:
2026-10-02T10:56:07.3813277Z   GH_TOKEN: ***
2026-10-02T10:56:07.3814148Z ##[endgroup]
2026-10-02T10:56:07.4911226Z Syncing repository: duuu-hub/bb-scanner
2026-10-02T10:56:07.4914009Z ##[group]Getting Git version info
2026-10-02T10:56:07.4914899Z Working directory is '/home/runner/work/bb-scanner/bb-scanner'
2026-10-02T10:56:07.4916258Z [command]/usr/bin/git version
2026-10-02T10:56:07.4979053Z git version 2.55.0
2026-10-02T10:56:07.5006101Z ##[endgroup]
2026-10-02T10:56:07.5026891Z Temporarily overriding HOME='/home/runner/work/_temp/b75ea4cb-2941-4e80-8e29-cafded235631' before making global git config changes
2026-10-02T10:56:07.5029510Z Adding repository directory to the temporary git global config as a safe directory
2026-10-02T10:56:07.5033962Z [command]/usr/bin/git config --global --add safe.directory /home/runner/work/bb-scanner/bb-scanner
2026-10-02T10:56:07.5091503Z Deleting the contents of '/home/runner/work/bb-scanner/bb-scanner'
2026-10-02T10:56:07.5097706Z ##[group]Initializing the repository
2026-10-02T10:56:07.5104004Z [command]/usr/bin/git init /home/runner/work/bb-scanner/bb-scanner
2026-10-02T10:56:07.5207037Z hint: Using 'master' as the name for the initial branch. This default branch name
2026-10-02T10:56:07.5209255Z hint: will change to "main" in Git 3.0. To configure the initial branch name
2026-10-02T10:56:07.5211097Z hint: to use in all of your new repositories, which will suppress this warning,
2026-10-02T10:56:07.5212804Z hint: call:
2026-10-02T10:56:07.5213962Z hint:
2026-10-02T10:56:07.5215090Z hint: 	git config --global init.defaultBranch <name>
2026-10-02T10:56:07.5216382Z hint:
2026-10-02T10:56:07.5217298Z hint: Names commonly chosen instead of 'master' are 'main', 'trunk' and
2026-10-02T10:56:07.5219419Z hint: 'development'. The just-created branch can be renamed via this command:
2026-10-02T10:56:07.5220318Z hint:
2026-10-02T10:56:07.5220811Z hint: 	git branch -m <name>
2026-10-02T10:56:07.5221356Z hint:
2026-10-02T10:56:07.5222059Z hint: Disable this message with "git config set advice.defaultBranchName false"
2026-10-02T10:56:07.5223185Z Initialized empty Git repository in /home/runner/work/bb-scanner/bb-scanner/.git/
2026-10-02T10:56:07.5225771Z [command]/usr/bin/git remote add origin https://github.com/duuu-hub/bb-scanner
2026-10-02T10:56:07.5281950Z ##[endgroup]
2026-10-02T10:56:07.5283471Z ##[group]Disabling automatic garbage collection
2026-10-02T10:56:07.5289311Z [command]/usr/bin/git config --local gc.auto 0
2026-10-02T10:56:07.5330344Z ##[endgroup]
2026-10-02T10:56:07.5331898Z ##[group]Setting up auth
2026-10-02T10:56:07.5338919Z [command]/usr/bin/git config --local --name-only --get-regexp core\.sshCommand
2026-10-02T10:56:07.5376981Z [command]/usr/bin/git submodule foreach --recursive sh -c "git config --local --name-only --get-regexp 'core\.sshCommand' && git config --local --unset-all 'core.sshCommand' || :"
2026-10-02T10:56:07.5759327Z [command]/usr/bin/git config --local --name-only --get-regexp http\.https\:\/\/github\.com\/\.extraheader
2026-10-02T10:56:07.5807477Z [command]/usr/bin/git submodule foreach --recursive sh -c "git config --local --name-only --get-regexp 'http\.https\:\/\/github\.com\/\.extraheader' && git config --local --unset-all 'http.https://github.com/.extraheader' || :"
2026-10-02T10:56:07.6062430Z [command]/usr/bin/git config --local --name-only --get-regexp ^includeIf\.gitdir:
2026-10-02T10:56:07.6107742Z [command]/usr/bin/git submodule foreach --recursive git config --local --show-origin --name-only --get-regexp remote.origin.url
2026-10-02T10:56:07.6364361Z [command]/usr/bin/git config --local http.https://github.com/.extraheader AUTHORIZATION: basic ***
2026-10-02T10:56:07.6412635Z ##[endgroup]
2026-10-02T10:56:07.6414067Z ##[group]Fetching the repository
2026-10-02T10:56:07.6425250Z [command]/usr/bin/git -c protocol.version=2 fetch --no-tags --prune --no-recurse-submodules --depth=1 origin +3b309e6b025fe0eb66c8be3ec0dbaad84b7e8344:refs/remotes/origin/research-market-breadth-recovery-v14
2026-10-02T10:56:08.6458889Z From https://github.com/duuu-hub/bb-scanner
2026-10-02T10:56:08.6462532Z  * [new ref]         3b309e6b025fe0eb66c8be3ec0dbaad84b7e8344 -> origin/research-market-breadth-recovery-v14
2026-10-02T10:56:08.6471933Z ##[endgroup]
2026-10-02T10:56:08.6475094Z ##[group]Determining the checkout info
2026-10-02T10:56:08.6478350Z ##[endgroup]
2026-10-02T10:56:08.6480093Z [command]/usr/bin/git sparse-checkout disable
2026-10-02T10:56:08.6536488Z [command]/usr/bin/git config --local --unset-all extensions.worktreeConfig
2026-10-02T10:56:08.6570910Z ##[group]Checking out the ref
2026-10-02T10:56:08.6576447Z [command]/usr/bin/git checkout --progress --force -B research-market-breadth-recovery-v14 refs/remotes/origin/research-market-breadth-recovery-v14
2026-10-02T10:56:08.8854627Z Switched to a new branch 'research-market-breadth-recovery-v14'
2026-10-02T10:56:08.8861065Z branch 'research-market-breadth-recovery-v14' set up to track 'origin/research-market-breadth-recovery-v14'.
2026-10-02T10:56:08.8874752Z ##[endgroup]
2026-10-02T10:56:08.8920367Z [command]/usr/bin/git log -1 --format=%H
2026-10-02T10:56:08.8949115Z 3b309e6b025fe0eb66c8be3ec0dbaad84b7e8344
2026-10-02T10:56:08.9424502Z ##[group]Run actions/setup-python@v5
2026-10-02T10:56:08.9425885Z with:
2026-10-02T10:56:08.9426805Z   python-version: 3.12
2026-10-02T10:56:08.9427905Z   check-latest: false
2026-10-02T10:56:08.9438378Z   token: ***
2026-10-02T10:56:08.9439677Z   update-environment: true
2026-10-02T10:56:08.9440824Z   allow-prereleases: false
2026-10-02T10:56:08.9441984Z   freethreaded: false
2026-10-02T10:56:08.9443256Z env:
2026-10-02T10:56:08.9452929Z   GH_TOKEN: ***
2026-10-02T10:56:08.9454072Z ##[endgroup]
2026-10-02T10:56:09.0875172Z ##[group]Installed versions
2026-10-02T10:56:09.0967157Z (node:2301) [DEP0040] DeprecationWarning: The `punycode` module is deprecated. Please use a userland alternative instead.
2026-10-02T10:56:09.0971093Z (Use `node --trace-deprecation ...` to show where the warning was created)
2026-10-02T10:56:09.0972923Z Successfully set up CPython (3.12.14)
2026-10-02T10:56:09.0976020Z ##[endgroup]
2026-10-02T10:56:09.1198631Z ##[group]Run set -euo pipefail
2026-10-02T10:56:09.1199908Z [36;1mset -euo pipefail[0m
2026-10-02T10:56:09.1201120Z [36;1mpip install pandas==2.3.3 numpy==2.3.3[0m
2026-10-02T10:56:09.1513032Z shell: /usr/bin/bash --noprofile --norc -e -o pipefail {0}
2026-10-02T10:56:09.1515298Z env:
2026-10-02T10:56:09.1526033Z   GH_TOKEN: ***
2026-10-02T10:56:09.1527257Z   pythonLocation: /opt/hostedtoolcache/Python/3.12.14/x64
2026-10-02T10:56:09.1529107Z   PKG_CONFIG_PATH: /opt/hostedtoolcache/Python/3.12.14/x64/lib/pkgconfig
2026-10-02T10:56:09.1530966Z   Python_ROOT_DIR: /opt/hostedtoolcache/Python/3.12.14/x64
2026-10-02T10:56:09.1532655Z   Python2_ROOT_DIR: /opt/hostedtoolcache/Python/3.12.14/x64
2026-10-02T10:56:09.1534512Z   Python3_ROOT_DIR: /opt/hostedtoolcache/Python/3.12.14/x64
2026-10-02T10:56:09.1536240Z   LD_LIBRARY_PATH: /opt/hostedtoolcache/Python/3.12.14/x64/lib
2026-10-02T10:56:09.1537716Z ##[endgroup]
2026-10-02T10:56:10.1064275Z Collecting pandas==2.3.3
2026-10-02T10:56:10.1541879Z   Downloading pandas-2.3.3-cp312-cp312-manylinux_2_24_x86_64.manylinux_2_28_x86_64.whl.metadata (91 kB)
2026-10-02T10:56:10.4198169Z Collecting numpy==2.3.3
2026-10-02T10:56:10.4237892Z   Downloading numpy-2.3.3-cp312-cp312-manylinux_2_27_x86_64.manylinux_2_28_x86_64.whl.metadata (62 kB)
2026-10-02T10:56:10.4528330Z Collecting python-dateutil>=2.8.2 (from pandas==2.3.3)
2026-10-02T10:56:10.4585094Z   Downloading python_dateutil-2.9.0.post0-py2.py3-none-any.whl.metadata (8.4 kB)
2026-10-02T10:56:10.4931533Z Collecting pytz>=2020.1 (from pandas==2.3.3)
2026-10-02T10:56:10.4962653Z   Downloading pytz-2026.4-py2.py3-none-any.whl.metadata (22 kB)
2026-10-02T10:56:10.5107159Z Collecting tzdata>=2022.7 (from pandas==2.3.3)
2026-10-02T10:56:10.5134914Z   Downloading tzdata-2026.4-py2.py3-none-any.whl.metadata (1.4 kB)
2026-10-02T10:56:10.5268334Z Collecting six>=1.5 (from python-dateutil>=2.8.2->pandas==2.3.3)
2026-10-02T10:56:10.5296187Z   Downloading six-1.17.0-py2.py3-none-any.whl.metadata (1.7 kB)
2026-10-02T10:56:10.5364739Z Downloading pandas-2.3.3-cp312-cp312-manylinux_2_24_x86_64.manylinux_2_28_x86_64.whl (12.4 MB)
2026-10-02T10:56:10.5759346Z    ━━━━━━━━━━━━━━━━━━━━━━━━━━━━━━━━━━━━━━━━ 12.4/12.4 MB 343.7 MB/s  0:00:00
2026-10-02T10:56:10.5816257Z Downloading numpy-2.3.3-cp312-cp312-manylinux_2_27_x86_64.manylinux_2_28_x86_64.whl (16.6 MB)
2026-10-02T10:56:10.6502292Z    ━━━━━━━━━━━━━━━━━━━━━━━━━━━━━━━━━━━━━━━━ 16.6/16.6 MB 248.8 MB/s  0:00:00
2026-10-02T10:56:10.6532326Z Downloading python_dateutil-2.9.0.post0-py2.py3-none-any.whl (229 kB)
2026-10-02T10:56:10.6584413Z Downloading pytz-2026.4-py2.py3-none-any.whl (506 kB)
2026-10-02T10:56:10.6647625Z Downloading six-1.17.0-py2.py3-none-any.whl (11 kB)
2026-10-02T10:56:10.6695534Z Downloading tzdata-2026.4-py2.py3-none-any.whl (347 kB)
2026-10-02T10:56:10.8359152Z Installing collected packages: pytz, tzdata, six, numpy, python-dateutil, pandas
2026-10-02T10:56:18.3573307Z 
2026-10-02T10:56:18.3588186Z Successfully installed numpy-2.3.3 pandas-2.3.3 python-dateutil-2.9.0.post0 pytz-2026.4 six-1.17.0 tzdata-2026.4
2026-10-02T10:56:18.4339403Z ##[group]Run actions/cache@v4
2026-10-02T10:56:18.4339680Z with:
2026-10-02T10:56:18.4339868Z   path: data
2026-10-02T10:56:18.4340091Z   key: frozen-source-36095439671-15m-shard-3
2026-10-02T10:56:18.4340386Z   enableCrossOsArchive: false
2026-10-02T10:56:18.4340634Z   fail-on-cache-miss: false
2026-10-02T10:56:18.4340862Z   lookup-only: false
2026-10-02T10:56:18.4341069Z   save-always: false
2026-10-02T10:56:18.4341262Z env:
2026-10-02T10:56:18.4343626Z   GH_TOKEN: ***
2026-10-02T10:56:18.4344101Z   pythonLocation: /opt/hostedtoolcache/Python/3.12.14/x64
2026-10-02T10:56:18.4344583Z   PKG_CONFIG_PATH: /opt/hostedtoolcache/Python/3.12.14/x64/lib/pkgconfig
2026-10-02T10:56:18.4345025Z   Python_ROOT_DIR: /opt/hostedtoolcache/Python/3.12.14/x64
2026-10-02T10:56:18.4345401Z   Python2_ROOT_DIR: /opt/hostedtoolcache/Python/3.12.14/x64
2026-10-02T10:56:18.4345795Z   Python3_ROOT_DIR: /opt/hostedtoolcache/Python/3.12.14/x64
2026-10-02T10:56:18.4346208Z   LD_LIBRARY_PATH: /opt/hostedtoolcache/Python/3.12.14/x64/lib
2026-10-02T10:56:18.4346534Z ##[endgroup]
2026-10-02T10:56:18.5625542Z (node:2337) [DEP0040] DeprecationWarning: The `punycode` module is deprecated. Please use a userland alternative instead.
2026-10-02T10:56:18.5626593Z (Use `node --trace-deprecation ...` to show where the warning was created)
2026-10-02T10:56:18.8349724Z Cache hit for: frozen-source-36095439671-15m-shard-3
2026-10-02T10:56:18.8464646Z (node:2337) [DEP0169] DeprecationWarning: `url.parse()` behavior is not standardized and prone to errors that have security implications. Use the WHATWG URL API instead. CVEs are not issued for `url.parse()` vulnerabilities.
2026-10-02T10:56:20.1267734Z Received 4194304 of 229873296 (1.8%), 4.0 MBs/sec
2026-10-02T10:56:21.1280735Z Received 104857600 of 229873296 (45.6%), 50.0 MBs/sec
2026-10-02T10:56:22.0491762Z Received 229873296 of 229873296 (100.0%), 75.0 MBs/sec
2026-10-02T10:56:22.0495007Z Cache Size: ~219 MB (229873296 B)
2026-10-02T10:56:22.0540001Z [command]/usr/bin/tar -xf /home/runner/work/_temp/03014f8c-fbf8-47a4-ab6d-2b836a71e309/cache.tzst -P -C /home/runner/work/bb-scanner/bb-scanner --use-compress-program unzstd
2026-10-02T10:56:22.3480876Z Cache restored successfully
2026-10-02T10:56:22.3662078Z Cache restored from key: frozen-source-36095439671-15m-shard-3
2026-10-02T10:56:22.3829442Z ##[group]Run set -euo pipefail
2026-10-02T10:56:22.3829795Z [36;1mset -euo pipefail[0m
2026-10-02T10:56:22.3830069Z [36;1mif [ 'true' != 'true' ]; then[0m
2026-10-02T10:56:22.3830614Z [36;1m  gh run download 36095439671 -R duuu-hub/bb-scanner -n rank5-binance-um-15m-5y-data-shard-3 -D data[0m
2026-10-02T10:56:22.3831125Z [36;1mfi[0m
2026-10-02T10:56:22.3831475Z [36;1mgh run download 36858492497 -R duuu-hub/bb-scanner -n day-edge-v2-btc -D btc[0m
2026-10-02T10:56:22.3832190Z [36;1mgh run download 36095439671 -R duuu-hub/bb-scanner -n rank5-binance-um-15m-5y-manifest-shard-3 -D source-manifest[0m
2026-10-02T10:56:22.3833439Z [36;1mpython scripts/research_evidence_archive.py verify-source --data data --manifests source-manifest --baseline research/market-breadth-recovery-v14/FROZEN_INPUT_HASHES.json --out map-development-3/source_check.json[0m
2026-10-02T10:56:22.3898486Z shell: /usr/bin/bash --noprofile --norc -e -o pipefail {0}
2026-10-02T10:56:22.3898873Z env:
2026-10-02T10:56:22.3901678Z   GH_TOKEN: ***
2026-10-02T10:56:22.3902014Z   pythonLocation: /opt/hostedtoolcache/Python/3.12.14/x64
2026-10-02T10:56:22.3902534Z   PKG_CONFIG_PATH: /opt/hostedtoolcache/Python/3.12.14/x64/lib/pkgconfig
2026-10-02T10:56:22.3903039Z   Python_ROOT_DIR: /opt/hostedtoolcache/Python/3.12.14/x64
2026-10-02T10:56:22.3903489Z   Python2_ROOT_DIR: /opt/hostedtoolcache/Python/3.12.14/x64
2026-10-02T10:56:22.3904251Z   Python3_ROOT_DIR: /opt/hostedtoolcache/Python/3.12.14/x64
2026-10-02T10:56:22.3904701Z   LD_LIBRARY_PATH: /opt/hostedtoolcache/Python/3.12.14/x64/lib
2026-10-02T10:56:22.3905316Z ##[endgroup]
2026-10-02T10:56:31.8847214Z FROZEN_SOURCE_VERIFIED 106 files 31 prior SHA256 matches
2026-10-02T10:56:31.9474452Z ##[group]Run set -euo pipefail
2026-10-02T10:56:31.9474800Z [36;1mset -euo pipefail[0m
2026-10-02T10:56:31.9475537Z [36;1mpython scripts/market_breadth_v14.py map --stage DEV --data data --btc btc/BTCUSDT.csv.gz --source-check map-development-3/source_check.json --out map-development-3[0m
2026-10-02T10:56:31.9539114Z shell: /usr/bin/bash --noprofile --norc -e -o pipefail {0}
2026-10-02T10:56:31.9539483Z env:
2026-10-02T10:56:31.9542354Z   GH_TOKEN: ***
2026-10-02T10:56:31.9542676Z   pythonLocation: /opt/hostedtoolcache/Python/3.12.14/x64
2026-10-02T10:56:31.9543175Z   PKG_CONFIG_PATH: /opt/hostedtoolcache/Python/3.12.14/x64/lib/pkgconfig
2026-10-02T10:56:31.9543999Z   Python_ROOT_DIR: /opt/hostedtoolcache/Python/3.12.14/x64
2026-10-02T10:56:31.9544473Z   Python2_ROOT_DIR: /opt/hostedtoolcache/Python/3.12.14/x64
2026-10-02T10:56:31.9544915Z   Python3_ROOT_DIR: /opt/hostedtoolcache/Python/3.12.14/x64
2026-10-02T10:56:31.9545425Z   LD_LIBRARY_PATH: /opt/hostedtoolcache/Python/3.12.14/x64/lib
2026-10-02T10:56:31.9545801Z ##[endgroup]
2026-10-02T10:56:37.6856275Z V14_BREADTH_MAP DEV 32 / 106
2026-10-02T10:56:39.7409820Z V14_BREADTH_MAP DEV 40 / 106
2026-10-02T10:56:41.1257637Z V14_BREADTH_MAP DEV 48 / 106
2026-10-02T10:56:49.0659079Z V14_BREADTH_MAP_DONE DEV shard 3 sources 106 rows 81793
2026-10-02T10:56:49.1407103Z ##[group]Run actions/upload-artifact@v4
2026-10-02T10:56:49.1407427Z with:
2026-10-02T10:56:49.1407693Z   name: market-breadth-recovery-v14-map-development-3
2026-10-02T10:56:49.1408039Z   path: map-development-3/
2026-10-02T10:56:49.1408290Z   retention-days: 30
2026-10-02T10:56:49.1408513Z   compression-level: 0
2026-10-02T10:56:49.1408743Z   if-no-files-found: warn
2026-10-02T10:56:49.1408973Z   overwrite: false
2026-10-02T10:56:49.1409195Z   include-hidden-files: false
2026-10-02T10:56:49.1409445Z env:
2026-10-02T10:56:49.1411873Z   GH_TOKEN: ***
2026-10-02T10:56:49.1412192Z   pythonLocation: /opt/hostedtoolcache/Python/3.12.14/x64
2026-10-02T10:56:49.1412651Z   PKG_CONFIG_PATH: /opt/hostedtoolcache/Python/3.12.14/x64/lib/pkgconfig
2026-10-02T10:56:49.1413094Z   Python_ROOT_DIR: /opt/hostedtoolcache/Python/3.12.14/x64
2026-10-02T10:56:49.1413488Z   Python2_ROOT_DIR: /opt/hostedtoolcache/Python/3.12.14/x64
2026-10-02T10:56:49.1414487Z   Python3_ROOT_DIR: /opt/hostedtoolcache/Python/3.12.14/x64
2026-10-02T10:56:49.1414928Z   LD_LIBRARY_PATH: /opt/hostedtoolcache/Python/3.12.14/x64/lib
2026-10-02T10:56:49.1415260Z ##[endgroup]
2026-10-02T10:56:49.3177251Z (node:2386) [DEP0040] DeprecationWarning: The `punycode` module is deprecated. Please use a userland alternative instead.
2026-10-02T10:56:49.3178308Z (Use `node --trace-deprecation ...` to show where the warning was created)
2026-10-02T10:56:49.3258642Z With the provided path, there will be 4 files uploaded
2026-10-02T10:56:49.3265612Z Artifact name is valid!
2026-10-02T10:56:49.3266642Z Root directory input is valid!
2026-10-02T10:56:49.7252788Z Beginning upload of artifact content to blob storage
2026-10-02T10:56:49.7535264Z (node:2386) [DEP0169] DeprecationWarning: `url.parse()` behavior is not standardized and prone to errors that have security implications. Use the WHATWG URL API instead. CVEs are not issued for `url.parse()` vulnerabilities.
2026-10-02T10:56:50.3054527Z Uploaded bytes 401162
2026-10-02T10:56:50.3843072Z Finished uploading artifact content to blob storage!
2026-10-02T10:56:50.3844677Z SHA256 digest of uploaded artifact zip is cbeca61a9eabc63bd019844e4f5900df27e9cb390e9b05709c539767efa40fda
2026-10-02T10:56:50.3846394Z Finalizing artifact upload
2026-10-02T10:56:50.6849799Z Artifact market-breadth-recovery-v14-map-development-3.zip successfully finalized. Artifact ID 11222637535
2026-10-02T10:56:50.6855360Z Artifact market-breadth-recovery-v14-map-development-3 has been successfully uploaded! Final size is 401162 bytes. Artifact ID is 11222637535
2026-10-02T10:56:50.6858784Z Artifact download URL: https://github.com/duuu-hub/bb-scanner/actions/runs/36998066185/artifacts/11222637535
2026-10-02T10:56:50.7031097Z Post job cleanup.
2026-10-02T10:56:50.8163491Z Cache hit occurred on the primary key frozen-source-36095439671-15m-shard-3, not saving cache.
2026-10-02T10:56:50.8166147Z (node:2400) [DEP0040] DeprecationWarning: The `punycode` module is deprecated. Please use a userland alternative instead.
2026-10-02T10:56:50.8167768Z (Use `node --trace-deprecation ...` to show where the warning was created)
2026-10-02T10:56:50.8281496Z Post job cleanup.
2026-10-02T10:56:50.9548277Z (node:2408) [DEP0040] DeprecationWarning: The `punycode` module is deprecated. Please use a userland alternative instead.
2026-10-02T10:56:50.9550209Z (Use `node --trace-deprecation ...` to show where the warning was created)
2026-10-02T10:56:50.9796350Z Post job cleanup.
2026-10-02T10:56:51.0737983Z [command]/usr/bin/git version
2026-10-02T10:56:51.0785785Z git version 2.55.0
2026-10-02T10:56:51.0832002Z Temporarily overriding HOME='/home/runner/work/_temp/aca4addb-c257-4505-97e4-26a9026f0d65' before making global git config changes
2026-10-02T10:56:51.0834749Z Adding repository directory to the temporary git global config as a safe directory
2026-10-02T10:56:51.0839480Z [command]/usr/bin/git config --global --add safe.directory /home/runner/work/bb-scanner/bb-scanner
2026-10-02T10:56:51.0884615Z [command]/usr/bin/git config --local --name-only --get-regexp core\.sshCommand
2026-10-02T10:56:51.0952842Z [command]/usr/bin/git submodule foreach --recursive sh -c "git config --local --name-only --get-regexp 'core\.sshCommand' && git config --local --unset-all 'core.sshCommand' || :"
2026-10-02T10:56:51.1281823Z [command]/usr/bin/git config --local --name-only --get-regexp http\.https\:\/\/github\.com\/\.extraheader
2026-10-02T10:56:51.1315013Z http.https://github.com/.extraheader
2026-10-02T10:56:51.1328320Z [command]/usr/bin/git config --local --unset-all http.https://github.com/.extraheader
2026-10-02T10:56:51.1378595Z [command]/usr/bin/git submodule foreach --recursive sh -c "git config --local --name-only --get-regexp 'http\.https\:\/\/github\.com\/\.extraheader' && git config --local --unset-all 'http.https://github.com/.extraheader' || :"
2026-10-02T10:56:51.1645058Z [command]/usr/bin/git config --local --name-only --get-regexp ^includeIf\.gitdir:
2026-10-02T10:56:51.1688745Z [command]/usr/bin/git submodule foreach --recursive git config --local --show-origin --name-only --get-regexp remote.origin.url
2026-10-02T10:56:51.2093618Z Cleaning up orphan processes
2026-10-02T10:56:51.2453224Z ##[warning]Node.js 20 is deprecated. The following actions target Node.js 20 but are being forced to run on Node.js 24: actions/cache@v4, actions/checkout@v4, actions/setup-python@v5, actions/upload-artifact@v4. For more information see: https://github.blog/changelog/2025-09-19-deprecation-of-node-20-on-github-actions-runners/
