2026-10-02T10:57:22.5596615Z Current runner version: '2.337.0'
2026-10-02T10:57:22.5623057Z ##[group]Runner Image Provisioner
2026-10-02T10:57:22.5623910Z Hosted Compute Agent
2026-10-02T10:57:22.5624700Z Version: 20260901.588
2026-10-02T10:57:22.5625723Z Commit: f88ec8081b781fac6c440065ac7ff9e710ce3d0b
2026-10-02T10:57:22.5626808Z Build Date: 2026-09-01T19:56:44Z
2026-10-02T10:57:22.5627602Z Worker ID: {b27b7fae-84ec-4c94-89e2-3b1c5024a24f}
2026-10-02T10:57:22.5628334Z Azure Region: centralus
2026-10-02T10:57:22.5628912Z ##[endgroup]
2026-10-02T10:57:22.5630838Z ##[group]Operating System
2026-10-02T10:57:22.5631802Z Ubuntu
2026-10-02T10:57:22.5632796Z 24.04.5
2026-10-02T10:57:22.5633365Z LTS
2026-10-02T10:57:22.5633884Z ##[endgroup]
2026-10-02T10:57:22.5634540Z ##[group]Runner Image
2026-10-02T10:57:22.5635179Z Image: ubuntu-24.04
2026-10-02T10:57:22.5635783Z Version: 20260927.320.1
2026-10-02T10:57:22.5637146Z Included Software: https://github.com/actions/runner-images/blob/ubuntu24/20260927.320/images/ubuntu/Ubuntu2404-Readme.md
2026-10-02T10:57:22.5638817Z Image Release: https://github.com/actions/runner-images/releases/tag/ubuntu24%2F20260927.320
2026-10-02T10:57:22.5639826Z ##[endgroup]
2026-10-02T10:57:22.5641052Z ##[group]GITHUB_TOKEN Permissions
2026-10-02T10:57:22.5643758Z Actions: read
2026-10-02T10:57:22.5644448Z Contents: read
2026-10-02T10:57:22.5645121Z Metadata: read
2026-10-02T10:57:22.5645678Z ##[endgroup]
2026-10-02T10:57:22.5647933Z Secret source: Actions
2026-10-02T10:57:22.5648929Z Cache mode: write
2026-10-02T10:57:22.5650127Z Prepare workflow directory
2026-10-02T10:57:22.6192617Z Prepare all required actions
2026-10-02T10:57:22.6240820Z Getting action download info
2026-10-02T10:57:22.9087988Z Download action repository 'actions/checkout@v4' (SHA:11d5960a326750d5838078e36cf38b85af677262)
2026-10-02T10:57:23.0013137Z Download action repository 'actions/setup-python@v5' (SHA:a26af69be951a213d495a4c3e4e4022e16d87065)
2026-10-02T10:57:23.0807354Z Download action repository 'actions/cache@v4' (SHA:0057852bfaa89a56745cba8c7296529d2fc39830)
2026-10-02T10:57:23.2260404Z Download action repository 'actions/download-artifact@v4' (SHA:d3f86a106a0bac45b974a628896c90dbdf5c8093)
2026-10-02T10:57:23.6615257Z Download action repository 'actions/upload-artifact@v4' (SHA:ea165f8d65b6e75b540449e92b4886f43607fa02)
2026-10-02T10:57:23.8814559Z Complete job name: development (2)
2026-10-02T10:57:23.9597183Z ##[group]Run actions/checkout@v4
2026-10-02T10:57:23.9598297Z with:
2026-10-02T10:57:23.9598931Z   repository: duuu-hub/bb-scanner
2026-10-02T10:57:23.9603701Z   token: ***
2026-10-02T10:57:23.9604334Z   ssh-strict: true
2026-10-02T10:57:23.9604942Z   ssh-user: git
2026-10-02T10:57:23.9605555Z   persist-credentials: true
2026-10-02T10:57:23.9606211Z   clean: true
2026-10-02T10:57:23.9606816Z   sparse-checkout-cone-mode: true
2026-10-02T10:57:23.9607515Z   fetch-depth: 1
2026-10-02T10:57:23.9608126Z   fetch-tags: false
2026-10-02T10:57:23.9608748Z   show-progress: true
2026-10-02T10:57:23.9609392Z   lfs: false
2026-10-02T10:57:23.9609989Z   submodules: false
2026-10-02T10:57:23.9610651Z   set-safe-directory: true
2026-10-02T10:57:23.9611496Z   allow-unsafe-pr-checkout: false
2026-10-02T10:57:23.9612539Z env:
2026-10-02T10:57:23.9616596Z   GH_TOKEN: ***
2026-10-02T10:57:23.9617201Z ##[endgroup]
2026-10-02T10:57:24.0680867Z Syncing repository: duuu-hub/bb-scanner
2026-10-02T10:57:24.0684035Z ##[group]Getting Git version info
2026-10-02T10:57:24.0685209Z Working directory is '/home/runner/work/bb-scanner/bb-scanner'
2026-10-02T10:57:24.0686390Z [command]/usr/bin/git version
2026-10-02T10:57:24.0737583Z git version 2.55.0
2026-10-02T10:57:24.0766030Z ##[endgroup]
2026-10-02T10:57:24.0784425Z Temporarily overriding HOME='/home/runner/work/_temp/7bb388ea-5924-4c0f-b112-333c25b29f91' before making global git config changes
2026-10-02T10:57:24.0786300Z Adding repository directory to the temporary git global config as a safe directory
2026-10-02T10:57:24.0791948Z [command]/usr/bin/git config --global --add safe.directory /home/runner/work/bb-scanner/bb-scanner
2026-10-02T10:57:24.0849822Z Deleting the contents of '/home/runner/work/bb-scanner/bb-scanner'
2026-10-02T10:57:24.0853318Z ##[group]Initializing the repository
2026-10-02T10:57:24.0858930Z [command]/usr/bin/git init /home/runner/work/bb-scanner/bb-scanner
2026-10-02T10:57:24.1067158Z hint: Using 'master' as the name for the initial branch. This default branch name
2026-10-02T10:57:24.1070406Z hint: will change to "main" in Git 3.0. To configure the initial branch name
2026-10-02T10:57:24.1073080Z hint: to use in all of your new repositories, which will suppress this warning,
2026-10-02T10:57:24.1074773Z hint: call:
2026-10-02T10:57:24.1075811Z hint:
2026-10-02T10:57:24.1076719Z hint: 	git config --global init.defaultBranch <name>
2026-10-02T10:57:24.1078049Z hint:
2026-10-02T10:57:24.1079189Z hint: Names commonly chosen instead of 'master' are 'main', 'trunk' and
2026-10-02T10:57:24.1080762Z hint: 'development'. The just-created branch can be renamed via this command:
2026-10-02T10:57:24.1082161Z hint:
2026-10-02T10:57:24.1082894Z hint: 	git branch -m <name>
2026-10-02T10:57:24.1083627Z hint:
2026-10-02T10:57:24.1084537Z hint: Disable this message with "git config set advice.defaultBranchName false"
2026-10-02T10:57:24.1086232Z Initialized empty Git repository in /home/runner/work/bb-scanner/bb-scanner/.git/
2026-10-02T10:57:24.1090049Z [command]/usr/bin/git remote add origin https://github.com/duuu-hub/bb-scanner
2026-10-02T10:57:24.1095062Z ##[endgroup]
2026-10-02T10:57:24.1097113Z ##[group]Disabling automatic garbage collection
2026-10-02T10:57:24.1098925Z [command]/usr/bin/git config --local gc.auto 0
2026-10-02T10:57:24.1103588Z ##[endgroup]
2026-10-02T10:57:24.1105305Z ##[group]Setting up auth
2026-10-02T10:57:24.1109334Z [command]/usr/bin/git config --local --name-only --get-regexp core\.sshCommand
2026-10-02T10:57:24.1151828Z [command]/usr/bin/git submodule foreach --recursive sh -c "git config --local --name-only --get-regexp 'core\.sshCommand' && git config --local --unset-all 'core.sshCommand' || :"
2026-10-02T10:57:24.1582757Z [command]/usr/bin/git config --local --name-only --get-regexp http\.https\:\/\/github\.com\/\.extraheader
2026-10-02T10:57:24.1638718Z [command]/usr/bin/git submodule foreach --recursive sh -c "git config --local --name-only --get-regexp 'http\.https\:\/\/github\.com\/\.extraheader' && git config --local --unset-all 'http.https://github.com/.extraheader' || :"
2026-10-02T10:57:24.1895682Z [command]/usr/bin/git config --local --name-only --get-regexp ^includeIf\.gitdir:
2026-10-02T10:57:24.1938629Z [command]/usr/bin/git submodule foreach --recursive git config --local --show-origin --name-only --get-regexp remote.origin.url
2026-10-02T10:57:24.2191555Z [command]/usr/bin/git config --local http.https://github.com/.extraheader AUTHORIZATION: basic ***
2026-10-02T10:57:24.2235220Z ##[endgroup]
2026-10-02T10:57:24.2244887Z ##[group]Fetching the repository
2026-10-02T10:57:24.2246960Z [command]/usr/bin/git -c protocol.version=2 fetch --no-tags --prune --no-recurse-submodules --depth=1 origin +3b309e6b025fe0eb66c8be3ec0dbaad84b7e8344:refs/remotes/origin/research-market-breadth-recovery-v14
2026-10-02T10:57:25.5043729Z From https://github.com/duuu-hub/bb-scanner
2026-10-02T10:57:25.5047145Z  * [new ref]         3b309e6b025fe0eb66c8be3ec0dbaad84b7e8344 -> origin/research-market-breadth-recovery-v14
2026-10-02T10:57:25.5053688Z ##[endgroup]
2026-10-02T10:57:25.5055855Z ##[group]Determining the checkout info
2026-10-02T10:57:25.5058213Z ##[endgroup]
2026-10-02T10:57:25.5059771Z [command]/usr/bin/git sparse-checkout disable
2026-10-02T10:57:25.5115787Z [command]/usr/bin/git config --local --unset-all extensions.worktreeConfig
2026-10-02T10:57:25.5154919Z ##[group]Checking out the ref
2026-10-02T10:57:25.5159491Z [command]/usr/bin/git checkout --progress --force -B research-market-breadth-recovery-v14 refs/remotes/origin/research-market-breadth-recovery-v14
2026-10-02T10:57:25.7414760Z Switched to a new branch 'research-market-breadth-recovery-v14'
2026-10-02T10:57:25.7423914Z branch 'research-market-breadth-recovery-v14' set up to track 'origin/research-market-breadth-recovery-v14'.
2026-10-02T10:57:25.7430335Z ##[endgroup]
2026-10-02T10:57:25.7478490Z [command]/usr/bin/git log -1 --format=%H
2026-10-02T10:57:25.7506992Z 3b309e6b025fe0eb66c8be3ec0dbaad84b7e8344
2026-10-02T10:57:25.7771232Z ##[group]Run actions/setup-python@v5
2026-10-02T10:57:25.7771858Z with:
2026-10-02T10:57:25.7772137Z   python-version: 3.12
2026-10-02T10:57:25.7772434Z   check-latest: false
2026-10-02T10:57:25.7774983Z   token: ***
2026-10-02T10:57:25.7775274Z   update-environment: true
2026-10-02T10:57:25.7775595Z   allow-prereleases: false
2026-10-02T10:57:25.7775888Z   freethreaded: false
2026-10-02T10:57:25.7776155Z env:
2026-10-02T10:57:25.7778569Z   GH_TOKEN: ***
2026-10-02T10:57:25.7778837Z ##[endgroup]
2026-10-02T10:57:25.9121073Z ##[group]Installed versions
2026-10-02T10:57:25.9210544Z (node:2281) [DEP0040] DeprecationWarning: The `punycode` module is deprecated. Please use a userland alternative instead.
2026-10-02T10:57:25.9212166Z (Use `node --trace-deprecation ...` to show where the warning was created)
2026-10-02T10:57:25.9213188Z Successfully set up CPython (3.12.14)
2026-10-02T10:57:25.9214192Z ##[endgroup]
2026-10-02T10:57:25.9382605Z ##[group]Run set -euo pipefail
2026-10-02T10:57:25.9383256Z [36;1mset -euo pipefail[0m
2026-10-02T10:57:25.9383823Z [36;1mpip install pandas==2.3.3 numpy==2.3.3[0m
2026-10-02T10:57:25.9698089Z shell: /usr/bin/bash --noprofile --norc -e -o pipefail {0}
2026-10-02T10:57:25.9698569Z env:
2026-10-02T10:57:25.9701532Z   GH_TOKEN: ***
2026-10-02T10:57:25.9701914Z   pythonLocation: /opt/hostedtoolcache/Python/3.12.14/x64
2026-10-02T10:57:25.9702433Z   PKG_CONFIG_PATH: /opt/hostedtoolcache/Python/3.12.14/x64/lib/pkgconfig
2026-10-02T10:57:25.9702944Z   Python_ROOT_DIR: /opt/hostedtoolcache/Python/3.12.14/x64
2026-10-02T10:57:25.9703401Z   Python2_ROOT_DIR: /opt/hostedtoolcache/Python/3.12.14/x64
2026-10-02T10:57:25.9703859Z   Python3_ROOT_DIR: /opt/hostedtoolcache/Python/3.12.14/x64
2026-10-02T10:57:25.9704337Z   LD_LIBRARY_PATH: /opt/hostedtoolcache/Python/3.12.14/x64/lib
2026-10-02T10:57:25.9704736Z ##[endgroup]
2026-10-02T10:57:27.0520456Z Collecting pandas==2.3.3
2026-10-02T10:57:27.1204230Z   Downloading pandas-2.3.3-cp312-cp312-manylinux_2_24_x86_64.manylinux_2_28_x86_64.whl.metadata (91 kB)
2026-10-02T10:57:27.4143747Z Collecting numpy==2.3.3
2026-10-02T10:57:27.4252566Z   Downloading numpy-2.3.3-cp312-cp312-manylinux_2_27_x86_64.manylinux_2_28_x86_64.whl.metadata (62 kB)
2026-10-02T10:57:27.4649022Z Collecting python-dateutil>=2.8.2 (from pandas==2.3.3)
2026-10-02T10:57:27.4752055Z   Downloading python_dateutil-2.9.0.post0-py2.py3-none-any.whl.metadata (8.4 kB)
2026-10-02T10:57:27.5227472Z Collecting pytz>=2020.1 (from pandas==2.3.3)
2026-10-02T10:57:27.5339018Z   Downloading pytz-2026.4-py2.py3-none-any.whl.metadata (22 kB)
2026-10-02T10:57:27.5605348Z Collecting tzdata>=2022.7 (from pandas==2.3.3)
2026-10-02T10:57:27.5710765Z   Downloading tzdata-2026.4-py2.py3-none-any.whl.metadata (1.4 kB)
2026-10-02T10:57:27.5939260Z Collecting six>=1.5 (from python-dateutil>=2.8.2->pandas==2.3.3)
2026-10-02T10:57:27.6043805Z   Downloading six-1.17.0-py2.py3-none-any.whl.metadata (1.7 kB)
2026-10-02T10:57:27.6184642Z Downloading pandas-2.3.3-cp312-cp312-manylinux_2_24_x86_64.manylinux_2_28_x86_64.whl (12.4 MB)
2026-10-02T10:57:28.0539863Z    ━━━━━━━━━━━━━━━━━━━━━━━━━━━━━━━━━━━━━━━━ 12.4/12.4 MB 29.9 MB/s  0:00:00
2026-10-02T10:57:28.0647733Z Downloading numpy-2.3.3-cp312-cp312-manylinux_2_27_x86_64.manylinux_2_28_x86_64.whl (16.6 MB)
2026-10-02T10:57:28.2314147Z    ━━━━━━━━━━━━━━━━━━━━━━━━━━━━━━━━━━━━━━━━ 16.6/16.6 MB 100.6 MB/s  0:00:00
2026-10-02T10:57:28.2420217Z Downloading python_dateutil-2.9.0.post0-py2.py3-none-any.whl (229 kB)
2026-10-02T10:57:28.2557088Z Downloading pytz-2026.4-py2.py3-none-any.whl (506 kB)
2026-10-02T10:57:28.2709490Z Downloading six-1.17.0-py2.py3-none-any.whl (11 kB)
2026-10-02T10:57:28.2834459Z Downloading tzdata-2026.4-py2.py3-none-any.whl (347 kB)
2026-10-02T10:57:28.4442853Z Installing collected packages: pytz, tzdata, six, numpy, python-dateutil, pandas
2026-10-02T10:57:35.3115123Z 
2026-10-02T10:57:35.3130106Z Successfully installed numpy-2.3.3 pandas-2.3.3 python-dateutil-2.9.0.post0 pytz-2026.4 six-1.17.0 tzdata-2026.4
2026-10-02T10:57:35.3849656Z ##[group]Run actions/cache@v4
2026-10-02T10:57:35.3849943Z with:
2026-10-02T10:57:35.3850141Z   path: data
2026-10-02T10:57:35.3850363Z   key: frozen-source-36095439671-15m-shard-2
2026-10-02T10:57:35.3850664Z   enableCrossOsArchive: false
2026-10-02T10:57:35.3850912Z   fail-on-cache-miss: false
2026-10-02T10:57:35.3851145Z   lookup-only: false
2026-10-02T10:57:35.3851660Z   save-always: false
2026-10-02T10:57:35.3851878Z env:
2026-10-02T10:57:35.3854561Z   GH_TOKEN: ***
2026-10-02T10:57:35.3854856Z   pythonLocation: /opt/hostedtoolcache/Python/3.12.14/x64
2026-10-02T10:57:35.3855305Z   PKG_CONFIG_PATH: /opt/hostedtoolcache/Python/3.12.14/x64/lib/pkgconfig
2026-10-02T10:57:35.3855737Z   Python_ROOT_DIR: /opt/hostedtoolcache/Python/3.12.14/x64
2026-10-02T10:57:35.3856141Z   Python2_ROOT_DIR: /opt/hostedtoolcache/Python/3.12.14/x64
2026-10-02T10:57:35.3856539Z   Python3_ROOT_DIR: /opt/hostedtoolcache/Python/3.12.14/x64
2026-10-02T10:57:35.3856963Z   LD_LIBRARY_PATH: /opt/hostedtoolcache/Python/3.12.14/x64/lib
2026-10-02T10:57:35.3857297Z ##[endgroup]
2026-10-02T10:57:35.4965662Z (node:2319) [DEP0040] DeprecationWarning: The `punycode` module is deprecated. Please use a userland alternative instead.
2026-10-02T10:57:35.4966908Z (Use `node --trace-deprecation ...` to show where the warning was created)
2026-10-02T10:57:35.6514105Z Cache hit for: frozen-source-36095439671-15m-shard-2
2026-10-02T10:57:35.6618195Z (node:2319) [DEP0169] DeprecationWarning: `url.parse()` behavior is not standardized and prone to errors that have security implications. Use the WHATWG URL API instead. CVEs are not issued for `url.parse()` vulnerabilities.
2026-10-02T10:57:36.8109620Z Received 96468992 of 248656426 (38.8%), 91.1 MBs/sec
2026-10-02T10:57:37.7227181Z Received 248656426 of 248656426 (100.0%), 123.4 MBs/sec
2026-10-02T10:57:37.7230191Z Cache Size: ~237 MB (248656426 B)
2026-10-02T10:57:37.7304827Z [command]/usr/bin/tar -xf /home/runner/work/_temp/b6940205-79d5-4a31-b7f3-8c113f96613b/cache.tzst -P -C /home/runner/work/bb-scanner/bb-scanner --use-compress-program unzstd
2026-10-02T10:57:38.0667712Z Cache restored successfully
2026-10-02T10:57:38.0859480Z Cache restored from key: frozen-source-36095439671-15m-shard-2
2026-10-02T10:57:38.1029566Z ##[group]Run set -euo pipefail
2026-10-02T10:57:38.1029923Z [36;1mset -euo pipefail[0m
2026-10-02T10:57:38.1030196Z [36;1mif [ 'true' != 'true' ]; then[0m
2026-10-02T10:57:38.1030719Z [36;1m  gh run download 36095439671 -R duuu-hub/bb-scanner -n rank5-binance-um-15m-5y-data-shard-2 -D data[0m
2026-10-02T10:57:38.1031224Z [36;1mfi[0m
2026-10-02T10:57:38.1031871Z [36;1mgh run download 36858492497 -R duuu-hub/bb-scanner -n day-edge-v2-btc -D btc[0m
2026-10-02T10:57:38.1032605Z [36;1mgh run download 36095439671 -R duuu-hub/bb-scanner -n rank5-binance-um-15m-5y-manifest-shard-2 -D source-manifest[0m
2026-10-02T10:57:38.1033812Z [36;1mpython scripts/research_evidence_archive.py verify-source --data data --manifests source-manifest --baseline research/market-breadth-recovery-v14/FROZEN_INPUT_HASHES.json --out dev-2/source_check.json[0m
2026-10-02T10:57:38.1097806Z shell: /usr/bin/bash --noprofile --norc -e -o pipefail {0}
2026-10-02T10:57:38.1098160Z env:
2026-10-02T10:57:38.1100564Z   GH_TOKEN: ***
2026-10-02T10:57:38.1100868Z   pythonLocation: /opt/hostedtoolcache/Python/3.12.14/x64
2026-10-02T10:57:38.1101540Z   PKG_CONFIG_PATH: /opt/hostedtoolcache/Python/3.12.14/x64/lib/pkgconfig
2026-10-02T10:57:38.1101994Z   Python_ROOT_DIR: /opt/hostedtoolcache/Python/3.12.14/x64
2026-10-02T10:57:38.1102380Z   Python2_ROOT_DIR: /opt/hostedtoolcache/Python/3.12.14/x64
2026-10-02T10:57:38.1102758Z   Python3_ROOT_DIR: /opt/hostedtoolcache/Python/3.12.14/x64
2026-10-02T10:57:38.1103140Z   LD_LIBRARY_PATH: /opt/hostedtoolcache/Python/3.12.14/x64/lib
2026-10-02T10:57:38.1103669Z ##[endgroup]
2026-10-02T10:57:46.8165379Z FROZEN_SOURCE_VERIFIED 107 files 31 prior SHA256 matches
2026-10-02T10:57:46.8707438Z ##[group]Run actions/download-artifact@v4
2026-10-02T10:57:46.8707760Z with:
2026-10-02T10:57:46.8708032Z   name: market-breadth-recovery-v14-breadth-development
2026-10-02T10:57:46.8708374Z   path: frozen-breadth
2026-10-02T10:57:46.8708605Z   merge-multiple: false
2026-10-02T10:57:46.8708838Z   repository: duuu-hub/bb-scanner
2026-10-02T10:57:46.8709093Z   run-id: 36998066185
2026-10-02T10:57:46.8709291Z env:
2026-10-02T10:57:46.8712145Z   GH_TOKEN: ***
2026-10-02T10:57:46.8712456Z   pythonLocation: /opt/hostedtoolcache/Python/3.12.14/x64
2026-10-02T10:57:46.8712906Z   PKG_CONFIG_PATH: /opt/hostedtoolcache/Python/3.12.14/x64/lib/pkgconfig
2026-10-02T10:57:46.8713338Z   Python_ROOT_DIR: /opt/hostedtoolcache/Python/3.12.14/x64
2026-10-02T10:57:46.8713731Z   Python2_ROOT_DIR: /opt/hostedtoolcache/Python/3.12.14/x64
2026-10-02T10:57:46.8714148Z   Python3_ROOT_DIR: /opt/hostedtoolcache/Python/3.12.14/x64
2026-10-02T10:57:46.8714568Z   LD_LIBRARY_PATH: /opt/hostedtoolcache/Python/3.12.14/x64/lib
2026-10-02T10:57:46.8714901Z ##[endgroup]
2026-10-02T10:57:47.0232634Z Downloading single artifact
2026-10-02T10:57:47.0381716Z (node:2386) [DEP0040] DeprecationWarning: The `punycode` module is deprecated. Please use a userland alternative instead.
2026-10-02T10:57:47.0382843Z (Use `node --trace-deprecation ...` to show where the warning was created)
2026-10-02T10:57:47.1995474Z Preparing to download the following artifacts:
2026-10-02T10:57:47.1997013Z - market-breadth-recovery-v14-breadth-development (ID: 11221843701, Size: 584090, Expected Digest: sha256:5f057fdcf8d940f77f1e110c4f4b5d4be16a113815448d0595779916a7ea7a3e)
2026-10-02T10:57:47.3663512Z Redirecting to blob download url: https://productionresultssa1.blob.core.windows.net/actions-results/4c6d94bb-c57d-866c-adeb-19fded5ca407/workflow-job-run-2af8ed6d-df57-5cbd-b83a-41c968e43310/artifacts/0ef112ac9252012addd398fb1ca16b8a182ad28514357794d0817410d1b1b9b0.zip
2026-10-02T10:57:47.3667621Z Starting download of artifact to: /home/runner/work/bb-scanner/bb-scanner/frozen-breadth
2026-10-02T10:57:47.5137694Z (node:2386) [DEP0005] DeprecationWarning: Buffer() is deprecated due to security and usability issues. Please use the Buffer.alloc(), Buffer.allocUnsafe(), or Buffer.from() methods instead.
2026-10-02T10:57:47.6882949Z SHA256 digest of downloaded artifact is 5f057fdcf8d940f77f1e110c4f4b5d4be16a113815448d0595779916a7ea7a3e
2026-10-02T10:57:47.6884016Z Artifact download completed successfully.
2026-10-02T10:57:47.6884646Z Total of 1 artifact(s) downloaded
2026-10-02T10:57:47.6889845Z Download artifact has finished successfully
2026-10-02T10:57:47.7028814Z ##[group]Run actions/cache@v4
2026-10-02T10:57:47.7029106Z with:
2026-10-02T10:57:47.7029321Z   path: cache/verified-1m
2026-10-02T10:57:47.7029632Z   key: market-breadth-recovery-v14-dev-1m-shard-2
2026-10-02T10:57:47.7030121Z   restore-keys: premium-absorption-v8-dev-1m-shard-2
factor-lag-v6-dev-1m-shard-2
2026-10-02T10:57:47.7030635Z   enableCrossOsArchive: false
2026-10-02T10:57:47.7030912Z   fail-on-cache-miss: false
2026-10-02T10:57:47.7031157Z   lookup-only: false
2026-10-02T10:57:47.7031576Z   save-always: false
2026-10-02T10:57:47.7031787Z env:
2026-10-02T10:57:47.7034168Z   GH_TOKEN: ***
2026-10-02T10:57:47.7034471Z   pythonLocation: /opt/hostedtoolcache/Python/3.12.14/x64
2026-10-02T10:57:47.7034944Z   PKG_CONFIG_PATH: /opt/hostedtoolcache/Python/3.12.14/x64/lib/pkgconfig
2026-10-02T10:57:47.7035385Z   Python_ROOT_DIR: /opt/hostedtoolcache/Python/3.12.14/x64
2026-10-02T10:57:47.7035789Z   Python2_ROOT_DIR: /opt/hostedtoolcache/Python/3.12.14/x64
2026-10-02T10:57:47.7036237Z   Python3_ROOT_DIR: /opt/hostedtoolcache/Python/3.12.14/x64
2026-10-02T10:57:47.7036642Z   LD_LIBRARY_PATH: /opt/hostedtoolcache/Python/3.12.14/x64/lib
2026-10-02T10:57:47.7036988Z ##[endgroup]
2026-10-02T10:57:47.8099391Z (node:2398) [DEP0040] DeprecationWarning: The `punycode` module is deprecated. Please use a userland alternative instead.
2026-10-02T10:57:47.8100980Z (Use `node --trace-deprecation ...` to show where the warning was created)
2026-10-02T10:57:47.9363598Z Cache not found for input keys: market-breadth-recovery-v14-dev-1m-shard-2, premium-absorption-v8-dev-1m-shard-2, factor-lag-v6-dev-1m-shard-2
2026-10-02T10:57:47.9476500Z ##[group]Run set -euo pipefail
2026-10-02T10:57:47.9476863Z [36;1mset -euo pipefail[0m
2026-10-02T10:57:47.9477770Z [36;1mpython scripts/market_breadth_recovery_v14.py scan --stage DEV --data data --btc btc/BTCUSDT.csv.gz --breadth-dir frozen-breadth --source-check dev-2/source_check.json --out dev-2 --minute-cache cache/verified-1m[0m
2026-10-02T10:57:47.9542480Z shell: /usr/bin/bash --noprofile --norc -e -o pipefail {0}
2026-10-02T10:57:47.9542867Z env:
2026-10-02T10:57:47.9545484Z   GH_TOKEN: ***
2026-10-02T10:57:47.9545808Z   pythonLocation: /opt/hostedtoolcache/Python/3.12.14/x64
2026-10-02T10:57:47.9546288Z   PKG_CONFIG_PATH: /opt/hostedtoolcache/Python/3.12.14/x64/lib/pkgconfig
2026-10-02T10:57:47.9546771Z   Python_ROOT_DIR: /opt/hostedtoolcache/Python/3.12.14/x64
2026-10-02T10:57:47.9547185Z   Python2_ROOT_DIR: /opt/hostedtoolcache/Python/3.12.14/x64
2026-10-02T10:57:47.9547596Z   Python3_ROOT_DIR: /opt/hostedtoolcache/Python/3.12.14/x64
2026-10-02T10:57:47.9548069Z   LD_LIBRARY_PATH: /opt/hostedtoolcache/Python/3.12.14/x64/lib
2026-10-02T10:57:47.9548429Z ##[endgroup]
2026-10-02T10:57:51.0967955Z V14_BREADTH_RECOVERY_SCAN DEV 16 / 107 parameterized_outcomes 408
2026-10-02T10:57:53.0720544Z V14_BREADTH_RECOVERY_SCAN DEV 32 / 107 parameterized_outcomes 726
2026-10-02T10:57:57.5597560Z V14_BREADTH_RECOVERY_SCAN DEV 40 / 107 parameterized_outcomes 2340
2026-10-02T10:58:03.6334104Z V14_BREADTH_RECOVERY_SCAN DEV 72 / 107 parameterized_outcomes 9126
2026-10-02T10:58:05.4946139Z V14_BREADTH_RECOVERY_SCAN DEV 88 / 107 parameterized_outcomes 9678
2026-10-02T10:58:14.7095141Z V14_BREADTH_RECOVERY_SCAN_DONE DEV 11268 chronology_exclusions 0
2026-10-02T10:58:14.7703438Z ##[group]Run actions/upload-artifact@v4
2026-10-02T10:58:14.7703769Z with:
2026-10-02T10:58:14.7704006Z   name: market-breadth-recovery-v14-dev-2
2026-10-02T10:58:14.7704311Z   path: dev-2/
2026-10-02T10:58:14.7704522Z   retention-days: 30
2026-10-02T10:58:14.7704753Z   compression-level: 0
2026-10-02T10:58:14.7705017Z   if-no-files-found: warn
2026-10-02T10:58:14.7705262Z   overwrite: false
2026-10-02T10:58:14.7705494Z   include-hidden-files: false
2026-10-02T10:58:14.7705744Z env:
2026-10-02T10:58:14.7708190Z   GH_TOKEN: ***
2026-10-02T10:58:14.7708506Z   pythonLocation: /opt/hostedtoolcache/Python/3.12.14/x64
2026-10-02T10:58:14.7708959Z   PKG_CONFIG_PATH: /opt/hostedtoolcache/Python/3.12.14/x64/lib/pkgconfig
2026-10-02T10:58:14.7709402Z   Python_ROOT_DIR: /opt/hostedtoolcache/Python/3.12.14/x64
2026-10-02T10:58:14.7709799Z   Python2_ROOT_DIR: /opt/hostedtoolcache/Python/3.12.14/x64
2026-10-02T10:58:14.7710189Z   Python3_ROOT_DIR: /opt/hostedtoolcache/Python/3.12.14/x64
2026-10-02T10:58:14.7710624Z   LD_LIBRARY_PATH: /opt/hostedtoolcache/Python/3.12.14/x64/lib
2026-10-02T10:58:14.7710962Z ##[endgroup]
2026-10-02T10:58:14.9378502Z (node:2421) [DEP0040] DeprecationWarning: The `punycode` module is deprecated. Please use a userland alternative instead.
2026-10-02T10:58:14.9379865Z (Use `node --trace-deprecation ...` to show where the warning was created)
2026-10-02T10:58:14.9510276Z With the provided path, there will be 18 files uploaded
2026-10-02T10:58:14.9517453Z Artifact name is valid!
2026-10-02T10:58:14.9518235Z Root directory input is valid!
2026-10-02T10:58:15.2375246Z Beginning upload of artifact content to blob storage
2026-10-02T10:58:15.2995010Z (node:2421) [DEP0169] DeprecationWarning: `url.parse()` behavior is not standardized and prone to errors that have security implications. Use the WHATWG URL API instead. CVEs are not issued for `url.parse()` vulnerabilities.
2026-10-02T10:58:15.7633048Z Uploaded bytes 5678137
2026-10-02T10:58:15.8065025Z Finished uploading artifact content to blob storage!
2026-10-02T10:58:15.8066318Z SHA256 digest of uploaded artifact zip is 029e8ac5b47bf37f82d04555eaea7963d82e7aa27989c9f02e4df82787093a9c
2026-10-02T10:58:15.8068645Z Finalizing artifact upload
2026-10-02T10:58:16.0304741Z Artifact market-breadth-recovery-v14-dev-2.zip successfully finalized. Artifact ID 11222995548
2026-10-02T10:58:16.0307154Z Artifact market-breadth-recovery-v14-dev-2 has been successfully uploaded! Final size is 5678137 bytes. Artifact ID is 11222995548
2026-10-02T10:58:16.0313831Z Artifact download URL: https://github.com/duuu-hub/bb-scanner/actions/runs/36998066185/artifacts/11222995548
2026-10-02T10:58:16.0488341Z Post job cleanup.
2026-10-02T10:58:16.1535711Z (node:2434) [DEP0040] DeprecationWarning: The `punycode` module is deprecated. Please use a userland alternative instead.
2026-10-02T10:58:16.1537398Z (Use `node --trace-deprecation ...` to show where the warning was created)
2026-10-02T10:58:16.1739571Z [command]/usr/bin/tar --posix -cf cache.tzst --exclude cache.tzst -P -C /home/runner/work/bb-scanner/bb-scanner --files-from manifest.txt --use-compress-program zstdmt
2026-10-02T10:58:16.3539652Z (node:2434) [DEP0169] DeprecationWarning: `url.parse()` behavior is not standardized and prone to errors that have security implications. Use the WHATWG URL API instead. CVEs are not issued for `url.parse()` vulnerabilities.
2026-10-02T10:58:16.7653185Z Sent 5656649 of 5656649 (100.0%), 12.8 MBs/sec
2026-10-02T10:58:16.8482352Z Cache saved with key: market-breadth-recovery-v14-dev-1m-shard-2
2026-10-02T10:58:16.8590311Z Post job cleanup.
2026-10-02T10:58:16.9687160Z Cache hit occurred on the primary key frozen-source-36095439671-15m-shard-2, not saving cache.
2026-10-02T10:58:16.9688667Z (node:2454) [DEP0040] DeprecationWarning: The `punycode` module is deprecated. Please use a userland alternative instead.
2026-10-02T10:58:16.9689971Z (Use `node --trace-deprecation ...` to show where the warning was created)
2026-10-02T10:58:16.9797900Z Post job cleanup.
2026-10-02T10:58:17.0997778Z (node:2462) [DEP0040] DeprecationWarning: The `punycode` module is deprecated. Please use a userland alternative instead.
2026-10-02T10:58:17.0999147Z (Use `node --trace-deprecation ...` to show where the warning was created)
2026-10-02T10:58:17.1220405Z Post job cleanup.
2026-10-02T10:58:17.2098140Z [command]/usr/bin/git version
2026-10-02T10:58:17.2141840Z git version 2.55.0
2026-10-02T10:58:17.2180147Z Temporarily overriding HOME='/home/runner/work/_temp/6242c32c-cf5d-40aa-8111-bf20a1d0948c' before making global git config changes
2026-10-02T10:58:17.2181788Z Adding repository directory to the temporary git global config as a safe directory
2026-10-02T10:58:17.2185207Z [command]/usr/bin/git config --global --add safe.directory /home/runner/work/bb-scanner/bb-scanner
2026-10-02T10:58:17.2225380Z [command]/usr/bin/git config --local --name-only --get-regexp core\.sshCommand
2026-10-02T10:58:17.2261760Z [command]/usr/bin/git submodule foreach --recursive sh -c "git config --local --name-only --get-regexp 'core\.sshCommand' && git config --local --unset-all 'core.sshCommand' || :"
2026-10-02T10:58:17.2545408Z [command]/usr/bin/git config --local --name-only --get-regexp http\.https\:\/\/github\.com\/\.extraheader
2026-10-02T10:58:17.2578633Z http.https://github.com/.extraheader
2026-10-02T10:58:17.2593892Z [command]/usr/bin/git config --local --unset-all http.https://github.com/.extraheader
2026-10-02T10:58:17.2636062Z [command]/usr/bin/git submodule foreach --recursive sh -c "git config --local --name-only --get-regexp 'http\.https\:\/\/github\.com\/\.extraheader' && git config --local --unset-all 'http.https://github.com/.extraheader' || :"
2026-10-02T10:58:17.2892234Z [command]/usr/bin/git config --local --name-only --get-regexp ^includeIf\.gitdir:
2026-10-02T10:58:17.2948948Z [command]/usr/bin/git submodule foreach --recursive git config --local --show-origin --name-only --get-regexp remote.origin.url
2026-10-02T10:58:17.3335671Z Cleaning up orphan processes
2026-10-02T10:58:17.3735196Z ##[warning]Node.js 20 is deprecated. The following actions target Node.js 20 but are being forced to run on Node.js 24: actions/cache@v4, actions/checkout@v4, actions/download-artifact@v4, actions/setup-python@v5, actions/upload-artifact@v4. For more information see: https://github.blog/changelog/2025-09-19-deprecation-of-node-20-on-github-actions-runners/
