2026-10-03T06:40:53.5335357Z Current runner version: '2.337.0'
2026-10-03T06:40:53.5368261Z ##[group]Runner Image Provisioner
2026-10-03T06:40:53.5369375Z Hosted Compute Agent
2026-10-03T06:40:53.5370097Z Version: 20260901.588
2026-10-03T06:40:53.5370856Z Commit: f88ec8081b781fac6c440065ac7ff9e710ce3d0b
2026-10-03T06:40:53.5371910Z Build Date: 2026-09-01T19:56:44Z
2026-10-03T06:40:53.5372970Z Worker ID: {65d1f51c-fafa-4fda-b1b4-d21e57ef098b}
2026-10-03T06:40:53.5373887Z Azure Region: westus2
2026-10-03T06:40:53.5374640Z ##[endgroup]
2026-10-03T06:40:53.5376536Z ##[group]Operating System
2026-10-03T06:40:53.5377387Z Ubuntu
2026-10-03T06:40:53.5377987Z 24.04.5
2026-10-03T06:40:53.5379034Z LTS
2026-10-03T06:40:53.5379743Z ##[endgroup]
2026-10-03T06:40:53.5380440Z ##[group]Runner Image
2026-10-03T06:40:53.5381239Z Image: ubuntu-24.04
2026-10-03T06:40:53.5381914Z Version: 20260927.320.1
2026-10-03T06:40:53.5383840Z Included Software: https://github.com/actions/runner-images/blob/ubuntu24/20260927.320/images/ubuntu/Ubuntu2404-Readme.md
2026-10-03T06:40:53.5385706Z Image Release: https://github.com/actions/runner-images/releases/tag/ubuntu24%2F20260927.320
2026-10-03T06:40:53.5386869Z ##[endgroup]
2026-10-03T06:40:53.5388190Z ##[group]GITHUB_TOKEN Permissions
2026-10-03T06:40:53.5390798Z Actions: read
2026-10-03T06:40:53.5391543Z Contents: read
2026-10-03T06:40:53.5392147Z Metadata: read
2026-10-03T06:40:53.5393050Z ##[endgroup]
2026-10-03T06:40:53.5395510Z Secret source: Actions
2026-10-03T06:40:53.5396629Z Cache mode: write
2026-10-03T06:40:53.5397466Z Prepare workflow directory
2026-10-03T06:40:53.5974439Z Prepare all required actions
2026-10-03T06:40:53.6028158Z Getting action download info
2026-10-03T06:40:53.9505145Z Download action repository 'actions/checkout@v4' (SHA:11d5960a326750d5838078e36cf38b85af677262)
2026-10-03T06:40:54.0936112Z Download action repository 'actions/setup-python@v5' (SHA:a26af69be951a213d495a4c3e4e4022e16d87065)
2026-10-03T06:40:54.1839960Z Download action repository 'actions/cache@v4' (SHA:0057852bfaa89a56745cba8c7296529d2fc39830)
2026-10-03T06:40:54.2876660Z Download action repository 'actions/upload-artifact@v4' (SHA:ea165f8d65b6e75b540449e92b4886f43607fa02)
2026-10-03T06:40:54.5257271Z Complete job name: development (0)
2026-10-03T06:40:54.6083853Z ##[group]Run actions/checkout@v4
2026-10-03T06:40:54.6084849Z with:
2026-10-03T06:40:54.6085330Z   repository: duuu-hub/bb-scanner
2026-10-03T06:40:54.6089247Z   token: ***
2026-10-03T06:40:54.6089704Z   ssh-strict: true
2026-10-03T06:40:54.6090268Z   ssh-user: git
2026-10-03T06:40:54.6090989Z   persist-credentials: true
2026-10-03T06:40:54.6091542Z   clean: true
2026-10-03T06:40:54.6092011Z   sparse-checkout-cone-mode: true
2026-10-03T06:40:54.6093030Z   fetch-depth: 1
2026-10-03T06:40:54.6093532Z   fetch-tags: false
2026-10-03T06:40:54.6094004Z   show-progress: true
2026-10-03T06:40:54.6094480Z   lfs: false
2026-10-03T06:40:54.6094914Z   submodules: false
2026-10-03T06:40:54.6095387Z   set-safe-directory: true
2026-10-03T06:40:54.6095912Z   allow-unsafe-pr-checkout: false
2026-10-03T06:40:54.6096951Z env:
2026-10-03T06:40:54.6100754Z   GH_TOKEN: ***
2026-10-03T06:40:54.6101218Z ##[endgroup]
2026-10-03T06:40:54.7316727Z Syncing repository: duuu-hub/bb-scanner
2026-10-03T06:40:54.7319878Z ##[group]Getting Git version info
2026-10-03T06:40:54.7321134Z Working directory is '/home/runner/work/bb-scanner/bb-scanner'
2026-10-03T06:40:54.7323302Z [command]/usr/bin/git version
2026-10-03T06:40:54.7411771Z git version 2.55.0
2026-10-03T06:40:54.7447342Z ##[endgroup]
2026-10-03T06:40:54.7471117Z Temporarily overriding HOME='/home/runner/work/_temp/0d514375-1c14-4120-899c-5f4f7e4b2f56' before making global git config changes
2026-10-03T06:40:54.7473434Z Adding repository directory to the temporary git global config as a safe directory
2026-10-03T06:40:54.7483804Z [command]/usr/bin/git config --global --add safe.directory /home/runner/work/bb-scanner/bb-scanner
2026-10-03T06:40:54.7570877Z Deleting the contents of '/home/runner/work/bb-scanner/bb-scanner'
2026-10-03T06:40:54.7593877Z ##[group]Initializing the repository
2026-10-03T06:40:54.7595607Z [command]/usr/bin/git init /home/runner/work/bb-scanner/bb-scanner
2026-10-03T06:40:54.7727968Z hint: Using 'master' as the name for the initial branch. This default branch name
2026-10-03T06:40:54.7745076Z hint: will change to "main" in Git 3.0. To configure the initial branch name
2026-10-03T06:40:54.7748679Z hint: to use in all of your new repositories, which will suppress this warning,
2026-10-03T06:40:54.7750751Z hint: call:
2026-10-03T06:40:54.7751843Z hint:
2026-10-03T06:40:54.7753418Z hint: 	git config --global init.defaultBranch <name>
2026-10-03T06:40:54.7754793Z hint:
2026-10-03T06:40:54.7755967Z hint: Names commonly chosen instead of 'master' are 'main', 'trunk' and
2026-10-03T06:40:54.7757692Z hint: 'development'. The just-created branch can be renamed via this command:
2026-10-03T06:40:54.7759139Z hint:
2026-10-03T06:40:54.7760144Z hint: 	git branch -m <name>
2026-10-03T06:40:54.7761181Z hint:
2026-10-03T06:40:54.7763144Z hint: Disable this message with "git config set advice.defaultBranchName false"
2026-10-03T06:40:54.7764821Z Initialized empty Git repository in /home/runner/work/bb-scanner/bb-scanner/.git/
2026-10-03T06:40:54.7767311Z [command]/usr/bin/git remote add origin https://github.com/duuu-hub/bb-scanner
2026-10-03T06:40:54.7825662Z ##[endgroup]
2026-10-03T06:40:54.7827296Z ##[group]Disabling automatic garbage collection
2026-10-03T06:40:54.7831566Z [command]/usr/bin/git config --local gc.auto 0
2026-10-03T06:40:54.7880413Z ##[endgroup]
2026-10-03T06:40:54.7881914Z ##[group]Setting up auth
2026-10-03T06:40:54.7904835Z [command]/usr/bin/git config --local --name-only --get-regexp core\.sshCommand
2026-10-03T06:40:54.7944685Z [command]/usr/bin/git submodule foreach --recursive sh -c "git config --local --name-only --get-regexp 'core\.sshCommand' && git config --local --unset-all 'core.sshCommand' || :"
2026-10-03T06:40:54.8413311Z [command]/usr/bin/git config --local --name-only --get-regexp http\.https\:\/\/github\.com\/\.extraheader
2026-10-03T06:40:54.8461335Z [command]/usr/bin/git submodule foreach --recursive sh -c "git config --local --name-only --get-regexp 'http\.https\:\/\/github\.com\/\.extraheader' && git config --local --unset-all 'http.https://github.com/.extraheader' || :"
2026-10-03T06:40:54.8736028Z [command]/usr/bin/git config --local --name-only --get-regexp ^includeIf\.gitdir:
2026-10-03T06:40:54.8785761Z [command]/usr/bin/git submodule foreach --recursive git config --local --show-origin --name-only --get-regexp remote.origin.url
2026-10-03T06:40:54.9056611Z [command]/usr/bin/git config --local http.https://github.com/.extraheader AUTHORIZATION: basic ***
2026-10-03T06:40:54.9111295Z ##[endgroup]
2026-10-03T06:40:54.9113422Z ##[group]Fetching the repository
2026-10-03T06:40:54.9124954Z [command]/usr/bin/git -c protocol.version=2 fetch --no-tags --prune --no-recurse-submodules --depth=1 origin +a623fd81bd88383604ff6e68c1f8ab1a91823b9a:refs/remotes/origin/research-session-opening-range-breakout-v19
2026-10-03T06:40:55.9118362Z From https://github.com/duuu-hub/bb-scanner
2026-10-03T06:40:55.9120875Z  * [new ref]         a623fd81bd88383604ff6e68c1f8ab1a91823b9a -> origin/research-session-opening-range-breakout-v19
2026-10-03T06:40:55.9125215Z ##[endgroup]
2026-10-03T06:40:55.9126713Z ##[group]Determining the checkout info
2026-10-03T06:40:55.9129449Z ##[endgroup]
2026-10-03T06:40:55.9137692Z [command]/usr/bin/git sparse-checkout disable
2026-10-03T06:40:55.9217240Z [command]/usr/bin/git config --local --unset-all extensions.worktreeConfig
2026-10-03T06:40:55.9368666Z ##[group]Checking out the ref
2026-10-03T06:40:55.9371594Z [command]/usr/bin/git checkout --progress --force -B research-session-opening-range-breakout-v19 refs/remotes/origin/research-session-opening-range-breakout-v19
2026-10-03T06:40:56.1735360Z Switched to a new branch 'research-session-opening-range-breakout-v19'
2026-10-03T06:40:56.1749339Z branch 'research-session-opening-range-breakout-v19' set up to track 'origin/research-session-opening-range-breakout-v19'.
2026-10-03T06:40:56.1756502Z ##[endgroup]
2026-10-03T06:40:56.1819216Z [command]/usr/bin/git log -1 --format=%H
2026-10-03T06:40:56.1852119Z a623fd81bd88383604ff6e68c1f8ab1a91823b9a
2026-10-03T06:40:56.2206679Z ##[group]Run actions/setup-python@v5
2026-10-03T06:40:56.2207301Z with:
2026-10-03T06:40:56.2207700Z   python-version: 3.12
2026-10-03T06:40:56.2208142Z   check-latest: false
2026-10-03T06:40:56.2211021Z   token: ***
2026-10-03T06:40:56.2211464Z   update-environment: true
2026-10-03T06:40:56.2211919Z   allow-prereleases: false
2026-10-03T06:40:56.2212640Z   freethreaded: false
2026-10-03T06:40:56.2213076Z env:
2026-10-03T06:40:56.2215946Z   GH_TOKEN: ***
2026-10-03T06:40:56.2216371Z ##[endgroup]
2026-10-03T06:40:56.3954833Z ##[group]Installed versions
2026-10-03T06:40:56.4044650Z (node:2290) [DEP0040] DeprecationWarning: The `punycode` module is deprecated. Please use a userland alternative instead.
2026-10-03T06:40:56.4047178Z (Use `node --trace-deprecation ...` to show where the warning was created)
2026-10-03T06:40:56.4048398Z Successfully set up CPython (3.12.14)
2026-10-03T06:40:56.4074088Z ##[endgroup]
2026-10-03T06:40:56.4308885Z ##[group]Run set -euo pipefail
2026-10-03T06:40:56.4309674Z [36;1mset -euo pipefail[0m
2026-10-03T06:40:56.4310270Z [36;1mpip install pandas==2.3.3 numpy==2.3.3[0m
2026-10-03T06:40:56.4683899Z shell: /usr/bin/bash --noprofile --norc -e -o pipefail {0}
2026-10-03T06:40:56.4685082Z env:
2026-10-03T06:40:56.4690811Z   GH_TOKEN: ***
2026-10-03T06:40:56.4691717Z   pythonLocation: /opt/hostedtoolcache/Python/3.12.14/x64
2026-10-03T06:40:56.4693149Z   PKG_CONFIG_PATH: /opt/hostedtoolcache/Python/3.12.14/x64/lib/pkgconfig
2026-10-03T06:40:56.4694360Z   Python_ROOT_DIR: /opt/hostedtoolcache/Python/3.12.14/x64
2026-10-03T06:40:56.4695509Z   Python2_ROOT_DIR: /opt/hostedtoolcache/Python/3.12.14/x64
2026-10-03T06:40:56.4696631Z   Python3_ROOT_DIR: /opt/hostedtoolcache/Python/3.12.14/x64
2026-10-03T06:40:56.4697783Z   LD_LIBRARY_PATH: /opt/hostedtoolcache/Python/3.12.14/x64/lib
2026-10-03T06:40:56.4698863Z ##[endgroup]
2026-10-03T06:40:57.6963523Z Collecting pandas==2.3.3
2026-10-03T06:40:57.7601647Z   Downloading pandas-2.3.3-cp312-cp312-manylinux_2_24_x86_64.manylinux_2_28_x86_64.whl.metadata (91 kB)
2026-10-03T06:40:58.0705035Z Collecting numpy==2.3.3
2026-10-03T06:40:58.0823162Z   Downloading numpy-2.3.3-cp312-cp312-manylinux_2_27_x86_64.manylinux_2_28_x86_64.whl.metadata (62 kB)
2026-10-03T06:40:58.1206239Z Collecting python-dateutil>=2.8.2 (from pandas==2.3.3)
2026-10-03T06:40:58.1284552Z   Downloading python_dateutil-2.9.0.post0-py2.py3-none-any.whl.metadata (8.4 kB)
2026-10-03T06:40:58.1758759Z Collecting pytz>=2020.1 (from pandas==2.3.3)
2026-10-03T06:40:58.1845220Z   Downloading pytz-2026.4-py2.py3-none-any.whl.metadata (22 kB)
2026-10-03T06:40:58.2084772Z Collecting tzdata>=2022.7 (from pandas==2.3.3)
2026-10-03T06:40:58.2185418Z   Downloading tzdata-2026.4-py2.py3-none-any.whl.metadata (1.4 kB)
2026-10-03T06:40:58.2400790Z Collecting six>=1.5 (from python-dateutil>=2.8.2->pandas==2.3.3)
2026-10-03T06:40:58.2482600Z   Downloading six-1.17.0-py2.py3-none-any.whl.metadata (1.7 kB)
2026-10-03T06:40:58.2612257Z Downloading pandas-2.3.3-cp312-cp312-manylinux_2_24_x86_64.manylinux_2_28_x86_64.whl (12.4 MB)
2026-10-03T06:40:58.5445579Z    ━━━━━━━━━━━━━━━━━━━━━━━━━━━━━━━━━━━━━━━━ 12.4/12.4 MB 46.6 MB/s  0:00:00
2026-10-03T06:40:58.5535675Z Downloading numpy-2.3.3-cp312-cp312-manylinux_2_27_x86_64.manylinux_2_28_x86_64.whl (16.6 MB)
2026-10-03T06:40:58.6688417Z    ━━━━━━━━━━━━━━━━━━━━━━━━━━━━━━━━━━━━━━━━ 16.6/16.6 MB 147.3 MB/s  0:00:00
2026-10-03T06:40:58.6775779Z Downloading python_dateutil-2.9.0.post0-py2.py3-none-any.whl (229 kB)
2026-10-03T06:40:58.6896584Z Downloading pytz-2026.4-py2.py3-none-any.whl (506 kB)
2026-10-03T06:40:58.7016915Z Downloading six-1.17.0-py2.py3-none-any.whl (11 kB)
2026-10-03T06:40:58.7119377Z Downloading tzdata-2026.4-py2.py3-none-any.whl (347 kB)
2026-10-03T06:40:58.9082142Z Installing collected packages: pytz, tzdata, six, numpy, python-dateutil, pandas
2026-10-03T06:41:06.8229364Z 
2026-10-03T06:41:06.8247678Z Successfully installed numpy-2.3.3 pandas-2.3.3 python-dateutil-2.9.0.post0 pytz-2026.4 six-1.17.0 tzdata-2026.4
2026-10-03T06:41:06.9497117Z ##[group]Run actions/cache@v4
2026-10-03T06:41:06.9497442Z with:
2026-10-03T06:41:06.9497700Z   path: data
2026-10-03T06:41:06.9497975Z   key: frozen-source-36095439671-15m-shard-0
2026-10-03T06:41:06.9498313Z   enableCrossOsArchive: false
2026-10-03T06:41:06.9498596Z   fail-on-cache-miss: false
2026-10-03T06:41:06.9498912Z   lookup-only: false
2026-10-03T06:41:06.9499170Z   save-always: false
2026-10-03T06:41:06.9499440Z env:
2026-10-03T06:41:06.9502133Z   GH_TOKEN: ***
2026-10-03T06:41:06.9502637Z   pythonLocation: /opt/hostedtoolcache/Python/3.12.14/x64
2026-10-03T06:41:06.9503134Z   PKG_CONFIG_PATH: /opt/hostedtoolcache/Python/3.12.14/x64/lib/pkgconfig
2026-10-03T06:41:06.9503624Z   Python_ROOT_DIR: /opt/hostedtoolcache/Python/3.12.14/x64
2026-10-03T06:41:06.9504053Z   Python2_ROOT_DIR: /opt/hostedtoolcache/Python/3.12.14/x64
2026-10-03T06:41:06.9504506Z   Python3_ROOT_DIR: /opt/hostedtoolcache/Python/3.12.14/x64
2026-10-03T06:41:06.9504988Z   LD_LIBRARY_PATH: /opt/hostedtoolcache/Python/3.12.14/x64/lib
2026-10-03T06:41:06.9505359Z ##[endgroup]
2026-10-03T06:41:07.0742127Z (node:2361) [DEP0040] DeprecationWarning: The `punycode` module is deprecated. Please use a userland alternative instead.
2026-10-03T06:41:07.0743797Z (Use `node --trace-deprecation ...` to show where the warning was created)
2026-10-03T06:41:07.3150345Z Cache not found for input keys: frozen-source-36095439671-15m-shard-0
2026-10-03T06:41:07.3309549Z ##[group]Run set -euo pipefail
2026-10-03T06:41:07.3309970Z [36;1mset -euo pipefail[0m
2026-10-03T06:41:07.3310290Z [36;1mif [ '' != 'true' ]; then[0m
2026-10-03T06:41:07.3310953Z [36;1m  gh run download 36095439671 -R duuu-hub/bb-scanner -n rank5-binance-um-15m-5y-data-shard-0 -D data[0m
2026-10-03T06:41:07.3311593Z [36;1mfi[0m
2026-10-03T06:41:07.3312024Z [36;1mgh run download 36858492497 -R duuu-hub/bb-scanner -n day-edge-v2-btc -D btc[0m
2026-10-03T06:41:07.3313272Z [36;1mgh run download 36095439671 -R duuu-hub/bb-scanner -n rank5-binance-um-15m-5y-manifest-shard-0 -D source-manifest[0m
2026-10-03T06:41:07.3314784Z [36;1mpython scripts/research_evidence_archive.py verify-source --data data --manifests source-manifest --baseline research/session-opening-range-breakout-v19/FROZEN_INPUT_HASHES.json --out source-check.json[0m
2026-10-03T06:41:07.3392831Z shell: /usr/bin/bash --noprofile --norc -e -o pipefail {0}
2026-10-03T06:41:07.3393321Z env:
2026-10-03T06:41:07.3396762Z   GH_TOKEN: ***
2026-10-03T06:41:07.3397156Z   pythonLocation: /opt/hostedtoolcache/Python/3.12.14/x64
2026-10-03T06:41:07.3397772Z   PKG_CONFIG_PATH: /opt/hostedtoolcache/Python/3.12.14/x64/lib/pkgconfig
2026-10-03T06:41:07.3398370Z   Python_ROOT_DIR: /opt/hostedtoolcache/Python/3.12.14/x64
2026-10-03T06:41:07.3398905Z   Python2_ROOT_DIR: /opt/hostedtoolcache/Python/3.12.14/x64
2026-10-03T06:41:07.3399433Z   Python3_ROOT_DIR: /opt/hostedtoolcache/Python/3.12.14/x64
2026-10-03T06:41:07.3399997Z   LD_LIBRARY_PATH: /opt/hostedtoolcache/Python/3.12.14/x64/lib
2026-10-03T06:41:07.3400457Z ##[endgroup]
2026-10-03T06:41:29.7356665Z FROZEN_SOURCE_VERIFIED 107 files 28 prior SHA256 matches
2026-10-03T06:41:29.8054854Z ##[group]Run actions/cache@v4
2026-10-03T06:41:29.8055149Z with:
2026-10-03T06:41:29.8055362Z   path: cache/verified-1m
2026-10-03T06:41:29.8055682Z   key: session-opening-range-breakout-v19-dev-1m-shard-0
2026-10-03T06:41:29.8056905Z   restore-keys: taker-absorption-release-v12-dev-1m-shard-0
aggressive-flow-cascade-v11-dev-1m-shard-0
residual-reversion-v10-dev-1m-shard-0
cross-sectional-leader-v9-dev-1m-shard-0
premium-absorption-v8-dev-1m-shard-0
factor-lag-v6-dev-1m-shard-0
2026-10-03T06:41:29.8058051Z   enableCrossOsArchive: false
2026-10-03T06:41:29.8058308Z   fail-on-cache-miss: false
2026-10-03T06:41:29.8058548Z   lookup-only: false
2026-10-03T06:41:29.8058788Z   save-always: false
2026-10-03T06:41:29.8059279Z env:
2026-10-03T06:41:29.8061729Z   GH_TOKEN: ***
2026-10-03T06:41:29.8062026Z   pythonLocation: /opt/hostedtoolcache/Python/3.12.14/x64
2026-10-03T06:41:29.8062832Z   PKG_CONFIG_PATH: /opt/hostedtoolcache/Python/3.12.14/x64/lib/pkgconfig
2026-10-03T06:41:29.8063326Z   Python_ROOT_DIR: /opt/hostedtoolcache/Python/3.12.14/x64
2026-10-03T06:41:29.8063720Z   Python2_ROOT_DIR: /opt/hostedtoolcache/Python/3.12.14/x64
2026-10-03T06:41:29.8064127Z   Python3_ROOT_DIR: /opt/hostedtoolcache/Python/3.12.14/x64
2026-10-03T06:41:29.8064512Z   LD_LIBRARY_PATH: /opt/hostedtoolcache/Python/3.12.14/x64/lib
2026-10-03T06:41:29.8064840Z ##[endgroup]
2026-10-03T06:41:29.9200765Z (node:2402) [DEP0040] DeprecationWarning: The `punycode` module is deprecated. Please use a userland alternative instead.
2026-10-03T06:41:29.9201946Z (Use `node --trace-deprecation ...` to show where the warning was created)
2026-10-03T06:41:30.1747026Z Cache not found for input keys: session-opening-range-breakout-v19-dev-1m-shard-0, taker-absorption-release-v12-dev-1m-shard-0, aggressive-flow-cascade-v11-dev-1m-shard-0, residual-reversion-v10-dev-1m-shard-0, cross-sectional-leader-v9-dev-1m-shard-0, premium-absorption-v8-dev-1m-shard-0, factor-lag-v6-dev-1m-shard-0
2026-10-03T06:41:30.1856898Z ##[group]Run set -euo pipefail
2026-10-03T06:41:30.1857317Z [36;1mset -euo pipefail[0m
2026-10-03T06:41:30.1858297Z [36;1mpython scripts/session_opening_range_breakout_v19.py scan --stage DEV --data data --btc btc/BTCUSDT.csv.gz --source-check source-check.json --out dev-0 --minute-cache cache/verified-1m[0m
2026-10-03T06:41:30.1932844Z shell: /usr/bin/bash --noprofile --norc -e -o pipefail {0}
2026-10-03T06:41:30.1933338Z env:
2026-10-03T06:41:30.1936655Z   GH_TOKEN: ***
2026-10-03T06:41:30.1937060Z   pythonLocation: /opt/hostedtoolcache/Python/3.12.14/x64
2026-10-03T06:41:30.1937663Z   PKG_CONFIG_PATH: /opt/hostedtoolcache/Python/3.12.14/x64/lib/pkgconfig
2026-10-03T06:41:30.1938258Z   Python_ROOT_DIR: /opt/hostedtoolcache/Python/3.12.14/x64
2026-10-03T06:41:30.1938808Z   Python2_ROOT_DIR: /opt/hostedtoolcache/Python/3.12.14/x64
2026-10-03T06:41:30.1939338Z   Python3_ROOT_DIR: /opt/hostedtoolcache/Python/3.12.14/x64
2026-10-03T06:41:30.1939918Z   LD_LIBRARY_PATH: /opt/hostedtoolcache/Python/3.12.14/x64/lib
2026-10-03T06:41:30.1940371Z ##[endgroup]
2026-10-03T06:41:31.5214390Z /home/runner/work/bb-scanner/bb-scanner/scripts/session_opening_range_breakout_v19.py:76: RuntimeWarning: invalid value encountered in divide
2026-10-03T06:41:31.5215780Z   f['session_vwap'][k:z]=np.where(valid,numer/denom,np.nan)
2026-10-03T06:42:32.6744612Z V19_OPENING_RANGE_BREAKOUT_SCAN DEV 8 / 107 parameterized_outcomes 618
2026-10-03T06:44:39.7672156Z V19_OPENING_RANGE_BREAKOUT_SCAN DEV 40 / 107 parameterized_outcomes 1746
2026-10-03T06:45:13.6471417Z V19_OPENING_RANGE_BREAKOUT_SCAN DEV 48 / 107 parameterized_outcomes 2058
2026-10-03T06:45:19.7126047Z V19_OPENING_RANGE_BREAKOUT_SCAN DEV 56 / 107 parameterized_outcomes 2106
2026-10-03T06:45:19.8182825Z /home/runner/work/bb-scanner/bb-scanner/scripts/session_opening_range_breakout_v19.py:76: RuntimeWarning: invalid value encountered in divide
2026-10-03T06:45:19.8184294Z   f['session_vwap'][k:z]=np.where(valid,numer/denom,np.nan)
2026-10-03T06:46:46.1754384Z V19_OPENING_RANGE_BREAKOUT_SCAN DEV 88 / 107 parameterized_outcomes 2832
2026-10-03T06:47:45.7991888Z V19_OPENING_RANGE_BREAKOUT_SCAN DEV 104 / 107 parameterized_outcomes 3354
2026-10-03T06:47:56.3993015Z V19_OPENING_RANGE_BREAKOUT_SCAN_DONE DEV 3432 chronology_exclusions 0
2026-10-03T06:47:56.5248641Z ##[group]Run actions/upload-artifact@v4
2026-10-03T06:47:56.5248972Z with:
2026-10-03T06:47:56.5249241Z   name: session-opening-range-breakout-v19-dev-0
2026-10-03T06:47:56.5249563Z   path: dev-0/
2026-10-03T06:47:56.5249779Z   retention-days: 30
2026-10-03T06:47:56.5250013Z   compression-level: 0
2026-10-03T06:47:56.5250246Z   if-no-files-found: warn
2026-10-03T06:47:56.5250512Z   overwrite: false
2026-10-03T06:47:56.5250738Z   include-hidden-files: false
2026-10-03T06:47:56.5251219Z env:
2026-10-03T06:47:56.5253933Z   GH_TOKEN: ***
2026-10-03T06:47:56.5254240Z   pythonLocation: /opt/hostedtoolcache/Python/3.12.14/x64
2026-10-03T06:47:56.5254697Z   PKG_CONFIG_PATH: /opt/hostedtoolcache/Python/3.12.14/x64/lib/pkgconfig
2026-10-03T06:47:56.5255159Z   Python_ROOT_DIR: /opt/hostedtoolcache/Python/3.12.14/x64
2026-10-03T06:47:56.5255558Z   Python2_ROOT_DIR: /opt/hostedtoolcache/Python/3.12.14/x64
2026-10-03T06:47:56.5255959Z   Python3_ROOT_DIR: /opt/hostedtoolcache/Python/3.12.14/x64
2026-10-03T06:47:56.5256407Z   LD_LIBRARY_PATH: /opt/hostedtoolcache/Python/3.12.14/x64/lib
2026-10-03T06:47:56.5256745Z ##[endgroup]
2026-10-03T06:47:56.7249059Z (node:2516) [DEP0040] DeprecationWarning: The `punycode` module is deprecated. Please use a userland alternative instead.
2026-10-03T06:47:56.7251261Z (Use `node --trace-deprecation ...` to show where the warning was created)
2026-10-03T06:47:56.8515973Z With the provided path, there will be 476 files uploaded
2026-10-03T06:47:56.8518214Z Artifact name is valid!
2026-10-03T06:47:56.8519040Z Root directory input is valid!
2026-10-03T06:47:57.2281693Z Beginning upload of artifact content to blob storage
2026-10-03T06:47:57.4278520Z (node:2516) [DEP0169] DeprecationWarning: `url.parse()` behavior is not standardized and prone to errors that have security implications. Use the WHATWG URL API instead. CVEs are not issued for `url.parse()` vulnerabilities.
2026-10-03T06:47:58.3771795Z Uploaded bytes 8388608
2026-10-03T06:47:58.3993645Z Uploaded bytes 16777216
2026-10-03T06:47:58.4255087Z Uploaded bytes 25165824
2026-10-03T06:47:58.4512179Z Uploaded bytes 33554432
2026-10-03T06:47:58.6458425Z Uploaded bytes 41943040
2026-10-03T06:47:58.7021222Z Uploaded bytes 50331648
2026-10-03T06:47:58.7115177Z Uploaded bytes 58720256
2026-10-03T06:47:58.7405683Z Uploaded bytes 67108864
2026-10-03T06:47:58.9209835Z Uploaded bytes 75497472
2026-10-03T06:47:58.9709010Z Uploaded bytes 83886080
2026-10-03T06:47:59.0047780Z Uploaded bytes 92274688
2026-10-03T06:47:59.0334291Z Uploaded bytes 100663296
2026-10-03T06:47:59.1754830Z Uploaded bytes 109051904
2026-10-03T06:47:59.2503187Z Uploaded bytes 117440512
2026-10-03T06:47:59.2849768Z Uploaded bytes 125829120
2026-10-03T06:47:59.3048493Z Uploaded bytes 134217728
2026-10-03T06:47:59.4854604Z Uploaded bytes 142606336
2026-10-03T06:47:59.5628327Z Uploaded bytes 150994944
2026-10-03T06:47:59.5806045Z Uploaded bytes 159383552
2026-10-03T06:47:59.5894462Z Uploaded bytes 167772160
2026-10-03T06:47:59.7872974Z Uploaded bytes 176160768
2026-10-03T06:47:59.8633359Z Uploaded bytes 184549376
2026-10-03T06:47:59.8774469Z Uploaded bytes 192937984
2026-10-03T06:47:59.8906167Z Uploaded bytes 201326592
2026-10-03T06:48:00.0747645Z Uploaded bytes 209715200
2026-10-03T06:48:00.1224145Z Uploaded bytes 218103808
2026-10-03T06:48:00.2424642Z Uploaded bytes 220692144
2026-10-03T06:48:00.3269199Z Finished uploading artifact content to blob storage!
2026-10-03T06:48:00.3273063Z SHA256 digest of uploaded artifact zip is 1355a046c4524727dfefb29e96351ec1021cd8735f4aeb4177ac73d18fe5b0e6
2026-10-03T06:48:00.3275342Z Finalizing artifact upload
2026-10-03T06:48:00.5919496Z Artifact session-opening-range-breakout-v19-dev-0.zip successfully finalized. Artifact ID 11267925657
2026-10-03T06:48:00.5922039Z Artifact session-opening-range-breakout-v19-dev-0 has been successfully uploaded! Final size is 220692144 bytes. Artifact ID is 11267925657
2026-10-03T06:48:00.5931948Z Artifact download URL: https://github.com/duuu-hub/bb-scanner/actions/runs/37103772006/artifacts/11267925657
2026-10-03T06:48:00.6301316Z Post job cleanup.
2026-10-03T06:48:00.7701493Z (node:2532) [DEP0040] DeprecationWarning: The `punycode` module is deprecated. Please use a userland alternative instead.
2026-10-03T06:48:00.7703465Z (Use `node --trace-deprecation ...` to show where the warning was created)
2026-10-03T06:48:00.7995708Z [command]/usr/bin/tar --posix -cf cache.tzst --exclude cache.tzst -P -C /home/runner/work/bb-scanner/bb-scanner --files-from manifest.txt --use-compress-program zstdmt
2026-10-03T06:48:01.6202156Z (node:2532) [DEP0169] DeprecationWarning: `url.parse()` behavior is not standardized and prone to errors that have security implications. Use the WHATWG URL API instead. CVEs are not issued for `url.parse()` vulnerabilities.
2026-10-03T06:48:02.6046256Z Sent 2454398 of 270889854 (0.9%), 2.3 MBs/sec
2026-10-03T06:48:03.6054696Z Sent 136672126 of 270889854 (50.5%), 65.1 MBs/sec
2026-10-03T06:48:03.8241127Z Sent 270889854 of 270889854 (100.0%), 116.4 MBs/sec
2026-10-03T06:48:03.9753902Z Cache saved with key: session-opening-range-breakout-v19-dev-1m-shard-0
2026-10-03T06:48:03.9967161Z Post job cleanup.
2026-10-03T06:48:04.1310618Z (node:2552) [DEP0040] DeprecationWarning: The `punycode` module is deprecated. Please use a userland alternative instead.
2026-10-03T06:48:04.1311772Z (Use `node --trace-deprecation ...` to show where the warning was created)
2026-10-03T06:48:04.1521263Z [command]/usr/bin/tar --posix -cf cache.tzst --exclude cache.tzst -P -C /home/runner/work/bb-scanner/bb-scanner --files-from manifest.txt --use-compress-program zstdmt
2026-10-03T06:48:04.7353429Z (node:2552) [DEP0169] DeprecationWarning: `url.parse()` behavior is not standardized and prone to errors that have security implications. Use the WHATWG URL API instead. CVEs are not issued for `url.parse()` vulnerabilities.
2026-10-03T06:48:05.7212672Z Sent 0 of 242832382 (0.0%), 0.0 MBs/sec
2026-10-03T06:48:06.7215038Z Sent 175723518 of 242832382 (72.4%), 83.7 MBs/sec
2026-10-03T06:48:06.8416266Z Sent 242832382 of 242832382 (100.0%), 109.2 MBs/sec
2026-10-03T06:48:07.0008354Z Cache saved with key: frozen-source-36095439671-15m-shard-0
2026-10-03T06:48:07.0167289Z Post job cleanup.
2026-10-03T06:48:07.1606623Z (node:2572) [DEP0040] DeprecationWarning: The `punycode` module is deprecated. Please use a userland alternative instead.
2026-10-03T06:48:07.1608410Z (Use `node --trace-deprecation ...` to show where the warning was created)
2026-10-03T06:48:07.1827261Z Post job cleanup.
2026-10-03T06:48:07.2849364Z [command]/usr/bin/git version
2026-10-03T06:48:07.2911817Z git version 2.55.0
2026-10-03T06:48:07.2971630Z Temporarily overriding HOME='/home/runner/work/_temp/ca1e8278-f549-46d9-9baf-d278a0ae1eb3' before making global git config changes
2026-10-03T06:48:07.2975192Z Adding repository directory to the temporary git global config as a safe directory
2026-10-03T06:48:07.2990858Z [command]/usr/bin/git config --global --add safe.directory /home/runner/work/bb-scanner/bb-scanner
2026-10-03T06:48:07.3027955Z [command]/usr/bin/git config --local --name-only --get-regexp core\.sshCommand
2026-10-03T06:48:07.3074167Z [command]/usr/bin/git submodule foreach --recursive sh -c "git config --local --name-only --get-regexp 'core\.sshCommand' && git config --local --unset-all 'core.sshCommand' || :"
2026-10-03T06:48:07.3359153Z [command]/usr/bin/git config --local --name-only --get-regexp http\.https\:\/\/github\.com\/\.extraheader
2026-10-03T06:48:07.3393700Z http.https://github.com/.extraheader
2026-10-03T06:48:07.3413924Z [command]/usr/bin/git config --local --unset-all http.https://github.com/.extraheader
2026-10-03T06:48:07.3465001Z [command]/usr/bin/git submodule foreach --recursive sh -c "git config --local --name-only --get-regexp 'http\.https\:\/\/github\.com\/\.extraheader' && git config --local --unset-all 'http.https://github.com/.extraheader' || :"
2026-10-03T06:48:07.3807137Z [command]/usr/bin/git config --local --name-only --get-regexp ^includeIf\.gitdir:
2026-10-03T06:48:07.3868728Z [command]/usr/bin/git submodule foreach --recursive git config --local --show-origin --name-only --get-regexp remote.origin.url
2026-10-03T06:48:07.4423220Z Cleaning up orphan processes
2026-10-03T06:48:07.4871286Z ##[warning]Node.js 20 is deprecated. The following actions target Node.js 20 but are being forced to run on Node.js 24: actions/cache@v4, actions/checkout@v4, actions/setup-python@v5, actions/upload-artifact@v4. For more information see: https://github.blog/changelog/2025-09-19-deprecation-of-node-20-on-github-actions-runners/
