2026-10-01T17:49:24.9598700Z Current runner version: '2.337.0'
2026-10-01T17:49:24.9619681Z ##[group]Runner Image Provisioner
2026-10-01T17:49:24.9620429Z Hosted Compute Agent
2026-10-01T17:49:24.9620903Z Version: 20260901.588
2026-10-01T17:49:24.9621491Z Commit: f88ec8081b781fac6c440065ac7ff9e710ce3d0b
2026-10-01T17:49:24.9622068Z Build Date: 2026-09-01T19:56:44Z
2026-10-01T17:49:24.9622613Z Worker ID: {4702a118-7cef-450f-b2aa-53815484067a}
2026-10-01T17:49:24.9623282Z Azure Region: westus3
2026-10-01T17:49:24.9623751Z ##[endgroup]
2026-10-01T17:49:24.9625017Z ##[group]Operating System
2026-10-01T17:49:24.9625699Z Ubuntu
2026-10-01T17:49:24.9626098Z 24.04.5
2026-10-01T17:49:24.9626906Z LTS
2026-10-01T17:49:24.9627336Z ##[endgroup]
2026-10-01T17:49:24.9627834Z ##[group]Runner Image
2026-10-01T17:49:24.9628328Z Image: ubuntu-24.04
2026-10-01T17:49:24.9628786Z Version: 20260927.320.1
2026-10-01T17:49:24.9629849Z Included Software: https://github.com/actions/runner-images/blob/ubuntu24/20260927.320/images/ubuntu/Ubuntu2404-Readme.md
2026-10-01T17:49:24.9631155Z Image Release: https://github.com/actions/runner-images/releases/tag/ubuntu24%2F20260927.320
2026-10-01T17:49:24.9631960Z ##[endgroup]
2026-10-01T17:49:24.9632957Z ##[group]GITHUB_TOKEN Permissions
2026-10-01T17:49:24.9634667Z Actions: read
2026-10-01T17:49:24.9635180Z Contents: read
2026-10-01T17:49:24.9635833Z Metadata: read
2026-10-01T17:49:24.9636323Z ##[endgroup]
2026-10-01T17:49:24.9638062Z Secret source: Actions
2026-10-01T17:49:24.9638839Z Cache mode: write
2026-10-01T17:49:24.9639410Z Prepare workflow directory
2026-10-01T17:49:24.9922762Z Prepare all required actions
2026-10-01T17:49:24.9978382Z Getting action download info
2026-10-01T17:49:25.3275617Z Download action repository 'actions/checkout@v4' (SHA:11d5960a326750d5838078e36cf38b85af677262)
2026-10-01T17:49:25.4098449Z Download action repository 'actions/setup-python@v5' (SHA:a26af69be951a213d495a4c3e4e4022e16d87065)
2026-10-01T17:49:25.5111724Z Download action repository 'actions/cache@v4' (SHA:0057852bfaa89a56745cba8c7296529d2fc39830)
2026-10-01T17:49:25.6354790Z Download action repository 'actions/upload-artifact@v4' (SHA:ea165f8d65b6e75b540449e92b4886f43607fa02)
2026-10-01T17:49:25.8797410Z Complete job name: development (2)
2026-10-01T17:49:25.9401161Z ##[group]Run actions/checkout@v4
2026-10-01T17:49:25.9401813Z with:
2026-10-01T17:49:25.9402163Z   repository: duuu-hub/bb-scanner
2026-10-01T17:49:25.9405203Z   token: ***
2026-10-01T17:49:25.9405891Z   ssh-strict: true
2026-10-01T17:49:25.9406245Z   ssh-user: git
2026-10-01T17:49:25.9406602Z   persist-credentials: true
2026-10-01T17:49:25.9406984Z   clean: true
2026-10-01T17:49:25.9407334Z   sparse-checkout-cone-mode: true
2026-10-01T17:49:25.9407739Z   fetch-depth: 1
2026-10-01T17:49:25.9408075Z   fetch-tags: false
2026-10-01T17:49:25.9408427Z   show-progress: true
2026-10-01T17:49:25.9408771Z   lfs: false
2026-10-01T17:49:25.9409094Z   submodules: false
2026-10-01T17:49:25.9409448Z   set-safe-directory: true
2026-10-01T17:49:25.9409836Z   allow-unsafe-pr-checkout: false
2026-10-01T17:49:25.9410994Z ##[endgroup]
2026-10-01T17:49:26.0242014Z Syncing repository: duuu-hub/bb-scanner
2026-10-01T17:49:26.0243927Z ##[group]Getting Git version info
2026-10-01T17:49:26.0244889Z Working directory is '/home/runner/work/bb-scanner/bb-scanner'
2026-10-01T17:49:26.0246362Z [command]/usr/bin/git version
2026-10-01T17:49:26.0361278Z git version 2.55.0
2026-10-01T17:49:26.0378781Z ##[endgroup]
2026-10-01T17:49:26.0392921Z Temporarily overriding HOME='/home/runner/work/_temp/49cbb2ed-ff1a-49b8-aaa4-964c58dc3788' before making global git config changes
2026-10-01T17:49:26.0394757Z Adding repository directory to the temporary git global config as a safe directory
2026-10-01T17:49:26.0397971Z [command]/usr/bin/git config --global --add safe.directory /home/runner/work/bb-scanner/bb-scanner
2026-10-01T17:49:26.0452235Z Deleting the contents of '/home/runner/work/bb-scanner/bb-scanner'
2026-10-01T17:49:26.0458948Z ##[group]Initializing the repository
2026-10-01T17:49:26.0463346Z [command]/usr/bin/git init /home/runner/work/bb-scanner/bb-scanner
2026-10-01T17:49:26.1052432Z hint: Using 'master' as the name for the initial branch. This default branch name
2026-10-01T17:49:26.1054124Z hint: will change to "main" in Git 3.0. To configure the initial branch name
2026-10-01T17:49:26.1055537Z hint: to use in all of your new repositories, which will suppress this warning,
2026-10-01T17:49:26.1056589Z hint: call:
2026-10-01T17:49:26.1057248Z hint:
2026-10-01T17:49:26.1057943Z hint: 	git config --global init.defaultBranch <name>
2026-10-01T17:49:26.1058698Z hint:
2026-10-01T17:49:26.1059383Z hint: Names commonly chosen instead of 'master' are 'main', 'trunk' and
2026-10-01T17:49:26.1060502Z hint: 'development'. The just-created branch can be renamed via this command:
2026-10-01T17:49:26.1061379Z hint:
2026-10-01T17:49:26.1061884Z hint: 	git branch -m <name>
2026-10-01T17:49:26.1062417Z hint:
2026-10-01T17:49:26.1062917Z hint: Disable this message with "git config set advice.defaultBranchName false"
2026-10-01T17:49:26.1063773Z Initialized empty Git repository in /home/runner/work/bb-scanner/bb-scanner/.git/
2026-10-01T17:49:26.1065840Z [command]/usr/bin/git remote add origin https://github.com/duuu-hub/bb-scanner
2026-10-01T17:49:26.1112254Z ##[endgroup]
2026-10-01T17:49:26.1113148Z ##[group]Disabling automatic garbage collection
2026-10-01T17:49:26.1115154Z [command]/usr/bin/git config --local gc.auto 0
2026-10-01T17:49:26.1143085Z ##[endgroup]
2026-10-01T17:49:26.1143931Z ##[group]Setting up auth
2026-10-01T17:49:26.1148405Z [command]/usr/bin/git config --local --name-only --get-regexp core\.sshCommand
2026-10-01T17:49:26.1176351Z [command]/usr/bin/git submodule foreach --recursive sh -c "git config --local --name-only --get-regexp 'core\.sshCommand' && git config --local --unset-all 'core.sshCommand' || :"
2026-10-01T17:49:26.1490062Z [command]/usr/bin/git config --local --name-only --get-regexp http\.https\:\/\/github\.com\/\.extraheader
2026-10-01T17:49:26.1519868Z [command]/usr/bin/git submodule foreach --recursive sh -c "git config --local --name-only --get-regexp 'http\.https\:\/\/github\.com\/\.extraheader' && git config --local --unset-all 'http.https://github.com/.extraheader' || :"
2026-10-01T17:49:26.1710564Z [command]/usr/bin/git config --local --name-only --get-regexp ^includeIf\.gitdir:
2026-10-01T17:49:26.1740171Z [command]/usr/bin/git submodule foreach --recursive git config --local --show-origin --name-only --get-regexp remote.origin.url
2026-10-01T17:49:26.1932766Z [command]/usr/bin/git config --local http.https://github.com/.extraheader AUTHORIZATION: basic ***
2026-10-01T17:49:26.1968881Z ##[endgroup]
2026-10-01T17:49:26.1969533Z ##[group]Fetching the repository
2026-10-01T17:49:26.1976502Z [command]/usr/bin/git -c protocol.version=2 fetch --no-tags --prune --no-recurse-submodules --depth=1 origin +5b26f467543d6724461e8f10557c1e8839075f02:refs/remotes/origin/research-liquidity-sweep-v5
2026-10-01T17:49:27.9466271Z From https://github.com/duuu-hub/bb-scanner
2026-10-01T17:49:27.9467491Z  * [new ref]         5b26f467543d6724461e8f10557c1e8839075f02 -> origin/research-liquidity-sweep-v5
2026-10-01T17:49:27.9470429Z ##[endgroup]
2026-10-01T17:49:27.9471402Z ##[group]Determining the checkout info
2026-10-01T17:49:27.9472426Z ##[endgroup]
2026-10-01T17:49:27.9475772Z [command]/usr/bin/git sparse-checkout disable
2026-10-01T17:49:27.9522317Z [command]/usr/bin/git config --local --unset-all extensions.worktreeConfig
2026-10-01T17:49:27.9550187Z ##[group]Checking out the ref
2026-10-01T17:49:27.9560982Z [command]/usr/bin/git checkout --progress --force -B research-liquidity-sweep-v5 refs/remotes/origin/research-liquidity-sweep-v5
2026-10-01T17:49:28.1316456Z Switched to a new branch 'research-liquidity-sweep-v5'
2026-10-01T17:49:28.1319664Z branch 'research-liquidity-sweep-v5' set up to track 'origin/research-liquidity-sweep-v5'.
2026-10-01T17:49:28.1329570Z ##[endgroup]
2026-10-01T17:49:28.1369047Z [command]/usr/bin/git log -1 --format=%H
2026-10-01T17:49:28.1390990Z 5b26f467543d6724461e8f10557c1e8839075f02
2026-10-01T17:49:28.1693796Z ##[group]Run actions/setup-python@v5
2026-10-01T17:49:28.1694855Z with:
2026-10-01T17:49:28.1695719Z   python-version: 3.12
2026-10-01T17:49:28.1696581Z   check-latest: false
2026-10-01T17:49:28.1703850Z   token: ***
2026-10-01T17:49:28.1704651Z   update-environment: true
2026-10-01T17:49:28.1705639Z   allow-prereleases: false
2026-10-01T17:49:28.1706526Z   freethreaded: false
2026-10-01T17:49:28.1707350Z ##[endgroup]
2026-10-01T17:49:28.2761937Z ##[group]Installed versions
2026-10-01T17:49:28.2833117Z (node:2094) [DEP0040] DeprecationWarning: The `punycode` module is deprecated. Please use a userland alternative instead.
2026-10-01T17:49:28.2839986Z (Use `node --trace-deprecation ...` to show where the warning was created)
2026-10-01T17:49:28.2842037Z Successfully set up CPython (3.12.14)
2026-10-01T17:49:28.2843791Z ##[endgroup]
2026-10-01T17:49:28.3028670Z ##[group]Run pip install pandas==2.3.3 numpy==2.3.3
2026-10-01T17:49:28.3029970Z [36;1mpip install pandas==2.3.3 numpy==2.3.3[0m
2026-10-01T17:49:28.3305650Z shell: /usr/bin/bash -e {0}
2026-10-01T17:49:28.3306608Z env:
2026-10-01T17:49:28.3307506Z   pythonLocation: /opt/hostedtoolcache/Python/3.12.14/x64
2026-10-01T17:49:28.3308941Z   PKG_CONFIG_PATH: /opt/hostedtoolcache/Python/3.12.14/x64/lib/pkgconfig
2026-10-01T17:49:28.3310371Z   Python_ROOT_DIR: /opt/hostedtoolcache/Python/3.12.14/x64
2026-10-01T17:49:28.3311688Z   Python2_ROOT_DIR: /opt/hostedtoolcache/Python/3.12.14/x64
2026-10-01T17:49:28.3312994Z   Python3_ROOT_DIR: /opt/hostedtoolcache/Python/3.12.14/x64
2026-10-01T17:49:28.3314311Z   LD_LIBRARY_PATH: /opt/hostedtoolcache/Python/3.12.14/x64/lib
2026-10-01T17:49:28.3315538Z ##[endgroup]
2026-10-01T17:49:29.1655015Z Collecting pandas==2.3.3
2026-10-01T17:49:29.2255958Z   Downloading pandas-2.3.3-cp312-cp312-manylinux_2_24_x86_64.manylinux_2_28_x86_64.whl.metadata (91 kB)
2026-10-01T17:49:29.4457662Z Collecting numpy==2.3.3
2026-10-01T17:49:29.4565775Z   Downloading numpy-2.3.3-cp312-cp312-manylinux_2_27_x86_64.manylinux_2_28_x86_64.whl.metadata (62 kB)
2026-10-01T17:49:29.4888005Z Collecting python-dateutil>=2.8.2 (from pandas==2.3.3)
2026-10-01T17:49:29.4989659Z   Downloading python_dateutil-2.9.0.post0-py2.py3-none-any.whl.metadata (8.4 kB)
2026-10-01T17:49:29.5343412Z Collecting pytz>=2020.1 (from pandas==2.3.3)
2026-10-01T17:49:29.5449759Z   Downloading pytz-2026.4-py2.py3-none-any.whl.metadata (22 kB)
2026-10-01T17:49:29.5662600Z Collecting tzdata>=2022.7 (from pandas==2.3.3)
2026-10-01T17:49:29.5763830Z   Downloading tzdata-2026.4-py2.py3-none-any.whl.metadata (1.4 kB)
2026-10-01T17:49:29.5941439Z Collecting six>=1.5 (from python-dateutil>=2.8.2->pandas==2.3.3)
2026-10-01T17:49:29.6041646Z   Downloading six-1.17.0-py2.py3-none-any.whl.metadata (1.7 kB)
2026-10-01T17:49:29.6173105Z Downloading pandas-2.3.3-cp312-cp312-manylinux_2_24_x86_64.manylinux_2_28_x86_64.whl (12.4 MB)
2026-10-01T17:49:30.0875892Z    ━━━━━━━━━━━━━━━━━━━━━━━━━━━━━━━━━━━━━━━━ 12.4/12.4 MB 27.5 MB/s  0:00:00
2026-10-01T17:49:30.1025855Z Downloading numpy-2.3.3-cp312-cp312-manylinux_2_27_x86_64.manylinux_2_28_x86_64.whl (16.6 MB)
2026-10-01T17:49:30.3392674Z    ━━━━━━━━━━━━━━━━━━━━━━━━━━━━━━━━━━━━━━━━ 16.6/16.6 MB 70.3 MB/s  0:00:00
2026-10-01T17:49:30.3503574Z Downloading python_dateutil-2.9.0.post0-py2.py3-none-any.whl (229 kB)
2026-10-01T17:49:30.3638755Z Downloading pytz-2026.4-py2.py3-none-any.whl (506 kB)
2026-10-01T17:49:30.3770114Z Downloading six-1.17.0-py2.py3-none-any.whl (11 kB)
2026-10-01T17:49:30.3915739Z Downloading tzdata-2026.4-py2.py3-none-any.whl (347 kB)
2026-10-01T17:49:30.5271483Z Installing collected packages: pytz, tzdata, six, numpy, python-dateutil, pandas
2026-10-01T17:49:36.1119711Z 
2026-10-01T17:49:36.1131080Z Successfully installed numpy-2.3.3 pandas-2.3.3 python-dateutil-2.9.0.post0 pytz-2026.4 six-1.17.0 tzdata-2026.4
2026-10-01T17:49:36.1802218Z ##[group]Run actions/cache@v4
2026-10-01T17:49:36.1802450Z with:
2026-10-01T17:49:36.1802631Z   path: cache/verified-1m
2026-10-01T17:49:36.1802838Z   key: liquidity-v5-dev-1m-shard-2
2026-10-01T17:49:36.1803246Z   enableCrossOsArchive: false
2026-10-01T17:49:36.1803449Z   fail-on-cache-miss: false
2026-10-01T17:49:36.1803637Z   lookup-only: false
2026-10-01T17:49:36.1803809Z   save-always: false
2026-10-01T17:49:36.1804005Z env:
2026-10-01T17:49:36.1804223Z   pythonLocation: /opt/hostedtoolcache/Python/3.12.14/x64
2026-10-01T17:49:36.1804598Z   PKG_CONFIG_PATH: /opt/hostedtoolcache/Python/3.12.14/x64/lib/pkgconfig
2026-10-01T17:49:36.1804930Z   Python_ROOT_DIR: /opt/hostedtoolcache/Python/3.12.14/x64
2026-10-01T17:49:36.1805226Z   Python2_ROOT_DIR: /opt/hostedtoolcache/Python/3.12.14/x64
2026-10-01T17:49:36.1805764Z   Python3_ROOT_DIR: /opt/hostedtoolcache/Python/3.12.14/x64
2026-10-01T17:49:36.1806059Z   LD_LIBRARY_PATH: /opt/hostedtoolcache/Python/3.12.14/x64/lib
2026-10-01T17:49:36.1806351Z ##[endgroup]
2026-10-01T17:49:36.2676518Z (node:2129) [DEP0040] DeprecationWarning: The `punycode` module is deprecated. Please use a userland alternative instead.
2026-10-01T17:49:36.2677252Z (Use `node --trace-deprecation ...` to show where the warning was created)
2026-10-01T17:49:36.4710259Z Cache not found for input keys: liquidity-v5-dev-1m-shard-2
2026-10-01T17:49:36.4813057Z ##[group]Run actions/cache@v4
2026-10-01T17:49:36.4813284Z with:
2026-10-01T17:49:36.4813445Z   path: data
2026-10-01T17:49:36.4813631Z   key: frozen-source-36095439671-15m-shard-2
2026-10-01T17:49:36.4813877Z   enableCrossOsArchive: false
2026-10-01T17:49:36.4814077Z   fail-on-cache-miss: false
2026-10-01T17:49:36.4814273Z   lookup-only: false
2026-10-01T17:49:36.4814444Z   save-always: false
2026-10-01T17:49:36.4814610Z env:
2026-10-01T17:49:36.4814817Z   pythonLocation: /opt/hostedtoolcache/Python/3.12.14/x64
2026-10-01T17:49:36.4815167Z   PKG_CONFIG_PATH: /opt/hostedtoolcache/Python/3.12.14/x64/lib/pkgconfig
2026-10-01T17:49:36.4815729Z   Python_ROOT_DIR: /opt/hostedtoolcache/Python/3.12.14/x64
2026-10-01T17:49:36.4816029Z   Python2_ROOT_DIR: /opt/hostedtoolcache/Python/3.12.14/x64
2026-10-01T17:49:36.4816320Z   Python3_ROOT_DIR: /opt/hostedtoolcache/Python/3.12.14/x64
2026-10-01T17:49:36.4816630Z   LD_LIBRARY_PATH: /opt/hostedtoolcache/Python/3.12.14/x64/lib
2026-10-01T17:49:36.4816920Z ##[endgroup]
2026-10-01T17:49:36.5655034Z (node:2142) [DEP0040] DeprecationWarning: The `punycode` module is deprecated. Please use a userland alternative instead.
2026-10-01T17:49:36.5655791Z (Use `node --trace-deprecation ...` to show where the warning was created)
2026-10-01T17:49:36.7692868Z Cache not found for input keys: frozen-source-36095439671-15m-shard-2
2026-10-01T17:49:36.7791552Z ##[group]Run gh run download 36095439671 -R duuu-hub/bb-scanner -n rank5-binance-um-15m-5y-data-shard-2 -D data
2026-10-01T17:49:36.7792230Z [36;1mgh run download 36095439671 -R duuu-hub/bb-scanner -n rank5-binance-um-15m-5y-data-shard-2 -D data[0m
2026-10-01T17:49:36.7850708Z shell: /usr/bin/bash -e {0}
2026-10-01T17:49:36.7850927Z env:
2026-10-01T17:49:36.7851158Z   pythonLocation: /opt/hostedtoolcache/Python/3.12.14/x64
2026-10-01T17:49:36.7851537Z   PKG_CONFIG_PATH: /opt/hostedtoolcache/Python/3.12.14/x64/lib/pkgconfig
2026-10-01T17:49:36.7851875Z   Python_ROOT_DIR: /opt/hostedtoolcache/Python/3.12.14/x64
2026-10-01T17:49:36.7852182Z   Python2_ROOT_DIR: /opt/hostedtoolcache/Python/3.12.14/x64
2026-10-01T17:49:36.7852482Z   Python3_ROOT_DIR: /opt/hostedtoolcache/Python/3.12.14/x64
2026-10-01T17:49:36.7852780Z   LD_LIBRARY_PATH: /opt/hostedtoolcache/Python/3.12.14/x64/lib
2026-10-01T17:49:36.7854904Z   GH_TOKEN: ***
2026-10-01T17:49:36.7855085Z ##[endgroup]
2026-10-01T17:49:46.2087298Z ##[group]Run gh run download 36858492497 -R duuu-hub/bb-scanner -n day-edge-v2-btc -D btc
2026-10-01T17:49:46.2087814Z [36;1mgh run download 36858492497 -R duuu-hub/bb-scanner -n day-edge-v2-btc -D btc[0m
2026-10-01T17:49:46.2143739Z shell: /usr/bin/bash -e {0}
2026-10-01T17:49:46.2143948Z env:
2026-10-01T17:49:46.2144167Z   pythonLocation: /opt/hostedtoolcache/Python/3.12.14/x64
2026-10-01T17:49:46.2144519Z   PKG_CONFIG_PATH: /opt/hostedtoolcache/Python/3.12.14/x64/lib/pkgconfig
2026-10-01T17:49:46.2145032Z   Python_ROOT_DIR: /opt/hostedtoolcache/Python/3.12.14/x64
2026-10-01T17:49:46.2145511Z   Python2_ROOT_DIR: /opt/hostedtoolcache/Python/3.12.14/x64
2026-10-01T17:49:46.2145818Z   Python3_ROOT_DIR: /opt/hostedtoolcache/Python/3.12.14/x64
2026-10-01T17:49:46.2146122Z   LD_LIBRARY_PATH: /opt/hostedtoolcache/Python/3.12.14/x64/lib
2026-10-01T17:49:46.2148202Z   GH_TOKEN: ***
2026-10-01T17:49:46.2148386Z ##[endgroup]
2026-10-01T17:49:47.7251048Z ##[group]Run gh run download 36095439671 -R duuu-hub/bb-scanner -n rank5-binance-um-15m-5y-manifest-shard-2 -D source-manifest
2026-10-01T17:49:47.7252212Z [36;1mgh run download 36095439671 -R duuu-hub/bb-scanner -n rank5-binance-um-15m-5y-manifest-shard-2 -D source-manifest[0m
2026-10-01T17:49:47.7253592Z [36;1mpython scripts/research_evidence_archive.py verify-source --data data --manifests source-manifest --baseline research/liquidity-sweep-v5/FROZEN_INPUT_HASHES.json --out dev-2/source_check.json[0m
2026-10-01T17:49:47.7333277Z shell: /usr/bin/bash -e {0}
2026-10-01T17:49:47.7333594Z env:
2026-10-01T17:49:47.7333941Z   pythonLocation: /opt/hostedtoolcache/Python/3.12.14/x64
2026-10-01T17:49:47.7334491Z   PKG_CONFIG_PATH: /opt/hostedtoolcache/Python/3.12.14/x64/lib/pkgconfig
2026-10-01T17:49:47.7335053Z   Python_ROOT_DIR: /opt/hostedtoolcache/Python/3.12.14/x64
2026-10-01T17:49:47.7335721Z   Python2_ROOT_DIR: /opt/hostedtoolcache/Python/3.12.14/x64
2026-10-01T17:49:47.7336259Z   Python3_ROOT_DIR: /opt/hostedtoolcache/Python/3.12.14/x64
2026-10-01T17:49:47.7336746Z   LD_LIBRARY_PATH: /opt/hostedtoolcache/Python/3.12.14/x64/lib
2026-10-01T17:49:47.7340351Z   GH_TOKEN: ***
2026-10-01T17:49:47.7340637Z ##[endgroup]
2026-10-01T17:49:53.7795103Z FROZEN_SOURCE_VERIFIED 107 files 31 prior SHA256 matches
2026-10-01T17:49:53.8226650Z ##[group]Run python scripts/liquidity_sweep_v5.py scan --stage DEV --data data --btc btc/BTCUSDT.csv.gz --out dev-2 --minute-cache cache/verified-1m
2026-10-01T17:49:53.8227415Z [36;1mpython scripts/liquidity_sweep_v5.py scan --stage DEV --data data --btc btc/BTCUSDT.csv.gz --out dev-2 --minute-cache cache/verified-1m[0m
2026-10-01T17:49:53.8283010Z shell: /usr/bin/bash -e {0}
2026-10-01T17:49:53.8283220Z env:
2026-10-01T17:49:53.8283441Z   pythonLocation: /opt/hostedtoolcache/Python/3.12.14/x64
2026-10-01T17:49:53.8283805Z   PKG_CONFIG_PATH: /opt/hostedtoolcache/Python/3.12.14/x64/lib/pkgconfig
2026-10-01T17:49:53.8284146Z   Python_ROOT_DIR: /opt/hostedtoolcache/Python/3.12.14/x64
2026-10-01T17:49:53.8284441Z   Python2_ROOT_DIR: /opt/hostedtoolcache/Python/3.12.14/x64
2026-10-01T17:49:53.8284742Z   Python3_ROOT_DIR: /opt/hostedtoolcache/Python/3.12.14/x64
2026-10-01T17:49:53.8285048Z   LD_LIBRARY_PATH: /opt/hostedtoolcache/Python/3.12.14/x64/lib
2026-10-01T17:49:53.8285515Z ##[endgroup]
2026-10-01T17:50:04.6823987Z SWEEP_SCAN DEV 16 / 107 outcomes 1626
2026-10-01T17:50:07.6321937Z SWEEP_SCAN DEV 32 / 107 outcomes 2496
2026-10-01T17:50:16.4536396Z SWEEP_SCAN DEV 40 / 107 outcomes 3888
2026-10-01T17:50:46.7527327Z SWEEP_SCAN DEV 72 / 107 outcomes 10680
2026-10-01T17:50:48.0871997Z SWEEP_SCAN DEV 88 / 107 outcomes 11160
2026-10-01T17:50:55.7755005Z SWEEP_SCAN_DONE DEV 13374 excluded 6
2026-10-01T17:50:55.8342897Z ##[group]Run actions/upload-artifact@v4
2026-10-01T17:50:55.8343132Z with:
2026-10-01T17:50:55.8343299Z   name: liquidity-v5-dev-2
2026-10-01T17:50:55.8343482Z   path: dev-2/
2026-10-01T17:50:55.8343640Z   retention-days: 30
2026-10-01T17:50:55.8343811Z   compression-level: 0
2026-10-01T17:50:55.8343985Z   if-no-files-found: warn
2026-10-01T17:50:55.8344164Z   overwrite: false
2026-10-01T17:50:55.8344332Z   include-hidden-files: false
2026-10-01T17:50:55.8344517Z env:
2026-10-01T17:50:55.8344714Z   pythonLocation: /opt/hostedtoolcache/Python/3.12.14/x64
2026-10-01T17:50:55.8345053Z   PKG_CONFIG_PATH: /opt/hostedtoolcache/Python/3.12.14/x64/lib/pkgconfig
2026-10-01T17:50:55.8345549Z   Python_ROOT_DIR: /opt/hostedtoolcache/Python/3.12.14/x64
2026-10-01T17:50:55.8345852Z   Python2_ROOT_DIR: /opt/hostedtoolcache/Python/3.12.14/x64
2026-10-01T17:50:55.8346342Z   Python3_ROOT_DIR: /opt/hostedtoolcache/Python/3.12.14/x64
2026-10-01T17:50:55.8346688Z   LD_LIBRARY_PATH: /opt/hostedtoolcache/Python/3.12.14/x64/lib
2026-10-01T17:50:55.8346939Z ##[endgroup]
2026-10-01T17:50:55.9670108Z (node:2208) [DEP0040] DeprecationWarning: The `punycode` module is deprecated. Please use a userland alternative instead.
2026-10-01T17:50:55.9670682Z (Use `node --trace-deprecation ...` to show where the warning was created)
2026-10-01T17:50:55.9770089Z With the provided path, there will be 42 files uploaded
2026-10-01T17:50:55.9796184Z Artifact name is valid!
2026-10-01T17:50:55.9796570Z Root directory input is valid!
2026-10-01T17:50:56.3115014Z Beginning upload of artifact content to blob storage
2026-10-01T17:50:56.3549346Z (node:2208) [DEP0169] DeprecationWarning: `url.parse()` behavior is not standardized and prone to errors that have security implications. Use the WHATWG URL API instead. CVEs are not issued for `url.parse()` vulnerabilities.
2026-10-01T17:50:56.8441587Z Uploaded bytes 681471
2026-10-01T17:50:56.9071144Z Finished uploading artifact content to blob storage!
2026-10-01T17:50:56.9071763Z SHA256 digest of uploaded artifact zip is baa36871808fdf2bd7ee3d0c9f53585d989643053d2a30683da981f9b75d07c3
2026-10-01T17:50:56.9076313Z Finalizing artifact upload
2026-10-01T17:50:57.1756928Z Artifact liquidity-v5-dev-2.zip successfully finalized. Artifact ID 11181698500
2026-10-01T17:50:57.1757614Z Artifact liquidity-v5-dev-2 has been successfully uploaded! Final size is 681471 bytes. Artifact ID is 11181698500
2026-10-01T17:50:57.1762509Z Artifact download URL: https://github.com/duuu-hub/bb-scanner/actions/runs/36902157396/artifacts/11181698500
2026-10-01T17:50:57.1913255Z Post job cleanup.
2026-10-01T17:50:57.2805518Z (node:2220) [DEP0040] DeprecationWarning: The `punycode` module is deprecated. Please use a userland alternative instead.
2026-10-01T17:50:57.2806250Z (Use `node --trace-deprecation ...` to show where the warning was created)
2026-10-01T17:50:57.2946005Z [command]/usr/bin/tar --posix -cf cache.tzst --exclude cache.tzst -P -C /home/runner/work/bb-scanner/bb-scanner --files-from manifest.txt --use-compress-program zstdmt
2026-10-01T17:50:57.7036132Z (node:2220) [DEP0169] DeprecationWarning: `url.parse()` behavior is not standardized and prone to errors that have security implications. Use the WHATWG URL API instead. CVEs are not issued for `url.parse()` vulnerabilities.
2026-10-01T17:50:58.6976522Z Sent 0 of 248656419 (0.0%), 0.0 MBs/sec
2026-10-01T17:50:59.6118482Z Sent 248656419 of 248656419 (100.0%), 123.6 MBs/sec
2026-10-01T17:50:59.7923945Z Cache saved with key: frozen-source-36095439671-15m-shard-2
2026-10-01T17:50:59.8034508Z Post job cleanup.
2026-10-01T17:50:59.8882905Z (node:2240) [DEP0040] DeprecationWarning: The `punycode` module is deprecated. Please use a userland alternative instead.
2026-10-01T17:50:59.8883480Z (Use `node --trace-deprecation ...` to show where the warning was created)
2026-10-01T17:50:59.9035280Z [command]/usr/bin/tar --posix -cf cache.tzst --exclude cache.tzst -P -C /home/runner/work/bb-scanner/bb-scanner --files-from manifest.txt --use-compress-program zstdmt
2026-10-01T17:51:00.1459965Z (node:2240) [DEP0169] DeprecationWarning: `url.parse()` behavior is not standardized and prone to errors that have security implications. Use the WHATWG URL API instead. CVEs are not issued for `url.parse()` vulnerabilities.
2026-10-01T17:51:00.8591352Z Sent 11450593 of 11450593 (100.0%), 15.2 MBs/sec
2026-10-01T17:51:00.9720819Z Cache saved with key: liquidity-v5-dev-1m-shard-2
2026-10-01T17:51:00.9831482Z Post job cleanup.
2026-10-01T17:51:01.0770927Z (node:2260) [DEP0040] DeprecationWarning: The `punycode` module is deprecated. Please use a userland alternative instead.
2026-10-01T17:51:01.0771534Z (Use `node --trace-deprecation ...` to show where the warning was created)
2026-10-01T17:51:01.0930721Z Post job cleanup.
2026-10-01T17:51:01.1641782Z [command]/usr/bin/git version
2026-10-01T17:51:01.1677486Z git version 2.55.0
2026-10-01T17:51:01.1707130Z Temporarily overriding HOME='/home/runner/work/_temp/0c0108bd-b696-4be5-a279-88a41c10ac9a' before making global git config changes
2026-10-01T17:51:01.1708172Z Adding repository directory to the temporary git global config as a safe directory
2026-10-01T17:51:01.1711924Z [command]/usr/bin/git config --global --add safe.directory /home/runner/work/bb-scanner/bb-scanner
2026-10-01T17:51:01.1744636Z [command]/usr/bin/git config --local --name-only --get-regexp core\.sshCommand
2026-10-01T17:51:01.1773535Z [command]/usr/bin/git submodule foreach --recursive sh -c "git config --local --name-only --get-regexp 'core\.sshCommand' && git config --local --unset-all 'core.sshCommand' || :"
2026-10-01T17:51:01.1986092Z [command]/usr/bin/git config --local --name-only --get-regexp http\.https\:\/\/github\.com\/\.extraheader
2026-10-01T17:51:01.2011497Z http.https://github.com/.extraheader
2026-10-01T17:51:01.2047358Z [command]/usr/bin/git config --local --unset-all http.https://github.com/.extraheader
2026-10-01T17:51:01.2077963Z [command]/usr/bin/git submodule foreach --recursive sh -c "git config --local --name-only --get-regexp 'http\.https\:\/\/github\.com\/\.extraheader' && git config --local --unset-all 'http.https://github.com/.extraheader' || :"
2026-10-01T17:51:01.2303718Z [command]/usr/bin/git config --local --name-only --get-regexp ^includeIf\.gitdir:
2026-10-01T17:51:01.2356575Z [command]/usr/bin/git submodule foreach --recursive git config --local --show-origin --name-only --get-regexp remote.origin.url
2026-10-01T17:51:01.2707607Z Cleaning up orphan processes
2026-10-01T17:51:01.2963368Z ##[warning]Node.js 20 is deprecated. The following actions target Node.js 20 but are being forced to run on Node.js 24: actions/cache@v4, actions/checkout@v4, actions/setup-python@v5, actions/upload-artifact@v4. For more information see: https://github.blog/changelog/2025-09-19-deprecation-of-node-20-on-github-actions-runners/
