2026-10-01T17:49:25.5917666Z Current runner version: '2.337.0'
2026-10-01T17:49:25.5953083Z ##[group]Runner Image Provisioner
2026-10-01T17:49:25.5954390Z Hosted Compute Agent
2026-10-01T17:49:25.5955418Z Version: 20260901.588
2026-10-01T17:49:25.5956495Z Commit: f88ec8081b781fac6c440065ac7ff9e710ce3d0b
2026-10-01T17:49:25.5957635Z Build Date: 2026-09-01T19:56:44Z
2026-10-01T17:49:25.5959048Z Worker ID: {a38b9957-67e3-46ce-a3af-5acc9b678a65}
2026-10-01T17:49:25.5960182Z Azure Region: northcentralus
2026-10-01T17:49:25.5961223Z ##[endgroup]
2026-10-01T17:49:25.5964730Z ##[group]Operating System
2026-10-01T17:49:25.5965754Z Ubuntu
2026-10-01T17:49:25.5967216Z 24.04.5
2026-10-01T17:49:25.5968264Z LTS
2026-10-01T17:49:25.5969145Z ##[endgroup]
2026-10-01T17:49:25.5970081Z ##[group]Runner Image
2026-10-01T17:49:25.5971014Z Image: ubuntu-24.04
2026-10-01T17:49:25.5972058Z Version: 20260927.320.1
2026-10-01T17:49:25.5974017Z Included Software: https://github.com/actions/runner-images/blob/ubuntu24/20260927.320/images/ubuntu/Ubuntu2404-Readme.md
2026-10-01T17:49:25.5976733Z Image Release: https://github.com/actions/runner-images/releases/tag/ubuntu24%2F20260927.320
2026-10-01T17:49:25.5978488Z ##[endgroup]
2026-10-01T17:49:25.5980546Z ##[group]GITHUB_TOKEN Permissions
2026-10-01T17:49:25.5983399Z Actions: read
2026-10-01T17:49:25.5984478Z Contents: read
2026-10-01T17:49:25.5985334Z Metadata: read
2026-10-01T17:49:25.5986193Z ##[endgroup]
2026-10-01T17:49:25.5989443Z Secret source: Actions
2026-10-01T17:49:25.5990786Z Cache mode: write
2026-10-01T17:49:25.5992341Z Prepare workflow directory
2026-10-01T17:49:25.6381513Z Prepare all required actions
2026-10-01T17:49:25.6448722Z Getting action download info
2026-10-01T17:49:25.9159357Z Download action repository 'actions/checkout@v4' (SHA:11d5960a326750d5838078e36cf38b85af677262)
2026-10-01T17:49:26.0090135Z Download action repository 'actions/setup-python@v5' (SHA:a26af69be951a213d495a4c3e4e4022e16d87065)
2026-10-01T17:49:26.0880199Z Download action repository 'actions/cache@v4' (SHA:0057852bfaa89a56745cba8c7296529d2fc39830)
2026-10-01T17:49:26.1863897Z Download action repository 'actions/upload-artifact@v4' (SHA:ea165f8d65b6e75b540449e92b4886f43607fa02)
2026-10-01T17:49:26.4924270Z Complete job name: development (3)
2026-10-01T17:49:26.5726986Z ##[group]Run actions/checkout@v4
2026-10-01T17:49:26.5728051Z with:
2026-10-01T17:49:26.5728537Z   repository: duuu-hub/bb-scanner
2026-10-01T17:49:26.5732935Z   token: ***
2026-10-01T17:49:26.5733401Z   ssh-strict: true
2026-10-01T17:49:26.5733870Z   ssh-user: git
2026-10-01T17:49:26.5734348Z   persist-credentials: true
2026-10-01T17:49:26.5734876Z   clean: true
2026-10-01T17:49:26.5735362Z   sparse-checkout-cone-mode: true
2026-10-01T17:49:26.5735911Z   fetch-depth: 1
2026-10-01T17:49:26.5736365Z   fetch-tags: false
2026-10-01T17:49:26.5736835Z   show-progress: true
2026-10-01T17:49:26.5737310Z   lfs: false
2026-10-01T17:49:26.5737773Z   submodules: false
2026-10-01T17:49:26.5738623Z   set-safe-directory: true
2026-10-01T17:49:26.5739175Z   allow-unsafe-pr-checkout: false
2026-10-01T17:49:26.5740090Z ##[endgroup]
2026-10-01T17:49:26.6805928Z Syncing repository: duuu-hub/bb-scanner
2026-10-01T17:49:26.6808696Z ##[group]Getting Git version info
2026-10-01T17:49:26.6809856Z Working directory is '/home/runner/work/bb-scanner/bb-scanner'
2026-10-01T17:49:26.6811334Z [command]/usr/bin/git version
2026-10-01T17:49:26.6853947Z git version 2.55.0
2026-10-01T17:49:26.6873431Z ##[endgroup]
2026-10-01T17:49:26.6888452Z Temporarily overriding HOME='/home/runner/work/_temp/c5644f64-1fb4-47b8-a7e7-719208a812a9' before making global git config changes
2026-10-01T17:49:26.6891320Z Adding repository directory to the temporary git global config as a safe directory
2026-10-01T17:49:26.6894199Z [command]/usr/bin/git config --global --add safe.directory /home/runner/work/bb-scanner/bb-scanner
2026-10-01T17:49:26.6947667Z Deleting the contents of '/home/runner/work/bb-scanner/bb-scanner'
2026-10-01T17:49:26.6970424Z ##[group]Initializing the repository
2026-10-01T17:49:26.6989470Z [command]/usr/bin/git init /home/runner/work/bb-scanner/bb-scanner
2026-10-01T17:49:26.7074705Z hint: Using 'master' as the name for the initial branch. This default branch name
2026-10-01T17:49:26.7076634Z hint: will change to "main" in Git 3.0. To configure the initial branch name
2026-10-01T17:49:26.7078650Z hint: to use in all of your new repositories, which will suppress this warning,
2026-10-01T17:49:26.7080057Z hint: call:
2026-10-01T17:49:26.7081168Z hint:
2026-10-01T17:49:26.7082099Z hint: 	git config --global init.defaultBranch <name>
2026-10-01T17:49:26.7083231Z hint:
2026-10-01T17:49:26.7084290Z hint: Names commonly chosen instead of 'master' are 'main', 'trunk' and
2026-10-01T17:49:26.7086025Z hint: 'development'. The just-created branch can be renamed via this command:
2026-10-01T17:49:26.7087362Z hint:
2026-10-01T17:49:26.7088240Z hint: 	git branch -m <name>
2026-10-01T17:49:26.7089077Z hint:
2026-10-01T17:49:26.7090169Z hint: Disable this message with "git config set advice.defaultBranchName false"
2026-10-01T17:49:26.7092274Z Initialized empty Git repository in /home/runner/work/bb-scanner/bb-scanner/.git/
2026-10-01T17:49:26.7103480Z [command]/usr/bin/git remote add origin https://github.com/duuu-hub/bb-scanner
2026-10-01T17:49:26.7146869Z ##[endgroup]
2026-10-01T17:49:26.7148506Z ##[group]Disabling automatic garbage collection
2026-10-01T17:49:26.7151543Z [command]/usr/bin/git config --local gc.auto 0
2026-10-01T17:49:26.7185792Z ##[endgroup]
2026-10-01T17:49:26.7187134Z ##[group]Setting up auth
2026-10-01T17:49:26.7192718Z [command]/usr/bin/git config --local --name-only --get-regexp core\.sshCommand
2026-10-01T17:49:26.7240614Z [command]/usr/bin/git submodule foreach --recursive sh -c "git config --local --name-only --get-regexp 'core\.sshCommand' && git config --local --unset-all 'core.sshCommand' || :"
2026-10-01T17:49:26.7619412Z [command]/usr/bin/git config --local --name-only --get-regexp http\.https\:\/\/github\.com\/\.extraheader
2026-10-01T17:49:26.7672749Z [command]/usr/bin/git submodule foreach --recursive sh -c "git config --local --name-only --get-regexp 'http\.https\:\/\/github\.com\/\.extraheader' && git config --local --unset-all 'http.https://github.com/.extraheader' || :"
2026-10-01T17:49:26.7941633Z [command]/usr/bin/git config --local --name-only --get-regexp ^includeIf\.gitdir:
2026-10-01T17:49:26.7984239Z [command]/usr/bin/git submodule foreach --recursive git config --local --show-origin --name-only --get-regexp remote.origin.url
2026-10-01T17:49:26.8300925Z [command]/usr/bin/git config --local http.https://github.com/.extraheader AUTHORIZATION: basic ***
2026-10-01T17:49:26.8305346Z ##[endgroup]
2026-10-01T17:49:26.8306837Z ##[group]Fetching the repository
2026-10-01T17:49:26.8309774Z [command]/usr/bin/git -c protocol.version=2 fetch --no-tags --prune --no-recurse-submodules --depth=1 origin +5b26f467543d6724461e8f10557c1e8839075f02:refs/remotes/origin/research-liquidity-sweep-v5
2026-10-01T17:49:28.1961718Z From https://github.com/duuu-hub/bb-scanner
2026-10-01T17:49:28.1963342Z  * [new ref]         5b26f467543d6724461e8f10557c1e8839075f02 -> origin/research-liquidity-sweep-v5
2026-10-01T17:49:28.1966240Z ##[endgroup]
2026-10-01T17:49:28.1966911Z ##[group]Determining the checkout info
2026-10-01T17:49:28.1967614Z ##[endgroup]
2026-10-01T17:49:28.1973537Z [command]/usr/bin/git sparse-checkout disable
2026-10-01T17:49:28.2026017Z [command]/usr/bin/git config --local --unset-all extensions.worktreeConfig
2026-10-01T17:49:28.2060077Z ##[group]Checking out the ref
2026-10-01T17:49:28.2064758Z [command]/usr/bin/git checkout --progress --force -B research-liquidity-sweep-v5 refs/remotes/origin/research-liquidity-sweep-v5
2026-10-01T17:49:28.4323982Z Switched to a new branch 'research-liquidity-sweep-v5'
2026-10-01T17:49:28.4326227Z branch 'research-liquidity-sweep-v5' set up to track 'origin/research-liquidity-sweep-v5'.
2026-10-01T17:49:28.4337749Z ##[endgroup]
2026-10-01T17:49:28.4385936Z [command]/usr/bin/git log -1 --format=%H
2026-10-01T17:49:28.4415268Z 5b26f467543d6724461e8f10557c1e8839075f02
2026-10-01T17:49:28.4703663Z ##[group]Run actions/setup-python@v5
2026-10-01T17:49:28.4704110Z with:
2026-10-01T17:49:28.4704422Z   python-version: 3.12
2026-10-01T17:49:28.4704763Z   check-latest: false
2026-10-01T17:49:28.4707981Z   token: ***
2026-10-01T17:49:28.4708312Z   update-environment: true
2026-10-01T17:49:28.4708675Z   allow-prereleases: false
2026-10-01T17:49:28.4709022Z   freethreaded: false
2026-10-01T17:49:28.4709386Z ##[endgroup]
2026-10-01T17:49:28.6063226Z ##[group]Installed versions
2026-10-01T17:49:28.6138592Z (node:2303) [DEP0040] DeprecationWarning: The `punycode` module is deprecated. Please use a userland alternative instead.
2026-10-01T17:49:28.6139880Z (Use `node --trace-deprecation ...` to show where the warning was created)
2026-10-01T17:49:28.6148742Z Successfully set up CPython (3.12.14)
2026-10-01T17:49:28.6149639Z ##[endgroup]
2026-10-01T17:49:28.6364520Z ##[group]Run pip install pandas==2.3.3 numpy==2.3.3
2026-10-01T17:49:28.6365061Z [36;1mpip install pandas==2.3.3 numpy==2.3.3[0m
2026-10-01T17:49:28.6643637Z shell: /usr/bin/bash -e {0}
2026-10-01T17:49:28.6644037Z env:
2026-10-01T17:49:28.6644395Z   pythonLocation: /opt/hostedtoolcache/Python/3.12.14/x64
2026-10-01T17:49:28.6644910Z   PKG_CONFIG_PATH: /opt/hostedtoolcache/Python/3.12.14/x64/lib/pkgconfig
2026-10-01T17:49:28.6645425Z   Python_ROOT_DIR: /opt/hostedtoolcache/Python/3.12.14/x64
2026-10-01T17:49:28.6645867Z   Python2_ROOT_DIR: /opt/hostedtoolcache/Python/3.12.14/x64
2026-10-01T17:49:28.6646294Z   Python3_ROOT_DIR: /opt/hostedtoolcache/Python/3.12.14/x64
2026-10-01T17:49:28.6646722Z   LD_LIBRARY_PATH: /opt/hostedtoolcache/Python/3.12.14/x64/lib
2026-10-01T17:49:28.6647096Z ##[endgroup]
2026-10-01T17:49:29.8874448Z Collecting pandas==2.3.3
2026-10-01T17:49:29.9332477Z   Downloading pandas-2.3.3-cp312-cp312-manylinux_2_24_x86_64.manylinux_2_28_x86_64.whl.metadata (91 kB)
2026-10-01T17:49:30.1590274Z Collecting numpy==2.3.3
2026-10-01T17:49:30.1628455Z   Downloading numpy-2.3.3-cp312-cp312-manylinux_2_27_x86_64.manylinux_2_28_x86_64.whl.metadata (62 kB)
2026-10-01T17:49:30.1861166Z Collecting python-dateutil>=2.8.2 (from pandas==2.3.3)
2026-10-01T17:49:30.1892281Z   Downloading python_dateutil-2.9.0.post0-py2.py3-none-any.whl.metadata (8.4 kB)
2026-10-01T17:49:30.2193907Z Collecting pytz>=2020.1 (from pandas==2.3.3)
2026-10-01T17:49:30.2235396Z   Downloading pytz-2026.4-py2.py3-none-any.whl.metadata (22 kB)
2026-10-01T17:49:30.2370687Z Collecting tzdata>=2022.7 (from pandas==2.3.3)
2026-10-01T17:49:30.2403477Z   Downloading tzdata-2026.4-py2.py3-none-any.whl.metadata (1.4 kB)
2026-10-01T17:49:30.2527437Z Collecting six>=1.5 (from python-dateutil>=2.8.2->pandas==2.3.3)
2026-10-01T17:49:30.2559607Z   Downloading six-1.17.0-py2.py3-none-any.whl.metadata (1.7 kB)
2026-10-01T17:49:30.2625820Z Downloading pandas-2.3.3-cp312-cp312-manylinux_2_24_x86_64.manylinux_2_28_x86_64.whl (12.4 MB)
2026-10-01T17:49:30.3192235Z    ━━━━━━━━━━━━━━━━━━━━━━━━━━━━━━━━━━━━━━━━ 12.4/12.4 MB 238.5 MB/s  0:00:00
2026-10-01T17:49:30.3229490Z Downloading numpy-2.3.3-cp312-cp312-manylinux_2_27_x86_64.manylinux_2_28_x86_64.whl (16.6 MB)
2026-10-01T17:49:30.3931456Z    ━━━━━━━━━━━━━━━━━━━━━━━━━━━━━━━━━━━━━━━━ 16.6/16.6 MB 243.0 MB/s  0:00:00
2026-10-01T17:49:30.3969504Z Downloading python_dateutil-2.9.0.post0-py2.py3-none-any.whl (229 kB)
2026-10-01T17:49:30.4041974Z Downloading pytz-2026.4-py2.py3-none-any.whl (506 kB)
2026-10-01T17:49:30.4107764Z Downloading six-1.17.0-py2.py3-none-any.whl (11 kB)
2026-10-01T17:49:30.4158473Z Downloading tzdata-2026.4-py2.py3-none-any.whl (347 kB)
2026-10-01T17:49:30.5734779Z Installing collected packages: pytz, tzdata, six, numpy, python-dateutil, pandas
2026-10-01T17:49:37.7668629Z 
2026-10-01T17:49:37.7682211Z Successfully installed numpy-2.3.3 pandas-2.3.3 python-dateutil-2.9.0.post0 pytz-2026.4 six-1.17.0 tzdata-2026.4
2026-10-01T17:49:37.8378102Z ##[group]Run actions/cache@v4
2026-10-01T17:49:37.8378375Z with:
2026-10-01T17:49:37.8378586Z   path: cache/verified-1m
2026-10-01T17:49:37.8378847Z   key: liquidity-v5-dev-1m-shard-3
2026-10-01T17:49:37.8379313Z   enableCrossOsArchive: false
2026-10-01T17:49:37.8379587Z   fail-on-cache-miss: false
2026-10-01T17:49:37.8379824Z   lookup-only: false
2026-10-01T17:49:37.8380037Z   save-always: false
2026-10-01T17:49:37.8380239Z env:
2026-10-01T17:49:37.8380511Z   pythonLocation: /opt/hostedtoolcache/Python/3.12.14/x64
2026-10-01T17:49:37.8380953Z   PKG_CONFIG_PATH: /opt/hostedtoolcache/Python/3.12.14/x64/lib/pkgconfig
2026-10-01T17:49:37.8381373Z   Python_ROOT_DIR: /opt/hostedtoolcache/Python/3.12.14/x64
2026-10-01T17:49:37.8381754Z   Python2_ROOT_DIR: /opt/hostedtoolcache/Python/3.12.14/x64
2026-10-01T17:49:37.8382146Z   Python3_ROOT_DIR: /opt/hostedtoolcache/Python/3.12.14/x64
2026-10-01T17:49:37.8382524Z   LD_LIBRARY_PATH: /opt/hostedtoolcache/Python/3.12.14/x64/lib
2026-10-01T17:49:37.8382884Z ##[endgroup]
2026-10-01T17:49:37.9455080Z (node:2337) [DEP0040] DeprecationWarning: The `punycode` module is deprecated. Please use a userland alternative instead.
2026-10-01T17:49:37.9456005Z (Use `node --trace-deprecation ...` to show where the warning was created)
2026-10-01T17:49:38.0604551Z Cache not found for input keys: liquidity-v5-dev-1m-shard-3
2026-10-01T17:49:38.0721467Z ##[group]Run actions/cache@v4
2026-10-01T17:49:38.0721734Z with:
2026-10-01T17:49:38.0721936Z   path: data
2026-10-01T17:49:38.0722167Z   key: frozen-source-36095439671-15m-shard-3
2026-10-01T17:49:38.0722476Z   enableCrossOsArchive: false
2026-10-01T17:49:38.0722730Z   fail-on-cache-miss: false
2026-10-01T17:49:38.0722973Z   lookup-only: false
2026-10-01T17:49:38.0723190Z   save-always: false
2026-10-01T17:49:38.0723394Z env:
2026-10-01T17:49:38.0723660Z   pythonLocation: /opt/hostedtoolcache/Python/3.12.14/x64
2026-10-01T17:49:38.0724101Z   PKG_CONFIG_PATH: /opt/hostedtoolcache/Python/3.12.14/x64/lib/pkgconfig
2026-10-01T17:49:38.0724539Z   Python_ROOT_DIR: /opt/hostedtoolcache/Python/3.12.14/x64
2026-10-01T17:49:38.0724929Z   Python2_ROOT_DIR: /opt/hostedtoolcache/Python/3.12.14/x64
2026-10-01T17:49:38.0725332Z   Python3_ROOT_DIR: /opt/hostedtoolcache/Python/3.12.14/x64
2026-10-01T17:49:38.0725712Z   LD_LIBRARY_PATH: /opt/hostedtoolcache/Python/3.12.14/x64/lib
2026-10-01T17:49:38.0726072Z ##[endgroup]
2026-10-01T17:49:38.1798443Z (node:2350) [DEP0040] DeprecationWarning: The `punycode` module is deprecated. Please use a userland alternative instead.
2026-10-01T17:49:38.1799327Z (Use `node --trace-deprecation ...` to show where the warning was created)
2026-10-01T17:49:38.3092096Z Cache not found for input keys: frozen-source-36095439671-15m-shard-3
2026-10-01T17:49:38.3236201Z ##[group]Run gh run download 36095439671 -R duuu-hub/bb-scanner -n rank5-binance-um-15m-5y-data-shard-3 -D data
2026-10-01T17:49:38.3237127Z [36;1mgh run download 36095439671 -R duuu-hub/bb-scanner -n rank5-binance-um-15m-5y-data-shard-3 -D data[0m
2026-10-01T17:49:38.3311062Z shell: /usr/bin/bash -e {0}
2026-10-01T17:49:38.3311439Z env:
2026-10-01T17:49:38.3311850Z   pythonLocation: /opt/hostedtoolcache/Python/3.12.14/x64
2026-10-01T17:49:38.3312348Z   PKG_CONFIG_PATH: /opt/hostedtoolcache/Python/3.12.14/x64/lib/pkgconfig
2026-10-01T17:49:38.3312783Z   Python_ROOT_DIR: /opt/hostedtoolcache/Python/3.12.14/x64
2026-10-01T17:49:38.3313182Z   Python2_ROOT_DIR: /opt/hostedtoolcache/Python/3.12.14/x64
2026-10-01T17:49:38.3313564Z   Python3_ROOT_DIR: /opt/hostedtoolcache/Python/3.12.14/x64
2026-10-01T17:49:38.3313950Z   LD_LIBRARY_PATH: /opt/hostedtoolcache/Python/3.12.14/x64/lib
2026-10-01T17:49:38.3316857Z   GH_TOKEN: ***
2026-10-01T17:49:38.3317085Z ##[endgroup]
2026-10-01T17:49:45.6465896Z ##[group]Run gh run download 36858492497 -R duuu-hub/bb-scanner -n day-edge-v2-btc -D btc
2026-10-01T17:49:45.6466527Z [36;1mgh run download 36858492497 -R duuu-hub/bb-scanner -n day-edge-v2-btc -D btc[0m
2026-10-01T17:49:45.6537260Z shell: /usr/bin/bash -e {0}
2026-10-01T17:49:45.6537527Z env:
2026-10-01T17:49:45.6537983Z   pythonLocation: /opt/hostedtoolcache/Python/3.12.14/x64
2026-10-01T17:49:45.6538449Z   PKG_CONFIG_PATH: /opt/hostedtoolcache/Python/3.12.14/x64/lib/pkgconfig
2026-10-01T17:49:45.6539088Z   Python_ROOT_DIR: /opt/hostedtoolcache/Python/3.12.14/x64
2026-10-01T17:49:45.6539471Z   Python2_ROOT_DIR: /opt/hostedtoolcache/Python/3.12.14/x64
2026-10-01T17:49:45.6539847Z   Python3_ROOT_DIR: /opt/hostedtoolcache/Python/3.12.14/x64
2026-10-01T17:49:45.6540222Z   LD_LIBRARY_PATH: /opt/hostedtoolcache/Python/3.12.14/x64/lib
2026-10-01T17:49:45.6543137Z   GH_TOKEN: ***
2026-10-01T17:49:45.6543367Z ##[endgroup]
2026-10-01T17:49:46.8094135Z ##[group]Run gh run download 36095439671 -R duuu-hub/bb-scanner -n rank5-binance-um-15m-5y-manifest-shard-3 -D source-manifest
2026-10-01T17:49:46.8095056Z [36;1mgh run download 36095439671 -R duuu-hub/bb-scanner -n rank5-binance-um-15m-5y-manifest-shard-3 -D source-manifest[0m
2026-10-01T17:49:46.8096148Z [36;1mpython scripts/research_evidence_archive.py verify-source --data data --manifests source-manifest --baseline research/liquidity-sweep-v5/FROZEN_INPUT_HASHES.json --out dev-3/source_check.json[0m
2026-10-01T17:49:46.8166267Z shell: /usr/bin/bash -e {0}
2026-10-01T17:49:46.8166531Z env:
2026-10-01T17:49:46.8166816Z   pythonLocation: /opt/hostedtoolcache/Python/3.12.14/x64
2026-10-01T17:49:46.8167262Z   PKG_CONFIG_PATH: /opt/hostedtoolcache/Python/3.12.14/x64/lib/pkgconfig
2026-10-01T17:49:46.8167688Z   Python_ROOT_DIR: /opt/hostedtoolcache/Python/3.12.14/x64
2026-10-01T17:49:46.8168343Z   Python2_ROOT_DIR: /opt/hostedtoolcache/Python/3.12.14/x64
2026-10-01T17:49:46.8168771Z   Python3_ROOT_DIR: /opt/hostedtoolcache/Python/3.12.14/x64
2026-10-01T17:49:46.8169144Z   LD_LIBRARY_PATH: /opt/hostedtoolcache/Python/3.12.14/x64/lib
2026-10-01T17:49:46.8172200Z   GH_TOKEN: ***
2026-10-01T17:49:46.8172429Z ##[endgroup]
2026-10-01T17:49:53.8617671Z FROZEN_SOURCE_VERIFIED 106 files 31 prior SHA256 matches
2026-10-01T17:49:53.9134584Z ##[group]Run python scripts/liquidity_sweep_v5.py scan --stage DEV --data data --btc btc/BTCUSDT.csv.gz --out dev-3 --minute-cache cache/verified-1m
2026-10-01T17:49:53.9135628Z [36;1mpython scripts/liquidity_sweep_v5.py scan --stage DEV --data data --btc btc/BTCUSDT.csv.gz --out dev-3 --minute-cache cache/verified-1m[0m
2026-10-01T17:49:53.9205448Z shell: /usr/bin/bash -e {0}
2026-10-01T17:49:53.9205718Z env:
2026-10-01T17:49:53.9205992Z   pythonLocation: /opt/hostedtoolcache/Python/3.12.14/x64
2026-10-01T17:49:53.9206436Z   PKG_CONFIG_PATH: /opt/hostedtoolcache/Python/3.12.14/x64/lib/pkgconfig
2026-10-01T17:49:53.9206870Z   Python_ROOT_DIR: /opt/hostedtoolcache/Python/3.12.14/x64
2026-10-01T17:49:53.9207253Z   Python2_ROOT_DIR: /opt/hostedtoolcache/Python/3.12.14/x64
2026-10-01T17:49:53.9207621Z   Python3_ROOT_DIR: /opt/hostedtoolcache/Python/3.12.14/x64
2026-10-01T17:49:53.9208279Z   LD_LIBRARY_PATH: /opt/hostedtoolcache/Python/3.12.14/x64/lib
2026-10-01T17:49:53.9208661Z ##[endgroup]
2026-10-01T17:50:17.1511629Z SWEEP_SCAN DEV 32 / 106 outcomes 3492
2026-10-01T17:50:33.1736880Z SWEEP_SCAN DEV 40 / 106 outcomes 5214
2026-10-01T17:50:40.8541322Z SWEEP_SCAN DEV 48 / 106 outcomes 6096
2026-10-01T17:50:56.2773003Z SWEEP_SCAN_DONE DEV 8724 excluded 0
2026-10-01T17:50:56.3423264Z ##[group]Run actions/upload-artifact@v4
2026-10-01T17:50:56.3423566Z with:
2026-10-01T17:50:56.3423778Z   name: liquidity-v5-dev-3
2026-10-01T17:50:56.3424020Z   path: dev-3/
2026-10-01T17:50:56.3424226Z   retention-days: 30
2026-10-01T17:50:56.3424450Z   compression-level: 0
2026-10-01T17:50:56.3424679Z   if-no-files-found: warn
2026-10-01T17:50:56.3424909Z   overwrite: false
2026-10-01T17:50:56.3425125Z   include-hidden-files: false
2026-10-01T17:50:56.3425362Z env:
2026-10-01T17:50:56.3425622Z   pythonLocation: /opt/hostedtoolcache/Python/3.12.14/x64
2026-10-01T17:50:56.3426068Z   PKG_CONFIG_PATH: /opt/hostedtoolcache/Python/3.12.14/x64/lib/pkgconfig
2026-10-01T17:50:56.3426537Z   Python_ROOT_DIR: /opt/hostedtoolcache/Python/3.12.14/x64
2026-10-01T17:50:56.3426918Z   Python2_ROOT_DIR: /opt/hostedtoolcache/Python/3.12.14/x64
2026-10-01T17:50:56.3427287Z   Python3_ROOT_DIR: /opt/hostedtoolcache/Python/3.12.14/x64
2026-10-01T17:50:56.3428062Z   LD_LIBRARY_PATH: /opt/hostedtoolcache/Python/3.12.14/x64/lib
2026-10-01T17:50:56.3428393Z ##[endgroup]
2026-10-01T17:50:56.5082700Z (node:2411) [DEP0040] DeprecationWarning: The `punycode` module is deprecated. Please use a userland alternative instead.
2026-10-01T17:50:56.5083443Z (Use `node --trace-deprecation ...` to show where the warning was created)
2026-10-01T17:50:56.5217004Z With the provided path, there will be 44 files uploaded
2026-10-01T17:50:56.5221829Z Artifact name is valid!
2026-10-01T17:50:56.5222432Z Root directory input is valid!
2026-10-01T17:50:56.8047459Z Beginning upload of artifact content to blob storage
2026-10-01T17:50:56.8643117Z (node:2411) [DEP0169] DeprecationWarning: `url.parse()` behavior is not standardized and prone to errors that have security implications. Use the WHATWG URL API instead. CVEs are not issued for `url.parse()` vulnerabilities.
2026-10-01T17:50:57.0920167Z Uploaded bytes 508197
2026-10-01T17:50:57.1252804Z Finished uploading artifact content to blob storage!
2026-10-01T17:50:57.1253662Z SHA256 digest of uploaded artifact zip is 6e79ecce5a7c3ffc6f74341b21d933f1b999c9b8bc628dc3c052fa83d68f5e92
2026-10-01T17:50:57.1255795Z Finalizing artifact upload
2026-10-01T17:50:57.3800013Z Artifact liquidity-v5-dev-3.zip successfully finalized. Artifact ID 11182735432
2026-10-01T17:50:57.3801166Z Artifact liquidity-v5-dev-3 has been successfully uploaded! Final size is 508197 bytes. Artifact ID is 11182735432
2026-10-01T17:50:57.3808434Z Artifact download URL: https://github.com/duuu-hub/bb-scanner/actions/runs/36902157396/artifacts/11182735432
2026-10-01T17:50:57.3984407Z Post job cleanup.
2026-10-01T17:50:57.5050748Z (node:2423) [DEP0040] DeprecationWarning: The `punycode` module is deprecated. Please use a userland alternative instead.
2026-10-01T17:50:57.5051990Z (Use `node --trace-deprecation ...` to show where the warning was created)
2026-10-01T17:50:57.5227434Z [command]/usr/bin/tar --posix -cf cache.tzst --exclude cache.tzst -P -C /home/runner/work/bb-scanner/bb-scanner --files-from manifest.txt --use-compress-program zstdmt
2026-10-01T17:50:57.9071508Z (node:2423) [DEP0169] DeprecationWarning: `url.parse()` behavior is not standardized and prone to errors that have security implications. Use the WHATWG URL API instead. CVEs are not issued for `url.parse()` vulnerabilities.
2026-10-01T17:50:58.8954023Z Sent 28546618 of 229873210 (12.4%), 27.2 MBs/sec
2026-10-01T17:50:59.8963470Z Sent 162764346 of 229873210 (70.8%), 77.5 MBs/sec
2026-10-01T17:51:00.0634201Z Sent 229873210 of 229873210 (100.0%), 101.1 MBs/sec
2026-10-01T17:51:00.1650254Z Cache saved with key: frozen-source-36095439671-15m-shard-3
2026-10-01T17:51:00.1778584Z Post job cleanup.
2026-10-01T17:51:00.2850886Z (node:2444) [DEP0040] DeprecationWarning: The `punycode` module is deprecated. Please use a userland alternative instead.
2026-10-01T17:51:00.2852007Z (Use `node --trace-deprecation ...` to show where the warning was created)
2026-10-01T17:51:00.3031910Z [command]/usr/bin/tar --posix -cf cache.tzst --exclude cache.tzst -P -C /home/runner/work/bb-scanner/bb-scanner --files-from manifest.txt --use-compress-program zstdmt
2026-10-01T17:51:00.4549719Z (node:2444) [DEP0169] DeprecationWarning: `url.parse()` behavior is not standardized and prone to errors that have security implications. Use the WHATWG URL API instead. CVEs are not issued for `url.parse()` vulnerabilities.
2026-10-01T17:51:00.8316643Z Sent 11736801 of 11736801 (100.0%), 29.1 MBs/sec
2026-10-01T17:51:00.9195316Z Cache saved with key: liquidity-v5-dev-1m-shard-3
2026-10-01T17:51:00.9317168Z Post job cleanup.
2026-10-01T17:51:01.0603416Z (node:2464) [DEP0040] DeprecationWarning: The `punycode` module is deprecated. Please use a userland alternative instead.
2026-10-01T17:51:01.0604614Z (Use `node --trace-deprecation ...` to show where the warning was created)
2026-10-01T17:51:01.0807136Z Post job cleanup.
2026-10-01T17:51:01.1746368Z [command]/usr/bin/git version
2026-10-01T17:51:01.1791173Z git version 2.55.0
2026-10-01T17:51:01.1832878Z Temporarily overriding HOME='/home/runner/work/_temp/bd3bd544-9316-4a9b-998a-44f361a0d216' before making global git config changes
2026-10-01T17:51:01.1834249Z Adding repository directory to the temporary git global config as a safe directory
2026-10-01T17:51:01.1838432Z [command]/usr/bin/git config --global --add safe.directory /home/runner/work/bb-scanner/bb-scanner
2026-10-01T17:51:01.1879525Z [command]/usr/bin/git config --local --name-only --get-regexp core\.sshCommand
2026-10-01T17:51:01.1917495Z [command]/usr/bin/git submodule foreach --recursive sh -c "git config --local --name-only --get-regexp 'core\.sshCommand' && git config --local --unset-all 'core.sshCommand' || :"
2026-10-01T17:51:01.2182052Z [command]/usr/bin/git config --local --name-only --get-regexp http\.https\:\/\/github\.com\/\.extraheader
2026-10-01T17:51:01.2213774Z http.https://github.com/.extraheader
2026-10-01T17:51:01.2225572Z [command]/usr/bin/git config --local --unset-all http.https://github.com/.extraheader
2026-10-01T17:51:01.2266467Z [command]/usr/bin/git submodule foreach --recursive sh -c "git config --local --name-only --get-regexp 'http\.https\:\/\/github\.com\/\.extraheader' && git config --local --unset-all 'http.https://github.com/.extraheader' || :"
2026-10-01T17:51:01.2541111Z [command]/usr/bin/git config --local --name-only --get-regexp ^includeIf\.gitdir:
2026-10-01T17:51:01.2583174Z [command]/usr/bin/git submodule foreach --recursive git config --local --show-origin --name-only --get-regexp remote.origin.url
2026-10-01T17:51:01.3028995Z Cleaning up orphan processes
2026-10-01T17:51:01.3329349Z ##[warning]Node.js 20 is deprecated. The following actions target Node.js 20 but are being forced to run on Node.js 24: actions/cache@v4, actions/checkout@v4, actions/setup-python@v5, actions/upload-artifact@v4. For more information see: https://github.blog/changelog/2025-09-19-deprecation-of-node-20-on-github-actions-runners/
