2026-10-07T07:42:03.4752682Z Current runner version: '2.337.0'
2026-10-07T07:42:03.4778365Z ##[group]Runner Image Provisioner
2026-10-07T07:42:03.4779362Z Hosted Compute Agent
2026-10-07T07:42:03.4780001Z Version: 20260901.588
2026-10-07T07:42:03.4780729Z Commit: f88ec8081b781fac6c440065ac7ff9e710ce3d0b
2026-10-07T07:42:03.4781490Z Build Date: 2026-09-01T19:56:44Z
2026-10-07T07:42:03.4782218Z Worker ID: {d415bfe9-7852-4483-a28d-e4d2348ff4cf}
2026-10-07T07:42:03.4782994Z Azure Region: southcentralus
2026-10-07T07:42:03.4783637Z ##[endgroup]
2026-10-07T07:42:03.4785635Z ##[group]Operating System
2026-10-07T07:42:03.4786421Z Ubuntu
2026-10-07T07:42:03.4786985Z 24.04.5
2026-10-07T07:42:03.4787916Z LTS
2026-10-07T07:42:03.4788490Z ##[endgroup]
2026-10-07T07:42:03.4789056Z ##[group]Runner Image
2026-10-07T07:42:03.4789748Z Image: ubuntu-24.04
2026-10-07T07:42:03.4790358Z Version: 20260927.320.1
2026-10-07T07:42:03.4791672Z Included Software: https://github.com/actions/runner-images/blob/ubuntu24/20260927.320/images/ubuntu/Ubuntu2404-Readme.md
2026-10-07T07:42:03.4793276Z Image Release: https://github.com/actions/runner-images/releases/tag/ubuntu24%2F20260927.320
2026-10-07T07:42:03.4794366Z ##[endgroup]
2026-10-07T07:42:03.4795793Z ##[group]GITHUB_TOKEN Permissions
2026-10-07T07:42:03.4798015Z Actions: read
2026-10-07T07:42:03.4798717Z Contents: read
2026-10-07T07:42:03.4799417Z Metadata: read
2026-10-07T07:42:03.4800003Z ##[endgroup]
2026-10-07T07:42:03.4802194Z Secret source: Actions
2026-10-07T07:42:03.4803332Z Cache mode: write
2026-10-07T07:42:03.4804277Z Prepare workflow directory
2026-10-07T07:42:03.5339213Z Prepare all required actions
2026-10-07T07:42:03.5389691Z Getting action download info
2026-10-07T07:42:03.8571589Z Download action repository 'actions/checkout@v4' (SHA:11d5960a326750d5838078e36cf38b85af677262)
2026-10-07T07:42:03.9583153Z Download action repository 'actions/setup-python@v5' (SHA:a26af69be951a213d495a4c3e4e4022e16d87065)
2026-10-07T07:42:04.1930400Z Download action repository 'actions/cache@v4' (SHA:0057852bfaa89a56745cba8c7296529d2fc39830)
2026-10-07T07:42:04.5598975Z Download action repository 'actions/upload-artifact@v4' (SHA:ea165f8d65b6e75b540449e92b4886f43607fa02)
2026-10-07T07:42:04.7810239Z Complete job name: gate_scan (7)
2026-10-07T07:42:04.8574830Z ##[group]Run actions/checkout@v4
2026-10-07T07:42:04.8575982Z with:
2026-10-07T07:42:04.8576468Z   repository: duuu-hub/bb-scanner
2026-10-07T07:42:04.8580596Z   token: ***
2026-10-07T07:42:04.8581256Z   ssh-strict: true
2026-10-07T07:42:04.8581865Z   ssh-user: git
2026-10-07T07:42:04.8582334Z   persist-credentials: true
2026-10-07T07:42:04.8582848Z   clean: true
2026-10-07T07:42:04.8583313Z   sparse-checkout-cone-mode: true
2026-10-07T07:42:04.8583852Z   fetch-depth: 1
2026-10-07T07:42:04.8584293Z   fetch-tags: false
2026-10-07T07:42:04.8584946Z   show-progress: true
2026-10-07T07:42:04.8585427Z   lfs: false
2026-10-07T07:42:04.8585859Z   submodules: false
2026-10-07T07:42:04.8586317Z   set-safe-directory: true
2026-10-07T07:42:04.8586845Z   allow-unsafe-pr-checkout: false
2026-10-07T07:42:04.8587694Z env:
2026-10-07T07:42:04.8591696Z   GH_TOKEN: ***
2026-10-07T07:42:04.8592138Z ##[endgroup]
2026-10-07T07:42:04.9601144Z Syncing repository: duuu-hub/bb-scanner
2026-10-07T07:42:04.9603883Z ##[group]Getting Git version info
2026-10-07T07:42:04.9605402Z Working directory is '/home/runner/work/bb-scanner/bb-scanner'
2026-10-07T07:42:04.9607190Z [command]/usr/bin/git version
2026-10-07T07:42:04.9690809Z git version 2.55.0
2026-10-07T07:42:04.9723523Z ##[endgroup]
2026-10-07T07:42:04.9736717Z Temporarily overriding HOME='/home/runner/work/_temp/6abd10aa-8cdd-4284-b431-717fc0536008' before making global git config changes
2026-10-07T07:42:04.9739591Z Adding repository directory to the temporary git global config as a safe directory
2026-10-07T07:42:04.9744167Z [command]/usr/bin/git config --global --add safe.directory /home/runner/work/bb-scanner/bb-scanner
2026-10-07T07:42:04.9802316Z Deleting the contents of '/home/runner/work/bb-scanner/bb-scanner'
2026-10-07T07:42:04.9812018Z ##[group]Initializing the repository
2026-10-07T07:42:04.9816115Z [command]/usr/bin/git init /home/runner/work/bb-scanner/bb-scanner
2026-10-07T07:42:04.9947557Z hint: Using 'master' as the name for the initial branch. This default branch name
2026-10-07T07:42:04.9949926Z hint: will change to "main" in Git 3.0. To configure the initial branch name
2026-10-07T07:42:04.9956794Z hint: to use in all of your new repositories, which will suppress this warning,
2026-10-07T07:42:04.9958412Z hint: call:
2026-10-07T07:42:04.9959184Z hint:
2026-10-07T07:42:04.9960000Z hint: 	git config --global init.defaultBranch <name>
2026-10-07T07:42:04.9960701Z hint:
2026-10-07T07:42:04.9961564Z hint: Names commonly chosen instead of 'master' are 'main', 'trunk' and
2026-10-07T07:42:04.9962610Z hint: 'development'. The just-created branch can be renamed via this command:
2026-10-07T07:42:04.9963417Z hint:
2026-10-07T07:42:04.9963855Z hint: 	git branch -m <name>
2026-10-07T07:42:04.9964362Z hint:
2026-10-07T07:42:04.9965705Z hint: Disable this message with "git config set advice.defaultBranchName false"
2026-10-07T07:42:04.9967598Z Initialized empty Git repository in /home/runner/work/bb-scanner/bb-scanner/.git/
2026-10-07T07:42:04.9971682Z [command]/usr/bin/git remote add origin https://github.com/duuu-hub/bb-scanner
2026-10-07T07:42:05.0040166Z ##[endgroup]
2026-10-07T07:42:05.0041507Z ##[group]Disabling automatic garbage collection
2026-10-07T07:42:05.0046599Z [command]/usr/bin/git config --local gc.auto 0
2026-10-07T07:42:05.0094274Z ##[endgroup]
2026-10-07T07:42:05.0096504Z ##[group]Setting up auth
2026-10-07T07:42:05.0102133Z [command]/usr/bin/git config --local --name-only --get-regexp core\.sshCommand
2026-10-07T07:42:05.0149101Z [command]/usr/bin/git submodule foreach --recursive sh -c "git config --local --name-only --get-regexp 'core\.sshCommand' && git config --local --unset-all 'core.sshCommand' || :"
2026-10-07T07:42:05.0575928Z [command]/usr/bin/git config --local --name-only --get-regexp http\.https\:\/\/github\.com\/\.extraheader
2026-10-07T07:42:05.0616509Z [command]/usr/bin/git submodule foreach --recursive sh -c "git config --local --name-only --get-regexp 'http\.https\:\/\/github\.com\/\.extraheader' && git config --local --unset-all 'http.https://github.com/.extraheader' || :"
2026-10-07T07:42:05.0848916Z [command]/usr/bin/git config --local --name-only --get-regexp ^includeIf\.gitdir:
2026-10-07T07:42:05.0888480Z [command]/usr/bin/git submodule foreach --recursive git config --local --show-origin --name-only --get-regexp remote.origin.url
2026-10-07T07:42:05.1122156Z [command]/usr/bin/git config --local http.https://github.com/.extraheader AUTHORIZATION: basic ***
2026-10-07T07:42:05.1168215Z ##[endgroup]
2026-10-07T07:42:05.1169236Z ##[group]Fetching the repository
2026-10-07T07:42:05.1182825Z [command]/usr/bin/git -c protocol.version=2 fetch --no-tags --prune --no-recurse-submodules --depth=1 origin +2c8146a81ef89b2ca02dc6813e17258fa5ded371:refs/remotes/origin/research-daily-breakdown-account-v26
2026-10-07T07:42:06.5191344Z From https://github.com/duuu-hub/bb-scanner
2026-10-07T07:42:06.5192719Z  * [new ref]         2c8146a81ef89b2ca02dc6813e17258fa5ded371 -> origin/research-daily-breakdown-account-v26
2026-10-07T07:42:06.5196467Z ##[endgroup]
2026-10-07T07:42:06.5197607Z ##[group]Determining the checkout info
2026-10-07T07:42:06.5286512Z ##[endgroup]
2026-10-07T07:42:06.5287125Z [command]/usr/bin/git sparse-checkout disable
2026-10-07T07:42:06.5288720Z [command]/usr/bin/git config --local --unset-all extensions.worktreeConfig
2026-10-07T07:42:06.5308824Z ##[group]Checking out the ref
2026-10-07T07:42:06.5314067Z [command]/usr/bin/git checkout --progress --force -B research-daily-breakdown-account-v26 refs/remotes/origin/research-daily-breakdown-account-v26
2026-10-07T07:42:06.7695545Z Switched to a new branch 'research-daily-breakdown-account-v26'
2026-10-07T07:42:06.7702467Z branch 'research-daily-breakdown-account-v26' set up to track 'origin/research-daily-breakdown-account-v26'.
2026-10-07T07:42:06.7711729Z ##[endgroup]
2026-10-07T07:42:06.7762534Z [command]/usr/bin/git log -1 --format=%H
2026-10-07T07:42:06.7789432Z 2c8146a81ef89b2ca02dc6813e17258fa5ded371
2026-10-07T07:42:06.8056073Z ##[group]Run actions/setup-python@v5
2026-10-07T07:42:06.8056431Z with:
2026-10-07T07:42:06.8056642Z   python-version: 3.12
2026-10-07T07:42:06.8056883Z   check-latest: false
2026-10-07T07:42:06.8059554Z   token: ***
2026-10-07T07:42:06.8059783Z   update-environment: true
2026-10-07T07:42:06.8060046Z   allow-prereleases: false
2026-10-07T07:42:06.8060296Z   freethreaded: false
2026-10-07T07:42:06.8060503Z env:
2026-10-07T07:42:06.8063100Z   GH_TOKEN: ***
2026-10-07T07:42:06.8063307Z ##[endgroup]
2026-10-07T07:42:06.9408462Z ##[group]Installed versions
2026-10-07T07:42:06.9953941Z (node:2317) [DEP0040] DeprecationWarning: The `punycode` module is deprecated. Please use a userland alternative instead.
2026-10-07T07:42:06.9955447Z (Use `node --trace-deprecation ...` to show where the warning was created)
2026-10-07T07:42:06.9956188Z Successfully set up CPython (3.12.14)
2026-10-07T07:42:06.9957095Z ##[endgroup]
2026-10-07T07:42:07.0167996Z ##[group]Run set -euo pipefail
2026-10-07T07:42:07.0168553Z [36;1mset -euo pipefail[0m
2026-10-07T07:42:07.0169208Z [36;1mpip install pandas==2.3.3 numpy==2.3.3 numba==0.62.1 requests==2.32.5[0m
2026-10-07T07:42:07.0583177Z shell: /usr/bin/bash -e {0}
2026-10-07T07:42:07.0583566Z env:
2026-10-07T07:42:07.0587363Z   GH_TOKEN: ***
2026-10-07T07:42:07.0587727Z   pythonLocation: /opt/hostedtoolcache/Python/3.12.14/x64
2026-10-07T07:42:07.0588310Z   PKG_CONFIG_PATH: /opt/hostedtoolcache/Python/3.12.14/x64/lib/pkgconfig
2026-10-07T07:42:07.0588851Z   Python_ROOT_DIR: /opt/hostedtoolcache/Python/3.12.14/x64
2026-10-07T07:42:07.0589332Z   Python2_ROOT_DIR: /opt/hostedtoolcache/Python/3.12.14/x64
2026-10-07T07:42:07.0589808Z   Python3_ROOT_DIR: /opt/hostedtoolcache/Python/3.12.14/x64
2026-10-07T07:42:07.0590289Z   LD_LIBRARY_PATH: /opt/hostedtoolcache/Python/3.12.14/x64/lib
2026-10-07T07:42:07.0590696Z ##[endgroup]
2026-10-07T07:42:10.1161502Z Collecting pandas==2.3.3
2026-10-07T07:42:10.1913500Z   Downloading pandas-2.3.3-cp312-cp312-manylinux_2_24_x86_64.manylinux_2_28_x86_64.whl.metadata (91 kB)
2026-10-07T07:42:10.4878173Z Collecting numpy==2.3.3
2026-10-07T07:42:10.5022264Z   Downloading numpy-2.3.3-cp312-cp312-manylinux_2_27_x86_64.manylinux_2_28_x86_64.whl.metadata (62 kB)
2026-10-07T07:42:10.6373181Z Collecting numba==0.62.1
2026-10-07T07:42:10.6504942Z   Downloading numba-0.62.1-cp312-cp312-manylinux2014_x86_64.manylinux_2_17_x86_64.whl.metadata (2.8 kB)
2026-10-07T07:42:10.6802930Z Collecting requests==2.32.5
2026-10-07T07:42:10.6929435Z   Downloading requests-2.32.5-py3-none-any.whl.metadata (4.9 kB)
2026-10-07T07:42:10.7167749Z Collecting python-dateutil>=2.8.2 (from pandas==2.3.3)
2026-10-07T07:42:10.7293725Z   Downloading python_dateutil-2.9.0.post0-py2.py3-none-any.whl.metadata (8.4 kB)
2026-10-07T07:42:10.7781926Z Collecting pytz>=2020.1 (from pandas==2.3.3)
2026-10-07T07:42:10.7906724Z   Downloading pytz-2026.5-py2.py3-none-any.whl.metadata (22 kB)
2026-10-07T07:42:10.8172845Z Collecting tzdata>=2022.7 (from pandas==2.3.3)
2026-10-07T07:42:10.8302159Z   Downloading tzdata-2026.5-py2.py3-none-any.whl.metadata (1.4 kB)
2026-10-07T07:42:10.8941144Z Collecting llvmlite<0.46,>=0.45.0dev0 (from numba==0.62.1)
2026-10-07T07:42:10.9080887Z   Downloading llvmlite-0.45.1-cp312-cp312-manylinux2014_x86_64.manylinux_2_17_x86_64.whl.metadata (4.9 kB)
2026-10-07T07:42:11.0501055Z Collecting charset_normalizer<4,>=2 (from requests==2.32.5)
2026-10-07T07:42:11.0636149Z   Downloading charset_normalizer-3.5.2-cp312-cp312-manylinux2014_x86_64.manylinux_2_17_x86_64.manylinux_2_28_x86_64.whl.metadata (46 kB)
2026-10-07T07:42:11.0930154Z Collecting idna<4,>=2.5 (from requests==2.32.5)
2026-10-07T07:42:11.1053283Z   Downloading idna-3.20-py3-none-any.whl.metadata (7.2 kB)
2026-10-07T07:42:11.1380816Z Collecting urllib3<3,>=1.21.1 (from requests==2.32.5)
2026-10-07T07:42:11.1505936Z   Downloading urllib3-2.8.0-py3-none-any.whl.metadata (7.4 kB)
2026-10-07T07:42:11.1782905Z Collecting certifi>=2017.4.17 (from requests==2.32.5)
2026-10-07T07:42:11.1906367Z   Downloading certifi-2026.7.22-py3-none-any.whl.metadata (2.5 kB)
2026-10-07T07:42:11.2132649Z Collecting six>=1.5 (from python-dateutil>=2.8.2->pandas==2.3.3)
2026-10-07T07:42:11.2255723Z   Downloading six-1.17.0-py2.py3-none-any.whl.metadata (1.7 kB)
2026-10-07T07:42:11.2419619Z Downloading pandas-2.3.3-cp312-cp312-manylinux_2_24_x86_64.manylinux_2_28_x86_64.whl (12.4 MB)
2026-10-07T07:42:11.7383774Z    ━━━━━━━━━━━━━━━━━━━━━━━━━━━━━━━━━━━━━━━━ 12.4/12.4 MB 26.4 MB/s  0:00:00
2026-10-07T07:42:11.7515146Z Downloading numpy-2.3.3-cp312-cp312-manylinux_2_27_x86_64.manylinux_2_28_x86_64.whl (16.6 MB)
2026-10-07T07:42:11.9425718Z    ━━━━━━━━━━━━━━━━━━━━━━━━━━━━━━━━━━━━━━━━ 16.6/16.6 MB 87.7 MB/s  0:00:00
2026-10-07T07:42:11.9575472Z Downloading numba-0.62.1-cp312-cp312-manylinux2014_x86_64.manylinux_2_17_x86_64.whl (3.8 MB)
2026-10-07T07:42:11.9882299Z    ━━━━━━━━━━━━━━━━━━━━━━━━━━━━━━━━━━━━━━━━ 3.8/3.8 MB 126.2 MB/s  0:00:00
2026-10-07T07:42:12.0007494Z Downloading requests-2.32.5-py3-none-any.whl (64 kB)
2026-10-07T07:42:12.0160899Z Downloading charset_normalizer-3.5.2-cp312-cp312-manylinux2014_x86_64.manylinux_2_17_x86_64.manylinux_2_28_x86_64.whl (257 kB)
2026-10-07T07:42:12.0312206Z Downloading idna-3.20-py3-none-any.whl (69 kB)
2026-10-07T07:42:12.0488813Z Downloading llvmlite-0.45.1-cp312-cp312-manylinux2014_x86_64.manylinux_2_17_x86_64.whl (56.3 MB)
2026-10-07T07:42:12.3165922Z    ━━━━━━━━━━━━━━━━━━━━━━━━━━━━━━━━━━━━━━━━ 56.3/56.3 MB 211.3 MB/s  0:00:00
2026-10-07T07:42:12.3291158Z Downloading urllib3-2.8.0-py3-none-any.whl (135 kB)
2026-10-07T07:42:12.3436293Z Downloading certifi-2026.7.22-py3-none-any.whl (136 kB)
2026-10-07T07:42:12.3581609Z Downloading python_dateutil-2.9.0.post0-py2.py3-none-any.whl (229 kB)
2026-10-07T07:42:12.3733473Z Downloading pytz-2026.5-py2.py3-none-any.whl (506 kB)
2026-10-07T07:42:12.3887360Z Downloading six-1.17.0-py2.py3-none-any.whl (11 kB)
2026-10-07T07:42:12.4030703Z Downloading tzdata-2026.5-py2.py3-none-any.whl (347 kB)
2026-10-07T07:42:12.8196940Z Installing collected packages: pytz, urllib3, tzdata, six, numpy, llvmlite, idna, charset_normalizer, certifi, requests, python-dateutil, numba, pandas
2026-10-07T07:42:23.3511156Z 
2026-10-07T07:42:23.3530419Z Successfully installed certifi-2026.7.22 charset_normalizer-3.5.2 idna-3.20 llvmlite-0.45.1 numba-0.62.1 numpy-2.3.3 pandas-2.3.3 python-dateutil-2.9.0.post0 pytz-2026.5 requests-2.32.5 six-1.17.0 tzdata-2026.5 urllib3-2.8.0
2026-10-07T07:42:23.4348428Z ##[group]Run actions/cache@v4
2026-10-07T07:42:23.4348721Z with:
2026-10-07T07:42:23.4348930Z   path: data
2026-10-07T07:42:23.4349172Z   key: frozen-source-36095439671-15m-shard-7
2026-10-07T07:42:23.4349488Z   enableCrossOsArchive: false
2026-10-07T07:42:23.4349758Z   fail-on-cache-miss: false
2026-10-07T07:42:23.4350012Z   lookup-only: false
2026-10-07T07:42:23.4350236Z   save-always: false
2026-10-07T07:42:23.4350452Z env:
2026-10-07T07:42:23.4353168Z   GH_TOKEN: ***
2026-10-07T07:42:23.4353479Z   pythonLocation: /opt/hostedtoolcache/Python/3.12.14/x64
2026-10-07T07:42:23.4353933Z   PKG_CONFIG_PATH: /opt/hostedtoolcache/Python/3.12.14/x64/lib/pkgconfig
2026-10-07T07:42:23.4354384Z   Python_ROOT_DIR: /opt/hostedtoolcache/Python/3.12.14/x64
2026-10-07T07:42:23.4355071Z   Python2_ROOT_DIR: /opt/hostedtoolcache/Python/3.12.14/x64
2026-10-07T07:42:23.4355485Z   Python3_ROOT_DIR: /opt/hostedtoolcache/Python/3.12.14/x64
2026-10-07T07:42:23.4355943Z   LD_LIBRARY_PATH: /opt/hostedtoolcache/Python/3.12.14/x64/lib
2026-10-07T07:42:23.4356296Z ##[endgroup]
2026-10-07T07:42:23.5402520Z (node:2356) [DEP0040] DeprecationWarning: The `punycode` module is deprecated. Please use a userland alternative instead.
2026-10-07T07:42:23.5403825Z (Use `node --trace-deprecation ...` to show where the warning was created)
2026-10-07T07:42:23.6987421Z Cache not found for input keys: frozen-source-36095439671-15m-shard-7
2026-10-07T07:42:23.7076792Z ##[group]Run set -euo pipefail
2026-10-07T07:42:23.7077285Z [36;1mset -euo pipefail[0m
2026-10-07T07:42:23.7077537Z [36;1mif [ '' != 'true' ]; then[0m
2026-10-07T07:42:23.7078037Z [36;1m gh run download 36095439671 -R duuu-hub/bb-scanner -n rank5-binance-um-15m-5y-data-shard-7 -D data[0m
2026-10-07T07:42:23.7078560Z [36;1mfi[0m
2026-10-07T07:42:23.7078901Z [36;1mgh run download 36858492497 -R duuu-hub/bb-scanner -n day-edge-v2-btc -D btc[0m
2026-10-07T07:42:23.7079594Z [36;1mgh run download 36095439671 -R duuu-hub/bb-scanner -n rank5-binance-um-15m-5y-manifest-shard-7 -D source-manifest[0m
2026-10-07T07:42:23.7080750Z [36;1mpython scripts/research_evidence_archive.py verify-source --data data --manifests source-manifest --baseline research/path-efficiency-resumption-v23/FROZEN_INPUT_HASHES.json --out source-check.json[0m
2026-10-07T07:42:23.7146865Z shell: /usr/bin/bash --noprofile --norc -e -o pipefail {0}
2026-10-07T07:42:23.7147215Z env:
2026-10-07T07:42:23.7149953Z   GH_TOKEN: ***
2026-10-07T07:42:23.7150247Z   pythonLocation: /opt/hostedtoolcache/Python/3.12.14/x64
2026-10-07T07:42:23.7150708Z   PKG_CONFIG_PATH: /opt/hostedtoolcache/Python/3.12.14/x64/lib/pkgconfig
2026-10-07T07:42:23.7151134Z   Python_ROOT_DIR: /opt/hostedtoolcache/Python/3.12.14/x64
2026-10-07T07:42:23.7151511Z   Python2_ROOT_DIR: /opt/hostedtoolcache/Python/3.12.14/x64
2026-10-07T07:42:23.7151888Z   Python3_ROOT_DIR: /opt/hostedtoolcache/Python/3.12.14/x64
2026-10-07T07:42:23.7152272Z   LD_LIBRARY_PATH: /opt/hostedtoolcache/Python/3.12.14/x64/lib
2026-10-07T07:42:23.7152593Z ##[endgroup]
2026-10-07T07:42:36.4473928Z FROZEN_SOURCE_VERIFIED 107 files 28 prior SHA256 matches
2026-10-07T07:42:36.4966317Z ##[group]Run actions/cache@v4
2026-10-07T07:42:36.4966589Z with:
2026-10-07T07:42:36.4966791Z   path: cache/verified-1m
2026-10-07T07:42:36.4967065Z   key: daily-breakdown-account-v26-gate-1m-7
2026-10-07T07:42:36.4967379Z   enableCrossOsArchive: false
2026-10-07T07:42:36.4967632Z   fail-on-cache-miss: false
2026-10-07T07:42:36.4967866Z   lookup-only: false
2026-10-07T07:42:36.4968096Z   save-always: false
2026-10-07T07:42:36.4968295Z env:
2026-10-07T07:42:36.4971116Z   GH_TOKEN: ***
2026-10-07T07:42:36.4971416Z   pythonLocation: /opt/hostedtoolcache/Python/3.12.14/x64
2026-10-07T07:42:36.4971871Z   PKG_CONFIG_PATH: /opt/hostedtoolcache/Python/3.12.14/x64/lib/pkgconfig
2026-10-07T07:42:36.4972301Z   Python_ROOT_DIR: /opt/hostedtoolcache/Python/3.12.14/x64
2026-10-07T07:42:36.4972689Z   Python2_ROOT_DIR: /opt/hostedtoolcache/Python/3.12.14/x64
2026-10-07T07:42:36.4973070Z   Python3_ROOT_DIR: /opt/hostedtoolcache/Python/3.12.14/x64
2026-10-07T07:42:36.4973487Z   LD_LIBRARY_PATH: /opt/hostedtoolcache/Python/3.12.14/x64/lib
2026-10-07T07:42:36.4973815Z ##[endgroup]
2026-10-07T07:42:36.6041558Z (node:2394) [DEP0040] DeprecationWarning: The `punycode` module is deprecated. Please use a userland alternative instead.
2026-10-07T07:42:36.6042488Z (Use `node --trace-deprecation ...` to show where the warning was created)
2026-10-07T07:42:36.7595992Z Cache not found for input keys: daily-breakdown-account-v26-gate-1m-7
2026-10-07T07:42:36.7696160Z ##[group]Run set -euo pipefail
2026-10-07T07:42:36.7696713Z [36;1mset -euo pipefail[0m
2026-10-07T07:42:36.7698120Z [36;1mpython scripts/daily_breakdown_account_v26.py scan-gate --data data --btc btc/BTCUSDT.csv.gz --source-check source-check.json --out gate-7 --minute-cache cache/verified-1m[0m
2026-10-07T07:42:36.7779315Z shell: /usr/bin/bash --noprofile --norc -e -o pipefail {0}
2026-10-07T07:42:36.7779665Z env:
2026-10-07T07:42:36.7782482Z   GH_TOKEN: ***
2026-10-07T07:42:36.7783014Z   pythonLocation: /opt/hostedtoolcache/Python/3.12.14/x64
2026-10-07T07:42:36.7783919Z   PKG_CONFIG_PATH: /opt/hostedtoolcache/Python/3.12.14/x64/lib/pkgconfig
2026-10-07T07:42:36.7785066Z   Python_ROOT_DIR: /opt/hostedtoolcache/Python/3.12.14/x64
2026-10-07T07:42:36.7785815Z   Python2_ROOT_DIR: /opt/hostedtoolcache/Python/3.12.14/x64
2026-10-07T07:42:36.7786380Z   Python3_ROOT_DIR: /opt/hostedtoolcache/Python/3.12.14/x64
2026-10-07T07:42:36.7787036Z   LD_LIBRARY_PATH: /opt/hostedtoolcache/Python/3.12.14/x64/lib
2026-10-07T07:42:36.7787364Z ##[endgroup]
2026-10-07T07:42:55.7462915Z V26_GATE_PROGRESS 48 107 464
2026-10-07T07:43:07.3071804Z V26_GATE_PROGRESS 80 107 780
2026-10-07T07:43:15.7813039Z V26_GATE_DIAGNOSTIC_COMPLETE 1116 0
2026-10-07T07:43:15.8417443Z ##[group]Run actions/upload-artifact@v4
2026-10-07T07:43:15.8417752Z with:
2026-10-07T07:43:15.8417980Z   name: daily-breakdown-account-v26-gate-7
2026-10-07T07:43:15.8418267Z   path: gate-7/
2026-10-07T07:43:15.8418477Z   retention-days: 30
2026-10-07T07:43:15.8418695Z   compression-level: 0
2026-10-07T07:43:15.8418918Z   if-no-files-found: warn
2026-10-07T07:43:15.8419144Z   overwrite: false
2026-10-07T07:43:15.8419360Z   include-hidden-files: false
2026-10-07T07:43:15.8419591Z env:
2026-10-07T07:43:15.8422279Z   GH_TOKEN: ***
2026-10-07T07:43:15.8422579Z   pythonLocation: /opt/hostedtoolcache/Python/3.12.14/x64
2026-10-07T07:43:15.8423026Z   PKG_CONFIG_PATH: /opt/hostedtoolcache/Python/3.12.14/x64/lib/pkgconfig
2026-10-07T07:43:15.8423482Z   Python_ROOT_DIR: /opt/hostedtoolcache/Python/3.12.14/x64
2026-10-07T07:43:15.8423870Z   Python2_ROOT_DIR: /opt/hostedtoolcache/Python/3.12.14/x64
2026-10-07T07:43:15.8424251Z   Python3_ROOT_DIR: /opt/hostedtoolcache/Python/3.12.14/x64
2026-10-07T07:43:15.8424848Z   LD_LIBRARY_PATH: /opt/hostedtoolcache/Python/3.12.14/x64/lib
2026-10-07T07:43:15.8425180Z ##[endgroup]
2026-10-07T07:43:16.0102421Z (node:2418) [DEP0040] DeprecationWarning: The `punycode` module is deprecated. Please use a userland alternative instead.
2026-10-07T07:43:16.0103679Z (Use `node --trace-deprecation ...` to show where the warning was created)
2026-10-07T07:43:16.0199973Z With the provided path, there will be 7 files uploaded
2026-10-07T07:43:16.0206629Z Artifact name is valid!
2026-10-07T07:43:16.0207213Z Root directory input is valid!
2026-10-07T07:43:16.3229894Z Beginning upload of artifact content to blob storage
2026-10-07T07:43:16.3538774Z (node:2418) [DEP0169] DeprecationWarning: `url.parse()` behavior is not standardized and prone to errors that have security implications. Use the WHATWG URL API instead. CVEs are not issued for `url.parse()` vulnerabilities.
2026-10-07T07:43:16.6024049Z Uploaded bytes 168311
2026-10-07T07:43:16.6472471Z Finished uploading artifact content to blob storage!
2026-10-07T07:43:16.6473562Z SHA256 digest of uploaded artifact zip is 2d0a1850428db85d044fa09d9b1b32f4e230203117615441f8e7afd40a73d9e3
2026-10-07T07:43:16.6475173Z Finalizing artifact upload
2026-10-07T07:43:16.8923810Z Artifact daily-breakdown-account-v26-gate-7.zip successfully finalized. Artifact ID 11468180241
2026-10-07T07:43:16.8925154Z Artifact daily-breakdown-account-v26-gate-7 has been successfully uploaded! Final size is 168311 bytes. Artifact ID is 11468180241
2026-10-07T07:43:16.8930602Z Artifact download URL: https://github.com/duuu-hub/bb-scanner/actions/runs/37588740960/artifacts/11468180241
2026-10-07T07:43:16.9092245Z Post job cleanup.
2026-10-07T07:43:17.0156780Z (node:2432) [DEP0040] DeprecationWarning: The `punycode` module is deprecated. Please use a userland alternative instead.
2026-10-07T07:43:17.0157729Z (Use `node --trace-deprecation ...` to show where the warning was created)
2026-10-07T07:43:17.0279356Z [warning]Path Validation Error: Path(s) specified in the action for caching do(es) not exist, hence no cache is being saved.
2026-10-07T07:43:17.0381780Z Post job cleanup.
2026-10-07T07:43:17.1525190Z (node:2445) [DEP0040] DeprecationWarning: The `punycode` module is deprecated. Please use a userland alternative instead.
2026-10-07T07:43:17.1526769Z (Use `node --trace-deprecation ...` to show where the warning was created)
2026-10-07T07:43:17.1735877Z [command]/usr/bin/tar --posix -cf cache.tzst --exclude cache.tzst -P -C /home/runner/work/bb-scanner/bb-scanner --files-from manifest.txt --use-compress-program zstdmt
2026-10-07T07:43:17.6087863Z (node:2445) [DEP0169] DeprecationWarning: `url.parse()` behavior is not standardized and prone to errors that have security implications. Use the WHATWG URL API instead. CVEs are not issued for `url.parse()` vulnerabilities.
2026-10-07T07:43:18.5955841Z Sent 8004009 of 209330601 (3.8%), 7.6 MBs/sec
2026-10-07T07:43:19.1648950Z Sent 209330601 of 209330601 (100.0%), 127.2 MBs/sec
2026-10-07T07:43:19.2875192Z Cache saved with key: frozen-source-36095439671-15m-shard-7
2026-10-07T07:43:19.3020050Z Post job cleanup.
2026-10-07T07:43:19.4226478Z (node:2465) [DEP0040] DeprecationWarning: The `punycode` module is deprecated. Please use a userland alternative instead.
2026-10-07T07:43:19.4227406Z (Use `node --trace-deprecation ...` to show where the warning was created)
2026-10-07T07:43:19.4399998Z Post job cleanup.
2026-10-07T07:43:19.5276830Z [command]/usr/bin/git version
2026-10-07T07:43:19.5321078Z git version 2.55.0
2026-10-07T07:43:19.5361517Z Temporarily overriding HOME='/home/runner/work/_temp/9602bb95-e579-422a-8b1c-5af8dd76a49d' before making global git config changes
2026-10-07T07:43:19.5362885Z Adding repository directory to the temporary git global config as a safe directory
2026-10-07T07:43:19.5368474Z [command]/usr/bin/git config --global --add safe.directory /home/runner/work/bb-scanner/bb-scanner
2026-10-07T07:43:19.5408390Z [command]/usr/bin/git config --local --name-only --get-regexp core\.sshCommand
2026-10-07T07:43:19.5445661Z [command]/usr/bin/git submodule foreach --recursive sh -c "git config --local --name-only --get-regexp 'core\.sshCommand' && git config --local --unset-all 'core.sshCommand' || :"
2026-10-07T07:43:19.5706166Z [command]/usr/bin/git config --local --name-only --get-regexp http\.https\:\/\/github\.com\/\.extraheader
2026-10-07T07:43:19.5735903Z http.https://github.com/.extraheader
2026-10-07T07:43:19.5747897Z [command]/usr/bin/git config --local --unset-all http.https://github.com/.extraheader
2026-10-07T07:43:19.5784134Z [command]/usr/bin/git submodule foreach --recursive sh -c "git config --local --name-only --get-regexp 'http\.https\:\/\/github\.com\/\.extraheader' && git config --local --unset-all 'http.https://github.com/.extraheader' || :"
2026-10-07T07:43:19.6051624Z [command]/usr/bin/git config --local --name-only --get-regexp ^includeIf\.gitdir:
2026-10-07T07:43:19.6093365Z [command]/usr/bin/git submodule foreach --recursive git config --local --show-origin --name-only --get-regexp remote.origin.url
2026-10-07T07:43:19.6512319Z Cleaning up orphan processes
2026-10-07T07:43:19.6795122Z ##[warning]Node.js 20 is deprecated. The following actions target Node.js 20 but are being forced to run on Node.js 24: actions/cache@v4, actions/checkout@v4, actions/setup-python@v5, actions/upload-artifact@v4. For more information see: https://github.blog/changelog/2025-09-19-deprecation-of-node-20-on-github-actions-runners/
