2026-10-07T07:42:03.0753779Z Current runner version: '2.337.0'
2026-10-07T07:42:03.0772383Z ##[group]Runner Image Provisioner
2026-10-07T07:42:03.0772983Z Hosted Compute Agent
2026-10-07T07:42:03.0773386Z Version: 20260901.588
2026-10-07T07:42:03.0773776Z Commit: f88ec8081b781fac6c440065ac7ff9e710ce3d0b
2026-10-07T07:42:03.0774250Z Build Date: 2026-09-01T19:56:44Z
2026-10-07T07:42:03.0774710Z Worker ID: {8b985bcc-6dbe-468b-a9b4-e4fdba1aaab6}
2026-10-07T07:42:03.0775163Z Azure Region: centralus
2026-10-07T07:42:03.0775559Z ##[endgroup]
2026-10-07T07:42:03.0776573Z ##[group]Operating System
2026-10-07T07:42:03.0777012Z Ubuntu
2026-10-07T07:42:03.0777333Z 24.04.5
2026-10-07T07:42:03.0777898Z LTS
2026-10-07T07:42:03.0778295Z ##[endgroup]
2026-10-07T07:42:03.0778632Z ##[group]Runner Image
2026-10-07T07:42:03.0779048Z Image: ubuntu-24.04
2026-10-07T07:42:03.0779389Z Version: 20260927.320.1
2026-10-07T07:42:03.0780215Z Included Software: https://github.com/actions/runner-images/blob/ubuntu24/20260927.320/images/ubuntu/Ubuntu2404-Readme.md
2026-10-07T07:42:03.0781082Z Image Release: https://github.com/actions/runner-images/releases/tag/ubuntu24%2F20260927.320
2026-10-07T07:42:03.0781700Z ##[endgroup]
2026-10-07T07:42:03.0782389Z ##[group]GITHUB_TOKEN Permissions
2026-10-07T07:42:03.0783889Z Actions: read
2026-10-07T07:42:03.0784240Z Contents: read
2026-10-07T07:42:03.0784567Z Metadata: read
2026-10-07T07:42:03.0784949Z ##[endgroup]
2026-10-07T07:42:03.0786483Z Secret source: Actions
2026-10-07T07:42:03.0787209Z Cache mode: write
2026-10-07T07:42:03.0787658Z Prepare workflow directory
2026-10-07T07:42:03.1131601Z Prepare all required actions
2026-10-07T07:42:03.1170221Z Getting action download info
2026-10-07T07:42:03.3804103Z Download action repository 'actions/checkout@v4' (SHA:11d5960a326750d5838078e36cf38b85af677262)
2026-10-07T07:42:03.5806023Z Download action repository 'actions/setup-python@v5' (SHA:a26af69be951a213d495a4c3e4e4022e16d87065)
2026-10-07T07:42:03.8599058Z Download action repository 'actions/cache@v4' (SHA:0057852bfaa89a56745cba8c7296529d2fc39830)
2026-10-07T07:42:04.1965084Z Download action repository 'actions/upload-artifact@v4' (SHA:ea165f8d65b6e75b540449e92b4886f43607fa02)
2026-10-07T07:42:04.8119978Z Complete job name: gate_scan (5)
2026-10-07T07:42:04.8945675Z ##[group]Run actions/checkout@v4
2026-10-07T07:42:04.8946522Z with:
2026-10-07T07:42:04.8946874Z   repository: duuu-hub/bb-scanner
2026-10-07T07:42:04.8948795Z   token: ***
2026-10-07T07:42:04.8949136Z   ssh-strict: true
2026-10-07T07:42:04.8949404Z   ssh-user: git
2026-10-07T07:42:04.8949683Z   persist-credentials: true
2026-10-07T07:42:04.8949969Z   clean: true
2026-10-07T07:42:04.8950248Z   sparse-checkout-cone-mode: true
2026-10-07T07:42:04.8950550Z   fetch-depth: 1
2026-10-07T07:42:04.8950825Z   fetch-tags: false
2026-10-07T07:42:04.8951100Z   show-progress: true
2026-10-07T07:42:04.8951379Z   lfs: false
2026-10-07T07:42:04.8951638Z   submodules: false
2026-10-07T07:42:04.8951916Z   set-safe-directory: true
2026-10-07T07:42:04.8952219Z   allow-unsafe-pr-checkout: false
2026-10-07T07:42:04.8952620Z env:
2026-10-07T07:42:04.8954286Z   GH_TOKEN: ***
2026-10-07T07:42:04.8954547Z ##[endgroup]
2026-10-07T07:42:04.9634229Z Syncing repository: duuu-hub/bb-scanner
2026-10-07T07:42:04.9635814Z ##[group]Getting Git version info
2026-10-07T07:42:04.9636480Z Working directory is '/home/runner/work/bb-scanner/bb-scanner'
2026-10-07T07:42:04.9654708Z [command]/usr/bin/git version
2026-10-07T07:42:04.9877745Z git version 2.55.0
2026-10-07T07:42:04.9892084Z ##[endgroup]
2026-10-07T07:42:04.9904216Z Temporarily overriding HOME='/home/runner/work/_temp/67172221-26c9-41dd-8137-782aa0cc7236' before making global git config changes
2026-10-07T07:42:04.9905159Z Adding repository directory to the temporary git global config as a safe directory
2026-10-07T07:42:04.9909242Z [command]/usr/bin/git config --global --add safe.directory /home/runner/work/bb-scanner/bb-scanner
2026-10-07T07:42:05.0781925Z Deleting the contents of '/home/runner/work/bb-scanner/bb-scanner'
2026-10-07T07:42:05.0785351Z ##[group]Initializing the repository
2026-10-07T07:42:05.0788957Z [command]/usr/bin/git init /home/runner/work/bb-scanner/bb-scanner
2026-10-07T07:42:05.1849210Z hint: Using 'master' as the name for the initial branch. This default branch name
2026-10-07T07:42:05.1850016Z hint: will change to "main" in Git 3.0. To configure the initial branch name
2026-10-07T07:42:05.1850638Z hint: to use in all of your new repositories, which will suppress this warning,
2026-10-07T07:42:05.1851159Z hint: call:
2026-10-07T07:42:05.1851469Z hint:
2026-10-07T07:42:05.1851920Z hint: 	git config --global init.defaultBranch <name>
2026-10-07T07:42:05.1852377Z hint:
2026-10-07T07:42:05.1852824Z hint: Names commonly chosen instead of 'master' are 'main', 'trunk' and
2026-10-07T07:42:05.1853658Z hint: 'development'. The just-created branch can be renamed via this command:
2026-10-07T07:42:05.1854152Z hint:
2026-10-07T07:42:05.1854477Z hint: 	git branch -m <name>
2026-10-07T07:42:05.1854824Z hint:
2026-10-07T07:42:05.1855260Z hint: Disable this message with "git config set advice.defaultBranchName false"
2026-10-07T07:42:05.1856174Z Initialized empty Git repository in /home/runner/work/bb-scanner/bb-scanner/.git/
2026-10-07T07:42:05.1860399Z [command]/usr/bin/git remote add origin https://github.com/duuu-hub/bb-scanner
2026-10-07T07:42:05.2575409Z ##[endgroup]
2026-10-07T07:42:05.2576423Z ##[group]Disabling automatic garbage collection
2026-10-07T07:42:05.2578659Z [command]/usr/bin/git config --local gc.auto 0
2026-10-07T07:42:05.2657490Z ##[endgroup]
2026-10-07T07:42:05.2658080Z ##[group]Setting up auth
2026-10-07T07:42:05.2662978Z [command]/usr/bin/git config --local --name-only --get-regexp core\.sshCommand
2026-10-07T07:42:05.2691879Z [command]/usr/bin/git submodule foreach --recursive sh -c "git config --local --name-only --get-regexp 'core\.sshCommand' && git config --local --unset-all 'core.sshCommand' || :"
2026-10-07T07:42:05.3157868Z [command]/usr/bin/git config --local --name-only --get-regexp http\.https\:\/\/github\.com\/\.extraheader
2026-10-07T07:42:05.3189273Z [command]/usr/bin/git submodule foreach --recursive sh -c "git config --local --name-only --get-regexp 'http\.https\:\/\/github\.com\/\.extraheader' && git config --local --unset-all 'http.https://github.com/.extraheader' || :"
2026-10-07T07:42:05.3372210Z [command]/usr/bin/git config --local --name-only --get-regexp ^includeIf\.gitdir:
2026-10-07T07:42:05.3400199Z [command]/usr/bin/git submodule foreach --recursive git config --local --show-origin --name-only --get-regexp remote.origin.url
2026-10-07T07:42:05.3569866Z [command]/usr/bin/git config --local http.https://github.com/.extraheader AUTHORIZATION: basic ***
2026-10-07T07:42:05.4545027Z ##[endgroup]
2026-10-07T07:42:05.4545969Z ##[group]Fetching the repository
2026-10-07T07:42:05.4553972Z [command]/usr/bin/git -c protocol.version=2 fetch --no-tags --prune --no-recurse-submodules --depth=1 origin +2c8146a81ef89b2ca02dc6813e17258fa5ded371:refs/remotes/origin/research-daily-breakdown-account-v26
2026-10-07T07:42:06.6321640Z From https://github.com/duuu-hub/bb-scanner
2026-10-07T07:42:06.6322291Z  * [new ref]         2c8146a81ef89b2ca02dc6813e17258fa5ded371 -> origin/research-daily-breakdown-account-v26
2026-10-07T07:42:06.6325293Z ##[endgroup]
2026-10-07T07:42:06.6325533Z ##[group]Determining the checkout info
2026-10-07T07:42:06.6326102Z ##[endgroup]
2026-10-07T07:42:06.6380355Z [command]/usr/bin/git sparse-checkout disable
2026-10-07T07:42:06.6477040Z [command]/usr/bin/git config --local --unset-all extensions.worktreeConfig
2026-10-07T07:42:06.6973069Z ##[group]Checking out the ref
2026-10-07T07:42:06.6977855Z [command]/usr/bin/git checkout --progress --force -B research-daily-breakdown-account-v26 refs/remotes/origin/research-daily-breakdown-account-v26
2026-10-07T07:42:06.9365420Z Switched to a new branch 'research-daily-breakdown-account-v26'
2026-10-07T07:42:06.9370870Z branch 'research-daily-breakdown-account-v26' set up to track 'origin/research-daily-breakdown-account-v26'.
2026-10-07T07:42:06.9381852Z ##[endgroup]
2026-10-07T07:42:06.9427277Z [command]/usr/bin/git log -1 --format=%H
2026-10-07T07:42:06.9452443Z 2c8146a81ef89b2ca02dc6813e17258fa5ded371
2026-10-07T07:42:06.9655819Z ##[group]Run actions/setup-python@v5
2026-10-07T07:42:06.9656030Z with:
2026-10-07T07:42:06.9656151Z   python-version: 3.12
2026-10-07T07:42:06.9656488Z   check-latest: false
2026-10-07T07:42:06.9658002Z   token: ***
2026-10-07T07:42:06.9658128Z   update-environment: true
2026-10-07T07:42:06.9658274Z   allow-prereleases: false
2026-10-07T07:42:06.9658409Z   freethreaded: false
2026-10-07T07:42:06.9658530Z env:
2026-10-07T07:42:06.9659874Z   GH_TOKEN: ***
2026-10-07T07:42:06.9659989Z ##[endgroup]
2026-10-07T07:42:07.0543626Z ##[group]Installed versions
2026-10-07T07:42:07.0604307Z (node:2089) [DEP0040] DeprecationWarning: The `punycode` module is deprecated. Please use a userland alternative instead.
2026-10-07T07:42:07.0604718Z (Use `node --trace-deprecation ...` to show where the warning was created)
2026-10-07T07:42:07.0605328Z Successfully set up CPython (3.12.14)
2026-10-07T07:42:07.0605787Z ##[endgroup]
2026-10-07T07:42:07.0749889Z ##[group]Run set -euo pipefail
2026-10-07T07:42:07.0750137Z [36;1mset -euo pipefail[0m
2026-10-07T07:42:07.0750369Z [36;1mpip install pandas==2.3.3 numpy==2.3.3 numba==0.62.1 requests==2.32.5[0m
2026-10-07T07:42:07.0995104Z shell: /usr/bin/bash -e {0}
2026-10-07T07:42:07.0995339Z env:
2026-10-07T07:42:07.0997229Z   GH_TOKEN: ***
2026-10-07T07:42:07.0997408Z   pythonLocation: /opt/hostedtoolcache/Python/3.12.14/x64
2026-10-07T07:42:07.0997685Z   PKG_CONFIG_PATH: /opt/hostedtoolcache/Python/3.12.14/x64/lib/pkgconfig
2026-10-07T07:42:07.0997932Z   Python_ROOT_DIR: /opt/hostedtoolcache/Python/3.12.14/x64
2026-10-07T07:42:07.0998149Z   Python2_ROOT_DIR: /opt/hostedtoolcache/Python/3.12.14/x64
2026-10-07T07:42:07.0998363Z   Python3_ROOT_DIR: /opt/hostedtoolcache/Python/3.12.14/x64
2026-10-07T07:42:07.0998582Z   LD_LIBRARY_PATH: /opt/hostedtoolcache/Python/3.12.14/x64/lib
2026-10-07T07:42:07.0998769Z ##[endgroup]
2026-10-07T07:42:07.8734963Z Collecting pandas==2.3.3
2026-10-07T07:42:07.9464118Z   Downloading pandas-2.3.3-cp312-cp312-manylinux_2_24_x86_64.manylinux_2_28_x86_64.whl.metadata (91 kB)
2026-10-07T07:42:08.1160821Z Collecting numpy==2.3.3
2026-10-07T07:42:08.1263531Z   Downloading numpy-2.3.3-cp312-cp312-manylinux_2_27_x86_64.manylinux_2_28_x86_64.whl.metadata (62 kB)
2026-10-07T07:42:08.1959407Z Collecting numba==0.62.1
2026-10-07T07:42:08.2066152Z   Downloading numba-0.62.1-cp312-cp312-manylinux2014_x86_64.manylinux_2_17_x86_64.whl.metadata (2.8 kB)
2026-10-07T07:42:08.2285096Z Collecting requests==2.32.5
2026-10-07T07:42:08.2383552Z   Downloading requests-2.32.5-py3-none-any.whl.metadata (4.9 kB)
2026-10-07T07:42:08.2576495Z Collecting python-dateutil>=2.8.2 (from pandas==2.3.3)
2026-10-07T07:42:08.2675152Z   Downloading python_dateutil-2.9.0.post0-py2.py3-none-any.whl.metadata (8.4 kB)
2026-10-07T07:42:08.3049283Z Collecting pytz>=2020.1 (from pandas==2.3.3)
2026-10-07T07:42:08.3148851Z   Downloading pytz-2026.5-py2.py3-none-any.whl.metadata (22 kB)
2026-10-07T07:42:08.3375347Z Collecting tzdata>=2022.7 (from pandas==2.3.3)
2026-10-07T07:42:08.3474349Z   Downloading tzdata-2026.5-py2.py3-none-any.whl.metadata (1.4 kB)
2026-10-07T07:42:08.3851846Z Collecting llvmlite<0.46,>=0.45.0dev0 (from numba==0.62.1)
2026-10-07T07:42:08.3966537Z   Downloading llvmlite-0.45.1-cp312-cp312-manylinux2014_x86_64.manylinux_2_17_x86_64.whl.metadata (4.9 kB)
2026-10-07T07:42:08.4725025Z Collecting charset_normalizer<4,>=2 (from requests==2.32.5)
2026-10-07T07:42:08.4829207Z   Downloading charset_normalizer-3.5.2-cp312-cp312-manylinux2014_x86_64.manylinux_2_17_x86_64.manylinux_2_28_x86_64.whl.metadata (46 kB)
2026-10-07T07:42:08.5083032Z Collecting idna<4,>=2.5 (from requests==2.32.5)
2026-10-07T07:42:08.5184120Z   Downloading idna-3.20-py3-none-any.whl.metadata (7.2 kB)
2026-10-07T07:42:08.5420758Z Collecting urllib3<3,>=1.21.1 (from requests==2.32.5)
2026-10-07T07:42:08.5523112Z   Downloading urllib3-2.8.0-py3-none-any.whl.metadata (7.4 kB)
2026-10-07T07:42:08.5760486Z Collecting certifi>=2017.4.17 (from requests==2.32.5)
2026-10-07T07:42:08.5862002Z   Downloading certifi-2026.7.22-py3-none-any.whl.metadata (2.5 kB)
2026-10-07T07:42:08.6168669Z Collecting six>=1.5 (from python-dateutil>=2.8.2->pandas==2.3.3)
2026-10-07T07:42:08.6268310Z   Downloading six-1.17.0-py2.py3-none-any.whl.metadata (1.7 kB)
2026-10-07T07:42:08.6395019Z Downloading pandas-2.3.3-cp312-cp312-manylinux_2_24_x86_64.manylinux_2_28_x86_64.whl (12.4 MB)
2026-10-07T07:42:09.1943275Z    ━━━━━━━━━━━━━━━━━━━━━━━━━━━━━━━━━━━━━━━━ 12.4/12.4 MB 23.1 MB/s  0:00:00
2026-10-07T07:42:09.2045300Z Downloading numpy-2.3.3-cp312-cp312-manylinux_2_27_x86_64.manylinux_2_28_x86_64.whl (16.6 MB)
2026-10-07T07:42:09.4238230Z    ━━━━━━━━━━━━━━━━━━━━━━━━━━━━━━━━━━━━━━━━ 16.6/16.6 MB 75.9 MB/s  0:00:00
2026-10-07T07:42:09.4347961Z Downloading numba-0.62.1-cp312-cp312-manylinux2014_x86_64.manylinux_2_17_x86_64.whl (3.8 MB)
2026-10-07T07:42:09.4899238Z    ━━━━━━━━━━━━━━━━━━━━━━━━━━━━━━━━━━━━━━━━ 3.8/3.8 MB 66.0 MB/s  0:00:00
2026-10-07T07:42:09.4998915Z Downloading requests-2.32.5-py3-none-any.whl (64 kB)
2026-10-07T07:42:09.5110408Z Downloading charset_normalizer-3.5.2-cp312-cp312-manylinux2014_x86_64.manylinux_2_17_x86_64.manylinux_2_28_x86_64.whl (257 kB)
2026-10-07T07:42:09.5228887Z Downloading idna-3.20-py3-none-any.whl (69 kB)
2026-10-07T07:42:09.5349059Z Downloading llvmlite-0.45.1-cp312-cp312-manylinux2014_x86_64.manylinux_2_17_x86_64.whl (56.3 MB)
2026-10-07T07:42:10.0286543Z    ━━━━━━━━━━━━━━━━━━━━━━━━━━━━━━━━━━━━━━━━ 56.3/56.3 MB 113.9 MB/s  0:00:00
2026-10-07T07:42:10.0395481Z Downloading urllib3-2.8.0-py3-none-any.whl (135 kB)
2026-10-07T07:42:10.0511366Z Downloading certifi-2026.7.22-py3-none-any.whl (136 kB)
2026-10-07T07:42:10.0624296Z Downloading python_dateutil-2.9.0.post0-py2.py3-none-any.whl (229 kB)
2026-10-07T07:42:10.0741628Z Downloading pytz-2026.5-py2.py3-none-any.whl (506 kB)
2026-10-07T07:42:10.0861847Z Downloading six-1.17.0-py2.py3-none-any.whl (11 kB)
2026-10-07T07:42:10.0973931Z Downloading tzdata-2026.5-py2.py3-none-any.whl (347 kB)
2026-10-07T07:42:10.2492843Z Installing collected packages: pytz, urllib3, tzdata, six, numpy, llvmlite, idna, charset_normalizer, certifi, requests, python-dateutil, numba, pandas
2026-10-07T07:42:16.6386667Z 
2026-10-07T07:42:16.6399952Z Successfully installed certifi-2026.7.22 charset_normalizer-3.5.2 idna-3.20 llvmlite-0.45.1 numba-0.62.1 numpy-2.3.3 pandas-2.3.3 python-dateutil-2.9.0.post0 pytz-2026.5 requests-2.32.5 six-1.17.0 tzdata-2026.5 urllib3-2.8.0
2026-10-07T07:42:16.7117656Z ##[group]Run actions/cache@v4
2026-10-07T07:42:16.7117804Z with:
2026-10-07T07:42:16.7117918Z   path: data
2026-10-07T07:42:16.7118045Z   key: frozen-source-36095439671-15m-shard-5
2026-10-07T07:42:16.7118213Z   enableCrossOsArchive: false
2026-10-07T07:42:16.7118360Z   fail-on-cache-miss: false
2026-10-07T07:42:16.7118493Z   lookup-only: false
2026-10-07T07:42:16.7118611Z   save-always: false
2026-10-07T07:42:16.7118725Z env:
2026-10-07T07:42:16.7120407Z   GH_TOKEN: ***
2026-10-07T07:42:16.7120567Z   pythonLocation: /opt/hostedtoolcache/Python/3.12.14/x64
2026-10-07T07:42:16.7120816Z   PKG_CONFIG_PATH: /opt/hostedtoolcache/Python/3.12.14/x64/lib/pkgconfig
2026-10-07T07:42:16.7121053Z   Python_ROOT_DIR: /opt/hostedtoolcache/Python/3.12.14/x64
2026-10-07T07:42:16.7121268Z   Python2_ROOT_DIR: /opt/hostedtoolcache/Python/3.12.14/x64
2026-10-07T07:42:16.7121480Z   Python3_ROOT_DIR: /opt/hostedtoolcache/Python/3.12.14/x64
2026-10-07T07:42:16.7121712Z   LD_LIBRARY_PATH: /opt/hostedtoolcache/Python/3.12.14/x64/lib
2026-10-07T07:42:16.7121893Z ##[endgroup]
2026-10-07T07:42:16.7826709Z (node:2128) [DEP0040] DeprecationWarning: The `punycode` module is deprecated. Please use a userland alternative instead.
2026-10-07T07:42:16.7827259Z (Use `node --trace-deprecation ...` to show where the warning was created)
2026-10-07T07:42:16.9194089Z Cache not found for input keys: frozen-source-36095439671-15m-shard-5
2026-10-07T07:42:16.9273827Z ##[group]Run set -euo pipefail
2026-10-07T07:42:16.9274154Z [36;1mset -euo pipefail[0m
2026-10-07T07:42:16.9274297Z [36;1mif [ '' != 'true' ]; then[0m
2026-10-07T07:42:16.9274578Z [36;1m gh run download 36095439671 -R duuu-hub/bb-scanner -n rank5-binance-um-15m-5y-data-shard-5 -D data[0m
2026-10-07T07:42:16.9274855Z [36;1mfi[0m
2026-10-07T07:42:16.9275044Z [36;1mgh run download 36858492497 -R duuu-hub/bb-scanner -n day-edge-v2-btc -D btc[0m
2026-10-07T07:42:16.9275424Z [36;1mgh run download 36095439671 -R duuu-hub/bb-scanner -n rank5-binance-um-15m-5y-manifest-shard-5 -D source-manifest[0m
2026-10-07T07:42:16.9276049Z [36;1mpython scripts/research_evidence_archive.py verify-source --data data --manifests source-manifest --baseline research/path-efficiency-resumption-v23/FROZEN_INPUT_HASHES.json --out source-check.json[0m
2026-10-07T07:42:16.9329955Z shell: /usr/bin/bash --noprofile --norc -e -o pipefail {0}
2026-10-07T07:42:16.9330148Z env:
2026-10-07T07:42:16.9331741Z   GH_TOKEN: ***
2026-10-07T07:42:16.9331910Z   pythonLocation: /opt/hostedtoolcache/Python/3.12.14/x64
2026-10-07T07:42:16.9332162Z   PKG_CONFIG_PATH: /opt/hostedtoolcache/Python/3.12.14/x64/lib/pkgconfig
2026-10-07T07:42:16.9332405Z   Python_ROOT_DIR: /opt/hostedtoolcache/Python/3.12.14/x64
2026-10-07T07:42:16.9332623Z   Python2_ROOT_DIR: /opt/hostedtoolcache/Python/3.12.14/x64
2026-10-07T07:42:16.9332842Z   Python3_ROOT_DIR: /opt/hostedtoolcache/Python/3.12.14/x64
2026-10-07T07:42:16.9333066Z   LD_LIBRARY_PATH: /opt/hostedtoolcache/Python/3.12.14/x64/lib
2026-10-07T07:42:16.9333254Z ##[endgroup]
2026-10-07T07:42:34.4918389Z FROZEN_SOURCE_VERIFIED 107 files 37 prior SHA256 matches
2026-10-07T07:42:34.5421041Z ##[group]Run actions/cache@v4
2026-10-07T07:42:34.5421190Z with:
2026-10-07T07:42:34.5421303Z   path: cache/verified-1m
2026-10-07T07:42:34.5421450Z   key: daily-breakdown-account-v26-gate-1m-5
2026-10-07T07:42:34.5421612Z   enableCrossOsArchive: false
2026-10-07T07:42:34.5421749Z   fail-on-cache-miss: false
2026-10-07T07:42:34.5421878Z   lookup-only: false
2026-10-07T07:42:34.5422004Z   save-always: false
2026-10-07T07:42:34.5422113Z env:
2026-10-07T07:42:34.5423683Z   GH_TOKEN: ***
2026-10-07T07:42:34.5423833Z   pythonLocation: /opt/hostedtoolcache/Python/3.12.14/x64
2026-10-07T07:42:34.5424066Z   PKG_CONFIG_PATH: /opt/hostedtoolcache/Python/3.12.14/x64/lib/pkgconfig
2026-10-07T07:42:34.5424294Z   Python_ROOT_DIR: /opt/hostedtoolcache/Python/3.12.14/x64
2026-10-07T07:42:34.5424499Z   Python2_ROOT_DIR: /opt/hostedtoolcache/Python/3.12.14/x64
2026-10-07T07:42:34.5424700Z   Python3_ROOT_DIR: /opt/hostedtoolcache/Python/3.12.14/x64
2026-10-07T07:42:34.5424926Z   LD_LIBRARY_PATH: /opt/hostedtoolcache/Python/3.12.14/x64/lib
2026-10-07T07:42:34.5425100Z ##[endgroup]
2026-10-07T07:42:34.6148921Z (node:2173) [DEP0040] DeprecationWarning: The `punycode` module is deprecated. Please use a userland alternative instead.
2026-10-07T07:42:34.6149416Z (Use `node --trace-deprecation ...` to show where the warning was created)
2026-10-07T07:42:34.7504679Z Cache not found for input keys: daily-breakdown-account-v26-gate-1m-5
2026-10-07T07:42:34.7599654Z ##[group]Run set -euo pipefail
2026-10-07T07:42:34.7599842Z [36;1mset -euo pipefail[0m
2026-10-07T07:42:34.7600970Z [36;1mpython scripts/daily_breakdown_account_v26.py scan-gate --data data --btc btc/BTCUSDT.csv.gz --source-check source-check.json --out gate-5 --minute-cache cache/verified-1m[0m
2026-10-07T07:42:34.7685220Z shell: /usr/bin/bash --noprofile --norc -e -o pipefail {0}
2026-10-07T07:42:34.7689124Z env:
2026-10-07T07:42:34.7691835Z   GH_TOKEN: ***
2026-10-07T07:42:34.7691993Z   pythonLocation: /opt/hostedtoolcache/Python/3.12.14/x64
2026-10-07T07:42:34.7692874Z   PKG_CONFIG_PATH: /opt/hostedtoolcache/Python/3.12.14/x64/lib/pkgconfig
2026-10-07T07:42:34.7695139Z   Python_ROOT_DIR: /opt/hostedtoolcache/Python/3.12.14/x64
2026-10-07T07:42:34.7695349Z   Python2_ROOT_DIR: /opt/hostedtoolcache/Python/3.12.14/x64
2026-10-07T07:42:34.7699404Z   Python3_ROOT_DIR: /opt/hostedtoolcache/Python/3.12.14/x64
2026-10-07T07:42:34.7699917Z   LD_LIBRARY_PATH: /opt/hostedtoolcache/Python/3.12.14/x64/lib
2026-10-07T07:42:34.7700406Z ##[endgroup]
2026-10-07T07:42:46.4731767Z V26_GATE_PROGRESS 48 107 478
2026-10-07T07:42:52.7421389Z V26_GATE_PROGRESS 80 107 794
2026-10-07T07:42:58.9112848Z V26_GATE_DIAGNOSTIC_COMPLETE 1261 0
2026-10-07T07:42:58.9685682Z ##[group]Run actions/upload-artifact@v4
2026-10-07T07:42:58.9685855Z with:
2026-10-07T07:42:58.9685989Z   name: daily-breakdown-account-v26-gate-5
2026-10-07T07:42:58.9686151Z   path: gate-5/
2026-10-07T07:42:58.9686469Z   retention-days: 30
2026-10-07T07:42:58.9686652Z   compression-level: 0
2026-10-07T07:42:58.9686782Z   if-no-files-found: warn
2026-10-07T07:42:58.9686912Z   overwrite: false
2026-10-07T07:42:58.9687033Z   include-hidden-files: false
2026-10-07T07:42:58.9687167Z env:
2026-10-07T07:42:58.9688683Z   GH_TOKEN: ***
2026-10-07T07:42:58.9688847Z   pythonLocation: /opt/hostedtoolcache/Python/3.12.14/x64
2026-10-07T07:42:58.9689091Z   PKG_CONFIG_PATH: /opt/hostedtoolcache/Python/3.12.14/x64/lib/pkgconfig
2026-10-07T07:42:58.9689345Z   Python_ROOT_DIR: /opt/hostedtoolcache/Python/3.12.14/x64
2026-10-07T07:42:58.9689561Z   Python2_ROOT_DIR: /opt/hostedtoolcache/Python/3.12.14/x64
2026-10-07T07:42:58.9689777Z   Python3_ROOT_DIR: /opt/hostedtoolcache/Python/3.12.14/x64
2026-10-07T07:42:58.9690017Z   LD_LIBRARY_PATH: /opt/hostedtoolcache/Python/3.12.14/x64/lib
2026-10-07T07:42:58.9690199Z ##[endgroup]
2026-10-07T07:42:59.0715035Z (node:2194) [DEP0040] DeprecationWarning: The `punycode` module is deprecated. Please use a userland alternative instead.
2026-10-07T07:42:59.0716799Z (Use `node --trace-deprecation ...` to show where the warning was created)
2026-10-07T07:42:59.0798705Z With the provided path, there will be 7 files uploaded
2026-10-07T07:42:59.0799448Z Artifact name is valid!
2026-10-07T07:42:59.0799803Z Root directory input is valid!
2026-10-07T07:42:59.3395506Z Beginning upload of artifact content to blob storage
2026-10-07T07:42:59.3575347Z (node:2194) [DEP0169] DeprecationWarning: `url.parse()` behavior is not standardized and prone to errors that have security implications. Use the WHATWG URL API instead. CVEs are not issued for `url.parse()` vulnerabilities.
2026-10-07T07:42:59.5751552Z Uploaded bytes 178311
2026-10-07T07:42:59.6117000Z Finished uploading artifact content to blob storage!
2026-10-07T07:42:59.6117530Z SHA256 digest of uploaded artifact zip is 4eabe57ef76e6a7eaa0989f1ca653a74e74e8ef108931ba065e9f4d1da94b52c
2026-10-07T07:42:59.6118918Z Finalizing artifact upload
2026-10-07T07:42:59.8243830Z Artifact daily-breakdown-account-v26-gate-5.zip successfully finalized. Artifact ID 11468031240
2026-10-07T07:42:59.8244377Z Artifact daily-breakdown-account-v26-gate-5 has been successfully uploaded! Final size is 178311 bytes. Artifact ID is 11468031240
2026-10-07T07:42:59.8249013Z Artifact download URL: https://github.com/duuu-hub/bb-scanner/actions/runs/37588740960/artifacts/11468031240
2026-10-07T07:42:59.8380601Z Post job cleanup.
2026-10-07T07:42:59.9219031Z (node:2208) [DEP0040] DeprecationWarning: The `punycode` module is deprecated. Please use a userland alternative instead.
2026-10-07T07:42:59.9219571Z (Use `node --trace-deprecation ...` to show where the warning was created)
2026-10-07T07:42:59.9291325Z [warning]Path Validation Error: Path(s) specified in the action for caching do(es) not exist, hence no cache is being saved.
2026-10-07T07:42:59.9370070Z Post job cleanup.
2026-10-07T07:43:00.0035740Z (node:2221) [DEP0040] DeprecationWarning: The `punycode` module is deprecated. Please use a userland alternative instead.
2026-10-07T07:43:00.0036159Z (Use `node --trace-deprecation ...` to show where the warning was created)
2026-10-07T07:43:00.0144978Z [command]/usr/bin/tar --posix -cf cache.tzst --exclude cache.tzst -P -C /home/runner/work/bb-scanner/bb-scanner --files-from manifest.txt --use-compress-program zstdmt
2026-10-07T07:43:00.3769730Z (node:2221) [DEP0169] DeprecationWarning: `url.parse()` behavior is not standardized and prone to errors that have security implications. Use the WHATWG URL API instead. CVEs are not issued for `url.parse()` vulnerabilities.
2026-10-07T07:43:01.3694791Z Sent 0 of 252769255 (0.0%), 0.0 MBs/sec
2026-10-07T07:43:01.7298162Z Sent 252769255 of 252769255 (100.0%), 177.2 MBs/sec
2026-10-07T07:43:01.9559030Z Cache saved with key: frozen-source-36095439671-15m-shard-5
2026-10-07T07:43:01.9679700Z Post job cleanup.
2026-10-07T07:43:02.0509798Z (node:2242) [DEP0040] DeprecationWarning: The `punycode` module is deprecated. Please use a userland alternative instead.
2026-10-07T07:43:02.0510485Z (Use `node --trace-deprecation ...` to show where the warning was created)
2026-10-07T07:43:02.0646797Z Post job cleanup.
2026-10-07T07:43:02.1236952Z [command]/usr/bin/git version
2026-10-07T07:43:02.1254718Z git version 2.55.0
2026-10-07T07:43:02.1279392Z Temporarily overriding HOME='/home/runner/work/_temp/fea15e0d-ea5e-4724-99b0-7d88d4d05955' before making global git config changes
2026-10-07T07:43:02.1280154Z Adding repository directory to the temporary git global config as a safe directory
2026-10-07T07:43:02.1282140Z [command]/usr/bin/git config --global --add safe.directory /home/runner/work/bb-scanner/bb-scanner
2026-10-07T07:43:02.1317997Z [command]/usr/bin/git config --local --name-only --get-regexp core\.sshCommand
2026-10-07T07:43:02.1350460Z [command]/usr/bin/git submodule foreach --recursive sh -c "git config --local --name-only --get-regexp 'core\.sshCommand' && git config --local --unset-all 'core.sshCommand' || :"
2026-10-07T07:43:02.1577572Z [command]/usr/bin/git config --local --name-only --get-regexp http\.https\:\/\/github\.com\/\.extraheader
2026-10-07T07:43:02.1638014Z http.https://github.com/.extraheader
2026-10-07T07:43:02.1639880Z [command]/usr/bin/git config --local --unset-all http.https://github.com/.extraheader
2026-10-07T07:43:02.1688442Z [command]/usr/bin/git submodule foreach --recursive sh -c "git config --local --name-only --get-regexp 'http\.https\:\/\/github\.com\/\.extraheader' && git config --local --unset-all 'http.https://github.com/.extraheader' || :"
2026-10-07T07:43:02.1952139Z [command]/usr/bin/git config --local --name-only --get-regexp ^includeIf\.gitdir:
2026-10-07T07:43:02.1987952Z [command]/usr/bin/git submodule foreach --recursive git config --local --show-origin --name-only --get-regexp remote.origin.url
2026-10-07T07:43:02.2298918Z Cleaning up orphan processes
2026-10-07T07:43:02.2502845Z ##[warning]Node.js 20 is deprecated. The following actions target Node.js 20 but are being forced to run on Node.js 24: actions/cache@v4, actions/checkout@v4, actions/setup-python@v5, actions/upload-artifact@v4. For more information see: https://github.blog/changelog/2025-09-19-deprecation-of-node-20-on-github-actions-runners/
