2026-10-03T19:02:58.9338009Z Current runner version: '2.337.0'
2026-10-03T19:02:58.9363947Z ##[group]Runner Image Provisioner
2026-10-03T19:02:58.9364882Z Hosted Compute Agent
2026-10-03T19:02:58.9365501Z Version: 20260901.588
2026-10-03T19:02:58.9366230Z Commit: f88ec8081b781fac6c440065ac7ff9e710ce3d0b
2026-10-03T19:02:58.9367022Z Build Date: 2026-09-01T19:56:44Z
2026-10-03T19:02:58.9367701Z Worker ID: {06832c0e-bcf1-4d8e-9fe8-2a6184b42bd8}
2026-10-03T19:02:58.9368516Z Azure Region: northcentralus
2026-10-03T19:02:58.9369163Z ##[endgroup]
2026-10-03T19:02:58.9370485Z ##[group]Operating System
2026-10-03T19:02:58.9371243Z Ubuntu
2026-10-03T19:02:58.9371768Z 24.04.5
2026-10-03T19:02:58.9373081Z LTS
2026-10-03T19:02:58.9373647Z ##[endgroup]
2026-10-03T19:02:58.9374265Z ##[group]Runner Image
2026-10-03T19:02:58.9374944Z Image: ubuntu-24.04
2026-10-03T19:02:58.9375544Z Version: 20260927.320.1
2026-10-03T19:02:58.9376919Z Included Software: https://github.com/actions/runner-images/blob/ubuntu24/20260927.320/images/ubuntu/Ubuntu2404-Readme.md
2026-10-03T19:02:58.9378543Z Image Release: https://github.com/actions/runner-images/releases/tag/ubuntu24%2F20260927.320
2026-10-03T19:02:58.9379588Z ##[endgroup]
2026-10-03T19:02:58.9380910Z ##[group]GITHUB_TOKEN Permissions
2026-10-03T19:02:58.9383175Z Actions: read
2026-10-03T19:02:58.9383802Z Contents: read
2026-10-03T19:02:58.9384536Z Metadata: read
2026-10-03T19:02:58.9385176Z ##[endgroup]
2026-10-03T19:02:58.9387842Z Secret source: Actions
2026-10-03T19:02:58.9388824Z Cache mode: write
2026-10-03T19:02:58.9389720Z Prepare workflow directory
2026-10-03T19:02:59.0087262Z Prepare all required actions
2026-10-03T19:02:59.0156925Z Getting action download info
2026-10-03T19:02:59.2454307Z Download action repository 'actions/checkout@v4' (SHA:11d5960a326750d5838078e36cf38b85af677262)
2026-10-03T19:02:59.3241660Z Download action repository 'actions/setup-python@v5' (SHA:a26af69be951a213d495a4c3e4e4022e16d87065)
2026-10-03T19:02:59.4025667Z Download action repository 'actions/cache@v4' (SHA:0057852bfaa89a56745cba8c7296529d2fc39830)
2026-10-03T19:02:59.5065251Z Download action repository 'actions/upload-artifact@v4' (SHA:ea165f8d65b6e75b540449e92b4886f43607fa02)
2026-10-03T19:02:59.7245646Z Complete job name: development (0)
2026-10-03T19:02:59.7964135Z ##[group]Run actions/checkout@v4
2026-10-03T19:02:59.7965025Z with:
2026-10-03T19:02:59.7965619Z   repository: duuu-hub/bb-scanner
2026-10-03T19:02:59.7969858Z   token: ***
2026-10-03T19:02:59.7970300Z   ssh-strict: true
2026-10-03T19:02:59.7970815Z   ssh-user: git
2026-10-03T19:02:59.7971271Z   persist-credentials: true
2026-10-03T19:02:59.7971757Z   clean: true
2026-10-03T19:02:59.7972425Z   sparse-checkout-cone-mode: true
2026-10-03T19:02:59.7972955Z   fetch-depth: 1
2026-10-03T19:02:59.7973385Z   fetch-tags: false
2026-10-03T19:02:59.7973832Z   show-progress: true
2026-10-03T19:02:59.7974281Z   lfs: false
2026-10-03T19:02:59.7974695Z   submodules: false
2026-10-03T19:02:59.7975149Z   set-safe-directory: true
2026-10-03T19:02:59.7975660Z   allow-unsafe-pr-checkout: false
2026-10-03T19:02:59.7976422Z env:
2026-10-03T19:02:59.7980230Z   GH_TOKEN: ***
2026-10-03T19:02:59.7980662Z ##[endgroup]
2026-10-03T19:02:59.9009095Z Syncing repository: duuu-hub/bb-scanner
2026-10-03T19:02:59.9010980Z ##[group]Getting Git version info
2026-10-03T19:02:59.9012115Z Working directory is '/home/runner/work/bb-scanner/bb-scanner'
2026-10-03T19:02:59.9018790Z [command]/usr/bin/git version
2026-10-03T19:02:59.9137237Z git version 2.55.0
2026-10-03T19:02:59.9168384Z ##[endgroup]
2026-10-03T19:02:59.9185571Z Temporarily overriding HOME='/home/runner/work/_temp/d7ff7de2-c12d-4cb6-9c87-1a3a15fc916b' before making global git config changes
2026-10-03T19:02:59.9187793Z Adding repository directory to the temporary git global config as a safe directory
2026-10-03T19:02:59.9191518Z [command]/usr/bin/git config --global --add safe.directory /home/runner/work/bb-scanner/bb-scanner
2026-10-03T19:02:59.9243588Z Deleting the contents of '/home/runner/work/bb-scanner/bb-scanner'
2026-10-03T19:02:59.9247430Z ##[group]Initializing the repository
2026-10-03T19:02:59.9252610Z [command]/usr/bin/git init /home/runner/work/bb-scanner/bb-scanner
2026-10-03T19:02:59.9330539Z hint: Using 'master' as the name for the initial branch. This default branch name
2026-10-03T19:02:59.9332707Z hint: will change to "main" in Git 3.0. To configure the initial branch name
2026-10-03T19:02:59.9334716Z hint: to use in all of your new repositories, which will suppress this warning,
2026-10-03T19:02:59.9336415Z hint: call:
2026-10-03T19:02:59.9337181Z hint:
2026-10-03T19:02:59.9337995Z hint: 	git config --global init.defaultBranch <name>
2026-10-03T19:02:59.9338982Z hint:
2026-10-03T19:02:59.9339894Z hint: Names commonly chosen instead of 'master' are 'main', 'trunk' and
2026-10-03T19:02:59.9341392Z hint: 'development'. The just-created branch can be renamed via this command:
2026-10-03T19:02:59.9342817Z hint:
2026-10-03T19:02:59.9343541Z hint: 	git branch -m <name>
2026-10-03T19:02:59.9344314Z hint:
2026-10-03T19:02:59.9345302Z hint: Disable this message with "git config set advice.defaultBranchName false"
2026-10-03T19:02:59.9346989Z Initialized empty Git repository in /home/runner/work/bb-scanner/bb-scanner/.git/
2026-10-03T19:02:59.9349653Z [command]/usr/bin/git remote add origin https://github.com/duuu-hub/bb-scanner
2026-10-03T19:02:59.9399978Z ##[endgroup]
2026-10-03T19:02:59.9401301Z ##[group]Disabling automatic garbage collection
2026-10-03T19:02:59.9414235Z [command]/usr/bin/git config --local gc.auto 0
2026-10-03T19:02:59.9451450Z ##[endgroup]
2026-10-03T19:02:59.9453424Z ##[group]Setting up auth
2026-10-03T19:02:59.9460088Z [command]/usr/bin/git config --local --name-only --get-regexp core\.sshCommand
2026-10-03T19:02:59.9498123Z [command]/usr/bin/git submodule foreach --recursive sh -c "git config --local --name-only --get-regexp 'core\.sshCommand' && git config --local --unset-all 'core.sshCommand' || :"
2026-10-03T19:02:59.9913495Z [command]/usr/bin/git config --local --name-only --get-regexp http\.https\:\/\/github\.com\/\.extraheader
2026-10-03T19:02:59.9968004Z [command]/usr/bin/git submodule foreach --recursive sh -c "git config --local --name-only --get-regexp 'http\.https\:\/\/github\.com\/\.extraheader' && git config --local --unset-all 'http.https://github.com/.extraheader' || :"
2026-10-03T19:03:00.0247857Z [command]/usr/bin/git config --local --name-only --get-regexp ^includeIf\.gitdir:
2026-10-03T19:03:00.0287347Z [command]/usr/bin/git submodule foreach --recursive git config --local --show-origin --name-only --get-regexp remote.origin.url
2026-10-03T19:03:00.0536728Z [command]/usr/bin/git config --local http.https://github.com/.extraheader AUTHORIZATION: basic ***
2026-10-03T19:03:00.0583888Z ##[endgroup]
2026-10-03T19:03:00.0585328Z ##[group]Fetching the repository
2026-10-03T19:03:00.0593435Z [command]/usr/bin/git -c protocol.version=2 fetch --no-tags --prune --no-recurse-submodules --depth=1 origin +0e2923c8a2fcf22c2b958ea0394935aa960a07f6:refs/remotes/origin/research-fragmented-chase-exhaustion-v22
2026-10-03T19:03:01.2284937Z From https://github.com/duuu-hub/bb-scanner
2026-10-03T19:03:01.2287194Z  * [new ref]         0e2923c8a2fcf22c2b958ea0394935aa960a07f6 -> origin/research-fragmented-chase-exhaustion-v22
2026-10-03T19:03:01.2304800Z ##[endgroup]
2026-10-03T19:03:01.2305967Z ##[group]Determining the checkout info
2026-10-03T19:03:01.2307517Z ##[endgroup]
2026-10-03T19:03:01.2308301Z [command]/usr/bin/git sparse-checkout disable
2026-10-03T19:03:01.2460346Z [command]/usr/bin/git config --local --unset-all extensions.worktreeConfig
2026-10-03T19:03:01.2462638Z ##[group]Checking out the ref
2026-10-03T19:03:01.2463966Z [command]/usr/bin/git checkout --progress --force -B research-fragmented-chase-exhaustion-v22 refs/remotes/origin/research-fragmented-chase-exhaustion-v22
2026-10-03T19:03:01.5013574Z Switched to a new branch 'research-fragmented-chase-exhaustion-v22'
2026-10-03T19:03:01.5016369Z branch 'research-fragmented-chase-exhaustion-v22' set up to track 'origin/research-fragmented-chase-exhaustion-v22'.
2026-10-03T19:03:01.5028437Z ##[endgroup]
2026-10-03T19:03:01.5080470Z [command]/usr/bin/git log -1 --format=%H
2026-10-03T19:03:01.5111004Z 0e2923c8a2fcf22c2b958ea0394935aa960a07f6
2026-10-03T19:03:01.5482196Z ##[group]Run actions/setup-python@v5
2026-10-03T19:03:01.5483562Z with:
2026-10-03T19:03:01.5484555Z   python-version: 3.12
2026-10-03T19:03:01.5485660Z   check-latest: false
2026-10-03T19:03:01.5497629Z   token: ***
2026-10-03T19:03:01.5499169Z   update-environment: true
2026-10-03T19:03:01.5500864Z   allow-prereleases: false
2026-10-03T19:03:01.5502517Z   freethreaded: false
2026-10-03T19:03:01.5503834Z env:
2026-10-03T19:03:01.5513868Z   GH_TOKEN: ***
2026-10-03T19:03:01.5514907Z ##[endgroup]
2026-10-03T19:03:01.6972091Z ##[group]Installed versions
2026-10-03T19:03:01.7049218Z (node:2300) [DEP0040] DeprecationWarning: The `punycode` module is deprecated. Please use a userland alternative instead.
2026-10-03T19:03:01.7053076Z (Use `node --trace-deprecation ...` to show where the warning was created)
2026-10-03T19:03:01.7055353Z Successfully set up CPython (3.12.14)
2026-10-03T19:03:01.7057911Z ##[endgroup]
2026-10-03T19:03:01.7264646Z ##[group]Run set -euo pipefail
2026-10-03T19:03:01.7265925Z [36;1mset -euo pipefail[0m
2026-10-03T19:03:01.7267083Z [36;1mpip install pandas==2.3.3 numpy==2.3.3[0m
2026-10-03T19:03:01.7533223Z shell: /usr/bin/bash --noprofile --norc -e -o pipefail {0}
2026-10-03T19:03:01.7534641Z env:
2026-10-03T19:03:01.7542851Z   GH_TOKEN: ***
2026-10-03T19:03:01.7544022Z   pythonLocation: /opt/hostedtoolcache/Python/3.12.14/x64
2026-10-03T19:03:01.7545683Z   PKG_CONFIG_PATH: /opt/hostedtoolcache/Python/3.12.14/x64/lib/pkgconfig
2026-10-03T19:03:01.7547318Z   Python_ROOT_DIR: /opt/hostedtoolcache/Python/3.12.14/x64
2026-10-03T19:03:01.7548811Z   Python2_ROOT_DIR: /opt/hostedtoolcache/Python/3.12.14/x64
2026-10-03T19:03:01.7550380Z   Python3_ROOT_DIR: /opt/hostedtoolcache/Python/3.12.14/x64
2026-10-03T19:03:01.7552051Z   LD_LIBRARY_PATH: /opt/hostedtoolcache/Python/3.12.14/x64/lib
2026-10-03T19:03:01.7553411Z ##[endgroup]
2026-10-03T19:03:02.6417008Z Collecting pandas==2.3.3
2026-10-03T19:03:02.6920143Z   Downloading pandas-2.3.3-cp312-cp312-manylinux_2_24_x86_64.manylinux_2_28_x86_64.whl.metadata (91 kB)
2026-10-03T19:03:02.9213325Z Collecting numpy==2.3.3
2026-10-03T19:03:02.9268538Z   Downloading numpy-2.3.3-cp312-cp312-manylinux_2_27_x86_64.manylinux_2_28_x86_64.whl.metadata (62 kB)
2026-10-03T19:03:02.9513631Z Collecting python-dateutil>=2.8.2 (from pandas==2.3.3)
2026-10-03T19:03:02.9547819Z   Downloading python_dateutil-2.9.0.post0-py2.py3-none-any.whl.metadata (8.4 kB)
2026-10-03T19:03:02.9865575Z Collecting pytz>=2020.1 (from pandas==2.3.3)
2026-10-03T19:03:02.9902623Z   Downloading pytz-2026.4-py2.py3-none-any.whl.metadata (22 kB)
2026-10-03T19:03:03.0041536Z Collecting tzdata>=2022.7 (from pandas==2.3.3)
2026-10-03T19:03:03.0072725Z   Downloading tzdata-2026.5-py2.py3-none-any.whl.metadata (1.4 kB)
2026-10-03T19:03:03.0194263Z Collecting six>=1.5 (from python-dateutil>=2.8.2->pandas==2.3.3)
2026-10-03T19:03:03.0229551Z   Downloading six-1.17.0-py2.py3-none-any.whl.metadata (1.7 kB)
2026-10-03T19:03:03.0300248Z Downloading pandas-2.3.3-cp312-cp312-manylinux_2_24_x86_64.manylinux_2_28_x86_64.whl (12.4 MB)
2026-10-03T19:03:03.0792274Z    ━━━━━━━━━━━━━━━━━━━━━━━━━━━━━━━━━━━━━━━━ 12.4/12.4 MB 278.1 MB/s  0:00:00
2026-10-03T19:03:03.0856445Z Downloading numpy-2.3.3-cp312-cp312-manylinux_2_27_x86_64.manylinux_2_28_x86_64.whl (16.6 MB)
2026-10-03T19:03:03.1379689Z    ━━━━━━━━━━━━━━━━━━━━━━━━━━━━━━━━━━━━━━━━ 16.6/16.6 MB 330.6 MB/s  0:00:00
2026-10-03T19:03:03.1413496Z Downloading python_dateutil-2.9.0.post0-py2.py3-none-any.whl (229 kB)
2026-10-03T19:03:03.1469607Z Downloading pytz-2026.4-py2.py3-none-any.whl (506 kB)
2026-10-03T19:03:03.1534490Z Downloading six-1.17.0-py2.py3-none-any.whl (11 kB)
2026-10-03T19:03:03.1584946Z Downloading tzdata-2026.5-py2.py3-none-any.whl (347 kB)
2026-10-03T19:03:03.3208452Z Installing collected packages: pytz, tzdata, six, numpy, python-dateutil, pandas
2026-10-03T19:03:10.5188701Z 
2026-10-03T19:03:10.5203330Z Successfully installed numpy-2.3.3 pandas-2.3.3 python-dateutil-2.9.0.post0 pytz-2026.4 six-1.17.0 tzdata-2026.5
2026-10-03T19:03:10.6039177Z ##[group]Run actions/cache@v4
2026-10-03T19:03:10.6039468Z with:
2026-10-03T19:03:10.6039681Z   path: data
2026-10-03T19:03:10.6039940Z   key: frozen-source-36095439671-15m-shard-0
2026-10-03T19:03:10.6040256Z   enableCrossOsArchive: false
2026-10-03T19:03:10.6040521Z   fail-on-cache-miss: false
2026-10-03T19:03:10.6040816Z   lookup-only: false
2026-10-03T19:03:10.6041056Z   save-always: false
2026-10-03T19:03:10.6041297Z env:
2026-10-03T19:03:10.6044140Z   GH_TOKEN: ***
2026-10-03T19:03:10.6044457Z   pythonLocation: /opt/hostedtoolcache/Python/3.12.14/x64
2026-10-03T19:03:10.6044902Z   PKG_CONFIG_PATH: /opt/hostedtoolcache/Python/3.12.14/x64/lib/pkgconfig
2026-10-03T19:03:10.6045331Z   Python_ROOT_DIR: /opt/hostedtoolcache/Python/3.12.14/x64
2026-10-03T19:03:10.6045716Z   Python2_ROOT_DIR: /opt/hostedtoolcache/Python/3.12.14/x64
2026-10-03T19:03:10.6046116Z   Python3_ROOT_DIR: /opt/hostedtoolcache/Python/3.12.14/x64
2026-10-03T19:03:10.6046541Z   LD_LIBRARY_PATH: /opt/hostedtoolcache/Python/3.12.14/x64/lib
2026-10-03T19:03:10.6046871Z ##[endgroup]
2026-10-03T19:03:10.7140662Z (node:2335) [DEP0040] DeprecationWarning: The `punycode` module is deprecated. Please use a userland alternative instead.
2026-10-03T19:03:10.7141863Z (Use `node --trace-deprecation ...` to show where the warning was created)
2026-10-03T19:03:10.8268354Z Cache not found for input keys: frozen-source-36095439671-15m-shard-0
2026-10-03T19:03:10.8365241Z ##[group]Run set -euo pipefail
2026-10-03T19:03:10.8365589Z [36;1mset -euo pipefail[0m
2026-10-03T19:03:10.8365877Z [36;1mif [ '' != 'true' ]; then[0m
2026-10-03T19:03:10.8366446Z [36;1m  gh run download 36095439671 -R duuu-hub/bb-scanner -n rank5-binance-um-15m-5y-data-shard-0 -D data[0m
2026-10-03T19:03:10.8366976Z [36;1mfi[0m
2026-10-03T19:03:10.8367332Z [36;1mgh run download 36858492497 -R duuu-hub/bb-scanner -n day-edge-v2-btc -D btc[0m
2026-10-03T19:03:10.8368035Z [36;1mgh run download 36095439671 -R duuu-hub/bb-scanner -n rank5-binance-um-15m-5y-manifest-shard-0 -D source-manifest[0m
2026-10-03T19:03:10.8369149Z [36;1mpython scripts/research_evidence_archive.py verify-source --data data --manifests source-manifest --baseline research/fragmented-chase-exhaustion-v22/FROZEN_INPUT_HASHES.json --out source-check.json[0m
2026-10-03T19:03:10.8443182Z shell: /usr/bin/bash --noprofile --norc -e -o pipefail {0}
2026-10-03T19:03:10.8443563Z env:
2026-10-03T19:03:10.8446220Z   GH_TOKEN: ***
2026-10-03T19:03:10.8446540Z   pythonLocation: /opt/hostedtoolcache/Python/3.12.14/x64
2026-10-03T19:03:10.8446991Z   PKG_CONFIG_PATH: /opt/hostedtoolcache/Python/3.12.14/x64/lib/pkgconfig
2026-10-03T19:03:10.8447421Z   Python_ROOT_DIR: /opt/hostedtoolcache/Python/3.12.14/x64
2026-10-03T19:03:10.8447804Z   Python2_ROOT_DIR: /opt/hostedtoolcache/Python/3.12.14/x64
2026-10-03T19:03:10.8448188Z   Python3_ROOT_DIR: /opt/hostedtoolcache/Python/3.12.14/x64
2026-10-03T19:03:10.8448583Z   LD_LIBRARY_PATH: /opt/hostedtoolcache/Python/3.12.14/x64/lib
2026-10-03T19:03:10.8448909Z ##[endgroup]
2026-10-03T19:03:21.8999892Z FROZEN_SOURCE_VERIFIED 107 files 28 prior SHA256 matches
2026-10-03T19:03:21.9547879Z ##[group]Run actions/cache@v4
2026-10-03T19:03:21.9548149Z with:
2026-10-03T19:03:21.9548361Z   path: cache/verified-1m
2026-10-03T19:03:21.9548660Z   key: fragmented-chase-exhaustion-v22-dev-1m-shard-0
2026-10-03T19:03:21.9549752Z   restore-keys: taker-absorption-release-v12-dev-1m-shard-0
aggressive-flow-cascade-v11-dev-1m-shard-0
residual-reversion-v10-dev-1m-shard-0
cross-sectional-leader-v9-dev-1m-shard-0
premium-absorption-v8-dev-1m-shard-0
factor-lag-v6-dev-1m-shard-0
2026-10-03T19:03:21.9550768Z   enableCrossOsArchive: false
2026-10-03T19:03:21.9551031Z   fail-on-cache-miss: false
2026-10-03T19:03:21.9551270Z   lookup-only: false
2026-10-03T19:03:21.9551488Z   save-always: false
2026-10-03T19:03:21.9551696Z env:
2026-10-03T19:03:21.9554639Z   GH_TOKEN: ***
2026-10-03T19:03:21.9554950Z   pythonLocation: /opt/hostedtoolcache/Python/3.12.14/x64
2026-10-03T19:03:21.9555405Z   PKG_CONFIG_PATH: /opt/hostedtoolcache/Python/3.12.14/x64/lib/pkgconfig
2026-10-03T19:03:21.9555866Z   Python_ROOT_DIR: /opt/hostedtoolcache/Python/3.12.14/x64
2026-10-03T19:03:21.9556249Z   Python2_ROOT_DIR: /opt/hostedtoolcache/Python/3.12.14/x64
2026-10-03T19:03:21.9556621Z   Python3_ROOT_DIR: /opt/hostedtoolcache/Python/3.12.14/x64
2026-10-03T19:03:21.9556994Z   LD_LIBRARY_PATH: /opt/hostedtoolcache/Python/3.12.14/x64/lib
2026-10-03T19:03:21.9557316Z ##[endgroup]
2026-10-03T19:03:22.0628577Z (node:2377) [DEP0040] DeprecationWarning: The `punycode` module is deprecated. Please use a userland alternative instead.
2026-10-03T19:03:22.0629451Z (Use `node --trace-deprecation ...` to show where the warning was created)
2026-10-03T19:03:22.1643793Z Cache not found for input keys: fragmented-chase-exhaustion-v22-dev-1m-shard-0, taker-absorption-release-v12-dev-1m-shard-0, aggressive-flow-cascade-v11-dev-1m-shard-0, residual-reversion-v10-dev-1m-shard-0, cross-sectional-leader-v9-dev-1m-shard-0, premium-absorption-v8-dev-1m-shard-0, factor-lag-v6-dev-1m-shard-0
2026-10-03T19:03:22.1744994Z ##[group]Run set -euo pipefail
2026-10-03T19:03:22.1745302Z [36;1mset -euo pipefail[0m
2026-10-03T19:03:22.1746056Z [36;1mpython scripts/fragmented_chase_exhaustion_v22.py scan --stage DEV --data data --btc btc/BTCUSDT.csv.gz --source-check source-check.json --out dev-0 --minute-cache cache/verified-1m[0m
2026-10-03T19:03:22.1815484Z shell: /usr/bin/bash --noprofile --norc -e -o pipefail {0}
2026-10-03T19:03:22.1815837Z env:
2026-10-03T19:03:22.1818309Z   GH_TOKEN: ***
2026-10-03T19:03:22.1818636Z   pythonLocation: /opt/hostedtoolcache/Python/3.12.14/x64
2026-10-03T19:03:22.1819080Z   PKG_CONFIG_PATH: /opt/hostedtoolcache/Python/3.12.14/x64/lib/pkgconfig
2026-10-03T19:03:22.1819512Z   Python_ROOT_DIR: /opt/hostedtoolcache/Python/3.12.14/x64
2026-10-03T19:03:22.1819897Z   Python2_ROOT_DIR: /opt/hostedtoolcache/Python/3.12.14/x64
2026-10-03T19:03:22.1820286Z   Python3_ROOT_DIR: /opt/hostedtoolcache/Python/3.12.14/x64
2026-10-03T19:03:22.1820690Z   LD_LIBRARY_PATH: /opt/hostedtoolcache/Python/3.12.14/x64/lib
2026-10-03T19:03:22.1821029Z ##[endgroup]
2026-10-03T19:03:23.4365254Z Traceback (most recent call last):
2026-10-03T19:03:23.4373220Z   File "/home/runner/work/bb-scanner/bb-scanner/scripts/fragmented_chase_exhaustion_v22.py", line 287, in <module>
2026-10-03T19:03:23.4373841Z     main()
2026-10-03T19:03:23.4374396Z   File "/home/runner/work/bb-scanner/bb-scanner/scripts/fragmented_chase_exhaustion_v22.py", line 280, in main
2026-10-03T19:03:23.4375124Z     if a.command=="scan":scan(a.data,a.btc,a.out,a.minute_cache,a.stage,a.source_check,a.selection)
2026-10-03T19:03:23.4375635Z                          ^^^^^^^^^^^^^^^^^^^^^^^^^^^^^^^^^^^^^^^^^^^^^^^^^^^^^^^^^^^^^^^^^^^^^^^^^^
2026-10-03T19:03:23.4376236Z   File "/home/runner/work/bb-scanner/bb-scanner/scripts/fragmented_chase_exhaustion_v22.py", line 225, in scan
2026-10-03T19:03:23.4376817Z     bind_engine(); return engine.scan(*args, **kwargs)
2026-10-03T19:03:23.4377164Z                           ^^^^^^^^^^^^^^^^^^^^^^^^^^^^
2026-10-03T19:03:23.4377717Z   File "/home/runner/work/bb-scanner/bb-scanner/scripts/session_opening_range_sweep_v20.py", line 268, in scan
2026-10-03T19:03:23.4378270Z     br,bq,bb=load(btc_path,end)
2026-10-03T19:03:23.4378555Z              ^^^^^^^^^^^^^^^^^^
2026-10-03T19:03:23.4379045Z   File "/home/runner/work/bb-scanner/bb-scanner/scripts/fragmented_chase_exhaustion_v22.py", line 69, in load
2026-10-03T19:03:23.4379654Z     raise ValueError(f"bad positive integer trade count {path}")
2026-10-03T19:03:23.4380087Z ValueError: bad positive integer trade count btc/BTCUSDT.csv.gz
2026-10-03T19:03:23.5029386Z ##[error]Process completed with exit code 1.
2026-10-03T19:03:23.5103651Z ##[group]Run actions/upload-artifact@v4
2026-10-03T19:03:23.5103956Z with:
2026-10-03T19:03:23.5104202Z   name: fragmented-chase-exhaustion-v22-dev-0
2026-10-03T19:03:23.5104711Z   path: dev-0/
2026-10-03T19:03:23.5104918Z   retention-days: 30
2026-10-03T19:03:23.5105142Z   compression-level: 0
2026-10-03T19:03:23.5105371Z   if-no-files-found: warn
2026-10-03T19:03:23.5105612Z   overwrite: false
2026-10-03T19:03:23.5105831Z   include-hidden-files: false
2026-10-03T19:03:23.5106071Z env:
2026-10-03T19:03:23.5108584Z   GH_TOKEN: ***
2026-10-03T19:03:23.5108890Z   pythonLocation: /opt/hostedtoolcache/Python/3.12.14/x64
2026-10-03T19:03:23.5109346Z   PKG_CONFIG_PATH: /opt/hostedtoolcache/Python/3.12.14/x64/lib/pkgconfig
2026-10-03T19:03:23.5109800Z   Python_ROOT_DIR: /opt/hostedtoolcache/Python/3.12.14/x64
2026-10-03T19:03:23.5110185Z   Python2_ROOT_DIR: /opt/hostedtoolcache/Python/3.12.14/x64
2026-10-03T19:03:23.5110554Z   Python3_ROOT_DIR: /opt/hostedtoolcache/Python/3.12.14/x64
2026-10-03T19:03:23.5110959Z   LD_LIBRARY_PATH: /opt/hostedtoolcache/Python/3.12.14/x64/lib
2026-10-03T19:03:23.5111287Z ##[endgroup]
2026-10-03T19:03:23.6884816Z (node:2395) [DEP0040] DeprecationWarning: The `punycode` module is deprecated. Please use a userland alternative instead.
2026-10-03T19:03:23.6885944Z (Use `node --trace-deprecation ...` to show where the warning was created)
2026-10-03T19:03:23.6920344Z ##[warning]No files were found with the provided path: dev-0/. No artifacts will be uploaded.
2026-10-03T19:03:23.7183765Z Post job cleanup.
2026-10-03T19:03:23.8123016Z [command]/usr/bin/git version
2026-10-03T19:03:23.8172691Z git version 2.55.0
2026-10-03T19:03:23.8212176Z Temporarily overriding HOME='/home/runner/work/_temp/fe8746bb-d49b-44ac-8a0f-cdff194f5fd2' before making global git config changes
2026-10-03T19:03:23.8213500Z Adding repository directory to the temporary git global config as a safe directory
2026-10-03T19:03:23.8218695Z [command]/usr/bin/git config --global --add safe.directory /home/runner/work/bb-scanner/bb-scanner
2026-10-03T19:03:23.8266219Z [command]/usr/bin/git config --local --name-only --get-regexp core\.sshCommand
2026-10-03T19:03:23.8335827Z [command]/usr/bin/git submodule foreach --recursive sh -c "git config --local --name-only --get-regexp 'core\.sshCommand' && git config --local --unset-all 'core.sshCommand' || :"
2026-10-03T19:03:23.8620919Z [command]/usr/bin/git config --local --name-only --get-regexp http\.https\:\/\/github\.com\/\.extraheader
2026-10-03T19:03:23.8650051Z http.https://github.com/.extraheader
2026-10-03T19:03:23.8669729Z [command]/usr/bin/git config --local --unset-all http.https://github.com/.extraheader
2026-10-03T19:03:23.8714109Z [command]/usr/bin/git submodule foreach --recursive sh -c "git config --local --name-only --get-regexp 'http\.https\:\/\/github\.com\/\.extraheader' && git config --local --unset-all 'http.https://github.com/.extraheader' || :"
2026-10-03T19:03:23.9043207Z [command]/usr/bin/git config --local --name-only --get-regexp ^includeIf\.gitdir:
2026-10-03T19:03:23.9084007Z [command]/usr/bin/git submodule foreach --recursive git config --local --show-origin --name-only --get-regexp remote.origin.url
2026-10-03T19:03:23.9578902Z Cleaning up orphan processes
2026-10-03T19:03:23.9873659Z ##[warning]Node.js 20 is deprecated. The following actions target Node.js 20 but are being forced to run on Node.js 24: actions/cache@v4, actions/checkout@v4, actions/setup-python@v5, actions/upload-artifact@v4. For more information see: https://github.blog/changelog/2025-09-19-deprecation-of-node-20-on-github-actions-runners/
