2026-10-03T19:03:00.1816181Z Current runner version: '2.337.0'
2026-10-03T19:03:00.1841322Z ##[group]Runner Image Provisioner
2026-10-03T19:03:00.1842278Z Hosted Compute Agent
2026-10-03T19:03:00.1842880Z Version: 20260901.588
2026-10-03T19:03:00.1843528Z Commit: f88ec8081b781fac6c440065ac7ff9e710ce3d0b
2026-10-03T19:03:00.1844327Z Build Date: 2026-09-01T19:56:44Z
2026-10-03T19:03:00.1845238Z Worker ID: {e1fa578b-4594-4509-bf70-60561efb2162}
2026-10-03T19:03:00.1846043Z Azure Region: northcentralus
2026-10-03T19:03:00.1846680Z ##[endgroup]
2026-10-03T19:03:00.1848195Z ##[group]Operating System
2026-10-03T19:03:00.1848920Z Ubuntu
2026-10-03T19:03:00.1849445Z 24.04.5
2026-10-03T19:03:00.1850396Z LTS
2026-10-03T19:03:00.1850964Z ##[endgroup]
2026-10-03T19:03:00.1851829Z ##[group]Runner Image
2026-10-03T19:03:00.1852511Z Image: ubuntu-24.04
2026-10-03T19:03:00.1853104Z Version: 20260927.320.1
2026-10-03T19:03:00.1854419Z Included Software: https://github.com/actions/runner-images/blob/ubuntu24/20260927.320/images/ubuntu/Ubuntu2404-Readme.md
2026-10-03T19:03:00.1856270Z Image Release: https://github.com/actions/runner-images/releases/tag/ubuntu24%2F20260927.320
2026-10-03T19:03:00.1857311Z ##[endgroup]
2026-10-03T19:03:00.1858524Z ##[group]GITHUB_TOKEN Permissions
2026-10-03T19:03:00.1860863Z Actions: read
2026-10-03T19:03:00.1861523Z Contents: read
2026-10-03T19:03:00.1862068Z Metadata: read
2026-10-03T19:03:00.1862715Z ##[endgroup]
2026-10-03T19:03:00.1865661Z Secret source: Actions
2026-10-03T19:03:00.1866762Z Cache mode: write
2026-10-03T19:03:00.1867908Z Prepare workflow directory
2026-10-03T19:03:00.2403465Z Prepare all required actions
2026-10-03T19:03:00.2450394Z Getting action download info
2026-10-03T19:03:00.4969034Z Download action repository 'actions/checkout@v4' (SHA:11d5960a326750d5838078e36cf38b85af677262)
2026-10-03T19:03:00.6285827Z Download action repository 'actions/setup-python@v5' (SHA:a26af69be951a213d495a4c3e4e4022e16d87065)
2026-10-03T19:03:00.7086761Z Download action repository 'actions/cache@v4' (SHA:0057852bfaa89a56745cba8c7296529d2fc39830)
2026-10-03T19:03:00.8579100Z Download action repository 'actions/upload-artifact@v4' (SHA:ea165f8d65b6e75b540449e92b4886f43607fa02)
2026-10-03T19:03:01.0736153Z Complete job name: development (2)
2026-10-03T19:03:01.1611058Z ##[group]Run actions/checkout@v4
2026-10-03T19:03:01.1611950Z with:
2026-10-03T19:03:01.1612397Z   repository: duuu-hub/bb-scanner
2026-10-03T19:03:01.1617009Z   token: ***
2026-10-03T19:03:01.1617475Z   ssh-strict: true
2026-10-03T19:03:01.1617912Z   ssh-user: git
2026-10-03T19:03:01.1618356Z   persist-credentials: true
2026-10-03T19:03:01.1618844Z   clean: true
2026-10-03T19:03:01.1619280Z   sparse-checkout-cone-mode: true
2026-10-03T19:03:01.1619797Z   fetch-depth: 1
2026-10-03T19:03:01.1620218Z   fetch-tags: false
2026-10-03T19:03:01.1620653Z   show-progress: true
2026-10-03T19:03:01.1621092Z   lfs: false
2026-10-03T19:03:01.1621498Z   submodules: false
2026-10-03T19:03:01.1621940Z   set-safe-directory: true
2026-10-03T19:03:01.1622430Z   allow-unsafe-pr-checkout: false
2026-10-03T19:03:01.1623299Z env:
2026-10-03T19:03:01.1627198Z   GH_TOKEN: ***
2026-10-03T19:03:01.1627659Z ##[endgroup]
2026-10-03T19:03:01.2733277Z Syncing repository: duuu-hub/bb-scanner
2026-10-03T19:03:01.2735606Z ##[group]Getting Git version info
2026-10-03T19:03:01.2736371Z Working directory is '/home/runner/work/bb-scanner/bb-scanner'
2026-10-03T19:03:01.2737611Z [command]/usr/bin/git version
2026-10-03T19:03:01.2816102Z git version 2.55.0
2026-10-03T19:03:01.2842431Z ##[endgroup]
2026-10-03T19:03:01.2887095Z Temporarily overriding HOME='/home/runner/work/_temp/d027202f-4243-4b78-8ab3-3d458ba7b2f2' before making global git config changes
2026-10-03T19:03:01.2889170Z Adding repository directory to the temporary git global config as a safe directory
2026-10-03T19:03:01.2906959Z [command]/usr/bin/git config --global --add safe.directory /home/runner/work/bb-scanner/bb-scanner
2026-10-03T19:03:01.2966986Z Deleting the contents of '/home/runner/work/bb-scanner/bb-scanner'
2026-10-03T19:03:01.2976813Z ##[group]Initializing the repository
2026-10-03T19:03:01.2996244Z [command]/usr/bin/git init /home/runner/work/bb-scanner/bb-scanner
2026-10-03T19:03:01.3091569Z hint: Using 'master' as the name for the initial branch. This default branch name
2026-10-03T19:03:01.3093756Z hint: will change to "main" in Git 3.0. To configure the initial branch name
2026-10-03T19:03:01.3099064Z hint: to use in all of your new repositories, which will suppress this warning,
2026-10-03T19:03:01.3100543Z hint: call:
2026-10-03T19:03:01.3101446Z hint:
2026-10-03T19:03:01.3104090Z hint: 	git config --global init.defaultBranch <name>
2026-10-03T19:03:01.3105828Z hint:
2026-10-03T19:03:01.3107049Z hint: Names commonly chosen instead of 'master' are 'main', 'trunk' and
2026-10-03T19:03:01.3108719Z hint: 'development'. The just-created branch can be renamed via this command:
2026-10-03T19:03:01.3110124Z hint:
2026-10-03T19:03:01.3110957Z hint: 	git branch -m <name>
2026-10-03T19:03:01.3111888Z hint:
2026-10-03T19:03:01.3113530Z hint: Disable this message with "git config set advice.defaultBranchName false"
2026-10-03T19:03:01.3115401Z Initialized empty Git repository in /home/runner/work/bb-scanner/bb-scanner/.git/
2026-10-03T19:03:01.3118551Z [command]/usr/bin/git remote add origin https://github.com/duuu-hub/bb-scanner
2026-10-03T19:03:01.3192234Z ##[endgroup]
2026-10-03T19:03:01.3193372Z ##[group]Disabling automatic garbage collection
2026-10-03T19:03:01.3197884Z [command]/usr/bin/git config --local gc.auto 0
2026-10-03T19:03:01.3236772Z ##[endgroup]
2026-10-03T19:03:01.3238445Z ##[group]Setting up auth
2026-10-03T19:03:01.3246558Z [command]/usr/bin/git config --local --name-only --get-regexp core\.sshCommand
2026-10-03T19:03:01.3297636Z [command]/usr/bin/git submodule foreach --recursive sh -c "git config --local --name-only --get-regexp 'core\.sshCommand' && git config --local --unset-all 'core.sshCommand' || :"
2026-10-03T19:03:01.3669081Z [command]/usr/bin/git config --local --name-only --get-regexp http\.https\:\/\/github\.com\/\.extraheader
2026-10-03T19:03:01.3713608Z [command]/usr/bin/git submodule foreach --recursive sh -c "git config --local --name-only --get-regexp 'http\.https\:\/\/github\.com\/\.extraheader' && git config --local --unset-all 'http.https://github.com/.extraheader' || :"
2026-10-03T19:03:01.3955244Z [command]/usr/bin/git config --local --name-only --get-regexp ^includeIf\.gitdir:
2026-10-03T19:03:01.3995779Z [command]/usr/bin/git submodule foreach --recursive git config --local --show-origin --name-only --get-regexp remote.origin.url
2026-10-03T19:03:01.4317760Z [command]/usr/bin/git config --local http.https://github.com/.extraheader AUTHORIZATION: basic ***
2026-10-03T19:03:01.4322259Z ##[endgroup]
2026-10-03T19:03:01.4323836Z ##[group]Fetching the repository
2026-10-03T19:03:01.4326749Z [command]/usr/bin/git -c protocol.version=2 fetch --no-tags --prune --no-recurse-submodules --depth=1 origin +0e2923c8a2fcf22c2b958ea0394935aa960a07f6:refs/remotes/origin/research-fragmented-chase-exhaustion-v22
2026-10-03T19:03:02.5498896Z From https://github.com/duuu-hub/bb-scanner
2026-10-03T19:03:02.5503114Z  * [new ref]         0e2923c8a2fcf22c2b958ea0394935aa960a07f6 -> origin/research-fragmented-chase-exhaustion-v22
2026-10-03T19:03:02.5509249Z ##[endgroup]
2026-10-03T19:03:02.5511443Z ##[group]Determining the checkout info
2026-10-03T19:03:02.5513814Z ##[endgroup]
2026-10-03T19:03:02.5515484Z [command]/usr/bin/git sparse-checkout disable
2026-10-03T19:03:02.5569252Z [command]/usr/bin/git config --local --unset-all extensions.worktreeConfig
2026-10-03T19:03:02.5604599Z ##[group]Checking out the ref
2026-10-03T19:03:02.5611496Z [command]/usr/bin/git checkout --progress --force -B research-fragmented-chase-exhaustion-v22 refs/remotes/origin/research-fragmented-chase-exhaustion-v22
2026-10-03T19:03:02.7912565Z Switched to a new branch 'research-fragmented-chase-exhaustion-v22'
2026-10-03T19:03:02.7916848Z branch 'research-fragmented-chase-exhaustion-v22' set up to track 'origin/research-fragmented-chase-exhaustion-v22'.
2026-10-03T19:03:02.7927146Z ##[endgroup]
2026-10-03T19:03:02.7972894Z [command]/usr/bin/git log -1 --format=%H
2026-10-03T19:03:02.8000859Z 0e2923c8a2fcf22c2b958ea0394935aa960a07f6
2026-10-03T19:03:02.8275430Z ##[group]Run actions/setup-python@v5
2026-10-03T19:03:02.8276041Z with:
2026-10-03T19:03:02.8276470Z   python-version: 3.12
2026-10-03T19:03:02.8276929Z   check-latest: false
2026-10-03T19:03:02.8279735Z   token: ***
2026-10-03T19:03:02.8280181Z   update-environment: true
2026-10-03T19:03:02.8280659Z   allow-prereleases: false
2026-10-03T19:03:02.8281120Z   freethreaded: false
2026-10-03T19:03:02.8281549Z env:
2026-10-03T19:03:02.8284226Z   GH_TOKEN: ***
2026-10-03T19:03:02.8284639Z ##[endgroup]
2026-10-03T19:03:02.9611727Z ##[group]Installed versions
2026-10-03T19:03:02.9700996Z (node:2304) [DEP0040] DeprecationWarning: The `punycode` module is deprecated. Please use a userland alternative instead.
2026-10-03T19:03:02.9702737Z (Use `node --trace-deprecation ...` to show where the warning was created)
2026-10-03T19:03:02.9703860Z Successfully set up CPython (3.12.14)
2026-10-03T19:03:02.9705455Z ##[endgroup]
2026-10-03T19:03:02.9906587Z ##[group]Run set -euo pipefail
2026-10-03T19:03:02.9907258Z [36;1mset -euo pipefail[0m
2026-10-03T19:03:02.9907773Z [36;1mpip install pandas==2.3.3 numpy==2.3.3[0m
2026-10-03T19:03:03.0206103Z shell: /usr/bin/bash --noprofile --norc -e -o pipefail {0}
2026-10-03T19:03:03.0206878Z env:
2026-10-03T19:03:03.0210719Z   GH_TOKEN: ***
2026-10-03T19:03:03.0211329Z   pythonLocation: /opt/hostedtoolcache/Python/3.12.14/x64
2026-10-03T19:03:03.0212039Z   PKG_CONFIG_PATH: /opt/hostedtoolcache/Python/3.12.14/x64/lib/pkgconfig
2026-10-03T19:03:03.0212708Z   Python_ROOT_DIR: /opt/hostedtoolcache/Python/3.12.14/x64
2026-10-03T19:03:03.0213322Z   Python2_ROOT_DIR: /opt/hostedtoolcache/Python/3.12.14/x64
2026-10-03T19:03:03.0213944Z   Python3_ROOT_DIR: /opt/hostedtoolcache/Python/3.12.14/x64
2026-10-03T19:03:03.0214588Z   LD_LIBRARY_PATH: /opt/hostedtoolcache/Python/3.12.14/x64/lib
2026-10-03T19:03:03.0215362Z ##[endgroup]
2026-10-03T19:03:03.9764348Z Collecting pandas==2.3.3
2026-10-03T19:03:04.0265788Z   Downloading pandas-2.3.3-cp312-cp312-manylinux_2_24_x86_64.manylinux_2_28_x86_64.whl.metadata (91 kB)
2026-10-03T19:03:04.2820572Z Collecting numpy==2.3.3
2026-10-03T19:03:04.2870407Z   Downloading numpy-2.3.3-cp312-cp312-manylinux_2_27_x86_64.manylinux_2_28_x86_64.whl.metadata (62 kB)
2026-10-03T19:03:04.3140613Z Collecting python-dateutil>=2.8.2 (from pandas==2.3.3)
2026-10-03T19:03:04.3173730Z   Downloading python_dateutil-2.9.0.post0-py2.py3-none-any.whl.metadata (8.4 kB)
2026-10-03T19:03:04.3501691Z Collecting pytz>=2020.1 (from pandas==2.3.3)
2026-10-03T19:03:04.3534690Z   Downloading pytz-2026.4-py2.py3-none-any.whl.metadata (22 kB)
2026-10-03T19:03:04.3678187Z Collecting tzdata>=2022.7 (from pandas==2.3.3)
2026-10-03T19:03:04.3710265Z   Downloading tzdata-2026.5-py2.py3-none-any.whl.metadata (1.4 kB)
2026-10-03T19:03:04.3838353Z Collecting six>=1.5 (from python-dateutil>=2.8.2->pandas==2.3.3)
2026-10-03T19:03:04.3871399Z   Downloading six-1.17.0-py2.py3-none-any.whl.metadata (1.7 kB)
2026-10-03T19:03:04.3940866Z Downloading pandas-2.3.3-cp312-cp312-manylinux_2_24_x86_64.manylinux_2_28_x86_64.whl (12.4 MB)
2026-10-03T19:03:04.4595735Z    ━━━━━━━━━━━━━━━━━━━━━━━━━━━━━━━━━━━━━━━━ 12.4/12.4 MB 203.5 MB/s  0:00:00
2026-10-03T19:03:04.4640835Z Downloading numpy-2.3.3-cp312-cp312-manylinux_2_27_x86_64.manylinux_2_28_x86_64.whl (16.6 MB)
2026-10-03T19:03:04.5342740Z    ━━━━━━━━━━━━━━━━━━━━━━━━━━━━━━━━━━━━━━━━ 16.6/16.6 MB 246.4 MB/s  0:00:00
2026-10-03T19:03:04.5382203Z Downloading python_dateutil-2.9.0.post0-py2.py3-none-any.whl (229 kB)
2026-10-03T19:03:04.5449475Z Downloading pytz-2026.4-py2.py3-none-any.whl (506 kB)
2026-10-03T19:03:04.5515009Z Downloading six-1.17.0-py2.py3-none-any.whl (11 kB)
2026-10-03T19:03:04.5563491Z Downloading tzdata-2026.5-py2.py3-none-any.whl (347 kB)
2026-10-03T19:03:04.7195891Z Installing collected packages: pytz, tzdata, six, numpy, python-dateutil, pandas
2026-10-03T19:03:12.7660319Z 
2026-10-03T19:03:12.7676479Z Successfully installed numpy-2.3.3 pandas-2.3.3 python-dateutil-2.9.0.post0 pytz-2026.4 six-1.17.0 tzdata-2026.5
2026-10-03T19:03:12.9139487Z ##[group]Run actions/cache@v4
2026-10-03T19:03:12.9139794Z with:
2026-10-03T19:03:12.9140000Z   path: data
2026-10-03T19:03:12.9140241Z   key: frozen-source-36095439671-15m-shard-2
2026-10-03T19:03:12.9140547Z   enableCrossOsArchive: false
2026-10-03T19:03:12.9140799Z   fail-on-cache-miss: false
2026-10-03T19:03:12.9141061Z   lookup-only: false
2026-10-03T19:03:12.9141277Z   save-always: false
2026-10-03T19:03:12.9141491Z env:
2026-10-03T19:03:12.9143883Z   GH_TOKEN: ***
2026-10-03T19:03:12.9144183Z   pythonLocation: /opt/hostedtoolcache/Python/3.12.14/x64
2026-10-03T19:03:12.9144622Z   PKG_CONFIG_PATH: /opt/hostedtoolcache/Python/3.12.14/x64/lib/pkgconfig
2026-10-03T19:03:12.9145241Z   Python_ROOT_DIR: /opt/hostedtoolcache/Python/3.12.14/x64
2026-10-03T19:03:12.9145635Z   Python2_ROOT_DIR: /opt/hostedtoolcache/Python/3.12.14/x64
2026-10-03T19:03:12.9146044Z   Python3_ROOT_DIR: /opt/hostedtoolcache/Python/3.12.14/x64
2026-10-03T19:03:12.9146474Z   LD_LIBRARY_PATH: /opt/hostedtoolcache/Python/3.12.14/x64/lib
2026-10-03T19:03:12.9146808Z ##[endgroup]
2026-10-03T19:03:13.0223712Z (node:2342) [DEP0040] DeprecationWarning: The `punycode` module is deprecated. Please use a userland alternative instead.
2026-10-03T19:03:13.0224714Z (Use `node --trace-deprecation ...` to show where the warning was created)
2026-10-03T19:03:13.1695088Z Cache not found for input keys: frozen-source-36095439671-15m-shard-2
2026-10-03T19:03:13.1814533Z ##[group]Run set -euo pipefail
2026-10-03T19:03:13.1815160Z [36;1mset -euo pipefail[0m
2026-10-03T19:03:13.1815447Z [36;1mif [ '' != 'true' ]; then[0m
2026-10-03T19:03:13.1815968Z [36;1m  gh run download 36095439671 -R duuu-hub/bb-scanner -n rank5-binance-um-15m-5y-data-shard-2 -D data[0m
2026-10-03T19:03:13.1816486Z [36;1mfi[0m
2026-10-03T19:03:13.1816845Z [36;1mgh run download 36858492497 -R duuu-hub/bb-scanner -n day-edge-v2-btc -D btc[0m
2026-10-03T19:03:13.1817582Z [36;1mgh run download 36095439671 -R duuu-hub/bb-scanner -n rank5-binance-um-15m-5y-manifest-shard-2 -D source-manifest[0m
2026-10-03T19:03:13.1818778Z [36;1mpython scripts/research_evidence_archive.py verify-source --data data --manifests source-manifest --baseline research/fragmented-chase-exhaustion-v22/FROZEN_INPUT_HASHES.json --out source-check.json[0m
2026-10-03T19:03:13.1886492Z shell: /usr/bin/bash --noprofile --norc -e -o pipefail {0}
2026-10-03T19:03:13.1886866Z env:
2026-10-03T19:03:13.1889381Z   GH_TOKEN: ***
2026-10-03T19:03:13.1889722Z   pythonLocation: /opt/hostedtoolcache/Python/3.12.14/x64
2026-10-03T19:03:13.1890173Z   PKG_CONFIG_PATH: /opt/hostedtoolcache/Python/3.12.14/x64/lib/pkgconfig
2026-10-03T19:03:13.1890603Z   Python_ROOT_DIR: /opt/hostedtoolcache/Python/3.12.14/x64
2026-10-03T19:03:13.1890985Z   Python2_ROOT_DIR: /opt/hostedtoolcache/Python/3.12.14/x64
2026-10-03T19:03:13.1891364Z   Python3_ROOT_DIR: /opt/hostedtoolcache/Python/3.12.14/x64
2026-10-03T19:03:13.1891765Z   LD_LIBRARY_PATH: /opt/hostedtoolcache/Python/3.12.14/x64/lib
2026-10-03T19:03:13.1892106Z ##[endgroup]
2026-10-03T19:03:25.8421212Z FROZEN_SOURCE_VERIFIED 107 files 31 prior SHA256 matches
2026-10-03T19:03:25.8956964Z ##[group]Run actions/cache@v4
2026-10-03T19:03:25.8957252Z with:
2026-10-03T19:03:25.8957460Z   path: cache/verified-1m
2026-10-03T19:03:25.8957762Z   key: fragmented-chase-exhaustion-v22-dev-1m-shard-2
2026-10-03T19:03:25.8958916Z   restore-keys: taker-absorption-release-v12-dev-1m-shard-2
aggressive-flow-cascade-v11-dev-1m-shard-2
residual-reversion-v10-dev-1m-shard-2
cross-sectional-leader-v9-dev-1m-shard-2
premium-absorption-v8-dev-1m-shard-2
factor-lag-v6-dev-1m-shard-2
2026-10-03T19:03:25.8960026Z   enableCrossOsArchive: false
2026-10-03T19:03:25.8960285Z   fail-on-cache-miss: false
2026-10-03T19:03:25.8960524Z   lookup-only: false
2026-10-03T19:03:25.8960740Z   save-always: false
2026-10-03T19:03:25.8960945Z env:
2026-10-03T19:03:25.8963568Z   GH_TOKEN: ***
2026-10-03T19:03:25.8963867Z   pythonLocation: /opt/hostedtoolcache/Python/3.12.14/x64
2026-10-03T19:03:25.8964309Z   PKG_CONFIG_PATH: /opt/hostedtoolcache/Python/3.12.14/x64/lib/pkgconfig
2026-10-03T19:03:25.8964784Z   Python_ROOT_DIR: /opt/hostedtoolcache/Python/3.12.14/x64
2026-10-03T19:03:25.8965466Z   Python2_ROOT_DIR: /opt/hostedtoolcache/Python/3.12.14/x64
2026-10-03T19:03:25.8965881Z   Python3_ROOT_DIR: /opt/hostedtoolcache/Python/3.12.14/x64
2026-10-03T19:03:25.8966292Z   LD_LIBRARY_PATH: /opt/hostedtoolcache/Python/3.12.14/x64/lib
2026-10-03T19:03:25.8966627Z ##[endgroup]
2026-10-03T19:03:26.0053119Z (node:2386) [DEP0040] DeprecationWarning: The `punycode` module is deprecated. Please use a userland alternative instead.
2026-10-03T19:03:26.0054089Z (Use `node --trace-deprecation ...` to show where the warning was created)
2026-10-03T19:03:26.1073448Z Cache not found for input keys: fragmented-chase-exhaustion-v22-dev-1m-shard-2, taker-absorption-release-v12-dev-1m-shard-2, aggressive-flow-cascade-v11-dev-1m-shard-2, residual-reversion-v10-dev-1m-shard-2, cross-sectional-leader-v9-dev-1m-shard-2, premium-absorption-v8-dev-1m-shard-2, factor-lag-v6-dev-1m-shard-2
2026-10-03T19:03:26.1181251Z ##[group]Run set -euo pipefail
2026-10-03T19:03:26.1181590Z [36;1mset -euo pipefail[0m
2026-10-03T19:03:26.1182361Z [36;1mpython scripts/fragmented_chase_exhaustion_v22.py scan --stage DEV --data data --btc btc/BTCUSDT.csv.gz --source-check source-check.json --out dev-2 --minute-cache cache/verified-1m[0m
2026-10-03T19:03:26.1247515Z shell: /usr/bin/bash --noprofile --norc -e -o pipefail {0}
2026-10-03T19:03:26.1247868Z env:
2026-10-03T19:03:26.1250238Z   GH_TOKEN: ***
2026-10-03T19:03:26.1250528Z   pythonLocation: /opt/hostedtoolcache/Python/3.12.14/x64
2026-10-03T19:03:26.1250962Z   PKG_CONFIG_PATH: /opt/hostedtoolcache/Python/3.12.14/x64/lib/pkgconfig
2026-10-03T19:03:26.1251408Z   Python_ROOT_DIR: /opt/hostedtoolcache/Python/3.12.14/x64
2026-10-03T19:03:26.1251786Z   Python2_ROOT_DIR: /opt/hostedtoolcache/Python/3.12.14/x64
2026-10-03T19:03:26.1252172Z   Python3_ROOT_DIR: /opt/hostedtoolcache/Python/3.12.14/x64
2026-10-03T19:03:26.1252589Z   LD_LIBRARY_PATH: /opt/hostedtoolcache/Python/3.12.14/x64/lib
2026-10-03T19:03:26.1252912Z ##[endgroup]
2026-10-03T19:03:27.3901200Z Traceback (most recent call last):
2026-10-03T19:03:27.3911809Z   File "/home/runner/work/bb-scanner/bb-scanner/scripts/fragmented_chase_exhaustion_v22.py", line 287, in <module>
2026-10-03T19:03:27.3912815Z     main()
2026-10-03T19:03:27.3913485Z   File "/home/runner/work/bb-scanner/bb-scanner/scripts/fragmented_chase_exhaustion_v22.py", line 280, in main
2026-10-03T19:03:27.3914418Z     if a.command=="scan":scan(a.data,a.btc,a.out,a.minute_cache,a.stage,a.source_check,a.selection)
2026-10-03T19:03:27.3915423Z                          ^^^^^^^^^^^^^^^^^^^^^^^^^^^^^^^^^^^^^^^^^^^^^^^^^^^^^^^^^^^^^^^^^^^^^^^^^^
2026-10-03T19:03:27.3916219Z   File "/home/runner/work/bb-scanner/bb-scanner/scripts/fragmented_chase_exhaustion_v22.py", line 225, in scan
2026-10-03T19:03:27.3916975Z     bind_engine(); return engine.scan(*args, **kwargs)
2026-10-03T19:03:27.3917400Z                           ^^^^^^^^^^^^^^^^^^^^^^^^^^^^
2026-10-03T19:03:27.3918102Z   File "/home/runner/work/bb-scanner/bb-scanner/scripts/session_opening_range_sweep_v20.py", line 268, in scan
2026-10-03T19:03:27.3918796Z     br,bq,bb=load(btc_path,end)
2026-10-03T19:03:27.3919129Z              ^^^^^^^^^^^^^^^^^^
2026-10-03T19:03:27.3919757Z   File "/home/runner/work/bb-scanner/bb-scanner/scripts/fragmented_chase_exhaustion_v22.py", line 69, in load
2026-10-03T19:03:27.3920376Z     raise ValueError(f"bad positive integer trade count {path}")
2026-10-03T19:03:27.3920824Z ValueError: bad positive integer trade count btc/BTCUSDT.csv.gz
2026-10-03T19:03:27.4480838Z ##[error]Process completed with exit code 1.
2026-10-03T19:03:27.4551195Z ##[group]Run actions/upload-artifact@v4
2026-10-03T19:03:27.4551508Z with:
2026-10-03T19:03:27.4551751Z   name: fragmented-chase-exhaustion-v22-dev-2
2026-10-03T19:03:27.4552215Z   path: dev-2/
2026-10-03T19:03:27.4552419Z   retention-days: 30
2026-10-03T19:03:27.4552643Z   compression-level: 0
2026-10-03T19:03:27.4552876Z   if-no-files-found: warn
2026-10-03T19:03:27.4553112Z   overwrite: false
2026-10-03T19:03:27.4553332Z   include-hidden-files: false
2026-10-03T19:03:27.4553566Z env:
2026-10-03T19:03:27.4556251Z   GH_TOKEN: ***
2026-10-03T19:03:27.4556561Z   pythonLocation: /opt/hostedtoolcache/Python/3.12.14/x64
2026-10-03T19:03:27.4557007Z   PKG_CONFIG_PATH: /opt/hostedtoolcache/Python/3.12.14/x64/lib/pkgconfig
2026-10-03T19:03:27.4557453Z   Python_ROOT_DIR: /opt/hostedtoolcache/Python/3.12.14/x64
2026-10-03T19:03:27.4557849Z   Python2_ROOT_DIR: /opt/hostedtoolcache/Python/3.12.14/x64
2026-10-03T19:03:27.4558233Z   Python3_ROOT_DIR: /opt/hostedtoolcache/Python/3.12.14/x64
2026-10-03T19:03:27.4558663Z   LD_LIBRARY_PATH: /opt/hostedtoolcache/Python/3.12.14/x64/lib
2026-10-03T19:03:27.4558994Z ##[endgroup]
2026-10-03T19:03:27.6250470Z (node:2404) [DEP0040] DeprecationWarning: The `punycode` module is deprecated. Please use a userland alternative instead.
2026-10-03T19:03:27.6252145Z (Use `node --trace-deprecation ...` to show where the warning was created)
2026-10-03T19:03:27.6281527Z ##[warning]No files were found with the provided path: dev-2/. No artifacts will be uploaded.
2026-10-03T19:03:27.6541105Z Post job cleanup.
2026-10-03T19:03:27.7419129Z [command]/usr/bin/git version
2026-10-03T19:03:27.7463947Z git version 2.55.0
2026-10-03T19:03:27.7534059Z Temporarily overriding HOME='/home/runner/work/_temp/26f293af-2d2d-4c6d-9d49-43465f8e89d7' before making global git config changes
2026-10-03T19:03:27.7535684Z Adding repository directory to the temporary git global config as a safe directory
2026-10-03T19:03:27.7539184Z [command]/usr/bin/git config --global --add safe.directory /home/runner/work/bb-scanner/bb-scanner
2026-10-03T19:03:27.7580772Z [command]/usr/bin/git config --local --name-only --get-regexp core\.sshCommand
2026-10-03T19:03:27.7630611Z [command]/usr/bin/git submodule foreach --recursive sh -c "git config --local --name-only --get-regexp 'core\.sshCommand' && git config --local --unset-all 'core.sshCommand' || :"
2026-10-03T19:03:27.7893629Z [command]/usr/bin/git config --local --name-only --get-regexp http\.https\:\/\/github\.com\/\.extraheader
2026-10-03T19:03:27.7915295Z http.https://github.com/.extraheader
2026-10-03T19:03:27.7927216Z [command]/usr/bin/git config --local --unset-all http.https://github.com/.extraheader
2026-10-03T19:03:27.7996857Z [command]/usr/bin/git submodule foreach --recursive sh -c "git config --local --name-only --get-regexp 'http\.https\:\/\/github\.com\/\.extraheader' && git config --local --unset-all 'http.https://github.com/.extraheader' || :"
2026-10-03T19:03:27.8239502Z [command]/usr/bin/git config --local --name-only --get-regexp ^includeIf\.gitdir:
2026-10-03T19:03:27.8290627Z [command]/usr/bin/git submodule foreach --recursive git config --local --show-origin --name-only --get-regexp remote.origin.url
2026-10-03T19:03:27.8728995Z Cleaning up orphan processes
2026-10-03T19:03:27.9066776Z ##[warning]Node.js 20 is deprecated. The following actions target Node.js 20 but are being forced to run on Node.js 24: actions/cache@v4, actions/checkout@v4, actions/setup-python@v5, actions/upload-artifact@v4. For more information see: https://github.blog/changelog/2025-09-19-deprecation-of-node-20-on-github-actions-runners/
