2026-10-01T20:38:08.9543642Z Current runner version: '2.337.0'
2026-10-01T20:38:08.9568847Z ##[group]Runner Image Provisioner
2026-10-01T20:38:08.9569699Z Hosted Compute Agent
2026-10-01T20:38:08.9570414Z Version: 20260901.588
2026-10-01T20:38:08.9571159Z Commit: f88ec8081b781fac6c440065ac7ff9e710ce3d0b
2026-10-01T20:38:08.9572324Z Build Date: 2026-09-01T19:56:44Z
2026-10-01T20:38:08.9573077Z Worker ID: {3c04da77-32d4-40f1-921b-883796084939}
2026-10-01T20:38:08.9573834Z Azure Region: northcentralus
2026-10-01T20:38:08.9574848Z ##[endgroup]
2026-10-01T20:38:08.9576318Z ##[group]Operating System
2026-10-01T20:38:08.9577021Z Ubuntu
2026-10-01T20:38:08.9577776Z 24.04.5
2026-10-01T20:38:08.9578314Z LTS
2026-10-01T20:38:08.9578886Z ##[endgroup]
2026-10-01T20:38:08.9579556Z ##[group]Runner Image
2026-10-01T20:38:08.9580159Z Image: ubuntu-24.04
2026-10-01T20:38:08.9580832Z Version: 20260927.320.1
2026-10-01T20:38:08.9582446Z Included Software: https://github.com/actions/runner-images/blob/ubuntu24/20260927.320/images/ubuntu/Ubuntu2404-Readme.md
2026-10-01T20:38:08.9584132Z Image Release: https://github.com/actions/runner-images/releases/tag/ubuntu24%2F20260927.320
2026-10-01T20:38:08.9585098Z ##[endgroup]
2026-10-01T20:38:08.9586414Z ##[group]GITHUB_TOKEN Permissions
2026-10-01T20:38:08.9588669Z Actions: read
2026-10-01T20:38:08.9589431Z Contents: read
2026-10-01T20:38:08.9590022Z Metadata: read
2026-10-01T20:38:08.9590645Z ##[endgroup]
2026-10-01T20:38:08.9592925Z Secret source: Actions
2026-10-01T20:38:08.9594022Z Cache mode: write
2026-10-01T20:38:08.9595182Z Prepare workflow directory
2026-10-01T20:38:08.9954645Z Prepare all required actions
2026-10-01T20:38:09.0002516Z Getting action download info
2026-10-01T20:38:09.2954925Z Download action repository 'actions/checkout@v4' (SHA:11d5960a326750d5838078e36cf38b85af677262)
2026-10-01T20:38:09.3757620Z Download action repository 'actions/setup-python@v5' (SHA:a26af69be951a213d495a4c3e4e4022e16d87065)
2026-10-01T20:38:09.4566204Z Download action repository 'actions/cache@v4' (SHA:0057852bfaa89a56745cba8c7296529d2fc39830)
2026-10-01T20:38:09.5602192Z Download action repository 'actions/upload-artifact@v4' (SHA:ea165f8d65b6e75b540449e92b4886f43607fa02)
2026-10-01T20:38:09.7916949Z Complete job name: development (0)
2026-10-01T20:38:09.8673497Z ##[group]Run actions/checkout@v4
2026-10-01T20:38:09.8674310Z with:
2026-10-01T20:38:09.8674763Z   repository: duuu-hub/bb-scanner
2026-10-01T20:38:09.8678488Z   token: ***
2026-10-01T20:38:09.8678932Z   ssh-strict: true
2026-10-01T20:38:09.8679374Z   ssh-user: git
2026-10-01T20:38:09.8679817Z   persist-credentials: true
2026-10-01T20:38:09.8680292Z   clean: true
2026-10-01T20:38:09.8680739Z   sparse-checkout-cone-mode: true
2026-10-01T20:38:09.8681267Z   fetch-depth: 1
2026-10-01T20:38:09.8681864Z   fetch-tags: false
2026-10-01T20:38:09.8682321Z   show-progress: true
2026-10-01T20:38:09.8682769Z   lfs: false
2026-10-01T20:38:09.8683178Z   submodules: false
2026-10-01T20:38:09.8683622Z   set-safe-directory: true
2026-10-01T20:38:09.8684132Z   allow-unsafe-pr-checkout: false
2026-10-01T20:38:09.8684876Z ##[endgroup]
2026-10-01T20:38:09.9819633Z Syncing repository: duuu-hub/bb-scanner
2026-10-01T20:38:09.9822354Z ##[group]Getting Git version info
2026-10-01T20:38:09.9823615Z Working directory is '/home/runner/work/bb-scanner/bb-scanner'
2026-10-01T20:38:09.9825335Z [command]/usr/bin/git version
2026-10-01T20:38:09.9862747Z git version 2.55.0
2026-10-01T20:38:09.9944277Z ##[endgroup]
2026-10-01T20:38:09.9950449Z Temporarily overriding HOME='/home/runner/work/_temp/7d69e4e2-80b3-463f-958c-f04c701139e5' before making global git config changes
2026-10-01T20:38:09.9958931Z Adding repository directory to the temporary git global config as a safe directory
2026-10-01T20:38:09.9960808Z [command]/usr/bin/git config --global --add safe.directory /home/runner/work/bb-scanner/bb-scanner
2026-10-01T20:38:09.9982261Z Deleting the contents of '/home/runner/work/bb-scanner/bb-scanner'
2026-10-01T20:38:09.9998604Z ##[group]Initializing the repository
2026-10-01T20:38:09.9999940Z [command]/usr/bin/git init /home/runner/work/bb-scanner/bb-scanner
2026-10-01T20:38:10.0079195Z hint: Using 'master' as the name for the initial branch. This default branch name
2026-10-01T20:38:10.0101006Z hint: will change to "main" in Git 3.0. To configure the initial branch name
2026-10-01T20:38:10.0103041Z hint: to use in all of your new repositories, which will suppress this warning,
2026-10-01T20:38:10.0104454Z hint: call:
2026-10-01T20:38:10.0105254Z hint:
2026-10-01T20:38:10.0106209Z hint: 	git config --global init.defaultBranch <name>
2026-10-01T20:38:10.0107341Z hint:
2026-10-01T20:38:10.0108435Z hint: Names commonly chosen instead of 'master' are 'main', 'trunk' and
2026-10-01T20:38:10.0110129Z hint: 'development'. The just-created branch can be renamed via this command:
2026-10-01T20:38:10.0216863Z hint:
2026-10-01T20:38:10.0217899Z hint: 	git branch -m <name>
2026-10-01T20:38:10.0218784Z hint:
2026-10-01T20:38:10.0219910Z hint: Disable this message with "git config set advice.defaultBranchName false"
2026-10-01T20:38:10.0222232Z Initialized empty Git repository in /home/runner/work/bb-scanner/bb-scanner/.git/
2026-10-01T20:38:10.0225317Z [command]/usr/bin/git remote add origin https://github.com/duuu-hub/bb-scanner
2026-10-01T20:38:10.0228154Z ##[endgroup]
2026-10-01T20:38:10.0229431Z ##[group]Disabling automatic garbage collection
2026-10-01T20:38:10.0230555Z [command]/usr/bin/git config --local gc.auto 0
2026-10-01T20:38:10.0233211Z ##[endgroup]
2026-10-01T20:38:10.0234396Z ##[group]Setting up auth
2026-10-01T20:38:10.0235620Z [command]/usr/bin/git config --local --name-only --get-regexp core\.sshCommand
2026-10-01T20:38:10.0304230Z [command]/usr/bin/git submodule foreach --recursive sh -c "git config --local --name-only --get-regexp 'core\.sshCommand' && git config --local --unset-all 'core.sshCommand' || :"
2026-10-01T20:38:10.0673168Z [command]/usr/bin/git config --local --name-only --get-regexp http\.https\:\/\/github\.com\/\.extraheader
2026-10-01T20:38:10.0714202Z [command]/usr/bin/git submodule foreach --recursive sh -c "git config --local --name-only --get-regexp 'http\.https\:\/\/github\.com\/\.extraheader' && git config --local --unset-all 'http.https://github.com/.extraheader' || :"
2026-10-01T20:38:10.0983271Z [command]/usr/bin/git config --local --name-only --get-regexp ^includeIf\.gitdir:
2026-10-01T20:38:10.1021218Z [command]/usr/bin/git submodule foreach --recursive git config --local --show-origin --name-only --get-regexp remote.origin.url
2026-10-01T20:38:10.1268891Z [command]/usr/bin/git config --local http.https://github.com/.extraheader AUTHORIZATION: basic ***
2026-10-01T20:38:10.1311281Z ##[endgroup]
2026-10-01T20:38:10.1312674Z ##[group]Fetching the repository
2026-10-01T20:38:10.1323576Z [command]/usr/bin/git -c protocol.version=2 fetch --no-tags --prune --no-recurse-submodules --depth=1 origin +4db8b13a5ea64f3aef610609c994b2fe2cd0fc18:refs/remotes/origin/research-funding-crowding-v7
2026-10-01T20:38:11.2857346Z From https://github.com/duuu-hub/bb-scanner
2026-10-01T20:38:11.2859470Z  * [new ref]         4db8b13a5ea64f3aef610609c994b2fe2cd0fc18 -> origin/research-funding-crowding-v7
2026-10-01T20:38:11.2864847Z ##[endgroup]
2026-10-01T20:38:11.2866165Z ##[group]Determining the checkout info
2026-10-01T20:38:11.2867554Z ##[endgroup]
2026-10-01T20:38:11.2873095Z [command]/usr/bin/git sparse-checkout disable
2026-10-01T20:38:11.2927878Z [command]/usr/bin/git config --local --unset-all extensions.worktreeConfig
2026-10-01T20:38:11.2966036Z ##[group]Checking out the ref
2026-10-01T20:38:11.2970560Z [command]/usr/bin/git checkout --progress --force -B research-funding-crowding-v7 refs/remotes/origin/research-funding-crowding-v7
2026-10-01T20:38:11.5246739Z Switched to a new branch 'research-funding-crowding-v7'
2026-10-01T20:38:11.5250364Z branch 'research-funding-crowding-v7' set up to track 'origin/research-funding-crowding-v7'.
2026-10-01T20:38:11.5262594Z ##[endgroup]
2026-10-01T20:38:11.5309038Z [command]/usr/bin/git log -1 --format=%H
2026-10-01T20:38:11.5337964Z 4db8b13a5ea64f3aef610609c994b2fe2cd0fc18
2026-10-01T20:38:11.5708391Z ##[group]Run actions/setup-python@v5
2026-10-01T20:38:11.5709611Z with:
2026-10-01T20:38:11.5710553Z   python-version: 3.12
2026-10-01T20:38:11.5711592Z   check-latest: false
2026-10-01T20:38:11.5719420Z   token: ***
2026-10-01T20:38:11.5720419Z   update-environment: true
2026-10-01T20:38:11.5721530Z   allow-prereleases: false
2026-10-01T20:38:11.5722718Z   freethreaded: false
2026-10-01T20:38:11.5723719Z ##[endgroup]
2026-10-01T20:38:11.7063397Z ##[group]Installed versions
2026-10-01T20:38:11.7156585Z (node:2362) [DEP0040] DeprecationWarning: The `punycode` module is deprecated. Please use a userland alternative instead.
2026-10-01T20:38:11.7160228Z (Use `node --trace-deprecation ...` to show where the warning was created)
2026-10-01T20:38:11.7162649Z Successfully set up CPython (3.12.14)
2026-10-01T20:38:11.7165321Z ##[endgroup]
2026-10-01T20:38:11.7395174Z ##[group]Run pip install pandas==2.3.3 numpy==2.3.3
2026-10-01T20:38:11.7396685Z [36;1mpip install pandas==2.3.3 numpy==2.3.3[0m
2026-10-01T20:38:11.7678282Z shell: /usr/bin/bash -e {0}
2026-10-01T20:38:11.7679394Z env:
2026-10-01T20:38:11.7680472Z   pythonLocation: /opt/hostedtoolcache/Python/3.12.14/x64
2026-10-01T20:38:11.7682441Z   PKG_CONFIG_PATH: /opt/hostedtoolcache/Python/3.12.14/x64/lib/pkgconfig
2026-10-01T20:38:11.7684107Z   Python_ROOT_DIR: /opt/hostedtoolcache/Python/3.12.14/x64
2026-10-01T20:38:11.7685615Z   Python2_ROOT_DIR: /opt/hostedtoolcache/Python/3.12.14/x64
2026-10-01T20:38:11.7687114Z   Python3_ROOT_DIR: /opt/hostedtoolcache/Python/3.12.14/x64
2026-10-01T20:38:11.7688634Z   LD_LIBRARY_PATH: /opt/hostedtoolcache/Python/3.12.14/x64/lib
2026-10-01T20:38:11.7689938Z ##[endgroup]
2026-10-01T20:38:12.6364014Z Collecting pandas==2.3.3
2026-10-01T20:38:12.6982594Z   Downloading pandas-2.3.3-cp312-cp312-manylinux_2_24_x86_64.manylinux_2_28_x86_64.whl.metadata (91 kB)
2026-10-01T20:38:12.9219011Z Collecting numpy==2.3.3
2026-10-01T20:38:12.9285269Z   Downloading numpy-2.3.3-cp312-cp312-manylinux_2_27_x86_64.manylinux_2_28_x86_64.whl.metadata (62 kB)
2026-10-01T20:38:12.9518297Z Collecting python-dateutil>=2.8.2 (from pandas==2.3.3)
2026-10-01T20:38:12.9550257Z   Downloading python_dateutil-2.9.0.post0-py2.py3-none-any.whl.metadata (8.4 kB)
2026-10-01T20:38:12.9860072Z Collecting pytz>=2020.1 (from pandas==2.3.3)
2026-10-01T20:38:12.9891200Z   Downloading pytz-2026.4-py2.py3-none-any.whl.metadata (22 kB)
2026-10-01T20:38:13.0029385Z Collecting tzdata>=2022.7 (from pandas==2.3.3)
2026-10-01T20:38:13.0059381Z   Downloading tzdata-2026.4-py2.py3-none-any.whl.metadata (1.4 kB)
2026-10-01T20:38:13.0191107Z Collecting six>=1.5 (from python-dateutil>=2.8.2->pandas==2.3.3)
2026-10-01T20:38:13.0221507Z   Downloading six-1.17.0-py2.py3-none-any.whl.metadata (1.7 kB)
2026-10-01T20:38:13.0295836Z Downloading pandas-2.3.3-cp312-cp312-manylinux_2_24_x86_64.manylinux_2_28_x86_64.whl (12.4 MB)
2026-10-01T20:38:13.0823287Z    ━━━━━━━━━━━━━━━━━━━━━━━━━━━━━━━━━━━━━━━━ 12.4/12.4 MB 255.5 MB/s  0:00:00
2026-10-01T20:38:13.0858107Z Downloading numpy-2.3.3-cp312-cp312-manylinux_2_27_x86_64.manylinux_2_28_x86_64.whl (16.6 MB)
2026-10-01T20:38:13.1893426Z    ━━━━━━━━━━━━━━━━━━━━━━━━━━━━━━━━━━━━━━━━ 16.6/16.6 MB 164.5 MB/s  0:00:00
2026-10-01T20:38:13.1926921Z Downloading python_dateutil-2.9.0.post0-py2.py3-none-any.whl (229 kB)
2026-10-01T20:38:13.1993572Z Downloading pytz-2026.4-py2.py3-none-any.whl (506 kB)
2026-10-01T20:38:13.2053073Z Downloading six-1.17.0-py2.py3-none-any.whl (11 kB)
2026-10-01T20:38:13.2103670Z Downloading tzdata-2026.4-py2.py3-none-any.whl (347 kB)
2026-10-01T20:38:13.3679754Z Installing collected packages: pytz, tzdata, six, numpy, python-dateutil, pandas
2026-10-01T20:38:20.2399799Z 
2026-10-01T20:38:20.2417491Z Successfully installed numpy-2.3.3 pandas-2.3.3 python-dateutil-2.9.0.post0 pytz-2026.4 six-1.17.0 tzdata-2026.4
2026-10-01T20:38:20.3123552Z ##[group]Run actions/cache@v4
2026-10-01T20:38:20.3123845Z with:
2026-10-01T20:38:20.3124062Z   path: cache/verified-1m
2026-10-01T20:38:20.3124353Z   key: funding-crowding-v7-dev-1m-shard-0
2026-10-01T20:38:20.3124996Z   restore-keys: factor-lag-v6-dev-1m-shard-0
liquidity-v5-dev-1m-shard-0
2026-10-01T20:38:20.3125402Z   enableCrossOsArchive: false
2026-10-01T20:38:20.3125705Z   fail-on-cache-miss: false
2026-10-01T20:38:20.3125951Z   lookup-only: false
2026-10-01T20:38:20.3126215Z   save-always: false
2026-10-01T20:38:20.3126444Z env:
2026-10-01T20:38:20.3126712Z   pythonLocation: /opt/hostedtoolcache/Python/3.12.14/x64
2026-10-01T20:38:20.3127143Z   PKG_CONFIG_PATH: /opt/hostedtoolcache/Python/3.12.14/x64/lib/pkgconfig
2026-10-01T20:38:20.3127563Z   Python_ROOT_DIR: /opt/hostedtoolcache/Python/3.12.14/x64
2026-10-01T20:38:20.3127946Z   Python2_ROOT_DIR: /opt/hostedtoolcache/Python/3.12.14/x64
2026-10-01T20:38:20.3128388Z   Python3_ROOT_DIR: /opt/hostedtoolcache/Python/3.12.14/x64
2026-10-01T20:38:20.3128770Z   LD_LIBRARY_PATH: /opt/hostedtoolcache/Python/3.12.14/x64/lib
2026-10-01T20:38:20.3129099Z ##[endgroup]
2026-10-01T20:38:20.4174778Z (node:2398) [DEP0040] DeprecationWarning: The `punycode` module is deprecated. Please use a userland alternative instead.
2026-10-01T20:38:20.4175770Z (Use `node --trace-deprecation ...` to show where the warning was created)
2026-10-01T20:38:20.5210305Z Cache not found for input keys: funding-crowding-v7-dev-1m-shard-0, factor-lag-v6-dev-1m-shard-0, liquidity-v5-dev-1m-shard-0
2026-10-01T20:38:20.5332350Z ##[group]Run actions/cache@v4
2026-10-01T20:38:20.5332626Z with:
2026-10-01T20:38:20.5332847Z   path: cache/verified-funding
2026-10-01T20:38:20.5333139Z   key: funding-crowding-v7-dev-funding-shard-0
2026-10-01T20:38:20.5333456Z   enableCrossOsArchive: false
2026-10-01T20:38:20.5333710Z   fail-on-cache-miss: false
2026-10-01T20:38:20.5333952Z   lookup-only: false
2026-10-01T20:38:20.5334168Z   save-always: false
2026-10-01T20:38:20.5334373Z env:
2026-10-01T20:38:20.5334642Z   pythonLocation: /opt/hostedtoolcache/Python/3.12.14/x64
2026-10-01T20:38:20.5335081Z   PKG_CONFIG_PATH: /opt/hostedtoolcache/Python/3.12.14/x64/lib/pkgconfig
2026-10-01T20:38:20.5335522Z   Python_ROOT_DIR: /opt/hostedtoolcache/Python/3.12.14/x64
2026-10-01T20:38:20.5335901Z   Python2_ROOT_DIR: /opt/hostedtoolcache/Python/3.12.14/x64
2026-10-01T20:38:20.5336273Z   Python3_ROOT_DIR: /opt/hostedtoolcache/Python/3.12.14/x64
2026-10-01T20:38:20.5336686Z   LD_LIBRARY_PATH: /opt/hostedtoolcache/Python/3.12.14/x64/lib
2026-10-01T20:38:20.5337013Z ##[endgroup]
2026-10-01T20:38:20.6418576Z (node:2411) [DEP0040] DeprecationWarning: The `punycode` module is deprecated. Please use a userland alternative instead.
2026-10-01T20:38:20.6419316Z (Use `node --trace-deprecation ...` to show where the warning was created)
2026-10-01T20:38:20.7638467Z Cache not found for input keys: funding-crowding-v7-dev-funding-shard-0
2026-10-01T20:38:20.7784915Z ##[group]Run actions/cache@v4
2026-10-01T20:38:20.7785180Z with:
2026-10-01T20:38:20.7785379Z   path: data
2026-10-01T20:38:20.7785607Z   key: frozen-source-36095439671-15m-shard-0
2026-10-01T20:38:20.7785921Z   enableCrossOsArchive: false
2026-10-01T20:38:20.7786187Z   fail-on-cache-miss: false
2026-10-01T20:38:20.7786427Z   lookup-only: false
2026-10-01T20:38:20.7786640Z   save-always: false
2026-10-01T20:38:20.7786840Z env:
2026-10-01T20:38:20.7787115Z   pythonLocation: /opt/hostedtoolcache/Python/3.12.14/x64
2026-10-01T20:38:20.7787544Z   PKG_CONFIG_PATH: /opt/hostedtoolcache/Python/3.12.14/x64/lib/pkgconfig
2026-10-01T20:38:20.7787959Z   Python_ROOT_DIR: /opt/hostedtoolcache/Python/3.12.14/x64
2026-10-01T20:38:20.7788336Z   Python2_ROOT_DIR: /opt/hostedtoolcache/Python/3.12.14/x64
2026-10-01T20:38:20.7788711Z   Python3_ROOT_DIR: /opt/hostedtoolcache/Python/3.12.14/x64
2026-10-01T20:38:20.7789081Z   LD_LIBRARY_PATH: /opt/hostedtoolcache/Python/3.12.14/x64/lib
2026-10-01T20:38:20.7789446Z ##[endgroup]
2026-10-01T20:38:20.8838138Z (node:2424) [DEP0040] DeprecationWarning: The `punycode` module is deprecated. Please use a userland alternative instead.
2026-10-01T20:38:20.8838908Z (Use `node --trace-deprecation ...` to show where the warning was created)
2026-10-01T20:38:20.9802995Z Cache not found for input keys: frozen-source-36095439671-15m-shard-0
2026-10-01T20:38:20.9919260Z ##[group]Run gh run download 36095439671 -R duuu-hub/bb-scanner -n rank5-binance-um-15m-5y-data-shard-0 -D data
2026-10-01T20:38:20.9920100Z [36;1mgh run download 36095439671 -R duuu-hub/bb-scanner -n rank5-binance-um-15m-5y-data-shard-0 -D data[0m
2026-10-01T20:38:20.9993052Z shell: /usr/bin/bash -e {0}
2026-10-01T20:38:20.9993328Z env:
2026-10-01T20:38:20.9993613Z   pythonLocation: /opt/hostedtoolcache/Python/3.12.14/x64
2026-10-01T20:38:20.9994055Z   PKG_CONFIG_PATH: /opt/hostedtoolcache/Python/3.12.14/x64/lib/pkgconfig
2026-10-01T20:38:20.9994474Z   Python_ROOT_DIR: /opt/hostedtoolcache/Python/3.12.14/x64
2026-10-01T20:38:20.9994869Z   Python2_ROOT_DIR: /opt/hostedtoolcache/Python/3.12.14/x64
2026-10-01T20:38:20.9995296Z   Python3_ROOT_DIR: /opt/hostedtoolcache/Python/3.12.14/x64
2026-10-01T20:38:20.9995689Z   LD_LIBRARY_PATH: /opt/hostedtoolcache/Python/3.12.14/x64/lib
2026-10-01T20:38:20.9998253Z   GH_TOKEN: ***
2026-10-01T20:38:20.9998474Z ##[endgroup]
2026-10-01T20:38:26.6657083Z ##[group]Run gh run download 36858492497 -R duuu-hub/bb-scanner -n day-edge-v2-btc -D btc
2026-10-01T20:38:26.6657711Z [36;1mgh run download 36858492497 -R duuu-hub/bb-scanner -n day-edge-v2-btc -D btc[0m
2026-10-01T20:38:26.6726644Z shell: /usr/bin/bash -e {0}
2026-10-01T20:38:26.6726902Z env:
2026-10-01T20:38:26.6727178Z   pythonLocation: /opt/hostedtoolcache/Python/3.12.14/x64
2026-10-01T20:38:26.6727608Z   PKG_CONFIG_PATH: /opt/hostedtoolcache/Python/3.12.14/x64/lib/pkgconfig
2026-10-01T20:38:26.6728027Z   Python_ROOT_DIR: /opt/hostedtoolcache/Python/3.12.14/x64
2026-10-01T20:38:26.6728401Z   Python2_ROOT_DIR: /opt/hostedtoolcache/Python/3.12.14/x64
2026-10-01T20:38:26.6728770Z   Python3_ROOT_DIR: /opt/hostedtoolcache/Python/3.12.14/x64
2026-10-01T20:38:26.6729141Z   LD_LIBRARY_PATH: /opt/hostedtoolcache/Python/3.12.14/x64/lib
2026-10-01T20:38:26.6731843Z   GH_TOKEN: ***
2026-10-01T20:38:26.6732083Z ##[endgroup]
2026-10-01T20:38:27.6534643Z ##[group]Run gh run download 36095439671 -R duuu-hub/bb-scanner -n rank5-binance-um-15m-5y-manifest-shard-0 -D source-manifest
2026-10-01T20:38:27.6535564Z [36;1mgh run download 36095439671 -R duuu-hub/bb-scanner -n rank5-binance-um-15m-5y-manifest-shard-0 -D source-manifest[0m
2026-10-01T20:38:27.6536641Z [36;1mpython scripts/research_evidence_archive.py verify-source --data data --manifests source-manifest --baseline research/funding-crowding-v7/FROZEN_INPUT_HASHES.json --out dev-0/source_check.json[0m
2026-10-01T20:38:27.6606556Z shell: /usr/bin/bash -e {0}
2026-10-01T20:38:27.6606820Z env:
2026-10-01T20:38:27.6607099Z   pythonLocation: /opt/hostedtoolcache/Python/3.12.14/x64
2026-10-01T20:38:27.6607591Z   PKG_CONFIG_PATH: /opt/hostedtoolcache/Python/3.12.14/x64/lib/pkgconfig
2026-10-01T20:38:27.6608017Z   Python_ROOT_DIR: /opt/hostedtoolcache/Python/3.12.14/x64
2026-10-01T20:38:27.6608396Z   Python2_ROOT_DIR: /opt/hostedtoolcache/Python/3.12.14/x64
2026-10-01T20:38:27.6608819Z   Python3_ROOT_DIR: /opt/hostedtoolcache/Python/3.12.14/x64
2026-10-01T20:38:27.6609205Z   LD_LIBRARY_PATH: /opt/hostedtoolcache/Python/3.12.14/x64/lib
2026-10-01T20:38:27.6611926Z   GH_TOKEN: ***
2026-10-01T20:38:27.6612182Z ##[endgroup]
2026-10-01T20:38:35.0338570Z FROZEN_SOURCE_VERIFIED 107 files 28 prior SHA256 matches
2026-10-01T20:38:35.0849521Z ##[group]Run python scripts/funding_crowding_v7.py scan --stage DEV --data data --btc btc/BTCUSDT.csv.gz --out dev-0 --minute-cache cache/verified-1m --funding-cache cache/verified-funding
2026-10-01T20:38:35.0850730Z [36;1mpython scripts/funding_crowding_v7.py scan --stage DEV --data data --btc btc/BTCUSDT.csv.gz --out dev-0 --minute-cache cache/verified-1m --funding-cache cache/verified-funding[0m
2026-10-01T20:38:35.0918539Z shell: /usr/bin/bash -e {0}
2026-10-01T20:38:35.0918799Z env:
2026-10-01T20:38:35.0919091Z   pythonLocation: /opt/hostedtoolcache/Python/3.12.14/x64
2026-10-01T20:38:35.0919544Z   PKG_CONFIG_PATH: /opt/hostedtoolcache/Python/3.12.14/x64/lib/pkgconfig
2026-10-01T20:38:35.0920201Z   Python_ROOT_DIR: /opt/hostedtoolcache/Python/3.12.14/x64
2026-10-01T20:38:35.0920579Z   Python2_ROOT_DIR: /opt/hostedtoolcache/Python/3.12.14/x64
2026-10-01T20:38:35.0920948Z   Python3_ROOT_DIR: /opt/hostedtoolcache/Python/3.12.14/x64
2026-10-01T20:38:35.0921361Z   LD_LIBRARY_PATH: /opt/hostedtoolcache/Python/3.12.14/x64/lib
2026-10-01T20:38:35.0921943Z ##[endgroup]
2026-10-01T20:39:16.7929722Z FUNDING_SCAN DEV 8 / 107 outcomes 5184
2026-10-01T20:40:33.5786629Z FUNDING_SCAN DEV 40 / 107 outcomes 13680
2026-10-01T20:40:58.9807647Z FUNDING_SCAN DEV 48 / 107 outcomes 16638
2026-10-01T20:41:13.1147639Z FUNDING_SCAN DEV 56 / 107 outcomes 19590
2026-10-01T20:41:56.6318576Z FUNDING_SCAN DEV 88 / 107 outcomes 25776
2026-10-01T20:42:28.0396352Z FUNDING_SCAN DEV 104 / 107 outcomes 28374
2026-10-01T20:42:39.7290042Z FUNDING_SCAN_DONE DEV 29442 excluded 0
2026-10-01T20:42:39.8037271Z ##[group]Run actions/upload-artifact@v4
2026-10-01T20:42:39.8037575Z with:
2026-10-01T20:42:39.8037792Z   name: funding-crowding-v7-dev-0
2026-10-01T20:42:39.8038053Z   path: dev-0/
2026-10-01T20:42:39.8038261Z   retention-days: 30
2026-10-01T20:42:39.8038481Z   compression-level: 0
2026-10-01T20:42:39.8038706Z   if-no-files-found: warn
2026-10-01T20:42:39.8038931Z   overwrite: false
2026-10-01T20:42:39.8039150Z   include-hidden-files: false
2026-10-01T20:42:39.8039400Z env:
2026-10-01T20:42:39.8039667Z   pythonLocation: /opt/hostedtoolcache/Python/3.12.14/x64
2026-10-01T20:42:39.8040116Z   PKG_CONFIG_PATH: /opt/hostedtoolcache/Python/3.12.14/x64/lib/pkgconfig
2026-10-01T20:42:39.8040544Z   Python_ROOT_DIR: /opt/hostedtoolcache/Python/3.12.14/x64
2026-10-01T20:42:39.8040933Z   Python2_ROOT_DIR: /opt/hostedtoolcache/Python/3.12.14/x64
2026-10-01T20:42:39.8041309Z   Python3_ROOT_DIR: /opt/hostedtoolcache/Python/3.12.14/x64
2026-10-01T20:42:39.8041917Z   LD_LIBRARY_PATH: /opt/hostedtoolcache/Python/3.12.14/x64/lib
2026-10-01T20:42:39.8042245Z ##[endgroup]
2026-10-01T20:42:39.9679629Z (node:2758) [DEP0040] DeprecationWarning: The `punycode` module is deprecated. Please use a userland alternative instead.
2026-10-01T20:42:39.9680503Z (Use `node --trace-deprecation ...` to show where the warning was created)
2026-10-01T20:42:40.2644859Z With the provided path, there will be 2667 files uploaded
2026-10-01T20:42:40.2645662Z Artifact name is valid!
2026-10-01T20:42:40.2646056Z Root directory input is valid!
2026-10-01T20:42:40.5709904Z Beginning upload of artifact content to blob storage
2026-10-01T20:42:41.3925602Z (node:2758) [DEP0169] DeprecationWarning: `url.parse()` behavior is not standardized and prone to errors that have security implications. Use the WHATWG URL API instead. CVEs are not issued for `url.parse()` vulnerabilities.
2026-10-01T20:42:41.7727596Z Uploaded bytes 8388608
2026-10-01T20:42:41.8331172Z Uploaded bytes 16777216
2026-10-01T20:42:41.8431193Z Uploaded bytes 25165824
2026-10-01T20:42:41.8942318Z Uploaded bytes 33554432
2026-10-01T20:42:42.0388354Z Uploaded bytes 41943040
2026-10-01T20:42:42.0678333Z Uploaded bytes 50331648
2026-10-01T20:42:42.1015217Z Uploaded bytes 58720256
2026-10-01T20:42:42.1339296Z Uploaded bytes 67108864
2026-10-01T20:42:42.2623694Z Uploaded bytes 75497472
2026-10-01T20:42:42.2635378Z Uploaded bytes 83886080
2026-10-01T20:42:42.3163141Z Uploaded bytes 92274688
2026-10-01T20:42:42.4229668Z Uploaded bytes 96572456
2026-10-01T20:42:42.4587514Z Finished uploading artifact content to blob storage!
2026-10-01T20:42:42.4590749Z SHA256 digest of uploaded artifact zip is c097aa7ce6dbb78b88c156b7221f7a508cb5d858ce1363d55408b8b4b5ce05ed
2026-10-01T20:42:42.4593352Z Finalizing artifact upload
2026-10-01T20:42:42.6882543Z Artifact funding-crowding-v7-dev-0.zip successfully finalized. Artifact ID 11191774891
2026-10-01T20:42:42.6883757Z Artifact funding-crowding-v7-dev-0 has been successfully uploaded! Final size is 96572456 bytes. Artifact ID is 11191774891
2026-10-01T20:42:42.6884622Z Artifact download URL: https://github.com/duuu-hub/bb-scanner/actions/runs/36922945306/artifacts/11191774891
2026-10-01T20:42:42.7196724Z Post job cleanup.
2026-10-01T20:42:42.8282828Z (node:2772) [DEP0040] DeprecationWarning: The `punycode` module is deprecated. Please use a userland alternative instead.
2026-10-01T20:42:42.8292856Z (Use `node --trace-deprecation ...` to show where the warning was created)
2026-10-01T20:42:42.8468686Z [command]/usr/bin/tar --posix -cf cache.tzst --exclude cache.tzst -P -C /home/runner/work/bb-scanner/bb-scanner --files-from manifest.txt --use-compress-program zstdmt
2026-10-01T20:42:43.3019777Z (node:2772) [DEP0169] DeprecationWarning: `url.parse()` behavior is not standardized and prone to errors that have security implications. Use the WHATWG URL API instead. CVEs are not issued for `url.parse()` vulnerabilities.
2026-10-01T20:42:44.2875512Z Sent 41505775 of 242832367 (17.1%), 39.5 MBs/sec
2026-10-01T20:42:44.8674911Z Sent 242832367 of 242832367 (100.0%), 146.5 MBs/sec
2026-10-01T20:42:44.9700242Z Cache saved with key: frozen-source-36095439671-15m-shard-0
2026-10-01T20:42:44.9874353Z Post job cleanup.
2026-10-01T20:42:45.0987208Z (node:2792) [DEP0040] DeprecationWarning: The `punycode` module is deprecated. Please use a userland alternative instead.
2026-10-01T20:42:45.0988592Z (Use `node --trace-deprecation ...` to show where the warning was created)
2026-10-01T20:42:45.1434826Z [command]/usr/bin/tar --posix -cf cache.tzst --exclude cache.tzst -P -C /home/runner/work/bb-scanner/bb-scanner --files-from manifest.txt --use-compress-program zstdmt
2026-10-01T20:42:45.3313956Z (node:2792) [DEP0169] DeprecationWarning: `url.parse()` behavior is not standardized and prone to errors that have security implications. Use the WHATWG URL API instead. CVEs are not issued for `url.parse()` vulnerabilities.
2026-10-01T20:42:45.6554880Z Sent 1017437 of 1017437 (100.0%), 2.9 MBs/sec
2026-10-01T20:42:45.7356732Z Cache saved with key: funding-crowding-v7-dev-funding-shard-0
2026-10-01T20:42:45.7516647Z Post job cleanup.
2026-10-01T20:42:45.8643174Z (node:2812) [DEP0040] DeprecationWarning: The `punycode` module is deprecated. Please use a userland alternative instead.
2026-10-01T20:42:45.8644611Z (Use `node --trace-deprecation ...` to show where the warning was created)
2026-10-01T20:42:45.8863584Z [command]/usr/bin/tar --posix -cf cache.tzst --exclude cache.tzst -P -C /home/runner/work/bb-scanner/bb-scanner --files-from manifest.txt --use-compress-program zstdmt
2026-10-01T20:42:46.1826682Z (node:2812) [DEP0169] DeprecationWarning: `url.parse()` behavior is not standardized and prone to errors that have security implications. Use the WHATWG URL API instead. CVEs are not issued for `url.parse()` vulnerabilities.
2026-10-01T20:42:47.1750845Z Sent 95354880 of 113159601 (84.3%), 90.9 MBs/sec
2026-10-01T20:42:47.4396902Z Sent 113159601 of 113159601 (100.0%), 85.3 MBs/sec
2026-10-01T20:42:47.5412139Z Cache saved with key: funding-crowding-v7-dev-1m-shard-0
2026-10-01T20:42:47.5570886Z Post job cleanup.
2026-10-01T20:42:47.6762731Z (node:2832) [DEP0040] DeprecationWarning: The `punycode` module is deprecated. Please use a userland alternative instead.
2026-10-01T20:42:47.6763550Z (Use `node --trace-deprecation ...` to show where the warning was created)
2026-10-01T20:42:47.6966584Z Post job cleanup.
2026-10-01T20:42:47.7991063Z [command]/usr/bin/git version
2026-10-01T20:42:47.8040091Z git version 2.55.0
2026-10-01T20:42:47.8076696Z Temporarily overriding HOME='/home/runner/work/_temp/a73baba3-8c80-4b71-bd49-a012677534af' before making global git config changes
2026-10-01T20:42:47.8078128Z Adding repository directory to the temporary git global config as a safe directory
2026-10-01T20:42:47.8082476Z [command]/usr/bin/git config --global --add safe.directory /home/runner/work/bb-scanner/bb-scanner
2026-10-01T20:42:47.8123687Z [command]/usr/bin/git config --local --name-only --get-regexp core\.sshCommand
2026-10-01T20:42:47.8161337Z [command]/usr/bin/git submodule foreach --recursive sh -c "git config --local --name-only --get-regexp 'core\.sshCommand' && git config --local --unset-all 'core.sshCommand' || :"
2026-10-01T20:42:47.8427931Z [command]/usr/bin/git config --local --name-only --get-regexp http\.https\:\/\/github\.com\/\.extraheader
2026-10-01T20:42:47.8457989Z http.https://github.com/.extraheader
2026-10-01T20:42:47.8469007Z [command]/usr/bin/git config --local --unset-all http.https://github.com/.extraheader
2026-10-01T20:42:47.8507015Z [command]/usr/bin/git submodule foreach --recursive sh -c "git config --local --name-only --get-regexp 'http\.https\:\/\/github\.com\/\.extraheader' && git config --local --unset-all 'http.https://github.com/.extraheader' || :"
2026-10-01T20:42:47.8777071Z [command]/usr/bin/git config --local --name-only --get-regexp ^includeIf\.gitdir:
2026-10-01T20:42:47.8818585Z [command]/usr/bin/git submodule foreach --recursive git config --local --show-origin --name-only --get-regexp remote.origin.url
2026-10-01T20:42:47.9231121Z Cleaning up orphan processes
2026-10-01T20:42:47.9567892Z ##[warning]Node.js 20 is deprecated. The following actions target Node.js 20 but are being forced to run on Node.js 24: actions/cache@v4, actions/checkout@v4, actions/setup-python@v5, actions/upload-artifact@v4. For more information see: https://github.blog/changelog/2025-09-19-deprecation-of-node-20-on-github-actions-runners/
