2026-10-01T20:38:09.0996748Z Current runner version: '2.337.0'
2026-10-01T20:38:09.1015922Z ##[group]Runner Image Provisioner
2026-10-01T20:38:09.1016524Z Hosted Compute Agent
2026-10-01T20:38:09.1016930Z Version: 20260901.588
2026-10-01T20:38:09.1017292Z Commit: f88ec8081b781fac6c440065ac7ff9e710ce3d0b
2026-10-01T20:38:09.1017694Z Build Date: 2026-09-01T19:56:44Z
2026-10-01T20:38:09.1018133Z Worker ID: {5d011b7a-8a0d-4849-9ccf-0076196776ac}
2026-10-01T20:38:09.1018567Z Azure Region: westus3
2026-10-01T20:38:09.1019238Z ##[endgroup]
2026-10-01T20:38:09.1020072Z ##[group]Operating System
2026-10-01T20:38:09.1020410Z Ubuntu
2026-10-01T20:38:09.1020792Z 24.04.5
2026-10-01T20:38:09.1021353Z LTS
2026-10-01T20:38:09.1021715Z ##[endgroup]
2026-10-01T20:38:09.1022042Z ##[group]Runner Image
2026-10-01T20:38:09.1022407Z Image: ubuntu-24.04
2026-10-01T20:38:09.1022801Z Version: 20260927.320.1
2026-10-01T20:38:09.1023537Z Included Software: https://github.com/actions/runner-images/blob/ubuntu24/20260927.320/images/ubuntu/Ubuntu2404-Readme.md
2026-10-01T20:38:09.1024409Z Image Release: https://github.com/actions/runner-images/releases/tag/ubuntu24%2F20260927.320
2026-10-01T20:38:09.1024955Z ##[endgroup]
2026-10-01T20:38:09.1025716Z ##[group]GITHUB_TOKEN Permissions
2026-10-01T20:38:09.1027098Z Actions: read
2026-10-01T20:38:09.1027507Z Contents: read
2026-10-01T20:38:09.1027831Z Metadata: read
2026-10-01T20:38:09.1028176Z ##[endgroup]
2026-10-01T20:38:09.1029594Z Secret source: Actions
2026-10-01T20:38:09.1030092Z Cache mode: write
2026-10-01T20:38:09.1030587Z Prepare workflow directory
2026-10-01T20:38:09.1237352Z Prepare all required actions
2026-10-01T20:38:09.1269609Z Getting action download info
2026-10-01T20:38:09.4853632Z Download action repository 'actions/checkout@v4' (SHA:11d5960a326750d5838078e36cf38b85af677262)
2026-10-01T20:38:09.5974654Z Download action repository 'actions/setup-python@v5' (SHA:a26af69be951a213d495a4c3e4e4022e16d87065)
2026-10-01T20:38:09.7239062Z Download action repository 'actions/cache@v4' (SHA:0057852bfaa89a56745cba8c7296529d2fc39830)
2026-10-01T20:38:09.8376326Z Download action repository 'actions/upload-artifact@v4' (SHA:ea165f8d65b6e75b540449e92b4886f43607fa02)
2026-10-01T20:38:10.0556589Z Complete job name: development (4)
2026-10-01T20:38:10.1064675Z ##[group]Run actions/checkout@v4
2026-10-01T20:38:10.1065087Z with:
2026-10-01T20:38:10.1065328Z   repository: duuu-hub/bb-scanner
2026-10-01T20:38:10.1067738Z   token: ***
2026-10-01T20:38:10.1067965Z   ssh-strict: true
2026-10-01T20:38:10.1068195Z   ssh-user: git
2026-10-01T20:38:10.1068430Z   persist-credentials: true
2026-10-01T20:38:10.1068690Z   clean: true
2026-10-01T20:38:10.1068929Z   sparse-checkout-cone-mode: true
2026-10-01T20:38:10.1069206Z   fetch-depth: 1
2026-10-01T20:38:10.1069431Z   fetch-tags: false
2026-10-01T20:38:10.1069668Z   show-progress: true
2026-10-01T20:38:10.1069905Z   lfs: false
2026-10-01T20:38:10.1070127Z   submodules: false
2026-10-01T20:38:10.1070367Z   set-safe-directory: true
2026-10-01T20:38:10.1070639Z   allow-unsafe-pr-checkout: false
2026-10-01T20:38:10.1071119Z ##[endgroup]
2026-10-01T20:38:10.1775500Z Syncing repository: duuu-hub/bb-scanner
2026-10-01T20:38:10.1777054Z ##[group]Getting Git version info
2026-10-01T20:38:10.1777544Z Working directory is '/home/runner/work/bb-scanner/bb-scanner'
2026-10-01T20:38:10.1778073Z [command]/usr/bin/git version
2026-10-01T20:38:10.2031785Z git version 2.55.0
2026-10-01T20:38:10.2042388Z ##[endgroup]
2026-10-01T20:38:10.2048321Z Temporarily overriding HOME='/home/runner/work/_temp/0c370c18-0f7f-4a4a-8881-0769d9224692' before making global git config changes
2026-10-01T20:38:10.2050236Z Adding repository directory to the temporary git global config as a safe directory
2026-10-01T20:38:10.2051323Z [command]/usr/bin/git config --global --add safe.directory /home/runner/work/bb-scanner/bb-scanner
2026-10-01T20:38:10.2097594Z Deleting the contents of '/home/runner/work/bb-scanner/bb-scanner'
2026-10-01T20:38:10.2102072Z ##[group]Initializing the repository
2026-10-01T20:38:10.2174352Z [command]/usr/bin/git init /home/runner/work/bb-scanner/bb-scanner
2026-10-01T20:38:10.2260352Z hint: Using 'master' as the name for the initial branch. This default branch name
2026-10-01T20:38:10.2263001Z hint: will change to "main" in Git 3.0. To configure the initial branch name
2026-10-01T20:38:10.2263791Z hint: to use in all of your new repositories, which will suppress this warning,
2026-10-01T20:38:10.2264433Z hint: call:
2026-10-01T20:38:10.2265173Z hint:
2026-10-01T20:38:10.2265608Z hint: 	git config --global init.defaultBranch <name>
2026-10-01T20:38:10.2266108Z hint:
2026-10-01T20:38:10.2266553Z hint: Names commonly chosen instead of 'master' are 'main', 'trunk' and
2026-10-01T20:38:10.2267308Z hint: 'development'. The just-created branch can be renamed via this command:
2026-10-01T20:38:10.2267811Z hint:
2026-10-01T20:38:10.2268033Z hint: 	git branch -m <name>
2026-10-01T20:38:10.2268378Z hint:
2026-10-01T20:38:10.2268875Z hint: Disable this message with "git config set advice.defaultBranchName false"
2026-10-01T20:38:10.2269762Z Initialized empty Git repository in /home/runner/work/bb-scanner/bb-scanner/.git/
2026-10-01T20:38:10.2271461Z [command]/usr/bin/git remote add origin https://github.com/duuu-hub/bb-scanner
2026-10-01T20:38:10.2328891Z ##[endgroup]
2026-10-01T20:38:10.2329453Z ##[group]Disabling automatic garbage collection
2026-10-01T20:38:10.2333323Z [command]/usr/bin/git config --local gc.auto 0
2026-10-01T20:38:10.2366211Z ##[endgroup]
2026-10-01T20:38:10.2366612Z ##[group]Setting up auth
2026-10-01T20:38:10.2371562Z [command]/usr/bin/git config --local --name-only --get-regexp core\.sshCommand
2026-10-01T20:38:10.2400735Z [command]/usr/bin/git submodule foreach --recursive sh -c "git config --local --name-only --get-regexp 'core\.sshCommand' && git config --local --unset-all 'core.sshCommand' || :"
2026-10-01T20:38:10.2699042Z [command]/usr/bin/git config --local --name-only --get-regexp http\.https\:\/\/github\.com\/\.extraheader
2026-10-01T20:38:10.2728625Z [command]/usr/bin/git submodule foreach --recursive sh -c "git config --local --name-only --get-regexp 'http\.https\:\/\/github\.com\/\.extraheader' && git config --local --unset-all 'http.https://github.com/.extraheader' || :"
2026-10-01T20:38:10.2903268Z [command]/usr/bin/git config --local --name-only --get-regexp ^includeIf\.gitdir:
2026-10-01T20:38:10.2934069Z [command]/usr/bin/git submodule foreach --recursive git config --local --show-origin --name-only --get-regexp remote.origin.url
2026-10-01T20:38:10.3109395Z [command]/usr/bin/git config --local http.https://github.com/.extraheader AUTHORIZATION: basic ***
2026-10-01T20:38:10.3144070Z ##[endgroup]
2026-10-01T20:38:10.3144758Z ##[group]Fetching the repository
2026-10-01T20:38:10.3151387Z [command]/usr/bin/git -c protocol.version=2 fetch --no-tags --prune --no-recurse-submodules --depth=1 origin +4db8b13a5ea64f3aef610609c994b2fe2cd0fc18:refs/remotes/origin/research-funding-crowding-v7
2026-10-01T20:38:11.8218118Z From https://github.com/duuu-hub/bb-scanner
2026-10-01T20:38:11.8219382Z  * [new ref]         4db8b13a5ea64f3aef610609c994b2fe2cd0fc18 -> origin/research-funding-crowding-v7
2026-10-01T20:38:11.8221660Z ##[endgroup]
2026-10-01T20:38:11.8222340Z ##[group]Determining the checkout info
2026-10-01T20:38:11.8223132Z ##[endgroup]
2026-10-01T20:38:11.8227723Z [command]/usr/bin/git sparse-checkout disable
2026-10-01T20:38:11.8371854Z [command]/usr/bin/git config --local --unset-all extensions.worktreeConfig
2026-10-01T20:38:11.8394768Z ##[group]Checking out the ref
2026-10-01T20:38:11.8397959Z [command]/usr/bin/git checkout --progress --force -B research-funding-crowding-v7 refs/remotes/origin/research-funding-crowding-v7
2026-10-01T20:38:11.9910171Z Switched to a new branch 'research-funding-crowding-v7'
2026-10-01T20:38:11.9912325Z branch 'research-funding-crowding-v7' set up to track 'origin/research-funding-crowding-v7'.
2026-10-01T20:38:11.9922607Z ##[endgroup]
2026-10-01T20:38:11.9962081Z [command]/usr/bin/git log -1 --format=%H
2026-10-01T20:38:11.9985660Z 4db8b13a5ea64f3aef610609c994b2fe2cd0fc18
2026-10-01T20:38:12.0233266Z ##[group]Run actions/setup-python@v5
2026-10-01T20:38:12.0233955Z with:
2026-10-01T20:38:12.0234428Z   python-version: 3.12
2026-10-01T20:38:12.0234975Z   check-latest: false
2026-10-01T20:38:12.0240731Z   token: ***
2026-10-01T20:38:12.0241333Z   update-environment: true
2026-10-01T20:38:12.0241918Z   allow-prereleases: false
2026-10-01T20:38:12.0242480Z   freethreaded: false
2026-10-01T20:38:12.0242993Z ##[endgroup]
2026-10-01T20:38:12.1085961Z ##[group]Installed versions
2026-10-01T20:38:12.1335696Z (node:2088) [DEP0040] DeprecationWarning: The `punycode` module is deprecated. Please use a userland alternative instead.
2026-10-01T20:38:12.1337760Z (Use `node --trace-deprecation ...` to show where the warning was created)
2026-10-01T20:38:12.1338635Z Successfully set up CPython (3.12.14)
2026-10-01T20:38:12.1339601Z ##[endgroup]
2026-10-01T20:38:12.1526641Z ##[group]Run pip install pandas==2.3.3 numpy==2.3.3
2026-10-01T20:38:12.1527876Z [36;1mpip install pandas==2.3.3 numpy==2.3.3[0m
2026-10-01T20:38:12.1803947Z shell: /usr/bin/bash -e {0}
2026-10-01T20:38:12.1804620Z env:
2026-10-01T20:38:12.1805217Z   pythonLocation: /opt/hostedtoolcache/Python/3.12.14/x64
2026-10-01T20:38:12.1806174Z   PKG_CONFIG_PATH: /opt/hostedtoolcache/Python/3.12.14/x64/lib/pkgconfig
2026-10-01T20:38:12.1807138Z   Python_ROOT_DIR: /opt/hostedtoolcache/Python/3.12.14/x64
2026-10-01T20:38:12.1808006Z   Python2_ROOT_DIR: /opt/hostedtoolcache/Python/3.12.14/x64
2026-10-01T20:38:12.1808867Z   Python3_ROOT_DIR: /opt/hostedtoolcache/Python/3.12.14/x64
2026-10-01T20:38:12.1809740Z   LD_LIBRARY_PATH: /opt/hostedtoolcache/Python/3.12.14/x64/lib
2026-10-01T20:38:12.1810470Z ##[endgroup]
2026-10-01T20:38:14.5653321Z Collecting pandas==2.3.3
2026-10-01T20:38:14.6292696Z   Downloading pandas-2.3.3-cp312-cp312-manylinux_2_24_x86_64.manylinux_2_28_x86_64.whl.metadata (91 kB)
2026-10-01T20:38:14.7913569Z Collecting numpy==2.3.3
2026-10-01T20:38:14.8018033Z   Downloading numpy-2.3.3-cp312-cp312-manylinux_2_27_x86_64.manylinux_2_28_x86_64.whl.metadata (62 kB)
2026-10-01T20:38:14.8250530Z Collecting python-dateutil>=2.8.2 (from pandas==2.3.3)
2026-10-01T20:38:14.8349752Z   Downloading python_dateutil-2.9.0.post0-py2.py3-none-any.whl.metadata (8.4 kB)
2026-10-01T20:38:14.8626575Z Collecting pytz>=2020.1 (from pandas==2.3.3)
2026-10-01T20:38:14.8726785Z   Downloading pytz-2026.4-py2.py3-none-any.whl.metadata (22 kB)
2026-10-01T20:38:14.8895386Z Collecting tzdata>=2022.7 (from pandas==2.3.3)
2026-10-01T20:38:14.8992830Z   Downloading tzdata-2026.4-py2.py3-none-any.whl.metadata (1.4 kB)
2026-10-01T20:38:14.9157042Z Collecting six>=1.5 (from python-dateutil>=2.8.2->pandas==2.3.3)
2026-10-01T20:38:14.9255191Z   Downloading six-1.17.0-py2.py3-none-any.whl.metadata (1.7 kB)
2026-10-01T20:38:14.9525544Z Downloading pandas-2.3.3-cp312-cp312-manylinux_2_24_x86_64.manylinux_2_28_x86_64.whl (12.4 MB)
2026-10-01T20:38:15.1251361Z    ━━━━━━━━━━━━━━━━━━━━━━━━━━━━━━━━━━━━━━━━ 12.4/12.4 MB 79.4 MB/s  0:00:00
2026-10-01T20:38:15.1356549Z Downloading numpy-2.3.3-cp312-cp312-manylinux_2_27_x86_64.manylinux_2_28_x86_64.whl (16.6 MB)
2026-10-01T20:38:15.2607937Z    ━━━━━━━━━━━━━━━━━━━━━━━━━━━━━━━━━━━━━━━━ 16.6/16.6 MB 132.9 MB/s  0:00:00
2026-10-01T20:38:15.2708714Z Downloading python_dateutil-2.9.0.post0-py2.py3-none-any.whl (229 kB)
2026-10-01T20:38:15.2827968Z Downloading pytz-2026.4-py2.py3-none-any.whl (506 kB)
2026-10-01T20:38:15.2961882Z Downloading six-1.17.0-py2.py3-none-any.whl (11 kB)
2026-10-01T20:38:15.3076194Z Downloading tzdata-2026.4-py2.py3-none-any.whl (347 kB)
2026-10-01T20:38:15.4911678Z Installing collected packages: pytz, tzdata, six, numpy, python-dateutil, pandas
2026-10-01T20:38:19.7846664Z 
2026-10-01T20:38:19.7858078Z Successfully installed numpy-2.3.3 pandas-2.3.3 python-dateutil-2.9.0.post0 pytz-2026.4 six-1.17.0 tzdata-2026.4
2026-10-01T20:38:19.8485263Z ##[group]Run actions/cache@v4
2026-10-01T20:38:19.8485420Z with:
2026-10-01T20:38:19.8485535Z   path: cache/verified-1m
2026-10-01T20:38:19.8485683Z   key: funding-crowding-v7-dev-1m-shard-4
2026-10-01T20:38:19.8486067Z   restore-keys: factor-lag-v6-dev-1m-shard-4
liquidity-v5-dev-1m-shard-4
2026-10-01T20:38:19.8486276Z   enableCrossOsArchive: false
2026-10-01T20:38:19.8486444Z   fail-on-cache-miss: false
2026-10-01T20:38:19.8486582Z   lookup-only: false
2026-10-01T20:38:19.8486717Z   save-always: false
2026-10-01T20:38:19.8486832Z env:
2026-10-01T20:38:19.8486974Z   pythonLocation: /opt/hostedtoolcache/Python/3.12.14/x64
2026-10-01T20:38:19.8487202Z   PKG_CONFIG_PATH: /opt/hostedtoolcache/Python/3.12.14/x64/lib/pkgconfig
2026-10-01T20:38:19.8487425Z   Python_ROOT_DIR: /opt/hostedtoolcache/Python/3.12.14/x64
2026-10-01T20:38:19.8487625Z   Python2_ROOT_DIR: /opt/hostedtoolcache/Python/3.12.14/x64
2026-10-01T20:38:19.8487856Z   Python3_ROOT_DIR: /opt/hostedtoolcache/Python/3.12.14/x64
2026-10-01T20:38:19.8488062Z   LD_LIBRARY_PATH: /opt/hostedtoolcache/Python/3.12.14/x64/lib
2026-10-01T20:38:19.8488235Z ##[endgroup]
2026-10-01T20:38:19.9220775Z (node:2122) [DEP0040] DeprecationWarning: The `punycode` module is deprecated. Please use a userland alternative instead.
2026-10-01T20:38:19.9221734Z (Use `node --trace-deprecation ...` to show where the warning was created)
2026-10-01T20:38:20.1420081Z Cache not found for input keys: funding-crowding-v7-dev-1m-shard-4, factor-lag-v6-dev-1m-shard-4, liquidity-v5-dev-1m-shard-4
2026-10-01T20:38:20.1505975Z ##[group]Run actions/cache@v4
2026-10-01T20:38:20.1506123Z with:
2026-10-01T20:38:20.1506241Z   path: cache/verified-funding
2026-10-01T20:38:20.1506402Z   key: funding-crowding-v7-dev-funding-shard-4
2026-10-01T20:38:20.1506574Z   enableCrossOsArchive: false
2026-10-01T20:38:20.1506711Z   fail-on-cache-miss: false
2026-10-01T20:38:20.1506842Z   lookup-only: false
2026-10-01T20:38:20.1506959Z   save-always: false
2026-10-01T20:38:20.1507071Z env:
2026-10-01T20:38:20.1507215Z   pythonLocation: /opt/hostedtoolcache/Python/3.12.14/x64
2026-10-01T20:38:20.1507444Z   PKG_CONFIG_PATH: /opt/hostedtoolcache/Python/3.12.14/x64/lib/pkgconfig
2026-10-01T20:38:20.1507685Z   Python_ROOT_DIR: /opt/hostedtoolcache/Python/3.12.14/x64
2026-10-01T20:38:20.1507891Z   Python2_ROOT_DIR: /opt/hostedtoolcache/Python/3.12.14/x64
2026-10-01T20:38:20.1508099Z   Python3_ROOT_DIR: /opt/hostedtoolcache/Python/3.12.14/x64
2026-10-01T20:38:20.1508330Z   LD_LIBRARY_PATH: /opt/hostedtoolcache/Python/3.12.14/x64/lib
2026-10-01T20:38:20.1508505Z ##[endgroup]
2026-10-01T20:38:20.2204683Z (node:2135) [DEP0040] DeprecationWarning: The `punycode` module is deprecated. Please use a userland alternative instead.
2026-10-01T20:38:20.2205121Z (Use `node --trace-deprecation ...` to show where the warning was created)
2026-10-01T20:38:20.4199164Z Cache not found for input keys: funding-crowding-v7-dev-funding-shard-4
2026-10-01T20:38:20.4311326Z ##[group]Run actions/cache@v4
2026-10-01T20:38:20.4311492Z with:
2026-10-01T20:38:20.4311606Z   path: data
2026-10-01T20:38:20.4311734Z   key: frozen-source-36095439671-15m-shard-4
2026-10-01T20:38:20.4311901Z   enableCrossOsArchive: false
2026-10-01T20:38:20.4312053Z   fail-on-cache-miss: false
2026-10-01T20:38:20.4312185Z   lookup-only: false
2026-10-01T20:38:20.4312305Z   save-always: false
2026-10-01T20:38:20.4312419Z env:
2026-10-01T20:38:20.4312563Z   pythonLocation: /opt/hostedtoolcache/Python/3.12.14/x64
2026-10-01T20:38:20.4312802Z   PKG_CONFIG_PATH: /opt/hostedtoolcache/Python/3.12.14/x64/lib/pkgconfig
2026-10-01T20:38:20.4313035Z   Python_ROOT_DIR: /opt/hostedtoolcache/Python/3.12.14/x64
2026-10-01T20:38:20.4313245Z   Python2_ROOT_DIR: /opt/hostedtoolcache/Python/3.12.14/x64
2026-10-01T20:38:20.4313454Z   Python3_ROOT_DIR: /opt/hostedtoolcache/Python/3.12.14/x64
2026-10-01T20:38:20.4313665Z   LD_LIBRARY_PATH: /opt/hostedtoolcache/Python/3.12.14/x64/lib
2026-10-01T20:38:20.4313882Z ##[endgroup]
2026-10-01T20:38:20.5027719Z (node:2148) [DEP0040] DeprecationWarning: The `punycode` module is deprecated. Please use a userland alternative instead.
2026-10-01T20:38:20.5028159Z (Use `node --trace-deprecation ...` to show where the warning was created)
2026-10-01T20:38:20.7103613Z Cache not found for input keys: frozen-source-36095439671-15m-shard-4
2026-10-01T20:38:20.7195097Z ##[group]Run gh run download 36095439671 -R duuu-hub/bb-scanner -n rank5-binance-um-15m-5y-data-shard-4 -D data
2026-10-01T20:38:20.7195573Z [36;1mgh run download 36095439671 -R duuu-hub/bb-scanner -n rank5-binance-um-15m-5y-data-shard-4 -D data[0m
2026-10-01T20:38:20.7252497Z shell: /usr/bin/bash -e {0}
2026-10-01T20:38:20.7252645Z env:
2026-10-01T20:38:20.7252801Z   pythonLocation: /opt/hostedtoolcache/Python/3.12.14/x64
2026-10-01T20:38:20.7253045Z   PKG_CONFIG_PATH: /opt/hostedtoolcache/Python/3.12.14/x64/lib/pkgconfig
2026-10-01T20:38:20.7253281Z   Python_ROOT_DIR: /opt/hostedtoolcache/Python/3.12.14/x64
2026-10-01T20:38:20.7253494Z   Python2_ROOT_DIR: /opt/hostedtoolcache/Python/3.12.14/x64
2026-10-01T20:38:20.7253702Z   Python3_ROOT_DIR: /opt/hostedtoolcache/Python/3.12.14/x64
2026-10-01T20:38:20.7253913Z   LD_LIBRARY_PATH: /opt/hostedtoolcache/Python/3.12.14/x64/lib
2026-10-01T20:38:20.7255632Z   GH_TOKEN: ***
2026-10-01T20:38:20.7255749Z ##[endgroup]
2026-10-01T20:38:34.5605467Z ##[group]Run gh run download 36858492497 -R duuu-hub/bb-scanner -n day-edge-v2-btc -D btc
2026-10-01T20:38:34.5605822Z [36;1mgh run download 36858492497 -R duuu-hub/bb-scanner -n day-edge-v2-btc -D btc[0m
2026-10-01T20:38:34.5658487Z shell: /usr/bin/bash -e {0}
2026-10-01T20:38:34.5658628Z env:
2026-10-01T20:38:34.5658778Z   pythonLocation: /opt/hostedtoolcache/Python/3.12.14/x64
2026-10-01T20:38:34.5659012Z   PKG_CONFIG_PATH: /opt/hostedtoolcache/Python/3.12.14/x64/lib/pkgconfig
2026-10-01T20:38:34.5659237Z   Python_ROOT_DIR: /opt/hostedtoolcache/Python/3.12.14/x64
2026-10-01T20:38:34.5659443Z   Python2_ROOT_DIR: /opt/hostedtoolcache/Python/3.12.14/x64
2026-10-01T20:38:34.5659647Z   Python3_ROOT_DIR: /opt/hostedtoolcache/Python/3.12.14/x64
2026-10-01T20:38:34.5659853Z   LD_LIBRARY_PATH: /opt/hostedtoolcache/Python/3.12.14/x64/lib
2026-10-01T20:38:34.5661548Z   GH_TOKEN: ***
2026-10-01T20:38:34.5661673Z ##[endgroup]
2026-10-01T20:38:36.1338035Z ##[group]Run gh run download 36095439671 -R duuu-hub/bb-scanner -n rank5-binance-um-15m-5y-manifest-shard-4 -D source-manifest
2026-10-01T20:38:36.1338539Z [36;1mgh run download 36095439671 -R duuu-hub/bb-scanner -n rank5-binance-um-15m-5y-manifest-shard-4 -D source-manifest[0m
2026-10-01T20:38:36.1339130Z [36;1mpython scripts/research_evidence_archive.py verify-source --data data --manifests source-manifest --baseline research/funding-crowding-v7/FROZEN_INPUT_HASHES.json --out dev-4/source_check.json[0m
2026-10-01T20:38:36.1393012Z shell: /usr/bin/bash -e {0}
2026-10-01T20:38:36.1393163Z env:
2026-10-01T20:38:36.1393320Z   pythonLocation: /opt/hostedtoolcache/Python/3.12.14/x64
2026-10-01T20:38:36.1393559Z   PKG_CONFIG_PATH: /opt/hostedtoolcache/Python/3.12.14/x64/lib/pkgconfig
2026-10-01T20:38:36.1393795Z   Python_ROOT_DIR: /opt/hostedtoolcache/Python/3.12.14/x64
2026-10-01T20:38:36.1394006Z   Python2_ROOT_DIR: /opt/hostedtoolcache/Python/3.12.14/x64
2026-10-01T20:38:36.1394268Z   Python3_ROOT_DIR: /opt/hostedtoolcache/Python/3.12.14/x64
2026-10-01T20:38:36.1394481Z   LD_LIBRARY_PATH: /opt/hostedtoolcache/Python/3.12.14/x64/lib
2026-10-01T20:38:36.1396108Z   GH_TOKEN: ***
2026-10-01T20:38:36.1396226Z ##[endgroup]
2026-10-01T20:38:40.9729545Z FROZEN_SOURCE_VERIFIED 107 files 37 prior SHA256 matches
2026-10-01T20:38:41.0303533Z ##[group]Run python scripts/funding_crowding_v7.py scan --stage DEV --data data --btc btc/BTCUSDT.csv.gz --out dev-4 --minute-cache cache/verified-1m --funding-cache cache/verified-funding
2026-10-01T20:38:41.0304626Z [36;1mpython scripts/funding_crowding_v7.py scan --stage DEV --data data --btc btc/BTCUSDT.csv.gz --out dev-4 --minute-cache cache/verified-1m --funding-cache cache/verified-funding[0m
2026-10-01T20:38:41.0375586Z shell: /usr/bin/bash -e {0}
2026-10-01T20:38:41.0375814Z env:
2026-10-01T20:38:41.0376060Z   pythonLocation: /opt/hostedtoolcache/Python/3.12.14/x64
2026-10-01T20:38:41.0376445Z   PKG_CONFIG_PATH: /opt/hostedtoolcache/Python/3.12.14/x64/lib/pkgconfig
2026-10-01T20:38:41.0377056Z   Python_ROOT_DIR: /opt/hostedtoolcache/Python/3.12.14/x64
2026-10-01T20:38:41.0377400Z   Python2_ROOT_DIR: /opt/hostedtoolcache/Python/3.12.14/x64
2026-10-01T20:38:41.0377736Z   Python3_ROOT_DIR: /opt/hostedtoolcache/Python/3.12.14/x64
2026-10-01T20:38:41.0378117Z   LD_LIBRARY_PATH: /opt/hostedtoolcache/Python/3.12.14/x64/lib
2026-10-01T20:38:41.0378402Z ##[endgroup]
2026-10-01T20:39:02.7704433Z FUNDING_SCAN DEV 8 / 107 outcomes 3216
2026-10-01T20:39:28.5685802Z FUNDING_SCAN DEV 16 / 107 outcomes 10608
2026-10-01T20:40:16.5154879Z FUNDING_SCAN DEV 48 / 107 outcomes 21936
2026-10-01T20:40:38.5441176Z FUNDING_SCAN DEV 56 / 107 outcomes 24402
2026-10-01T20:41:30.7203181Z FUNDING_SCAN DEV 96 / 107 outcomes 30722
2026-10-01T20:41:44.1144471Z FUNDING_SCAN_DONE DEV 31862 excluded 46
2026-10-01T20:41:44.1926649Z ##[group]Run actions/upload-artifact@v4
2026-10-01T20:41:44.1926809Z with:
2026-10-01T20:41:44.1926927Z   name: funding-crowding-v7-dev-4
2026-10-01T20:41:44.1927075Z   path: dev-4/
2026-10-01T20:41:44.1927185Z   retention-days: 30
2026-10-01T20:41:44.1927300Z   compression-level: 0
2026-10-01T20:41:44.1927421Z   if-no-files-found: warn
2026-10-01T20:41:44.1927541Z   overwrite: false
2026-10-01T20:41:44.1927657Z   include-hidden-files: false
2026-10-01T20:41:44.1927785Z env:
2026-10-01T20:41:44.1927926Z   pythonLocation: /opt/hostedtoolcache/Python/3.12.14/x64
2026-10-01T20:41:44.1928157Z   PKG_CONFIG_PATH: /opt/hostedtoolcache/Python/3.12.14/x64/lib/pkgconfig
2026-10-01T20:41:44.1928382Z   Python_ROOT_DIR: /opt/hostedtoolcache/Python/3.12.14/x64
2026-10-01T20:41:44.1928583Z   Python2_ROOT_DIR: /opt/hostedtoolcache/Python/3.12.14/x64
2026-10-01T20:41:44.1928788Z   Python3_ROOT_DIR: /opt/hostedtoolcache/Python/3.12.14/x64
2026-10-01T20:41:44.1929010Z   LD_LIBRARY_PATH: /opt/hostedtoolcache/Python/3.12.14/x64/lib
2026-10-01T20:41:44.1929181Z ##[endgroup]
2026-10-01T20:41:44.3402938Z (node:2476) [DEP0040] DeprecationWarning: The `punycode` module is deprecated. Please use a userland alternative instead.
2026-10-01T20:41:44.3403454Z (Use `node --trace-deprecation ...` to show where the warning was created)
2026-10-01T20:41:44.4995500Z With the provided path, there will be 2277 files uploaded
2026-10-01T20:41:44.4999757Z Artifact name is valid!
2026-10-01T20:41:44.4999982Z Root directory input is valid!
2026-10-01T20:41:44.8911553Z Beginning upload of artifact content to blob storage
2026-10-01T20:41:45.3292736Z (node:2476) [DEP0169] DeprecationWarning: `url.parse()` behavior is not standardized and prone to errors that have security implications. Use the WHATWG URL API instead. CVEs are not issued for `url.parse()` vulnerabilities.
2026-10-01T20:41:46.0704186Z Uploaded bytes 8388608
2026-10-01T20:41:46.0999272Z Uploaded bytes 16777216
2026-10-01T20:41:46.1224102Z Uploaded bytes 25165824
2026-10-01T20:41:46.1432168Z Uploaded bytes 33554432
2026-10-01T20:41:46.3275929Z Uploaded bytes 41943040
2026-10-01T20:41:46.3851389Z Uploaded bytes 50331648
2026-10-01T20:41:46.4212443Z Uploaded bytes 58720256
2026-10-01T20:41:46.4237754Z Uploaded bytes 67108864
2026-10-01T20:41:46.5594409Z Uploaded bytes 75497472
2026-10-01T20:41:46.6151984Z Uploaded bytes 83886080
2026-10-01T20:41:46.8460711Z Uploaded bytes 91387494
2026-10-01T20:41:46.9075402Z Finished uploading artifact content to blob storage!
2026-10-01T20:41:46.9077361Z SHA256 digest of uploaded artifact zip is fc8312e4d6a13d83bd263bfe1c65410e28f72e52565ef6022fc7f832794cdf00
2026-10-01T20:41:46.9078520Z Finalizing artifact upload
2026-10-01T20:41:47.1789886Z Artifact funding-crowding-v7-dev-4.zip successfully finalized. Artifact ID 11192707915
2026-10-01T20:41:47.1790428Z Artifact funding-crowding-v7-dev-4 has been successfully uploaded! Final size is 91387494 bytes. Artifact ID is 11192707915
2026-10-01T20:41:47.1796760Z Artifact download URL: https://github.com/duuu-hub/bb-scanner/actions/runs/36922945306/artifacts/11192707915
2026-10-01T20:41:47.2054178Z Post job cleanup.
2026-10-01T20:41:47.2717952Z (node:2495) [DEP0040] DeprecationWarning: The `punycode` module is deprecated. Please use a userland alternative instead.
2026-10-01T20:41:47.2719095Z (Use `node --trace-deprecation ...` to show where the warning was created)
2026-10-01T20:41:47.2823614Z [command]/usr/bin/tar --posix -cf cache.tzst --exclude cache.tzst -P -C /home/runner/work/bb-scanner/bb-scanner --files-from manifest.txt --use-compress-program zstdmt
2026-10-01T20:41:47.6290045Z (node:2495) [DEP0169] DeprecationWarning: `url.parse()` behavior is not standardized and prone to errors that have security implications. Use the WHATWG URL API instead. CVEs are not issued for `url.parse()` vulnerabilities.
2026-10-01T20:41:48.6242523Z Sent 0 of 240222612 (0.0%), 0.0 MBs/sec
2026-10-01T20:41:49.2452522Z Sent 240222612 of 240222612 (100.0%), 141.1 MBs/sec
2026-10-01T20:41:49.3774924Z Cache saved with key: frozen-source-36095439671-15m-shard-4
2026-10-01T20:41:49.3869229Z Post job cleanup.
2026-10-01T20:41:49.4544878Z (node:2519) [DEP0040] DeprecationWarning: The `punycode` module is deprecated. Please use a userland alternative instead.
2026-10-01T20:41:49.4545488Z (Use `node --trace-deprecation ...` to show where the warning was created)
2026-10-01T20:41:49.4762720Z [command]/usr/bin/tar --posix -cf cache.tzst --exclude cache.tzst -P -C /home/runner/work/bb-scanner/bb-scanner --files-from manifest.txt --use-compress-program zstdmt
2026-10-01T20:41:49.7230652Z (node:2519) [DEP0169] DeprecationWarning: `url.parse()` behavior is not standardized and prone to errors that have security implications. Use the WHATWG URL API instead. CVEs are not issued for `url.parse()` vulnerabilities.
2026-10-01T20:41:50.1638909Z Sent 845400 of 845400 (100.0%), 1.8 MBs/sec
2026-10-01T20:41:50.2726685Z Cache saved with key: funding-crowding-v7-dev-funding-shard-4
2026-10-01T20:41:50.2819849Z Post job cleanup.
2026-10-01T20:41:50.3541463Z (node:2539) [DEP0040] DeprecationWarning: The `punycode` module is deprecated. Please use a userland alternative instead.
2026-10-01T20:41:50.3542122Z (Use `node --trace-deprecation ...` to show where the warning was created)
2026-10-01T20:41:50.3669743Z [command]/usr/bin/tar --posix -cf cache.tzst --exclude cache.tzst -P -C /home/runner/work/bb-scanner/bb-scanner --files-from manifest.txt --use-compress-program zstdmt
2026-10-01T20:41:50.6757972Z (node:2539) [DEP0169] DeprecationWarning: `url.parse()` behavior is not standardized and prone to errors that have security implications. Use the WHATWG URL API instead. CVEs are not issued for `url.parse()` vulnerabilities.
2026-10-01T20:41:51.6714148Z Sent 42663936 of 107990399 (39.5%), 40.6 MBs/sec
2026-10-01T20:41:52.6722866Z Sent 107990399 of 107990399 (100.0%), 51.4 MBs/sec
2026-10-01T20:41:52.8812483Z Cache saved with key: funding-crowding-v7-dev-1m-shard-4
2026-10-01T20:41:52.8912210Z Post job cleanup.
2026-10-01T20:41:52.9711997Z (node:2559) [DEP0040] DeprecationWarning: The `punycode` module is deprecated. Please use a userland alternative instead.
2026-10-01T20:41:52.9712664Z (Use `node --trace-deprecation ...` to show where the warning was created)
2026-10-01T20:41:52.9851299Z Post job cleanup.
2026-10-01T20:41:53.0505010Z [command]/usr/bin/git version
2026-10-01T20:41:53.0542469Z git version 2.55.0
2026-10-01T20:41:53.0578816Z Temporarily overriding HOME='/home/runner/work/_temp/bc87ead7-cf24-4fb0-b407-ddecc47ed340' before making global git config changes
2026-10-01T20:41:53.0579756Z Adding repository directory to the temporary git global config as a safe directory
2026-10-01T20:41:53.0594300Z [command]/usr/bin/git config --global --add safe.directory /home/runner/work/bb-scanner/bb-scanner
2026-10-01T20:41:53.0649618Z [command]/usr/bin/git config --local --name-only --get-regexp core\.sshCommand
2026-10-01T20:41:53.0678278Z [command]/usr/bin/git submodule foreach --recursive sh -c "git config --local --name-only --get-regexp 'core\.sshCommand' && git config --local --unset-all 'core.sshCommand' || :"
2026-10-01T20:41:53.0879552Z [command]/usr/bin/git config --local --name-only --get-regexp http\.https\:\/\/github\.com\/\.extraheader
2026-10-01T20:41:53.0912516Z http.https://github.com/.extraheader
2026-10-01T20:41:53.0918905Z [command]/usr/bin/git config --local --unset-all http.https://github.com/.extraheader
2026-10-01T20:41:53.0951552Z [command]/usr/bin/git submodule foreach --recursive sh -c "git config --local --name-only --get-regexp 'http\.https\:\/\/github\.com\/\.extraheader' && git config --local --unset-all 'http.https://github.com/.extraheader' || :"
2026-10-01T20:41:53.1140424Z [command]/usr/bin/git config --local --name-only --get-regexp ^includeIf\.gitdir:
2026-10-01T20:41:53.1169964Z [command]/usr/bin/git submodule foreach --recursive git config --local --show-origin --name-only --get-regexp remote.origin.url
2026-10-01T20:41:53.1451807Z Cleaning up orphan processes
2026-10-01T20:41:53.1662484Z ##[warning]Node.js 20 is deprecated. The following actions target Node.js 20 but are being forced to run on Node.js 24: actions/cache@v4, actions/checkout@v4, actions/setup-python@v5, actions/upload-artifact@v4. For more information see: https://github.blog/changelog/2025-09-19-deprecation-of-node-20-on-github-actions-runners/
