2026-10-03T10:32:12.3027046Z Current runner version: '2.337.0'
2026-10-03T10:32:12.3050529Z ##[group]Runner Image Provisioner
2026-10-03T10:32:12.3051724Z Hosted Compute Agent
2026-10-03T10:32:12.3052337Z Version: 20260901.588
2026-10-03T10:32:12.3053070Z Commit: f88ec8081b781fac6c440065ac7ff9e710ce3d0b
2026-10-03T10:32:12.3053852Z Build Date: 2026-09-01T19:56:44Z
2026-10-03T10:32:12.3054572Z Worker ID: {b038bd0f-1dfe-44c7-a4c2-1f0767d2593b}
2026-10-03T10:32:12.3055433Z Azure Region: westcentralus
2026-10-03T10:32:12.3056071Z ##[endgroup]
2026-10-03T10:32:12.3057788Z ##[group]Operating System
2026-10-03T10:32:12.3058484Z Ubuntu
2026-10-03T10:32:12.3059028Z 24.04.5
2026-10-03T10:32:12.3059950Z LTS
2026-10-03T10:32:12.3060496Z ##[endgroup]
2026-10-03T10:32:12.3061315Z ##[group]Runner Image
2026-10-03T10:32:12.3062001Z Image: ubuntu-24.04
2026-10-03T10:32:12.3062578Z Version: 20260927.320.1
2026-10-03T10:32:12.3063931Z Included Software: https://github.com/actions/runner-images/blob/ubuntu24/20260927.320/images/ubuntu/Ubuntu2404-Readme.md
2026-10-03T10:32:12.3065552Z Image Release: https://github.com/actions/runner-images/releases/tag/ubuntu24%2F20260927.320
2026-10-03T10:32:12.3066630Z ##[endgroup]
2026-10-03T10:32:12.3067832Z ##[group]GITHUB_TOKEN Permissions
2026-10-03T10:32:12.3070016Z Actions: read
2026-10-03T10:32:12.3070896Z Contents: read
2026-10-03T10:32:12.3071588Z Metadata: read
2026-10-03T10:32:12.3072137Z ##[endgroup]
2026-10-03T10:32:12.3074131Z Secret source: Actions
2026-10-03T10:32:12.3075261Z Cache mode: write
2026-10-03T10:32:12.3075930Z Prepare workflow directory
2026-10-03T10:32:12.3641744Z Prepare all required actions
2026-10-03T10:32:12.3689457Z Getting action download info
2026-10-03T10:32:12.6643833Z Download action repository 'actions/checkout@v4' (SHA:11d5960a326750d5838078e36cf38b85af677262)
2026-10-03T10:32:12.7501421Z Download action repository 'actions/setup-python@v5' (SHA:a26af69be951a213d495a4c3e4e4022e16d87065)
2026-10-03T10:32:12.8293861Z Download action repository 'actions/cache@v4' (SHA:0057852bfaa89a56745cba8c7296529d2fc39830)
2026-10-03T10:32:12.9259242Z Download action repository 'actions/upload-artifact@v4' (SHA:ea165f8d65b6e75b540449e92b4886f43607fa02)
2026-10-03T10:32:13.1487391Z Complete job name: development (5)
2026-10-03T10:32:13.2271027Z ##[group]Run actions/checkout@v4
2026-10-03T10:32:13.2272019Z with:
2026-10-03T10:32:13.2272465Z   repository: duuu-hub/bb-scanner
2026-10-03T10:32:13.2276446Z   token: ***
2026-10-03T10:32:13.2276875Z   ssh-strict: true
2026-10-03T10:32:13.2277303Z   ssh-user: git
2026-10-03T10:32:13.2277753Z   persist-credentials: true
2026-10-03T10:32:13.2278236Z   clean: true
2026-10-03T10:32:13.2278673Z   sparse-checkout-cone-mode: true
2026-10-03T10:32:13.2279198Z   fetch-depth: 1
2026-10-03T10:32:13.2279631Z   fetch-tags: false
2026-10-03T10:32:13.2280065Z   show-progress: true
2026-10-03T10:32:13.2280504Z   lfs: false
2026-10-03T10:32:13.2281170Z   submodules: false
2026-10-03T10:32:13.2281615Z   set-safe-directory: true
2026-10-03T10:32:13.2282114Z   allow-unsafe-pr-checkout: false
2026-10-03T10:32:13.2282928Z env:
2026-10-03T10:32:13.2286759Z   GH_TOKEN: ***
2026-10-03T10:32:13.2287181Z ##[endgroup]
2026-10-03T10:32:13.3335073Z Syncing repository: duuu-hub/bb-scanner
2026-10-03T10:32:13.3337997Z ##[group]Getting Git version info
2026-10-03T10:32:13.3339329Z Working directory is '/home/runner/work/bb-scanner/bb-scanner'
2026-10-03T10:32:13.3341285Z [command]/usr/bin/git version
2026-10-03T10:32:13.3415633Z git version 2.55.0
2026-10-03T10:32:13.3439916Z ##[endgroup]
2026-10-03T10:32:13.3458318Z Temporarily overriding HOME='/home/runner/work/_temp/94d1450c-c106-44d4-a5eb-cd84f8ae4739' before making global git config changes
2026-10-03T10:32:13.3461288Z Adding repository directory to the temporary git global config as a safe directory
2026-10-03T10:32:13.3464557Z [command]/usr/bin/git config --global --add safe.directory /home/runner/work/bb-scanner/bb-scanner
2026-10-03T10:32:13.3520426Z Deleting the contents of '/home/runner/work/bb-scanner/bb-scanner'
2026-10-03T10:32:13.3536490Z ##[group]Initializing the repository
2026-10-03T10:32:13.3538642Z [command]/usr/bin/git init /home/runner/work/bb-scanner/bb-scanner
2026-10-03T10:32:13.3632076Z hint: Using 'master' as the name for the initial branch. This default branch name
2026-10-03T10:32:13.3633862Z hint: will change to "main" in Git 3.0. To configure the initial branch name
2026-10-03T10:32:13.3634852Z hint: to use in all of your new repositories, which will suppress this warning,
2026-10-03T10:32:13.3635586Z hint: call:
2026-10-03T10:32:13.3635983Z hint:
2026-10-03T10:32:13.3636501Z hint: 	git config --global init.defaultBranch <name>
2026-10-03T10:32:13.3637115Z hint:
2026-10-03T10:32:13.3637690Z hint: Names commonly chosen instead of 'master' are 'main', 'trunk' and
2026-10-03T10:32:13.3638613Z hint: 'development'. The just-created branch can be renamed via this command:
2026-10-03T10:32:13.3639346Z hint:
2026-10-03T10:32:13.3639768Z hint: 	git branch -m <name>
2026-10-03T10:32:13.3640257Z hint:
2026-10-03T10:32:13.3641353Z hint: Disable this message with "git config set advice.defaultBranchName false"
2026-10-03T10:32:13.3647724Z Initialized empty Git repository in /home/runner/work/bb-scanner/bb-scanner/.git/
2026-10-03T10:32:13.3658720Z [command]/usr/bin/git remote add origin https://github.com/duuu-hub/bb-scanner
2026-10-03T10:32:13.3721793Z ##[endgroup]
2026-10-03T10:32:13.3723388Z ##[group]Disabling automatic garbage collection
2026-10-03T10:32:13.3725603Z [command]/usr/bin/git config --local gc.auto 0
2026-10-03T10:32:13.3767904Z ##[endgroup]
2026-10-03T10:32:13.3769000Z ##[group]Setting up auth
2026-10-03T10:32:13.3769995Z [command]/usr/bin/git config --local --name-only --get-regexp core\.sshCommand
2026-10-03T10:32:13.3813461Z [command]/usr/bin/git submodule foreach --recursive sh -c "git config --local --name-only --get-regexp 'core\.sshCommand' && git config --local --unset-all 'core.sshCommand' || :"
2026-10-03T10:32:13.4180086Z [command]/usr/bin/git config --local --name-only --get-regexp http\.https\:\/\/github\.com\/\.extraheader
2026-10-03T10:32:13.4219735Z [command]/usr/bin/git submodule foreach --recursive sh -c "git config --local --name-only --get-regexp 'http\.https\:\/\/github\.com\/\.extraheader' && git config --local --unset-all 'http.https://github.com/.extraheader' || :"
2026-10-03T10:32:13.4469106Z [command]/usr/bin/git config --local --name-only --get-regexp ^includeIf\.gitdir:
2026-10-03T10:32:13.4513453Z [command]/usr/bin/git submodule foreach --recursive git config --local --show-origin --name-only --get-regexp remote.origin.url
2026-10-03T10:32:13.4742792Z [command]/usr/bin/git config --local http.https://github.com/.extraheader AUTHORIZATION: basic ***
2026-10-03T10:32:13.4782172Z ##[endgroup]
2026-10-03T10:32:13.4783852Z ##[group]Fetching the repository
2026-10-03T10:32:13.4795623Z [command]/usr/bin/git -c protocol.version=2 fetch --no-tags --prune --no-recurse-submodules --depth=1 origin +3d3f315a426f72fefd7933347f71061e725cdf54:refs/remotes/origin/research-session-opening-range-sweep-v20
2026-10-03T10:32:15.1145931Z From https://github.com/duuu-hub/bb-scanner
2026-10-03T10:32:15.1148555Z  * [new ref]         3d3f315a426f72fefd7933347f71061e725cdf54 -> origin/research-session-opening-range-sweep-v20
2026-10-03T10:32:15.1177463Z ##[endgroup]
2026-10-03T10:32:15.1178872Z ##[group]Determining the checkout info
2026-10-03T10:32:15.1180898Z ##[endgroup]
2026-10-03T10:32:15.1187912Z [command]/usr/bin/git sparse-checkout disable
2026-10-03T10:32:15.1239244Z [command]/usr/bin/git config --local --unset-all extensions.worktreeConfig
2026-10-03T10:32:15.1272089Z ##[group]Checking out the ref
2026-10-03T10:32:15.1277009Z [command]/usr/bin/git checkout --progress --force -B research-session-opening-range-sweep-v20 refs/remotes/origin/research-session-opening-range-sweep-v20
2026-10-03T10:32:15.3582410Z Switched to a new branch 'research-session-opening-range-sweep-v20'
2026-10-03T10:32:15.3587265Z branch 'research-session-opening-range-sweep-v20' set up to track 'origin/research-session-opening-range-sweep-v20'.
2026-10-03T10:32:15.3598141Z ##[endgroup]
2026-10-03T10:32:15.3644318Z [command]/usr/bin/git log -1 --format=%H
2026-10-03T10:32:15.3671041Z 3d3f315a426f72fefd7933347f71061e725cdf54
2026-10-03T10:32:15.4028507Z ##[group]Run actions/setup-python@v5
2026-10-03T10:32:15.4029706Z with:
2026-10-03T10:32:15.4030534Z   python-version: 3.12
2026-10-03T10:32:15.4031663Z   check-latest: false
2026-10-03T10:32:15.4042388Z   token: ***
2026-10-03T10:32:15.4043270Z   update-environment: true
2026-10-03T10:32:15.4044292Z   allow-prereleases: false
2026-10-03T10:32:15.4045295Z   freethreaded: false
2026-10-03T10:32:15.4046185Z env:
2026-10-03T10:32:15.4056581Z   GH_TOKEN: ***
2026-10-03T10:32:15.4057444Z ##[endgroup]
2026-10-03T10:32:15.5374951Z ##[group]Installed versions
2026-10-03T10:32:15.5478589Z (node:2360) [DEP0040] DeprecationWarning: The `punycode` module is deprecated. Please use a userland alternative instead.
2026-10-03T10:32:15.5483194Z (Use `node --trace-deprecation ...` to show where the warning was created)
2026-10-03T10:32:15.5485839Z Successfully set up CPython (3.12.14)
2026-10-03T10:32:15.5489975Z ##[endgroup]
2026-10-03T10:32:15.5730874Z ##[group]Run set -euo pipefail
2026-10-03T10:32:15.5732645Z [36;1mset -euo pipefail[0m
2026-10-03T10:32:15.5734373Z [36;1mpip install pandas==2.3.3 numpy==2.3.3[0m
2026-10-03T10:32:15.6042345Z shell: /usr/bin/bash --noprofile --norc -e -o pipefail {0}
2026-10-03T10:32:15.6043825Z env:
2026-10-03T10:32:15.6055289Z   GH_TOKEN: ***
2026-10-03T10:32:15.6056386Z   pythonLocation: /opt/hostedtoolcache/Python/3.12.14/x64
2026-10-03T10:32:15.6058206Z   PKG_CONFIG_PATH: /opt/hostedtoolcache/Python/3.12.14/x64/lib/pkgconfig
2026-10-03T10:32:15.6060024Z   Python_ROOT_DIR: /opt/hostedtoolcache/Python/3.12.14/x64
2026-10-03T10:32:15.6061786Z   Python2_ROOT_DIR: /opt/hostedtoolcache/Python/3.12.14/x64
2026-10-03T10:32:15.6063405Z   Python3_ROOT_DIR: /opt/hostedtoolcache/Python/3.12.14/x64
2026-10-03T10:32:15.6065035Z   LD_LIBRARY_PATH: /opt/hostedtoolcache/Python/3.12.14/x64/lib
2026-10-03T10:32:15.6066436Z ##[endgroup]
2026-10-03T10:32:16.9796987Z Collecting pandas==2.3.3
2026-10-03T10:32:17.0905105Z   Downloading pandas-2.3.3-cp312-cp312-manylinux_2_24_x86_64.manylinux_2_28_x86_64.whl.metadata (91 kB)
2026-10-03T10:32:17.3764386Z Collecting numpy==2.3.3
2026-10-03T10:32:17.3981048Z   Downloading numpy-2.3.3-cp312-cp312-manylinux_2_27_x86_64.manylinux_2_28_x86_64.whl.metadata (62 kB)
2026-10-03T10:32:17.4401363Z Collecting python-dateutil>=2.8.2 (from pandas==2.3.3)
2026-10-03T10:32:17.4595918Z   Downloading python_dateutil-2.9.0.post0-py2.py3-none-any.whl.metadata (8.4 kB)
2026-10-03T10:32:17.5086744Z Collecting pytz>=2020.1 (from pandas==2.3.3)
2026-10-03T10:32:17.5278702Z   Downloading pytz-2026.4-py2.py3-none-any.whl.metadata (22 kB)
2026-10-03T10:32:17.5581577Z Collecting tzdata>=2022.7 (from pandas==2.3.3)
2026-10-03T10:32:17.5773913Z   Downloading tzdata-2026.5-py2.py3-none-any.whl.metadata (1.4 kB)
2026-10-03T10:32:17.6055592Z Collecting six>=1.5 (from python-dateutil>=2.8.2->pandas==2.3.3)
2026-10-03T10:32:17.6264526Z   Downloading six-1.17.0-py2.py3-none-any.whl.metadata (1.7 kB)
2026-10-03T10:32:17.6495645Z Downloading pandas-2.3.3-cp312-cp312-manylinux_2_24_x86_64.manylinux_2_28_x86_64.whl (12.4 MB)
2026-10-03T10:32:17.8564456Z    ━━━━━━━━━━━━━━━━━━━━━━━━━━━━━━━━━━━━━━━━ 12.4/12.4 MB 71.3 MB/s  0:00:00
2026-10-03T10:32:17.8789769Z Downloading numpy-2.3.3-cp312-cp312-manylinux_2_27_x86_64.manylinux_2_28_x86_64.whl (16.6 MB)
2026-10-03T10:32:17.9471406Z    ━━━━━━━━━━━━━━━━━━━━━━━━━━━━━━━━━━━━━━━━ 16.6/16.6 MB 250.0 MB/s  0:00:00
2026-10-03T10:32:17.9666498Z Downloading python_dateutil-2.9.0.post0-py2.py3-none-any.whl (229 kB)
2026-10-03T10:32:17.9882710Z Downloading pytz-2026.4-py2.py3-none-any.whl (506 kB)
2026-10-03T10:32:18.0103139Z Downloading six-1.17.0-py2.py3-none-any.whl (11 kB)
2026-10-03T10:32:18.0311597Z Downloading tzdata-2026.5-py2.py3-none-any.whl (347 kB)
2026-10-03T10:32:18.2144544Z Installing collected packages: pytz, tzdata, six, numpy, python-dateutil, pandas
2026-10-03T10:32:25.0158511Z 
2026-10-03T10:32:25.0175675Z Successfully installed numpy-2.3.3 pandas-2.3.3 python-dateutil-2.9.0.post0 pytz-2026.4 six-1.17.0 tzdata-2026.5
2026-10-03T10:32:25.0893413Z ##[group]Run actions/cache@v4
2026-10-03T10:32:25.0893705Z with:
2026-10-03T10:32:25.0893913Z   path: data
2026-10-03T10:32:25.0894151Z   key: frozen-source-36095439671-15m-shard-5
2026-10-03T10:32:25.0894452Z   enableCrossOsArchive: false
2026-10-03T10:32:25.0894704Z   fail-on-cache-miss: false
2026-10-03T10:32:25.0894961Z   lookup-only: false
2026-10-03T10:32:25.0895176Z   save-always: false
2026-10-03T10:32:25.0895405Z env:
2026-10-03T10:32:25.0898211Z   GH_TOKEN: ***
2026-10-03T10:32:25.0898503Z   pythonLocation: /opt/hostedtoolcache/Python/3.12.14/x64
2026-10-03T10:32:25.0898948Z   PKG_CONFIG_PATH: /opt/hostedtoolcache/Python/3.12.14/x64/lib/pkgconfig
2026-10-03T10:32:25.0899374Z   Python_ROOT_DIR: /opt/hostedtoolcache/Python/3.12.14/x64
2026-10-03T10:32:25.0899760Z   Python2_ROOT_DIR: /opt/hostedtoolcache/Python/3.12.14/x64
2026-10-03T10:32:25.0900156Z   Python3_ROOT_DIR: /opt/hostedtoolcache/Python/3.12.14/x64
2026-10-03T10:32:25.0900570Z   LD_LIBRARY_PATH: /opt/hostedtoolcache/Python/3.12.14/x64/lib
2026-10-03T10:32:25.0901186Z ##[endgroup]
2026-10-03T10:32:25.1947493Z (node:2396) [DEP0040] DeprecationWarning: The `punycode` module is deprecated. Please use a userland alternative instead.
2026-10-03T10:32:25.1948430Z (Use `node --trace-deprecation ...` to show where the warning was created)
2026-10-03T10:32:25.3724675Z Cache not found for input keys: frozen-source-36095439671-15m-shard-5
2026-10-03T10:32:25.3819191Z ##[group]Run set -euo pipefail
2026-10-03T10:32:25.3819529Z [36;1mset -euo pipefail[0m
2026-10-03T10:32:25.3819790Z [36;1mif [ '' != 'true' ]; then[0m
2026-10-03T10:32:25.3820304Z [36;1m  gh run download 36095439671 -R duuu-hub/bb-scanner -n rank5-binance-um-15m-5y-data-shard-5 -D data[0m
2026-10-03T10:32:25.3821144Z [36;1mfi[0m
2026-10-03T10:32:25.3821494Z [36;1mgh run download 36858492497 -R duuu-hub/bb-scanner -n day-edge-v2-btc -D btc[0m
2026-10-03T10:32:25.3822201Z [36;1mgh run download 36095439671 -R duuu-hub/bb-scanner -n rank5-binance-um-15m-5y-manifest-shard-5 -D source-manifest[0m
2026-10-03T10:32:25.3823348Z [36;1mpython scripts/research_evidence_archive.py verify-source --data data --manifests source-manifest --baseline research/session-opening-range-sweep-v20/FROZEN_INPUT_HASHES.json --out source-check.json[0m
2026-10-03T10:32:25.3890146Z shell: /usr/bin/bash --noprofile --norc -e -o pipefail {0}
2026-10-03T10:32:25.3890500Z env:
2026-10-03T10:32:25.3893494Z   GH_TOKEN: ***
2026-10-03T10:32:25.3893799Z   pythonLocation: /opt/hostedtoolcache/Python/3.12.14/x64
2026-10-03T10:32:25.3894235Z   PKG_CONFIG_PATH: /opt/hostedtoolcache/Python/3.12.14/x64/lib/pkgconfig
2026-10-03T10:32:25.3894665Z   Python_ROOT_DIR: /opt/hostedtoolcache/Python/3.12.14/x64
2026-10-03T10:32:25.3895047Z   Python2_ROOT_DIR: /opt/hostedtoolcache/Python/3.12.14/x64
2026-10-03T10:32:25.3895454Z   Python3_ROOT_DIR: /opt/hostedtoolcache/Python/3.12.14/x64
2026-10-03T10:32:25.3895846Z   LD_LIBRARY_PATH: /opt/hostedtoolcache/Python/3.12.14/x64/lib
2026-10-03T10:32:25.3896188Z ##[endgroup]
2026-10-03T10:32:43.0782701Z FROZEN_SOURCE_VERIFIED 107 files 37 prior SHA256 matches
2026-10-03T10:32:43.1237712Z ##[group]Run actions/cache@v4
2026-10-03T10:32:43.1237992Z with:
2026-10-03T10:32:43.1238196Z   path: cache/verified-1m
2026-10-03T10:32:43.1238489Z   key: session-opening-range-sweep-v20-dev-1m-shard-5
2026-10-03T10:32:43.1239618Z   restore-keys: taker-absorption-release-v12-dev-1m-shard-5
aggressive-flow-cascade-v11-dev-1m-shard-5
residual-reversion-v10-dev-1m-shard-5
cross-sectional-leader-v9-dev-1m-shard-5
premium-absorption-v8-dev-1m-shard-5
factor-lag-v6-dev-1m-shard-5
2026-10-03T10:32:43.1240958Z   enableCrossOsArchive: false
2026-10-03T10:32:43.1241325Z   fail-on-cache-miss: false
2026-10-03T10:32:43.1241557Z   lookup-only: false
2026-10-03T10:32:43.1241766Z   save-always: false
2026-10-03T10:32:43.1241956Z env:
2026-10-03T10:32:43.1244945Z   GH_TOKEN: ***
2026-10-03T10:32:43.1245227Z   pythonLocation: /opt/hostedtoolcache/Python/3.12.14/x64
2026-10-03T10:32:43.1245664Z   PKG_CONFIG_PATH: /opt/hostedtoolcache/Python/3.12.14/x64/lib/pkgconfig
2026-10-03T10:32:43.1246119Z   Python_ROOT_DIR: /opt/hostedtoolcache/Python/3.12.14/x64
2026-10-03T10:32:43.1246495Z   Python2_ROOT_DIR: /opt/hostedtoolcache/Python/3.12.14/x64
2026-10-03T10:32:43.1246876Z   Python3_ROOT_DIR: /opt/hostedtoolcache/Python/3.12.14/x64
2026-10-03T10:32:43.1247255Z   LD_LIBRARY_PATH: /opt/hostedtoolcache/Python/3.12.14/x64/lib
2026-10-03T10:32:43.1247573Z ##[endgroup]
2026-10-03T10:32:43.2355865Z (node:2439) [DEP0040] DeprecationWarning: The `punycode` module is deprecated. Please use a userland alternative instead.
2026-10-03T10:32:43.2357067Z (Use `node --trace-deprecation ...` to show where the warning was created)
2026-10-03T10:32:43.4158746Z Cache not found for input keys: session-opening-range-sweep-v20-dev-1m-shard-5, taker-absorption-release-v12-dev-1m-shard-5, aggressive-flow-cascade-v11-dev-1m-shard-5, residual-reversion-v10-dev-1m-shard-5, cross-sectional-leader-v9-dev-1m-shard-5, premium-absorption-v8-dev-1m-shard-5, factor-lag-v6-dev-1m-shard-5
2026-10-03T10:32:43.4236348Z ##[group]Run set -euo pipefail
2026-10-03T10:32:43.4236650Z [36;1mset -euo pipefail[0m
2026-10-03T10:32:43.4237403Z [36;1mpython scripts/session_opening_range_sweep_v20.py scan --stage DEV --data data --btc btc/BTCUSDT.csv.gz --source-check source-check.json --out dev-5 --minute-cache cache/verified-1m[0m
2026-10-03T10:32:43.4301425Z shell: /usr/bin/bash --noprofile --norc -e -o pipefail {0}
2026-10-03T10:32:43.4301767Z env:
2026-10-03T10:32:43.4304526Z   GH_TOKEN: ***
2026-10-03T10:32:43.4304820Z   pythonLocation: /opt/hostedtoolcache/Python/3.12.14/x64
2026-10-03T10:32:43.4305252Z   PKG_CONFIG_PATH: /opt/hostedtoolcache/Python/3.12.14/x64/lib/pkgconfig
2026-10-03T10:32:43.4305686Z   Python_ROOT_DIR: /opt/hostedtoolcache/Python/3.12.14/x64
2026-10-03T10:32:43.4306069Z   Python2_ROOT_DIR: /opt/hostedtoolcache/Python/3.12.14/x64
2026-10-03T10:32:43.4306471Z   Python3_ROOT_DIR: /opt/hostedtoolcache/Python/3.12.14/x64
2026-10-03T10:32:43.4306878Z   LD_LIBRARY_PATH: /opt/hostedtoolcache/Python/3.12.14/x64/lib
2026-10-03T10:32:43.4307208Z ##[endgroup]
2026-10-03T10:32:44.6212720Z /home/runner/work/bb-scanner/bb-scanner/scripts/session_opening_range_sweep_v20.py:77: RuntimeWarning: invalid value encountered in divide
2026-10-03T10:32:44.6214552Z   f['session_vwap'][k:z]=np.where(valid,numer/denom,np.nan)
2026-10-03T10:33:16.0765065Z /home/runner/work/bb-scanner/bb-scanner/scripts/session_opening_range_sweep_v20.py:77: RuntimeWarning: invalid value encountered in divide
2026-10-03T10:33:16.0766443Z   f['session_vwap'][k:z]=np.where(valid,numer/denom,np.nan)
2026-10-03T10:34:40.7498271Z /home/runner/work/bb-scanner/bb-scanner/scripts/session_opening_range_sweep_v20.py:77: RuntimeWarning: invalid value encountered in divide
2026-10-03T10:34:40.7499802Z   f['session_vwap'][k:z]=np.where(valid,numer/denom,np.nan)
2026-10-03T10:34:41.2664718Z V20_OPENING_RANGE_SWEEP_SCAN DEV 48 / 107 parameterized_outcomes 496
2026-10-03T10:35:55.5972509Z V20_OPENING_RANGE_SWEEP_SCAN DEV 80 / 107 parameterized_outcomes 828
2026-10-03T10:37:47.1109350Z V20_OPENING_RANGE_SWEEP_SCAN_DONE DEV 1298 chronology_exclusions 0
2026-10-03T10:37:47.1626394Z ##[group]Run actions/upload-artifact@v4
2026-10-03T10:37:47.1626689Z with:
2026-10-03T10:37:47.1626921Z   name: session-opening-range-sweep-v20-dev-5
2026-10-03T10:37:47.1627216Z   path: dev-5/
2026-10-03T10:37:47.1627417Z   retention-days: 30
2026-10-03T10:37:47.1627630Z   compression-level: 0
2026-10-03T10:37:47.1627849Z   if-no-files-found: warn
2026-10-03T10:37:47.1628074Z   overwrite: false
2026-10-03T10:37:47.1628282Z   include-hidden-files: false
2026-10-03T10:37:47.1628506Z env:
2026-10-03T10:37:47.1631594Z   GH_TOKEN: ***
2026-10-03T10:37:47.1631886Z   pythonLocation: /opt/hostedtoolcache/Python/3.12.14/x64
2026-10-03T10:37:47.1632316Z   PKG_CONFIG_PATH: /opt/hostedtoolcache/Python/3.12.14/x64/lib/pkgconfig
2026-10-03T10:37:47.1632941Z   Python_ROOT_DIR: /opt/hostedtoolcache/Python/3.12.14/x64
2026-10-03T10:37:47.1633315Z   Python2_ROOT_DIR: /opt/hostedtoolcache/Python/3.12.14/x64
2026-10-03T10:37:47.1633681Z   Python3_ROOT_DIR: /opt/hostedtoolcache/Python/3.12.14/x64
2026-10-03T10:37:47.1634081Z   LD_LIBRARY_PATH: /opt/hostedtoolcache/Python/3.12.14/x64/lib
2026-10-03T10:37:47.1634396Z ##[endgroup]
2026-10-03T10:37:47.3227601Z (node:2547) [DEP0040] DeprecationWarning: The `punycode` module is deprecated. Please use a userland alternative instead.
2026-10-03T10:37:47.3228495Z (Use `node --trace-deprecation ...` to show where the warning was created)
2026-10-03T10:37:47.3769858Z With the provided path, there will be 256 files uploaded
2026-10-03T10:37:47.3771003Z Artifact name is valid!
2026-10-03T10:37:47.3771940Z Root directory input is valid!
2026-10-03T10:37:47.7094832Z Beginning upload of artifact content to blob storage
2026-10-03T10:37:47.8402762Z (node:2547) [DEP0169] DeprecationWarning: `url.parse()` behavior is not standardized and prone to errors that have security implications. Use the WHATWG URL API instead. CVEs are not issued for `url.parse()` vulnerabilities.
2026-10-03T10:37:48.5263162Z Uploaded bytes 8388608
2026-10-03T10:37:48.5499348Z Uploaded bytes 16777216
2026-10-03T10:37:48.5846996Z Uploaded bytes 25165824
2026-10-03T10:37:48.6300555Z Uploaded bytes 33554432
2026-10-03T10:37:48.7771476Z Uploaded bytes 41943040
2026-10-03T10:37:48.7911992Z Uploaded bytes 50331648
2026-10-03T10:37:48.8431259Z Uploaded bytes 58720256
2026-10-03T10:37:48.8617824Z Uploaded bytes 67108864
2026-10-03T10:37:48.9965709Z Uploaded bytes 75497472
2026-10-03T10:37:49.0097923Z Uploaded bytes 83886080
2026-10-03T10:37:49.0404587Z Uploaded bytes 92274688
2026-10-03T10:37:49.0763877Z Uploaded bytes 100663296
2026-10-03T10:37:49.2018787Z Uploaded bytes 109051904
2026-10-03T10:37:49.4798142Z Uploaded bytes 116640077
2026-10-03T10:37:49.5385217Z Finished uploading artifact content to blob storage!
2026-10-03T10:37:49.5389155Z SHA256 digest of uploaded artifact zip is f219ca5c9949eac00bcf433cb018c17517589472e01598e2d7143ef12b790dbf
2026-10-03T10:37:49.5392010Z Finalizing artifact upload
2026-10-03T10:37:49.7786537Z Artifact session-opening-range-sweep-v20-dev-5.zip successfully finalized. Artifact ID 11271812237
2026-10-03T10:37:49.7788346Z Artifact session-opening-range-sweep-v20-dev-5 has been successfully uploaded! Final size is 116640077 bytes. Artifact ID is 11271812237
2026-10-03T10:37:49.7795343Z Artifact download URL: https://github.com/duuu-hub/bb-scanner/actions/runs/37116650810/artifacts/11271812237
2026-10-03T10:37:49.8026180Z Post job cleanup.
2026-10-03T10:37:49.9066794Z (node:2561) [DEP0040] DeprecationWarning: The `punycode` module is deprecated. Please use a userland alternative instead.
2026-10-03T10:37:49.9067884Z (Use `node --trace-deprecation ...` to show where the warning was created)
2026-10-03T10:37:49.9323956Z [command]/usr/bin/tar --posix -cf cache.tzst --exclude cache.tzst -P -C /home/runner/work/bb-scanner/bb-scanner --files-from manifest.txt --use-compress-program zstdmt
2026-10-03T10:37:50.3627365Z (node:2561) [DEP0169] DeprecationWarning: `url.parse()` behavior is not standardized and prone to errors that have security implications. Use the WHATWG URL API instead. CVEs are not issued for `url.parse()` vulnerabilities.
2026-10-03T10:37:51.3524441Z Sent 7887310 of 142105038 (5.6%), 7.5 MBs/sec
2026-10-03T10:37:51.9658080Z Sent 142105038 of 142105038 (100.0%), 84.0 MBs/sec
2026-10-03T10:37:52.0842071Z Cache saved with key: session-opening-range-sweep-v20-dev-1m-shard-5
2026-10-03T10:37:52.0962464Z Post job cleanup.
2026-10-03T10:37:52.2023474Z (node:2582) [DEP0040] DeprecationWarning: The `punycode` module is deprecated. Please use a userland alternative instead.
2026-10-03T10:37:52.2024610Z (Use `node --trace-deprecation ...` to show where the warning was created)
2026-10-03T10:37:52.2216320Z [command]/usr/bin/tar --posix -cf cache.tzst --exclude cache.tzst -P -C /home/runner/work/bb-scanner/bb-scanner --files-from manifest.txt --use-compress-program zstdmt
2026-10-03T10:37:52.7172286Z (node:2582) [DEP0169] DeprecationWarning: `url.parse()` behavior is not standardized and prone to errors that have security implications. Use the WHATWG URL API instead. CVEs are not issued for `url.parse()` vulnerabilities.
2026-10-03T10:37:53.7023509Z Sent 0 of 252769304 (0.0%), 0.0 MBs/sec
2026-10-03T10:37:54.3260467Z Sent 252769304 of 252769304 (100.0%), 148.4 MBs/sec
2026-10-03T10:37:54.4437341Z Cache saved with key: frozen-source-36095439671-15m-shard-5
2026-10-03T10:37:54.4569855Z Post job cleanup.
2026-10-03T10:37:54.5803484Z (node:2602) [DEP0040] DeprecationWarning: The `punycode` module is deprecated. Please use a userland alternative instead.
2026-10-03T10:37:54.5804749Z (Use `node --trace-deprecation ...` to show where the warning was created)
2026-10-03T10:37:54.5982976Z Post job cleanup.
2026-10-03T10:37:54.6872556Z [command]/usr/bin/git version
2026-10-03T10:37:54.6918374Z git version 2.55.0
2026-10-03T10:37:54.6963457Z Temporarily overriding HOME='/home/runner/work/_temp/533d503c-24f8-4c27-933e-f60345029f5f' before making global git config changes
2026-10-03T10:37:54.6978745Z Adding repository directory to the temporary git global config as a safe directory
2026-10-03T10:37:54.6980039Z [command]/usr/bin/git config --global --add safe.directory /home/runner/work/bb-scanner/bb-scanner
2026-10-03T10:37:54.7017101Z [command]/usr/bin/git config --local --name-only --get-regexp core\.sshCommand
2026-10-03T10:37:54.7065098Z [command]/usr/bin/git submodule foreach --recursive sh -c "git config --local --name-only --get-regexp 'core\.sshCommand' && git config --local --unset-all 'core.sshCommand' || :"
2026-10-03T10:37:54.7379020Z [command]/usr/bin/git config --local --name-only --get-regexp http\.https\:\/\/github\.com\/\.extraheader
2026-10-03T10:37:54.7415316Z http.https://github.com/.extraheader
2026-10-03T10:37:54.7428686Z [command]/usr/bin/git config --local --unset-all http.https://github.com/.extraheader
2026-10-03T10:37:54.7475230Z [command]/usr/bin/git submodule foreach --recursive sh -c "git config --local --name-only --get-regexp 'http\.https\:\/\/github\.com\/\.extraheader' && git config --local --unset-all 'http.https://github.com/.extraheader' || :"
2026-10-03T10:37:54.7734471Z [command]/usr/bin/git config --local --name-only --get-regexp ^includeIf\.gitdir:
2026-10-03T10:37:54.7778329Z [command]/usr/bin/git submodule foreach --recursive git config --local --show-origin --name-only --get-regexp remote.origin.url
2026-10-03T10:37:54.8179708Z Cleaning up orphan processes
2026-10-03T10:37:54.8574143Z ##[warning]Node.js 20 is deprecated. The following actions target Node.js 20 but are being forced to run on Node.js 24: actions/cache@v4, actions/checkout@v4, actions/setup-python@v5, actions/upload-artifact@v4. For more information see: https://github.blog/changelog/2025-09-19-deprecation-of-node-20-on-github-actions-runners/
