2026-10-03T10:32:12.0621920Z Current runner version: '2.337.0'
2026-10-03T10:32:12.0649566Z ##[group]Runner Image Provisioner
2026-10-03T10:32:12.0650531Z Hosted Compute Agent
2026-10-03T10:32:12.0651178Z Version: 20260901.588
2026-10-03T10:32:12.0651825Z Commit: f88ec8081b781fac6c440065ac7ff9e710ce3d0b
2026-10-03T10:32:12.0652665Z Build Date: 2026-09-01T19:56:44Z
2026-10-03T10:32:12.0653428Z Worker ID: {093d54b5-984b-4a34-bb80-6ade6ef6f2d2}
2026-10-03T10:32:12.0654402Z Azure Region: centralus
2026-10-03T10:32:12.0655059Z ##[endgroup]
2026-10-03T10:32:12.0656489Z ##[group]Operating System
2026-10-03T10:32:12.0657222Z Ubuntu
2026-10-03T10:32:12.0657818Z 24.04.5
2026-10-03T10:32:12.0658787Z LTS
2026-10-03T10:32:12.0659354Z ##[endgroup]
2026-10-03T10:32:12.0659942Z ##[group]Runner Image
2026-10-03T10:32:12.0660620Z Image: ubuntu-24.04
2026-10-03T10:32:12.0661258Z Version: 20260927.320.1
2026-10-03T10:32:12.0662618Z Included Software: https://github.com/actions/runner-images/blob/ubuntu24/20260927.320/images/ubuntu/Ubuntu2404-Readme.md
2026-10-03T10:32:12.0664427Z Image Release: https://github.com/actions/runner-images/releases/tag/ubuntu24%2F20260927.320
2026-10-03T10:32:12.0665563Z ##[endgroup]
2026-10-03T10:32:12.0666847Z ##[group]GITHUB_TOKEN Permissions
2026-10-03T10:32:12.0669123Z Actions: read
2026-10-03T10:32:12.0669760Z Contents: read
2026-10-03T10:32:12.0670465Z Metadata: read
2026-10-03T10:32:12.0671112Z ##[endgroup]
2026-10-03T10:32:12.0673972Z Secret source: Actions
2026-10-03T10:32:12.0675431Z Cache mode: write
2026-10-03T10:32:12.0676555Z Prepare workflow directory
2026-10-03T10:32:12.1195954Z Prepare all required actions
2026-10-03T10:32:12.1244093Z Getting action download info
2026-10-03T10:32:12.3917672Z Download action repository 'actions/checkout@v4' (SHA:11d5960a326750d5838078e36cf38b85af677262)
2026-10-03T10:32:12.5016263Z Download action repository 'actions/setup-python@v5' (SHA:a26af69be951a213d495a4c3e4e4022e16d87065)
2026-10-03T10:32:12.5842137Z Download action repository 'actions/cache@v4' (SHA:0057852bfaa89a56745cba8c7296529d2fc39830)
2026-10-03T10:32:12.6857365Z Download action repository 'actions/upload-artifact@v4' (SHA:ea165f8d65b6e75b540449e92b4886f43607fa02)
2026-10-03T10:32:12.8997089Z Complete job name: development (3)
2026-10-03T10:32:12.9708625Z ##[group]Run actions/checkout@v4
2026-10-03T10:32:12.9709453Z with:
2026-10-03T10:32:12.9710132Z   repository: duuu-hub/bb-scanner
2026-10-03T10:32:12.9714040Z   token: ***
2026-10-03T10:32:12.9714630Z   ssh-strict: true
2026-10-03T10:32:12.9715093Z   ssh-user: git
2026-10-03T10:32:12.9715554Z   persist-credentials: true
2026-10-03T10:32:12.9716041Z   clean: true
2026-10-03T10:32:12.9716491Z   sparse-checkout-cone-mode: true
2026-10-03T10:32:12.9717010Z   fetch-depth: 1
2026-10-03T10:32:12.9717449Z   fetch-tags: false
2026-10-03T10:32:12.9717893Z   show-progress: true
2026-10-03T10:32:12.9718337Z   lfs: false
2026-10-03T10:32:12.9718749Z   submodules: false
2026-10-03T10:32:12.9719191Z   set-safe-directory: true
2026-10-03T10:32:12.9719694Z   allow-unsafe-pr-checkout: false
2026-10-03T10:32:12.9720491Z env:
2026-10-03T10:32:12.9724072Z   GH_TOKEN: ***
2026-10-03T10:32:12.9724844Z ##[endgroup]
2026-10-03T10:32:13.0812367Z Syncing repository: duuu-hub/bb-scanner
2026-10-03T10:32:13.0815571Z ##[group]Getting Git version info
2026-10-03T10:32:13.0816767Z Working directory is '/home/runner/work/bb-scanner/bb-scanner'
2026-10-03T10:32:13.0818304Z [command]/usr/bin/git version
2026-10-03T10:32:13.0882061Z git version 2.55.0
2026-10-03T10:32:13.0892652Z ##[endgroup]
2026-10-03T10:32:13.0919890Z Temporarily overriding HOME='/home/runner/work/_temp/cc8906fb-664f-42b9-9e89-6c07f214094f' before making global git config changes
2026-10-03T10:32:13.0922715Z Adding repository directory to the temporary git global config as a safe directory
2026-10-03T10:32:13.0926519Z [command]/usr/bin/git config --global --add safe.directory /home/runner/work/bb-scanner/bb-scanner
2026-10-03T10:32:13.1012278Z Deleting the contents of '/home/runner/work/bb-scanner/bb-scanner'
2026-10-03T10:32:13.1018226Z ##[group]Initializing the repository
2026-10-03T10:32:13.1023612Z [command]/usr/bin/git init /home/runner/work/bb-scanner/bb-scanner
2026-10-03T10:32:13.1132362Z hint: Using 'master' as the name for the initial branch. This default branch name
2026-10-03T10:32:13.1134534Z hint: will change to "main" in Git 3.0. To configure the initial branch name
2026-10-03T10:32:13.1136047Z hint: to use in all of your new repositories, which will suppress this warning,
2026-10-03T10:32:13.1137473Z hint: call:
2026-10-03T10:32:13.1138355Z hint:
2026-10-03T10:32:13.1139438Z hint: 	git config --global init.defaultBranch <name>
2026-10-03T10:32:13.1140703Z hint:
2026-10-03T10:32:13.1141956Z hint: Names commonly chosen instead of 'master' are 'main', 'trunk' and
2026-10-03T10:32:13.1143728Z hint: 'development'. The just-created branch can be renamed via this command:
2026-10-03T10:32:13.1145438Z hint:
2026-10-03T10:32:13.1146429Z hint: 	git branch -m <name>
2026-10-03T10:32:13.1147379Z hint:
2026-10-03T10:32:13.1148585Z hint: Disable this message with "git config set advice.defaultBranchName false"
2026-10-03T10:32:13.1151044Z Initialized empty Git repository in /home/runner/work/bb-scanner/bb-scanner/.git/
2026-10-03T10:32:13.1155101Z [command]/usr/bin/git remote add origin https://github.com/duuu-hub/bb-scanner
2026-10-03T10:32:13.1209345Z ##[endgroup]
2026-10-03T10:32:13.1210702Z ##[group]Disabling automatic garbage collection
2026-10-03T10:32:13.1214821Z [command]/usr/bin/git config --local gc.auto 0
2026-10-03T10:32:13.1251850Z ##[endgroup]
2026-10-03T10:32:13.1253219Z ##[group]Setting up auth
2026-10-03T10:32:13.1260009Z [command]/usr/bin/git config --local --name-only --get-regexp core\.sshCommand
2026-10-03T10:32:13.1297332Z [command]/usr/bin/git submodule foreach --recursive sh -c "git config --local --name-only --get-regexp 'core\.sshCommand' && git config --local --unset-all 'core.sshCommand' || :"
2026-10-03T10:32:13.1724464Z [command]/usr/bin/git config --local --name-only --get-regexp http\.https\:\/\/github\.com\/\.extraheader
2026-10-03T10:32:13.1768349Z [command]/usr/bin/git submodule foreach --recursive sh -c "git config --local --name-only --get-regexp 'http\.https\:\/\/github\.com\/\.extraheader' && git config --local --unset-all 'http.https://github.com/.extraheader' || :"
2026-10-03T10:32:13.2043750Z [command]/usr/bin/git config --local --name-only --get-regexp ^includeIf\.gitdir:
2026-10-03T10:32:13.2087629Z [command]/usr/bin/git submodule foreach --recursive git config --local --show-origin --name-only --get-regexp remote.origin.url
2026-10-03T10:32:13.2343303Z [command]/usr/bin/git config --local http.https://github.com/.extraheader AUTHORIZATION: basic ***
2026-10-03T10:32:13.2389079Z ##[endgroup]
2026-10-03T10:32:13.2390338Z ##[group]Fetching the repository
2026-10-03T10:32:13.2401206Z [command]/usr/bin/git -c protocol.version=2 fetch --no-tags --prune --no-recurse-submodules --depth=1 origin +3d3f315a426f72fefd7933347f71061e725cdf54:refs/remotes/origin/research-session-opening-range-sweep-v20
2026-10-03T10:32:14.4437288Z From https://github.com/duuu-hub/bb-scanner
2026-10-03T10:32:14.4439380Z  * [new ref]         3d3f315a426f72fefd7933347f71061e725cdf54 -> origin/research-session-opening-range-sweep-v20
2026-10-03T10:32:14.4443622Z ##[endgroup]
2026-10-03T10:32:14.4445278Z ##[group]Determining the checkout info
2026-10-03T10:32:14.4447131Z ##[endgroup]
2026-10-03T10:32:14.4452113Z [command]/usr/bin/git sparse-checkout disable
2026-10-03T10:32:14.4547409Z [command]/usr/bin/git config --local --unset-all extensions.worktreeConfig
2026-10-03T10:32:14.4550535Z ##[group]Checking out the ref
2026-10-03T10:32:14.4563078Z [command]/usr/bin/git checkout --progress --force -B research-session-opening-range-sweep-v20 refs/remotes/origin/research-session-opening-range-sweep-v20
2026-10-03T10:32:14.7056696Z Switched to a new branch 'research-session-opening-range-sweep-v20'
2026-10-03T10:32:14.7059459Z branch 'research-session-opening-range-sweep-v20' set up to track 'origin/research-session-opening-range-sweep-v20'.
2026-10-03T10:32:14.7073856Z ##[endgroup]
2026-10-03T10:32:14.7124711Z [command]/usr/bin/git log -1 --format=%H
2026-10-03T10:32:14.7155551Z 3d3f315a426f72fefd7933347f71061e725cdf54
2026-10-03T10:32:14.7433435Z ##[group]Run actions/setup-python@v5
2026-10-03T10:32:14.7433838Z with:
2026-10-03T10:32:14.7434110Z   python-version: 3.12
2026-10-03T10:32:14.7434643Z   check-latest: false
2026-10-03T10:32:14.7437145Z   token: ***
2026-10-03T10:32:14.7437432Z   update-environment: true
2026-10-03T10:32:14.7437760Z   allow-prereleases: false
2026-10-03T10:32:14.7438057Z   freethreaded: false
2026-10-03T10:32:14.7438328Z env:
2026-10-03T10:32:14.7440652Z   GH_TOKEN: ***
2026-10-03T10:32:14.7440914Z ##[endgroup]
2026-10-03T10:32:14.8838003Z ##[group]Installed versions
2026-10-03T10:32:14.8920270Z (node:2293) [DEP0040] DeprecationWarning: The `punycode` module is deprecated. Please use a userland alternative instead.
2026-10-03T10:32:14.8921691Z (Use `node --trace-deprecation ...` to show where the warning was created)
2026-10-03T10:32:14.8922545Z Successfully set up CPython (3.12.14)
2026-10-03T10:32:14.8923534Z ##[endgroup]
2026-10-03T10:32:14.9108810Z ##[group]Run set -euo pipefail
2026-10-03T10:32:14.9109311Z [36;1mset -euo pipefail[0m
2026-10-03T10:32:14.9109680Z [36;1mpip install pandas==2.3.3 numpy==2.3.3[0m
2026-10-03T10:32:14.9401658Z shell: /usr/bin/bash --noprofile --norc -e -o pipefail {0}
2026-10-03T10:32:14.9402173Z env:
2026-10-03T10:32:14.9405174Z   GH_TOKEN: ***
2026-10-03T10:32:14.9405567Z   pythonLocation: /opt/hostedtoolcache/Python/3.12.14/x64
2026-10-03T10:32:14.9406096Z   PKG_CONFIG_PATH: /opt/hostedtoolcache/Python/3.12.14/x64/lib/pkgconfig
2026-10-03T10:32:14.9406597Z   Python_ROOT_DIR: /opt/hostedtoolcache/Python/3.12.14/x64
2026-10-03T10:32:14.9407043Z   Python2_ROOT_DIR: /opt/hostedtoolcache/Python/3.12.14/x64
2026-10-03T10:32:14.9407487Z   Python3_ROOT_DIR: /opt/hostedtoolcache/Python/3.12.14/x64
2026-10-03T10:32:14.9407945Z   LD_LIBRARY_PATH: /opt/hostedtoolcache/Python/3.12.14/x64/lib
2026-10-03T10:32:14.9408366Z ##[endgroup]
2026-10-03T10:32:15.9518879Z Collecting pandas==2.3.3
2026-10-03T10:32:16.0213515Z   Downloading pandas-2.3.3-cp312-cp312-manylinux_2_24_x86_64.manylinux_2_28_x86_64.whl.metadata (91 kB)
2026-10-03T10:32:16.3143383Z Collecting numpy==2.3.3
2026-10-03T10:32:16.3257284Z   Downloading numpy-2.3.3-cp312-cp312-manylinux_2_27_x86_64.manylinux_2_28_x86_64.whl.metadata (62 kB)
2026-10-03T10:32:16.3667987Z Collecting python-dateutil>=2.8.2 (from pandas==2.3.3)
2026-10-03T10:32:16.3775689Z   Downloading python_dateutil-2.9.0.post0-py2.py3-none-any.whl.metadata (8.4 kB)
2026-10-03T10:32:16.4271072Z Collecting pytz>=2020.1 (from pandas==2.3.3)
2026-10-03T10:32:16.4379168Z   Downloading pytz-2026.4-py2.py3-none-any.whl.metadata (22 kB)
2026-10-03T10:32:16.4652376Z Collecting tzdata>=2022.7 (from pandas==2.3.3)
2026-10-03T10:32:16.4760559Z   Downloading tzdata-2026.5-py2.py3-none-any.whl.metadata (1.4 kB)
2026-10-03T10:32:16.5015994Z Collecting six>=1.5 (from python-dateutil>=2.8.2->pandas==2.3.3)
2026-10-03T10:32:16.5123601Z   Downloading six-1.17.0-py2.py3-none-any.whl.metadata (1.7 kB)
2026-10-03T10:32:16.5269307Z Downloading pandas-2.3.3-cp312-cp312-manylinux_2_24_x86_64.manylinux_2_28_x86_64.whl (12.4 MB)
2026-10-03T10:32:16.9652794Z    ━━━━━━━━━━━━━━━━━━━━━━━━━━━━━━━━━━━━━━━━ 12.4/12.4 MB 29.8 MB/s  0:00:00
2026-10-03T10:32:16.9762744Z Downloading numpy-2.3.3-cp312-cp312-manylinux_2_27_x86_64.manylinux_2_28_x86_64.whl (16.6 MB)
2026-10-03T10:32:17.1454992Z    ━━━━━━━━━━━━━━━━━━━━━━━━━━━━━━━━━━━━━━━━ 16.6/16.6 MB 99.2 MB/s  0:00:00
2026-10-03T10:32:17.1572316Z Downloading python_dateutil-2.9.0.post0-py2.py3-none-any.whl (229 kB)
2026-10-03T10:32:17.1708843Z Downloading pytz-2026.4-py2.py3-none-any.whl (506 kB)
2026-10-03T10:32:17.1854138Z Downloading six-1.17.0-py2.py3-none-any.whl (11 kB)
2026-10-03T10:32:17.1978002Z Downloading tzdata-2026.5-py2.py3-none-any.whl (347 kB)
2026-10-03T10:32:17.3602353Z Installing collected packages: pytz, tzdata, six, numpy, python-dateutil, pandas
2026-10-03T10:32:24.5563930Z 
2026-10-03T10:32:24.5578101Z Successfully installed numpy-2.3.3 pandas-2.3.3 python-dateutil-2.9.0.post0 pytz-2026.4 six-1.17.0 tzdata-2026.5
2026-10-03T10:32:24.6412683Z ##[group]Run actions/cache@v4
2026-10-03T10:32:24.6412975Z with:
2026-10-03T10:32:24.6413187Z   path: data
2026-10-03T10:32:24.6413430Z   key: frozen-source-36095439671-15m-shard-3
2026-10-03T10:32:24.6413739Z   enableCrossOsArchive: false
2026-10-03T10:32:24.6413995Z   fail-on-cache-miss: false
2026-10-03T10:32:24.6414445Z   lookup-only: false
2026-10-03T10:32:24.6414672Z   save-always: false
2026-10-03T10:32:24.6414908Z env:
2026-10-03T10:32:24.6417295Z   GH_TOKEN: ***
2026-10-03T10:32:24.6417608Z   pythonLocation: /opt/hostedtoolcache/Python/3.12.14/x64
2026-10-03T10:32:24.6418046Z   PKG_CONFIG_PATH: /opt/hostedtoolcache/Python/3.12.14/x64/lib/pkgconfig
2026-10-03T10:32:24.6418469Z   Python_ROOT_DIR: /opt/hostedtoolcache/Python/3.12.14/x64
2026-10-03T10:32:24.6418848Z   Python2_ROOT_DIR: /opt/hostedtoolcache/Python/3.12.14/x64
2026-10-03T10:32:24.6419242Z   Python3_ROOT_DIR: /opt/hostedtoolcache/Python/3.12.14/x64
2026-10-03T10:32:24.6419668Z   LD_LIBRARY_PATH: /opt/hostedtoolcache/Python/3.12.14/x64/lib
2026-10-03T10:32:24.6419994Z ##[endgroup]
2026-10-03T10:32:24.7515860Z (node:2333) [DEP0040] DeprecationWarning: The `punycode` module is deprecated. Please use a userland alternative instead.
2026-10-03T10:32:24.7517057Z (Use `node --trace-deprecation ...` to show where the warning was created)
2026-10-03T10:32:24.8874450Z Cache not found for input keys: frozen-source-36095439671-15m-shard-3
2026-10-03T10:32:24.8973608Z ##[group]Run set -euo pipefail
2026-10-03T10:32:24.8973950Z [36;1mset -euo pipefail[0m
2026-10-03T10:32:24.8974453Z [36;1mif [ '' != 'true' ]; then[0m
2026-10-03T10:32:24.8975238Z [36;1m  gh run download 36095439671 -R duuu-hub/bb-scanner -n rank5-binance-um-15m-5y-data-shard-3 -D data[0m
2026-10-03T10:32:24.8975961Z [36;1mfi[0m
2026-10-03T10:32:24.8976312Z [36;1mgh run download 36858492497 -R duuu-hub/bb-scanner -n day-edge-v2-btc -D btc[0m
2026-10-03T10:32:24.8977033Z [36;1mgh run download 36095439671 -R duuu-hub/bb-scanner -n rank5-binance-um-15m-5y-manifest-shard-3 -D source-manifest[0m
2026-10-03T10:32:24.8978157Z [36;1mpython scripts/research_evidence_archive.py verify-source --data data --manifests source-manifest --baseline research/session-opening-range-sweep-v20/FROZEN_INPUT_HASHES.json --out source-check.json[0m
2026-10-03T10:32:24.9053234Z shell: /usr/bin/bash --noprofile --norc -e -o pipefail {0}
2026-10-03T10:32:24.9053603Z env:
2026-10-03T10:32:24.9056339Z   GH_TOKEN: ***
2026-10-03T10:32:24.9056652Z   pythonLocation: /opt/hostedtoolcache/Python/3.12.14/x64
2026-10-03T10:32:24.9057089Z   PKG_CONFIG_PATH: /opt/hostedtoolcache/Python/3.12.14/x64/lib/pkgconfig
2026-10-03T10:32:24.9057516Z   Python_ROOT_DIR: /opt/hostedtoolcache/Python/3.12.14/x64
2026-10-03T10:32:24.9057901Z   Python2_ROOT_DIR: /opt/hostedtoolcache/Python/3.12.14/x64
2026-10-03T10:32:24.9058270Z   Python3_ROOT_DIR: /opt/hostedtoolcache/Python/3.12.14/x64
2026-10-03T10:32:24.9058661Z   LD_LIBRARY_PATH: /opt/hostedtoolcache/Python/3.12.14/x64/lib
2026-10-03T10:32:24.9058984Z ##[endgroup]
2026-10-03T10:32:38.0861778Z FROZEN_SOURCE_VERIFIED 106 files 31 prior SHA256 matches
2026-10-03T10:32:38.1437961Z ##[group]Run actions/cache@v4
2026-10-03T10:32:38.1438233Z with:
2026-10-03T10:32:38.1438444Z   path: cache/verified-1m
2026-10-03T10:32:38.1438744Z   key: session-opening-range-sweep-v20-dev-1m-shard-3
2026-10-03T10:32:38.1439852Z   restore-keys: taker-absorption-release-v12-dev-1m-shard-3
aggressive-flow-cascade-v11-dev-1m-shard-3
residual-reversion-v10-dev-1m-shard-3
cross-sectional-leader-v9-dev-1m-shard-3
premium-absorption-v8-dev-1m-shard-3
factor-lag-v6-dev-1m-shard-3
2026-10-03T10:32:38.1440877Z   enableCrossOsArchive: false
2026-10-03T10:32:38.1441135Z   fail-on-cache-miss: false
2026-10-03T10:32:38.1441376Z   lookup-only: false
2026-10-03T10:32:38.1441592Z   save-always: false
2026-10-03T10:32:38.1441796Z env:
2026-10-03T10:32:38.1444591Z   GH_TOKEN: ***
2026-10-03T10:32:38.1444902Z   pythonLocation: /opt/hostedtoolcache/Python/3.12.14/x64
2026-10-03T10:32:38.1445359Z   PKG_CONFIG_PATH: /opt/hostedtoolcache/Python/3.12.14/x64/lib/pkgconfig
2026-10-03T10:32:38.1445824Z   Python_ROOT_DIR: /opt/hostedtoolcache/Python/3.12.14/x64
2026-10-03T10:32:38.1446211Z   Python2_ROOT_DIR: /opt/hostedtoolcache/Python/3.12.14/x64
2026-10-03T10:32:38.1446588Z   Python3_ROOT_DIR: /opt/hostedtoolcache/Python/3.12.14/x64
2026-10-03T10:32:38.1446962Z   LD_LIBRARY_PATH: /opt/hostedtoolcache/Python/3.12.14/x64/lib
2026-10-03T10:32:38.1447298Z ##[endgroup]
2026-10-03T10:32:38.2570761Z (node:2373) [DEP0040] DeprecationWarning: The `punycode` module is deprecated. Please use a userland alternative instead.
2026-10-03T10:32:38.2571588Z (Use `node --trace-deprecation ...` to show where the warning was created)
2026-10-03T10:32:38.3942215Z Cache not found for input keys: session-opening-range-sweep-v20-dev-1m-shard-3, taker-absorption-release-v12-dev-1m-shard-3, aggressive-flow-cascade-v11-dev-1m-shard-3, residual-reversion-v10-dev-1m-shard-3, cross-sectional-leader-v9-dev-1m-shard-3, premium-absorption-v8-dev-1m-shard-3, factor-lag-v6-dev-1m-shard-3
2026-10-03T10:32:38.4033268Z ##[group]Run set -euo pipefail
2026-10-03T10:32:38.4033593Z [36;1mset -euo pipefail[0m
2026-10-03T10:32:38.4034912Z [36;1mpython scripts/session_opening_range_sweep_v20.py scan --stage DEV --data data --btc btc/BTCUSDT.csv.gz --source-check source-check.json --out dev-3 --minute-cache cache/verified-1m[0m
2026-10-03T10:32:38.4106769Z shell: /usr/bin/bash --noprofile --norc -e -o pipefail {0}
2026-10-03T10:32:38.4107121Z env:
2026-10-03T10:32:38.4109466Z   GH_TOKEN: ***
2026-10-03T10:32:38.4109781Z   pythonLocation: /opt/hostedtoolcache/Python/3.12.14/x64
2026-10-03T10:32:38.4110234Z   PKG_CONFIG_PATH: /opt/hostedtoolcache/Python/3.12.14/x64/lib/pkgconfig
2026-10-03T10:32:38.4110663Z   Python_ROOT_DIR: /opt/hostedtoolcache/Python/3.12.14/x64
2026-10-03T10:32:38.4111043Z   Python2_ROOT_DIR: /opt/hostedtoolcache/Python/3.12.14/x64
2026-10-03T10:32:38.4111433Z   Python3_ROOT_DIR: /opt/hostedtoolcache/Python/3.12.14/x64
2026-10-03T10:32:38.4111849Z   LD_LIBRARY_PATH: /opt/hostedtoolcache/Python/3.12.14/x64/lib
2026-10-03T10:32:38.4112178Z ##[endgroup]
2026-10-03T10:32:39.6301435Z /home/runner/work/bb-scanner/bb-scanner/scripts/session_opening_range_sweep_v20.py:77: RuntimeWarning: invalid value encountered in divide
2026-10-03T10:32:39.6302275Z   f['session_vwap'][k:z]=np.where(valid,numer/denom,np.nan)
2026-10-03T10:33:01.3710550Z /home/runner/work/bb-scanner/bb-scanner/scripts/session_opening_range_sweep_v20.py:77: RuntimeWarning: invalid value encountered in divide
2026-10-03T10:33:01.3711395Z   f['session_vwap'][k:z]=np.where(valid,numer/denom,np.nan)
2026-10-03T10:33:36.7043739Z V20_OPENING_RANGE_SWEEP_SCAN DEV 32 / 106 parameterized_outcomes 442
2026-10-03T10:34:18.0192168Z /home/runner/work/bb-scanner/bb-scanner/scripts/session_opening_range_sweep_v20.py:77: RuntimeWarning: invalid value encountered in divide
2026-10-03T10:34:18.0193430Z   f['session_vwap'][k:z]=np.where(valid,numer/denom,np.nan)
2026-10-03T10:34:23.3537972Z V20_OPENING_RANGE_SWEEP_SCAN DEV 40 / 106 parameterized_outcomes 812
2026-10-03T10:34:24.0770253Z /home/runner/work/bb-scanner/bb-scanner/scripts/session_opening_range_sweep_v20.py:77: RuntimeWarning: invalid value encountered in divide
2026-10-03T10:34:24.0771466Z   f['session_vwap'][k:z]=np.where(valid,numer/denom,np.nan)
2026-10-03T10:34:33.4476973Z V20_OPENING_RANGE_SWEEP_SCAN DEV 48 / 106 parameterized_outcomes 854
2026-10-03T10:35:01.3598703Z /home/runner/work/bb-scanner/bb-scanner/scripts/session_opening_range_sweep_v20.py:77: RuntimeWarning: invalid value encountered in divide
2026-10-03T10:35:01.3599960Z   f['session_vwap'][k:z]=np.where(valid,numer/denom,np.nan)
2026-10-03T10:35:06.3490948Z /home/runner/work/bb-scanner/bb-scanner/scripts/session_opening_range_sweep_v20.py:77: RuntimeWarning: invalid value encountered in divide
2026-10-03T10:35:06.3492992Z   f['session_vwap'][k:z]=np.where(valid,numer/denom,np.nan)
2026-10-03T10:35:17.1382306Z V20_OPENING_RANGE_SWEEP_SCAN_DONE DEV 1106 chronology_exclusions 0
2026-10-03T10:35:17.2060285Z ##[group]Run actions/upload-artifact@v4
2026-10-03T10:35:17.2060577Z with:
2026-10-03T10:35:17.2060818Z   name: session-opening-range-sweep-v20-dev-3
2026-10-03T10:35:17.2061113Z   path: dev-3/
2026-10-03T10:35:17.2061316Z   retention-days: 30
2026-10-03T10:35:17.2061539Z   compression-level: 0
2026-10-03T10:35:17.2061765Z   if-no-files-found: warn
2026-10-03T10:35:17.2061991Z   overwrite: false
2026-10-03T10:35:17.2062206Z   include-hidden-files: false
2026-10-03T10:35:17.2062435Z env:
2026-10-03T10:35:17.2065045Z   GH_TOKEN: ***
2026-10-03T10:35:17.2065340Z   pythonLocation: /opt/hostedtoolcache/Python/3.12.14/x64
2026-10-03T10:35:17.2065786Z   PKG_CONFIG_PATH: /opt/hostedtoolcache/Python/3.12.14/x64/lib/pkgconfig
2026-10-03T10:35:17.2066213Z   Python_ROOT_DIR: /opt/hostedtoolcache/Python/3.12.14/x64
2026-10-03T10:35:17.2066611Z   Python2_ROOT_DIR: /opt/hostedtoolcache/Python/3.12.14/x64
2026-10-03T10:35:17.2066973Z   Python3_ROOT_DIR: /opt/hostedtoolcache/Python/3.12.14/x64
2026-10-03T10:35:17.2067368Z   LD_LIBRARY_PATH: /opt/hostedtoolcache/Python/3.12.14/x64/lib
2026-10-03T10:35:17.2067690Z ##[endgroup]
2026-10-03T10:35:17.3777956Z (node:2425) [DEP0040] DeprecationWarning: The `punycode` module is deprecated. Please use a userland alternative instead.
2026-10-03T10:35:17.3778817Z (Use `node --trace-deprecation ...` to show where the warning was created)
2026-10-03T10:35:17.4061079Z With the provided path, there will be 179 files uploaded
2026-10-03T10:35:17.4067357Z Artifact name is valid!
2026-10-03T10:35:17.4068026Z Root directory input is valid!
2026-10-03T10:35:17.7098760Z Beginning upload of artifact content to blob storage
2026-10-03T10:35:17.8156426Z (node:2425) [DEP0169] DeprecationWarning: `url.parse()` behavior is not standardized and prone to errors that have security implications. Use the WHATWG URL API instead. CVEs are not issued for `url.parse()` vulnerabilities.
2026-10-03T10:35:18.3342472Z Uploaded bytes 8388608
2026-10-03T10:35:18.4049545Z Uploaded bytes 16777216
2026-10-03T10:35:18.4245765Z Uploaded bytes 25165824
2026-10-03T10:35:18.4382634Z Uploaded bytes 33554432
2026-10-03T10:35:18.5103779Z Uploaded bytes 41943040
2026-10-03T10:35:18.5829881Z Uploaded bytes 50331648
2026-10-03T10:35:18.6041578Z Uploaded bytes 58720256
2026-10-03T10:35:18.6231035Z Uploaded bytes 67108864
2026-10-03T10:35:18.6762880Z Uploaded bytes 75497472
2026-10-03T10:35:18.7392187Z Uploaded bytes 83886080
2026-10-03T10:35:18.7925569Z Uploaded bytes 84793366
2026-10-03T10:35:18.8320531Z Finished uploading artifact content to blob storage!
2026-10-03T10:35:18.8323695Z SHA256 digest of uploaded artifact zip is ec0ff0dfc2f844d6af3e7c72ab0b86ae0b06c104e8202c2a6f9220a16b95bbca
2026-10-03T10:35:18.8326190Z Finalizing artifact upload
2026-10-03T10:35:19.0505499Z Artifact session-opening-range-sweep-v20-dev-3.zip successfully finalized. Artifact ID 11271437800
2026-10-03T10:35:19.0507021Z Artifact session-opening-range-sweep-v20-dev-3 has been successfully uploaded! Final size is 84793366 bytes. Artifact ID is 11271437800
2026-10-03T10:35:19.0514552Z Artifact download URL: https://github.com/duuu-hub/bb-scanner/actions/runs/37116650810/artifacts/11271437800
2026-10-03T10:35:19.0717175Z Post job cleanup.
2026-10-03T10:35:19.1783935Z (node:2437) [DEP0040] DeprecationWarning: The `punycode` module is deprecated. Please use a userland alternative instead.
2026-10-03T10:35:19.1785075Z (Use `node --trace-deprecation ...` to show where the warning was created)
2026-10-03T10:35:19.1985151Z [command]/usr/bin/tar --posix -cf cache.tzst --exclude cache.tzst -P -C /home/runner/work/bb-scanner/bb-scanner --files-from manifest.txt --use-compress-program zstdmt
2026-10-03T10:35:19.4983098Z (node:2437) [DEP0169] DeprecationWarning: `url.parse()` behavior is not standardized and prone to errors that have security implications. Use the WHATWG URL API instead. CVEs are not issued for `url.parse()` vulnerabilities.
2026-10-03T10:35:20.4872468Z Sent 71106560 of 102681390 (69.2%), 67.8 MBs/sec
2026-10-03T10:35:21.4383552Z Sent 102681390 of 102681390 (100.0%), 50.2 MBs/sec
2026-10-03T10:35:21.5250491Z Cache saved with key: session-opening-range-sweep-v20-dev-1m-shard-3
2026-10-03T10:35:21.5381181Z Post job cleanup.
2026-10-03T10:35:21.6455837Z (node:2458) [DEP0040] DeprecationWarning: The `punycode` module is deprecated. Please use a userland alternative instead.
2026-10-03T10:35:21.6456747Z (Use `node --trace-deprecation ...` to show where the warning was created)
2026-10-03T10:35:21.6639165Z [command]/usr/bin/tar --posix -cf cache.tzst --exclude cache.tzst -P -C /home/runner/work/bb-scanner/bb-scanner --files-from manifest.txt --use-compress-program zstdmt
2026-10-03T10:35:22.0614692Z (node:2458) [DEP0169] DeprecationWarning: `url.parse()` behavior is not standardized and prone to errors that have security implications. Use the WHATWG URL API instead. CVEs are not issued for `url.parse()` vulnerabilities.
2026-10-03T10:35:23.0497398Z Sent 28546586 of 229873178 (12.4%), 27.2 MBs/sec
2026-10-03T10:35:23.3052713Z Sent 229873178 of 229873178 (100.0%), 174.4 MBs/sec
2026-10-03T10:35:23.4050386Z Cache saved with key: frozen-source-36095439671-15m-shard-3
2026-10-03T10:35:23.4175845Z Post job cleanup.
2026-10-03T10:35:23.5382720Z (node:2478) [DEP0040] DeprecationWarning: The `punycode` module is deprecated. Please use a userland alternative instead.
2026-10-03T10:35:23.5383888Z (Use `node --trace-deprecation ...` to show where the warning was created)
2026-10-03T10:35:23.5577444Z Post job cleanup.
2026-10-03T10:35:23.6469831Z [command]/usr/bin/git version
2026-10-03T10:35:23.6519716Z git version 2.55.0
2026-10-03T10:35:23.6564694Z Temporarily overriding HOME='/home/runner/work/_temp/4056937a-50ba-4e2f-9ff5-279e2e921cbe' before making global git config changes
2026-10-03T10:35:23.6566267Z Adding repository directory to the temporary git global config as a safe directory
2026-10-03T10:35:23.6573939Z [command]/usr/bin/git config --global --add safe.directory /home/runner/work/bb-scanner/bb-scanner
2026-10-03T10:35:23.6630425Z [command]/usr/bin/git config --local --name-only --get-regexp core\.sshCommand
2026-10-03T10:35:23.6681098Z [command]/usr/bin/git submodule foreach --recursive sh -c "git config --local --name-only --get-regexp 'core\.sshCommand' && git config --local --unset-all 'core.sshCommand' || :"
2026-10-03T10:35:23.7015642Z [command]/usr/bin/git config --local --name-only --get-regexp http\.https\:\/\/github\.com\/\.extraheader
2026-10-03T10:35:23.7028655Z http.https://github.com/.extraheader
2026-10-03T10:35:23.7040349Z [command]/usr/bin/git config --local --unset-all http.https://github.com/.extraheader
2026-10-03T10:35:23.7085313Z [command]/usr/bin/git submodule foreach --recursive sh -c "git config --local --name-only --get-regexp 'http\.https\:\/\/github\.com\/\.extraheader' && git config --local --unset-all 'http.https://github.com/.extraheader' || :"
2026-10-03T10:35:23.7356524Z [command]/usr/bin/git config --local --name-only --get-regexp ^includeIf\.gitdir:
2026-10-03T10:35:23.7402143Z [command]/usr/bin/git submodule foreach --recursive git config --local --show-origin --name-only --get-regexp remote.origin.url
2026-10-03T10:35:23.7818352Z Cleaning up orphan processes
2026-10-03T10:35:23.8130533Z ##[warning]Node.js 20 is deprecated. The following actions target Node.js 20 but are being forced to run on Node.js 24: actions/cache@v4, actions/checkout@v4, actions/setup-python@v5, actions/upload-artifact@v4. For more information see: https://github.blog/changelog/2025-09-19-deprecation-of-node-20-on-github-actions-runners/
