2026-10-03T10:32:12.2549599Z Current runner version: '2.337.0'
2026-10-03T10:32:12.2576426Z ##[group]Runner Image Provisioner
2026-10-03T10:32:12.2577401Z Hosted Compute Agent
2026-10-03T10:32:12.2578015Z Version: 20260901.588
2026-10-03T10:32:12.2578690Z Commit: f88ec8081b781fac6c440065ac7ff9e710ce3d0b
2026-10-03T10:32:12.2579499Z Build Date: 2026-09-01T19:56:44Z
2026-10-03T10:32:12.2580523Z Worker ID: {0f52ffa4-3b9b-4794-88a0-bae039362354}
2026-10-03T10:32:12.2581380Z Azure Region: eastus
2026-10-03T10:32:12.2582009Z ##[endgroup]
2026-10-03T10:32:12.2583597Z ##[group]Operating System
2026-10-03T10:32:12.2584346Z Ubuntu
2026-10-03T10:32:12.2585328Z 24.04.5
2026-10-03T10:32:12.2585961Z LTS
2026-10-03T10:32:12.2586545Z ##[endgroup]
2026-10-03T10:32:12.2587213Z ##[group]Runner Image
2026-10-03T10:32:12.2587895Z Image: ubuntu-24.04
2026-10-03T10:32:12.2588499Z Version: 20260927.320.1
2026-10-03T10:32:12.2589870Z Included Software: https://github.com/actions/runner-images/blob/ubuntu24/20260927.320/images/ubuntu/Ubuntu2404-Readme.md
2026-10-03T10:32:12.2591494Z Image Release: https://github.com/actions/runner-images/releases/tag/ubuntu24%2F20260927.320
2026-10-03T10:32:12.2592515Z ##[endgroup]
2026-10-03T10:32:12.2593782Z ##[group]GITHUB_TOKEN Permissions
2026-10-03T10:32:12.2596332Z Actions: read
2026-10-03T10:32:12.2597168Z Contents: read
2026-10-03T10:32:12.2597822Z Metadata: read
2026-10-03T10:32:12.2598509Z ##[endgroup]
2026-10-03T10:32:12.2600719Z Secret source: Actions
2026-10-03T10:32:12.2601802Z Cache mode: write
2026-10-03T10:32:12.2602875Z Prepare workflow directory
2026-10-03T10:32:12.3129001Z Prepare all required actions
2026-10-03T10:32:12.3180205Z Getting action download info
2026-10-03T10:32:12.5159634Z Download action repository 'actions/checkout@v4' (SHA:11d5960a326750d5838078e36cf38b85af677262)
2026-10-03T10:32:12.6395613Z Download action repository 'actions/setup-python@v5' (SHA:a26af69be951a213d495a4c3e4e4022e16d87065)
2026-10-03T10:32:12.7189484Z Download action repository 'actions/cache@v4' (SHA:0057852bfaa89a56745cba8c7296529d2fc39830)
2026-10-03T10:32:12.8143137Z Download action repository 'actions/upload-artifact@v4' (SHA:ea165f8d65b6e75b540449e92b4886f43607fa02)
2026-10-03T10:32:13.0336341Z Complete job name: development (1)
2026-10-03T10:32:13.1221497Z ##[group]Run actions/checkout@v4
2026-10-03T10:32:13.1222402Z with:
2026-10-03T10:32:13.1222882Z   repository: duuu-hub/bb-scanner
2026-10-03T10:32:13.1227224Z   token: ***
2026-10-03T10:32:13.1227680Z   ssh-strict: true
2026-10-03T10:32:13.1228128Z   ssh-user: git
2026-10-03T10:32:13.1228588Z   persist-credentials: true
2026-10-03T10:32:13.1229084Z   clean: true
2026-10-03T10:32:13.1229543Z   sparse-checkout-cone-mode: true
2026-10-03T10:32:13.1230073Z   fetch-depth: 1
2026-10-03T10:32:13.1230513Z   fetch-tags: false
2026-10-03T10:32:13.1230969Z   show-progress: true
2026-10-03T10:32:13.1231432Z   lfs: false
2026-10-03T10:32:13.1231861Z   submodules: false
2026-10-03T10:32:13.1232336Z   set-safe-directory: true
2026-10-03T10:32:13.1232852Z   allow-unsafe-pr-checkout: false
2026-10-03T10:32:13.1233678Z env:
2026-10-03T10:32:13.1237781Z   GH_TOKEN: ***
2026-10-03T10:32:13.1238231Z ##[endgroup]
2026-10-03T10:32:13.2303954Z Syncing repository: duuu-hub/bb-scanner
2026-10-03T10:32:13.2306958Z ##[group]Getting Git version info
2026-10-03T10:32:13.2308165Z Working directory is '/home/runner/work/bb-scanner/bb-scanner'
2026-10-03T10:32:13.2309815Z [command]/usr/bin/git version
2026-10-03T10:32:13.2434247Z git version 2.55.0
2026-10-03T10:32:13.2462131Z ##[endgroup]
2026-10-03T10:32:13.2480646Z Temporarily overriding HOME='/home/runner/work/_temp/96c7e9d7-af88-4aeb-8806-2bdbfdc92c7b' before making global git config changes
2026-10-03T10:32:13.2483300Z Adding repository directory to the temporary git global config as a safe directory
2026-10-03T10:32:13.2486393Z [command]/usr/bin/git config --global --add safe.directory /home/runner/work/bb-scanner/bb-scanner
2026-10-03T10:32:13.2555472Z Deleting the contents of '/home/runner/work/bb-scanner/bb-scanner'
2026-10-03T10:32:13.2561860Z ##[group]Initializing the repository
2026-10-03T10:32:13.2568042Z [command]/usr/bin/git init /home/runner/work/bb-scanner/bb-scanner
2026-10-03T10:32:13.2712639Z hint: Using 'master' as the name for the initial branch. This default branch name
2026-10-03T10:32:13.2715126Z hint: will change to "main" in Git 3.0. To configure the initial branch name
2026-10-03T10:32:13.2717080Z hint: to use in all of your new repositories, which will suppress this warning,
2026-10-03T10:32:13.2718805Z hint: call:
2026-10-03T10:32:13.2719836Z hint:
2026-10-03T10:32:13.2721079Z hint: 	git config --global init.defaultBranch <name>
2026-10-03T10:32:13.2722503Z hint:
2026-10-03T10:32:13.2723774Z hint: Names commonly chosen instead of 'master' are 'main', 'trunk' and
2026-10-03T10:32:13.2726089Z hint: 'development'. The just-created branch can be renamed via this command:
2026-10-03T10:32:13.2727793Z hint:
2026-10-03T10:32:13.2728834Z hint: 	git branch -m <name>
2026-10-03T10:32:13.2730351Z hint:
2026-10-03T10:32:13.2731782Z hint: Disable this message with "git config set advice.defaultBranchName false"
2026-10-03T10:32:13.2734541Z Initialized empty Git repository in /home/runner/work/bb-scanner/bb-scanner/.git/
2026-10-03T10:32:13.2738709Z [command]/usr/bin/git remote add origin https://github.com/duuu-hub/bb-scanner
2026-10-03T10:32:13.2805693Z ##[endgroup]
2026-10-03T10:32:13.2807535Z ##[group]Disabling automatic garbage collection
2026-10-03T10:32:13.2808891Z [command]/usr/bin/git config --local gc.auto 0
2026-10-03T10:32:13.2847951Z ##[endgroup]
2026-10-03T10:32:13.2849732Z ##[group]Setting up auth
2026-10-03T10:32:13.2857631Z [command]/usr/bin/git config --local --name-only --get-regexp core\.sshCommand
2026-10-03T10:32:13.2898609Z [command]/usr/bin/git submodule foreach --recursive sh -c "git config --local --name-only --get-regexp 'core\.sshCommand' && git config --local --unset-all 'core.sshCommand' || :"
2026-10-03T10:32:13.3364721Z [command]/usr/bin/git config --local --name-only --get-regexp http\.https\:\/\/github\.com\/\.extraheader
2026-10-03T10:32:13.3412378Z [command]/usr/bin/git submodule foreach --recursive sh -c "git config --local --name-only --get-regexp 'http\.https\:\/\/github\.com\/\.extraheader' && git config --local --unset-all 'http.https://github.com/.extraheader' || :"
2026-10-03T10:32:13.3670348Z [command]/usr/bin/git config --local --name-only --get-regexp ^includeIf\.gitdir:
2026-10-03T10:32:13.3713021Z [command]/usr/bin/git submodule foreach --recursive git config --local --show-origin --name-only --get-regexp remote.origin.url
2026-10-03T10:32:13.3960061Z [command]/usr/bin/git config --local http.https://github.com/.extraheader AUTHORIZATION: basic ***
2026-10-03T10:32:13.4077232Z ##[endgroup]
2026-10-03T10:32:13.4078048Z ##[group]Fetching the repository
2026-10-03T10:32:13.4080186Z [command]/usr/bin/git -c protocol.version=2 fetch --no-tags --prune --no-recurse-submodules --depth=1 origin +3d3f315a426f72fefd7933347f71061e725cdf54:refs/remotes/origin/research-session-opening-range-sweep-v20
2026-10-03T10:32:14.4948627Z From https://github.com/duuu-hub/bb-scanner
2026-10-03T10:32:14.4951895Z  * [new ref]         3d3f315a426f72fefd7933347f71061e725cdf54 -> origin/research-session-opening-range-sweep-v20
2026-10-03T10:32:14.4958952Z ##[endgroup]
2026-10-03T10:32:14.4961725Z ##[group]Determining the checkout info
2026-10-03T10:32:14.4964655Z ##[endgroup]
2026-10-03T10:32:14.4968485Z [command]/usr/bin/git sparse-checkout disable
2026-10-03T10:32:14.5032278Z [command]/usr/bin/git config --local --unset-all extensions.worktreeConfig
2026-10-03T10:32:14.5075539Z ##[group]Checking out the ref
2026-10-03T10:32:14.5088125Z [command]/usr/bin/git checkout --progress --force -B research-session-opening-range-sweep-v20 refs/remotes/origin/research-session-opening-range-sweep-v20
2026-10-03T10:32:14.7465233Z Switched to a new branch 'research-session-opening-range-sweep-v20'
2026-10-03T10:32:14.7471663Z branch 'research-session-opening-range-sweep-v20' set up to track 'origin/research-session-opening-range-sweep-v20'.
2026-10-03T10:32:14.7482009Z ##[endgroup]
2026-10-03T10:32:14.7532620Z [command]/usr/bin/git log -1 --format=%H
2026-10-03T10:32:14.7562654Z 3d3f315a426f72fefd7933347f71061e725cdf54
2026-10-03T10:32:14.7960118Z ##[group]Run actions/setup-python@v5
2026-10-03T10:32:14.7961478Z with:
2026-10-03T10:32:14.7962458Z   python-version: 3.12
2026-10-03T10:32:14.7963553Z   check-latest: false
2026-10-03T10:32:14.7975446Z   token: ***
2026-10-03T10:32:14.7976622Z   update-environment: true
2026-10-03T10:32:14.7978010Z   allow-prereleases: false
2026-10-03T10:32:14.7979524Z   freethreaded: false
2026-10-03T10:32:14.7980847Z env:
2026-10-03T10:32:14.7990974Z   GH_TOKEN: ***
2026-10-03T10:32:14.7991913Z ##[endgroup]
2026-10-03T10:32:14.9423605Z ##[group]Installed versions
2026-10-03T10:32:14.9518734Z (node:2303) [DEP0040] DeprecationWarning: The `punycode` module is deprecated. Please use a userland alternative instead.
2026-10-03T10:32:14.9522548Z (Use `node --trace-deprecation ...` to show where the warning was created)
2026-10-03T10:32:14.9523920Z Successfully set up CPython (3.12.14)
2026-10-03T10:32:14.9526010Z ##[endgroup]
2026-10-03T10:32:14.9701839Z ##[group]Run set -euo pipefail
2026-10-03T10:32:14.9702899Z [36;1mset -euo pipefail[0m
2026-10-03T10:32:14.9703835Z [36;1mpip install pandas==2.3.3 numpy==2.3.3[0m
2026-10-03T10:32:15.0166452Z shell: /usr/bin/bash --noprofile --norc -e -o pipefail {0}
2026-10-03T10:32:15.0167681Z env:
2026-10-03T10:32:15.0172770Z   GH_TOKEN: ***
2026-10-03T10:32:15.0173818Z   pythonLocation: /opt/hostedtoolcache/Python/3.12.14/x64
2026-10-03T10:32:15.0175254Z   PKG_CONFIG_PATH: /opt/hostedtoolcache/Python/3.12.14/x64/lib/pkgconfig
2026-10-03T10:32:15.0176416Z   Python_ROOT_DIR: /opt/hostedtoolcache/Python/3.12.14/x64
2026-10-03T10:32:15.0177468Z   Python2_ROOT_DIR: /opt/hostedtoolcache/Python/3.12.14/x64
2026-10-03T10:32:15.0178521Z   Python3_ROOT_DIR: /opt/hostedtoolcache/Python/3.12.14/x64
2026-10-03T10:32:15.0179586Z   LD_LIBRARY_PATH: /opt/hostedtoolcache/Python/3.12.14/x64/lib
2026-10-03T10:32:15.0180596Z ##[endgroup]
2026-10-03T10:32:16.0064568Z Collecting pandas==2.3.3
2026-10-03T10:32:16.0575086Z   Downloading pandas-2.3.3-cp312-cp312-manylinux_2_24_x86_64.manylinux_2_28_x86_64.whl.metadata (91 kB)
2026-10-03T10:32:16.3041965Z Collecting numpy==2.3.3
2026-10-03T10:32:16.3087937Z   Downloading numpy-2.3.3-cp312-cp312-manylinux_2_27_x86_64.manylinux_2_28_x86_64.whl.metadata (62 kB)
2026-10-03T10:32:16.3353072Z Collecting python-dateutil>=2.8.2 (from pandas==2.3.3)
2026-10-03T10:32:16.3396402Z   Downloading python_dateutil-2.9.0.post0-py2.py3-none-any.whl.metadata (8.4 kB)
2026-10-03T10:32:16.3762477Z Collecting pytz>=2020.1 (from pandas==2.3.3)
2026-10-03T10:32:16.3800084Z   Downloading pytz-2026.4-py2.py3-none-any.whl.metadata (22 kB)
2026-10-03T10:32:16.3955468Z Collecting tzdata>=2022.7 (from pandas==2.3.3)
2026-10-03T10:32:16.3991403Z   Downloading tzdata-2026.5-py2.py3-none-any.whl.metadata (1.4 kB)
2026-10-03T10:32:16.4131206Z Collecting six>=1.5 (from python-dateutil>=2.8.2->pandas==2.3.3)
2026-10-03T10:32:16.4169690Z   Downloading six-1.17.0-py2.py3-none-any.whl.metadata (1.7 kB)
2026-10-03T10:32:16.4252087Z Downloading pandas-2.3.3-cp312-cp312-manylinux_2_24_x86_64.manylinux_2_28_x86_64.whl (12.4 MB)
2026-10-03T10:32:16.4810550Z    ━━━━━━━━━━━━━━━━━━━━━━━━━━━━━━━━━━━━━━━━ 12.4/12.4 MB 244.4 MB/s  0:00:00
2026-10-03T10:32:16.4853482Z Downloading numpy-2.3.3-cp312-cp312-manylinux_2_27_x86_64.manylinux_2_28_x86_64.whl (16.6 MB)
2026-10-03T10:32:16.5618290Z    ━━━━━━━━━━━━━━━━━━━━━━━━━━━━━━━━━━━━━━━━ 16.6/16.6 MB 224.6 MB/s  0:00:00
2026-10-03T10:32:16.5659129Z Downloading python_dateutil-2.9.0.post0-py2.py3-none-any.whl (229 kB)
2026-10-03T10:32:16.5725345Z Downloading pytz-2026.4-py2.py3-none-any.whl (506 kB)
2026-10-03T10:32:16.5793865Z Downloading six-1.17.0-py2.py3-none-any.whl (11 kB)
2026-10-03T10:32:16.5853332Z Downloading tzdata-2026.5-py2.py3-none-any.whl (347 kB)
2026-10-03T10:32:16.7521222Z Installing collected packages: pytz, tzdata, six, numpy, python-dateutil, pandas
2026-10-03T10:32:24.3902214Z 
2026-10-03T10:32:24.3917427Z Successfully installed numpy-2.3.3 pandas-2.3.3 python-dateutil-2.9.0.post0 pytz-2026.4 six-1.17.0 tzdata-2026.5
2026-10-03T10:32:24.4708322Z ##[group]Run actions/cache@v4
2026-10-03T10:32:24.4708625Z with:
2026-10-03T10:32:24.4708832Z   path: data
2026-10-03T10:32:24.4709076Z   key: frozen-source-36095439671-15m-shard-1
2026-10-03T10:32:24.4709383Z   enableCrossOsArchive: false
2026-10-03T10:32:24.4709640Z   fail-on-cache-miss: false
2026-10-03T10:32:24.4709901Z   lookup-only: false
2026-10-03T10:32:24.4710122Z   save-always: false
2026-10-03T10:32:24.4710348Z env:
2026-10-03T10:32:24.4713130Z   GH_TOKEN: ***
2026-10-03T10:32:24.4713433Z   pythonLocation: /opt/hostedtoolcache/Python/3.12.14/x64
2026-10-03T10:32:24.4713880Z   PKG_CONFIG_PATH: /opt/hostedtoolcache/Python/3.12.14/x64/lib/pkgconfig
2026-10-03T10:32:24.4714315Z   Python_ROOT_DIR: /opt/hostedtoolcache/Python/3.12.14/x64
2026-10-03T10:32:24.4714700Z   Python2_ROOT_DIR: /opt/hostedtoolcache/Python/3.12.14/x64
2026-10-03T10:32:24.4715421Z   Python3_ROOT_DIR: /opt/hostedtoolcache/Python/3.12.14/x64
2026-10-03T10:32:24.4715871Z   LD_LIBRARY_PATH: /opt/hostedtoolcache/Python/3.12.14/x64/lib
2026-10-03T10:32:24.4716204Z ##[endgroup]
2026-10-03T10:32:24.5868337Z (node:2344) [DEP0040] DeprecationWarning: The `punycode` module is deprecated. Please use a userland alternative instead.
2026-10-03T10:32:24.5869237Z (Use `node --trace-deprecation ...` to show where the warning was created)
2026-10-03T10:32:24.6487899Z Cache not found for input keys: frozen-source-36095439671-15m-shard-1
2026-10-03T10:32:24.6585063Z ##[group]Run set -euo pipefail
2026-10-03T10:32:24.6585442Z [36;1mset -euo pipefail[0m
2026-10-03T10:32:24.6585695Z [36;1mif [ '' != 'true' ]; then[0m
2026-10-03T10:32:24.6586215Z [36;1m  gh run download 36095439671 -R duuu-hub/bb-scanner -n rank5-binance-um-15m-5y-data-shard-1 -D data[0m
2026-10-03T10:32:24.6586732Z [36;1mfi[0m
2026-10-03T10:32:24.6587075Z [36;1mgh run download 36858492497 -R duuu-hub/bb-scanner -n day-edge-v2-btc -D btc[0m
2026-10-03T10:32:24.6587806Z [36;1mgh run download 36095439671 -R duuu-hub/bb-scanner -n rank5-binance-um-15m-5y-manifest-shard-1 -D source-manifest[0m
2026-10-03T10:32:24.6588958Z [36;1mpython scripts/research_evidence_archive.py verify-source --data data --manifests source-manifest --baseline research/session-opening-range-sweep-v20/FROZEN_INPUT_HASHES.json --out source-check.json[0m
2026-10-03T10:32:24.6657065Z shell: /usr/bin/bash --noprofile --norc -e -o pipefail {0}
2026-10-03T10:32:24.6657445Z env:
2026-10-03T10:32:24.6660335Z   GH_TOKEN: ***
2026-10-03T10:32:24.6660650Z   pythonLocation: /opt/hostedtoolcache/Python/3.12.14/x64
2026-10-03T10:32:24.6661099Z   PKG_CONFIG_PATH: /opt/hostedtoolcache/Python/3.12.14/x64/lib/pkgconfig
2026-10-03T10:32:24.6661541Z   Python_ROOT_DIR: /opt/hostedtoolcache/Python/3.12.14/x64
2026-10-03T10:32:24.6661940Z   Python2_ROOT_DIR: /opt/hostedtoolcache/Python/3.12.14/x64
2026-10-03T10:32:24.6662330Z   Python3_ROOT_DIR: /opt/hostedtoolcache/Python/3.12.14/x64
2026-10-03T10:32:24.6662729Z   LD_LIBRARY_PATH: /opt/hostedtoolcache/Python/3.12.14/x64/lib
2026-10-03T10:32:24.6663058Z ##[endgroup]
2026-10-03T10:32:35.0078231Z FROZEN_SOURCE_VERIFIED 108 files 36 prior SHA256 matches
2026-10-03T10:32:35.0612795Z ##[group]Run actions/cache@v4
2026-10-03T10:32:35.0613077Z with:
2026-10-03T10:32:35.0613282Z   path: cache/verified-1m
2026-10-03T10:32:35.0613577Z   key: session-opening-range-sweep-v20-dev-1m-shard-1
2026-10-03T10:32:35.0614713Z   restore-keys: taker-absorption-release-v12-dev-1m-shard-1
aggressive-flow-cascade-v11-dev-1m-shard-1
residual-reversion-v10-dev-1m-shard-1
cross-sectional-leader-v9-dev-1m-shard-1
premium-absorption-v8-dev-1m-shard-1
factor-lag-v6-dev-1m-shard-1
2026-10-03T10:32:35.0616101Z   enableCrossOsArchive: false
2026-10-03T10:32:35.0616356Z   fail-on-cache-miss: false
2026-10-03T10:32:35.0616592Z   lookup-only: false
2026-10-03T10:32:35.0616800Z   save-always: false
2026-10-03T10:32:35.0616996Z env:
2026-10-03T10:32:35.0619959Z   GH_TOKEN: ***
2026-10-03T10:32:35.0620251Z   pythonLocation: /opt/hostedtoolcache/Python/3.12.14/x64
2026-10-03T10:32:35.0620687Z   PKG_CONFIG_PATH: /opt/hostedtoolcache/Python/3.12.14/x64/lib/pkgconfig
2026-10-03T10:32:35.0621144Z   Python_ROOT_DIR: /opt/hostedtoolcache/Python/3.12.14/x64
2026-10-03T10:32:35.0621527Z   Python2_ROOT_DIR: /opt/hostedtoolcache/Python/3.12.14/x64
2026-10-03T10:32:35.0621907Z   Python3_ROOT_DIR: /opt/hostedtoolcache/Python/3.12.14/x64
2026-10-03T10:32:35.0622286Z   LD_LIBRARY_PATH: /opt/hostedtoolcache/Python/3.12.14/x64/lib
2026-10-03T10:32:35.0622603Z ##[endgroup]
2026-10-03T10:32:35.1869991Z (node:2384) [DEP0040] DeprecationWarning: The `punycode` module is deprecated. Please use a userland alternative instead.
2026-10-03T10:32:35.1870978Z (Use `node --trace-deprecation ...` to show where the warning was created)
2026-10-03T10:32:35.2493185Z Cache not found for input keys: session-opening-range-sweep-v20-dev-1m-shard-1, taker-absorption-release-v12-dev-1m-shard-1, aggressive-flow-cascade-v11-dev-1m-shard-1, residual-reversion-v10-dev-1m-shard-1, cross-sectional-leader-v9-dev-1m-shard-1, premium-absorption-v8-dev-1m-shard-1, factor-lag-v6-dev-1m-shard-1
2026-10-03T10:32:35.2582403Z ##[group]Run set -euo pipefail
2026-10-03T10:32:35.2582749Z [36;1mset -euo pipefail[0m
2026-10-03T10:32:35.2583593Z [36;1mpython scripts/session_opening_range_sweep_v20.py scan --stage DEV --data data --btc btc/BTCUSDT.csv.gz --source-check source-check.json --out dev-1 --minute-cache cache/verified-1m[0m
2026-10-03T10:32:35.2650076Z shell: /usr/bin/bash --noprofile --norc -e -o pipefail {0}
2026-10-03T10:32:35.2650439Z env:
2026-10-03T10:32:35.2653458Z   GH_TOKEN: ***
2026-10-03T10:32:35.2653756Z   pythonLocation: /opt/hostedtoolcache/Python/3.12.14/x64
2026-10-03T10:32:35.2654218Z   PKG_CONFIG_PATH: /opt/hostedtoolcache/Python/3.12.14/x64/lib/pkgconfig
2026-10-03T10:32:35.2654675Z   Python_ROOT_DIR: /opt/hostedtoolcache/Python/3.12.14/x64
2026-10-03T10:32:35.2655403Z   Python2_ROOT_DIR: /opt/hostedtoolcache/Python/3.12.14/x64
2026-10-03T10:32:35.2655826Z   Python3_ROOT_DIR: /opt/hostedtoolcache/Python/3.12.14/x64
2026-10-03T10:32:35.2656282Z   LD_LIBRARY_PATH: /opt/hostedtoolcache/Python/3.12.14/x64/lib
2026-10-03T10:32:35.2656632Z ##[endgroup]
2026-10-03T10:32:36.5346599Z /home/runner/work/bb-scanner/bb-scanner/scripts/session_opening_range_sweep_v20.py:77: RuntimeWarning: invalid value encountered in divide
2026-10-03T10:32:36.5348031Z   f['session_vwap'][k:z]=np.where(valid,numer/denom,np.nan)
2026-10-03T10:33:12.1015302Z V20_OPENING_RANGE_SWEEP_SCAN DEV 24 / 108 parameterized_outcomes 238
2026-10-03T10:33:32.1602291Z V20_OPENING_RANGE_SWEEP_SCAN DEV 32 / 108 parameterized_outcomes 322
2026-10-03T10:34:23.9081481Z V20_OPENING_RANGE_SWEEP_SCAN DEV 40 / 108 parameterized_outcomes 654
2026-10-03T10:34:59.5261633Z V20_OPENING_RANGE_SWEEP_SCAN DEV 56 / 108 parameterized_outcomes 860
2026-10-03T10:35:48.1715284Z V20_OPENING_RANGE_SWEEP_SCAN DEV 108 / 108 parameterized_outcomes 1094
2026-10-03T10:35:48.2491120Z V20_OPENING_RANGE_SWEEP_SCAN_DONE DEV 1094 chronology_exclusions 0
2026-10-03T10:35:48.3042718Z ##[group]Run actions/upload-artifact@v4
2026-10-03T10:35:48.3043026Z with:
2026-10-03T10:35:48.3043271Z   name: session-opening-range-sweep-v20-dev-1
2026-10-03T10:35:48.3043570Z   path: dev-1/
2026-10-03T10:35:48.3043770Z   retention-days: 30
2026-10-03T10:35:48.3043987Z   compression-level: 0
2026-10-03T10:35:48.3044206Z   if-no-files-found: warn
2026-10-03T10:35:48.3044438Z   overwrite: false
2026-10-03T10:35:48.3044652Z   include-hidden-files: false
2026-10-03T10:35:48.3045214Z env:
2026-10-03T10:35:48.3047976Z   GH_TOKEN: ***
2026-10-03T10:35:48.3048275Z   pythonLocation: /opt/hostedtoolcache/Python/3.12.14/x64
2026-10-03T10:35:48.3048713Z   PKG_CONFIG_PATH: /opt/hostedtoolcache/Python/3.12.14/x64/lib/pkgconfig
2026-10-03T10:35:48.3049143Z   Python_ROOT_DIR: /opt/hostedtoolcache/Python/3.12.14/x64
2026-10-03T10:35:48.3049524Z   Python2_ROOT_DIR: /opt/hostedtoolcache/Python/3.12.14/x64
2026-10-03T10:35:48.3050129Z   Python3_ROOT_DIR: /opt/hostedtoolcache/Python/3.12.14/x64
2026-10-03T10:35:48.3050547Z   LD_LIBRARY_PATH: /opt/hostedtoolcache/Python/3.12.14/x64/lib
2026-10-03T10:35:48.3050872Z ##[endgroup]
2026-10-03T10:35:48.4694590Z (node:2444) [DEP0040] DeprecationWarning: The `punycode` module is deprecated. Please use a userland alternative instead.
2026-10-03T10:35:48.4695707Z (Use `node --trace-deprecation ...` to show where the warning was created)
2026-10-03T10:35:48.5094425Z With the provided path, there will be 194 files uploaded
2026-10-03T10:35:48.5101349Z Artifact name is valid!
2026-10-03T10:35:48.5101786Z Root directory input is valid!
2026-10-03T10:35:48.7145547Z Beginning upload of artifact content to blob storage
2026-10-03T10:35:48.8629215Z (node:2444) [DEP0169] DeprecationWarning: `url.parse()` behavior is not standardized and prone to errors that have security implications. Use the WHATWG URL API instead. CVEs are not issued for `url.parse()` vulnerabilities.
2026-10-03T10:35:49.0324591Z Uploaded bytes 8388608
2026-10-03T10:35:49.0843567Z Uploaded bytes 16777216
2026-10-03T10:35:49.1181136Z Uploaded bytes 25165824
2026-10-03T10:35:49.1593817Z Uploaded bytes 33554432
2026-10-03T10:35:49.1842955Z Uploaded bytes 41943040
2026-10-03T10:35:49.2725707Z Uploaded bytes 50331648
2026-10-03T10:35:49.2755130Z Uploaded bytes 58720256
2026-10-03T10:35:49.2921505Z Uploaded bytes 67108864
2026-10-03T10:35:49.3468519Z Uploaded bytes 75497472
2026-10-03T10:35:49.3710809Z Uploaded bytes 83886080
2026-10-03T10:35:49.4243241Z Uploaded bytes 92274688
2026-10-03T10:35:49.4413220Z Uploaded bytes 92412465
2026-10-03T10:35:49.4597280Z Finished uploading artifact content to blob storage!
2026-10-03T10:35:49.4598823Z SHA256 digest of uploaded artifact zip is 70918dca54cb0bca4244cc100cf4fda0d4bd69b6b48eff706f3c8abbd3d7583b
2026-10-03T10:35:49.4601552Z Finalizing artifact upload
2026-10-03T10:35:49.6922698Z Artifact session-opening-range-sweep-v20-dev-1.zip successfully finalized. Artifact ID 11271432793
2026-10-03T10:35:49.6925673Z Artifact session-opening-range-sweep-v20-dev-1 has been successfully uploaded! Final size is 92412465 bytes. Artifact ID is 11271432793
2026-10-03T10:35:49.6931419Z Artifact download URL: https://github.com/duuu-hub/bb-scanner/actions/runs/37116650810/artifacts/11271432793
2026-10-03T10:35:49.7136064Z Post job cleanup.
2026-10-03T10:35:49.8195169Z (node:2458) [DEP0040] DeprecationWarning: The `punycode` module is deprecated. Please use a userland alternative instead.
2026-10-03T10:35:49.8196310Z (Use `node --trace-deprecation ...` to show where the warning was created)
2026-10-03T10:35:49.8415378Z [command]/usr/bin/tar --posix -cf cache.tzst --exclude cache.tzst -P -C /home/runner/work/bb-scanner/bb-scanner --files-from manifest.txt --use-compress-program zstdmt
2026-10-03T10:35:50.1110456Z (node:2458) [DEP0169] DeprecationWarning: `url.parse()` behavior is not standardized and prone to errors that have security implications. Use the WHATWG URL API instead. CVEs are not issued for `url.parse()` vulnerabilities.
2026-10-03T10:35:51.1038297Z Sent 79822848 of 113299035 (70.5%), 76.0 MBs/sec
2026-10-03T10:35:51.6948444Z Sent 113299035 of 113299035 (100.0%), 67.9 MBs/sec
2026-10-03T10:35:51.7663586Z Cache saved with key: session-opening-range-sweep-v20-dev-1m-shard-1
2026-10-03T10:35:51.7792378Z Post job cleanup.
2026-10-03T10:35:51.8843281Z (node:2478) [DEP0040] DeprecationWarning: The `punycode` module is deprecated. Please use a userland alternative instead.
2026-10-03T10:35:51.8844232Z (Use `node --trace-deprecation ...` to show where the warning was created)
2026-10-03T10:35:51.9037118Z [command]/usr/bin/tar --posix -cf cache.tzst --exclude cache.tzst -P -C /home/runner/work/bb-scanner/bb-scanner --files-from manifest.txt --use-compress-program zstdmt
2026-10-03T10:35:52.2757231Z (node:2478) [DEP0169] DeprecationWarning: `url.parse()` behavior is not standardized and prone to errors that have security implications. Use the WHATWG URL API instead. CVEs are not issued for `url.parse()` vulnerabilities.
2026-10-03T10:35:53.0716455Z Sent 262231397 of 262231397 (100.0%), 309.1 MBs/sec
2026-10-03T10:35:53.1561289Z Cache saved with key: frozen-source-36095439671-15m-shard-1
2026-10-03T10:35:53.1701079Z Post job cleanup.
2026-10-03T10:35:53.2922348Z (node:2498) [DEP0040] DeprecationWarning: The `punycode` module is deprecated. Please use a userland alternative instead.
2026-10-03T10:35:53.2923298Z (Use `node --trace-deprecation ...` to show where the warning was created)
2026-10-03T10:35:53.3094056Z Post job cleanup.
2026-10-03T10:35:53.3993871Z [command]/usr/bin/git version
2026-10-03T10:35:53.4032307Z git version 2.55.0
2026-10-03T10:35:53.4074584Z Temporarily overriding HOME='/home/runner/work/_temp/5ab71946-1f92-4b2d-9a5e-8795c36d9ae8' before making global git config changes
2026-10-03T10:35:53.4076218Z Adding repository directory to the temporary git global config as a safe directory
2026-10-03T10:35:53.4105866Z [command]/usr/bin/git config --global --add safe.directory /home/runner/work/bb-scanner/bb-scanner
2026-10-03T10:35:53.4137892Z [command]/usr/bin/git config --local --name-only --get-regexp core\.sshCommand
2026-10-03T10:35:53.4177434Z [command]/usr/bin/git submodule foreach --recursive sh -c "git config --local --name-only --get-regexp 'core\.sshCommand' && git config --local --unset-all 'core.sshCommand' || :"
2026-10-03T10:35:53.4429339Z [command]/usr/bin/git config --local --name-only --get-regexp http\.https\:\/\/github\.com\/\.extraheader
2026-10-03T10:35:53.4462075Z http.https://github.com/.extraheader
2026-10-03T10:35:53.4474477Z [command]/usr/bin/git config --local --unset-all http.https://github.com/.extraheader
2026-10-03T10:35:53.4510375Z [command]/usr/bin/git submodule foreach --recursive sh -c "git config --local --name-only --get-regexp 'http\.https\:\/\/github\.com\/\.extraheader' && git config --local --unset-all 'http.https://github.com/.extraheader' || :"
2026-10-03T10:35:53.4777189Z [command]/usr/bin/git config --local --name-only --get-regexp ^includeIf\.gitdir:
2026-10-03T10:35:53.4836721Z [command]/usr/bin/git submodule foreach --recursive git config --local --show-origin --name-only --get-regexp remote.origin.url
2026-10-03T10:35:53.5247108Z Cleaning up orphan processes
2026-10-03T10:35:53.5607841Z ##[warning]Node.js 20 is deprecated. The following actions target Node.js 20 but are being forced to run on Node.js 24: actions/cache@v4, actions/checkout@v4, actions/setup-python@v5, actions/upload-artifact@v4. For more information see: https://github.blog/changelog/2025-09-19-deprecation-of-node-20-on-github-actions-runners/
