2026-10-03T10:32:11.8658072Z Current runner version: '2.337.0'
2026-10-03T10:32:11.8676046Z ##[group]Runner Image Provisioner
2026-10-03T10:32:11.8676594Z Hosted Compute Agent
2026-10-03T10:32:11.8677013Z Version: 20260901.588
2026-10-03T10:32:11.8677460Z Commit: f88ec8081b781fac6c440065ac7ff9e710ce3d0b
2026-10-03T10:32:11.8677928Z Build Date: 2026-09-01T19:56:44Z
2026-10-03T10:32:11.8678397Z Worker ID: {fa061be7-0f9d-42da-99c2-1ece3708732c}
2026-10-03T10:32:11.8678840Z Azure Region: centralus
2026-10-03T10:32:11.8679229Z ##[endgroup]
2026-10-03T10:32:11.8680315Z ##[group]Operating System
2026-10-03T10:32:11.8680697Z Ubuntu
2026-10-03T10:32:11.8681084Z 24.04.5
2026-10-03T10:32:11.8681407Z LTS
2026-10-03T10:32:11.8681971Z ##[endgroup]
2026-10-03T10:32:11.8682398Z ##[group]Runner Image
2026-10-03T10:32:11.8682794Z Image: ubuntu-24.04
2026-10-03T10:32:11.8683180Z Version: 20260927.320.1
2026-10-03T10:32:11.8683988Z Included Software: https://github.com/actions/runner-images/blob/ubuntu24/20260927.320/images/ubuntu/Ubuntu2404-Readme.md
2026-10-03T10:32:11.8684963Z Image Release: https://github.com/actions/runner-images/releases/tag/ubuntu24%2F20260927.320
2026-10-03T10:32:11.8685548Z ##[endgroup]
2026-10-03T10:32:11.8686290Z ##[group]GITHUB_TOKEN Permissions
2026-10-03T10:32:11.8687727Z Actions: read
2026-10-03T10:32:11.8688209Z Contents: read
2026-10-03T10:32:11.8688557Z Metadata: read
2026-10-03T10:32:11.8688893Z ##[endgroup]
2026-10-03T10:32:11.8690459Z Secret source: Actions
2026-10-03T10:32:11.8691029Z Cache mode: write
2026-10-03T10:32:11.8691567Z Prepare workflow directory
2026-10-03T10:32:11.9023981Z Prepare all required actions
2026-10-03T10:32:11.9055969Z Getting action download info
2026-10-03T10:32:12.1488386Z Download action repository 'actions/checkout@v4' (SHA:11d5960a326750d5838078e36cf38b85af677262)
2026-10-03T10:32:12.2211290Z Download action repository 'actions/setup-python@v5' (SHA:a26af69be951a213d495a4c3e4e4022e16d87065)
2026-10-03T10:32:12.3717027Z Download action repository 'actions/cache@v4' (SHA:0057852bfaa89a56745cba8c7296529d2fc39830)
2026-10-03T10:32:12.6301811Z Download action repository 'actions/upload-artifact@v4' (SHA:ea165f8d65b6e75b540449e92b4886f43607fa02)
2026-10-03T10:32:12.8883664Z Complete job name: development (7)
2026-10-03T10:32:12.9370132Z ##[group]Run actions/checkout@v4
2026-10-03T10:32:12.9370811Z with:
2026-10-03T10:32:12.9371245Z   repository: duuu-hub/bb-scanner
2026-10-03T10:32:12.9375556Z   token: ***
2026-10-03T10:32:12.9375984Z   ssh-strict: true
2026-10-03T10:32:12.9376507Z   ssh-user: git
2026-10-03T10:32:12.9377091Z   persist-credentials: true
2026-10-03T10:32:12.9377582Z   clean: true
2026-10-03T10:32:12.9378039Z   sparse-checkout-cone-mode: true
2026-10-03T10:32:12.9378585Z   fetch-depth: 1
2026-10-03T10:32:12.9379020Z   fetch-tags: false
2026-10-03T10:32:12.9379471Z   show-progress: true
2026-10-03T10:32:12.9380089Z   lfs: false
2026-10-03T10:32:12.9380514Z   submodules: false
2026-10-03T10:32:12.9380975Z   set-safe-directory: true
2026-10-03T10:32:12.9381504Z   allow-unsafe-pr-checkout: false
2026-10-03T10:32:12.9382130Z env:
2026-10-03T10:32:12.9386235Z   GH_TOKEN: ***
2026-10-03T10:32:12.9386667Z ##[endgroup]
2026-10-03T10:32:13.0056020Z Syncing repository: duuu-hub/bb-scanner
2026-10-03T10:32:13.0057770Z ##[group]Getting Git version info
2026-10-03T10:32:13.0058545Z Working directory is '/home/runner/work/bb-scanner/bb-scanner'
2026-10-03T10:32:13.0059638Z [command]/usr/bin/git version
2026-10-03T10:32:13.0149313Z git version 2.55.0
2026-10-03T10:32:13.0173324Z ##[endgroup]
2026-10-03T10:32:13.0182721Z Temporarily overriding HOME='/home/runner/work/_temp/14f4d824-6051-4a88-b068-e5daf3c25763' before making global git config changes
2026-10-03T10:32:13.0185264Z Adding repository directory to the temporary git global config as a safe directory
2026-10-03T10:32:13.0187410Z [command]/usr/bin/git config --global --add safe.directory /home/runner/work/bb-scanner/bb-scanner
2026-10-03T10:32:13.0238451Z Deleting the contents of '/home/runner/work/bb-scanner/bb-scanner'
2026-10-03T10:32:13.0240715Z ##[group]Initializing the repository
2026-10-03T10:32:13.0243987Z [command]/usr/bin/git init /home/runner/work/bb-scanner/bb-scanner
2026-10-03T10:32:13.0342733Z hint: Using 'master' as the name for the initial branch. This default branch name
2026-10-03T10:32:13.0344292Z hint: will change to "main" in Git 3.0. To configure the initial branch name
2026-10-03T10:32:13.0348772Z hint: to use in all of your new repositories, which will suppress this warning,
2026-10-03T10:32:13.0349742Z hint: call:
2026-10-03T10:32:13.0350422Z hint:
2026-10-03T10:32:13.0351110Z hint: 	git config --global init.defaultBranch <name>
2026-10-03T10:32:13.0351934Z hint:
2026-10-03T10:32:13.0352687Z hint: Names commonly chosen instead of 'master' are 'main', 'trunk' and
2026-10-03T10:32:13.0353863Z hint: 'development'. The just-created branch can be renamed via this command:
2026-10-03T10:32:13.0354932Z hint:
2026-10-03T10:32:13.0355569Z hint: 	git branch -m <name>
2026-10-03T10:32:13.0356315Z hint:
2026-10-03T10:32:13.0357155Z hint: Disable this message with "git config set advice.defaultBranchName false"
2026-10-03T10:32:13.0358560Z Initialized empty Git repository in /home/runner/work/bb-scanner/bb-scanner/.git/
2026-10-03T10:32:13.0361100Z [command]/usr/bin/git remote add origin https://github.com/duuu-hub/bb-scanner
2026-10-03T10:32:13.0411697Z ##[endgroup]
2026-10-03T10:32:13.0413047Z ##[group]Disabling automatic garbage collection
2026-10-03T10:32:13.0414300Z [command]/usr/bin/git config --local gc.auto 0
2026-10-03T10:32:13.0445344Z ##[endgroup]
2026-10-03T10:32:13.0446530Z ##[group]Setting up auth
2026-10-03T10:32:13.0449683Z [command]/usr/bin/git config --local --name-only --get-regexp core\.sshCommand
2026-10-03T10:32:13.0478014Z [command]/usr/bin/git submodule foreach --recursive sh -c "git config --local --name-only --get-regexp 'core\.sshCommand' && git config --local --unset-all 'core.sshCommand' || :"
2026-10-03T10:32:13.0778755Z [command]/usr/bin/git config --local --name-only --get-regexp http\.https\:\/\/github\.com\/\.extraheader
2026-10-03T10:32:13.0808628Z [command]/usr/bin/git submodule foreach --recursive sh -c "git config --local --name-only --get-regexp 'http\.https\:\/\/github\.com\/\.extraheader' && git config --local --unset-all 'http.https://github.com/.extraheader' || :"
2026-10-03T10:32:13.0980856Z [command]/usr/bin/git config --local --name-only --get-regexp ^includeIf\.gitdir:
2026-10-03T10:32:13.1009300Z [command]/usr/bin/git submodule foreach --recursive git config --local --show-origin --name-only --get-regexp remote.origin.url
2026-10-03T10:32:13.1181504Z [command]/usr/bin/git config --local http.https://github.com/.extraheader AUTHORIZATION: basic ***
2026-10-03T10:32:13.1213509Z ##[endgroup]
2026-10-03T10:32:13.1214318Z ##[group]Fetching the repository
2026-10-03T10:32:13.1221316Z [command]/usr/bin/git -c protocol.version=2 fetch --no-tags --prune --no-recurse-submodules --depth=1 origin +3d3f315a426f72fefd7933347f71061e725cdf54:refs/remotes/origin/research-session-opening-range-sweep-v20
2026-10-03T10:32:14.0992391Z From https://github.com/duuu-hub/bb-scanner
2026-10-03T10:32:14.0992878Z  * [new ref]         3d3f315a426f72fefd7933347f71061e725cdf54 -> origin/research-session-opening-range-sweep-v20
2026-10-03T10:32:14.0996117Z ##[endgroup]
2026-10-03T10:32:14.0996423Z ##[group]Determining the checkout info
2026-10-03T10:32:14.0998386Z ##[endgroup]
2026-10-03T10:32:14.1002994Z [command]/usr/bin/git sparse-checkout disable
2026-10-03T10:32:14.1046786Z [command]/usr/bin/git config --local --unset-all extensions.worktreeConfig
2026-10-03T10:32:14.1138347Z ##[group]Checking out the ref
2026-10-03T10:32:14.1139018Z [command]/usr/bin/git checkout --progress --force -B research-session-opening-range-sweep-v20 refs/remotes/origin/research-session-opening-range-sweep-v20
2026-10-03T10:32:14.2831556Z Switched to a new branch 'research-session-opening-range-sweep-v20'
2026-10-03T10:32:14.2832355Z branch 'research-session-opening-range-sweep-v20' set up to track 'origin/research-session-opening-range-sweep-v20'.
2026-10-03T10:32:14.2834042Z ##[endgroup]
2026-10-03T10:32:14.2873718Z [command]/usr/bin/git log -1 --format=%H
2026-10-03T10:32:14.2895308Z 3d3f315a426f72fefd7933347f71061e725cdf54
2026-10-03T10:32:14.3078825Z ##[group]Run actions/setup-python@v5
2026-10-03T10:32:14.3079030Z with:
2026-10-03T10:32:14.3079178Z   python-version: 3.12
2026-10-03T10:32:14.3079333Z   check-latest: false
2026-10-03T10:32:14.3080844Z   token: ***
2026-10-03T10:32:14.3081002Z   update-environment: true
2026-10-03T10:32:14.3081173Z   allow-prereleases: false
2026-10-03T10:32:14.3081339Z   freethreaded: false
2026-10-03T10:32:14.3081485Z env:
2026-10-03T10:32:14.3082735Z   GH_TOKEN: ***
2026-10-03T10:32:14.3082882Z ##[endgroup]
2026-10-03T10:32:14.3891605Z ##[group]Installed versions
2026-10-03T10:32:14.3953513Z (node:2121) [DEP0040] DeprecationWarning: The `punycode` module is deprecated. Please use a userland alternative instead.
2026-10-03T10:32:14.3954238Z (Use `node --trace-deprecation ...` to show where the warning was created)
2026-10-03T10:32:14.3954716Z Successfully set up CPython (3.12.14)
2026-10-03T10:32:14.3955265Z ##[endgroup]
2026-10-03T10:32:14.4086483Z ##[group]Run set -euo pipefail
2026-10-03T10:32:14.4086737Z [36;1mset -euo pipefail[0m
2026-10-03T10:32:14.4086936Z [36;1mpip install pandas==2.3.3 numpy==2.3.3[0m
2026-10-03T10:32:14.4341430Z shell: /usr/bin/bash --noprofile --norc -e -o pipefail {0}
2026-10-03T10:32:14.4341717Z env:
2026-10-03T10:32:14.4343297Z   GH_TOKEN: ***
2026-10-03T10:32:14.4343495Z   pythonLocation: /opt/hostedtoolcache/Python/3.12.14/x64
2026-10-03T10:32:14.4343770Z   PKG_CONFIG_PATH: /opt/hostedtoolcache/Python/3.12.14/x64/lib/pkgconfig
2026-10-03T10:32:14.4344035Z   Python_ROOT_DIR: /opt/hostedtoolcache/Python/3.12.14/x64
2026-10-03T10:32:14.4344276Z   Python2_ROOT_DIR: /opt/hostedtoolcache/Python/3.12.14/x64
2026-10-03T10:32:14.4344511Z   Python3_ROOT_DIR: /opt/hostedtoolcache/Python/3.12.14/x64
2026-10-03T10:32:14.4344747Z   LD_LIBRARY_PATH: /opt/hostedtoolcache/Python/3.12.14/x64/lib
2026-10-03T10:32:14.4344984Z ##[endgroup]
2026-10-03T10:32:15.2409827Z Collecting pandas==2.3.3
2026-10-03T10:32:15.3018502Z   Downloading pandas-2.3.3-cp312-cp312-manylinux_2_24_x86_64.manylinux_2_28_x86_64.whl.metadata (91 kB)
2026-10-03T10:32:15.4747391Z Collecting numpy==2.3.3
2026-10-03T10:32:15.4846787Z   Downloading numpy-2.3.3-cp312-cp312-manylinux_2_27_x86_64.manylinux_2_28_x86_64.whl.metadata (62 kB)
2026-10-03T10:32:15.5077507Z Collecting python-dateutil>=2.8.2 (from pandas==2.3.3)
2026-10-03T10:32:15.5171927Z   Downloading python_dateutil-2.9.0.post0-py2.py3-none-any.whl.metadata (8.4 kB)
2026-10-03T10:32:15.5469669Z Collecting pytz>=2020.1 (from pandas==2.3.3)
2026-10-03T10:32:15.5564753Z   Downloading pytz-2026.4-py2.py3-none-any.whl.metadata (22 kB)
2026-10-03T10:32:15.5732113Z Collecting tzdata>=2022.7 (from pandas==2.3.3)
2026-10-03T10:32:15.5827243Z   Downloading tzdata-2026.5-py2.py3-none-any.whl.metadata (1.4 kB)
2026-10-03T10:32:15.5983918Z Collecting six>=1.5 (from python-dateutil>=2.8.2->pandas==2.3.3)
2026-10-03T10:32:15.6077886Z   Downloading six-1.17.0-py2.py3-none-any.whl.metadata (1.7 kB)
2026-10-03T10:32:15.6199134Z Downloading pandas-2.3.3-cp312-cp312-manylinux_2_24_x86_64.manylinux_2_28_x86_64.whl (12.4 MB)
2026-10-03T10:32:15.7858335Z    ━━━━━━━━━━━━━━━━━━━━━━━━━━━━━━━━━━━━━━━━ 12.4/12.4 MB 82.5 MB/s  0:00:00
2026-10-03T10:32:15.7955473Z Downloading numpy-2.3.3-cp312-cp312-manylinux_2_27_x86_64.manylinux_2_28_x86_64.whl (16.6 MB)
2026-10-03T10:32:15.9170413Z    ━━━━━━━━━━━━━━━━━━━━━━━━━━━━━━━━━━━━━━━━ 16.6/16.6 MB 136.8 MB/s  0:00:00
2026-10-03T10:32:15.9267219Z Downloading python_dateutil-2.9.0.post0-py2.py3-none-any.whl (229 kB)
2026-10-03T10:32:15.9387041Z Downloading pytz-2026.4-py2.py3-none-any.whl (506 kB)
2026-10-03T10:32:15.9515361Z Downloading six-1.17.0-py2.py3-none-any.whl (11 kB)
2026-10-03T10:32:15.9623235Z Downloading tzdata-2026.5-py2.py3-none-any.whl (347 kB)
2026-10-03T10:32:16.0644355Z Installing collected packages: pytz, tzdata, six, numpy, python-dateutil, pandas
2026-10-03T10:32:20.2582727Z 
2026-10-03T10:32:20.2591794Z Successfully installed numpy-2.3.3 pandas-2.3.3 python-dateutil-2.9.0.post0 pytz-2026.4 six-1.17.0 tzdata-2026.5
2026-10-03T10:32:20.3075680Z ##[group]Run actions/cache@v4
2026-10-03T10:32:20.3075832Z with:
2026-10-03T10:32:20.3075942Z   path: data
2026-10-03T10:32:20.3076069Z   key: frozen-source-36095439671-15m-shard-7
2026-10-03T10:32:20.3076235Z   enableCrossOsArchive: false
2026-10-03T10:32:20.3076375Z   fail-on-cache-miss: false
2026-10-03T10:32:20.3076507Z   lookup-only: false
2026-10-03T10:32:20.3076627Z   save-always: false
2026-10-03T10:32:20.3076741Z env:
2026-10-03T10:32:20.3078029Z   GH_TOKEN: ***
2026-10-03T10:32:20.3078185Z   pythonLocation: /opt/hostedtoolcache/Python/3.12.14/x64
2026-10-03T10:32:20.3078425Z   PKG_CONFIG_PATH: /opt/hostedtoolcache/Python/3.12.14/x64/lib/pkgconfig
2026-10-03T10:32:20.3078657Z   Python_ROOT_DIR: /opt/hostedtoolcache/Python/3.12.14/x64
2026-10-03T10:32:20.3078864Z   Python2_ROOT_DIR: /opt/hostedtoolcache/Python/3.12.14/x64
2026-10-03T10:32:20.3079086Z   Python3_ROOT_DIR: /opt/hostedtoolcache/Python/3.12.14/x64
2026-10-03T10:32:20.3079313Z   LD_LIBRARY_PATH: /opt/hostedtoolcache/Python/3.12.14/x64/lib
2026-10-03T10:32:20.3079494Z ##[endgroup]
2026-10-03T10:32:20.3763237Z (node:2157) [DEP0040] DeprecationWarning: The `punycode` module is deprecated. Please use a userland alternative instead.
2026-10-03T10:32:20.3763756Z (Use `node --trace-deprecation ...` to show where the warning was created)
2026-10-03T10:32:20.4961367Z Cache not found for input keys: frozen-source-36095439671-15m-shard-7
2026-10-03T10:32:20.5033501Z ##[group]Run set -euo pipefail
2026-10-03T10:32:20.5033677Z [36;1mset -euo pipefail[0m
2026-10-03T10:32:20.5033815Z [36;1mif [ '' != 'true' ]; then[0m
2026-10-03T10:32:20.5034098Z [36;1m  gh run download 36095439671 -R duuu-hub/bb-scanner -n rank5-binance-um-15m-5y-data-shard-7 -D data[0m
2026-10-03T10:32:20.5034363Z [36;1mfi[0m
2026-10-03T10:32:20.5034550Z [36;1mgh run download 36858492497 -R duuu-hub/bb-scanner -n day-edge-v2-btc -D btc[0m
2026-10-03T10:32:20.5034928Z [36;1mgh run download 36095439671 -R duuu-hub/bb-scanner -n rank5-binance-um-15m-5y-manifest-shard-7 -D source-manifest[0m
2026-10-03T10:32:20.5035533Z [36;1mpython scripts/research_evidence_archive.py verify-source --data data --manifests source-manifest --baseline research/session-opening-range-sweep-v20/FROZEN_INPUT_HASHES.json --out source-check.json[0m
2026-10-03T10:32:20.5089701Z shell: /usr/bin/bash --noprofile --norc -e -o pipefail {0}
2026-10-03T10:32:20.5090003Z env:
2026-10-03T10:32:20.5091309Z   GH_TOKEN: ***
2026-10-03T10:32:20.5091472Z   pythonLocation: /opt/hostedtoolcache/Python/3.12.14/x64
2026-10-03T10:32:20.5091708Z   PKG_CONFIG_PATH: /opt/hostedtoolcache/Python/3.12.14/x64/lib/pkgconfig
2026-10-03T10:32:20.5091940Z   Python_ROOT_DIR: /opt/hostedtoolcache/Python/3.12.14/x64
2026-10-03T10:32:20.5092152Z   Python2_ROOT_DIR: /opt/hostedtoolcache/Python/3.12.14/x64
2026-10-03T10:32:20.5092364Z   Python3_ROOT_DIR: /opt/hostedtoolcache/Python/3.12.14/x64
2026-10-03T10:32:20.5092581Z   LD_LIBRARY_PATH: /opt/hostedtoolcache/Python/3.12.14/x64/lib
2026-10-03T10:32:20.5092761Z ##[endgroup]
2026-10-03T10:32:29.3775758Z FROZEN_SOURCE_VERIFIED 107 files 28 prior SHA256 matches
2026-10-03T10:32:29.4199322Z ##[group]Run actions/cache@v4
2026-10-03T10:32:29.4199467Z with:
2026-10-03T10:32:29.4199583Z   path: cache/verified-1m
2026-10-03T10:32:29.4199750Z   key: session-opening-range-sweep-v20-dev-1m-shard-7
2026-10-03T10:32:29.4200662Z   restore-keys: taker-absorption-release-v12-dev-1m-shard-7
aggressive-flow-cascade-v11-dev-1m-shard-7
residual-reversion-v10-dev-1m-shard-7
cross-sectional-leader-v9-dev-1m-shard-7
premium-absorption-v8-dev-1m-shard-7
factor-lag-v6-dev-1m-shard-7
2026-10-03T10:32:29.4201233Z   enableCrossOsArchive: false
2026-10-03T10:32:29.4201372Z   fail-on-cache-miss: false
2026-10-03T10:32:29.4201506Z   lookup-only: false
2026-10-03T10:32:29.4201626Z   save-always: false
2026-10-03T10:32:29.4201738Z env:
2026-10-03T10:32:29.4203318Z   GH_TOKEN: ***
2026-10-03T10:32:29.4203472Z   pythonLocation: /opt/hostedtoolcache/Python/3.12.14/x64
2026-10-03T10:32:29.4203709Z   PKG_CONFIG_PATH: /opt/hostedtoolcache/Python/3.12.14/x64/lib/pkgconfig
2026-10-03T10:32:29.4203958Z   Python_ROOT_DIR: /opt/hostedtoolcache/Python/3.12.14/x64
2026-10-03T10:32:29.4204168Z   Python2_ROOT_DIR: /opt/hostedtoolcache/Python/3.12.14/x64
2026-10-03T10:32:29.4204377Z   Python3_ROOT_DIR: /opt/hostedtoolcache/Python/3.12.14/x64
2026-10-03T10:32:29.4204589Z   LD_LIBRARY_PATH: /opt/hostedtoolcache/Python/3.12.14/x64/lib
2026-10-03T10:32:29.4204767Z ##[endgroup]
2026-10-03T10:32:29.4848114Z (node:2198) [DEP0040] DeprecationWarning: The `punycode` module is deprecated. Please use a userland alternative instead.
2026-10-03T10:32:29.4848513Z (Use `node --trace-deprecation ...` to show where the warning was created)
2026-10-03T10:32:29.6051212Z Cache not found for input keys: session-opening-range-sweep-v20-dev-1m-shard-7, taker-absorption-release-v12-dev-1m-shard-7, aggressive-flow-cascade-v11-dev-1m-shard-7, residual-reversion-v10-dev-1m-shard-7, cross-sectional-leader-v9-dev-1m-shard-7, premium-absorption-v8-dev-1m-shard-7, factor-lag-v6-dev-1m-shard-7
2026-10-03T10:32:29.6134907Z ##[group]Run set -euo pipefail
2026-10-03T10:32:29.6135083Z [36;1mset -euo pipefail[0m
2026-10-03T10:32:29.6135482Z [36;1mpython scripts/session_opening_range_sweep_v20.py scan --stage DEV --data data --btc btc/BTCUSDT.csv.gz --source-check source-check.json --out dev-7 --minute-cache cache/verified-1m[0m
2026-10-03T10:32:29.6193471Z shell: /usr/bin/bash --noprofile --norc -e -o pipefail {0}
2026-10-03T10:32:29.6193763Z env:
2026-10-03T10:32:29.6195823Z   GH_TOKEN: ***
2026-10-03T10:32:29.6196081Z   pythonLocation: /opt/hostedtoolcache/Python/3.12.14/x64
2026-10-03T10:32:29.6196449Z   PKG_CONFIG_PATH: /opt/hostedtoolcache/Python/3.12.14/x64/lib/pkgconfig
2026-10-03T10:32:29.6196820Z   Python_ROOT_DIR: /opt/hostedtoolcache/Python/3.12.14/x64
2026-10-03T10:32:29.6197160Z   Python2_ROOT_DIR: /opt/hostedtoolcache/Python/3.12.14/x64
2026-10-03T10:32:29.6197507Z   Python3_ROOT_DIR: /opt/hostedtoolcache/Python/3.12.14/x64
2026-10-03T10:32:29.6197891Z   LD_LIBRARY_PATH: /opt/hostedtoolcache/Python/3.12.14/x64/lib
2026-10-03T10:32:29.6198164Z ##[endgroup]
2026-10-03T10:32:30.3356641Z /home/runner/work/bb-scanner/bb-scanner/scripts/session_opening_range_sweep_v20.py:77: RuntimeWarning: invalid value encountered in divide
2026-10-03T10:32:30.3357063Z   f['session_vwap'][k:z]=np.where(valid,numer/denom,np.nan)
2026-10-03T10:32:30.6923244Z /home/runner/work/bb-scanner/bb-scanner/scripts/session_opening_range_sweep_v20.py:77: RuntimeWarning: invalid value encountered in divide
2026-10-03T10:32:30.6923665Z   f['session_vwap'][k:z]=np.where(valid,numer/denom,np.nan)
2026-10-03T10:32:30.8086469Z V20_OPENING_RANGE_SWEEP_SCAN DEV 8 / 107 parameterized_outcomes 6
2026-10-03T10:33:20.3468721Z V20_OPENING_RANGE_SWEEP_SCAN DEV 24 / 107 parameterized_outcomes 314
2026-10-03T10:33:48.3268368Z V20_OPENING_RANGE_SWEEP_SCAN DEV 40 / 107 parameterized_outcomes 486
2026-10-03T10:33:48.7338911Z V20_OPENING_RANGE_SWEEP_SCAN DEV 48 / 107 parameterized_outcomes 498
2026-10-03T10:34:19.4378121Z V20_OPENING_RANGE_SWEEP_SCAN DEV 56 / 107 parameterized_outcomes 662
2026-10-03T10:34:29.2254079Z V20_OPENING_RANGE_SWEEP_SCAN DEV 80 / 107 parameterized_outcomes 724
2026-10-03T10:34:29.4668435Z /home/runner/work/bb-scanner/bb-scanner/scripts/session_opening_range_sweep_v20.py:77: RuntimeWarning: invalid value encountered in divide
2026-10-03T10:34:29.4668857Z   f['session_vwap'][k:z]=np.where(valid,numer/denom,np.nan)
2026-10-03T10:34:29.5077799Z V20_OPENING_RANGE_SWEEP_SCAN DEV 88 / 107 parameterized_outcomes 724
2026-10-03T10:34:29.8897072Z /home/runner/work/bb-scanner/bb-scanner/scripts/session_opening_range_sweep_v20.py:77: RuntimeWarning: invalid value encountered in divide
2026-10-03T10:34:29.8897562Z   f['session_vwap'][k:z]=np.where(valid,numer/denom,np.nan)
2026-10-03T10:35:00.2467767Z V20_OPENING_RANGE_SWEEP_SCAN DEV 104 / 107 parameterized_outcomes 1032
2026-10-03T10:35:00.3536909Z V20_OPENING_RANGE_SWEEP_SCAN_DONE DEV 1032 chronology_exclusions 0
2026-10-03T10:35:00.4006868Z ##[group]Run actions/upload-artifact@v4
2026-10-03T10:35:00.4007031Z with:
2026-10-03T10:35:00.4007164Z   name: session-opening-range-sweep-v20-dev-7
2026-10-03T10:35:00.4007322Z   path: dev-7/
2026-10-03T10:35:00.4007431Z   retention-days: 30
2026-10-03T10:35:00.4007549Z   compression-level: 0
2026-10-03T10:35:00.4007671Z   if-no-files-found: warn
2026-10-03T10:35:00.4007799Z   overwrite: false
2026-10-03T10:35:00.4007917Z   include-hidden-files: false
2026-10-03T10:35:00.4008044Z env:
2026-10-03T10:35:00.4009325Z   GH_TOKEN: ***
2026-10-03T10:35:00.4009476Z   pythonLocation: /opt/hostedtoolcache/Python/3.12.14/x64
2026-10-03T10:35:00.4009706Z   PKG_CONFIG_PATH: /opt/hostedtoolcache/Python/3.12.14/x64/lib/pkgconfig
2026-10-03T10:35:00.4010368Z   Python_ROOT_DIR: /opt/hostedtoolcache/Python/3.12.14/x64
2026-10-03T10:35:00.4010573Z   Python2_ROOT_DIR: /opt/hostedtoolcache/Python/3.12.14/x64
2026-10-03T10:35:00.4010786Z   Python3_ROOT_DIR: /opt/hostedtoolcache/Python/3.12.14/x64
2026-10-03T10:35:00.4011012Z   LD_LIBRARY_PATH: /opt/hostedtoolcache/Python/3.12.14/x64/lib
2026-10-03T10:35:00.4011187Z ##[endgroup]
2026-10-03T10:35:00.4994249Z (node:2247) [DEP0040] DeprecationWarning: The `punycode` module is deprecated. Please use a userland alternative instead.
2026-10-03T10:35:00.4994740Z (Use `node --trace-deprecation ...` to show where the warning was created)
2026-10-03T10:35:00.5180310Z With the provided path, there will be 177 files uploaded
2026-10-03T10:35:00.5184408Z Artifact name is valid!
2026-10-03T10:35:00.5184671Z Root directory input is valid!
2026-10-03T10:35:00.8143923Z Beginning upload of artifact content to blob storage
2026-10-03T10:35:00.8767727Z (node:2247) [DEP0169] DeprecationWarning: `url.parse()` behavior is not standardized and prone to errors that have security implications. Use the WHATWG URL API instead. CVEs are not issued for `url.parse()` vulnerabilities.
2026-10-03T10:35:01.3801869Z Uploaded bytes 8388608
2026-10-03T10:35:01.4526952Z Uploaded bytes 16777216
2026-10-03T10:35:01.4831857Z Uploaded bytes 25165824
2026-10-03T10:35:01.4971145Z Uploaded bytes 33554432
2026-10-03T10:35:01.6035841Z Uploaded bytes 41943040
2026-10-03T10:35:01.6267813Z Uploaded bytes 50331648
2026-10-03T10:35:01.6561457Z Uploaded bytes 58720256
2026-10-03T10:35:01.8095452Z Uploaded bytes 67108864
2026-10-03T10:35:01.9600362Z Uploaded bytes 75497472
2026-10-03T10:35:02.4942225Z Uploaded bytes 81579506
2026-10-03T10:35:02.5361325Z Finished uploading artifact content to blob storage!
2026-10-03T10:35:02.5361938Z SHA256 digest of uploaded artifact zip is bd5e5b5f03838e683bea2c151181f700d025ab03893b5834a3dd665e9502992a
2026-10-03T10:35:02.5368427Z Finalizing artifact upload
2026-10-03T10:35:02.7944373Z Artifact session-opening-range-sweep-v20-dev-7.zip successfully finalized. Artifact ID 11272390400
2026-10-03T10:35:02.7945144Z Artifact session-opening-range-sweep-v20-dev-7 has been successfully uploaded! Final size is 81579506 bytes. Artifact ID is 11272390400
2026-10-03T10:35:02.7949345Z Artifact download URL: https://github.com/duuu-hub/bb-scanner/actions/runs/37116650810/artifacts/11272390400
2026-10-03T10:35:02.8110594Z Post job cleanup.
2026-10-03T10:35:02.8778431Z (node:2263) [DEP0040] DeprecationWarning: The `punycode` module is deprecated. Please use a userland alternative instead.
2026-10-03T10:35:02.8778935Z (Use `node --trace-deprecation ...` to show where the warning was created)
2026-10-03T10:35:02.8900677Z [command]/usr/bin/tar --posix -cf cache.tzst --exclude cache.tzst -P -C /home/runner/work/bb-scanner/bb-scanner --files-from manifest.txt --use-compress-program zstdmt
2026-10-03T10:35:03.1176198Z (node:2263) [DEP0169] DeprecationWarning: `url.parse()` behavior is not standardized and prone to errors that have security implications. Use the WHATWG URL API instead. CVEs are not issued for `url.parse()` vulnerabilities.
2026-10-03T10:35:04.1126004Z Sent 85065728 of 98964667 (86.0%), 81.1 MBs/sec
2026-10-03T10:35:04.3418055Z Sent 98964667 of 98964667 (100.0%), 76.8 MBs/sec
2026-10-03T10:35:04.4351950Z Cache saved with key: session-opening-range-sweep-v20-dev-1m-shard-7
2026-10-03T10:35:04.4456266Z Post job cleanup.
2026-10-03T10:35:04.5105906Z (node:2283) [DEP0040] DeprecationWarning: The `punycode` module is deprecated. Please use a userland alternative instead.
2026-10-03T10:35:04.5106304Z (Use `node --trace-deprecation ...` to show where the warning was created)
2026-10-03T10:35:04.5248258Z [command]/usr/bin/tar --posix -cf cache.tzst --exclude cache.tzst -P -C /home/runner/work/bb-scanner/bb-scanner --files-from manifest.txt --use-compress-program zstdmt
2026-10-03T10:35:04.7809644Z (node:2283) [DEP0169] DeprecationWarning: `url.parse()` behavior is not standardized and prone to errors that have security implications. Use the WHATWG URL API instead. CVEs are not issued for `url.parse()` vulnerabilities.
2026-10-03T10:35:05.7761695Z Sent 8003912 of 209330504 (3.8%), 7.6 MBs/sec
2026-10-03T10:35:06.5212158Z Sent 209330504 of 209330504 (100.0%), 114.2 MBs/sec
2026-10-03T10:35:06.6287546Z Cache saved with key: frozen-source-36095439671-15m-shard-7
2026-10-03T10:35:06.6411864Z Post job cleanup.
2026-10-03T10:35:06.7176653Z (node:2303) [DEP0040] DeprecationWarning: The `punycode` module is deprecated. Please use a userland alternative instead.
2026-10-03T10:35:06.7177081Z (Use `node --trace-deprecation ...` to show where the warning was created)
2026-10-03T10:35:06.7323218Z Post job cleanup.
2026-10-03T10:35:06.7905465Z [command]/usr/bin/git version
2026-10-03T10:35:06.7935695Z git version 2.55.0
2026-10-03T10:35:06.7961759Z Temporarily overriding HOME='/home/runner/work/_temp/3e3ed793-21a6-482c-b7f3-1b59ab11764a' before making global git config changes
2026-10-03T10:35:06.7962456Z Adding repository directory to the temporary git global config as a safe directory
2026-10-03T10:35:06.7964441Z [command]/usr/bin/git config --global --add safe.directory /home/runner/work/bb-scanner/bb-scanner
2026-10-03T10:35:06.7997896Z [command]/usr/bin/git config --local --name-only --get-regexp core\.sshCommand
2026-10-03T10:35:06.8030387Z [command]/usr/bin/git submodule foreach --recursive sh -c "git config --local --name-only --get-regexp 'core\.sshCommand' && git config --local --unset-all 'core.sshCommand' || :"
2026-10-03T10:35:06.8227079Z [command]/usr/bin/git config --local --name-only --get-regexp http\.https\:\/\/github\.com\/\.extraheader
2026-10-03T10:35:06.8257321Z http.https://github.com/.extraheader
2026-10-03T10:35:06.8266580Z [command]/usr/bin/git config --local --unset-all http.https://github.com/.extraheader
2026-10-03T10:35:06.8297599Z [command]/usr/bin/git submodule foreach --recursive sh -c "git config --local --name-only --get-regexp 'http\.https\:\/\/github\.com\/\.extraheader' && git config --local --unset-all 'http.https://github.com/.extraheader' || :"
2026-10-03T10:35:06.8490418Z [command]/usr/bin/git config --local --name-only --get-regexp ^includeIf\.gitdir:
2026-10-03T10:35:06.8521212Z [command]/usr/bin/git submodule foreach --recursive git config --local --show-origin --name-only --get-regexp remote.origin.url
2026-10-03T10:35:06.8797992Z Cleaning up orphan processes
2026-10-03T10:35:06.8995692Z ##[warning]Node.js 20 is deprecated. The following actions target Node.js 20 but are being forced to run on Node.js 24: actions/cache@v4, actions/checkout@v4, actions/setup-python@v5, actions/upload-artifact@v4. For more information see: https://github.blog/changelog/2025-09-19-deprecation-of-node-20-on-github-actions-runners/
