2026-10-03T10:32:11.7596778Z Current runner version: '2.337.0'
2026-10-03T10:32:11.7615950Z ##[group]Runner Image Provisioner
2026-10-03T10:32:11.7616690Z Hosted Compute Agent
2026-10-03T10:32:11.7617245Z Version: 20260901.588
2026-10-03T10:32:11.7617767Z Commit: f88ec8081b781fac6c440065ac7ff9e710ce3d0b
2026-10-03T10:32:11.7618380Z Build Date: 2026-09-01T19:56:44Z
2026-10-03T10:32:11.7618977Z Worker ID: {e520f7d4-8213-4228-ae92-6a27ada0fbe1}
2026-10-03T10:32:11.7619562Z Azure Region: centralus
2026-10-03T10:32:11.7620043Z ##[endgroup]
2026-10-03T10:32:11.7621401Z ##[group]Operating System
2026-10-03T10:32:11.7621932Z Ubuntu
2026-10-03T10:32:11.7622390Z 24.04.5
2026-10-03T10:32:11.7622816Z LTS
2026-10-03T10:32:11.7623529Z ##[endgroup]
2026-10-03T10:32:11.7624116Z ##[group]Runner Image
2026-10-03T10:32:11.7624633Z Image: ubuntu-24.04
2026-10-03T10:32:11.7625116Z Version: 20260927.320.1
2026-10-03T10:32:11.7626139Z Included Software: https://github.com/actions/runner-images/blob/ubuntu24/20260927.320/images/ubuntu/Ubuntu2404-Readme.md
2026-10-03T10:32:11.7627392Z Image Release: https://github.com/actions/runner-images/releases/tag/ubuntu24%2F20260927.320
2026-10-03T10:32:11.7628189Z ##[endgroup]
2026-10-03T10:32:11.7629183Z ##[group]GITHUB_TOKEN Permissions
2026-10-03T10:32:11.7631545Z Actions: read
2026-10-03T10:32:11.7632064Z Contents: read
2026-10-03T10:32:11.7632535Z Metadata: read
2026-10-03T10:32:11.7632976Z ##[endgroup]
2026-10-03T10:32:11.7634720Z Secret source: Actions
2026-10-03T10:32:11.7635474Z Cache mode: write
2026-10-03T10:32:11.7636067Z Prepare workflow directory
2026-10-03T10:32:11.8047234Z Prepare all required actions
2026-10-03T10:32:11.8088255Z Getting action download info
2026-10-03T10:32:12.0484378Z Download action repository 'actions/checkout@v4' (SHA:11d5960a326750d5838078e36cf38b85af677262)
2026-10-03T10:32:12.1228349Z Download action repository 'actions/setup-python@v5' (SHA:a26af69be951a213d495a4c3e4e4022e16d87065)
2026-10-03T10:32:12.2716039Z Download action repository 'actions/cache@v4' (SHA:0057852bfaa89a56745cba8c7296529d2fc39830)
2026-10-03T10:32:12.4804684Z Download action repository 'actions/upload-artifact@v4' (SHA:ea165f8d65b6e75b540449e92b4886f43607fa02)
2026-10-03T10:32:12.7780145Z Complete job name: development (2)
2026-10-03T10:32:12.8341572Z ##[group]Run actions/checkout@v4
2026-10-03T10:32:12.8342408Z with:
2026-10-03T10:32:12.8342971Z   repository: duuu-hub/bb-scanner
2026-10-03T10:32:12.8346751Z   token: ***
2026-10-03T10:32:12.8347231Z   ssh-strict: true
2026-10-03T10:32:12.8347757Z   ssh-user: git
2026-10-03T10:32:12.8348249Z   persist-credentials: true
2026-10-03T10:32:12.8348780Z   clean: true
2026-10-03T10:32:12.8349281Z   sparse-checkout-cone-mode: true
2026-10-03T10:32:12.8349868Z   fetch-depth: 1
2026-10-03T10:32:12.8350796Z   fetch-tags: false
2026-10-03T10:32:12.8351339Z   show-progress: true
2026-10-03T10:32:12.8351839Z   lfs: false
2026-10-03T10:32:12.8352320Z   submodules: false
2026-10-03T10:32:12.8352845Z   set-safe-directory: true
2026-10-03T10:32:12.8353408Z   allow-unsafe-pr-checkout: false
2026-10-03T10:32:12.8354208Z env:
2026-10-03T10:32:12.8357749Z   GH_TOKEN: ***
2026-10-03T10:32:12.8358230Z ##[endgroup]
2026-10-03T10:32:12.9249172Z Syncing repository: duuu-hub/bb-scanner
2026-10-03T10:32:12.9252126Z ##[group]Getting Git version info
2026-10-03T10:32:12.9253283Z Working directory is '/home/runner/work/bb-scanner/bb-scanner'
2026-10-03T10:32:12.9255023Z [command]/usr/bin/git version
2026-10-03T10:32:12.9313160Z git version 2.55.0
2026-10-03T10:32:12.9329356Z ##[endgroup]
2026-10-03T10:32:12.9349711Z Temporarily overriding HOME='/home/runner/work/_temp/84801960-19b2-4914-be8d-b7d82e76aa41' before making global git config changes
2026-10-03T10:32:12.9352050Z Adding repository directory to the temporary git global config as a safe directory
2026-10-03T10:32:12.9354499Z [command]/usr/bin/git config --global --add safe.directory /home/runner/work/bb-scanner/bb-scanner
2026-10-03T10:32:12.9393192Z Deleting the contents of '/home/runner/work/bb-scanner/bb-scanner'
2026-10-03T10:32:12.9396476Z ##[group]Initializing the repository
2026-10-03T10:32:12.9400018Z [command]/usr/bin/git init /home/runner/work/bb-scanner/bb-scanner
2026-10-03T10:32:12.9472057Z hint: Using 'master' as the name for the initial branch. This default branch name
2026-10-03T10:32:12.9473912Z hint: will change to "main" in Git 3.0. To configure the initial branch name
2026-10-03T10:32:12.9475393Z hint: to use in all of your new repositories, which will suppress this warning,
2026-10-03T10:32:12.9477967Z hint: call:
2026-10-03T10:32:12.9478676Z hint:
2026-10-03T10:32:12.9479490Z hint: 	git config --global init.defaultBranch <name>
2026-10-03T10:32:12.9480561Z hint:
2026-10-03T10:32:12.9481672Z hint: Names commonly chosen instead of 'master' are 'main', 'trunk' and
2026-10-03T10:32:12.9483056Z hint: 'development'. The just-created branch can be renamed via this command:
2026-10-03T10:32:12.9484196Z hint:
2026-10-03T10:32:12.9484875Z hint: 	git branch -m <name>
2026-10-03T10:32:12.9485647Z hint:
2026-10-03T10:32:12.9486717Z hint: Disable this message with "git config set advice.defaultBranchName false"
2026-10-03T10:32:12.9488280Z Initialized empty Git repository in /home/runner/work/bb-scanner/bb-scanner/.git/
2026-10-03T10:32:12.9492708Z [command]/usr/bin/git remote add origin https://github.com/duuu-hub/bb-scanner
2026-10-03T10:32:12.9553601Z ##[endgroup]
2026-10-03T10:32:12.9554934Z ##[group]Disabling automatic garbage collection
2026-10-03T10:32:12.9555967Z [command]/usr/bin/git config --local gc.auto 0
2026-10-03T10:32:12.9579648Z ##[endgroup]
2026-10-03T10:32:12.9581128Z ##[group]Setting up auth
2026-10-03T10:32:12.9585110Z [command]/usr/bin/git config --local --name-only --get-regexp core\.sshCommand
2026-10-03T10:32:12.9609649Z [command]/usr/bin/git submodule foreach --recursive sh -c "git config --local --name-only --get-regexp 'core\.sshCommand' && git config --local --unset-all 'core.sshCommand' || :"
2026-10-03T10:32:12.9908733Z [command]/usr/bin/git config --local --name-only --get-regexp http\.https\:\/\/github\.com\/\.extraheader
2026-10-03T10:32:12.9937157Z [command]/usr/bin/git submodule foreach --recursive sh -c "git config --local --name-only --get-regexp 'http\.https\:\/\/github\.com\/\.extraheader' && git config --local --unset-all 'http.https://github.com/.extraheader' || :"
2026-10-03T10:32:13.0109209Z [command]/usr/bin/git config --local --name-only --get-regexp ^includeIf\.gitdir:
2026-10-03T10:32:13.0133712Z [command]/usr/bin/git submodule foreach --recursive git config --local --show-origin --name-only --get-regexp remote.origin.url
2026-10-03T10:32:13.0288914Z [command]/usr/bin/git config --local http.https://github.com/.extraheader AUTHORIZATION: basic ***
2026-10-03T10:32:13.0319130Z ##[endgroup]
2026-10-03T10:32:13.0320629Z ##[group]Fetching the repository
2026-10-03T10:32:13.0328663Z [command]/usr/bin/git -c protocol.version=2 fetch --no-tags --prune --no-recurse-submodules --depth=1 origin +3d3f315a426f72fefd7933347f71061e725cdf54:refs/remotes/origin/research-session-opening-range-sweep-v20
2026-10-03T10:32:14.1714399Z From https://github.com/duuu-hub/bb-scanner
2026-10-03T10:32:14.1717723Z  * [new ref]         3d3f315a426f72fefd7933347f71061e725cdf54 -> origin/research-session-opening-range-sweep-v20
2026-10-03T10:32:14.1723266Z ##[endgroup]
2026-10-03T10:32:14.1725479Z ##[group]Determining the checkout info
2026-10-03T10:32:14.1727379Z ##[endgroup]
2026-10-03T10:32:14.1728329Z [command]/usr/bin/git sparse-checkout disable
2026-10-03T10:32:14.1766037Z [command]/usr/bin/git config --local --unset-all extensions.worktreeConfig
2026-10-03T10:32:14.1791501Z ##[group]Checking out the ref
2026-10-03T10:32:14.1802212Z [command]/usr/bin/git checkout --progress --force -B research-session-opening-range-sweep-v20 refs/remotes/origin/research-session-opening-range-sweep-v20
2026-10-03T10:32:14.3902737Z Switched to a new branch 'research-session-opening-range-sweep-v20'
2026-10-03T10:32:14.3904100Z branch 'research-session-opening-range-sweep-v20' set up to track 'origin/research-session-opening-range-sweep-v20'.
2026-10-03T10:32:14.3908294Z ##[endgroup]
2026-10-03T10:32:14.3942228Z [command]/usr/bin/git log -1 --format=%H
2026-10-03T10:32:14.3961845Z 3d3f315a426f72fefd7933347f71061e725cdf54
2026-10-03T10:32:14.4172764Z ##[group]Run actions/setup-python@v5
2026-10-03T10:32:14.4173165Z with:
2026-10-03T10:32:14.4173516Z   python-version: 3.12
2026-10-03T10:32:14.4173848Z   check-latest: false
2026-10-03T10:32:14.4176132Z   token: ***
2026-10-03T10:32:14.4176469Z   update-environment: true
2026-10-03T10:32:14.4176821Z   allow-prereleases: false
2026-10-03T10:32:14.4177190Z   freethreaded: false
2026-10-03T10:32:14.4177497Z env:
2026-10-03T10:32:14.4179594Z   GH_TOKEN: ***
2026-10-03T10:32:14.4179919Z ##[endgroup]
2026-10-03T10:32:14.5301352Z ##[group]Installed versions
2026-10-03T10:32:14.5815223Z (node:2134) [DEP0040] DeprecationWarning: The `punycode` module is deprecated. Please use a userland alternative instead.
2026-10-03T10:32:14.5816405Z (Use `node --trace-deprecation ...` to show where the warning was created)
2026-10-03T10:32:14.5817130Z Successfully set up CPython (3.12.14)
2026-10-03T10:32:14.5818066Z ##[endgroup]
2026-10-03T10:32:14.5948101Z ##[group]Run set -euo pipefail
2026-10-03T10:32:14.5948647Z [36;1mset -euo pipefail[0m
2026-10-03T10:32:14.5949052Z [36;1mpip install pandas==2.3.3 numpy==2.3.3[0m
2026-10-03T10:32:14.6175490Z shell: /usr/bin/bash --noprofile --norc -e -o pipefail {0}
2026-10-03T10:32:14.6175931Z env:
2026-10-03T10:32:14.6178347Z   GH_TOKEN: ***
2026-10-03T10:32:14.6178736Z   pythonLocation: /opt/hostedtoolcache/Python/3.12.14/x64
2026-10-03T10:32:14.6179265Z   PKG_CONFIG_PATH: /opt/hostedtoolcache/Python/3.12.14/x64/lib/pkgconfig
2026-10-03T10:32:14.6179780Z   Python_ROOT_DIR: /opt/hostedtoolcache/Python/3.12.14/x64
2026-10-03T10:32:14.6180245Z   Python2_ROOT_DIR: /opt/hostedtoolcache/Python/3.12.14/x64
2026-10-03T10:32:14.6181060Z   Python3_ROOT_DIR: /opt/hostedtoolcache/Python/3.12.14/x64
2026-10-03T10:32:14.6181563Z   LD_LIBRARY_PATH: /opt/hostedtoolcache/Python/3.12.14/x64/lib
2026-10-03T10:32:14.6182018Z ##[endgroup]
2026-10-03T10:32:18.0167571Z Collecting pandas==2.3.3
2026-10-03T10:32:18.1014334Z   Downloading pandas-2.3.3-cp312-cp312-manylinux_2_24_x86_64.manylinux_2_28_x86_64.whl.metadata (91 kB)
2026-10-03T10:32:18.3340298Z Collecting numpy==2.3.3
2026-10-03T10:32:18.3437279Z   Downloading numpy-2.3.3-cp312-cp312-manylinux_2_27_x86_64.manylinux_2_28_x86_64.whl.metadata (62 kB)
2026-10-03T10:32:18.3768046Z Collecting python-dateutil>=2.8.2 (from pandas==2.3.3)
2026-10-03T10:32:18.3864381Z   Downloading python_dateutil-2.9.0.post0-py2.py3-none-any.whl.metadata (8.4 kB)
2026-10-03T10:32:18.4239000Z Collecting pytz>=2020.1 (from pandas==2.3.3)
2026-10-03T10:32:18.4336005Z   Downloading pytz-2026.4-py2.py3-none-any.whl.metadata (22 kB)
2026-10-03T10:32:18.4555852Z Collecting tzdata>=2022.7 (from pandas==2.3.3)
2026-10-03T10:32:18.4652191Z   Downloading tzdata-2026.5-py2.py3-none-any.whl.metadata (1.4 kB)
2026-10-03T10:32:18.4865254Z Collecting six>=1.5 (from python-dateutil>=2.8.2->pandas==2.3.3)
2026-10-03T10:32:18.4968645Z   Downloading six-1.17.0-py2.py3-none-any.whl.metadata (1.7 kB)
2026-10-03T10:32:18.5109413Z Downloading pandas-2.3.3-cp312-cp312-manylinux_2_24_x86_64.manylinux_2_28_x86_64.whl (12.4 MB)
2026-10-03T10:32:18.9759502Z    ━━━━━━━━━━━━━━━━━━━━━━━━━━━━━━━━━━━━━━━━ 12.4/12.4 MB 27.8 MB/s  0:00:00
2026-10-03T10:32:18.9861243Z Downloading numpy-2.3.3-cp312-cp312-manylinux_2_27_x86_64.manylinux_2_28_x86_64.whl (16.6 MB)
2026-10-03T10:32:19.2117868Z    ━━━━━━━━━━━━━━━━━━━━━━━━━━━━━━━━━━━━━━━━ 16.6/16.6 MB 73.6 MB/s  0:00:00
2026-10-03T10:32:19.2221737Z Downloading python_dateutil-2.9.0.post0-py2.py3-none-any.whl (229 kB)
2026-10-03T10:32:19.2349653Z Downloading pytz-2026.4-py2.py3-none-any.whl (506 kB)
2026-10-03T10:32:19.2499028Z Downloading six-1.17.0-py2.py3-none-any.whl (11 kB)
2026-10-03T10:32:19.2612530Z Downloading tzdata-2026.5-py2.py3-none-any.whl (347 kB)
2026-10-03T10:32:19.5338651Z Installing collected packages: pytz, tzdata, six, numpy, python-dateutil, pandas
2026-10-03T10:32:24.5121679Z 
2026-10-03T10:32:24.5132951Z Successfully installed numpy-2.3.3 pandas-2.3.3 python-dateutil-2.9.0.post0 pytz-2026.4 six-1.17.0 tzdata-2026.5
2026-10-03T10:32:24.5764529Z ##[group]Run actions/cache@v4
2026-10-03T10:32:24.5764840Z with:
2026-10-03T10:32:24.5765110Z   path: data
2026-10-03T10:32:24.5765397Z   key: frozen-source-36095439671-15m-shard-2
2026-10-03T10:32:24.5765725Z   enableCrossOsArchive: false
2026-10-03T10:32:24.5766002Z   fail-on-cache-miss: false
2026-10-03T10:32:24.5766301Z   lookup-only: false
2026-10-03T10:32:24.5766583Z   save-always: false
2026-10-03T10:32:24.5766833Z env:
2026-10-03T10:32:24.5768856Z   GH_TOKEN: ***
2026-10-03T10:32:24.5769155Z   pythonLocation: /opt/hostedtoolcache/Python/3.12.14/x64
2026-10-03T10:32:24.5769604Z   PKG_CONFIG_PATH: /opt/hostedtoolcache/Python/3.12.14/x64/lib/pkgconfig
2026-10-03T10:32:24.5770047Z   Python_ROOT_DIR: /opt/hostedtoolcache/Python/3.12.14/x64
2026-10-03T10:32:24.5770633Z   Python2_ROOT_DIR: /opt/hostedtoolcache/Python/3.12.14/x64
2026-10-03T10:32:24.5771040Z   Python3_ROOT_DIR: /opt/hostedtoolcache/Python/3.12.14/x64
2026-10-03T10:32:24.5771527Z   LD_LIBRARY_PATH: /opt/hostedtoolcache/Python/3.12.14/x64/lib
2026-10-03T10:32:24.5771891Z ##[endgroup]
2026-10-03T10:32:24.6642258Z (node:2168) [DEP0040] DeprecationWarning: The `punycode` module is deprecated. Please use a userland alternative instead.
2026-10-03T10:32:24.6642894Z (Use `node --trace-deprecation ...` to show where the warning was created)
2026-10-03T10:32:24.8066697Z Cache not found for input keys: frozen-source-36095439671-15m-shard-2
2026-10-03T10:32:24.8135995Z ##[group]Run set -euo pipefail
2026-10-03T10:32:24.8136405Z [36;1mset -euo pipefail[0m
2026-10-03T10:32:24.8136682Z [36;1mif [ '' != 'true' ]; then[0m
2026-10-03T10:32:24.8137196Z [36;1m  gh run download 36095439671 -R duuu-hub/bb-scanner -n rank5-binance-um-15m-5y-data-shard-2 -D data[0m
2026-10-03T10:32:24.8137657Z [36;1mfi[0m
2026-10-03T10:32:24.8138017Z [36;1mgh run download 36858492497 -R duuu-hub/bb-scanner -n day-edge-v2-btc -D btc[0m
2026-10-03T10:32:24.8138672Z [36;1mgh run download 36095439671 -R duuu-hub/bb-scanner -n rank5-binance-um-15m-5y-manifest-shard-2 -D source-manifest[0m
2026-10-03T10:32:24.8139619Z [36;1mpython scripts/research_evidence_archive.py verify-source --data data --manifests source-manifest --baseline research/session-opening-range-sweep-v20/FROZEN_INPUT_HASHES.json --out source-check.json[0m
2026-10-03T10:32:24.8175475Z shell: /usr/bin/bash --noprofile --norc -e -o pipefail {0}
2026-10-03T10:32:24.8175890Z env:
2026-10-03T10:32:24.8178071Z   GH_TOKEN: ***
2026-10-03T10:32:24.8178419Z   pythonLocation: /opt/hostedtoolcache/Python/3.12.14/x64
2026-10-03T10:32:24.8178901Z   PKG_CONFIG_PATH: /opt/hostedtoolcache/Python/3.12.14/x64/lib/pkgconfig
2026-10-03T10:32:24.8179328Z   Python_ROOT_DIR: /opt/hostedtoolcache/Python/3.12.14/x64
2026-10-03T10:32:24.8179736Z   Python2_ROOT_DIR: /opt/hostedtoolcache/Python/3.12.14/x64
2026-10-03T10:32:24.8180125Z   Python3_ROOT_DIR: /opt/hostedtoolcache/Python/3.12.14/x64
2026-10-03T10:32:24.8180670Z   LD_LIBRARY_PATH: /opt/hostedtoolcache/Python/3.12.14/x64/lib
2026-10-03T10:32:24.8181038Z ##[endgroup]
2026-10-03T10:32:39.1865460Z FROZEN_SOURCE_VERIFIED 107 files 31 prior SHA256 matches
2026-10-03T10:32:39.2344155Z ##[group]Run actions/cache@v4
2026-10-03T10:32:39.2344465Z with:
2026-10-03T10:32:39.2344747Z   path: cache/verified-1m
2026-10-03T10:32:39.2345093Z   key: session-opening-range-sweep-v20-dev-1m-shard-2
2026-10-03T10:32:39.2346041Z   restore-keys: taker-absorption-release-v12-dev-1m-shard-2
aggressive-flow-cascade-v11-dev-1m-shard-2
residual-reversion-v10-dev-1m-shard-2
cross-sectional-leader-v9-dev-1m-shard-2
premium-absorption-v8-dev-1m-shard-2
factor-lag-v6-dev-1m-shard-2
2026-10-03T10:32:39.2346905Z   enableCrossOsArchive: false
2026-10-03T10:32:39.2347221Z   fail-on-cache-miss: false
2026-10-03T10:32:39.2347551Z   lookup-only: false
2026-10-03T10:32:39.2347831Z   save-always: false
2026-10-03T10:32:39.2348082Z env:
2026-10-03T10:32:39.2350190Z   GH_TOKEN: ***
2026-10-03T10:32:39.2350815Z   pythonLocation: /opt/hostedtoolcache/Python/3.12.14/x64
2026-10-03T10:32:39.2351267Z   PKG_CONFIG_PATH: /opt/hostedtoolcache/Python/3.12.14/x64/lib/pkgconfig
2026-10-03T10:32:39.2351784Z   Python_ROOT_DIR: /opt/hostedtoolcache/Python/3.12.14/x64
2026-10-03T10:32:39.2352205Z   Python2_ROOT_DIR: /opt/hostedtoolcache/Python/3.12.14/x64
2026-10-03T10:32:39.2352602Z   Python3_ROOT_DIR: /opt/hostedtoolcache/Python/3.12.14/x64
2026-10-03T10:32:39.2353005Z   LD_LIBRARY_PATH: /opt/hostedtoolcache/Python/3.12.14/x64/lib
2026-10-03T10:32:39.2353331Z ##[endgroup]
2026-10-03T10:32:39.3220071Z (node:2209) [DEP0040] DeprecationWarning: The `punycode` module is deprecated. Please use a userland alternative instead.
2026-10-03T10:32:39.3220865Z (Use `node --trace-deprecation ...` to show where the warning was created)
2026-10-03T10:32:39.4372318Z Cache not found for input keys: session-opening-range-sweep-v20-dev-1m-shard-2, taker-absorption-release-v12-dev-1m-shard-2, aggressive-flow-cascade-v11-dev-1m-shard-2, residual-reversion-v10-dev-1m-shard-2, cross-sectional-leader-v9-dev-1m-shard-2, premium-absorption-v8-dev-1m-shard-2, factor-lag-v6-dev-1m-shard-2
2026-10-03T10:32:39.4472194Z ##[group]Run set -euo pipefail
2026-10-03T10:32:39.4472539Z [36;1mset -euo pipefail[0m
2026-10-03T10:32:39.4473216Z [36;1mpython scripts/session_opening_range_sweep_v20.py scan --stage DEV --data data --btc btc/BTCUSDT.csv.gz --source-check source-check.json --out dev-2 --minute-cache cache/verified-1m[0m
2026-10-03T10:32:39.4508823Z shell: /usr/bin/bash --noprofile --norc -e -o pipefail {0}
2026-10-03T10:32:39.4509191Z env:
2026-10-03T10:32:39.4511537Z   GH_TOKEN: ***
2026-10-03T10:32:39.4511932Z   pythonLocation: /opt/hostedtoolcache/Python/3.12.14/x64
2026-10-03T10:32:39.4512403Z   PKG_CONFIG_PATH: /opt/hostedtoolcache/Python/3.12.14/x64/lib/pkgconfig
2026-10-03T10:32:39.4512837Z   Python_ROOT_DIR: /opt/hostedtoolcache/Python/3.12.14/x64
2026-10-03T10:32:39.4513224Z   Python2_ROOT_DIR: /opt/hostedtoolcache/Python/3.12.14/x64
2026-10-03T10:32:39.4513614Z   Python3_ROOT_DIR: /opt/hostedtoolcache/Python/3.12.14/x64
2026-10-03T10:32:39.4514131Z   LD_LIBRARY_PATH: /opt/hostedtoolcache/Python/3.12.14/x64/lib
2026-10-03T10:32:39.4514451Z ##[endgroup]
2026-10-03T10:32:40.4688842Z /home/runner/work/bb-scanner/bb-scanner/scripts/session_opening_range_sweep_v20.py:77: RuntimeWarning: invalid value encountered in divide
2026-10-03T10:32:40.4690030Z   f['session_vwap'][k:z]=np.where(valid,numer/denom,np.nan)
2026-10-03T10:32:55.3742015Z V20_OPENING_RANGE_SWEEP_SCAN DEV 16 / 107 parameterized_outcomes 102
2026-10-03T10:33:07.3188383Z /home/runner/work/bb-scanner/bb-scanner/scripts/session_opening_range_sweep_v20.py:77: RuntimeWarning: invalid value encountered in divide
2026-10-03T10:33:07.3189497Z   f['session_vwap'][k:z]=np.where(valid,numer/denom,np.nan)
2026-10-03T10:33:08.1696138Z /home/runner/work/bb-scanner/bb-scanner/scripts/session_opening_range_sweep_v20.py:77: RuntimeWarning: invalid value encountered in divide
2026-10-03T10:33:08.1697252Z   f['session_vwap'][k:z]=np.where(valid,numer/denom,np.nan)
2026-10-03T10:33:08.5839963Z V20_OPENING_RANGE_SWEEP_SCAN DEV 32 / 107 parameterized_outcomes 152
2026-10-03T10:33:25.6373964Z V20_OPENING_RANGE_SWEEP_SCAN DEV 40 / 107 parameterized_outcomes 266
2026-10-03T10:34:53.0297084Z V20_OPENING_RANGE_SWEEP_SCAN DEV 72 / 107 parameterized_outcomes 754
2026-10-03T10:34:54.1837454Z /home/runner/work/bb-scanner/bb-scanner/scripts/session_opening_range_sweep_v20.py:77: RuntimeWarning: invalid value encountered in divide
2026-10-03T10:34:54.1839457Z   f['session_vwap'][k:z]=np.where(valid,numer/denom,np.nan)
2026-10-03T10:34:56.1966805Z V20_OPENING_RANGE_SWEEP_SCAN DEV 88 / 107 parameterized_outcomes 760
2026-10-03T10:35:31.1412926Z V20_OPENING_RANGE_SWEEP_SCAN_DONE DEV 918 chronology_exclusions 16
2026-10-03T10:35:31.1947776Z ##[group]Run actions/upload-artifact@v4
2026-10-03T10:35:31.1948104Z with:
2026-10-03T10:35:31.1948410Z   name: session-opening-range-sweep-v20-dev-2
2026-10-03T10:35:31.1948891Z   path: dev-2/
2026-10-03T10:35:31.1949143Z   retention-days: 30
2026-10-03T10:35:31.1949394Z   compression-level: 0
2026-10-03T10:35:31.1949692Z   if-no-files-found: warn
2026-10-03T10:35:31.1950014Z   overwrite: false
2026-10-03T10:35:31.1950285Z   include-hidden-files: false
2026-10-03T10:35:31.1950721Z env:
2026-10-03T10:35:31.1953079Z   GH_TOKEN: ***
2026-10-03T10:35:31.1953425Z   pythonLocation: /opt/hostedtoolcache/Python/3.12.14/x64
2026-10-03T10:35:31.1953916Z   PKG_CONFIG_PATH: /opt/hostedtoolcache/Python/3.12.14/x64/lib/pkgconfig
2026-10-03T10:35:31.1954352Z   Python_ROOT_DIR: /opt/hostedtoolcache/Python/3.12.14/x64
2026-10-03T10:35:31.1954733Z   Python2_ROOT_DIR: /opt/hostedtoolcache/Python/3.12.14/x64
2026-10-03T10:35:31.1955108Z   Python3_ROOT_DIR: /opt/hostedtoolcache/Python/3.12.14/x64
2026-10-03T10:35:31.1955627Z   LD_LIBRARY_PATH: /opt/hostedtoolcache/Python/3.12.14/x64/lib
2026-10-03T10:35:31.1955950Z ##[endgroup]
2026-10-03T10:35:31.3355815Z (node:2271) [DEP0040] DeprecationWarning: The `punycode` module is deprecated. Please use a userland alternative instead.
2026-10-03T10:35:31.3356870Z (Use `node --trace-deprecation ...` to show where the warning was created)
2026-10-03T10:35:31.3609989Z With the provided path, there will be 182 files uploaded
2026-10-03T10:35:31.3614846Z Artifact name is valid!
2026-10-03T10:35:31.3615519Z Root directory input is valid!
2026-10-03T10:35:31.6140788Z Beginning upload of artifact content to blob storage
2026-10-03T10:35:31.6991461Z (node:2271) [DEP0169] DeprecationWarning: `url.parse()` behavior is not standardized and prone to errors that have security implications. Use the WHATWG URL API instead. CVEs are not issued for `url.parse()` vulnerabilities.
2026-10-03T10:35:32.1810164Z Uploaded bytes 8388608
2026-10-03T10:35:32.2376431Z Uploaded bytes 16777216
2026-10-03T10:35:32.3388797Z Uploaded bytes 25165824
2026-10-03T10:35:32.3474660Z Uploaded bytes 33554432
2026-10-03T10:35:32.3596141Z Uploaded bytes 41943040
2026-10-03T10:35:32.4389418Z Uploaded bytes 50331648
2026-10-03T10:35:32.5106935Z Uploaded bytes 58720256
2026-10-03T10:35:32.5394744Z Uploaded bytes 67108864
2026-10-03T10:35:32.5476007Z Uploaded bytes 75497472
2026-10-03T10:35:32.6022402Z Uploaded bytes 83886080
2026-10-03T10:35:32.7249891Z Uploaded bytes 87713584
2026-10-03T10:35:32.7701684Z Finished uploading artifact content to blob storage!
2026-10-03T10:35:32.7702654Z SHA256 digest of uploaded artifact zip is e868541712c22125ed34f30e7c79b4ab74932a9e4a2261504c0573fda4c39b68
2026-10-03T10:35:32.7704783Z Finalizing artifact upload
2026-10-03T10:35:32.9853202Z Artifact session-opening-range-sweep-v20-dev-2.zip successfully finalized. Artifact ID 11271592446
2026-10-03T10:35:32.9854603Z Artifact session-opening-range-sweep-v20-dev-2 has been successfully uploaded! Final size is 87713584 bytes. Artifact ID is 11271592446
2026-10-03T10:35:32.9859629Z Artifact download URL: https://github.com/duuu-hub/bb-scanner/actions/runs/37116650810/artifacts/11271592446
2026-10-03T10:35:33.0014705Z Post job cleanup.
2026-10-03T10:35:33.0888978Z (node:2284) [DEP0040] DeprecationWarning: The `punycode` module is deprecated. Please use a userland alternative instead.
2026-10-03T10:35:33.0889615Z (Use `node --trace-deprecation ...` to show where the warning was created)
2026-10-03T10:35:33.1046384Z [command]/usr/bin/tar --posix -cf cache.tzst --exclude cache.tzst -P -C /home/runner/work/bb-scanner/bb-scanner --files-from manifest.txt --use-compress-program zstdmt
2026-10-03T10:35:33.3745025Z (node:2284) [DEP0169] DeprecationWarning: `url.parse()` behavior is not standardized and prone to errors that have security implications. Use the WHATWG URL API instead. CVEs are not issued for `url.parse()` vulnerabilities.
2026-10-03T10:35:34.3684509Z Sent 62586880 of 107077326 (58.5%), 59.6 MBs/sec
2026-10-03T10:35:35.2017433Z Sent 107077326 of 107077326 (100.0%), 55.7 MBs/sec
2026-10-03T10:35:35.3006964Z Cache saved with key: session-opening-range-sweep-v20-dev-1m-shard-2
2026-10-03T10:35:35.3126403Z Post job cleanup.
2026-10-03T10:35:35.4034609Z (node:2304) [DEP0040] DeprecationWarning: The `punycode` module is deprecated. Please use a userland alternative instead.
2026-10-03T10:35:35.4035425Z (Use `node --trace-deprecation ...` to show where the warning was created)
2026-10-03T10:35:35.4172980Z [command]/usr/bin/tar --posix -cf cache.tzst --exclude cache.tzst -P -C /home/runner/work/bb-scanner/bb-scanner --files-from manifest.txt --use-compress-program zstdmt
2026-10-03T10:35:35.7603877Z (node:2304) [DEP0169] DeprecationWarning: `url.parse()` behavior is not standardized and prone to errors that have security implications. Use the WHATWG URL API instead. CVEs are not issued for `url.parse()` vulnerabilities.
2026-10-03T10:35:36.7499208Z Sent 47329795 of 248656387 (19.0%), 45.1 MBs/sec
2026-10-03T10:35:37.1616577Z Sent 248656387 of 248656387 (100.0%), 167.9 MBs/sec
2026-10-03T10:35:37.2586738Z Cache saved with key: frozen-source-36095439671-15m-shard-2
2026-10-03T10:35:37.2683292Z Post job cleanup.
2026-10-03T10:35:37.3688439Z (node:2324) [DEP0040] DeprecationWarning: The `punycode` module is deprecated. Please use a userland alternative instead.
2026-10-03T10:35:37.3689236Z (Use `node --trace-deprecation ...` to show where the warning was created)
2026-10-03T10:35:37.3829003Z Post job cleanup.
2026-10-03T10:35:37.4547183Z [command]/usr/bin/git version
2026-10-03T10:35:37.4576017Z git version 2.55.0
2026-10-03T10:35:37.4611697Z Temporarily overriding HOME='/home/runner/work/_temp/91939a6a-f0a5-4ff9-ae0a-5101eb4b1a7f' before making global git config changes
2026-10-03T10:35:37.4612647Z Adding repository directory to the temporary git global config as a safe directory
2026-10-03T10:35:37.4613290Z [command]/usr/bin/git config --global --add safe.directory /home/runner/work/bb-scanner/bb-scanner
2026-10-03T10:35:37.4635828Z [command]/usr/bin/git config --local --name-only --get-regexp core\.sshCommand
2026-10-03T10:35:37.4660918Z [command]/usr/bin/git submodule foreach --recursive sh -c "git config --local --name-only --get-regexp 'core\.sshCommand' && git config --local --unset-all 'core.sshCommand' || :"
2026-10-03T10:35:37.4841444Z [command]/usr/bin/git config --local --name-only --get-regexp http\.https\:\/\/github\.com\/\.extraheader
2026-10-03T10:35:37.4863717Z http.https://github.com/.extraheader
2026-10-03T10:35:37.4872313Z [command]/usr/bin/git config --local --unset-all http.https://github.com/.extraheader
2026-10-03T10:35:37.4899160Z [command]/usr/bin/git submodule foreach --recursive sh -c "git config --local --name-only --get-regexp 'http\.https\:\/\/github\.com\/\.extraheader' && git config --local --unset-all 'http.https://github.com/.extraheader' || :"
2026-10-03T10:35:37.5084833Z [command]/usr/bin/git config --local --name-only --get-regexp ^includeIf\.gitdir:
2026-10-03T10:35:37.5112049Z [command]/usr/bin/git submodule foreach --recursive git config --local --show-origin --name-only --get-regexp remote.origin.url
2026-10-03T10:35:37.5387250Z Cleaning up orphan processes
2026-10-03T10:35:37.5610101Z ##[warning]Node.js 20 is deprecated. The following actions target Node.js 20 but are being forced to run on Node.js 24: actions/cache@v4, actions/checkout@v4, actions/setup-python@v5, actions/upload-artifact@v4. For more information see: https://github.blog/changelog/2025-09-19-deprecation-of-node-20-on-github-actions-runners/
