2026-10-03T10:32:11.5399868Z Current runner version: '2.337.0'
2026-10-03T10:32:11.5418632Z ##[group]Runner Image Provisioner
2026-10-03T10:32:11.5419341Z Hosted Compute Agent
2026-10-03T10:32:11.5419920Z Version: 20260901.588
2026-10-03T10:32:11.5420446Z Commit: f88ec8081b781fac6c440065ac7ff9e710ce3d0b
2026-10-03T10:32:11.5421052Z Build Date: 2026-09-01T19:56:44Z
2026-10-03T10:32:11.5421612Z Worker ID: {fe7d0ab6-63db-4c90-a616-16935112093c}
2026-10-03T10:32:11.5422370Z Azure Region: centralus
2026-10-03T10:32:11.5423035Z ##[endgroup]
2026-10-03T10:32:11.5424341Z ##[group]Operating System
2026-10-03T10:32:11.5424875Z Ubuntu
2026-10-03T10:32:11.5425376Z 24.04.5
2026-10-03T10:32:11.5425801Z LTS
2026-10-03T10:32:11.5426567Z ##[endgroup]
2026-10-03T10:32:11.5427076Z ##[group]Runner Image
2026-10-03T10:32:11.5427584Z Image: ubuntu-24.04
2026-10-03T10:32:11.5428297Z Version: 20260927.320.1
2026-10-03T10:32:11.5429281Z Included Software: https://github.com/actions/runner-images/blob/ubuntu24/20260927.320/images/ubuntu/Ubuntu2404-Readme.md
2026-10-03T10:32:11.5430575Z Image Release: https://github.com/actions/runner-images/releases/tag/ubuntu24%2F20260927.320
2026-10-03T10:32:11.5431363Z ##[endgroup]
2026-10-03T10:32:11.5432313Z ##[group]GITHUB_TOKEN Permissions
2026-10-03T10:32:11.5434317Z Actions: read
2026-10-03T10:32:11.5434858Z Contents: read
2026-10-03T10:32:11.5435341Z Metadata: read
2026-10-03T10:32:11.5435809Z ##[endgroup]
2026-10-03T10:32:11.5437480Z Secret source: Actions
2026-10-03T10:32:11.5438517Z Cache mode: write
2026-10-03T10:32:11.5439095Z Prepare workflow directory
2026-10-03T10:32:11.5873493Z Prepare all required actions
2026-10-03T10:32:11.5916896Z Getting action download info
2026-10-03T10:32:11.8768885Z Download action repository 'actions/checkout@v4' (SHA:11d5960a326750d5838078e36cf38b85af677262)
2026-10-03T10:32:12.1602127Z Download action repository 'actions/setup-python@v5' (SHA:a26af69be951a213d495a4c3e4e4022e16d87065)
2026-10-03T10:32:12.7127649Z Download action repository 'actions/cache@v4' (SHA:0057852bfaa89a56745cba8c7296529d2fc39830)
2026-10-03T10:32:13.5086141Z Download action repository 'actions/upload-artifact@v4' (SHA:ea165f8d65b6e75b540449e92b4886f43607fa02)
2026-10-03T10:32:13.8060713Z Complete job name: development (4)
2026-10-03T10:32:13.8547706Z ##[group]Run actions/checkout@v4
2026-10-03T10:32:13.8548410Z with:
2026-10-03T10:32:13.8548780Z   repository: duuu-hub/bb-scanner
2026-10-03T10:32:13.8550929Z   token: ***
2026-10-03T10:32:13.8551246Z   ssh-strict: true
2026-10-03T10:32:13.8551582Z   ssh-user: git
2026-10-03T10:32:13.8551888Z   persist-credentials: true
2026-10-03T10:32:13.8552203Z   clean: true
2026-10-03T10:32:13.8552518Z   sparse-checkout-cone-mode: true
2026-10-03T10:32:13.8552872Z   fetch-depth: 1
2026-10-03T10:32:13.8553434Z   fetch-tags: false
2026-10-03T10:32:13.8553744Z   show-progress: true
2026-10-03T10:32:13.8554046Z   lfs: false
2026-10-03T10:32:13.8554349Z   submodules: false
2026-10-03T10:32:13.8554668Z   set-safe-directory: true
2026-10-03T10:32:13.8555010Z   allow-unsafe-pr-checkout: false
2026-10-03T10:32:13.8555504Z env:
2026-10-03T10:32:13.8557603Z   GH_TOKEN: ***
2026-10-03T10:32:13.8558019Z ##[endgroup]
2026-10-03T10:32:13.9409793Z Syncing repository: duuu-hub/bb-scanner
2026-10-03T10:32:13.9411227Z ##[group]Getting Git version info
2026-10-03T10:32:13.9411899Z Working directory is '/home/runner/work/bb-scanner/bb-scanner'
2026-10-03T10:32:13.9412655Z [command]/usr/bin/git version
2026-10-03T10:32:13.9475947Z git version 2.55.0
2026-10-03T10:32:13.9491366Z ##[endgroup]
2026-10-03T10:32:13.9503336Z Temporarily overriding HOME='/home/runner/work/_temp/33b97795-05e4-45a4-a809-a18a14a04858' before making global git config changes
2026-10-03T10:32:13.9504622Z Adding repository directory to the temporary git global config as a safe directory
2026-10-03T10:32:13.9507331Z [command]/usr/bin/git config --global --add safe.directory /home/runner/work/bb-scanner/bb-scanner
2026-10-03T10:32:13.9546915Z Deleting the contents of '/home/runner/work/bb-scanner/bb-scanner'
2026-10-03T10:32:13.9550549Z ##[group]Initializing the repository
2026-10-03T10:32:13.9553144Z [command]/usr/bin/git init /home/runner/work/bb-scanner/bb-scanner
2026-10-03T10:32:13.9634788Z hint: Using 'master' as the name for the initial branch. This default branch name
2026-10-03T10:32:13.9636015Z hint: will change to "main" in Git 3.0. To configure the initial branch name
2026-10-03T10:32:13.9636789Z hint: to use in all of your new repositories, which will suppress this warning,
2026-10-03T10:32:13.9637226Z hint: call:
2026-10-03T10:32:13.9637533Z hint:
2026-10-03T10:32:13.9638072Z hint: 	git config --global init.defaultBranch <name>
2026-10-03T10:32:13.9638615Z hint:
2026-10-03T10:32:13.9638990Z hint: Names commonly chosen instead of 'master' are 'main', 'trunk' and
2026-10-03T10:32:13.9639491Z hint: 'development'. The just-created branch can be renamed via this command:
2026-10-03T10:32:13.9639916Z hint:
2026-10-03T10:32:13.9640234Z hint: 	git branch -m <name>
2026-10-03T10:32:13.9640533Z hint:
2026-10-03T10:32:13.9640969Z hint: Disable this message with "git config set advice.defaultBranchName false"
2026-10-03T10:32:13.9644927Z Initialized empty Git repository in /home/runner/work/bb-scanner/bb-scanner/.git/
2026-10-03T10:32:13.9652679Z [command]/usr/bin/git remote add origin https://github.com/duuu-hub/bb-scanner
2026-10-03T10:32:13.9690019Z ##[endgroup]
2026-10-03T10:32:13.9690591Z ##[group]Disabling automatic garbage collection
2026-10-03T10:32:13.9694023Z [command]/usr/bin/git config --local gc.auto 0
2026-10-03T10:32:13.9742519Z ##[endgroup]
2026-10-03T10:32:13.9743034Z ##[group]Setting up auth
2026-10-03T10:32:13.9749474Z [command]/usr/bin/git config --local --name-only --get-regexp core\.sshCommand
2026-10-03T10:32:13.9774249Z [command]/usr/bin/git submodule foreach --recursive sh -c "git config --local --name-only --get-regexp 'core\.sshCommand' && git config --local --unset-all 'core.sshCommand' || :"
2026-10-03T10:32:14.0052798Z [command]/usr/bin/git config --local --name-only --get-regexp http\.https\:\/\/github\.com\/\.extraheader
2026-10-03T10:32:14.0076796Z [command]/usr/bin/git submodule foreach --recursive sh -c "git config --local --name-only --get-regexp 'http\.https\:\/\/github\.com\/\.extraheader' && git config --local --unset-all 'http.https://github.com/.extraheader' || :"
2026-10-03T10:32:14.0253305Z [command]/usr/bin/git config --local --name-only --get-regexp ^includeIf\.gitdir:
2026-10-03T10:32:14.0277155Z [command]/usr/bin/git submodule foreach --recursive git config --local --show-origin --name-only --get-regexp remote.origin.url
2026-10-03T10:32:14.0433002Z [command]/usr/bin/git config --local http.https://github.com/.extraheader AUTHORIZATION: basic ***
2026-10-03T10:32:14.0462764Z ##[endgroup]
2026-10-03T10:32:14.0469766Z ##[group]Fetching the repository
2026-10-03T10:32:14.0470846Z [command]/usr/bin/git -c protocol.version=2 fetch --no-tags --prune --no-recurse-submodules --depth=1 origin +3d3f315a426f72fefd7933347f71061e725cdf54:refs/remotes/origin/research-session-opening-range-sweep-v20
2026-10-03T10:32:15.3172175Z From https://github.com/duuu-hub/bb-scanner
2026-10-03T10:32:15.3172981Z  * [new ref]         3d3f315a426f72fefd7933347f71061e725cdf54 -> origin/research-session-opening-range-sweep-v20
2026-10-03T10:32:15.3185561Z ##[endgroup]
2026-10-03T10:32:15.3186686Z ##[group]Determining the checkout info
2026-10-03T10:32:15.3193861Z ##[endgroup]
2026-10-03T10:32:15.3194379Z [command]/usr/bin/git sparse-checkout disable
2026-10-03T10:32:15.3229980Z [command]/usr/bin/git config --local --unset-all extensions.worktreeConfig
2026-10-03T10:32:15.3256670Z ##[group]Checking out the ref
2026-10-03T10:32:15.3284935Z [command]/usr/bin/git checkout --progress --force -B research-session-opening-range-sweep-v20 refs/remotes/origin/research-session-opening-range-sweep-v20
2026-10-03T10:32:15.5351507Z Switched to a new branch 'research-session-opening-range-sweep-v20'
2026-10-03T10:32:15.5355021Z branch 'research-session-opening-range-sweep-v20' set up to track 'origin/research-session-opening-range-sweep-v20'.
2026-10-03T10:32:15.5362078Z ##[endgroup]
2026-10-03T10:32:15.5393234Z [command]/usr/bin/git log -1 --format=%H
2026-10-03T10:32:15.5411214Z 3d3f315a426f72fefd7933347f71061e725cdf54
2026-10-03T10:32:15.5614949Z ##[group]Run actions/setup-python@v5
2026-10-03T10:32:15.5615303Z with:
2026-10-03T10:32:15.5615574Z   python-version: 3.12
2026-10-03T10:32:15.5615874Z   check-latest: false
2026-10-03T10:32:15.5618106Z   token: ***
2026-10-03T10:32:15.5618380Z   update-environment: true
2026-10-03T10:32:15.5618684Z   allow-prereleases: false
2026-10-03T10:32:15.5618969Z   freethreaded: false
2026-10-03T10:32:15.5619205Z env:
2026-10-03T10:32:15.5621135Z   GH_TOKEN: ***
2026-10-03T10:32:15.5621373Z ##[endgroup]
2026-10-03T10:32:15.6698326Z ##[group]Installed versions
2026-10-03T10:32:15.7019053Z (node:2083) [DEP0040] DeprecationWarning: The `punycode` module is deprecated. Please use a userland alternative instead.
2026-10-03T10:32:15.7019876Z (Use `node --trace-deprecation ...` to show where the warning was created)
2026-10-03T10:32:15.7020610Z Successfully set up CPython (3.12.14)
2026-10-03T10:32:15.7021593Z ##[endgroup]
2026-10-03T10:32:15.7133485Z ##[group]Run set -euo pipefail
2026-10-03T10:32:15.7133949Z [36;1mset -euo pipefail[0m
2026-10-03T10:32:15.7134296Z [36;1mpip install pandas==2.3.3 numpy==2.3.3[0m
2026-10-03T10:32:15.7375549Z shell: /usr/bin/bash --noprofile --norc -e -o pipefail {0}
2026-10-03T10:32:15.7375976Z env:
2026-10-03T10:32:15.7378324Z   GH_TOKEN: ***
2026-10-03T10:32:15.7378662Z   pythonLocation: /opt/hostedtoolcache/Python/3.12.14/x64
2026-10-03T10:32:15.7379119Z   PKG_CONFIG_PATH: /opt/hostedtoolcache/Python/3.12.14/x64/lib/pkgconfig
2026-10-03T10:32:15.7379537Z   Python_ROOT_DIR: /opt/hostedtoolcache/Python/3.12.14/x64
2026-10-03T10:32:15.7379990Z   Python2_ROOT_DIR: /opt/hostedtoolcache/Python/3.12.14/x64
2026-10-03T10:32:15.7380372Z   Python3_ROOT_DIR: /opt/hostedtoolcache/Python/3.12.14/x64
2026-10-03T10:32:15.7380744Z   LD_LIBRARY_PATH: /opt/hostedtoolcache/Python/3.12.14/x64/lib
2026-10-03T10:32:15.7381158Z ##[endgroup]
2026-10-03T10:32:18.9364501Z Collecting pandas==2.3.3
2026-10-03T10:32:19.0050654Z   Downloading pandas-2.3.3-cp312-cp312-manylinux_2_24_x86_64.manylinux_2_28_x86_64.whl.metadata (91 kB)
2026-10-03T10:32:19.2121078Z Collecting numpy==2.3.3
2026-10-03T10:32:19.2235100Z   Downloading numpy-2.3.3-cp312-cp312-manylinux_2_27_x86_64.manylinux_2_28_x86_64.whl.metadata (62 kB)
2026-10-03T10:32:19.2588253Z Collecting python-dateutil>=2.8.2 (from pandas==2.3.3)
2026-10-03T10:32:19.2688871Z   Downloading python_dateutil-2.9.0.post0-py2.py3-none-any.whl.metadata (8.4 kB)
2026-10-03T10:32:19.3186937Z Collecting pytz>=2020.1 (from pandas==2.3.3)
2026-10-03T10:32:19.3288815Z   Downloading pytz-2026.4-py2.py3-none-any.whl.metadata (22 kB)
2026-10-03T10:32:19.3524673Z Collecting tzdata>=2022.7 (from pandas==2.3.3)
2026-10-03T10:32:19.3623963Z   Downloading tzdata-2026.5-py2.py3-none-any.whl.metadata (1.4 kB)
2026-10-03T10:32:19.3849094Z Collecting six>=1.5 (from python-dateutil>=2.8.2->pandas==2.3.3)
2026-10-03T10:32:19.3949782Z   Downloading six-1.17.0-py2.py3-none-any.whl.metadata (1.7 kB)
2026-10-03T10:32:19.4079159Z Downloading pandas-2.3.3-cp312-cp312-manylinux_2_24_x86_64.manylinux_2_28_x86_64.whl (12.4 MB)
2026-10-03T10:32:19.8921687Z    ━━━━━━━━━━━━━━━━━━━━━━━━━━━━━━━━━━━━━━━━ 12.4/12.4 MB 26.8 MB/s  0:00:00
2026-10-03T10:32:19.9025456Z Downloading numpy-2.3.3-cp312-cp312-manylinux_2_27_x86_64.manylinux_2_28_x86_64.whl (16.6 MB)
2026-10-03T10:32:20.1484896Z    ━━━━━━━━━━━━━━━━━━━━━━━━━━━━━━━━━━━━━━━━ 16.6/16.6 MB 67.5 MB/s  0:00:00
2026-10-03T10:32:20.1587454Z Downloading python_dateutil-2.9.0.post0-py2.py3-none-any.whl (229 kB)
2026-10-03T10:32:20.1714444Z Downloading pytz-2026.4-py2.py3-none-any.whl (506 kB)
2026-10-03T10:32:20.1851660Z Downloading six-1.17.0-py2.py3-none-any.whl (11 kB)
2026-10-03T10:32:20.2067687Z Downloading tzdata-2026.5-py2.py3-none-any.whl (347 kB)
2026-10-03T10:32:20.4177022Z Installing collected packages: pytz, tzdata, six, numpy, python-dateutil, pandas
2026-10-03T10:32:25.3962899Z 
2026-10-03T10:32:25.3973671Z Successfully installed numpy-2.3.3 pandas-2.3.3 python-dateutil-2.9.0.post0 pytz-2026.4 six-1.17.0 tzdata-2026.5
2026-10-03T10:32:25.4615009Z ##[group]Run actions/cache@v4
2026-10-03T10:32:25.4615329Z with:
2026-10-03T10:32:25.4615603Z   path: data
2026-10-03T10:32:25.4615875Z   key: frozen-source-36095439671-15m-shard-4
2026-10-03T10:32:25.4616192Z   enableCrossOsArchive: false
2026-10-03T10:32:25.4616498Z   fail-on-cache-miss: false
2026-10-03T10:32:25.4616778Z   lookup-only: false
2026-10-03T10:32:25.4617032Z   save-always: false
2026-10-03T10:32:25.4617303Z env:
2026-10-03T10:32:25.4619628Z   GH_TOKEN: ***
2026-10-03T10:32:25.4619986Z   pythonLocation: /opt/hostedtoolcache/Python/3.12.14/x64
2026-10-03T10:32:25.4620402Z   PKG_CONFIG_PATH: /opt/hostedtoolcache/Python/3.12.14/x64/lib/pkgconfig
2026-10-03T10:32:25.4620836Z   Python_ROOT_DIR: /opt/hostedtoolcache/Python/3.12.14/x64
2026-10-03T10:32:25.4621221Z   Python2_ROOT_DIR: /opt/hostedtoolcache/Python/3.12.14/x64
2026-10-03T10:32:25.4621613Z   Python3_ROOT_DIR: /opt/hostedtoolcache/Python/3.12.14/x64
2026-10-03T10:32:25.4622102Z   LD_LIBRARY_PATH: /opt/hostedtoolcache/Python/3.12.14/x64/lib
2026-10-03T10:32:25.4622439Z ##[endgroup]
2026-10-03T10:32:25.5542156Z (node:2119) [DEP0040] DeprecationWarning: The `punycode` module is deprecated. Please use a userland alternative instead.
2026-10-03T10:32:25.5542776Z (Use `node --trace-deprecation ...` to show where the warning was created)
2026-10-03T10:32:25.6979261Z Cache not found for input keys: frozen-source-36095439671-15m-shard-4
2026-10-03T10:32:25.7053039Z ##[group]Run set -euo pipefail
2026-10-03T10:32:25.7053398Z [36;1mset -euo pipefail[0m
2026-10-03T10:32:25.7053684Z [36;1mif [ '' != 'true' ]; then[0m
2026-10-03T10:32:25.7054181Z [36;1m  gh run download 36095439671 -R duuu-hub/bb-scanner -n rank5-binance-um-15m-5y-data-shard-4 -D data[0m
2026-10-03T10:32:25.7054637Z [36;1mfi[0m
2026-10-03T10:32:25.7054975Z [36;1mgh run download 36858492497 -R duuu-hub/bb-scanner -n day-edge-v2-btc -D btc[0m
2026-10-03T10:32:25.7055673Z [36;1mgh run download 36095439671 -R duuu-hub/bb-scanner -n rank5-binance-um-15m-5y-manifest-shard-4 -D source-manifest[0m
2026-10-03T10:32:25.7056608Z [36;1mpython scripts/research_evidence_archive.py verify-source --data data --manifests source-manifest --baseline research/session-opening-range-sweep-v20/FROZEN_INPUT_HASHES.json --out source-check.json[0m
2026-10-03T10:32:25.7091724Z shell: /usr/bin/bash --noprofile --norc -e -o pipefail {0}
2026-10-03T10:32:25.7092120Z env:
2026-10-03T10:32:25.7094405Z   GH_TOKEN: ***
2026-10-03T10:32:25.7094784Z   pythonLocation: /opt/hostedtoolcache/Python/3.12.14/x64
2026-10-03T10:32:25.7095205Z   PKG_CONFIG_PATH: /opt/hostedtoolcache/Python/3.12.14/x64/lib/pkgconfig
2026-10-03T10:32:25.7095611Z   Python_ROOT_DIR: /opt/hostedtoolcache/Python/3.12.14/x64
2026-10-03T10:32:25.7096047Z   Python2_ROOT_DIR: /opt/hostedtoolcache/Python/3.12.14/x64
2026-10-03T10:32:25.7096435Z   Python3_ROOT_DIR: /opt/hostedtoolcache/Python/3.12.14/x64
2026-10-03T10:32:25.7096830Z   LD_LIBRARY_PATH: /opt/hostedtoolcache/Python/3.12.14/x64/lib
2026-10-03T10:32:25.7097174Z ##[endgroup]
2026-10-03T10:32:38.1293845Z FROZEN_SOURCE_VERIFIED 107 files 37 prior SHA256 matches
2026-10-03T10:32:38.2084599Z ##[group]Run actions/cache@v4
2026-10-03T10:32:38.2084893Z with:
2026-10-03T10:32:38.2085172Z   path: cache/verified-1m
2026-10-03T10:32:38.2085521Z   key: session-opening-range-sweep-v20-dev-1m-shard-4
2026-10-03T10:32:38.2086499Z   restore-keys: taker-absorption-release-v12-dev-1m-shard-4
aggressive-flow-cascade-v11-dev-1m-shard-4
residual-reversion-v10-dev-1m-shard-4
cross-sectional-leader-v9-dev-1m-shard-4
premium-absorption-v8-dev-1m-shard-4
factor-lag-v6-dev-1m-shard-4
2026-10-03T10:32:38.2087478Z   enableCrossOsArchive: false
2026-10-03T10:32:38.2087765Z   fail-on-cache-miss: false
2026-10-03T10:32:38.2088169Z   lookup-only: false
2026-10-03T10:32:38.2088440Z   save-always: false
2026-10-03T10:32:38.2088668Z env:
2026-10-03T10:32:38.2090987Z   GH_TOKEN: ***
2026-10-03T10:32:38.2091291Z   pythonLocation: /opt/hostedtoolcache/Python/3.12.14/x64
2026-10-03T10:32:38.2091728Z   PKG_CONFIG_PATH: /opt/hostedtoolcache/Python/3.12.14/x64/lib/pkgconfig
2026-10-03T10:32:38.2092213Z   Python_ROOT_DIR: /opt/hostedtoolcache/Python/3.12.14/x64
2026-10-03T10:32:38.2092683Z   Python2_ROOT_DIR: /opt/hostedtoolcache/Python/3.12.14/x64
2026-10-03T10:32:38.2093073Z   Python3_ROOT_DIR: /opt/hostedtoolcache/Python/3.12.14/x64
2026-10-03T10:32:38.2093464Z   LD_LIBRARY_PATH: /opt/hostedtoolcache/Python/3.12.14/x64/lib
2026-10-03T10:32:38.2093800Z ##[endgroup]
2026-10-03T10:32:38.2996648Z (node:2162) [DEP0040] DeprecationWarning: The `punycode` module is deprecated. Please use a userland alternative instead.
2026-10-03T10:32:38.2997601Z (Use `node --trace-deprecation ...` to show where the warning was created)
2026-10-03T10:32:38.4437180Z Cache not found for input keys: session-opening-range-sweep-v20-dev-1m-shard-4, taker-absorption-release-v12-dev-1m-shard-4, aggressive-flow-cascade-v11-dev-1m-shard-4, residual-reversion-v10-dev-1m-shard-4, cross-sectional-leader-v9-dev-1m-shard-4, premium-absorption-v8-dev-1m-shard-4, factor-lag-v6-dev-1m-shard-4
2026-10-03T10:32:38.4494912Z ##[group]Run set -euo pipefail
2026-10-03T10:32:38.4495260Z [36;1mset -euo pipefail[0m
2026-10-03T10:32:38.4495935Z [36;1mpython scripts/session_opening_range_sweep_v20.py scan --stage DEV --data data --btc btc/BTCUSDT.csv.gz --source-check source-check.json --out dev-4 --minute-cache cache/verified-1m[0m
2026-10-03T10:32:38.4531613Z shell: /usr/bin/bash --noprofile --norc -e -o pipefail {0}
2026-10-03T10:32:38.4531961Z env:
2026-10-03T10:32:38.4534110Z   GH_TOKEN: ***
2026-10-03T10:32:38.4534454Z   pythonLocation: /opt/hostedtoolcache/Python/3.12.14/x64
2026-10-03T10:32:38.4534942Z   PKG_CONFIG_PATH: /opt/hostedtoolcache/Python/3.12.14/x64/lib/pkgconfig
2026-10-03T10:32:38.4535366Z   Python_ROOT_DIR: /opt/hostedtoolcache/Python/3.12.14/x64
2026-10-03T10:32:38.4535746Z   Python2_ROOT_DIR: /opt/hostedtoolcache/Python/3.12.14/x64
2026-10-03T10:32:38.4536174Z   Python3_ROOT_DIR: /opt/hostedtoolcache/Python/3.12.14/x64
2026-10-03T10:32:38.4536670Z   LD_LIBRARY_PATH: /opt/hostedtoolcache/Python/3.12.14/x64/lib
2026-10-03T10:32:38.4537037Z ##[endgroup]
2026-10-03T10:32:39.6242041Z /home/runner/work/bb-scanner/bb-scanner/scripts/session_opening_range_sweep_v20.py:77: RuntimeWarning: invalid value encountered in divide
2026-10-03T10:32:39.6242711Z   f['session_vwap'][k:z]=np.where(valid,numer/denom,np.nan)
2026-10-03T10:32:54.7805050Z V20_OPENING_RANGE_SWEEP_SCAN DEV 8 / 107 parameterized_outcomes 86
2026-10-03T10:33:16.1678484Z V20_OPENING_RANGE_SWEEP_SCAN DEV 16 / 107 parameterized_outcomes 196
2026-10-03T10:33:58.4027421Z V20_OPENING_RANGE_SWEEP_SCAN DEV 48 / 107 parameterized_outcomes 472
2026-10-03T10:34:17.5569012Z V20_OPENING_RANGE_SWEEP_SCAN DEV 56 / 107 parameterized_outcomes 552
2026-10-03T10:34:49.6844237Z V20_OPENING_RANGE_SWEEP_SCAN DEV 96 / 107 parameterized_outcomes 802
2026-10-03T10:35:01.8379263Z V20_OPENING_RANGE_SWEEP_SCAN_DONE DEV 838 chronology_exclusions 0
2026-10-03T10:35:01.8926461Z ##[group]Run actions/upload-artifact@v4
2026-10-03T10:35:01.8926745Z with:
2026-10-03T10:35:01.8927079Z   name: session-opening-range-sweep-v20-dev-4
2026-10-03T10:35:01.8927375Z   path: dev-4/
2026-10-03T10:35:01.8927595Z   retention-days: 30
2026-10-03T10:35:01.8928085Z   compression-level: 0
2026-10-03T10:35:01.8928494Z   if-no-files-found: warn
2026-10-03T10:35:01.8928774Z   overwrite: false
2026-10-03T10:35:01.8929034Z   include-hidden-files: false
2026-10-03T10:35:01.8929285Z env:
2026-10-03T10:35:01.8931469Z   GH_TOKEN: ***
2026-10-03T10:35:01.8931755Z   pythonLocation: /opt/hostedtoolcache/Python/3.12.14/x64
2026-10-03T10:35:01.8932185Z   PKG_CONFIG_PATH: /opt/hostedtoolcache/Python/3.12.14/x64/lib/pkgconfig
2026-10-03T10:35:01.8932586Z   Python_ROOT_DIR: /opt/hostedtoolcache/Python/3.12.14/x64
2026-10-03T10:35:01.8932950Z   Python2_ROOT_DIR: /opt/hostedtoolcache/Python/3.12.14/x64
2026-10-03T10:35:01.8933451Z   Python3_ROOT_DIR: /opt/hostedtoolcache/Python/3.12.14/x64
2026-10-03T10:35:01.8933927Z   LD_LIBRARY_PATH: /opt/hostedtoolcache/Python/3.12.14/x64/lib
2026-10-03T10:35:01.8934239Z ##[endgroup]
2026-10-03T10:35:02.0294735Z (node:2209) [DEP0040] DeprecationWarning: The `punycode` module is deprecated. Please use a userland alternative instead.
2026-10-03T10:35:02.0295500Z (Use `node --trace-deprecation ...` to show where the warning was created)
2026-10-03T10:35:02.0537538Z With the provided path, there will be 157 files uploaded
2026-10-03T10:35:02.0542600Z Artifact name is valid!
2026-10-03T10:35:02.0544641Z Root directory input is valid!
2026-10-03T10:35:02.3086247Z Beginning upload of artifact content to blob storage
2026-10-03T10:35:02.3882135Z (node:2209) [DEP0169] DeprecationWarning: `url.parse()` behavior is not standardized and prone to errors that have security implications. Use the WHATWG URL API instead. CVEs are not issued for `url.parse()` vulnerabilities.
2026-10-03T10:35:02.8734280Z Uploaded bytes 8388608
2026-10-03T10:35:02.9111877Z Uploaded bytes 16777216
2026-10-03T10:35:02.9336870Z Uploaded bytes 25165824
2026-10-03T10:35:02.9892751Z Uploaded bytes 33554432
2026-10-03T10:35:03.0438285Z Uploaded bytes 41943040
2026-10-03T10:35:03.0572097Z Uploaded bytes 50331648
2026-10-03T10:35:03.0922184Z Uploaded bytes 58720256
2026-10-03T10:35:03.1432724Z Uploaded bytes 67108864
2026-10-03T10:35:03.3273574Z Uploaded bytes 73393654
2026-10-03T10:35:03.3694347Z Finished uploading artifact content to blob storage!
2026-10-03T10:35:03.3696916Z SHA256 digest of uploaded artifact zip is 3a8603c857b0e9b16f71e44f3f294a6f0e44578221ae416024fca4fe9ff870a5
2026-10-03T10:35:03.3699140Z Finalizing artifact upload
2026-10-03T10:35:03.5888580Z Artifact session-opening-range-sweep-v20-dev-4.zip successfully finalized. Artifact ID 11272220706
2026-10-03T10:35:03.5889803Z Artifact session-opening-range-sweep-v20-dev-4 has been successfully uploaded! Final size is 73393654 bytes. Artifact ID is 11272220706
2026-10-03T10:35:03.5895485Z Artifact download URL: https://github.com/duuu-hub/bb-scanner/actions/runs/37116650810/artifacts/11272220706
2026-10-03T10:35:03.6037678Z Post job cleanup.
2026-10-03T10:35:03.6911078Z (node:2221) [DEP0040] DeprecationWarning: The `punycode` module is deprecated. Please use a userland alternative instead.
2026-10-03T10:35:03.6911792Z (Use `node --trace-deprecation ...` to show where the warning was created)
2026-10-03T10:35:03.7061009Z [command]/usr/bin/tar --posix -cf cache.tzst --exclude cache.tzst -P -C /home/runner/work/bb-scanner/bb-scanner --files-from manifest.txt --use-compress-program zstdmt
2026-10-03T10:35:04.0033771Z (node:2221) [DEP0169] DeprecationWarning: `url.parse()` behavior is not standardized and prone to errors that have security implications. Use the WHATWG URL API instead. CVEs are not issued for `url.parse()` vulnerabilities.
2026-10-03T10:35:04.9975323Z Sent 58064896 of 90019705 (64.5%), 55.3 MBs/sec
2026-10-03T10:35:05.8275882Z Sent 90019705 of 90019705 (100.0%), 46.9 MBs/sec
2026-10-03T10:35:05.9123052Z Cache saved with key: session-opening-range-sweep-v20-dev-1m-shard-4
2026-10-03T10:35:05.9239094Z Post job cleanup.
2026-10-03T10:35:06.0131397Z (node:2241) [DEP0040] DeprecationWarning: The `punycode` module is deprecated. Please use a userland alternative instead.
2026-10-03T10:35:06.0132784Z (Use `node --trace-deprecation ...` to show where the warning was created)
2026-10-03T10:35:06.0278949Z [command]/usr/bin/tar --posix -cf cache.tzst --exclude cache.tzst -P -C /home/runner/work/bb-scanner/bb-scanner --files-from manifest.txt --use-compress-program zstdmt
2026-10-03T10:35:06.3895855Z (node:2241) [DEP0169] DeprecationWarning: `url.parse()` behavior is not standardized and prone to errors that have security implications. Use the WHATWG URL API instead. CVEs are not issued for `url.parse()` vulnerabilities.
2026-10-03T10:35:07.3764889Z Sent 106004757 of 240222485 (44.1%), 101.1 MBs/sec
2026-10-03T10:35:07.6111973Z Sent 240222485 of 240222485 (100.0%), 185.5 MBs/sec
2026-10-03T10:35:07.7130992Z Cache saved with key: frozen-source-36095439671-15m-shard-4
2026-10-03T10:35:07.7261611Z Post job cleanup.
2026-10-03T10:35:07.8281397Z (node:2262) [DEP0040] DeprecationWarning: The `punycode` module is deprecated. Please use a userland alternative instead.
2026-10-03T10:35:07.8282151Z (Use `node --trace-deprecation ...` to show where the warning was created)
2026-10-03T10:35:07.8386320Z Post job cleanup.
2026-10-03T10:35:07.9116204Z [command]/usr/bin/git version
2026-10-03T10:35:07.9146806Z git version 2.55.0
2026-10-03T10:35:07.9178085Z Temporarily overriding HOME='/home/runner/work/_temp/1fb80993-0875-4359-b700-f5809c994472' before making global git config changes
2026-10-03T10:35:07.9179350Z Adding repository directory to the temporary git global config as a safe directory
2026-10-03T10:35:07.9180470Z [command]/usr/bin/git config --global --add safe.directory /home/runner/work/bb-scanner/bb-scanner
2026-10-03T10:35:07.9211196Z [command]/usr/bin/git config --local --name-only --get-regexp core\.sshCommand
2026-10-03T10:35:07.9237275Z [command]/usr/bin/git submodule foreach --recursive sh -c "git config --local --name-only --get-regexp 'core\.sshCommand' && git config --local --unset-all 'core.sshCommand' || :"
2026-10-03T10:35:07.9414945Z [command]/usr/bin/git config --local --name-only --get-regexp http\.https\:\/\/github\.com\/\.extraheader
2026-10-03T10:35:07.9435698Z http.https://github.com/.extraheader
2026-10-03T10:35:07.9444084Z [command]/usr/bin/git config --local --unset-all http.https://github.com/.extraheader
2026-10-03T10:35:07.9477248Z [command]/usr/bin/git submodule foreach --recursive sh -c "git config --local --name-only --get-regexp 'http\.https\:\/\/github\.com\/\.extraheader' && git config --local --unset-all 'http.https://github.com/.extraheader' || :"
2026-10-03T10:35:07.9667777Z [command]/usr/bin/git config --local --name-only --get-regexp ^includeIf\.gitdir:
2026-10-03T10:35:07.9690328Z [command]/usr/bin/git submodule foreach --recursive git config --local --show-origin --name-only --get-regexp remote.origin.url
2026-10-03T10:35:07.9993482Z Cleaning up orphan processes
2026-10-03T10:35:08.0210409Z ##[warning]Node.js 20 is deprecated. The following actions target Node.js 20 but are being forced to run on Node.js 24: actions/cache@v4, actions/checkout@v4, actions/setup-python@v5, actions/upload-artifact@v4. For more information see: https://github.blog/changelog/2025-09-19-deprecation-of-node-20-on-github-actions-runners/
