2026-10-03T10:32:12.1100688Z Current runner version: '2.337.0'
2026-10-03T10:32:12.1124567Z ##[group]Runner Image Provisioner
2026-10-03T10:32:12.1125489Z Hosted Compute Agent
2026-10-03T10:32:12.1126108Z Version: 20260901.588
2026-10-03T10:32:12.1126751Z Commit: f88ec8081b781fac6c440065ac7ff9e710ce3d0b
2026-10-03T10:32:12.1127577Z Build Date: 2026-09-01T19:56:44Z
2026-10-03T10:32:12.1128563Z Worker ID: {520c0e03-ff47-4f45-9bb2-bfb580ee1097}
2026-10-03T10:32:12.1129283Z Azure Region: westus3
2026-10-03T10:32:12.1129930Z ##[endgroup]
2026-10-03T10:32:12.1131571Z ##[group]Operating System
2026-10-03T10:32:12.1132327Z Ubuntu
2026-10-03T10:32:12.1132870Z 24.04.5
2026-10-03T10:32:12.1133350Z LTS
2026-10-03T10:32:12.1134330Z ##[endgroup]
2026-10-03T10:32:12.1134901Z ##[group]Runner Image
2026-10-03T10:32:12.1135554Z Image: ubuntu-24.04
2026-10-03T10:32:12.1136134Z Version: 20260927.320.1
2026-10-03T10:32:12.1137445Z Included Software: https://github.com/actions/runner-images/blob/ubuntu24/20260927.320/images/ubuntu/Ubuntu2404-Readme.md
2026-10-03T10:32:12.1139237Z Image Release: https://github.com/actions/runner-images/releases/tag/ubuntu24%2F20260927.320
2026-10-03T10:32:12.1140301Z ##[endgroup]
2026-10-03T10:32:12.1141519Z ##[group]GITHUB_TOKEN Permissions
2026-10-03T10:32:12.1143669Z Actions: read
2026-10-03T10:32:12.1144309Z Contents: read
2026-10-03T10:32:12.1144930Z Metadata: read
2026-10-03T10:32:12.1145632Z ##[endgroup]
2026-10-03T10:32:12.1147833Z Secret source: Actions
2026-10-03T10:32:12.1148881Z Cache mode: write
2026-10-03T10:32:12.1149578Z Prepare workflow directory
2026-10-03T10:32:12.1674195Z Prepare all required actions
2026-10-03T10:32:12.1721624Z Getting action download info
2026-10-03T10:32:12.4824387Z Download action repository 'actions/checkout@v4' (SHA:11d5960a326750d5838078e36cf38b85af677262)
2026-10-03T10:32:12.5734984Z Download action repository 'actions/setup-python@v5' (SHA:a26af69be951a213d495a4c3e4e4022e16d87065)
2026-10-03T10:32:12.6545248Z Download action repository 'actions/cache@v4' (SHA:0057852bfaa89a56745cba8c7296529d2fc39830)
2026-10-03T10:32:12.7470127Z Download action repository 'actions/upload-artifact@v4' (SHA:ea165f8d65b6e75b540449e92b4886f43607fa02)
2026-10-03T10:32:12.9537114Z Complete job name: development (0)
2026-10-03T10:32:13.0243347Z ##[group]Run actions/checkout@v4
2026-10-03T10:32:13.0244218Z with:
2026-10-03T10:32:13.0244676Z   repository: duuu-hub/bb-scanner
2026-10-03T10:32:13.0248842Z   token: ***
2026-10-03T10:32:13.0249295Z   ssh-strict: true
2026-10-03T10:32:13.0249866Z   ssh-user: git
2026-10-03T10:32:13.0250339Z   persist-credentials: true
2026-10-03T10:32:13.0250842Z   clean: true
2026-10-03T10:32:13.0251301Z   sparse-checkout-cone-mode: true
2026-10-03T10:32:13.0251832Z   fetch-depth: 1
2026-10-03T10:32:13.0252265Z   fetch-tags: false
2026-10-03T10:32:13.0252705Z   show-progress: true
2026-10-03T10:32:13.0253148Z   lfs: false
2026-10-03T10:32:13.0253556Z   submodules: false
2026-10-03T10:32:13.0254001Z   set-safe-directory: true
2026-10-03T10:32:13.0254501Z   allow-unsafe-pr-checkout: false
2026-10-03T10:32:13.0255395Z env:
2026-10-03T10:32:13.0259126Z   GH_TOKEN: ***
2026-10-03T10:32:13.0259561Z ##[endgroup]
2026-10-03T10:32:13.1240324Z Syncing repository: duuu-hub/bb-scanner
2026-10-03T10:32:13.1242876Z ##[group]Getting Git version info
2026-10-03T10:32:13.1244040Z Working directory is '/home/runner/work/bb-scanner/bb-scanner'
2026-10-03T10:32:13.1245677Z [command]/usr/bin/git version
2026-10-03T10:32:13.1326278Z git version 2.55.0
2026-10-03T10:32:13.1364052Z ##[endgroup]
2026-10-03T10:32:13.1370016Z Temporarily overriding HOME='/home/runner/work/_temp/e9c8defb-21ff-44e5-b829-bfceab4e798e' before making global git config changes
2026-10-03T10:32:13.1372416Z Adding repository directory to the temporary git global config as a safe directory
2026-10-03T10:32:13.1389901Z [command]/usr/bin/git config --global --add safe.directory /home/runner/work/bb-scanner/bb-scanner
2026-10-03T10:32:13.1441043Z Deleting the contents of '/home/runner/work/bb-scanner/bb-scanner'
2026-10-03T10:32:13.1445104Z ##[group]Initializing the repository
2026-10-03T10:32:13.1450394Z [command]/usr/bin/git init /home/runner/work/bb-scanner/bb-scanner
2026-10-03T10:32:13.1564764Z hint: Using 'master' as the name for the initial branch. This default branch name
2026-10-03T10:32:13.1582832Z hint: will change to "main" in Git 3.0. To configure the initial branch name
2026-10-03T10:32:13.1584911Z hint: to use in all of your new repositories, which will suppress this warning,
2026-10-03T10:32:13.1586572Z hint: call:
2026-10-03T10:32:13.1587489Z hint:
2026-10-03T10:32:13.1588845Z hint: 	git config --global init.defaultBranch <name>
2026-10-03T10:32:13.1590185Z hint:
2026-10-03T10:32:13.1591352Z hint: Names commonly chosen instead of 'master' are 'main', 'trunk' and
2026-10-03T10:32:13.1593179Z hint: 'development'. The just-created branch can be renamed via this command:
2026-10-03T10:32:13.1594627Z hint:
2026-10-03T10:32:13.1595514Z hint: 	git branch -m <name>
2026-10-03T10:32:13.1596552Z hint:
2026-10-03T10:32:13.1598036Z hint: Disable this message with "git config set advice.defaultBranchName false"
2026-10-03T10:32:13.1600371Z Initialized empty Git repository in /home/runner/work/bb-scanner/bb-scanner/.git/
2026-10-03T10:32:13.1604319Z [command]/usr/bin/git remote add origin https://github.com/duuu-hub/bb-scanner
2026-10-03T10:32:13.1658246Z ##[endgroup]
2026-10-03T10:32:13.1660021Z ##[group]Disabling automatic garbage collection
2026-10-03T10:32:13.1661577Z [command]/usr/bin/git config --local gc.auto 0
2026-10-03T10:32:13.1711083Z ##[endgroup]
2026-10-03T10:32:13.1712790Z ##[group]Setting up auth
2026-10-03T10:32:13.1714400Z [command]/usr/bin/git config --local --name-only --get-regexp core\.sshCommand
2026-10-03T10:32:13.1751037Z [command]/usr/bin/git submodule foreach --recursive sh -c "git config --local --name-only --get-regexp 'core\.sshCommand' && git config --local --unset-all 'core.sshCommand' || :"
2026-10-03T10:32:13.2220651Z [command]/usr/bin/git config --local --name-only --get-regexp http\.https\:\/\/github\.com\/\.extraheader
2026-10-03T10:32:13.2263362Z [command]/usr/bin/git submodule foreach --recursive sh -c "git config --local --name-only --get-regexp 'http\.https\:\/\/github\.com\/\.extraheader' && git config --local --unset-all 'http.https://github.com/.extraheader' || :"
2026-10-03T10:32:13.2488241Z [command]/usr/bin/git config --local --name-only --get-regexp ^includeIf\.gitdir:
2026-10-03T10:32:13.2523814Z [command]/usr/bin/git submodule foreach --recursive git config --local --show-origin --name-only --get-regexp remote.origin.url
2026-10-03T10:32:13.2746686Z [command]/usr/bin/git config --local http.https://github.com/.extraheader AUTHORIZATION: basic ***
2026-10-03T10:32:13.2786220Z ##[endgroup]
2026-10-03T10:32:13.2787157Z ##[group]Fetching the repository
2026-10-03T10:32:13.2796742Z [command]/usr/bin/git -c protocol.version=2 fetch --no-tags --prune --no-recurse-submodules --depth=1 origin +3d3f315a426f72fefd7933347f71061e725cdf54:refs/remotes/origin/research-session-opening-range-sweep-v20
2026-10-03T10:32:14.9471255Z From https://github.com/duuu-hub/bb-scanner
2026-10-03T10:32:14.9473132Z  * [new ref]         3d3f315a426f72fefd7933347f71061e725cdf54 -> origin/research-session-opening-range-sweep-v20
2026-10-03T10:32:14.9476854Z ##[endgroup]
2026-10-03T10:32:14.9478824Z ##[group]Determining the checkout info
2026-10-03T10:32:14.9480527Z ##[endgroup]
2026-10-03T10:32:14.9484987Z [command]/usr/bin/git sparse-checkout disable
2026-10-03T10:32:14.9602544Z [command]/usr/bin/git config --local --unset-all extensions.worktreeConfig
2026-10-03T10:32:14.9605642Z ##[group]Checking out the ref
2026-10-03T10:32:14.9608623Z [command]/usr/bin/git checkout --progress --force -B research-session-opening-range-sweep-v20 refs/remotes/origin/research-session-opening-range-sweep-v20
2026-10-03T10:32:15.2045445Z Switched to a new branch 'research-session-opening-range-sweep-v20'
2026-10-03T10:32:15.2050734Z branch 'research-session-opening-range-sweep-v20' set up to track 'origin/research-session-opening-range-sweep-v20'.
2026-10-03T10:32:15.2061176Z ##[endgroup]
2026-10-03T10:32:15.2106410Z [command]/usr/bin/git log -1 --format=%H
2026-10-03T10:32:15.2132793Z 3d3f315a426f72fefd7933347f71061e725cdf54
2026-10-03T10:32:15.2392056Z ##[group]Run actions/setup-python@v5
2026-10-03T10:32:15.2392447Z with:
2026-10-03T10:32:15.2392706Z   python-version: 3.12
2026-10-03T10:32:15.2392989Z   check-latest: false
2026-10-03T10:32:15.2395488Z   token: ***
2026-10-03T10:32:15.2395774Z   update-environment: true
2026-10-03T10:32:15.2396094Z   allow-prereleases: false
2026-10-03T10:32:15.2396406Z   freethreaded: false
2026-10-03T10:32:15.2396671Z env:
2026-10-03T10:32:15.2399417Z   GH_TOKEN: ***
2026-10-03T10:32:15.2399693Z ##[endgroup]
2026-10-03T10:32:15.3815330Z ##[group]Installed versions
2026-10-03T10:32:15.3897358Z (node:2314) [DEP0040] DeprecationWarning: The `punycode` module is deprecated. Please use a userland alternative instead.
2026-10-03T10:32:15.3898513Z (Use `node --trace-deprecation ...` to show where the warning was created)
2026-10-03T10:32:15.3899240Z Successfully set up CPython (3.12.14)
2026-10-03T10:32:15.3900182Z ##[endgroup]
2026-10-03T10:32:15.4106509Z ##[group]Run set -euo pipefail
2026-10-03T10:32:15.4107136Z [36;1mset -euo pipefail[0m
2026-10-03T10:32:15.4107929Z [36;1mpip install pandas==2.3.3 numpy==2.3.3[0m
2026-10-03T10:32:15.4445015Z shell: /usr/bin/bash --noprofile --norc -e -o pipefail {0}
2026-10-03T10:32:15.4445479Z env:
2026-10-03T10:32:15.4448503Z   GH_TOKEN: ***
2026-10-03T10:32:15.4448869Z   pythonLocation: /opt/hostedtoolcache/Python/3.12.14/x64
2026-10-03T10:32:15.4449411Z   PKG_CONFIG_PATH: /opt/hostedtoolcache/Python/3.12.14/x64/lib/pkgconfig
2026-10-03T10:32:15.4449920Z   Python_ROOT_DIR: /opt/hostedtoolcache/Python/3.12.14/x64
2026-10-03T10:32:15.4450372Z   Python2_ROOT_DIR: /opt/hostedtoolcache/Python/3.12.14/x64
2026-10-03T10:32:15.4450843Z   Python3_ROOT_DIR: /opt/hostedtoolcache/Python/3.12.14/x64
2026-10-03T10:32:15.4451303Z   LD_LIBRARY_PATH: /opt/hostedtoolcache/Python/3.12.14/x64/lib
2026-10-03T10:32:15.4451716Z ##[endgroup]
2026-10-03T10:32:16.4301571Z Collecting pandas==2.3.3
2026-10-03T10:32:16.5118239Z   Downloading pandas-2.3.3-cp312-cp312-manylinux_2_24_x86_64.manylinux_2_28_x86_64.whl.metadata (91 kB)
2026-10-03T10:32:16.7492630Z Collecting numpy==2.3.3
2026-10-03T10:32:16.7600071Z   Downloading numpy-2.3.3-cp312-cp312-manylinux_2_27_x86_64.manylinux_2_28_x86_64.whl.metadata (62 kB)
2026-10-03T10:32:16.7884019Z Collecting python-dateutil>=2.8.2 (from pandas==2.3.3)
2026-10-03T10:32:16.7981388Z   Downloading python_dateutil-2.9.0.post0-py2.py3-none-any.whl.metadata (8.4 kB)
2026-10-03T10:32:16.8296454Z Collecting pytz>=2020.1 (from pandas==2.3.3)
2026-10-03T10:32:16.8394623Z   Downloading pytz-2026.4-py2.py3-none-any.whl.metadata (22 kB)
2026-10-03T10:32:16.8541940Z Collecting tzdata>=2022.7 (from pandas==2.3.3)
2026-10-03T10:32:16.8640115Z   Downloading tzdata-2026.5-py2.py3-none-any.whl.metadata (1.4 kB)
2026-10-03T10:32:16.8763222Z Collecting six>=1.5 (from python-dateutil>=2.8.2->pandas==2.3.3)
2026-10-03T10:32:16.8861199Z   Downloading six-1.17.0-py2.py3-none-any.whl.metadata (1.7 kB)
2026-10-03T10:32:16.8995794Z Downloading pandas-2.3.3-cp312-cp312-manylinux_2_24_x86_64.manylinux_2_28_x86_64.whl (12.4 MB)
2026-10-03T10:32:17.3087389Z    ━━━━━━━━━━━━━━━━━━━━━━━━━━━━━━━━━━━━━━━━ 12.4/12.4 MB 31.9 MB/s  0:00:00
2026-10-03T10:32:17.3193765Z Downloading numpy-2.3.3-cp312-cp312-manylinux_2_27_x86_64.manylinux_2_28_x86_64.whl (16.6 MB)
2026-10-03T10:32:17.4747523Z    ━━━━━━━━━━━━━━━━━━━━━━━━━━━━━━━━━━━━━━━━ 16.6/16.6 MB 108.3 MB/s  0:00:00
2026-10-03T10:32:17.4851914Z Downloading python_dateutil-2.9.0.post0-py2.py3-none-any.whl (229 kB)
2026-10-03T10:32:17.4976930Z Downloading pytz-2026.4-py2.py3-none-any.whl (506 kB)
2026-10-03T10:32:17.5109461Z Downloading six-1.17.0-py2.py3-none-any.whl (11 kB)
2026-10-03T10:32:17.5225564Z Downloading tzdata-2026.5-py2.py3-none-any.whl (347 kB)
2026-10-03T10:32:17.6831468Z Installing collected packages: pytz, tzdata, six, numpy, python-dateutil, pandas
2026-10-03T10:32:24.4055272Z 
2026-10-03T10:32:24.4069203Z Successfully installed numpy-2.3.3 pandas-2.3.3 python-dateutil-2.9.0.post0 pytz-2026.4 six-1.17.0 tzdata-2026.5
2026-10-03T10:32:24.4672577Z ##[group]Run actions/cache@v4
2026-10-03T10:32:24.4672853Z with:
2026-10-03T10:32:24.4673050Z   path: data
2026-10-03T10:32:24.4673279Z   key: frozen-source-36095439671-15m-shard-0
2026-10-03T10:32:24.4673577Z   enableCrossOsArchive: false
2026-10-03T10:32:24.4673826Z   fail-on-cache-miss: false
2026-10-03T10:32:24.4674085Z   lookup-only: false
2026-10-03T10:32:24.4674306Z   save-always: false
2026-10-03T10:32:24.4674536Z env:
2026-10-03T10:32:24.4676921Z   GH_TOKEN: ***
2026-10-03T10:32:24.4677219Z   pythonLocation: /opt/hostedtoolcache/Python/3.12.14/x64
2026-10-03T10:32:24.4677898Z   PKG_CONFIG_PATH: /opt/hostedtoolcache/Python/3.12.14/x64/lib/pkgconfig
2026-10-03T10:32:24.4678356Z   Python_ROOT_DIR: /opt/hostedtoolcache/Python/3.12.14/x64
2026-10-03T10:32:24.4678750Z   Python2_ROOT_DIR: /opt/hostedtoolcache/Python/3.12.14/x64
2026-10-03T10:32:24.4679153Z   Python3_ROOT_DIR: /opt/hostedtoolcache/Python/3.12.14/x64
2026-10-03T10:32:24.4679588Z   LD_LIBRARY_PATH: /opt/hostedtoolcache/Python/3.12.14/x64/lib
2026-10-03T10:32:24.4679924Z ##[endgroup]
2026-10-03T10:32:24.5746456Z (node:2350) [DEP0040] DeprecationWarning: The `punycode` module is deprecated. Please use a userland alternative instead.
2026-10-03T10:32:24.5748152Z (Use `node --trace-deprecation ...` to show where the warning was created)
2026-10-03T10:32:24.7720039Z Cache not found for input keys: frozen-source-36095439671-15m-shard-0
2026-10-03T10:32:24.7835130Z ##[group]Run set -euo pipefail
2026-10-03T10:32:24.7835457Z [36;1mset -euo pipefail[0m
2026-10-03T10:32:24.7835707Z [36;1mif [ '' != 'true' ]; then[0m
2026-10-03T10:32:24.7836232Z [36;1m  gh run download 36095439671 -R duuu-hub/bb-scanner -n rank5-binance-um-15m-5y-data-shard-0 -D data[0m
2026-10-03T10:32:24.7836741Z [36;1mfi[0m
2026-10-03T10:32:24.7837101Z [36;1mgh run download 36858492497 -R duuu-hub/bb-scanner -n day-edge-v2-btc -D btc[0m
2026-10-03T10:32:24.7838256Z [36;1mgh run download 36095439671 -R duuu-hub/bb-scanner -n rank5-binance-um-15m-5y-manifest-shard-0 -D source-manifest[0m
2026-10-03T10:32:24.7839605Z [36;1mpython scripts/research_evidence_archive.py verify-source --data data --manifests source-manifest --baseline research/session-opening-range-sweep-v20/FROZEN_INPUT_HASHES.json --out source-check.json[0m
2026-10-03T10:32:24.7905788Z shell: /usr/bin/bash --noprofile --norc -e -o pipefail {0}
2026-10-03T10:32:24.7906175Z env:
2026-10-03T10:32:24.7908696Z   GH_TOKEN: ***
2026-10-03T10:32:24.7908999Z   pythonLocation: /opt/hostedtoolcache/Python/3.12.14/x64
2026-10-03T10:32:24.7909452Z   PKG_CONFIG_PATH: /opt/hostedtoolcache/Python/3.12.14/x64/lib/pkgconfig
2026-10-03T10:32:24.7909886Z   Python_ROOT_DIR: /opt/hostedtoolcache/Python/3.12.14/x64
2026-10-03T10:32:24.7910280Z   Python2_ROOT_DIR: /opt/hostedtoolcache/Python/3.12.14/x64
2026-10-03T10:32:24.7910682Z   Python3_ROOT_DIR: /opt/hostedtoolcache/Python/3.12.14/x64
2026-10-03T10:32:24.7911093Z   LD_LIBRARY_PATH: /opt/hostedtoolcache/Python/3.12.14/x64/lib
2026-10-03T10:32:24.7911421Z ##[endgroup]
2026-10-03T10:32:41.4144491Z FROZEN_SOURCE_VERIFIED 107 files 28 prior SHA256 matches
2026-10-03T10:32:41.4589920Z ##[group]Run actions/cache@v4
2026-10-03T10:32:41.4590207Z with:
2026-10-03T10:32:41.4590411Z   path: cache/verified-1m
2026-10-03T10:32:41.4590713Z   key: session-opening-range-sweep-v20-dev-1m-shard-0
2026-10-03T10:32:41.4591884Z   restore-keys: taker-absorption-release-v12-dev-1m-shard-0
aggressive-flow-cascade-v11-dev-1m-shard-0
residual-reversion-v10-dev-1m-shard-0
cross-sectional-leader-v9-dev-1m-shard-0
premium-absorption-v8-dev-1m-shard-0
factor-lag-v6-dev-1m-shard-0
2026-10-03T10:32:41.4592995Z   enableCrossOsArchive: false
2026-10-03T10:32:41.4593250Z   fail-on-cache-miss: false
2026-10-03T10:32:41.4593490Z   lookup-only: false
2026-10-03T10:32:41.4593704Z   save-always: false
2026-10-03T10:32:41.4593905Z env:
2026-10-03T10:32:41.4596492Z   GH_TOKEN: ***
2026-10-03T10:32:41.4596784Z   pythonLocation: /opt/hostedtoolcache/Python/3.12.14/x64
2026-10-03T10:32:41.4597231Z   PKG_CONFIG_PATH: /opt/hostedtoolcache/Python/3.12.14/x64/lib/pkgconfig
2026-10-03T10:32:41.4597882Z   Python_ROOT_DIR: /opt/hostedtoolcache/Python/3.12.14/x64
2026-10-03T10:32:41.4598281Z   Python2_ROOT_DIR: /opt/hostedtoolcache/Python/3.12.14/x64
2026-10-03T10:32:41.4598670Z   Python3_ROOT_DIR: /opt/hostedtoolcache/Python/3.12.14/x64
2026-10-03T10:32:41.4599062Z   LD_LIBRARY_PATH: /opt/hostedtoolcache/Python/3.12.14/x64/lib
2026-10-03T10:32:41.4599393Z ##[endgroup]
2026-10-03T10:32:41.5656524Z (node:2391) [DEP0040] DeprecationWarning: The `punycode` module is deprecated. Please use a userland alternative instead.
2026-10-03T10:32:41.5657492Z (Use `node --trace-deprecation ...` to show where the warning was created)
2026-10-03T10:32:41.7625274Z Cache not found for input keys: session-opening-range-sweep-v20-dev-1m-shard-0, taker-absorption-release-v12-dev-1m-shard-0, aggressive-flow-cascade-v11-dev-1m-shard-0, residual-reversion-v10-dev-1m-shard-0, cross-sectional-leader-v9-dev-1m-shard-0, premium-absorption-v8-dev-1m-shard-0, factor-lag-v6-dev-1m-shard-0
2026-10-03T10:32:41.7700140Z ##[group]Run set -euo pipefail
2026-10-03T10:32:41.7700456Z [36;1mset -euo pipefail[0m
2026-10-03T10:32:41.7701239Z [36;1mpython scripts/session_opening_range_sweep_v20.py scan --stage DEV --data data --btc btc/BTCUSDT.csv.gz --source-check source-check.json --out dev-0 --minute-cache cache/verified-1m[0m
2026-10-03T10:32:41.7765116Z shell: /usr/bin/bash --noprofile --norc -e -o pipefail {0}
2026-10-03T10:32:41.7765470Z env:
2026-10-03T10:32:41.7768096Z   GH_TOKEN: ***
2026-10-03T10:32:41.7768409Z   pythonLocation: /opt/hostedtoolcache/Python/3.12.14/x64
2026-10-03T10:32:41.7768880Z   PKG_CONFIG_PATH: /opt/hostedtoolcache/Python/3.12.14/x64/lib/pkgconfig
2026-10-03T10:32:41.7769334Z   Python_ROOT_DIR: /opt/hostedtoolcache/Python/3.12.14/x64
2026-10-03T10:32:41.7769729Z   Python2_ROOT_DIR: /opt/hostedtoolcache/Python/3.12.14/x64
2026-10-03T10:32:41.7770126Z   Python3_ROOT_DIR: /opt/hostedtoolcache/Python/3.12.14/x64
2026-10-03T10:32:41.7770536Z   LD_LIBRARY_PATH: /opt/hostedtoolcache/Python/3.12.14/x64/lib
2026-10-03T10:32:41.7770866Z ##[endgroup]
2026-10-03T10:32:42.9835664Z /home/runner/work/bb-scanner/bb-scanner/scripts/session_opening_range_sweep_v20.py:77: RuntimeWarning: invalid value encountered in divide
2026-10-03T10:32:42.9837032Z   f['session_vwap'][k:z]=np.where(valid,numer/denom,np.nan)
2026-10-03T10:33:21.1987348Z V20_OPENING_RANGE_SWEEP_SCAN DEV 8 / 107 parameterized_outcomes 288
2026-10-03T10:34:09.3455099Z V20_OPENING_RANGE_SWEEP_SCAN DEV 40 / 107 parameterized_outcomes 648
2026-10-03T10:34:20.1006402Z V20_OPENING_RANGE_SWEEP_SCAN DEV 48 / 107 parameterized_outcomes 728
2026-10-03T10:34:26.1260605Z V20_OPENING_RANGE_SWEEP_SCAN DEV 56 / 107 parameterized_outcomes 764
2026-10-03T10:34:26.2224648Z /home/runner/work/bb-scanner/bb-scanner/scripts/session_opening_range_sweep_v20.py:77: RuntimeWarning: invalid value encountered in divide
2026-10-03T10:34:26.2226337Z   f['session_vwap'][k:z]=np.where(valid,numer/denom,np.nan)
2026-10-03T10:34:52.9703105Z V20_OPENING_RANGE_SWEEP_SCAN DEV 88 / 107 parameterized_outcomes 960
2026-10-03T10:35:21.3085401Z V20_OPENING_RANGE_SWEEP_SCAN DEV 104 / 107 parameterized_outcomes 1198
2026-10-03T10:35:26.1304868Z V20_OPENING_RANGE_SWEEP_SCAN_DONE DEV 1252 chronology_exclusions 0
2026-10-03T10:35:26.1810720Z ##[group]Run actions/upload-artifact@v4
2026-10-03T10:35:26.1811026Z with:
2026-10-03T10:35:26.1811260Z   name: session-opening-range-sweep-v20-dev-0
2026-10-03T10:35:26.1811564Z   path: dev-0/
2026-10-03T10:35:26.1811764Z   retention-days: 30
2026-10-03T10:35:26.1811981Z   compression-level: 0
2026-10-03T10:35:26.1812200Z   if-no-files-found: warn
2026-10-03T10:35:26.1812427Z   overwrite: false
2026-10-03T10:35:26.1812639Z   include-hidden-files: false
2026-10-03T10:35:26.1812865Z env:
2026-10-03T10:35:26.1815227Z   GH_TOKEN: ***
2026-10-03T10:35:26.1815698Z   pythonLocation: /opt/hostedtoolcache/Python/3.12.14/x64
2026-10-03T10:35:26.1816134Z   PKG_CONFIG_PATH: /opt/hostedtoolcache/Python/3.12.14/x64/lib/pkgconfig
2026-10-03T10:35:26.1816573Z   Python_ROOT_DIR: /opt/hostedtoolcache/Python/3.12.14/x64
2026-10-03T10:35:26.1816952Z   Python2_ROOT_DIR: /opt/hostedtoolcache/Python/3.12.14/x64
2026-10-03T10:35:26.1817331Z   Python3_ROOT_DIR: /opt/hostedtoolcache/Python/3.12.14/x64
2026-10-03T10:35:26.1818037Z   LD_LIBRARY_PATH: /opt/hostedtoolcache/Python/3.12.14/x64/lib
2026-10-03T10:35:26.1818384Z ##[endgroup]
2026-10-03T10:35:26.3438347Z (node:2449) [DEP0040] DeprecationWarning: The `punycode` module is deprecated. Please use a userland alternative instead.
2026-10-03T10:35:26.3439232Z (Use `node --trace-deprecation ...` to show where the warning was created)
2026-10-03T10:35:26.3842078Z With the provided path, there will be 194 files uploaded
2026-10-03T10:35:26.3846948Z Artifact name is valid!
2026-10-03T10:35:26.3847971Z Root directory input is valid!
2026-10-03T10:35:26.7037688Z Beginning upload of artifact content to blob storage
2026-10-03T10:35:26.8174694Z (node:2449) [DEP0169] DeprecationWarning: `url.parse()` behavior is not standardized and prone to errors that have security implications. Use the WHATWG URL API instead. CVEs are not issued for `url.parse()` vulnerabilities.
2026-10-03T10:35:27.5225028Z Uploaded bytes 8388608
2026-10-03T10:35:27.5366560Z Uploaded bytes 16777216
2026-10-03T10:35:27.5453873Z Uploaded bytes 25165824
2026-10-03T10:35:27.5867953Z Uploaded bytes 33554432
2026-10-03T10:35:27.7530398Z Uploaded bytes 41943040
2026-10-03T10:35:27.7691935Z Uploaded bytes 50331648
2026-10-03T10:35:27.7915275Z Uploaded bytes 58720256
2026-10-03T10:35:27.7933735Z Uploaded bytes 67108864
2026-10-03T10:35:27.9687374Z Uploaded bytes 75497472
2026-10-03T10:35:27.9841192Z Uploaded bytes 83886080
2026-10-03T10:35:28.1459708Z Uploaded bytes 91031203
2026-10-03T10:35:28.2027356Z Finished uploading artifact content to blob storage!
2026-10-03T10:35:28.2029076Z SHA256 digest of uploaded artifact zip is 2a5262b9e2422f58bbd90d74909a9bfad3b11a013b769bac39e13b29263f242e
2026-10-03T10:35:28.2030834Z Finalizing artifact upload
2026-10-03T10:35:28.4285230Z Artifact session-opening-range-sweep-v20-dev-0.zip successfully finalized. Artifact ID 11271572355
2026-10-03T10:35:28.4287086Z Artifact session-opening-range-sweep-v20-dev-0 has been successfully uploaded! Final size is 91031203 bytes. Artifact ID is 11271572355
2026-10-03T10:35:28.4293735Z Artifact download URL: https://github.com/duuu-hub/bb-scanner/actions/runs/37116650810/artifacts/11271572355
2026-10-03T10:35:28.4493353Z Post job cleanup.
2026-10-03T10:35:28.5522638Z (node:2462) [DEP0040] DeprecationWarning: The `punycode` module is deprecated. Please use a userland alternative instead.
2026-10-03T10:35:28.5523574Z (Use `node --trace-deprecation ...` to show where the warning was created)
2026-10-03T10:35:28.5727578Z [command]/usr/bin/tar --posix -cf cache.tzst --exclude cache.tzst -P -C /home/runner/work/bb-scanner/bb-scanner --files-from manifest.txt --use-compress-program zstdmt
2026-10-03T10:35:28.9571840Z (node:2462) [DEP0169] DeprecationWarning: `url.parse()` behavior is not standardized and prone to errors that have security implications. Use the WHATWG URL API instead. CVEs are not issued for `url.parse()` vulnerabilities.
2026-10-03T10:35:29.9497300Z Sent 43122688 of 111346188 (38.7%), 41.1 MBs/sec
2026-10-03T10:35:30.9188323Z Sent 111346188 of 111346188 (100.0%), 53.9 MBs/sec
2026-10-03T10:35:31.0266555Z Cache saved with key: session-opening-range-sweep-v20-dev-1m-shard-0
2026-10-03T10:35:31.0438328Z Post job cleanup.
2026-10-03T10:35:31.1499661Z (node:2482) [DEP0040] DeprecationWarning: The `punycode` module is deprecated. Please use a userland alternative instead.
2026-10-03T10:35:31.1500908Z (Use `node --trace-deprecation ...` to show where the warning was created)
2026-10-03T10:35:31.1684183Z [command]/usr/bin/tar --posix -cf cache.tzst --exclude cache.tzst -P -C /home/runner/work/bb-scanner/bb-scanner --files-from manifest.txt --use-compress-program zstdmt
2026-10-03T10:35:31.6650651Z (node:2482) [DEP0169] DeprecationWarning: `url.parse()` behavior is not standardized and prone to errors that have security implications. Use the WHATWG URL API instead. CVEs are not issued for `url.parse()` vulnerabilities.
2026-10-03T10:35:32.6575862Z Sent 0 of 242832250 (0.0%), 0.0 MBs/sec
2026-10-03T10:35:33.6530022Z Sent 175723386 of 242832250 (72.4%), 83.8 MBs/sec
2026-10-03T10:35:33.9078183Z Sent 242832250 of 242832250 (100.0%), 102.7 MBs/sec
2026-10-03T10:35:34.0279396Z Cache saved with key: frozen-source-36095439671-15m-shard-0
2026-10-03T10:35:34.0422991Z Post job cleanup.
2026-10-03T10:35:34.1598416Z (node:2502) [DEP0040] DeprecationWarning: The `punycode` module is deprecated. Please use a userland alternative instead.
2026-10-03T10:35:34.1599237Z (Use `node --trace-deprecation ...` to show where the warning was created)
2026-10-03T10:35:34.1773318Z Post job cleanup.
2026-10-03T10:35:34.2664869Z [command]/usr/bin/git version
2026-10-03T10:35:34.2710899Z git version 2.55.0
2026-10-03T10:35:34.2755809Z Temporarily overriding HOME='/home/runner/work/_temp/761efcf3-a9e6-493d-9f5a-90e48d955265' before making global git config changes
2026-10-03T10:35:34.2756759Z Adding repository directory to the temporary git global config as a safe directory
2026-10-03T10:35:34.2762768Z [command]/usr/bin/git config --global --add safe.directory /home/runner/work/bb-scanner/bb-scanner
2026-10-03T10:35:34.2803674Z [command]/usr/bin/git config --local --name-only --get-regexp core\.sshCommand
2026-10-03T10:35:34.2838978Z [command]/usr/bin/git submodule foreach --recursive sh -c "git config --local --name-only --get-regexp 'core\.sshCommand' && git config --local --unset-all 'core.sshCommand' || :"
2026-10-03T10:35:34.3092770Z [command]/usr/bin/git config --local --name-only --get-regexp http\.https\:\/\/github\.com\/\.extraheader
2026-10-03T10:35:34.3122355Z http.https://github.com/.extraheader
2026-10-03T10:35:34.3135116Z [command]/usr/bin/git config --local --unset-all http.https://github.com/.extraheader
2026-10-03T10:35:34.3175683Z [command]/usr/bin/git submodule foreach --recursive sh -c "git config --local --name-only --get-regexp 'http\.https\:\/\/github\.com\/\.extraheader' && git config --local --unset-all 'http.https://github.com/.extraheader' || :"
2026-10-03T10:35:34.3442866Z [command]/usr/bin/git config --local --name-only --get-regexp ^includeIf\.gitdir:
2026-10-03T10:35:34.3482618Z [command]/usr/bin/git submodule foreach --recursive git config --local --show-origin --name-only --get-regexp remote.origin.url
2026-10-03T10:35:34.3900618Z Cleaning up orphan processes
2026-10-03T10:35:34.4199750Z ##[warning]Node.js 20 is deprecated. The following actions target Node.js 20 but are being forced to run on Node.js 24: actions/cache@v4, actions/checkout@v4, actions/setup-python@v5, actions/upload-artifact@v4. For more information see: https://github.blog/changelog/2025-09-19-deprecation-of-node-20-on-github-actions-runners/
