2026-10-04T00:55:28.4359327Z Current runner version: '2.337.0'
2026-10-04T00:55:28.4384989Z ##[group]Runner Image Provisioner
2026-10-04T00:55:28.4385879Z Hosted Compute Agent
2026-10-04T00:55:28.4386599Z Version: 20260901.588
2026-10-04T00:55:28.4387292Z Commit: f88ec8081b781fac6c440065ac7ff9e710ce3d0b
2026-10-04T00:55:28.4388045Z Build Date: 2026-09-01T19:56:44Z
2026-10-04T00:55:28.4388810Z Worker ID: {6e63d558-cd49-44d1-a553-505604e612fa}
2026-10-04T00:55:28.4389621Z Azure Region: westus3
2026-10-04T00:55:28.4390247Z ##[endgroup]
2026-10-04T00:55:28.4392344Z ##[group]Operating System
2026-10-04T00:55:28.4393011Z Ubuntu
2026-10-04T00:55:28.4393642Z 24.04.5
2026-10-04T00:55:28.4394182Z LTS
2026-10-04T00:55:28.4395179Z ##[endgroup]
2026-10-04T00:55:28.4395806Z ##[group]Runner Image
2026-10-04T00:55:28.4396415Z Image: ubuntu-24.04
2026-10-04T00:55:28.4397076Z Version: 20260927.320.1
2026-10-04T00:55:28.4398341Z Included Software: https://github.com/actions/runner-images/blob/ubuntu24/20260927.320/images/ubuntu/Ubuntu2404-Readme.md
2026-10-04T00:55:28.4400010Z Image Release: https://github.com/actions/runner-images/releases/tag/ubuntu24%2F20260927.320
2026-10-04T00:55:28.4401202Z ##[endgroup]
2026-10-04T00:55:28.4402524Z ##[group]GITHUB_TOKEN Permissions
2026-10-04T00:55:28.4404740Z Actions: read
2026-10-04T00:55:28.4405494Z Contents: read
2026-10-04T00:55:28.4406079Z Metadata: read
2026-10-04T00:55:28.4406631Z ##[endgroup]
2026-10-04T00:55:28.4408820Z Secret source: Actions
2026-10-04T00:55:28.4409848Z Cache mode: write
2026-10-04T00:55:28.4410688Z Prepare workflow directory
2026-10-04T00:55:28.5001459Z Prepare all required actions
2026-10-04T00:55:28.5048907Z Getting action download info
2026-10-04T00:55:28.8536926Z Download action repository 'actions/checkout@v4' (SHA:11d5960a326750d5838078e36cf38b85af677262)
2026-10-04T00:55:28.9536804Z Download action repository 'actions/setup-python@v5' (SHA:a26af69be951a213d495a4c3e4e4022e16d87065)
2026-10-04T00:55:29.0339030Z Download action repository 'actions/cache@v4' (SHA:0057852bfaa89a56745cba8c7296529d2fc39830)
2026-10-04T00:55:29.1274744Z Download action repository 'actions/upload-artifact@v4' (SHA:ea165f8d65b6e75b540449e92b4886f43607fa02)
2026-10-04T00:55:29.3347088Z Complete job name: development (2)
2026-10-04T00:55:29.4059080Z ##[group]Run actions/checkout@v4
2026-10-04T00:55:29.4059995Z with:
2026-10-04T00:55:29.4060473Z   repository: duuu-hub/bb-scanner
2026-10-04T00:55:29.4064388Z   token: ***
2026-10-04T00:55:29.4064850Z   ssh-strict: true
2026-10-04T00:55:29.4065317Z   ssh-user: git
2026-10-04T00:55:29.4065801Z   persist-credentials: true
2026-10-04T00:55:29.4066635Z   clean: true
2026-10-04T00:55:29.4067171Z   sparse-checkout-cone-mode: true
2026-10-04T00:55:29.4067709Z   fetch-depth: 1
2026-10-04T00:55:29.4068146Z   fetch-tags: false
2026-10-04T00:55:29.4068596Z   show-progress: true
2026-10-04T00:55:29.4069054Z   lfs: false
2026-10-04T00:55:29.4069477Z   submodules: false
2026-10-04T00:55:29.4069938Z   set-safe-directory: true
2026-10-04T00:55:29.4070462Z   allow-unsafe-pr-checkout: false
2026-10-04T00:55:29.4071497Z env:
2026-10-04T00:55:29.4075095Z   GH_TOKEN: ***
2026-10-04T00:55:29.4075547Z ##[endgroup]
2026-10-04T00:55:29.5145450Z Syncing repository: duuu-hub/bb-scanner
2026-10-04T00:55:29.5148390Z ##[group]Getting Git version info
2026-10-04T00:55:29.5149757Z Working directory is '/home/runner/work/bb-scanner/bb-scanner'
2026-10-04T00:55:29.5151932Z [command]/usr/bin/git version
2026-10-04T00:55:29.5265624Z git version 2.55.0
2026-10-04T00:55:29.5289476Z ##[endgroup]
2026-10-04T00:55:29.5314261Z Temporarily overriding HOME='/home/runner/work/_temp/a90186df-1629-402b-8c42-99ffa28a3e8c' before making global git config changes
2026-10-04T00:55:29.5328163Z Adding repository directory to the temporary git global config as a safe directory
2026-10-04T00:55:29.5330354Z [command]/usr/bin/git config --global --add safe.directory /home/runner/work/bb-scanner/bb-scanner
2026-10-04T00:55:29.5377383Z Deleting the contents of '/home/runner/work/bb-scanner/bb-scanner'
2026-10-04T00:55:29.5383348Z ##[group]Initializing the repository
2026-10-04T00:55:29.5401676Z [command]/usr/bin/git init /home/runner/work/bb-scanner/bb-scanner
2026-10-04T00:55:29.5519451Z hint: Using 'master' as the name for the initial branch. This default branch name
2026-10-04T00:55:29.5525618Z hint: will change to "main" in Git 3.0. To configure the initial branch name
2026-10-04T00:55:29.5527679Z hint: to use in all of your new repositories, which will suppress this warning,
2026-10-04T00:55:29.5529316Z hint: call:
2026-10-04T00:55:29.5530278Z hint:
2026-10-04T00:55:29.5531649Z hint: 	git config --global init.defaultBranch <name>
2026-10-04T00:55:29.5533049Z hint:
2026-10-04T00:55:29.5534378Z hint: Names commonly chosen instead of 'master' are 'main', 'trunk' and
2026-10-04T00:55:29.5536249Z hint: 'development'. The just-created branch can be renamed via this command:
2026-10-04T00:55:29.5537748Z hint:
2026-10-04T00:55:29.5538706Z hint: 	git branch -m <name>
2026-10-04T00:55:29.5539852Z hint:
2026-10-04T00:55:29.5541283Z hint: Disable this message with "git config set advice.defaultBranchName false"
2026-10-04T00:55:29.5543241Z Initialized empty Git repository in /home/runner/work/bb-scanner/bb-scanner/.git/
2026-10-04T00:55:29.5546396Z [command]/usr/bin/git remote add origin https://github.com/duuu-hub/bb-scanner
2026-10-04T00:55:29.5600921Z ##[endgroup]
2026-10-04T00:55:29.5603063Z ##[group]Disabling automatic garbage collection
2026-10-04T00:55:29.5605723Z [command]/usr/bin/git config --local gc.auto 0
2026-10-04T00:55:29.5641249Z ##[endgroup]
2026-10-04T00:55:29.5642640Z ##[group]Setting up auth
2026-10-04T00:55:29.5649223Z [command]/usr/bin/git config --local --name-only --get-regexp core\.sshCommand
2026-10-04T00:55:29.5684375Z [command]/usr/bin/git submodule foreach --recursive sh -c "git config --local --name-only --get-regexp 'core\.sshCommand' && git config --local --unset-all 'core.sshCommand' || :"
2026-10-04T00:55:29.6064775Z [command]/usr/bin/git config --local --name-only --get-regexp http\.https\:\/\/github\.com\/\.extraheader
2026-10-04T00:55:29.6104853Z [command]/usr/bin/git submodule foreach --recursive sh -c "git config --local --name-only --get-regexp 'http\.https\:\/\/github\.com\/\.extraheader' && git config --local --unset-all 'http.https://github.com/.extraheader' || :"
2026-10-04T00:55:29.6349564Z [command]/usr/bin/git config --local --name-only --get-regexp ^includeIf\.gitdir:
2026-10-04T00:55:29.6392360Z [command]/usr/bin/git submodule foreach --recursive git config --local --show-origin --name-only --get-regexp remote.origin.url
2026-10-04T00:55:29.6632196Z [command]/usr/bin/git config --local http.https://github.com/.extraheader AUTHORIZATION: basic ***
2026-10-04T00:55:29.6675117Z ##[endgroup]
2026-10-04T00:55:29.6675997Z ##[group]Fetching the repository
2026-10-04T00:55:29.6685231Z [command]/usr/bin/git -c protocol.version=2 fetch --no-tags --prune --no-recurse-submodules --depth=1 origin +ee0313d7cc71c898f862a5493792eda8565e49e4:refs/remotes/origin/research-fragmented-chase-exhaustion-v22
2026-10-04T00:55:31.2823339Z From https://github.com/duuu-hub/bb-scanner
2026-10-04T00:55:31.2826756Z  * [new ref]         ee0313d7cc71c898f862a5493792eda8565e49e4 -> origin/research-fragmented-chase-exhaustion-v22
2026-10-04T00:55:31.2831508Z ##[endgroup]
2026-10-04T00:55:31.2833224Z ##[group]Determining the checkout info
2026-10-04T00:55:31.2835016Z ##[endgroup]
2026-10-04T00:55:31.2853123Z [command]/usr/bin/git sparse-checkout disable
2026-10-04T00:55:31.2920451Z [command]/usr/bin/git config --local --unset-all extensions.worktreeConfig
2026-10-04T00:55:31.2958695Z ##[group]Checking out the ref
2026-10-04T00:55:31.3034279Z [command]/usr/bin/git checkout --progress --force -B research-fragmented-chase-exhaustion-v22 refs/remotes/origin/research-fragmented-chase-exhaustion-v22
2026-10-04T00:55:31.5329546Z Switched to a new branch 'research-fragmented-chase-exhaustion-v22'
2026-10-04T00:55:31.5333590Z branch 'research-fragmented-chase-exhaustion-v22' set up to track 'origin/research-fragmented-chase-exhaustion-v22'.
2026-10-04T00:55:31.5346069Z ##[endgroup]
2026-10-04T00:55:31.5395458Z [command]/usr/bin/git log -1 --format=%H
2026-10-04T00:55:31.5424410Z ee0313d7cc71c898f862a5493792eda8565e49e4
2026-10-04T00:55:31.5802757Z ##[group]Run actions/setup-python@v5
2026-10-04T00:55:31.5804148Z with:
2026-10-04T00:55:31.5805136Z   python-version: 3.12
2026-10-04T00:55:31.5806254Z   check-latest: false
2026-10-04T00:55:31.5816304Z   token: ***
2026-10-04T00:55:31.5817378Z   update-environment: true
2026-10-04T00:55:31.5818587Z   allow-prereleases: false
2026-10-04T00:55:31.5819802Z   freethreaded: false
2026-10-04T00:55:31.5821049Z env:
2026-10-04T00:55:31.5830530Z   GH_TOKEN: ***
2026-10-04T00:55:31.5831702Z ##[endgroup]
2026-10-04T00:55:31.7201104Z ##[group]Installed versions
2026-10-04T00:55:31.7286571Z (node:2203) [DEP0040] DeprecationWarning: The `punycode` module is deprecated. Please use a userland alternative instead.
2026-10-04T00:55:31.7291554Z (Use `node --trace-deprecation ...` to show where the warning was created)
2026-10-04T00:55:31.7294558Z Successfully set up CPython (3.12.14)
2026-10-04T00:55:31.7298003Z ##[endgroup]
2026-10-04T00:55:31.7541474Z ##[group]Run set -euo pipefail
2026-10-04T00:55:31.7542982Z [36;1mset -euo pipefail[0m
2026-10-04T00:55:31.7544380Z [36;1mpip install pandas==2.3.3 numpy==2.3.3[0m
2026-10-04T00:55:31.7865496Z shell: /usr/bin/bash --noprofile --norc -e -o pipefail {0}
2026-10-04T00:55:31.7867092Z env:
2026-10-04T00:55:31.7876756Z   GH_TOKEN: ***
2026-10-04T00:55:31.7878009Z   pythonLocation: /opt/hostedtoolcache/Python/3.12.14/x64
2026-10-04T00:55:31.7879927Z   PKG_CONFIG_PATH: /opt/hostedtoolcache/Python/3.12.14/x64/lib/pkgconfig
2026-10-04T00:55:31.7881961Z   Python_ROOT_DIR: /opt/hostedtoolcache/Python/3.12.14/x64
2026-10-04T00:55:31.7883676Z   Python2_ROOT_DIR: /opt/hostedtoolcache/Python/3.12.14/x64
2026-10-04T00:55:31.7885389Z   Python3_ROOT_DIR: /opt/hostedtoolcache/Python/3.12.14/x64
2026-10-04T00:55:31.7887146Z   LD_LIBRARY_PATH: /opt/hostedtoolcache/Python/3.12.14/x64/lib
2026-10-04T00:55:31.7888641Z ##[endgroup]
2026-10-04T00:55:32.7557855Z Collecting pandas==2.3.3
2026-10-04T00:55:32.8230756Z   Downloading pandas-2.3.3-cp312-cp312-manylinux_2_24_x86_64.manylinux_2_28_x86_64.whl.metadata (91 kB)
2026-10-04T00:55:33.0641815Z Collecting numpy==2.3.3
2026-10-04T00:55:33.0749042Z   Downloading numpy-2.3.3-cp312-cp312-manylinux_2_27_x86_64.manylinux_2_28_x86_64.whl.metadata (62 kB)
2026-10-04T00:55:33.1042770Z Collecting python-dateutil>=2.8.2 (from pandas==2.3.3)
2026-10-04T00:55:33.1148559Z   Downloading python_dateutil-2.9.0.post0-py2.py3-none-any.whl.metadata (8.4 kB)
2026-10-04T00:55:33.1480524Z Collecting pytz>=2020.1 (from pandas==2.3.3)
2026-10-04T00:55:33.1583857Z   Downloading pytz-2026.4-py2.py3-none-any.whl.metadata (22 kB)
2026-10-04T00:55:33.1743155Z Collecting tzdata>=2022.7 (from pandas==2.3.3)
2026-10-04T00:55:33.1841673Z   Downloading tzdata-2026.5-py2.py3-none-any.whl.metadata (1.4 kB)
2026-10-04T00:55:33.2009933Z Collecting six>=1.5 (from python-dateutil>=2.8.2->pandas==2.3.3)
2026-10-04T00:55:33.2118290Z   Downloading six-1.17.0-py2.py3-none-any.whl.metadata (1.7 kB)
2026-10-04T00:55:33.2273662Z Downloading pandas-2.3.3-cp312-cp312-manylinux_2_24_x86_64.manylinux_2_28_x86_64.whl (12.4 MB)
2026-10-04T00:55:33.6431052Z    ━━━━━━━━━━━━━━━━━━━━━━━━━━━━━━━━━━━━━━━━ 12.4/12.4 MB 31.4 MB/s  0:00:00
2026-10-04T00:55:33.6553013Z Downloading numpy-2.3.3-cp312-cp312-manylinux_2_27_x86_64.manylinux_2_28_x86_64.whl (16.6 MB)
2026-10-04T00:55:33.8157897Z    ━━━━━━━━━━━━━━━━━━━━━━━━━━━━━━━━━━━━━━━━ 16.6/16.6 MB 104.2 MB/s  0:00:00
2026-10-04T00:55:33.8258594Z Downloading python_dateutil-2.9.0.post0-py2.py3-none-any.whl (229 kB)
2026-10-04T00:55:33.8383586Z Downloading pytz-2026.4-py2.py3-none-any.whl (506 kB)
2026-10-04T00:55:33.8525482Z Downloading six-1.17.0-py2.py3-none-any.whl (11 kB)
2026-10-04T00:55:33.8646593Z Downloading tzdata-2026.5-py2.py3-none-any.whl (347 kB)
2026-10-04T00:55:34.0292542Z Installing collected packages: pytz, tzdata, six, numpy, python-dateutil, pandas
2026-10-04T00:55:41.0472260Z 
2026-10-04T00:55:41.0487007Z Successfully installed numpy-2.3.3 pandas-2.3.3 python-dateutil-2.9.0.post0 pytz-2026.4 six-1.17.0 tzdata-2026.5
2026-10-04T00:55:41.1178197Z ##[group]Run actions/cache@v4
2026-10-04T00:55:41.1178485Z with:
2026-10-04T00:55:41.1178684Z   path: data
2026-10-04T00:55:41.1178911Z   key: frozen-source-36095439671-15m-shard-2
2026-10-04T00:55:41.1179212Z   enableCrossOsArchive: false
2026-10-04T00:55:41.1179458Z   fail-on-cache-miss: false
2026-10-04T00:55:41.1179713Z   lookup-only: false
2026-10-04T00:55:41.1179931Z   save-always: false
2026-10-04T00:55:41.1180155Z env:
2026-10-04T00:55:41.1182921Z   GH_TOKEN: ***
2026-10-04T00:55:41.1183229Z   pythonLocation: /opt/hostedtoolcache/Python/3.12.14/x64
2026-10-04T00:55:41.1183672Z   PKG_CONFIG_PATH: /opt/hostedtoolcache/Python/3.12.14/x64/lib/pkgconfig
2026-10-04T00:55:41.1184102Z   Python_ROOT_DIR: /opt/hostedtoolcache/Python/3.12.14/x64
2026-10-04T00:55:41.1184486Z   Python2_ROOT_DIR: /opt/hostedtoolcache/Python/3.12.14/x64
2026-10-04T00:55:41.1184917Z   Python3_ROOT_DIR: /opt/hostedtoolcache/Python/3.12.14/x64
2026-10-04T00:55:41.1185329Z   LD_LIBRARY_PATH: /opt/hostedtoolcache/Python/3.12.14/x64/lib
2026-10-04T00:55:41.1185656Z ##[endgroup]
2026-10-04T00:55:41.2223387Z (node:2239) [DEP0040] DeprecationWarning: The `punycode` module is deprecated. Please use a userland alternative instead.
2026-10-04T00:55:41.2224861Z (Use `node --trace-deprecation ...` to show where the warning was created)
2026-10-04T00:55:41.4614376Z Cache hit for: frozen-source-36095439671-15m-shard-2
2026-10-04T00:55:41.4726754Z (node:2239) [DEP0169] DeprecationWarning: `url.parse()` behavior is not standardized and prone to errors that have security implications. Use the WHATWG URL API instead. CVEs are not issued for `url.parse()` vulnerabilities.
2026-10-04T00:55:42.6861426Z Received 29360128 of 248656439 (11.8%), 28.0 MBs/sec
2026-10-04T00:55:43.6858694Z Received 176160768 of 248656439 (70.8%), 84.0 MBs/sec
2026-10-04T00:55:44.0262433Z Received 248656439 of 248656439 (100.0%), 101.3 MBs/sec
2026-10-04T00:55:44.0265384Z Cache Size: ~237 MB (248656439 B)
2026-10-04T00:55:44.0332668Z [command]/usr/bin/tar -xf /home/runner/work/_temp/25146ca1-1364-4f99-99ac-5b1506c1de43/cache.tzst -P -C /home/runner/work/bb-scanner/bb-scanner --use-compress-program unzstd
2026-10-04T00:55:44.3366645Z Cache restored successfully
2026-10-04T00:55:44.3555734Z Cache restored from key: frozen-source-36095439671-15m-shard-2
2026-10-04T00:55:44.3715709Z ##[group]Run set -euo pipefail
2026-10-04T00:55:44.3716053Z [36;1mset -euo pipefail[0m
2026-10-04T00:55:44.3716318Z [36;1mif [ 'true' != 'true' ]; then[0m
2026-10-04T00:55:44.3716863Z [36;1m  gh run download 36095439671 -R duuu-hub/bb-scanner -n rank5-binance-um-15m-5y-data-shard-2 -D data[0m
2026-10-04T00:55:44.3717388Z [36;1mfi[0m
2026-10-04T00:55:44.3717752Z [36;1mgh run download 36858492497 -R duuu-hub/bb-scanner -n day-edge-v2-btc -D btc[0m
2026-10-04T00:55:44.3718480Z [36;1mgh run download 36095439671 -R duuu-hub/bb-scanner -n rank5-binance-um-15m-5y-manifest-shard-2 -D source-manifest[0m
2026-10-04T00:55:44.3719715Z [36;1mpython scripts/research_evidence_archive.py verify-source --data data --manifests source-manifest --baseline research/fragmented-chase-exhaustion-v22/FROZEN_INPUT_HASHES.json --out source-check.json[0m
2026-10-04T00:55:44.3785900Z shell: /usr/bin/bash --noprofile --norc -e -o pipefail {0}
2026-10-04T00:55:44.3786249Z env:
2026-10-04T00:55:44.3788681Z   GH_TOKEN: ***
2026-10-04T00:55:44.3788995Z   pythonLocation: /opt/hostedtoolcache/Python/3.12.14/x64
2026-10-04T00:55:44.3789447Z   PKG_CONFIG_PATH: /opt/hostedtoolcache/Python/3.12.14/x64/lib/pkgconfig
2026-10-04T00:55:44.3789874Z   Python_ROOT_DIR: /opt/hostedtoolcache/Python/3.12.14/x64
2026-10-04T00:55:44.3790264Z   Python2_ROOT_DIR: /opt/hostedtoolcache/Python/3.12.14/x64
2026-10-04T00:55:44.3790644Z   Python3_ROOT_DIR: /opt/hostedtoolcache/Python/3.12.14/x64
2026-10-04T00:55:44.3791220Z   LD_LIBRARY_PATH: /opt/hostedtoolcache/Python/3.12.14/x64/lib
2026-10-04T00:55:44.3791758Z ##[endgroup]
2026-10-04T00:55:53.8910765Z FROZEN_SOURCE_VERIFIED 107 files 31 prior SHA256 matches
2026-10-04T00:55:53.9377469Z ##[group]Run actions/cache@v4
2026-10-04T00:55:53.9377759Z with:
2026-10-04T00:55:53.9377965Z   path: cache/verified-1m
2026-10-04T00:55:53.9378263Z   key: fragmented-chase-exhaustion-v22-dev-1m-shard-2
2026-10-04T00:55:53.9379406Z   restore-keys: taker-absorption-release-v12-dev-1m-shard-2
aggressive-flow-cascade-v11-dev-1m-shard-2
residual-reversion-v10-dev-1m-shard-2
cross-sectional-leader-v9-dev-1m-shard-2
premium-absorption-v8-dev-1m-shard-2
factor-lag-v6-dev-1m-shard-2
2026-10-04T00:55:53.9380500Z   enableCrossOsArchive: false
2026-10-04T00:55:53.9380757Z   fail-on-cache-miss: false
2026-10-04T00:55:53.9381332Z   lookup-only: false
2026-10-04T00:55:53.9381553Z   save-always: false
2026-10-04T00:55:53.9381763Z env:
2026-10-04T00:55:53.9384222Z   GH_TOKEN: ***
2026-10-04T00:55:53.9384527Z   pythonLocation: /opt/hostedtoolcache/Python/3.12.14/x64
2026-10-04T00:55:53.9384997Z   PKG_CONFIG_PATH: /opt/hostedtoolcache/Python/3.12.14/x64/lib/pkgconfig
2026-10-04T00:55:53.9385471Z   Python_ROOT_DIR: /opt/hostedtoolcache/Python/3.12.14/x64
2026-10-04T00:55:53.9385857Z   Python2_ROOT_DIR: /opt/hostedtoolcache/Python/3.12.14/x64
2026-10-04T00:55:53.9386237Z   Python3_ROOT_DIR: /opt/hostedtoolcache/Python/3.12.14/x64
2026-10-04T00:55:53.9386629Z   LD_LIBRARY_PATH: /opt/hostedtoolcache/Python/3.12.14/x64/lib
2026-10-04T00:55:53.9386953Z ##[endgroup]
2026-10-04T00:55:54.0468768Z (node:2279) [DEP0040] DeprecationWarning: The `punycode` module is deprecated. Please use a userland alternative instead.
2026-10-04T00:55:54.0469704Z (Use `node --trace-deprecation ...` to show where the warning was created)
2026-10-04T00:55:54.2508547Z Cache hit for: fragmented-chase-exhaustion-v22-dev-1m-shard-2
2026-10-04T00:55:54.2655197Z (node:2279) [DEP0169] DeprecationWarning: `url.parse()` behavior is not standardized and prone to errors that have security implications. Use the WHATWG URL API instead. CVEs are not issued for `url.parse()` vulnerabilities.
2026-10-04T00:55:55.2668081Z Received 3212033 of 3212033 (100.0%), 3.9 MBs/sec
2026-10-04T00:55:55.2668730Z Cache Size: ~3 MB (3212033 B)
2026-10-04T00:55:55.2701902Z [command]/usr/bin/tar -xf /home/runner/work/_temp/6f6fa4fe-0c32-4266-90da-2f3bda7b87fa/cache.tzst -P -C /home/runner/work/bb-scanner/bb-scanner --use-compress-program unzstd
2026-10-04T00:55:55.2808979Z Cache restored successfully
2026-10-04T00:55:55.2889173Z Cache restored from key: fragmented-chase-exhaustion-v22-dev-1m-shard-2
2026-10-04T00:55:55.2984733Z ##[group]Run set -euo pipefail
2026-10-04T00:55:55.2985063Z [36;1mset -euo pipefail[0m
2026-10-04T00:55:55.2985846Z [36;1mpython scripts/fragmented_chase_exhaustion_v22.py scan --stage DEV --data data --btc btc/BTCUSDT.csv.gz --source-check source-check.json --out dev-2 --minute-cache cache/verified-1m[0m
2026-10-04T00:55:55.3049054Z shell: /usr/bin/bash --noprofile --norc -e -o pipefail {0}
2026-10-04T00:55:55.3049420Z env:
2026-10-04T00:55:55.3052056Z   GH_TOKEN: ***
2026-10-04T00:55:55.3052364Z   pythonLocation: /opt/hostedtoolcache/Python/3.12.14/x64
2026-10-04T00:55:55.3052819Z   PKG_CONFIG_PATH: /opt/hostedtoolcache/Python/3.12.14/x64/lib/pkgconfig
2026-10-04T00:55:55.3053252Z   Python_ROOT_DIR: /opt/hostedtoolcache/Python/3.12.14/x64
2026-10-04T00:55:55.3053642Z   Python2_ROOT_DIR: /opt/hostedtoolcache/Python/3.12.14/x64
2026-10-04T00:55:55.3054030Z   Python3_ROOT_DIR: /opt/hostedtoolcache/Python/3.12.14/x64
2026-10-04T00:55:55.3054480Z   LD_LIBRARY_PATH: /opt/hostedtoolcache/Python/3.12.14/x64/lib
2026-10-04T00:55:55.3054819Z ##[endgroup]
2026-10-04T00:55:56.5673127Z /home/runner/work/bb-scanner/bb-scanner/scripts/session_opening_range_sweep_v20.py:80: RuntimeWarning: invalid value encountered in divide
2026-10-04T00:55:56.5674127Z   f['session_vwap'][k:z]=np.where(valid,numer/denom,np.nan)
2026-10-04T00:55:59.5256512Z V22_FRAGMENTED_CHASE_SCAN DEV 16 / 107 parameterized_outcomes 0
2026-10-04T00:56:02.2978696Z V22_FRAGMENTED_CHASE_SCAN DEV 32 / 107 parameterized_outcomes 0
2026-10-04T00:56:04.0234296Z V22_FRAGMENTED_CHASE_SCAN DEV 40 / 107 parameterized_outcomes 0
2026-10-04T00:56:12.0333966Z V22_FRAGMENTED_CHASE_SCAN DEV 72 / 107 parameterized_outcomes 50
2026-10-04T00:56:13.9331640Z V22_FRAGMENTED_CHASE_SCAN DEV 88 / 107 parameterized_outcomes 50
2026-10-04T00:56:18.0715895Z V22_FRAGMENTED_CHASE_SCAN_DONE DEV 50 chronology_exclusions 0
2026-10-04T00:56:18.1263290Z ##[group]Run actions/upload-artifact@v4
2026-10-04T00:56:18.1263609Z with:
2026-10-04T00:56:18.1263862Z   name: fragmented-chase-exhaustion-v22-dev-2
2026-10-04T00:56:18.1264176Z   path: dev-2/
2026-10-04T00:56:18.1264391Z   retention-days: 30
2026-10-04T00:56:18.1264631Z   compression-level: 0
2026-10-04T00:56:18.1264864Z   if-no-files-found: warn
2026-10-04T00:56:18.1265097Z   overwrite: false
2026-10-04T00:56:18.1265331Z   include-hidden-files: false
2026-10-04T00:56:18.1265576Z env:
2026-10-04T00:56:18.1268004Z   GH_TOKEN: ***
2026-10-04T00:56:18.1268322Z   pythonLocation: /opt/hostedtoolcache/Python/3.12.14/x64
2026-10-04T00:56:18.1268824Z   PKG_CONFIG_PATH: /opt/hostedtoolcache/Python/3.12.14/x64/lib/pkgconfig
2026-10-04T00:56:18.1269264Z   Python_ROOT_DIR: /opt/hostedtoolcache/Python/3.12.14/x64
2026-10-04T00:56:18.1269662Z   Python2_ROOT_DIR: /opt/hostedtoolcache/Python/3.12.14/x64
2026-10-04T00:56:18.1270056Z   Python3_ROOT_DIR: /opt/hostedtoolcache/Python/3.12.14/x64
2026-10-04T00:56:18.1270480Z   LD_LIBRARY_PATH: /opt/hostedtoolcache/Python/3.12.14/x64/lib
2026-10-04T00:56:18.1270825Z ##[endgroup]
2026-10-04T00:56:18.2926662Z (node:2353) [DEP0040] DeprecationWarning: The `punycode` module is deprecated. Please use a userland alternative instead.
2026-10-04T00:56:18.2927551Z (Use `node --trace-deprecation ...` to show where the warning was created)
2026-10-04T00:56:18.3025236Z With the provided path, there will be 13 files uploaded
2026-10-04T00:56:18.3032579Z Artifact name is valid!
2026-10-04T00:56:18.3033328Z Root directory input is valid!
2026-10-04T00:56:18.6383706Z Beginning upload of artifact content to blob storage
2026-10-04T00:56:18.6864919Z (node:2353) [DEP0169] DeprecationWarning: `url.parse()` behavior is not standardized and prone to errors that have security implications. Use the WHATWG URL API instead. CVEs are not issued for `url.parse()` vulnerabilities.
2026-10-04T00:56:19.2788887Z Uploaded bytes 2841681
2026-10-04T00:56:19.3398973Z Finished uploading artifact content to blob storage!
2026-10-04T00:56:19.3400261Z SHA256 digest of uploaded artifact zip is aea971603d9c9a765ec92c77dd2b1b3bdf3aac5072d44a3a76c0c8657f4ff5cc
2026-10-04T00:56:19.3401657Z Finalizing artifact upload
2026-10-04T00:56:19.5751015Z Artifact fragmented-chase-exhaustion-v22-dev-2.zip successfully finalized. Artifact ID 11289488815
2026-10-04T00:56:19.5752402Z Artifact fragmented-chase-exhaustion-v22-dev-2 has been successfully uploaded! Final size is 2841681 bytes. Artifact ID is 11289488815
2026-10-04T00:56:19.5758669Z Artifact download URL: https://github.com/duuu-hub/bb-scanner/actions/runs/37166361208/artifacts/11289488815
2026-10-04T00:56:19.5929750Z Post job cleanup.
2026-10-04T00:56:19.7039616Z Cache hit occurred on the primary key fragmented-chase-exhaustion-v22-dev-1m-shard-2, not saving cache.
2026-10-04T00:56:19.7041476Z (node:2366) [DEP0040] DeprecationWarning: The `punycode` module is deprecated. Please use a userland alternative instead.
2026-10-04T00:56:19.7042755Z (Use `node --trace-deprecation ...` to show where the warning was created)
2026-10-04T00:56:19.7143985Z Post job cleanup.
2026-10-04T00:56:19.8388592Z Cache hit occurred on the primary key frozen-source-36095439671-15m-shard-2, not saving cache.
2026-10-04T00:56:19.8390144Z (node:2374) [DEP0040] DeprecationWarning: The `punycode` module is deprecated. Please use a userland alternative instead.
2026-10-04T00:56:19.8391713Z (Use `node --trace-deprecation ...` to show where the warning was created)
2026-10-04T00:56:19.8542886Z Post job cleanup.
2026-10-04T00:56:19.9783389Z (node:2382) [DEP0040] DeprecationWarning: The `punycode` module is deprecated. Please use a userland alternative instead.
2026-10-04T00:56:19.9785212Z (Use `node --trace-deprecation ...` to show where the warning was created)
2026-10-04T00:56:19.9931894Z Post job cleanup.
2026-10-04T00:56:20.0835468Z [command]/usr/bin/git version
2026-10-04T00:56:20.0892137Z git version 2.55.0
2026-10-04T00:56:20.0926861Z Temporarily overriding HOME='/home/runner/work/_temp/ecd3d5ac-61c4-464d-bc81-bc7a09010bc6' before making global git config changes
2026-10-04T00:56:20.0928556Z Adding repository directory to the temporary git global config as a safe directory
2026-10-04T00:56:20.0935713Z [command]/usr/bin/git config --global --add safe.directory /home/runner/work/bb-scanner/bb-scanner
2026-10-04T00:56:20.0978532Z [command]/usr/bin/git config --local --name-only --get-regexp core\.sshCommand
2026-10-04T00:56:20.1019200Z [command]/usr/bin/git submodule foreach --recursive sh -c "git config --local --name-only --get-regexp 'core\.sshCommand' && git config --local --unset-all 'core.sshCommand' || :"
2026-10-04T00:56:20.1289762Z [command]/usr/bin/git config --local --name-only --get-regexp http\.https\:\/\/github\.com\/\.extraheader
2026-10-04T00:56:20.1322591Z http.https://github.com/.extraheader
2026-10-04T00:56:20.1335140Z [command]/usr/bin/git config --local --unset-all http.https://github.com/.extraheader
2026-10-04T00:56:20.1371132Z [command]/usr/bin/git submodule foreach --recursive sh -c "git config --local --name-only --get-regexp 'http\.https\:\/\/github\.com\/\.extraheader' && git config --local --unset-all 'http.https://github.com/.extraheader' || :"
2026-10-04T00:56:20.1661969Z [command]/usr/bin/git config --local --name-only --get-regexp ^includeIf\.gitdir:
2026-10-04T00:56:20.1699748Z [command]/usr/bin/git submodule foreach --recursive git config --local --show-origin --name-only --get-regexp remote.origin.url
2026-10-04T00:56:20.2106901Z Cleaning up orphan processes
2026-10-04T00:56:20.2522354Z ##[warning]Node.js 20 is deprecated. The following actions target Node.js 20 but are being forced to run on Node.js 24: actions/cache@v4, actions/checkout@v4, actions/setup-python@v5, actions/upload-artifact@v4. For more information see: https://github.blog/changelog/2025-09-19-deprecation-of-node-20-on-github-actions-runners/
