2026-10-04T00:55:27.8542717Z Current runner version: '2.337.0'
2026-10-04T00:55:27.8568047Z ##[group]Runner Image Provisioner
2026-10-04T00:55:27.8568973Z Hosted Compute Agent
2026-10-04T00:55:27.8569613Z Version: 20260901.588
2026-10-04T00:55:27.8570622Z Commit: f88ec8081b781fac6c440065ac7ff9e710ce3d0b
2026-10-04T00:55:27.8571499Z Build Date: 2026-09-01T19:56:44Z
2026-10-04T00:55:27.8572550Z Worker ID: {f4ebb4e7-ddc2-424a-b1f7-f4832551d832}
2026-10-04T00:55:27.8573348Z Azure Region: northcentralus
2026-10-04T00:55:27.8574015Z ##[endgroup]
2026-10-04T00:55:27.8575450Z ##[group]Operating System
2026-10-04T00:55:27.8576175Z Ubuntu
2026-10-04T00:55:27.8576733Z 24.04.5
2026-10-04T00:55:27.8577626Z LTS
2026-10-04T00:55:27.8578252Z ##[endgroup]
2026-10-04T00:55:27.8578874Z ##[group]Runner Image
2026-10-04T00:55:27.8579581Z Image: ubuntu-24.04
2026-10-04T00:55:27.8580408Z Version: 20260927.320.1
2026-10-04T00:55:27.8581774Z Included Software: https://github.com/actions/runner-images/blob/ubuntu24/20260927.320/images/ubuntu/Ubuntu2404-Readme.md
2026-10-04T00:55:27.8583374Z Image Release: https://github.com/actions/runner-images/releases/tag/ubuntu24%2F20260927.320
2026-10-04T00:55:27.8584447Z ##[endgroup]
2026-10-04T00:55:27.8585692Z ##[group]GITHUB_TOKEN Permissions
2026-10-04T00:55:27.8588003Z Actions: read
2026-10-04T00:55:27.8588663Z Contents: read
2026-10-04T00:55:27.8589260Z Metadata: read
2026-10-04T00:55:27.8590127Z ##[endgroup]
2026-10-04T00:55:27.8592653Z Secret source: Actions
2026-10-04T00:55:27.8593773Z Cache mode: write
2026-10-04T00:55:27.8594825Z Prepare workflow directory
2026-10-04T00:55:27.9107421Z Prepare all required actions
2026-10-04T00:55:27.9154579Z Getting action download info
2026-10-04T00:55:28.1752293Z Download action repository 'actions/checkout@v4' (SHA:11d5960a326750d5838078e36cf38b85af677262)
2026-10-04T00:55:28.2489313Z Download action repository 'actions/setup-python@v5' (SHA:a26af69be951a213d495a4c3e4e4022e16d87065)
2026-10-04T00:55:28.3291601Z Download action repository 'actions/cache@v4' (SHA:0057852bfaa89a56745cba8c7296529d2fc39830)
2026-10-04T00:55:28.4278183Z Download action repository 'actions/upload-artifact@v4' (SHA:ea165f8d65b6e75b540449e92b4886f43607fa02)
2026-10-04T00:55:28.6414002Z Complete job name: development (0)
2026-10-04T00:55:28.7106566Z ##[group]Run actions/checkout@v4
2026-10-04T00:55:28.7107362Z with:
2026-10-04T00:55:28.7107958Z   repository: duuu-hub/bb-scanner
2026-10-04T00:55:28.7112493Z   token: ***
2026-10-04T00:55:28.7112959Z   ssh-strict: true
2026-10-04T00:55:28.7113404Z   ssh-user: git
2026-10-04T00:55:28.7113849Z   persist-credentials: true
2026-10-04T00:55:28.7114342Z   clean: true
2026-10-04T00:55:28.7114795Z   sparse-checkout-cone-mode: true
2026-10-04T00:55:28.7115304Z   fetch-depth: 1
2026-10-04T00:55:28.7115735Z   fetch-tags: false
2026-10-04T00:55:28.7116175Z   show-progress: true
2026-10-04T00:55:28.7116621Z   lfs: false
2026-10-04T00:55:28.7117024Z   submodules: false
2026-10-04T00:55:28.7117461Z   set-safe-directory: true
2026-10-04T00:55:28.7117953Z   allow-unsafe-pr-checkout: false
2026-10-04T00:55:28.7118693Z env:
2026-10-04T00:55:28.7122858Z   GH_TOKEN: ***
2026-10-04T00:55:28.7123290Z ##[endgroup]
2026-10-04T00:55:28.8132829Z Syncing repository: duuu-hub/bb-scanner
2026-10-04T00:55:28.8134903Z ##[group]Getting Git version info
2026-10-04T00:55:28.8135788Z Working directory is '/home/runner/work/bb-scanner/bb-scanner'
2026-10-04T00:55:28.8136870Z [command]/usr/bin/git version
2026-10-04T00:55:28.8186836Z git version 2.55.0
2026-10-04T00:55:28.8218437Z ##[endgroup]
2026-10-04T00:55:28.8232344Z Temporarily overriding HOME='/home/runner/work/_temp/869ccbe1-3022-4167-9310-b37ae5db40e5' before making global git config changes
2026-10-04T00:55:28.8234810Z Adding repository directory to the temporary git global config as a safe directory
2026-10-04T00:55:28.8238162Z [command]/usr/bin/git config --global --add safe.directory /home/runner/work/bb-scanner/bb-scanner
2026-10-04T00:55:28.8298768Z Deleting the contents of '/home/runner/work/bb-scanner/bb-scanner'
2026-10-04T00:55:28.8308928Z ##[group]Initializing the repository
2026-10-04T00:55:28.8317447Z [command]/usr/bin/git init /home/runner/work/bb-scanner/bb-scanner
2026-10-04T00:55:28.8391780Z hint: Using 'master' as the name for the initial branch. This default branch name
2026-10-04T00:55:28.8393388Z hint: will change to "main" in Git 3.0. To configure the initial branch name
2026-10-04T00:55:28.8394843Z hint: to use in all of your new repositories, which will suppress this warning,
2026-10-04T00:55:28.8395995Z hint: call:
2026-10-04T00:55:28.8396624Z hint:
2026-10-04T00:55:28.8397421Z hint: 	git config --global init.defaultBranch <name>
2026-10-04T00:55:28.8398374Z hint:
2026-10-04T00:55:28.8399267Z hint: Names commonly chosen instead of 'master' are 'main', 'trunk' and
2026-10-04T00:55:28.8400971Z hint: 'development'. The just-created branch can be renamed via this command:
2026-10-04T00:55:28.8402130Z hint:
2026-10-04T00:55:28.8402762Z hint: 	git branch -m <name>
2026-10-04T00:55:28.8403489Z hint:
2026-10-04T00:55:28.8404474Z hint: Disable this message with "git config set advice.defaultBranchName false"
2026-10-04T00:55:28.8411469Z Initialized empty Git repository in /home/runner/work/bb-scanner/bb-scanner/.git/
2026-10-04T00:55:28.8421472Z [command]/usr/bin/git remote add origin https://github.com/duuu-hub/bb-scanner
2026-10-04T00:55:28.8466639Z ##[endgroup]
2026-10-04T00:55:28.8467921Z ##[group]Disabling automatic garbage collection
2026-10-04T00:55:28.8473451Z [command]/usr/bin/git config --local gc.auto 0
2026-10-04T00:55:28.8513879Z ##[endgroup]
2026-10-04T00:55:28.8515452Z ##[group]Setting up auth
2026-10-04T00:55:28.8516975Z [command]/usr/bin/git config --local --name-only --get-regexp core\.sshCommand
2026-10-04T00:55:28.8551720Z [command]/usr/bin/git submodule foreach --recursive sh -c "git config --local --name-only --get-regexp 'core\.sshCommand' && git config --local --unset-all 'core.sshCommand' || :"
2026-10-04T00:55:28.8893206Z [command]/usr/bin/git config --local --name-only --get-regexp http\.https\:\/\/github\.com\/\.extraheader
2026-10-04T00:55:28.8946085Z [command]/usr/bin/git submodule foreach --recursive sh -c "git config --local --name-only --get-regexp 'http\.https\:\/\/github\.com\/\.extraheader' && git config --local --unset-all 'http.https://github.com/.extraheader' || :"
2026-10-04T00:55:28.9231675Z [command]/usr/bin/git config --local --name-only --get-regexp ^includeIf\.gitdir:
2026-10-04T00:55:28.9266798Z [command]/usr/bin/git submodule foreach --recursive git config --local --show-origin --name-only --get-regexp remote.origin.url
2026-10-04T00:55:28.9525646Z [command]/usr/bin/git config --local http.https://github.com/.extraheader AUTHORIZATION: basic ***
2026-10-04T00:55:28.9567987Z ##[endgroup]
2026-10-04T00:55:28.9569302Z ##[group]Fetching the repository
2026-10-04T00:55:28.9579470Z [command]/usr/bin/git -c protocol.version=2 fetch --no-tags --prune --no-recurse-submodules --depth=1 origin +ee0313d7cc71c898f862a5493792eda8565e49e4:refs/remotes/origin/research-fragmented-chase-exhaustion-v22
2026-10-04T00:55:29.9495128Z From https://github.com/duuu-hub/bb-scanner
2026-10-04T00:55:29.9497355Z  * [new ref]         ee0313d7cc71c898f862a5493792eda8565e49e4 -> origin/research-fragmented-chase-exhaustion-v22
2026-10-04T00:55:29.9501216Z ##[endgroup]
2026-10-04T00:55:29.9502521Z ##[group]Determining the checkout info
2026-10-04T00:55:29.9577584Z ##[endgroup]
2026-10-04T00:55:29.9578656Z [command]/usr/bin/git sparse-checkout disable
2026-10-04T00:55:29.9581468Z [command]/usr/bin/git config --local --unset-all extensions.worktreeConfig
2026-10-04T00:55:29.9605685Z ##[group]Checking out the ref
2026-10-04T00:55:29.9611054Z [command]/usr/bin/git checkout --progress --force -B research-fragmented-chase-exhaustion-v22 refs/remotes/origin/research-fragmented-chase-exhaustion-v22
2026-10-04T00:55:30.2077663Z Switched to a new branch 'research-fragmented-chase-exhaustion-v22'
2026-10-04T00:55:30.2081484Z branch 'research-fragmented-chase-exhaustion-v22' set up to track 'origin/research-fragmented-chase-exhaustion-v22'.
2026-10-04T00:55:30.2092123Z ##[endgroup]
2026-10-04T00:55:30.2140867Z [command]/usr/bin/git log -1 --format=%H
2026-10-04T00:55:30.2169684Z ee0313d7cc71c898f862a5493792eda8565e49e4
2026-10-04T00:55:30.2541305Z ##[group]Run actions/setup-python@v5
2026-10-04T00:55:30.2542631Z with:
2026-10-04T00:55:30.2543599Z   python-version: 3.12
2026-10-04T00:55:30.2544704Z   check-latest: false
2026-10-04T00:55:30.2555319Z   token: ***
2026-10-04T00:55:30.2556351Z   update-environment: true
2026-10-04T00:55:30.2557525Z   allow-prereleases: false
2026-10-04T00:55:30.2558673Z   freethreaded: false
2026-10-04T00:55:30.2559735Z env:
2026-10-04T00:55:30.2569988Z   GH_TOKEN: ***
2026-10-04T00:55:30.2571003Z ##[endgroup]
2026-10-04T00:55:30.3910660Z ##[group]Installed versions
2026-10-04T00:55:30.3997071Z (node:2302) [DEP0040] DeprecationWarning: The `punycode` module is deprecated. Please use a userland alternative instead.
2026-10-04T00:55:30.4000575Z (Use `node --trace-deprecation ...` to show where the warning was created)
2026-10-04T00:55:30.4003159Z Successfully set up CPython (3.12.14)
2026-10-04T00:55:30.4006166Z ##[endgroup]
2026-10-04T00:55:30.4194301Z ##[group]Run set -euo pipefail
2026-10-04T00:55:30.4195575Z [36;1mset -euo pipefail[0m
2026-10-04T00:55:30.4196840Z [36;1mpip install pandas==2.3.3 numpy==2.3.3[0m
2026-10-04T00:55:30.4468166Z shell: /usr/bin/bash --noprofile --norc -e -o pipefail {0}
2026-10-04T00:55:30.4469693Z env:
2026-10-04T00:55:30.4479804Z   GH_TOKEN: ***
2026-10-04T00:55:30.4481118Z   pythonLocation: /opt/hostedtoolcache/Python/3.12.14/x64
2026-10-04T00:55:30.4482952Z   PKG_CONFIG_PATH: /opt/hostedtoolcache/Python/3.12.14/x64/lib/pkgconfig
2026-10-04T00:55:30.4484802Z   Python_ROOT_DIR: /opt/hostedtoolcache/Python/3.12.14/x64
2026-10-04T00:55:30.4486448Z   Python2_ROOT_DIR: /opt/hostedtoolcache/Python/3.12.14/x64
2026-10-04T00:55:30.4488103Z   Python3_ROOT_DIR: /opt/hostedtoolcache/Python/3.12.14/x64
2026-10-04T00:55:30.4489802Z   LD_LIBRARY_PATH: /opt/hostedtoolcache/Python/3.12.14/x64/lib
2026-10-04T00:55:30.4491369Z ##[endgroup]
2026-10-04T00:55:31.3091626Z Collecting pandas==2.3.3
2026-10-04T00:55:31.3590188Z   Downloading pandas-2.3.3-cp312-cp312-manylinux_2_24_x86_64.manylinux_2_28_x86_64.whl.metadata (91 kB)
2026-10-04T00:55:31.5796447Z Collecting numpy==2.3.3
2026-10-04T00:55:31.5838625Z   Downloading numpy-2.3.3-cp312-cp312-manylinux_2_27_x86_64.manylinux_2_28_x86_64.whl.metadata (62 kB)
2026-10-04T00:55:31.6094925Z Collecting python-dateutil>=2.8.2 (from pandas==2.3.3)
2026-10-04T00:55:31.6134607Z   Downloading python_dateutil-2.9.0.post0-py2.py3-none-any.whl.metadata (8.4 kB)
2026-10-04T00:55:31.6448099Z Collecting pytz>=2020.1 (from pandas==2.3.3)
2026-10-04T00:55:31.6519408Z   Downloading pytz-2026.4-py2.py3-none-any.whl.metadata (22 kB)
2026-10-04T00:55:31.6655387Z Collecting tzdata>=2022.7 (from pandas==2.3.3)
2026-10-04T00:55:31.6693936Z   Downloading tzdata-2026.5-py2.py3-none-any.whl.metadata (1.4 kB)
2026-10-04T00:55:31.6870926Z Collecting six>=1.5 (from python-dateutil>=2.8.2->pandas==2.3.3)
2026-10-04T00:55:31.6913308Z   Downloading six-1.17.0-py2.py3-none-any.whl.metadata (1.7 kB)
2026-10-04T00:55:31.7012721Z Downloading pandas-2.3.3-cp312-cp312-manylinux_2_24_x86_64.manylinux_2_28_x86_64.whl (12.4 MB)
2026-10-04T00:55:31.8884728Z    ━━━━━━━━━━━━━━━━━━━━━━━━━━━━━━━━━━━━━━━━ 12.4/12.4 MB 68.0 MB/s  0:00:00
2026-10-04T00:55:31.8962299Z Downloading numpy-2.3.3-cp312-cp312-manylinux_2_27_x86_64.manylinux_2_28_x86_64.whl (16.6 MB)
2026-10-04T00:55:31.9801886Z    ━━━━━━━━━━━━━━━━━━━━━━━━━━━━━━━━━━━━━━━━ 16.6/16.6 MB 202.0 MB/s  0:00:00
2026-10-04T00:55:31.9845419Z Downloading python_dateutil-2.9.0.post0-py2.py3-none-any.whl (229 kB)
2026-10-04T00:55:31.9904233Z Downloading pytz-2026.4-py2.py3-none-any.whl (506 kB)
2026-10-04T00:55:31.9970041Z Downloading six-1.17.0-py2.py3-none-any.whl (11 kB)
2026-10-04T00:55:32.0022421Z Downloading tzdata-2026.5-py2.py3-none-any.whl (347 kB)
2026-10-04T00:55:32.1585816Z Installing collected packages: pytz, tzdata, six, numpy, python-dateutil, pandas
2026-10-04T00:55:39.3201536Z 
2026-10-04T00:55:39.3215373Z Successfully installed numpy-2.3.3 pandas-2.3.3 python-dateutil-2.9.0.post0 pytz-2026.4 six-1.17.0 tzdata-2026.5
2026-10-04T00:55:39.4025369Z ##[group]Run actions/cache@v4
2026-10-04T00:55:39.4025783Z with:
2026-10-04T00:55:39.4026088Z   path: data
2026-10-04T00:55:39.4026441Z   key: frozen-source-36095439671-15m-shard-0
2026-10-04T00:55:39.4026906Z   enableCrossOsArchive: false
2026-10-04T00:55:39.4027300Z   fail-on-cache-miss: false
2026-10-04T00:55:39.4027698Z   lookup-only: false
2026-10-04T00:55:39.4028029Z   save-always: false
2026-10-04T00:55:39.4028365Z env:
2026-10-04T00:55:39.4031717Z   GH_TOKEN: ***
2026-10-04T00:55:39.4032043Z   pythonLocation: /opt/hostedtoolcache/Python/3.12.14/x64
2026-10-04T00:55:39.4032499Z   PKG_CONFIG_PATH: /opt/hostedtoolcache/Python/3.12.14/x64/lib/pkgconfig
2026-10-04T00:55:39.4032930Z   Python_ROOT_DIR: /opt/hostedtoolcache/Python/3.12.14/x64
2026-10-04T00:55:39.4033316Z   Python2_ROOT_DIR: /opt/hostedtoolcache/Python/3.12.14/x64
2026-10-04T00:55:39.4033706Z   Python3_ROOT_DIR: /opt/hostedtoolcache/Python/3.12.14/x64
2026-10-04T00:55:39.4034118Z   LD_LIBRARY_PATH: /opt/hostedtoolcache/Python/3.12.14/x64/lib
2026-10-04T00:55:39.4034443Z ##[endgroup]
2026-10-04T00:55:39.5105219Z (node:2342) [DEP0040] DeprecationWarning: The `punycode` module is deprecated. Please use a userland alternative instead.
2026-10-04T00:55:39.5106411Z (Use `node --trace-deprecation ...` to show where the warning was created)
2026-10-04T00:55:39.6279186Z Cache hit for: frozen-source-36095439671-15m-shard-0
2026-10-04T00:55:39.6379377Z (node:2342) [DEP0169] DeprecationWarning: `url.parse()` behavior is not standardized and prone to errors that have security implications. Use the WHATWG URL API instead. CVEs are not issued for `url.parse()` vulnerabilities.
2026-10-04T00:55:40.7871141Z Received 134217728 of 242832053 (55.3%), 124.9 MBs/sec
2026-10-04T00:55:41.3028971Z Received 242832053 of 242832053 (100.0%), 150.3 MBs/sec
2026-10-04T00:55:41.3030864Z Cache Size: ~232 MB (242832053 B)
2026-10-04T00:55:41.3138620Z [command]/usr/bin/tar -xf /home/runner/work/_temp/67307045-6410-41f4-9728-e6bd290891c6/cache.tzst -P -C /home/runner/work/bb-scanner/bb-scanner --use-compress-program unzstd
2026-10-04T00:55:41.6325181Z Cache restored successfully
2026-10-04T00:55:41.6520490Z Cache restored from key: frozen-source-36095439671-15m-shard-0
2026-10-04T00:55:41.6679223Z ##[group]Run set -euo pipefail
2026-10-04T00:55:41.6679583Z [36;1mset -euo pipefail[0m
2026-10-04T00:55:41.6680174Z [36;1mif [ 'true' != 'true' ]; then[0m
2026-10-04T00:55:41.6680721Z [36;1m  gh run download 36095439671 -R duuu-hub/bb-scanner -n rank5-binance-um-15m-5y-data-shard-0 -D data[0m
2026-10-04T00:55:41.6681229Z [36;1mfi[0m
2026-10-04T00:55:41.6681583Z [36;1mgh run download 36858492497 -R duuu-hub/bb-scanner -n day-edge-v2-btc -D btc[0m
2026-10-04T00:55:41.6682276Z [36;1mgh run download 36095439671 -R duuu-hub/bb-scanner -n rank5-binance-um-15m-5y-manifest-shard-0 -D source-manifest[0m
2026-10-04T00:55:41.6683428Z [36;1mpython scripts/research_evidence_archive.py verify-source --data data --manifests source-manifest --baseline research/fragmented-chase-exhaustion-v22/FROZEN_INPUT_HASHES.json --out source-check.json[0m
2026-10-04T00:55:41.6755868Z shell: /usr/bin/bash --noprofile --norc -e -o pipefail {0}
2026-10-04T00:55:41.6756226Z env:
2026-10-04T00:55:41.6758979Z   GH_TOKEN: ***
2026-10-04T00:55:41.6759286Z   pythonLocation: /opt/hostedtoolcache/Python/3.12.14/x64
2026-10-04T00:55:41.6759748Z   PKG_CONFIG_PATH: /opt/hostedtoolcache/Python/3.12.14/x64/lib/pkgconfig
2026-10-04T00:55:41.6760398Z   Python_ROOT_DIR: /opt/hostedtoolcache/Python/3.12.14/x64
2026-10-04T00:55:41.6760791Z   Python2_ROOT_DIR: /opt/hostedtoolcache/Python/3.12.14/x64
2026-10-04T00:55:41.6761167Z   Python3_ROOT_DIR: /opt/hostedtoolcache/Python/3.12.14/x64
2026-10-04T00:55:41.6761540Z   LD_LIBRARY_PATH: /opt/hostedtoolcache/Python/3.12.14/x64/lib
2026-10-04T00:55:41.6761873Z ##[endgroup]
2026-10-04T00:55:49.7262116Z FROZEN_SOURCE_VERIFIED 107 files 28 prior SHA256 matches
2026-10-04T00:55:49.7760092Z ##[group]Run actions/cache@v4
2026-10-04T00:55:49.7760385Z with:
2026-10-04T00:55:49.7760601Z   path: cache/verified-1m
2026-10-04T00:55:49.7760906Z   key: fragmented-chase-exhaustion-v22-dev-1m-shard-0
2026-10-04T00:55:49.7762004Z   restore-keys: taker-absorption-release-v12-dev-1m-shard-0
aggressive-flow-cascade-v11-dev-1m-shard-0
residual-reversion-v10-dev-1m-shard-0
cross-sectional-leader-v9-dev-1m-shard-0
premium-absorption-v8-dev-1m-shard-0
factor-lag-v6-dev-1m-shard-0
2026-10-04T00:55:49.7763042Z   enableCrossOsArchive: false
2026-10-04T00:55:49.7763310Z   fail-on-cache-miss: false
2026-10-04T00:55:49.7763556Z   lookup-only: false
2026-10-04T00:55:49.7763772Z   save-always: false
2026-10-04T00:55:49.7763989Z env:
2026-10-04T00:55:49.7766722Z   GH_TOKEN: ***
2026-10-04T00:55:49.7767034Z   pythonLocation: /opt/hostedtoolcache/Python/3.12.14/x64
2026-10-04T00:55:49.7767480Z   PKG_CONFIG_PATH: /opt/hostedtoolcache/Python/3.12.14/x64/lib/pkgconfig
2026-10-04T00:55:49.7767964Z   Python_ROOT_DIR: /opt/hostedtoolcache/Python/3.12.14/x64
2026-10-04T00:55:49.7768351Z   Python2_ROOT_DIR: /opt/hostedtoolcache/Python/3.12.14/x64
2026-10-04T00:55:49.7768725Z   Python3_ROOT_DIR: /opt/hostedtoolcache/Python/3.12.14/x64
2026-10-04T00:55:49.7769107Z   LD_LIBRARY_PATH: /opt/hostedtoolcache/Python/3.12.14/x64/lib
2026-10-04T00:55:49.7769434Z ##[endgroup]
2026-10-04T00:55:49.8869061Z (node:2378) [DEP0040] DeprecationWarning: The `punycode` module is deprecated. Please use a userland alternative instead.
2026-10-04T00:55:49.8870100Z (Use `node --trace-deprecation ...` to show where the warning was created)
2026-10-04T00:55:49.9999420Z Cache hit for: fragmented-chase-exhaustion-v22-dev-1m-shard-0
2026-10-04T00:55:50.0143961Z (node:2378) [DEP0169] DeprecationWarning: `url.parse()` behavior is not standardized and prone to errors that have security implications. Use the WHATWG URL API instead. CVEs are not issued for `url.parse()` vulnerabilities.
2026-10-04T00:55:50.5842564Z Received 16958853 of 16958853 (100.0%), 36.2 MBs/sec
2026-10-04T00:55:50.5843134Z Cache Size: ~16 MB (16958853 B)
2026-10-04T00:55:50.5870258Z [command]/usr/bin/tar -xf /home/runner/work/_temp/7a663c73-2701-471e-b791-fb4904c6bb71/cache.tzst -P -C /home/runner/work/bb-scanner/bb-scanner --use-compress-program unzstd
2026-10-04T00:55:50.6164895Z Cache restored successfully
2026-10-04T00:55:50.6238656Z Cache restored from key: fragmented-chase-exhaustion-v22-dev-1m-shard-0
2026-10-04T00:55:50.6341988Z ##[group]Run set -euo pipefail
2026-10-04T00:55:50.6342310Z [36;1mset -euo pipefail[0m
2026-10-04T00:55:50.6343076Z [36;1mpython scripts/fragmented_chase_exhaustion_v22.py scan --stage DEV --data data --btc btc/BTCUSDT.csv.gz --source-check source-check.json --out dev-0 --minute-cache cache/verified-1m[0m
2026-10-04T00:55:50.6411919Z shell: /usr/bin/bash --noprofile --norc -e -o pipefail {0}
2026-10-04T00:55:50.6412282Z env:
2026-10-04T00:55:50.6414972Z   GH_TOKEN: ***
2026-10-04T00:55:50.6415302Z   pythonLocation: /opt/hostedtoolcache/Python/3.12.14/x64
2026-10-04T00:55:50.6415763Z   PKG_CONFIG_PATH: /opt/hostedtoolcache/Python/3.12.14/x64/lib/pkgconfig
2026-10-04T00:55:50.6416206Z   Python_ROOT_DIR: /opt/hostedtoolcache/Python/3.12.14/x64
2026-10-04T00:55:50.6416597Z   Python2_ROOT_DIR: /opt/hostedtoolcache/Python/3.12.14/x64
2026-10-04T00:55:50.6416985Z   Python3_ROOT_DIR: /opt/hostedtoolcache/Python/3.12.14/x64
2026-10-04T00:55:50.6417405Z   LD_LIBRARY_PATH: /opt/hostedtoolcache/Python/3.12.14/x64/lib
2026-10-04T00:55:50.6417749Z ##[endgroup]
2026-10-04T00:55:51.8397763Z /home/runner/work/bb-scanner/bb-scanner/scripts/session_opening_range_sweep_v20.py:80: RuntimeWarning: invalid value encountered in divide
2026-10-04T00:55:51.8399025Z   f['session_vwap'][k:z]=np.where(valid,numer/denom,np.nan)
2026-10-04T00:55:54.3509322Z V22_FRAGMENTED_CHASE_SCAN DEV 8 / 107 parameterized_outcomes 46
2026-10-04T00:56:00.3217025Z V22_FRAGMENTED_CHASE_SCAN DEV 40 / 107 parameterized_outcomes 78
2026-10-04T00:56:02.0555137Z V22_FRAGMENTED_CHASE_SCAN DEV 48 / 107 parameterized_outcomes 84
2026-10-04T00:56:03.2211277Z V22_FRAGMENTED_CHASE_SCAN DEV 56 / 107 parameterized_outcomes 84
2026-10-04T00:56:08.1481012Z V22_FRAGMENTED_CHASE_SCAN DEV 88 / 107 parameterized_outcomes 84
2026-10-04T00:56:11.5980995Z V22_FRAGMENTED_CHASE_SCAN DEV 104 / 107 parameterized_outcomes 130
2026-10-04T00:56:12.4560222Z V22_FRAGMENTED_CHASE_SCAN_DONE DEV 130 chronology_exclusions 0
2026-10-04T00:56:12.5140126Z ##[group]Run actions/upload-artifact@v4
2026-10-04T00:56:12.5140477Z with:
2026-10-04T00:56:12.5140741Z   name: fragmented-chase-exhaustion-v22-dev-0
2026-10-04T00:56:12.5141055Z   path: dev-0/
2026-10-04T00:56:12.5141278Z   retention-days: 30
2026-10-04T00:56:12.5141522Z   compression-level: 0
2026-10-04T00:56:12.5141769Z   if-no-files-found: warn
2026-10-04T00:56:12.5142011Z   overwrite: false
2026-10-04T00:56:12.5142251Z   include-hidden-files: false
2026-10-04T00:56:12.5142504Z env:
2026-10-04T00:56:12.5145210Z   GH_TOKEN: ***
2026-10-04T00:56:12.5145542Z   pythonLocation: /opt/hostedtoolcache/Python/3.12.14/x64
2026-10-04T00:56:12.5146005Z   PKG_CONFIG_PATH: /opt/hostedtoolcache/Python/3.12.14/x64/lib/pkgconfig
2026-10-04T00:56:12.5146439Z   Python_ROOT_DIR: /opt/hostedtoolcache/Python/3.12.14/x64
2026-10-04T00:56:12.5146836Z   Python2_ROOT_DIR: /opt/hostedtoolcache/Python/3.12.14/x64
2026-10-04T00:56:12.5147220Z   Python3_ROOT_DIR: /opt/hostedtoolcache/Python/3.12.14/x64
2026-10-04T00:56:12.5147639Z   LD_LIBRARY_PATH: /opt/hostedtoolcache/Python/3.12.14/x64/lib
2026-10-04T00:56:12.5147978Z ##[endgroup]
2026-10-04T00:56:12.6746491Z (node:2402) [DEP0040] DeprecationWarning: The `punycode` module is deprecated. Please use a userland alternative instead.
2026-10-04T00:56:12.6747399Z (Use `node --trace-deprecation ...` to show where the warning was created)
2026-10-04T00:56:12.6864239Z With the provided path, there will be 34 files uploaded
2026-10-04T00:56:12.6870615Z Artifact name is valid!
2026-10-04T00:56:12.6871127Z Root directory input is valid!
2026-10-04T00:56:12.9413543Z Beginning upload of artifact content to blob storage
2026-10-04T00:56:13.0147949Z (node:2402) [DEP0169] DeprecationWarning: `url.parse()` behavior is not standardized and prone to errors that have security implications. Use the WHATWG URL API instead. CVEs are not issued for `url.parse()` vulnerabilities.
2026-10-04T00:56:13.4086526Z Uploaded bytes 8388608
2026-10-04T00:56:13.5615441Z Uploaded bytes 13848601
2026-10-04T00:56:13.5967784Z Finished uploading artifact content to blob storage!
2026-10-04T00:56:13.5969106Z SHA256 digest of uploaded artifact zip is db161812e39c796e43f55cd8609227b3606c11ad3e56c4a65e61e587b3a66d03
2026-10-04T00:56:13.5970603Z Finalizing artifact upload
2026-10-04T00:56:13.8285667Z Artifact fragmented-chase-exhaustion-v22-dev-0.zip successfully finalized. Artifact ID 11289269369
2026-10-04T00:56:13.8286638Z Artifact fragmented-chase-exhaustion-v22-dev-0 has been successfully uploaded! Final size is 13848601 bytes. Artifact ID is 11289269369
2026-10-04T00:56:13.8293318Z Artifact download URL: https://github.com/duuu-hub/bb-scanner/actions/runs/37166361208/artifacts/11289269369
2026-10-04T00:56:13.8471103Z Post job cleanup.
2026-10-04T00:56:13.9581048Z Cache hit occurred on the primary key fragmented-chase-exhaustion-v22-dev-1m-shard-0, not saving cache.
2026-10-04T00:56:13.9582602Z (node:2414) [DEP0040] DeprecationWarning: The `punycode` module is deprecated. Please use a userland alternative instead.
2026-10-04T00:56:13.9583671Z (Use `node --trace-deprecation ...` to show where the warning was created)
2026-10-04T00:56:13.9682573Z Post job cleanup.
2026-10-04T00:56:14.0812445Z Cache hit occurred on the primary key frozen-source-36095439671-15m-shard-0, not saving cache.
2026-10-04T00:56:14.0813887Z (node:2422) [DEP0040] DeprecationWarning: The `punycode` module is deprecated. Please use a userland alternative instead.
2026-10-04T00:56:14.0814773Z (Use `node --trace-deprecation ...` to show where the warning was created)
2026-10-04T00:56:14.0939726Z Post job cleanup.
2026-10-04T00:56:14.2138099Z (node:2431) [DEP0040] DeprecationWarning: The `punycode` module is deprecated. Please use a userland alternative instead.
2026-10-04T00:56:14.2139320Z (Use `node --trace-deprecation ...` to show where the warning was created)
2026-10-04T00:56:14.2308338Z Post job cleanup.
2026-10-04T00:56:14.3270607Z [command]/usr/bin/git version
2026-10-04T00:56:14.3310880Z git version 2.55.0
2026-10-04T00:56:14.3346101Z Temporarily overriding HOME='/home/runner/work/_temp/f4ab1dc2-3e54-43ab-9de6-5933829d82d4' before making global git config changes
2026-10-04T00:56:14.3347446Z Adding repository directory to the temporary git global config as a safe directory
2026-10-04T00:56:14.3350604Z [command]/usr/bin/git config --global --add safe.directory /home/runner/work/bb-scanner/bb-scanner
2026-10-04T00:56:14.3400585Z [command]/usr/bin/git config --local --name-only --get-regexp core\.sshCommand
2026-10-04T00:56:14.3447079Z [command]/usr/bin/git submodule foreach --recursive sh -c "git config --local --name-only --get-regexp 'core\.sshCommand' && git config --local --unset-all 'core.sshCommand' || :"
2026-10-04T00:56:14.3790814Z [command]/usr/bin/git config --local --name-only --get-regexp http\.https\:\/\/github\.com\/\.extraheader
2026-10-04T00:56:14.3828958Z http.https://github.com/.extraheader
2026-10-04T00:56:14.3842545Z [command]/usr/bin/git config --local --unset-all http.https://github.com/.extraheader
2026-10-04T00:56:14.3888453Z [command]/usr/bin/git submodule foreach --recursive sh -c "git config --local --name-only --get-regexp 'http\.https\:\/\/github\.com\/\.extraheader' && git config --local --unset-all 'http.https://github.com/.extraheader' || :"
2026-10-04T00:56:14.4263537Z [command]/usr/bin/git config --local --name-only --get-regexp ^includeIf\.gitdir:
2026-10-04T00:56:14.4321442Z [command]/usr/bin/git submodule foreach --recursive git config --local --show-origin --name-only --get-regexp remote.origin.url
2026-10-04T00:56:14.4735479Z Cleaning up orphan processes
2026-10-04T00:56:14.5032477Z ##[warning]Node.js 20 is deprecated. The following actions target Node.js 20 but are being forced to run on Node.js 24: actions/cache@v4, actions/checkout@v4, actions/setup-python@v5, actions/upload-artifact@v4. For more information see: https://github.blog/changelog/2025-09-19-deprecation-of-node-20-on-github-actions-runners/
