2026-10-04T00:55:27.6385193Z Current runner version: '2.337.0'
2026-10-04T00:55:27.6400445Z ##[group]Runner Image Provisioner
2026-10-04T00:55:27.6401002Z Hosted Compute Agent
2026-10-04T00:55:27.6401353Z Version: 20260901.588
2026-10-04T00:55:27.6401748Z Commit: f88ec8081b781fac6c440065ac7ff9e710ce3d0b
2026-10-04T00:55:27.6402198Z Build Date: 2026-09-01T19:56:44Z
2026-10-04T00:55:27.6402604Z Worker ID: {08835472-ca2a-4c11-91e4-f38d439e4fda}
2026-10-04T00:55:27.6403029Z Azure Region: centralus
2026-10-04T00:55:27.6403381Z ##[endgroup]
2026-10-04T00:55:27.6404166Z ##[group]Operating System
2026-10-04T00:55:27.6404726Z Ubuntu
2026-10-04T00:55:27.6405031Z 24.04.5
2026-10-04T00:55:27.6405544Z LTS
2026-10-04T00:55:27.6405886Z ##[endgroup]
2026-10-04T00:55:27.6406231Z ##[group]Runner Image
2026-10-04T00:55:27.6406626Z Image: ubuntu-24.04
2026-10-04T00:55:27.6406951Z Version: 20260927.320.1
2026-10-04T00:55:27.6407663Z Included Software: https://github.com/actions/runner-images/blob/ubuntu24/20260927.320/images/ubuntu/Ubuntu2404-Readme.md
2026-10-04T00:55:27.6408544Z Image Release: https://github.com/actions/runner-images/releases/tag/ubuntu24%2F20260927.320
2026-10-04T00:55:27.6409138Z ##[endgroup]
2026-10-04T00:55:27.6409792Z ##[group]GITHUB_TOKEN Permissions
2026-10-04T00:55:27.6411118Z Actions: read
2026-10-04T00:55:27.6411481Z Contents: read
2026-10-04T00:55:27.6411794Z Metadata: read
2026-10-04T00:55:27.6412157Z ##[endgroup]
2026-10-04T00:55:27.6413359Z Secret source: Actions
2026-10-04T00:55:27.6413974Z Cache mode: write
2026-10-04T00:55:27.6414470Z Prepare workflow directory
2026-10-04T00:55:27.6744187Z Prepare all required actions
2026-10-04T00:55:27.6776367Z Getting action download info
2026-10-04T00:55:27.9179587Z Download action repository 'actions/checkout@v4' (SHA:11d5960a326750d5838078e36cf38b85af677262)
2026-10-04T00:55:28.0249515Z Download action repository 'actions/setup-python@v5' (SHA:a26af69be951a213d495a4c3e4e4022e16d87065)
2026-10-04T00:55:28.1188773Z Download action repository 'actions/cache@v4' (SHA:0057852bfaa89a56745cba8c7296529d2fc39830)
2026-10-04T00:55:28.2865869Z Download action repository 'actions/upload-artifact@v4' (SHA:ea165f8d65b6e75b540449e92b4886f43607fa02)
2026-10-04T00:55:28.4715116Z Complete job name: development (4)
2026-10-04T00:55:28.5126477Z ##[group]Run actions/checkout@v4
2026-10-04T00:55:28.5126900Z with:
2026-10-04T00:55:28.5127154Z   repository: duuu-hub/bb-scanner
2026-10-04T00:55:28.5129157Z   token: ***
2026-10-04T00:55:28.5129396Z   ssh-strict: true
2026-10-04T00:55:28.5129777Z   ssh-user: git
2026-10-04T00:55:28.5130078Z   persist-credentials: true
2026-10-04T00:55:28.5130371Z   clean: true
2026-10-04T00:55:28.5130658Z   sparse-checkout-cone-mode: true
2026-10-04T00:55:28.5130949Z   fetch-depth: 1
2026-10-04T00:55:28.5131234Z   fetch-tags: false
2026-10-04T00:55:28.5131483Z   show-progress: true
2026-10-04T00:55:28.5131744Z   lfs: false
2026-10-04T00:55:28.5131983Z   submodules: false
2026-10-04T00:55:28.5132243Z   set-safe-directory: true
2026-10-04T00:55:28.5132533Z   allow-unsafe-pr-checkout: false
2026-10-04T00:55:28.5132916Z env:
2026-10-04T00:55:28.5134954Z   GH_TOKEN: ***
2026-10-04T00:55:28.5135198Z ##[endgroup]
2026-10-04T00:55:28.5730487Z Syncing repository: duuu-hub/bb-scanner
2026-10-04T00:55:28.5732066Z ##[group]Getting Git version info
2026-10-04T00:55:28.5732704Z Working directory is '/home/runner/work/bb-scanner/bb-scanner'
2026-10-04T00:55:28.5733657Z [command]/usr/bin/git version
2026-10-04T00:55:28.5808795Z git version 2.55.0
2026-10-04T00:55:28.5820724Z ##[endgroup]
2026-10-04T00:55:28.5831914Z Temporarily overriding HOME='/home/runner/work/_temp/f5186e1b-3212-4b93-a894-149168f52866' before making global git config changes
2026-10-04T00:55:28.5833216Z Adding repository directory to the temporary git global config as a safe directory
2026-10-04T00:55:28.5835640Z [command]/usr/bin/git config --global --add safe.directory /home/runner/work/bb-scanner/bb-scanner
2026-10-04T00:55:28.5877190Z Deleting the contents of '/home/runner/work/bb-scanner/bb-scanner'
2026-10-04T00:55:28.5879713Z ##[group]Initializing the repository
2026-10-04T00:55:28.5882138Z [command]/usr/bin/git init /home/runner/work/bb-scanner/bb-scanner
2026-10-04T00:55:28.5965062Z hint: Using 'master' as the name for the initial branch. This default branch name
2026-10-04T00:55:28.5966366Z hint: will change to "main" in Git 3.0. To configure the initial branch name
2026-10-04T00:55:28.5967231Z hint: to use in all of your new repositories, which will suppress this warning,
2026-10-04T00:55:28.5967916Z hint: call:
2026-10-04T00:55:28.5968276Z hint:
2026-10-04T00:55:28.5968758Z hint: 	git config --global init.defaultBranch <name>
2026-10-04T00:55:28.5969325Z hint:
2026-10-04T00:55:28.5969848Z hint: Names commonly chosen instead of 'master' are 'main', 'trunk' and
2026-10-04T00:55:28.5970716Z hint: 'development'. The just-created branch can be renamed via this command:
2026-10-04T00:55:28.5971433Z hint:
2026-10-04T00:55:28.5971808Z hint: 	git branch -m <name>
2026-10-04T00:55:28.5972239Z hint:
2026-10-04T00:55:28.5972809Z hint: Disable this message with "git config set advice.defaultBranchName false"
2026-10-04T00:55:28.5973781Z Initialized empty Git repository in /home/runner/work/bb-scanner/bb-scanner/.git/
2026-10-04T00:55:28.5976772Z [command]/usr/bin/git remote add origin https://github.com/duuu-hub/bb-scanner
2026-10-04T00:55:28.6017905Z ##[endgroup]
2026-10-04T00:55:28.6018570Z ##[group]Disabling automatic garbage collection
2026-10-04T00:55:28.6020544Z [command]/usr/bin/git config --local gc.auto 0
2026-10-04T00:55:28.6066256Z ##[endgroup]
2026-10-04T00:55:28.6067072Z ##[group]Setting up auth
2026-10-04T00:55:28.6067962Z [command]/usr/bin/git config --local --name-only --get-regexp core\.sshCommand
2026-10-04T00:55:28.6081109Z [command]/usr/bin/git submodule foreach --recursive sh -c "git config --local --name-only --get-regexp 'core\.sshCommand' && git config --local --unset-all 'core.sshCommand' || :"
2026-10-04T00:55:28.6376146Z [command]/usr/bin/git config --local --name-only --get-regexp http\.https\:\/\/github\.com\/\.extraheader
2026-10-04T00:55:28.6405425Z [command]/usr/bin/git submodule foreach --recursive sh -c "git config --local --name-only --get-regexp 'http\.https\:\/\/github\.com\/\.extraheader' && git config --local --unset-all 'http.https://github.com/.extraheader' || :"
2026-10-04T00:55:28.6568239Z [command]/usr/bin/git config --local --name-only --get-regexp ^includeIf\.gitdir:
2026-10-04T00:55:28.6594235Z [command]/usr/bin/git submodule foreach --recursive git config --local --show-origin --name-only --get-regexp remote.origin.url
2026-10-04T00:55:28.6770485Z [command]/usr/bin/git config --local http.https://github.com/.extraheader AUTHORIZATION: basic ***
2026-10-04T00:55:28.6806076Z ##[endgroup]
2026-10-04T00:55:28.6806651Z ##[group]Fetching the repository
2026-10-04T00:55:28.6814363Z [command]/usr/bin/git -c protocol.version=2 fetch --no-tags --prune --no-recurse-submodules --depth=1 origin +ee0313d7cc71c898f862a5493792eda8565e49e4:refs/remotes/origin/research-fragmented-chase-exhaustion-v22
2026-10-04T00:55:29.6860412Z From https://github.com/duuu-hub/bb-scanner
2026-10-04T00:55:29.6862397Z  * [new ref]         ee0313d7cc71c898f862a5493792eda8565e49e4 -> origin/research-fragmented-chase-exhaustion-v22
2026-10-04T00:55:29.6866537Z ##[endgroup]
2026-10-04T00:55:29.6867760Z ##[group]Determining the checkout info
2026-10-04T00:55:29.6869112Z ##[endgroup]
2026-10-04T00:55:29.6870505Z [command]/usr/bin/git sparse-checkout disable
2026-10-04T00:55:29.6918265Z [command]/usr/bin/git config --local --unset-all extensions.worktreeConfig
2026-10-04T00:55:29.6975326Z ##[group]Checking out the ref
2026-10-04T00:55:29.6977449Z [command]/usr/bin/git checkout --progress --force -B research-fragmented-chase-exhaustion-v22 refs/remotes/origin/research-fragmented-chase-exhaustion-v22
2026-10-04T00:55:29.8598527Z Switched to a new branch 'research-fragmented-chase-exhaustion-v22'
2026-10-04T00:55:29.8605635Z branch 'research-fragmented-chase-exhaustion-v22' set up to track 'origin/research-fragmented-chase-exhaustion-v22'.
2026-10-04T00:55:29.8609986Z ##[endgroup]
2026-10-04T00:55:29.8649258Z [command]/usr/bin/git log -1 --format=%H
2026-10-04T00:55:29.8671191Z ee0313d7cc71c898f862a5493792eda8565e49e4
2026-10-04T00:55:29.8878228Z ##[group]Run actions/setup-python@v5
2026-10-04T00:55:29.8878437Z with:
2026-10-04T00:55:29.8878581Z   python-version: 3.12
2026-10-04T00:55:29.8878730Z   check-latest: false
2026-10-04T00:55:29.8880038Z   token: ***
2026-10-04T00:55:29.8880188Z   update-environment: true
2026-10-04T00:55:29.8880352Z   allow-prereleases: false
2026-10-04T00:55:29.8880503Z   freethreaded: false
2026-10-04T00:55:29.8880642Z env:
2026-10-04T00:55:29.8881896Z   GH_TOKEN: ***
2026-10-04T00:55:29.8882032Z ##[endgroup]
2026-10-04T00:55:29.9652042Z ##[group]Installed versions
2026-10-04T00:55:29.9707004Z (node:2082) [DEP0040] DeprecationWarning: The `punycode` module is deprecated. Please use a userland alternative instead.
2026-10-04T00:55:29.9707621Z (Use `node --trace-deprecation ...` to show where the warning was created)
2026-10-04T00:55:29.9708064Z Successfully set up CPython (3.12.14)
2026-10-04T00:55:29.9708387Z ##[endgroup]
2026-10-04T00:55:29.9848619Z ##[group]Run set -euo pipefail
2026-10-04T00:55:29.9848979Z [36;1mset -euo pipefail[0m
2026-10-04T00:55:29.9849272Z [36;1mpip install pandas==2.3.3 numpy==2.3.3[0m
2026-10-04T00:55:30.0106091Z shell: /usr/bin/bash --noprofile --norc -e -o pipefail {0}
2026-10-04T00:55:30.0106369Z env:
2026-10-04T00:55:30.0107963Z   GH_TOKEN: ***
2026-10-04T00:55:30.0108153Z   pythonLocation: /opt/hostedtoolcache/Python/3.12.14/x64
2026-10-04T00:55:30.0108419Z   PKG_CONFIG_PATH: /opt/hostedtoolcache/Python/3.12.14/x64/lib/pkgconfig
2026-10-04T00:55:30.0108671Z   Python_ROOT_DIR: /opt/hostedtoolcache/Python/3.12.14/x64
2026-10-04T00:55:30.0108898Z   Python2_ROOT_DIR: /opt/hostedtoolcache/Python/3.12.14/x64
2026-10-04T00:55:30.0109126Z   Python3_ROOT_DIR: /opt/hostedtoolcache/Python/3.12.14/x64
2026-10-04T00:55:30.0109356Z   LD_LIBRARY_PATH: /opt/hostedtoolcache/Python/3.12.14/x64/lib
2026-10-04T00:55:30.0109585Z ##[endgroup]
2026-10-04T00:55:32.5244336Z Collecting pandas==2.3.3
2026-10-04T00:55:32.5826066Z   Downloading pandas-2.3.3-cp312-cp312-manylinux_2_24_x86_64.manylinux_2_28_x86_64.whl.metadata (91 kB)
2026-10-04T00:55:32.7535456Z Collecting numpy==2.3.3
2026-10-04T00:55:32.7639530Z   Downloading numpy-2.3.3-cp312-cp312-manylinux_2_27_x86_64.manylinux_2_28_x86_64.whl.metadata (62 kB)
2026-10-04T00:55:32.7867736Z Collecting python-dateutil>=2.8.2 (from pandas==2.3.3)
2026-10-04T00:55:32.7964742Z   Downloading python_dateutil-2.9.0.post0-py2.py3-none-any.whl.metadata (8.4 kB)
2026-10-04T00:55:32.8242605Z Collecting pytz>=2020.1 (from pandas==2.3.3)
2026-10-04T00:55:32.8338979Z   Downloading pytz-2026.4-py2.py3-none-any.whl.metadata (22 kB)
2026-10-04T00:55:32.8493229Z Collecting tzdata>=2022.7 (from pandas==2.3.3)
2026-10-04T00:55:32.8588907Z   Downloading tzdata-2026.5-py2.py3-none-any.whl.metadata (1.4 kB)
2026-10-04T00:55:32.8739470Z Collecting six>=1.5 (from python-dateutil>=2.8.2->pandas==2.3.3)
2026-10-04T00:55:32.8835418Z   Downloading six-1.17.0-py2.py3-none-any.whl.metadata (1.7 kB)
2026-10-04T00:55:32.8955654Z Downloading pandas-2.3.3-cp312-cp312-manylinux_2_24_x86_64.manylinux_2_28_x86_64.whl (12.4 MB)
2026-10-04T00:55:33.0585454Z    ━━━━━━━━━━━━━━━━━━━━━━━━━━━━━━━━━━━━━━━━ 12.4/12.4 MB 84.4 MB/s  0:00:00
2026-10-04T00:55:33.0684675Z Downloading numpy-2.3.3-cp312-cp312-manylinux_2_27_x86_64.manylinux_2_28_x86_64.whl (16.6 MB)
2026-10-04T00:55:33.2409885Z    ━━━━━━━━━━━━━━━━━━━━━━━━━━━━━━━━━━━━━━━━ 16.6/16.6 MB 95.9 MB/s  0:00:00
2026-10-04T00:55:33.2510627Z Downloading python_dateutil-2.9.0.post0-py2.py3-none-any.whl (229 kB)
2026-10-04T00:55:33.2623411Z Downloading pytz-2026.4-py2.py3-none-any.whl (506 kB)
2026-10-04T00:55:33.2741394Z Downloading six-1.17.0-py2.py3-none-any.whl (11 kB)
2026-10-04T00:55:33.2854157Z Downloading tzdata-2026.5-py2.py3-none-any.whl (347 kB)
2026-10-04T00:55:33.4903021Z Installing collected packages: pytz, tzdata, six, numpy, python-dateutil, pandas
2026-10-04T00:55:37.6935798Z 
2026-10-04T00:55:37.6944807Z Successfully installed numpy-2.3.3 pandas-2.3.3 python-dateutil-2.9.0.post0 pytz-2026.4 six-1.17.0 tzdata-2026.5
2026-10-04T00:55:37.7436659Z ##[group]Run actions/cache@v4
2026-10-04T00:55:37.7436802Z with:
2026-10-04T00:55:37.7436908Z   path: data
2026-10-04T00:55:37.7437029Z   key: frozen-source-36095439671-15m-shard-4
2026-10-04T00:55:37.7437184Z   enableCrossOsArchive: false
2026-10-04T00:55:37.7437316Z   fail-on-cache-miss: false
2026-10-04T00:55:37.7437441Z   lookup-only: false
2026-10-04T00:55:37.7437551Z   save-always: false
2026-10-04T00:55:37.7437660Z env:
2026-10-04T00:55:37.7439008Z   GH_TOKEN: ***
2026-10-04T00:55:37.7439156Z   pythonLocation: /opt/hostedtoolcache/Python/3.12.14/x64
2026-10-04T00:55:37.7439381Z   PKG_CONFIG_PATH: /opt/hostedtoolcache/Python/3.12.14/x64/lib/pkgconfig
2026-10-04T00:55:37.7439598Z   Python_ROOT_DIR: /opt/hostedtoolcache/Python/3.12.14/x64
2026-10-04T00:55:37.7439795Z   Python2_ROOT_DIR: /opt/hostedtoolcache/Python/3.12.14/x64
2026-10-04T00:55:37.7440004Z   Python3_ROOT_DIR: /opt/hostedtoolcache/Python/3.12.14/x64
2026-10-04T00:55:37.7440221Z   LD_LIBRARY_PATH: /opt/hostedtoolcache/Python/3.12.14/x64/lib
2026-10-04T00:55:37.7440392Z ##[endgroup]
2026-10-04T00:55:37.8100522Z (node:2116) [DEP0040] DeprecationWarning: The `punycode` module is deprecated. Please use a userland alternative instead.
2026-10-04T00:55:37.8100938Z (Use `node --trace-deprecation ...` to show where the warning was created)
2026-10-04T00:55:37.9465120Z Cache hit for: frozen-source-36095439671-15m-shard-4
2026-10-04T00:55:37.9548474Z (node:2116) [DEP0169] DeprecationWarning: `url.parse()` behavior is not standardized and prone to errors that have security implications. Use the WHATWG URL API instead. CVEs are not issued for `url.parse()` vulnerabilities.
2026-10-04T00:55:39.1317216Z Received 134217728 of 240222650 (55.9%), 124.4 MBs/sec
2026-10-04T00:55:39.6046815Z Received 240222650 of 240222650 (100.0%), 152.5 MBs/sec
2026-10-04T00:55:39.6047597Z Cache Size: ~229 MB (240222650 B)
2026-10-04T00:55:39.6072287Z [command]/usr/bin/tar -xf /home/runner/work/_temp/cd221d79-f2c3-488e-b5e7-a501a0a57014/cache.tzst -P -C /home/runner/work/bb-scanner/bb-scanner --use-compress-program unzstd
2026-10-04T00:55:39.8047855Z Cache restored successfully
2026-10-04T00:55:39.8191871Z Cache restored from key: frozen-source-36095439671-15m-shard-4
2026-10-04T00:55:39.8318815Z ##[group]Run set -euo pipefail
2026-10-04T00:55:39.8318999Z [36;1mset -euo pipefail[0m
2026-10-04T00:55:39.8319135Z [36;1mif [ 'true' != 'true' ]; then[0m
2026-10-04T00:55:39.8319408Z [36;1m  gh run download 36095439671 -R duuu-hub/bb-scanner -n rank5-binance-um-15m-5y-data-shard-4 -D data[0m
2026-10-04T00:55:39.8319684Z [36;1mfi[0m
2026-10-04T00:55:39.8319864Z [36;1mgh run download 36858492497 -R duuu-hub/bb-scanner -n day-edge-v2-btc -D btc[0m
2026-10-04T00:55:39.8320218Z [36;1mgh run download 36095439671 -R duuu-hub/bb-scanner -n rank5-binance-um-15m-5y-manifest-shard-4 -D source-manifest[0m
2026-10-04T00:55:39.8320816Z [36;1mpython scripts/research_evidence_archive.py verify-source --data data --manifests source-manifest --baseline research/fragmented-chase-exhaustion-v22/FROZEN_INPUT_HASHES.json --out source-check.json[0m
2026-10-04T00:55:39.8371834Z shell: /usr/bin/bash --noprofile --norc -e -o pipefail {0}
2026-10-04T00:55:39.8372019Z env:
2026-10-04T00:55:39.8373375Z   GH_TOKEN: ***
2026-10-04T00:55:39.8373529Z   pythonLocation: /opt/hostedtoolcache/Python/3.12.14/x64
2026-10-04T00:55:39.8373753Z   PKG_CONFIG_PATH: /opt/hostedtoolcache/Python/3.12.14/x64/lib/pkgconfig
2026-10-04T00:55:39.8373977Z   Python_ROOT_DIR: /opt/hostedtoolcache/Python/3.12.14/x64
2026-10-04T00:55:39.8374176Z   Python2_ROOT_DIR: /opt/hostedtoolcache/Python/3.12.14/x64
2026-10-04T00:55:39.8374373Z   Python3_ROOT_DIR: /opt/hostedtoolcache/Python/3.12.14/x64
2026-10-04T00:55:39.8374744Z   LD_LIBRARY_PATH: /opt/hostedtoolcache/Python/3.12.14/x64/lib
2026-10-04T00:55:39.8374933Z ##[endgroup]
2026-10-04T00:55:45.4675255Z FROZEN_SOURCE_VERIFIED 107 files 37 prior SHA256 matches
2026-10-04T00:55:45.5045031Z ##[group]Run actions/cache@v4
2026-10-04T00:55:45.5045191Z with:
2026-10-04T00:55:45.5045304Z   path: cache/verified-1m
2026-10-04T00:55:45.5045462Z   key: fragmented-chase-exhaustion-v22-dev-1m-shard-4
2026-10-04T00:55:45.5046043Z   restore-keys: taker-absorption-release-v12-dev-1m-shard-4
aggressive-flow-cascade-v11-dev-1m-shard-4
residual-reversion-v10-dev-1m-shard-4
cross-sectional-leader-v9-dev-1m-shard-4
premium-absorption-v8-dev-1m-shard-4
factor-lag-v6-dev-1m-shard-4
2026-10-04T00:55:45.5046590Z   enableCrossOsArchive: false
2026-10-04T00:55:45.5046726Z   fail-on-cache-miss: false
2026-10-04T00:55:45.5046854Z   lookup-only: false
2026-10-04T00:55:45.5046968Z   save-always: false
2026-10-04T00:55:45.5047081Z env:
2026-10-04T00:55:45.5048408Z   GH_TOKEN: ***
2026-10-04T00:55:45.5048559Z   pythonLocation: /opt/hostedtoolcache/Python/3.12.14/x64
2026-10-04T00:55:45.5048785Z   PKG_CONFIG_PATH: /opt/hostedtoolcache/Python/3.12.14/x64/lib/pkgconfig
2026-10-04T00:55:45.5049033Z   Python_ROOT_DIR: /opt/hostedtoolcache/Python/3.12.14/x64
2026-10-04T00:55:45.5049240Z   Python2_ROOT_DIR: /opt/hostedtoolcache/Python/3.12.14/x64
2026-10-04T00:55:45.5049439Z   Python3_ROOT_DIR: /opt/hostedtoolcache/Python/3.12.14/x64
2026-10-04T00:55:45.5049649Z   LD_LIBRARY_PATH: /opt/hostedtoolcache/Python/3.12.14/x64/lib
2026-10-04T00:55:45.5049820Z ##[endgroup]
2026-10-04T00:55:45.5680955Z (node:2154) [DEP0040] DeprecationWarning: The `punycode` module is deprecated. Please use a userland alternative instead.
2026-10-04T00:55:45.5681451Z (Use `node --trace-deprecation ...` to show where the warning was created)
2026-10-04T00:55:45.7014776Z Cache hit for: fragmented-chase-exhaustion-v22-dev-1m-shard-4
2026-10-04T00:55:45.7072358Z (node:2154) [DEP0169] DeprecationWarning: `url.parse()` behavior is not standardized and prone to errors that have security implications. Use the WHATWG URL API instead. CVEs are not issued for `url.parse()` vulnerabilities.
2026-10-04T00:55:46.3840966Z Received 11403188 of 11403188 (100.0%), 21.4 MBs/sec
2026-10-04T00:55:46.3841242Z Cache Size: ~11 MB (11403188 B)
2026-10-04T00:55:46.3855824Z [command]/usr/bin/tar -xf /home/runner/work/_temp/d2d28550-8553-42d8-a2ab-b41b7ef2e0d7/cache.tzst -P -C /home/runner/work/bb-scanner/bb-scanner --use-compress-program unzstd
2026-10-04T00:55:46.4006118Z Cache restored successfully
2026-10-04T00:55:46.4057880Z Cache restored from key: fragmented-chase-exhaustion-v22-dev-1m-shard-4
2026-10-04T00:55:46.4139084Z ##[group]Run set -euo pipefail
2026-10-04T00:55:46.4139257Z [36;1mset -euo pipefail[0m
2026-10-04T00:55:46.4139647Z [36;1mpython scripts/fragmented_chase_exhaustion_v22.py scan --stage DEV --data data --btc btc/BTCUSDT.csv.gz --source-check source-check.json --out dev-4 --minute-cache cache/verified-1m[0m
2026-10-04T00:55:46.4189685Z shell: /usr/bin/bash --noprofile --norc -e -o pipefail {0}
2026-10-04T00:55:46.4189865Z env:
2026-10-04T00:55:46.4191293Z   GH_TOKEN: ***
2026-10-04T00:55:46.4191461Z   pythonLocation: /opt/hostedtoolcache/Python/3.12.14/x64
2026-10-04T00:55:46.4191693Z   PKG_CONFIG_PATH: /opt/hostedtoolcache/Python/3.12.14/x64/lib/pkgconfig
2026-10-04T00:55:46.4191919Z   Python_ROOT_DIR: /opt/hostedtoolcache/Python/3.12.14/x64
2026-10-04T00:55:46.4192127Z   Python2_ROOT_DIR: /opt/hostedtoolcache/Python/3.12.14/x64
2026-10-04T00:55:46.4192332Z   Python3_ROOT_DIR: /opt/hostedtoolcache/Python/3.12.14/x64
2026-10-04T00:55:46.4192556Z   LD_LIBRARY_PATH: /opt/hostedtoolcache/Python/3.12.14/x64/lib
2026-10-04T00:55:46.4192731Z ##[endgroup]
2026-10-04T00:55:47.2070821Z /home/runner/work/bb-scanner/bb-scanner/scripts/session_opening_range_sweep_v20.py:80: RuntimeWarning: invalid value encountered in divide
2026-10-04T00:55:47.2071579Z   f['session_vwap'][k:z]=np.where(valid,numer/denom,np.nan)
2026-10-04T00:55:48.4427315Z V22_FRAGMENTED_CHASE_SCAN DEV 8 / 107 parameterized_outcomes 40
2026-10-04T00:55:49.5825366Z V22_FRAGMENTED_CHASE_SCAN DEV 16 / 107 parameterized_outcomes 52
2026-10-04T00:55:52.8756627Z V22_FRAGMENTED_CHASE_SCAN DEV 48 / 107 parameterized_outcomes 88
2026-10-04T00:55:53.9149497Z V22_FRAGMENTED_CHASE_SCAN DEV 56 / 107 parameterized_outcomes 100
2026-10-04T00:55:57.6315590Z V22_FRAGMENTED_CHASE_SCAN DEV 96 / 107 parameterized_outcomes 106
2026-10-04T00:55:58.6528030Z V22_FRAGMENTED_CHASE_SCAN_DONE DEV 106 chronology_exclusions 0
2026-10-04T00:55:58.6972613Z ##[group]Run actions/upload-artifact@v4
2026-10-04T00:55:58.6972777Z with:
2026-10-04T00:55:58.6972916Z   name: fragmented-chase-exhaustion-v22-dev-4
2026-10-04T00:55:58.6973077Z   path: dev-4/
2026-10-04T00:55:58.6973191Z   retention-days: 30
2026-10-04T00:55:58.6973316Z   compression-level: 0
2026-10-04T00:55:58.6973442Z   if-no-files-found: warn
2026-10-04T00:55:58.6973568Z   overwrite: false
2026-10-04T00:55:58.6973693Z   include-hidden-files: false
2026-10-04T00:55:58.6973822Z env:
2026-10-04T00:55:58.6975614Z   GH_TOKEN: ***
2026-10-04T00:55:58.6975768Z   pythonLocation: /opt/hostedtoolcache/Python/3.12.14/x64
2026-10-04T00:55:58.6976012Z   PKG_CONFIG_PATH: /opt/hostedtoolcache/Python/3.12.14/x64/lib/pkgconfig
2026-10-04T00:55:58.6976237Z   Python_ROOT_DIR: /opt/hostedtoolcache/Python/3.12.14/x64
2026-10-04T00:55:58.6976442Z   Python2_ROOT_DIR: /opt/hostedtoolcache/Python/3.12.14/x64
2026-10-04T00:55:58.6976642Z   Python3_ROOT_DIR: /opt/hostedtoolcache/Python/3.12.14/x64
2026-10-04T00:55:58.6976869Z   LD_LIBRARY_PATH: /opt/hostedtoolcache/Python/3.12.14/x64/lib
2026-10-04T00:55:58.6977045Z ##[endgroup]
2026-10-04T00:55:58.7929269Z (node:2178) [DEP0040] DeprecationWarning: The `punycode` module is deprecated. Please use a userland alternative instead.
2026-10-04T00:55:58.7929644Z (Use `node --trace-deprecation ...` to show where the warning was created)
2026-10-04T00:55:58.7982354Z With the provided path, there will be 25 files uploaded
2026-10-04T00:55:58.7995385Z Artifact name is valid!
2026-10-04T00:55:58.7995626Z Root directory input is valid!
2026-10-04T00:55:59.0516314Z Beginning upload of artifact content to blob storage
2026-10-04T00:55:59.0968615Z (node:2178) [DEP0169] DeprecationWarning: `url.parse()` behavior is not standardized and prone to errors that have security implications. Use the WHATWG URL API instead. CVEs are not issued for `url.parse()` vulnerabilities.
2026-10-04T00:55:59.5458659Z Uploaded bytes 8388608
2026-10-04T00:55:59.5990742Z Uploaded bytes 9460081
2026-10-04T00:55:59.6390087Z Finished uploading artifact content to blob storage!
2026-10-04T00:55:59.6390648Z SHA256 digest of uploaded artifact zip is 128ee1a71fb1d121aa0d8c2721c0b162f2eb111db7a78396508cfc2089037e1a
2026-10-04T00:55:59.6391717Z Finalizing artifact upload
2026-10-04T00:55:59.8766982Z Artifact fragmented-chase-exhaustion-v22-dev-4.zip successfully finalized. Artifact ID 11289079626
2026-10-04T00:55:59.8767439Z Artifact fragmented-chase-exhaustion-v22-dev-4 has been successfully uploaded! Final size is 9460081 bytes. Artifact ID is 11289079626
2026-10-04T00:55:59.8771100Z Artifact download URL: https://github.com/duuu-hub/bb-scanner/actions/runs/37166361208/artifacts/11289079626
2026-10-04T00:55:59.8894059Z Post job cleanup.
2026-10-04T00:55:59.9534210Z Cache hit occurred on the primary key fragmented-chase-exhaustion-v22-dev-1m-shard-4, not saving cache.
2026-10-04T00:55:59.9535266Z (node:2190) [DEP0040] DeprecationWarning: The `punycode` module is deprecated. Please use a userland alternative instead.
2026-10-04T00:55:59.9535807Z (Use `node --trace-deprecation ...` to show where the warning was created)
2026-10-04T00:55:59.9608597Z Post job cleanup.
2026-10-04T00:56:00.0250789Z Cache hit occurred on the primary key frozen-source-36095439671-15m-shard-4, not saving cache.
2026-10-04T00:56:00.0251661Z (node:2198) [DEP0040] DeprecationWarning: The `punycode` module is deprecated. Please use a userland alternative instead.
2026-10-04T00:56:00.0252019Z (Use `node --trace-deprecation ...` to show where the warning was created)
2026-10-04T00:56:00.0340076Z Post job cleanup.
2026-10-04T00:56:00.1045771Z (node:2206) [DEP0040] DeprecationWarning: The `punycode` module is deprecated. Please use a userland alternative instead.
2026-10-04T00:56:00.1114536Z (Use `node --trace-deprecation ...` to show where the warning was created)
2026-10-04T00:56:00.1158476Z Post job cleanup.
2026-10-04T00:56:00.1682642Z [command]/usr/bin/git version
2026-10-04T00:56:00.1715531Z git version 2.55.0
2026-10-04T00:56:00.1739396Z Temporarily overriding HOME='/home/runner/work/_temp/72cdc8db-04ae-49b4-b443-fb757a49aa01' before making global git config changes
2026-10-04T00:56:00.1739886Z Adding repository directory to the temporary git global config as a safe directory
2026-10-04T00:56:00.1742956Z [command]/usr/bin/git config --global --add safe.directory /home/runner/work/bb-scanner/bb-scanner
2026-10-04T00:56:00.1772107Z [command]/usr/bin/git config --local --name-only --get-regexp core\.sshCommand
2026-10-04T00:56:00.1806905Z [command]/usr/bin/git submodule foreach --recursive sh -c "git config --local --name-only --get-regexp 'core\.sshCommand' && git config --local --unset-all 'core.sshCommand' || :"
2026-10-04T00:56:00.2059568Z [command]/usr/bin/git config --local --name-only --get-regexp http\.https\:\/\/github\.com\/\.extraheader
2026-10-04T00:56:00.2105326Z http.https://github.com/.extraheader
2026-10-04T00:56:00.2107022Z [command]/usr/bin/git config --local --unset-all http.https://github.com/.extraheader
2026-10-04T00:56:00.2141505Z [command]/usr/bin/git submodule foreach --recursive sh -c "git config --local --name-only --get-regexp 'http\.https\:\/\/github\.com\/\.extraheader' && git config --local --unset-all 'http.https://github.com/.extraheader' || :"
2026-10-04T00:56:00.2391715Z [command]/usr/bin/git config --local --name-only --get-regexp ^includeIf\.gitdir:
2026-10-04T00:56:00.2424712Z [command]/usr/bin/git submodule foreach --recursive git config --local --show-origin --name-only --get-regexp remote.origin.url
2026-10-04T00:56:00.2695664Z Cleaning up orphan processes
2026-10-04T00:56:00.2872188Z ##[warning]Node.js 20 is deprecated. The following actions target Node.js 20 but are being forced to run on Node.js 24: actions/cache@v4, actions/checkout@v4, actions/setup-python@v5, actions/upload-artifact@v4. For more information see: https://github.blog/changelog/2025-09-19-deprecation-of-node-20-on-github-actions-runners/
