2026-10-01T21:33:28.9173995Z Current runner version: '2.337.0'
2026-10-01T21:33:28.9201373Z ##[group]Runner Image Provisioner
2026-10-01T21:33:28.9202307Z Hosted Compute Agent
2026-10-01T21:33:28.9203053Z Version: 20260901.588
2026-10-01T21:33:28.9203732Z Commit: f88ec8081b781fac6c440065ac7ff9e710ce3d0b
2026-10-01T21:33:28.9204541Z Build Date: 2026-09-01T19:56:44Z
2026-10-01T21:33:28.9205332Z Worker ID: {376d11ad-00b8-4cb5-a09c-1343f4d148df}
2026-10-01T21:33:28.9206093Z Azure Region: centralus
2026-10-01T21:33:28.9206757Z ##[endgroup]
2026-10-01T21:33:28.9208180Z ##[group]Operating System
2026-10-01T21:33:28.9208811Z Ubuntu
2026-10-01T21:33:28.9209548Z 24.04.5
2026-10-01T21:33:28.9210114Z LTS
2026-10-01T21:33:28.9210958Z ##[endgroup]
2026-10-01T21:33:28.9211623Z ##[group]Runner Image
2026-10-01T21:33:28.9212240Z Image: ubuntu-24.04
2026-10-01T21:33:28.9212958Z Version: 20260927.320.1
2026-10-01T21:33:28.9214313Z Included Software: https://github.com/actions/runner-images/blob/ubuntu24/20260927.320/images/ubuntu/Ubuntu2404-Readme.md
2026-10-01T21:33:28.9216088Z Image Release: https://github.com/actions/runner-images/releases/tag/ubuntu24%2F20260927.320
2026-10-01T21:33:28.9217070Z ##[endgroup]
2026-10-01T21:33:28.9218461Z ##[group]GITHUB_TOKEN Permissions
2026-10-01T21:33:28.9221980Z Actions: read
2026-10-01T21:33:28.9222720Z Contents: read
2026-10-01T21:33:28.9223329Z Metadata: read
2026-10-01T21:33:28.9223985Z ##[endgroup]
2026-10-01T21:33:28.9226602Z Secret source: Actions
2026-10-01T21:33:28.9227680Z Cache mode: write
2026-10-01T21:33:28.9228721Z Prepare workflow directory
2026-10-01T21:33:28.9582890Z Prepare all required actions
2026-10-01T21:33:28.9636171Z Getting action download info
2026-10-01T21:33:29.2280123Z Download action repository 'actions/checkout@v4' (SHA:11d5960a326750d5838078e36cf38b85af677262)
2026-10-01T21:33:29.3273899Z Download action repository 'actions/setup-python@v5' (SHA:a26af69be951a213d495a4c3e4e4022e16d87065)
2026-10-01T21:33:29.5793475Z Download action repository 'actions/upload-artifact@v4' (SHA:ea165f8d65b6e75b540449e92b4886f43607fa02)
2026-10-01T21:33:29.7991041Z Complete job name: validate
2026-10-01T21:33:29.8772743Z ##[group]Run actions/checkout@v4
2026-10-01T21:33:29.8773606Z with:
2026-10-01T21:33:29.8774073Z   repository: duuu-hub/bb-scanner
2026-10-01T21:33:29.8778112Z   token: ***
2026-10-01T21:33:29.8778570Z   ssh-strict: true
2026-10-01T21:33:29.8779023Z   ssh-user: git
2026-10-01T21:33:29.8779483Z   persist-credentials: true
2026-10-01T21:33:29.8779989Z   clean: true
2026-10-01T21:33:29.8780441Z   sparse-checkout-cone-mode: true
2026-10-01T21:33:29.8781194Z   fetch-depth: 1
2026-10-01T21:33:29.8781628Z   fetch-tags: false
2026-10-01T21:33:29.8782082Z   show-progress: true
2026-10-01T21:33:29.8782538Z   lfs: false
2026-10-01T21:33:29.8782951Z   submodules: false
2026-10-01T21:33:29.8783415Z   set-safe-directory: true
2026-10-01T21:33:29.8783926Z   allow-unsafe-pr-checkout: false
2026-10-01T21:33:29.8784642Z ##[endgroup]
2026-10-01T21:33:29.9909169Z Syncing repository: duuu-hub/bb-scanner
2026-10-01T21:33:29.9912809Z ##[group]Getting Git version info
2026-10-01T21:33:29.9914554Z Working directory is '/home/runner/work/bb-scanner/bb-scanner'
2026-10-01T21:33:29.9916706Z [command]/usr/bin/git version
2026-10-01T21:33:30.0028220Z git version 2.55.0
2026-10-01T21:33:30.0052593Z ##[endgroup]
2026-10-01T21:33:30.0069938Z Temporarily overriding HOME='/home/runner/work/_temp/c8ee9ddb-fd4f-4670-8666-9066df996e02' before making global git config changes
2026-10-01T21:33:30.0072426Z Adding repository directory to the temporary git global config as a safe directory
2026-10-01T21:33:30.0077411Z [command]/usr/bin/git config --global --add safe.directory /home/runner/work/bb-scanner/bb-scanner
2026-10-01T21:33:30.0136137Z Deleting the contents of '/home/runner/work/bb-scanner/bb-scanner'
2026-10-01T21:33:30.0141748Z ##[group]Initializing the repository
2026-10-01T21:33:30.0147021Z [command]/usr/bin/git init /home/runner/work/bb-scanner/bb-scanner
2026-10-01T21:33:30.0247714Z hint: Using 'master' as the name for the initial branch. This default branch name
2026-10-01T21:33:30.0251228Z hint: will change to "main" in Git 3.0. To configure the initial branch name
2026-10-01T21:33:30.0252777Z hint: to use in all of your new repositories, which will suppress this warning,
2026-10-01T21:33:30.0253961Z hint: call:
2026-10-01T21:33:30.0254565Z hint:
2026-10-01T21:33:30.0255359Z hint: 	git config --global init.defaultBranch <name>
2026-10-01T21:33:30.0256282Z hint:
2026-10-01T21:33:30.0257201Z hint: Names commonly chosen instead of 'master' are 'main', 'trunk' and
2026-10-01T21:33:30.0258622Z hint: 'development'. The just-created branch can be renamed via this command:
2026-10-01T21:33:30.0259743Z hint:
2026-10-01T21:33:30.0260415Z hint: 	git branch -m <name>
2026-10-01T21:33:30.0261330Z hint:
2026-10-01T21:33:30.0262305Z hint: Disable this message with "git config set advice.defaultBranchName false"
2026-10-01T21:33:30.0263938Z Initialized empty Git repository in /home/runner/work/bb-scanner/bb-scanner/.git/
2026-10-01T21:33:30.0266600Z [command]/usr/bin/git remote add origin https://github.com/duuu-hub/bb-scanner
2026-10-01T21:33:30.0326221Z ##[endgroup]
2026-10-01T21:33:30.0327464Z ##[group]Disabling automatic garbage collection
2026-10-01T21:33:30.0332337Z [command]/usr/bin/git config --local gc.auto 0
2026-10-01T21:33:30.0372078Z ##[endgroup]
2026-10-01T21:33:30.0373268Z ##[group]Setting up auth
2026-10-01T21:33:30.0382128Z [command]/usr/bin/git config --local --name-only --get-regexp core\.sshCommand
2026-10-01T21:33:30.0421295Z [command]/usr/bin/git submodule foreach --recursive sh -c "git config --local --name-only --get-regexp 'core\.sshCommand' && git config --local --unset-all 'core.sshCommand' || :"
2026-10-01T21:33:30.0839325Z [command]/usr/bin/git config --local --name-only --get-regexp http\.https\:\/\/github\.com\/\.extraheader
2026-10-01T21:33:30.0890269Z [command]/usr/bin/git submodule foreach --recursive sh -c "git config --local --name-only --get-regexp 'http\.https\:\/\/github\.com\/\.extraheader' && git config --local --unset-all 'http.https://github.com/.extraheader' || :"
2026-10-01T21:33:30.1172080Z [command]/usr/bin/git config --local --name-only --get-regexp ^includeIf\.gitdir:
2026-10-01T21:33:30.1212945Z [command]/usr/bin/git submodule foreach --recursive git config --local --show-origin --name-only --get-regexp remote.origin.url
2026-10-01T21:33:30.1465244Z [command]/usr/bin/git config --local http.https://github.com/.extraheader AUTHORIZATION: basic ***
2026-10-01T21:33:30.1516692Z ##[endgroup]
2026-10-01T21:33:30.1517944Z ##[group]Fetching the repository
2026-10-01T21:33:30.1528890Z [command]/usr/bin/git -c protocol.version=2 fetch --no-tags --prune --no-recurse-submodules --depth=1 origin +c049138866f628bb2de891b81a77b133de13359d:refs/remotes/origin/research-premium-absorption-v8
2026-10-01T21:33:31.3752556Z From https://github.com/duuu-hub/bb-scanner
2026-10-01T21:33:31.3755433Z  * [new ref]         c049138866f628bb2de891b81a77b133de13359d -> origin/research-premium-absorption-v8
2026-10-01T21:33:31.3760622Z ##[endgroup]
2026-10-01T21:33:31.3762222Z ##[group]Determining the checkout info
2026-10-01T21:33:31.3763716Z ##[endgroup]
2026-10-01T21:33:31.3768165Z [command]/usr/bin/git sparse-checkout disable
2026-10-01T21:33:31.3832628Z [command]/usr/bin/git config --local --unset-all extensions.worktreeConfig
2026-10-01T21:33:31.3871282Z ##[group]Checking out the ref
2026-10-01T21:33:31.3877806Z [command]/usr/bin/git checkout --progress --force -B research-premium-absorption-v8 refs/remotes/origin/research-premium-absorption-v8
2026-10-01T21:33:31.6192311Z Switched to a new branch 'research-premium-absorption-v8'
2026-10-01T21:33:31.6194895Z branch 'research-premium-absorption-v8' set up to track 'origin/research-premium-absorption-v8'.
2026-10-01T21:33:31.6207374Z ##[endgroup]
2026-10-01T21:33:31.6258134Z [command]/usr/bin/git log -1 --format=%H
2026-10-01T21:33:31.6287643Z c049138866f628bb2de891b81a77b133de13359d
2026-10-01T21:33:31.6671068Z ##[group]Run actions/setup-python@v5
2026-10-01T21:33:31.6672392Z with:
2026-10-01T21:33:31.6673611Z   python-version: 3.12
2026-10-01T21:33:31.6674720Z   check-latest: false
2026-10-01T21:33:31.6683214Z   token: ***
2026-10-01T21:33:31.6684276Z   update-environment: true
2026-10-01T21:33:31.6685429Z   allow-prereleases: false
2026-10-01T21:33:31.6686558Z   freethreaded: false
2026-10-01T21:33:31.6687616Z ##[endgroup]
2026-10-01T21:33:31.8183680Z ##[group]Installed versions
2026-10-01T21:33:31.9785865Z (node:2292) [DEP0040] DeprecationWarning: The `punycode` module is deprecated. Please use a userland alternative instead.
2026-10-01T21:33:31.9787267Z (Use `node --trace-deprecation ...` to show where the warning was created)
2026-10-01T21:33:31.9788249Z Successfully set up CPython (3.12.14)
2026-10-01T21:33:31.9789226Z ##[endgroup]
2026-10-01T21:33:32.0012957Z ##[group]Run pip install pandas==2.3.3 numpy==2.3.3 numba==0.62.1
2026-10-01T21:33:32.0013877Z [36;1mpip install pandas==2.3.3 numpy==2.3.3 numba==0.62.1[0m
2026-10-01T21:33:32.0459342Z shell: /usr/bin/bash -e {0}
2026-10-01T21:33:32.0459788Z env:
2026-10-01T21:33:32.0460163Z   pythonLocation: /opt/hostedtoolcache/Python/3.12.14/x64
2026-10-01T21:33:32.0460937Z   PKG_CONFIG_PATH: /opt/hostedtoolcache/Python/3.12.14/x64/lib/pkgconfig
2026-10-01T21:33:32.0461442Z   Python_ROOT_DIR: /opt/hostedtoolcache/Python/3.12.14/x64
2026-10-01T21:33:32.0461887Z   Python2_ROOT_DIR: /opt/hostedtoolcache/Python/3.12.14/x64
2026-10-01T21:33:32.0462324Z   Python3_ROOT_DIR: /opt/hostedtoolcache/Python/3.12.14/x64
2026-10-01T21:33:32.0462771Z   LD_LIBRARY_PATH: /opt/hostedtoolcache/Python/3.12.14/x64/lib
2026-10-01T21:33:32.0463186Z ##[endgroup]
2026-10-01T21:33:37.7142770Z Collecting pandas==2.3.3
2026-10-01T21:33:37.7825735Z   Downloading pandas-2.3.3-cp312-cp312-manylinux_2_24_x86_64.manylinux_2_28_x86_64.whl.metadata (91 kB)
2026-10-01T21:33:38.0704996Z Collecting numpy==2.3.3
2026-10-01T21:33:38.0816244Z   Downloading numpy-2.3.3-cp312-cp312-manylinux_2_27_x86_64.manylinux_2_28_x86_64.whl.metadata (62 kB)
2026-10-01T21:33:38.2071040Z Collecting numba==0.62.1
2026-10-01T21:33:38.2198247Z   Downloading numba-0.62.1-cp312-cp312-manylinux2014_x86_64.manylinux_2_17_x86_64.whl.metadata (2.8 kB)
2026-10-01T21:33:38.2428267Z Collecting python-dateutil>=2.8.2 (from pandas==2.3.3)
2026-10-01T21:33:38.2533104Z   Downloading python_dateutil-2.9.0.post0-py2.py3-none-any.whl.metadata (8.4 kB)
2026-10-01T21:33:38.2985608Z Collecting pytz>=2020.1 (from pandas==2.3.3)
2026-10-01T21:33:38.3101161Z   Downloading pytz-2026.4-py2.py3-none-any.whl.metadata (22 kB)
2026-10-01T21:33:38.3348261Z Collecting tzdata>=2022.7 (from pandas==2.3.3)
2026-10-01T21:33:38.3455125Z   Downloading tzdata-2026.4-py2.py3-none-any.whl.metadata (1.4 kB)
2026-10-01T21:33:38.4097574Z Collecting llvmlite<0.46,>=0.45.0dev0 (from numba==0.62.1)
2026-10-01T21:33:38.4222069Z   Downloading llvmlite-0.45.1-cp312-cp312-manylinux2014_x86_64.manylinux_2_17_x86_64.whl.metadata (4.9 kB)
2026-10-01T21:33:38.4466730Z Collecting six>=1.5 (from python-dateutil>=2.8.2->pandas==2.3.3)
2026-10-01T21:33:38.4576492Z   Downloading six-1.17.0-py2.py3-none-any.whl.metadata (1.7 kB)
2026-10-01T21:33:38.4723650Z Downloading pandas-2.3.3-cp312-cp312-manylinux_2_24_x86_64.manylinux_2_28_x86_64.whl (12.4 MB)
2026-10-01T21:33:38.8949256Z    ━━━━━━━━━━━━━━━━━━━━━━━━━━━━━━━━━━━━━━━━ 12.4/12.4 MB 31.0 MB/s  0:00:00
2026-10-01T21:33:38.9058064Z Downloading numpy-2.3.3-cp312-cp312-manylinux_2_27_x86_64.manylinux_2_28_x86_64.whl (16.6 MB)
2026-10-01T21:33:39.0899904Z    ━━━━━━━━━━━━━━━━━━━━━━━━━━━━━━━━━━━━━━━━ 16.6/16.6 MB 90.8 MB/s  0:00:00
2026-10-01T21:33:39.1034794Z Downloading numba-0.62.1-cp312-cp312-manylinux2014_x86_64.manylinux_2_17_x86_64.whl (3.8 MB)
2026-10-01T21:33:39.1312088Z    ━━━━━━━━━━━━━━━━━━━━━━━━━━━━━━━━━━━━━━━━ 3.8/3.8 MB 145.1 MB/s  0:00:00
2026-10-01T21:33:39.1435454Z Downloading llvmlite-0.45.1-cp312-cp312-manylinux2014_x86_64.manylinux_2_17_x86_64.whl (56.3 MB)
2026-10-01T21:33:39.3777955Z    ━━━━━━━━━━━━━━━━━━━━━━━━━━━━━━━━━━━━━━━━ 56.3/56.3 MB 242.7 MB/s  0:00:00
2026-10-01T21:33:39.3891112Z Downloading python_dateutil-2.9.0.post0-py2.py3-none-any.whl (229 kB)
2026-10-01T21:33:39.4023027Z Downloading pytz-2026.4-py2.py3-none-any.whl (506 kB)
2026-10-01T21:33:39.4160332Z Downloading six-1.17.0-py2.py3-none-any.whl (11 kB)
2026-10-01T21:33:39.4282597Z Downloading tzdata-2026.4-py2.py3-none-any.whl (347 kB)
2026-10-01T21:33:39.9168477Z Installing collected packages: pytz, tzdata, six, numpy, llvmlite, python-dateutil, numba, pandas
2026-10-01T21:33:50.8436775Z 
2026-10-01T21:33:50.8452054Z Successfully installed llvmlite-0.45.1 numba-0.62.1 numpy-2.3.3 pandas-2.3.3 python-dateutil-2.9.0.post0 pytz-2026.4 six-1.17.0 tzdata-2026.4
2026-10-01T21:33:50.9565056Z ##[group]Run set -euo pipefail
2026-10-01T21:33:50.9565459Z [36;1mset -euo pipefail[0m
2026-10-01T21:33:50.9566261Z [36;1mpython -m py_compile scripts/premium_absorption_v8.py scripts/premium_index_archive.py scripts/official_minute_provenance.py scripts/day_edge_canonical.py scripts/research_evidence_archive.py[0m
2026-10-01T21:33:50.9567093Z [36;1mpython - <<'PY'[0m
2026-10-01T21:33:50.9567351Z [36;1mimport json[0m
2026-10-01T21:33:50.9567690Z [36;1mp='research/premium-absorption-v8/FROZEN_INPUT_HASHES.json'[0m
2026-10-01T21:33:50.9568078Z [36;1md=json.load(open(p))[0m
2026-10-01T21:33:50.9568361Z [36;1massert d['source_data_run']==36095439671[0m
2026-10-01T21:33:50.9568704Z [36;1massert len(d['expected_csv_sha256'])==256[0m
2026-10-01T21:33:50.9569099Z [36;1massert all(len(k)==64 for k in d['expected_csv_sha256'].values())[0m
2026-10-01T21:33:50.9569561Z [36;1mprint('FROZEN_INPUT_BASELINE_PASS',len(d['expected_csv_sha256']))[0m
2026-10-01T21:33:50.9569972Z [36;1mPY[0m
2026-10-01T21:33:50.9570417Z [36;1mpython -m unittest discover -s tests -p test_premium_absorption_v8.py -v 2>&1 | tee premium-tests.log[0m
2026-10-01T21:33:50.9571422Z [36;1mpython -m unittest discover -s tests -p test_funding_crowding_v7.py -v 2>&1 | tee funding-regression-tests.log[0m
2026-10-01T21:33:50.9571947Z [36;1m[0m
2026-10-01T21:33:50.9572354Z [36;1mpython -m unittest discover -s tests -p test_btc_factor_lag_v6.py -v 2>&1 | tee factor-tests.log[0m
2026-10-01T21:33:50.9573143Z [36;1mpython -m unittest discover -s tests -p test_liquidity_sweep_v5.py -v 2>&1 | tee minute-provenance-regressions.log[0m
2026-10-01T21:33:50.9573910Z [36;1mpython -m unittest discover -s tests -p test_research_evidence_archive.py -v 2>&1 | tee evidence-tests.log[0m
2026-10-01T21:33:50.9574635Z [36;1mpython -m unittest discover -s tests -p test_shock_confirmation_v3.py -v 2>&1 | tee legacy-confirm-tests.log[0m
2026-10-01T21:33:50.9575340Z [36;1mpython -m unittest discover -s tests -p test_day_edge_canonical.py -v 2>&1 | tee canonical-tests.log[0m
2026-10-01T21:33:50.9575976Z [36;1mpython -m unittest discover -s tests -p test_day_edge_lab.py -v 2>&1 | tee scout-tests.log[0m
2026-10-01T21:33:50.9576630Z [36;1mpython -m unittest discover -s tests -p test_relative_pullback_v1.py -v 2>&1 | tee account-tests.log[0m
2026-10-01T21:33:50.9577225Z [36;1mpython scripts/psar_chronology_smoke.py | tee chronology-smoke.log[0m
2026-10-01T21:33:50.9655505Z shell: /usr/bin/bash --noprofile --norc -e -o pipefail {0}
2026-10-01T21:33:50.9655961Z env:
2026-10-01T21:33:50.9656358Z   pythonLocation: /opt/hostedtoolcache/Python/3.12.14/x64
2026-10-01T21:33:50.9657087Z   PKG_CONFIG_PATH: /opt/hostedtoolcache/Python/3.12.14/x64/lib/pkgconfig
2026-10-01T21:33:50.9657749Z   Python_ROOT_DIR: /opt/hostedtoolcache/Python/3.12.14/x64
2026-10-01T21:33:50.9658403Z   Python2_ROOT_DIR: /opt/hostedtoolcache/Python/3.12.14/x64
2026-10-01T21:33:50.9659004Z   Python3_ROOT_DIR: /opt/hostedtoolcache/Python/3.12.14/x64
2026-10-01T21:33:50.9659670Z   LD_LIBRARY_PATH: /opt/hostedtoolcache/Python/3.12.14/x64/lib
2026-10-01T21:33:50.9660209Z ##[endgroup]
2026-10-01T21:33:51.0572062Z FROZEN_INPUT_BASELINE_PASS 256
2026-10-01T21:33:52.9006008Z test_404_checksum_failure_and_transient_are_not_zero_imputed (test_premium_absorption_v8.ArchiveTests.test_404_checksum_failure_and_transient_are_not_zero_imputed) ... ok
2026-10-01T21:33:52.9273155Z test_each_verified_cache_component_corruption_fails_without_redownload (test_premium_absorption_v8.ArchiveTests.test_each_verified_cache_component_corruption_fails_without_redownload) ... ok
2026-10-01T21:33:52.9365719Z test_exact_alignment_missing_month_and_stage_cut (test_premium_absorption_v8.ArchiveTests.test_exact_alignment_missing_month_and_stage_cut) ... ok
2026-10-01T21:33:52.9376716Z test_future_premium_cannot_change_prior_alignment (test_premium_absorption_v8.ArchiveTests.test_future_premium_cannot_change_prior_alignment) ... ok
2026-10-01T21:33:52.9499781Z test_invalid_width_header_timestamp_geometry_and_values_fail (test_premium_absorption_v8.ArchiveTests.test_invalid_width_header_timestamp_geometry_and_values_fail) ... ok
2026-10-01T21:33:52.9512764Z test_load_symbol_includes_previous_month_but_never_future_stage (test_premium_absorption_v8.ArchiveTests.test_load_symbol_includes_previous_month_but_never_future_stage) ... ok
2026-10-01T21:33:52.9586946Z test_original_checksum_npz_and_verified_cache_are_immutable (test_premium_absorption_v8.ArchiveTests.test_original_checksum_npz_and_verified_cache_are_immutable) ... ok
2026-10-01T21:33:52.9641461Z test_signed_header_and_headerless_arrays_agree (test_premium_absorption_v8.ArchiveTests.test_signed_header_and_headerless_arrays_agree) ... ok
2026-10-01T21:33:52.9714924Z test_current_and_future_price_cannot_change_prior_baselines (test_premium_absorption_v8.EconomicTests.test_current_and_future_price_cannot_change_prior_baselines) ... ok
2026-10-01T21:33:52.9716937Z test_entry_gap_floor_overwide_stop_and_path_gap_are_explicit (test_premium_absorption_v8.EconomicTests.test_entry_gap_floor_overwide_stop_and_path_gap_are_explicit) ... ok
2026-10-01T21:33:52.9718774Z test_fixed_intent_cooldown_not_future_exit (test_premium_absorption_v8.EconomicTests.test_fixed_intent_cooldown_not_future_exit) ... ok
2026-10-01T21:33:52.9751899Z test_flow_volume_price_and_btc_filters (test_premium_absorption_v8.EconomicTests.test_flow_volume_price_and_btc_filters) ... ok
2026-10-01T21:33:52.9753748Z test_mirrored_signed_dislocation_and_normalization (test_premium_absorption_v8.EconomicTests.test_mirrored_signed_dislocation_and_normalization) ... ok
2026-10-01T21:33:52.9755539Z test_missing_or_noncontiguous_premium_invalidates_signal (test_premium_absorption_v8.EconomicTests.test_missing_or_noncontiguous_premium_invalidates_signal) ... ok
2026-10-01T21:33:52.9757262Z test_next_open_actual_risk_priority_and_future_ohlc_independence (test_premium_absorption_v8.EconomicTests.test_next_open_actual_risk_priority_and_future_ohlc_independence) ... ok
2026-10-01T21:33:52.9759175Z test_normalization_magnitude_and_direction_are_hard_filters (test_premium_absorption_v8.EconomicTests.test_normalization_magnitude_and_direction_are_hard_filters) ... ok
2026-10-01T21:33:52.9760958Z test_shared_resolver_tp_and_exclusion (test_premium_absorption_v8.EconomicTests.test_shared_resolver_tp_and_exclusion) ... ok
2026-10-01T21:33:52.9762452Z test_sixteen_entries_ninety_six_policies (test_premium_absorption_v8.EconomicTests.test_sixteen_entries_ninety_six_policies) ... ok
2026-10-01T21:33:53.2226893Z test_2022_and_2023_price_and_r_still_hard_gates (test_premium_absorption_v8.SelectionTests.test_2022_and_2023_price_and_r_still_hard_gates) ... PREMIUM_SELECT {"status": "NO_DEVELOPMENT_POLICY_SURVIVOR", "cells_examined": 96, "selected": [], "policies": [], "union_name": "PREMIUM_ABSORPTION_UNION", "premium_coverage": {"passed": true, "minimum_fraction": 0.95, "years": {"2021": {"eligible": 800, "known": 760, "unavailable": 40, "fraction": 0.95}, "2022": {"eligible": 800, "known": 760, "unavailable": 40, "fraction": 0.95}, "2023": {"eligible": 800, "known": 760, "unavailable": 40, "fraction": 0.95}}, "symbols": 8}, "note": "Independent overlapping policies and active-entry-date means are diagnostics, not account profits."}
2026-10-01T21:33:53.4497132Z PREMIUM_SELECT {"status": "NO_DEVELOPMENT_POLICY_SURVIVOR", "cells_examined": 96, "selected": [], "policies": [], "union_name": "PREMIUM_ABSORPTION_UNION", "premium_coverage": {"passed": true, "minimum_fraction": 0.95, "years": {"2021": {"eligible": 800, "known": 760, "unavailable": 40, "fraction": 0.95}, "2022": {"eligible": 800, "known": 760, "unavailable": 40, "fraction": 0.95}, "2023": {"eligible": 800, "known": 760, "unavailable": 40, "fraction": 0.95}}, "symbols": 8}, "note": "Independent overlapping policies and active-entry-date means are diagnostics, not account profits."}
2026-10-01T21:33:53.6792865Z PREMIUM_SELECT {"status": "NO_DEVELOPMENT_POLICY_SURVIVOR", "cells_examined": 96, "selected": [], "policies": [], "union_name": "PREMIUM_ABSORPTION_UNION", "premium_coverage": {"passed": true, "minimum_fraction": 0.95, "years": {"2021": {"eligible": 800, "known": 760, "unavailable": 40, "fraction": 0.95}, "2022": {"eligible": 800, "known": 760, "unavailable": 40, "fraction": 0.95}, "2023": {"eligible": 800, "known": 760, "unavailable": 40, "fraction": 0.95}}, "symbols": 8}, "note": "Independent overlapping policies and active-entry-date means are diagnostics, not account profits."}
2026-10-01T21:33:53.9056902Z PREMIUM_SELECT {"status": "NO_DEVELOPMENT_POLICY_SURVIVOR", "cells_examined": 96, "selected": [], "policies": [], "union_name": "PREMIUM_ABSORPTION_UNION", "premium_coverage": {"passed": true, "minimum_fraction": 0.95, "years": {"2021": {"eligible": 800, "known": 760, "unavailable": 40, "fraction": 0.95}, "2022": {"eligible": 800, "known": 760, "unavailable": 40, "fraction": 0.95}, "2023": {"eligible": 800, "known": 760, "unavailable": 40, "fraction": 0.95}}, "symbols": 8}, "note": "Independent overlapping policies and active-entry-date means are diagnostics, not account profits."}
2026-10-01T21:33:53.9077792Z ok
2026-10-01T21:33:54.1370191Z test_95percent_three_year_coverage_and_all96cells (test_premium_absorption_v8.SelectionTests.test_95percent_three_year_coverage_and_all96cells) ... PREMIUM_SELECT {"status": "ACCOUNT_REPLAY_REQUIRED", "cells_examined": 96, "selected": [{"key": "PREMIUM_S+1_P5_N1_ANY", "side": 1, "threshold": 0.0005, "lookback": 1, "btc": "ANY", "hold": 24, "exit_type": "TP2", "policy": "PREMIUM_S+1_P5_N1_ANY__H24__TP2", "development_net40_R": 0.5, "development_worst_year_day_R": 0.5}], "policies": [{"key": "PREMIUM_S+1_P5_N1_ANY", "side": 1, "threshold": 0.0005, "lookback": 1, "btc": "ANY", "hold": 24, "exit_type": "TP2", "policy": "PREMIUM_S+1_P5_N1_ANY__H24__TP2", "development_net40_R": 0.5, "development_worst_year_day_R": 0.5}], "union_name": "PREMIUM_ABSORPTION_UNION", "premium_coverage": {"passed": true, "minimum_fraction": 0.95, "years": {"2021": {"eligible": 800, "known": 760, "unavailable": 40, "fraction": 0.95}, "2022": {"eligible": 800, "known": 760, "unavailable": 40, "fraction": 0.95}, "2023": {"eligible": 800, "known": 760, "unavailable": 40, "fraction": 0.95}}, "symbols": 8}, "note": "Independent overlapping policies and active-entry-date means are diagnostics, not account profits."}
2026-10-01T21:33:54.1401818Z ok
2026-10-01T21:33:54.3665873Z test_below_coverage_is_input_failure_not_alpha (test_premium_absorption_v8.SelectionTests.test_below_coverage_is_input_failure_not_alpha) ... PREMIUM_SELECT {"status": "SOURCE_COVERAGE_INSUFFICIENT", "cells_examined": 96, "selected": [], "policies": [], "union_name": "PREMIUM_ABSORPTION_UNION", "premium_coverage": {"passed": false, "minimum_fraction": 0.95, "years": {"2021": {"eligible": 800, "known": 752, "unavailable": 48, "fraction": 0.94}, "2022": {"eligible": 800, "known": 752, "unavailable": 48, "fraction": 0.94}, "2023": {"eligible": 800, "known": 752, "unavailable": 48, "fraction": 0.94}}, "symbols": 8}, "note": "Independent overlapping policies and active-entry-date means are diagnostics, not account profits."}
2026-10-01T21:33:54.3683315Z ok
2026-10-01T21:33:54.5827005Z test_duplicate_coverage_symbol_and_empty_cells (test_premium_absorption_v8.SelectionTests.test_duplicate_coverage_symbol_and_empty_cells) ... PREMIUM_SELECT {"status": "NO_DEVELOPMENT_POLICY_SURVIVOR", "cells_examined": 96, "selected": [], "policies": [], "union_name": "PREMIUM_ABSORPTION_UNION", "premium_coverage": {"passed": true, "minimum_fraction": 0.95, "years": {"2021": {"eligible": 800, "known": 760, "unavailable": 40, "fraction": 0.95}, "2022": {"eligible": 800, "known": 760, "unavailable": 40, "fraction": 0.95}, "2023": {"eligible": 800, "known": 760, "unavailable": 40, "fraction": 0.95}}, "symbols": 8}, "note": "Independent overlapping policies and active-entry-date means are diagnostics, not account profits."}
2026-10-01T21:33:54.5857553Z ok
2026-10-01T21:33:54.8104381Z test_partial2021_price_r_date_and_frequency_are_hard_gates (test_premium_absorption_v8.SelectionTests.test_partial2021_price_r_date_and_frequency_are_hard_gates) ... PREMIUM_SELECT {"status": "NO_DEVELOPMENT_POLICY_SURVIVOR", "cells_examined": 96, "selected": [], "policies": [], "union_name": "PREMIUM_ABSORPTION_UNION", "premium_coverage": {"passed": true, "minimum_fraction": 0.95, "years": {"2021": {"eligible": 800, "known": 760, "unavailable": 40, "fraction": 0.95}, "2022": {"eligible": 800, "known": 760, "unavailable": 40, "fraction": 0.95}, "2023": {"eligible": 800, "known": 760, "unavailable": 40, "fraction": 0.95}}, "symbols": 8}, "note": "Independent overlapping policies and active-entry-date means are diagnostics, not account profits."}
2026-10-01T21:33:55.0371670Z PREMIUM_SELECT {"status": "NO_DEVELOPMENT_POLICY_SURVIVOR", "cells_examined": 96, "selected": [], "policies": [], "union_name": "PREMIUM_ABSORPTION_UNION", "premium_coverage": {"passed": true, "minimum_fraction": 0.95, "years": {"2021": {"eligible": 800, "known": 760, "unavailable": 40, "fraction": 0.95}, "2022": {"eligible": 800, "known": 760, "unavailable": 40, "fraction": 0.95}, "2023": {"eligible": 800, "known": 760, "unavailable": 40, "fraction": 0.95}}, "symbols": 8}, "note": "Independent overlapping policies and active-entry-date means are diagnostics, not account profits."}
2026-10-01T21:33:55.2614417Z PREMIUM_SELECT {"status": "NO_DEVELOPMENT_POLICY_SURVIVOR", "cells_examined": 96, "selected": [], "policies": [], "union_name": "PREMIUM_ABSORPTION_UNION", "premium_coverage": {"passed": true, "minimum_fraction": 0.95, "years": {"2021": {"eligible": 800, "known": 760, "unavailable": 40, "fraction": 0.95}, "2022": {"eligible": 800, "known": 760, "unavailable": 40, "fraction": 0.95}, "2023": {"eligible": 800, "known": 760, "unavailable": 40, "fraction": 0.95}}, "symbols": 8}, "note": "Independent overlapping policies and active-entry-date means are diagnostics, not account profits."}
2026-10-01T21:33:55.5078429Z PREMIUM_SELECT {"status": "NO_DEVELOPMENT_POLICY_SURVIVOR", "cells_examined": 96, "selected": [], "policies": [], "union_name": "PREMIUM_ABSORPTION_UNION", "premium_coverage": {"passed": true, "minimum_fraction": 0.95, "years": {"2021": {"eligible": 800, "known": 760, "unavailable": 40, "fraction": 0.95}, "2022": {"eligible": 800, "known": 760, "unavailable": 40, "fraction": 0.95}, "2023": {"eligible": 800, "known": 760, "unavailable": 40, "fraction": 0.95}}, "symbols": 8}, "note": "Independent overlapping policies and active-entry-date means are diagnostics, not account profits."}
2026-10-01T21:33:55.5096784Z ok
2026-10-01T21:33:55.5096985Z 
2026-10-01T21:33:55.5099581Z ----------------------------------------------------------------------
2026-10-01T21:33:55.5100204Z Ran 23 tests in 2.615s
2026-10-01T21:33:55.5100428Z 
2026-10-01T21:33:55.5100585Z OK
2026-10-01T21:33:55.9999884Z test_all_immutable_cache_components_fail_closed_without_redownload (test_funding_crowding_v7.ArchiveTests.test_all_immutable_cache_components_fail_closed_without_redownload) ... ok
2026-10-01T21:33:56.0110172Z test_invalid_timestamp_interval_and_rate_are_rejected (test_funding_crowding_v7.ArchiveTests.test_invalid_timestamp_interval_and_rate_are_rejected) ... ok
2026-10-01T21:33:56.0121289Z test_missing_archive_is_recorded_explicitly (test_funding_crowding_v7.ArchiveTests.test_missing_archive_is_recorded_explicitly) ... ok
2026-10-01T21:33:56.0162097Z test_missing_checksum_and_mismatch_preserve_raw_failure_not_zero (test_funding_crowding_v7.ArchiveTests.test_missing_checksum_and_mismatch_preserve_raw_failure_not_zero) ... ok
2026-10-01T21:33:56.0266685Z test_official_header_and_headerless_arrays_agree (test_funding_crowding_v7.ArchiveTests.test_official_header_and_headerless_arrays_agree) ... ok
2026-10-01T21:33:56.0327345Z test_original_bytes_checksum_and_verified_cache_are_preserved (test_funding_crowding_v7.ArchiveTests.test_original_bytes_checksum_and_verified_cache_are_preserved) ... ok
2026-10-01T21:33:56.0351987Z test_original_minute_archive_is_retained_and_frozen_hash_cannot_be_replaced (test_funding_crowding_v7.ArchiveTests.test_original_minute_archive_is_retained_and_frozen_hash_cannot_be_replaced) ... ok
2026-10-01T21:33:56.0364615Z test_transient_exhaustion_stops_and_keeps_downloaded_bytes (test_funding_crowding_v7.ArchiveTests.test_transient_exhaustion_stops_and_keeps_downloaded_bytes) ... ok
2026-10-01T21:33:56.0395958Z test_asof_matches_independent_record_by_record_oracle (test_funding_crowding_v7.AvailabilityTests.test_asof_matches_independent_record_by_record_oracle) ... ok
2026-10-01T21:33:56.0417676Z test_future_funding_perturbation_cannot_change_earlier_decisions (test_funding_crowding_v7.AvailabilityTests.test_future_funding_perturbation_cannot_change_earlier_decisions) ... ok
2026-10-01T21:33:56.0422330Z test_lagged_timestamp_and_variable_interval_normalization (test_funding_crowding_v7.AvailabilityTests.test_lagged_timestamp_and_variable_interval_normalization) ... ok
2026-10-01T21:33:56.0432343Z test_missing_month_cannot_carry_previous_rate_and_stale_interval_expires (test_funding_crowding_v7.AvailabilityTests.test_missing_month_cannot_carry_previous_rate_and_stale_interval_expires) ... ok
2026-10-01T21:33:56.0448085Z test_stage_end_is_physically_filtered_and_previous_month_loaded (test_funding_crowding_v7.AvailabilityTests.test_stage_end_is_physically_filtered_and_previous_month_loaded) ... ok
2026-10-01T21:33:56.0452960Z test_twentyfour_hour_interval_still_expires_after_twelve_hours (test_funding_crowding_v7.AvailabilityTests.test_twentyfour_hour_interval_still_expires_after_twelve_hours) ... ok
2026-10-01T21:33:56.0457208Z test_actual_next_open_stop_and_priority_use_available_inputs (test_funding_crowding_v7.EconomicTimingTests.test_actual_next_open_stop_and_priority_use_available_inputs) ... ok
2026-10-01T21:33:56.0464162Z test_actual_risk_tp_and_shared_canonical_exclusion (test_funding_crowding_v7.EconomicTimingTests.test_actual_risk_tp_and_shared_canonical_exclusion) ... ok
2026-10-01T21:33:56.0466404Z test_any_btc_can_be_missing_but_alignment_requires_exact_direction (test_funding_crowding_v7.EconomicTimingTests.test_any_btc_can_be_missing_but_alignment_requires_exact_direction) ... ok
2026-10-01T21:33:56.0471276Z test_entry_gap_stop_floor_and_overwide_stop_are_explicit (test_funding_crowding_v7.EconomicTimingTests.test_entry_gap_stop_floor_and_overwide_stop_are_explicit) ... ok
2026-10-01T21:33:56.0475595Z test_flow_and_reclaim_reject_their_opposite_confirmations (test_funding_crowding_v7.EconomicTimingTests.test_flow_and_reclaim_reject_their_opposite_confirmations) ... ok
2026-10-01T21:33:56.0477519Z test_intent_cooldown_uses_fixed_history_not_future_exit (test_funding_crowding_v7.EconomicTimingTests.test_intent_cooldown_uses_fixed_history_not_future_exit) ... ok
2026-10-01T21:33:56.0487942Z test_mirrored_long_negative_short_positive_with_each_confirmation (test_funding_crowding_v7.EconomicTimingTests.test_mirrored_long_negative_short_positive_with_each_confirmation) ... ok
2026-10-01T21:33:56.0489522Z test_missing_funding_is_rejected_even_if_price_and_flow_pass (test_funding_crowding_v7.EconomicTimingTests.test_missing_funding_is_rejected_even_if_price_and_flow_pass) ... ok
2026-10-01T21:33:56.0540536Z test_prior_atr_range_and_volume_exclude_current_and_future_bars (test_funding_crowding_v7.EconomicTimingTests.test_prior_atr_range_and_volume_exclude_current_and_future_bars) ... ok
2026-10-01T21:33:56.0544521Z test_sixteen_entries_and_ninety_six_unique_frozen_policies (test_funding_crowding_v7.EconomicTimingTests.test_sixteen_entries_and_ninety_six_unique_frozen_policies) ... ok
2026-10-01T21:33:56.0546026Z test_duplicate_universe_coverage_cannot_be_counted_twice (test_funding_crowding_v7.SelectionCoverageTests.test_duplicate_universe_coverage_cannot_be_counted_twice) ... ok
2026-10-01T21:33:56.2953825Z test_full96cells_and_kst_year_selection_after95percent_gate (test_funding_crowding_v7.SelectionCoverageTests.test_full96cells_and_kst_year_selection_after95percent_gate) ... FUNDING_SELECT {"status": "ACCOUNT_REPLAY_REQUIRED", "cells_examined": 96, "selected": [{"key": "FUNDING_S+1_F5_RECLAIM_ANY", "side": 1, "threshold": 0.0005, "confirmation": "RECLAIM", "btc": "ANY", "hold": 24, "exit_type": "TP2", "policy": "FUNDING_S+1_F5_RECLAIM_ANY__H24__TP2", "development_net40_R": 0.5, "development_worst_year_day_R": 0.5}], "policies": [{"key": "FUNDING_S+1_F5_RECLAIM_ANY", "side": 1, "threshold": 0.0005, "confirmation": "RECLAIM", "btc": "ANY", "hold": 24, "exit_type": "TP2", "policy": "FUNDING_S+1_F5_RECLAIM_ANY__H24__TP2", "development_net40_R": 0.5, "development_worst_year_day_R": 0.5}], "union_name": "FUNDING_UNION", "funding_coverage": {"passed": true, "minimum_fraction": 0.95, "years": {"2022": {"eligible": 800, "known": 760, "unavailable": 40, "fraction": 0.95}, "2023": {"eligible": 800, "known": 760, "unavailable": 40, "fraction": 0.95}}, "symbols": 8}, "note": "Independent overlapping policies and active-entry-date means are diagnostics, not account profits."}
2026-10-01T21:33:56.2990456Z ok
2026-10-01T21:33:56.5166294Z test_positive_results_cannot_hide_input_insufficiency (test_funding_crowding_v7.SelectionCoverageTests.test_positive_results_cannot_hide_input_insufficiency) ... FUNDING_SELECT {"status": "SOURCE_COVERAGE_INSUFFICIENT", "cells_examined": 96, "selected": [], "policies": [], "union_name": "FUNDING_UNION", "funding_coverage": {"passed": false, "minimum_fraction": 0.95, "years": {"2022": {"eligible": 800, "known": 752, "unavailable": 48, "fraction": 0.94}, "2023": {"eligible": 800, "known": 760, "unavailable": 40, "fraction": 0.95}}, "symbols": 8}, "note": "Independent overlapping policies and active-entry-date means are diagnostics, not account profits."}
2026-10-01T21:33:56.5183601Z ok
2026-10-01T21:33:56.7346220Z test_price_r_date_frequency_and_empty_cells_reject_independently (test_funding_crowding_v7.SelectionCoverageTests.test_price_r_date_frequency_and_empty_cells_reject_independently) ... FUNDING_SELECT {"status": "NO_DEVELOPMENT_POLICY_SURVIVOR", "cells_examined": 96, "selected": [], "policies": [], "union_name": "FUNDING_UNION", "funding_coverage": {"passed": true, "minimum_fraction": 0.95, "years": {"2022": {"eligible": 800, "known": 760, "unavailable": 40, "fraction": 0.95}, "2023": {"eligible": 800, "known": 760, "unavailable": 40, "fraction": 0.95}}, "symbols": 8}, "note": "Independent overlapping policies and active-entry-date means are diagnostics, not account profits."}
2026-10-01T21:33:56.9537527Z FUNDING_SELECT {"status": "NO_DEVELOPMENT_POLICY_SURVIVOR", "cells_examined": 96, "selected": [], "policies": [], "union_name": "FUNDING_UNION", "funding_coverage": {"passed": true, "minimum_fraction": 0.95, "years": {"2022": {"eligible": 800, "known": 760, "unavailable": 40, "fraction": 0.95}, "2023": {"eligible": 800, "known": 760, "unavailable": 40, "fraction": 0.95}}, "symbols": 8}, "note": "Independent overlapping policies and active-entry-date means are diagnostics, not account profits."}
2026-10-01T21:33:57.1746033Z FUNDING_SELECT {"status": "NO_DEVELOPMENT_POLICY_SURVIVOR", "cells_examined": 96, "selected": [], "policies": [], "union_name": "FUNDING_UNION", "funding_coverage": {"passed": true, "minimum_fraction": 0.95, "years": {"2022": {"eligible": 800, "known": 760, "unavailable": 40, "fraction": 0.95}, "2023": {"eligible": 800, "known": 760, "unavailable": 40, "fraction": 0.95}}, "symbols": 8}, "note": "Independent overlapping policies and active-entry-date means are diagnostics, not account profits."}
2026-10-01T21:33:57.3798129Z FUNDING_SELECT {"status": "NO_DEVELOPMENT_POLICY_SURVIVOR", "cells_examined": 96, "selected": [], "policies": [], "union_name": "FUNDING_UNION", "funding_coverage": {"passed": true, "minimum_fraction": 0.95, "years": {"2022": {"eligible": 800, "known": 760, "unavailable": 40, "fraction": 0.95}, "2023": {"eligible": 800, "known": 760, "unavailable": 40, "fraction": 0.95}}, "symbols": 8}, "note": "Independent overlapping policies and active-entry-date means are diagnostics, not account profits."}
2026-10-01T21:33:57.3828431Z ok
2026-10-01T21:33:57.3828706Z 
2026-10-01T21:33:57.3829132Z ----------------------------------------------------------------------
2026-10-01T21:33:57.3829696Z Ran 28 tests in 1.406s
2026-10-01T21:33:57.3829915Z 
2026-10-01T21:33:57.3830311Z OK
2026-10-01T21:33:57.8362410Z test_both_partial_edge_days_and_all_empty_days_count (test_btc_factor_lag_v6.AllCalendarTests.test_both_partial_edge_days_and_all_empty_days_count) ... ok
2026-10-01T21:33:57.8415367Z test_edge_day_profits_and_costs_are_retained_and_reconcile_final_equity (test_btc_factor_lag_v6.AllCalendarTests.test_edge_day_profits_and_costs_are_retained_and_reconcile_final_equity) ... ok
2026-10-01T21:33:57.8465409Z test_every_day_after_permanent_halt_remains_in_denominator (test_btc_factor_lag_v6.AllCalendarTests.test_every_day_after_permanent_halt_remains_in_denominator) ... ok
2026-10-01T21:33:57.8487313Z test_exact_kst_midnight_end_adds_no_zero_duration_date (test_btc_factor_lag_v6.AllCalendarTests.test_exact_kst_midnight_end_adds_no_zero_duration_date) ... ok
2026-10-01T21:33:57.8591435Z test_reporting_option_does_not_change_trades_cash_dd_risks_or_curve (test_btc_factor_lag_v6.AllCalendarTests.test_reporting_option_does_not_change_trades_cash_dd_risks_or_curve) ... ok
2026-10-01T21:33:57.8692291Z test_coin_gap_restarts_full_fit_history (test_btc_factor_lag_v6.FactorTimingTests.test_coin_gap_restarts_full_fit_history) ... ok
2026-10-01T21:33:57.8772655Z test_current_volatility_and_turnover_are_excluded_from_prior_baselines (test_btc_factor_lag_v6.FactorTimingTests.test_current_volatility_and_turnover_are_excluded_from_prior_baselines) ... ok
2026-10-01T21:33:57.8774769Z test_exact_timestamp_alignment_does_not_forward_fill_btc (test_btc_factor_lag_v6.FactorTimingTests.test_exact_timestamp_alignment_does_not_forward_fill_btc) ... ok
2026-10-01T21:33:57.8945763Z test_future_price_perturbation_does_not_change_features_or_fits (test_btc_factor_lag_v6.FactorTimingTests.test_future_price_perturbation_does_not_change_features_or_fits) ... ok
2026-10-01T21:33:57.9023465Z test_impulse_returns_do_not_enter_prior_fit (test_btc_factor_lag_v6.FactorTimingTests.test_impulse_returns_do_not_enter_prior_fit) ... ok
2026-10-01T21:33:57.9073904Z test_missing_btc_return_invalidates_all_contaminated_windows (test_btc_factor_lag_v6.FactorTimingTests.test_missing_btc_return_invalidates_all_contaminated_windows) ... ok
2026-10-01T21:33:57.9125291Z test_ols_beta_and_r2_match_demeaned_numpy_reference (test_btc_factor_lag_v6.FactorTimingTests.test_ols_beta_and_r2_match_demeaned_numpy_reference) ... ok
2026-10-01T21:33:57.9174943Z test_zero_factor_variance_never_becomes_a_signal (test_btc_factor_lag_v6.FactorTimingTests.test_zero_factor_variance_never_becomes_a_signal) ... ok
2026-10-01T21:33:57.9177674Z test_actual_fill_sets_stop_risk_and_signal_priority (test_btc_factor_lag_v6.LagSignalTests.test_actual_fill_sets_stop_risk_and_signal_priority) ... ok
2026-10-01T21:33:57.9183524Z test_canonical_exclusion_is_retained_not_assigned_a_fake_loss (test_btc_factor_lag_v6.LagSignalTests.test_canonical_exclusion_is_retained_not_assigned_a_fake_loss) ... ok
2026-10-01T21:33:57.9186506Z test_cooldown_is_intent_based_not_future_exit_based (test_btc_factor_lag_v6.LagSignalTests.test_cooldown_is_intent_based_not_future_exit_based) ... ok
2026-10-01T21:33:57.9191045Z test_entry_gap_uses_next_open_without_future_ohlc (test_btc_factor_lag_v6.LagSignalTests.test_entry_gap_uses_next_open_without_future_ohlc) ... ok
2026-10-01T21:33:57.9198770Z test_fit_quality_and_liquidity_are_hard_filters (test_btc_factor_lag_v6.LagSignalTests.test_fit_quality_and_liquidity_are_hard_filters) ... ok
2026-10-01T21:33:57.9202812Z test_flow_confirmation_rejects_opposite_taker_pressure (test_btc_factor_lag_v6.LagSignalTests.test_flow_confirmation_rejects_opposite_taker_pressure) ... ok
2026-10-01T21:33:57.9207537Z test_mirrored_lag_price_and_flow_confirmations (test_btc_factor_lag_v6.LagSignalTests.test_mirrored_lag_price_and_flow_confirmations) ... ok
2026-10-01T21:33:57.9210566Z test_next_open_path_gap_and_split_entry_are_excluded (test_btc_factor_lag_v6.LagSignalTests.test_next_open_path_gap_and_split_entry_are_excluded) ... ok
2026-10-01T21:33:57.9212726Z test_overreacted_coin_cannot_qualify_as_lagger (test_btc_factor_lag_v6.LagSignalTests.test_overreacted_coin_cannot_qualify_as_lagger) ... ok
2026-10-01T21:33:57.9218256Z test_policy_rows_uses_same_canonical_resolver_and_actual_tp_risk (test_btc_factor_lag_v6.LagSignalTests.test_policy_rows_uses_same_canonical_resolver_and_actual_tp_risk) ... ok
2026-10-01T21:33:57.9222752Z test_sixteen_entries_and_ninety_six_unique_policies (test_btc_factor_lag_v6.LagSignalTests.test_sixteen_entries_and_ninety_six_unique_policies) ... ok
2026-10-01T21:33:57.9225700Z test_stop_floor_and_maximum_are_applied_to_actual_fill (test_btc_factor_lag_v6.LagSignalTests.test_stop_floor_and_maximum_are_applied_to_actual_fill) ... ok
2026-10-01T21:33:57.9230432Z test_weak_wrong_or_missing_btc_impulse_is_rejected (test_btc_factor_lag_v6.LagSignalTests.test_weak_wrong_or_missing_btc_impulse_is_rejected) ... ok
2026-10-01T21:33:58.1567211Z test_clustered_entries_do_not_satisfy_yearly_date_frequency (test_btc_factor_lag_v6.SelectionTests.test_clustered_entries_do_not_satisfy_yearly_date_frequency) ... FACTOR_SELECT {"status": "NO_DEVELOPMENT_POLICY_SURVIVOR", "cells_examined": 96, "selected": [], "policies": [], "union_name": "FACTOR_UNION", "note": "Independent overlapping policies and active-entry-date means are diagnostics, not account profits."}
2026-10-01T21:33:58.1584553Z ok
2026-10-01T21:33:58.3593954Z test_empty_original_shards_preserve_all96_rejections (test_btc_factor_lag_v6.SelectionTests.test_empty_original_shards_preserve_all96_rejections) ... FACTOR_SELECT {"status": "NO_DEVELOPMENT_POLICY_SURVIVOR", "cells_examined": 96, "selected": [], "policies": [], "union_name": "FACTOR_UNION", "note": "Independent overlapping policies and active-entry-date means are diagnostics, not account profits."}
2026-10-01T21:33:58.3624123Z ok
2026-10-01T21:33:58.5778048Z test_positive_price_never_hides_negative_annual_r_mean (test_btc_factor_lag_v6.SelectionTests.test_positive_price_never_hides_negative_annual_r_mean) ... FACTOR_SELECT {"status": "NO_DEVELOPMENT_POLICY_SURVIVOR", "cells_examined": 96, "selected": [], "policies": [], "union_name": "FACTOR_UNION", "note": "Independent overlapping policies and active-entry-date means are diagnostics, not account profits."}
2026-10-01T21:33:58.5795246Z ok
2026-10-01T21:33:58.7980475Z test_positive_r_never_hides_negative_annual_price_mean (test_btc_factor_lag_v6.SelectionTests.test_positive_r_never_hides_negative_annual_price_mean) ... FACTOR_SELECT {"status": "NO_DEVELOPMENT_POLICY_SURVIVOR", "cells_examined": 96, "selected": [], "policies": [], "union_name": "FACTOR_UNION", "note": "Independent overlapping policies and active-entry-date means are diagnostics, not account profits."}
2026-10-01T21:33:58.7997214Z ok
2026-10-01T21:33:59.0180194Z test_selected_year_labels_follow_kst_not_utc_and_other_cells_remain (test_btc_factor_lag_v6.SelectionTests.test_selected_year_labels_follow_kst_not_utc_and_other_cells_remain) ... FACTOR_SELECT {"status": "ACCOUNT_REPLAY_REQUIRED", "cells_examined": 96, "selected": [{"key": "FACTOR_S+1_L4_G1_PRICE_ONLY", "side": 1, "horizon": 4, "gap": 0.01, "flow": "PRICE_ONLY", "hold": 24, "exit_type": "TP2", "policy": "FACTOR_S+1_L4_G1_PRICE_ONLY__H24__TP2", "development_net40_R": 0.5, "development_worst_year_day_R": 0.5}], "policies": [{"key": "FACTOR_S+1_L4_G1_PRICE_ONLY", "side": 1, "horizon": 4, "gap": 0.01, "flow": "PRICE_ONLY", "hold": 24, "exit_type": "TP2", "policy": "FACTOR_S+1_L4_G1_PRICE_ONLY__H24__TP2", "development_net40_R": 0.5, "development_worst_year_day_R": 0.5}], "union_name": "FACTOR_UNION", "note": "Independent overlapping policies and active-entry-date means are diagnostics, not account profits."}
2026-10-01T21:33:59.0216436Z ok
2026-10-01T21:33:59.0216615Z 
2026-10-01T21:33:59.0216857Z ----------------------------------------------------------------------
2026-10-01T21:33:59.0217295Z Ran 31 tests in 1.191s
2026-10-01T21:33:59.0217451Z 
2026-10-01T21:33:59.0217768Z OK
2026-10-01T21:33:59.4789814Z test_checksum_mismatch_is_explicit_gap (test_liquidity_sweep_v5.MinuteTests.test_checksum_mismatch_is_explicit_gap) ... ok
2026-10-01T21:33:59.4801942Z test_definitive_missing_archive_and_checksum_excluded (test_liquidity_sweep_v5.MinuteTests.test_definitive_missing_archive_and_checksum_excluded) ... ok
2026-10-01T21:33:59.4869430Z test_exact_authoritative_slice_and_provenance_are_preserved (test_liquidity_sweep_v5.MinuteTests.test_exact_authoritative_slice_and_provenance_are_preserved) ... ok
2026-10-01T21:33:59.4878658Z test_exhausted_transient_error_is_not_fabricated_data_gap (test_liquidity_sweep_v5.MinuteTests.test_exhausted_transient_error_is_not_fabricated_data_gap) ... ok
2026-10-01T21:33:59.4951771Z test_gapped_or_bad_geometry_official_archive_excluded (test_liquidity_sweep_v5.MinuteTests.test_gapped_or_bad_geometry_official_archive_excluded) ... ok
2026-10-01T21:33:59.4989510Z test_legacy_cache_without_original_checksum_is_not_trusted (test_liquidity_sweep_v5.MinuteTests.test_legacy_cache_without_original_checksum_is_not_trusted) ... ok
2026-10-01T21:33:59.5105601Z test_official_header_and_headerless_values_agree (test_liquidity_sweep_v5.MinuteTests.test_official_header_and_headerless_values_agree) ... ok
2026-10-01T21:33:59.5152688Z test_original_zip_checksum_then_verified_cache (test_liquidity_sweep_v5.MinuteTests.test_original_zip_checksum_then_verified_cache) ... ok
2026-10-01T21:33:59.5161571Z test_shared_canonical_resolver_excludes_checksum_gap (test_liquidity_sweep_v5.MinuteTests.test_shared_canonical_resolver_excludes_checksum_gap) ... ok
2026-10-01T21:33:59.5196431Z test_shared_canonical_resolver_keeps_entry_minute_tp_only_as_loss (test_liquidity_sweep_v5.MinuteTests.test_shared_canonical_resolver_keeps_entry_minute_tp_only_as_loss) ... ok
2026-10-01T21:33:59.5234299Z test_verified_cache_corruption_fails_without_replacement (test_liquidity_sweep_v5.MinuteTests.test_verified_cache_corruption_fails_without_replacement) ... ok
2026-10-01T21:33:59.5291345Z test_actual_entry_and_closed_sweep_anchored_sl (test_liquidity_sweep_v5.SweepTests.test_actual_entry_and_closed_sweep_anchored_sl) ... ok
2026-10-01T21:33:59.7683055Z test_all_cells_preserved_and_year_is_kst (test_liquidity_sweep_v5.SweepTests.test_all_cells_preserved_and_year_is_kst) ... SWEEP_SELECT {"status": "ACCOUNT_REPLAY_REQUIRED", "cells_examined": 96, "selected": [{"key": "SWEEP_S+1_W48_A55_ANY", "side": 1, "window": 48, "flow": 0.55, "btc": "ANY", "hold": 24, "exit_type": "TP2", "policy": "SWEEP_S+1_W48_A55_ANY__H24__TP2", "development_net40_R": 0.5, "development_worst_year_day_R": 0.5}], "policies": [{"key": "SWEEP_S+1_W48_A55_ANY", "side": 1, "window": 48, "flow": 0.55, "btc": "ANY", "hold": 24, "exit_type": "TP2", "policy": "SWEEP_S+1_W48_A55_ANY__H24__TP2", "development_net40_R": 0.5, "development_worst_year_day_R": 0.5}], "union_name": "SWEEP_UNION", "note": "Independent overlapping policies and active-entry-date means are diagnostics, not account profits."}
2026-10-01T21:33:59.7720542Z ok
2026-10-01T21:33:59.7749755Z test_btc_missing_fails_alignment_but_any_ignores_it (test_liquidity_sweep_v5.SweepTests.test_btc_missing_fails_alignment_but_any_ignores_it) ... ok
2026-10-01T21:33:59.9911057Z test_clustered_entry_days_cannot_satisfy_frequency (test_liquidity_sweep_v5.SweepTests.test_clustered_entry_days_cannot_satisfy_frequency) ... SWEEP_SELECT {"status": "NO_DEVELOPMENT_POLICY_SURVIVOR", "cells_examined": 96, "selected": [], "policies": [], "union_name": "SWEEP_UNION", "note": "Independent overlapping policies and active-entry-date means are diagnostics, not account profits."}
2026-10-01T21:33:59.9929579Z ok
2026-10-01T21:33:59.9963066Z test_cooldown_uses_intents_not_future_outcomes (test_liquidity_sweep_v5.SweepTests.test_cooldown_uses_intents_not_future_outcomes) ... ok
2026-10-01T21:33:59.9969601Z test_empty_source_stops_before_minute_retrieval (test_liquidity_sweep_v5.SweepTests.test_empty_source_stops_before_minute_retrieval) ... ok
2026-10-01T21:34:00.0019831Z test_flow_threshold_boundary_is_symmetric (test_liquidity_sweep_v5.SweepTests.test_flow_threshold_boundary_is_symmetric) ... ok
2026-10-01T21:34:00.0108799Z test_future_perturbation_preserves_every_past_feature (test_liquidity_sweep_v5.SweepTests.test_future_perturbation_preserves_every_past_feature) ... ok
2026-10-01T21:34:00.0155172Z test_gaps_reset_range_and_volume_history (test_liquidity_sweep_v5.SweepTests.test_gaps_reset_range_and_volume_history) ... ok
2026-10-01T21:34:00.0158227Z test_grid_is_frozen_and_unique (test_liquidity_sweep_v5.SweepTests.test_grid_is_frozen_and_unique) ... ok
2026-10-01T21:34:00.0319704Z test_incomplete_parts_rejected (test_liquidity_sweep_v5.SweepTests.test_incomplete_parts_rejected) ... ok
2026-10-01T21:34:00.0348000Z test_invalid_gap_fill_is_not_a_valid_stop (test_liquidity_sweep_v5.SweepTests.test_invalid_gap_fill_is_not_a_valid_stop) ... ok
2026-10-01T21:34:00.0396761Z test_minimum_stop_and_above_eight_percent_exclusion (test_liquidity_sweep_v5.SweepTests.test_minimum_stop_and_above_eight_percent_exclusion) ... ok
2026-10-01T21:34:00.2621742Z test_positive_r_cannot_hide_negative_annual_price_return (test_liquidity_sweep_v5.SweepTests.test_positive_r_cannot_hide_negative_annual_price_return) ... SWEEP_SELECT {"status": "NO_DEVELOPMENT_POLICY_SURVIVOR", "cells_examined": 96, "selected": [], "policies": [], "union_name": "SWEEP_UNION", "note": "Independent overlapping policies and active-entry-date means are diagnostics, not account profits."}
2026-10-01T21:34:00.2638621Z ok
2026-10-01T21:34:00.2691881Z test_price_must_reject_inside_known_range (test_liquidity_sweep_v5.SweepTests.test_price_must_reject_inside_known_range) ... ok
2026-10-01T21:34:00.2737780Z test_prior_baselines_cannot_use_current_candle (test_liquidity_sweep_v5.SweepTests.test_prior_baselines_cannot_use_current_candle) ... ok
2026-10-01T21:34:00.2785983Z test_sides_require_opposite_aggressive_flow (test_liquidity_sweep_v5.SweepTests.test_sides_require_opposite_aggressive_flow) ... ok
2026-10-01T21:34:00.2811226Z test_sweep_has_prior_atr_minimum_distance (test_liquidity_sweep_v5.SweepTests.test_sweep_has_prior_atr_minimum_distance) ... ok
2026-10-01T21:34:00.2880369Z test_wick_body_and_volume_must_agree (test_liquidity_sweep_v5.SweepTests.test_wick_body_and_volume_must_agree) ... ok
2026-10-01T21:34:00.2881271Z 
2026-10-01T21:34:00.2881448Z ----------------------------------------------------------------------
2026-10-01T21:34:00.2881825Z Ran 30 tests in 0.811s
2026-10-01T21:34:00.2881978Z 
2026-10-01T21:34:00.2882060Z OK
2026-10-01T21:34:00.6793909Z test_archive_keeps_failed_evidence_and_validates_exact_copy (test_research_evidence_archive.EvidenceTests.test_archive_keeps_failed_evidence_and_validates_exact_copy) ... EVIDENCE_ARCHIVED failed-study 2 files 48 bytes
2026-10-01T21:34:00.6797991Z ok
2026-10-01T21:34:00.6832500Z test_incomplete_cache_is_rejected_and_failure_saved (test_research_evidence_archive.EvidenceTests.test_incomplete_cache_is_rejected_and_failure_saved) ... ok
2026-10-01T21:34:00.6862455Z test_matches_full_catalogue_stats_and_prior_sha256 (test_research_evidence_archive.EvidenceTests.test_matches_full_catalogue_stats_and_prior_sha256) ... FROZEN_SOURCE_VERIFIED 1 files 1 prior SHA256 matches
2026-10-01T21:34:00.6865057Z ok
2026-10-01T21:34:00.6900274Z test_same_stats_but_changed_source_bytes_are_rejected (test_research_evidence_archive.EvidenceTests.test_same_stats_but_changed_source_bytes_are_rejected) ... ok
2026-10-01T21:34:00.6901206Z 
2026-10-01T21:34:00.6901386Z ----------------------------------------------------------------------
2026-10-01T21:34:00.6901767Z Ran 4 tests in 0.013s
2026-10-01T21:34:00.6902199Z 
2026-10-01T21:34:00.6902289Z OK
2026-10-01T21:34:01.1254989Z test_cooldown_is_fixed_not_outcome_conditioned (test_shock_confirmation_v3.ConfirmTests.test_cooldown_is_fixed_not_outcome_conditioned) ... ok
2026-10-01T21:34:01.1409040Z test_features_ignore_future_prices_and_flow (test_shock_confirmation_v3.ConfirmTests.test_features_ignore_future_prices_and_flow) ... ok
2026-10-01T21:34:01.1431330Z test_flow_share_uses_actual_quote_ratio (test_shock_confirmation_v3.ConfirmTests.test_flow_share_uses_actual_quote_ratio) ... ok
2026-10-01T21:34:01.1468828Z test_future_confirming_bar_cannot_move_old_stop (test_shock_confirmation_v3.ConfirmTests.test_future_confirming_bar_cannot_move_old_stop) ... ok
2026-10-01T21:34:01.1501783Z test_gap_restarts_recent_shock_and_stop_window (test_shock_confirmation_v3.ConfirmTests.test_gap_restarts_recent_shock_and_stop_window) ... ok
2026-10-01T21:34:01.1504421Z test_predeclared_grid (test_shock_confirmation_v3.ConfirmTests.test_predeclared_grid) ... ok
2026-10-01T21:34:01.1524253Z test_shock_window_excludes_current_confirming_bar (test_shock_confirmation_v3.ConfirmTests.test_shock_window_excludes_current_confirming_bar) ... ok
2026-10-01T21:34:01.1528115Z test_structural_stop_and_actual_fill_risk (test_shock_confirmation_v3.ConfirmTests.test_structural_stop_and_actual_fill_risk) ... ok
2026-10-01T21:34:01.1531382Z 
2026-10-01T21:34:01.1531622Z ----------------------------------------------------------------------
2026-10-01T21:34:01.1532149Z Ran 8 tests in 0.031s
2026-10-01T21:34:01.1532355Z 
2026-10-01T21:34:01.1532535Z OK
2026-10-01T21:34:01.5962642Z test_actual_max_hold_used_in_stop_risk_budget (test_day_edge_canonical.CanonicalTests.test_actual_max_hold_used_in_stop_risk_budget) ... ok
2026-10-01T21:34:01.5967713Z test_authoritative_mismatch_is_not_a_fake_loss (test_day_edge_canonical.CanonicalTests.test_authoritative_mismatch_is_not_a_fake_loss) ... ok
2026-10-01T21:34:01.5968969Z test_beyond_one_week_is_rejected (test_day_edge_canonical.CanonicalTests.test_beyond_one_week_is_rejected) ... ok
2026-10-01T21:34:01.6016890Z test_curve_preserves_peak_before_new_entry_cost (test_day_edge_canonical.CanonicalTests.test_curve_preserves_peak_before_new_entry_cost) ... ok
2026-10-01T21:34:01.6020544Z test_entry_bar_calls_authority_even_single_tp (test_day_edge_canonical.CanonicalTests.test_entry_bar_calls_authority_even_single_tp) ... ok
2026-10-01T21:34:01.6021842Z test_gap_sl_fills_at_worse_open (test_day_edge_canonical.CanonicalTests.test_gap_sl_fills_at_worse_open) ... ok
2026-10-01T21:34:01.6033376Z test_incomplete_shards_fail_closed (test_day_edge_canonical.CanonicalTests.test_incomplete_shards_fail_closed) ... ok
2026-10-01T21:34:01.6034612Z test_missing_path_is_excluded (test_day_edge_canonical.CanonicalTests.test_missing_path_is_excluded) ... ok
2026-10-01T21:34:01.6037030Z test_parent_collision_uses_minute_authority (test_day_edge_canonical.CanonicalTests.test_parent_collision_uses_minute_authority) ... ok
2026-10-01T21:34:01.6038620Z test_short_has_linear_entry_denominator (test_day_edge_canonical.CanonicalTests.test_short_has_linear_entry_denominator) ... ok
2026-10-01T21:34:01.6040216Z test_timeout_cannot_cross_split (test_day_edge_canonical.CanonicalTests.test_timeout_cannot_cross_split) ... ok
2026-10-01T21:34:01.6052133Z test_timeout_is_exact_seed_deadline (test_day_edge_canonical.CanonicalTests.test_timeout_is_exact_seed_deadline) ... ok
2026-10-01T21:34:01.6053094Z test_trailing_stop_only_activates_after_bar_close (test_day_edge_canonical.CanonicalTests.test_trailing_stop_only_activates_after_bar_close) ... ok
2026-10-01T21:34:01.6082097Z test_union_tie_uses_entry_priority_not_future_outcome (test_day_edge_canonical.CanonicalTests.test_union_tie_uses_entry_priority_not_future_outcome) ... ok
2026-10-01T21:34:01.6082758Z 
2026-10-01T21:34:01.6082921Z ----------------------------------------------------------------------
2026-10-01T21:34:01.6083281Z Ran 14 tests in 0.012s
2026-10-01T21:34:01.6083426Z 
2026-10-01T21:34:01.6083525Z OK
2026-10-01T21:34:02.0334957Z test_btc_missing_timestamp_is_not_forward_filled (test_day_edge_lab.ScoutTests.test_btc_missing_timestamp_is_not_forward_filled) ... ok
2026-10-01T21:34:02.0336966Z test_configurations_are_predeclared_and_distinct (test_day_edge_lab.ScoutTests.test_configurations_are_predeclared_and_distinct) ... ok
2026-10-01T21:34:02.0379347Z test_eligibility_uses_age_and_past_turnover (test_day_edge_lab.ScoutTests.test_eligibility_uses_age_and_past_turnover) ... ok
2026-10-01T21:34:02.0541634Z test_features_are_invariant_to_future_changes (test_day_edge_lab.ScoutTests.test_features_are_invariant_to_future_changes) ... ok
2026-10-01T21:34:02.0568944Z test_features_restart_after_gaps (test_day_edge_lab.ScoutTests.test_features_restart_after_gaps) ... ok
2026-10-01T21:34:02.0587018Z test_missing_bar_excludes_fixed_time_event (test_day_edge_lab.ScoutTests.test_missing_bar_excludes_fixed_time_event) ... ok
2026-10-01T21:34:02.0811599Z test_missing_year_cannot_pass_selection (test_day_edge_lab.ScoutTests.test_missing_year_cannot_pass_selection) ... MERGE_DONE {"status": "NO_CELL_PASSED_FROZEN_GATE", "cells_examined": 144, "shard_count": 1, "eligible_cells": [], "selected": [], "observations": "Overlapping across coins; NO account return inference."}
2026-10-01T21:34:02.0815731Z ok
2026-10-01T21:34:02.0824496Z test_next_open_entry_and_fixed_open_exit (test_day_edge_lab.ScoutTests.test_next_open_entry_and_fixed_open_exit) ... ok
2026-10-01T21:34:02.0839328Z test_outcome_cannot_cross_split (test_day_edge_lab.ScoutTests.test_outcome_cannot_cross_split) ... ok
2026-10-01T21:34:02.0855480Z test_quote_volume_baseline_excludes_latest_hour (test_day_edge_lab.ScoutTests.test_quote_volume_baseline_excludes_latest_hour) ... ok
2026-10-01T21:34:02.0860918Z test_scheduled_nonoverlap_does_not_use_outcome (test_day_edge_lab.ScoutTests.test_scheduled_nonoverlap_does_not_use_outcome) ... ok
2026-10-01T21:34:02.0866123Z test_short_has_linear_entry_denominator (test_day_edge_lab.ScoutTests.test_short_has_linear_entry_denominator) ... ok
2026-10-01T21:34:02.0867785Z test_signal_onset_uses_only_previous_closed_state (test_day_edge_lab.ScoutTests.test_signal_onset_uses_only_previous_closed_state) ... ok
2026-10-01T21:34:02.0868615Z 
2026-10-01T21:34:02.0868864Z ----------------------------------------------------------------------
2026-10-01T21:34:02.0869240Z Ran 13 tests in 0.056s
2026-10-01T21:34:02.0869394Z 
2026-10-01T21:34:02.0869474Z OK
2026-10-01T21:34:02.5099211Z test_entry_minute_both_is_loss (test_relative_pullback_v1.ChronologyTests.test_entry_minute_both_is_loss) ... ok
2026-10-01T21:34:02.5101665Z test_entry_minute_sl_is_loss (test_relative_pullback_v1.ChronologyTests.test_entry_minute_sl_is_loss) ... ok
2026-10-01T21:34:02.5105437Z test_entry_minute_tp_is_loss (test_relative_pullback_v1.ChronologyTests.test_entry_minute_tp_is_loss) ... ok
2026-10-01T21:34:02.5117992Z test_entry_price_mismatch_is_excluded (test_relative_pullback_v1.ChronologyTests.test_entry_price_mismatch_is_excluded) ... ok
2026-10-01T21:34:02.5120030Z test_established_first_minute_tp_is_win (test_relative_pullback_v1.ChronologyTests.test_established_first_minute_tp_is_win) ... ok
2026-10-01T21:34:02.5122258Z test_established_same_minute_both_is_loss (test_relative_pullback_v1.ChronologyTests.test_established_same_minute_both_is_loss) ... ok
2026-10-01T21:34:02.5124723Z test_later_sl_proven_before_tp (test_relative_pullback_v1.ChronologyTests.test_later_sl_proven_before_tp) ... ok
2026-10-01T21:34:02.5127162Z test_later_tp_proven_before_sl (test_relative_pullback_v1.ChronologyTests.test_later_tp_proven_before_sl) ... ok
2026-10-01T21:34:02.5128926Z test_official_data_gap_is_excluded (test_relative_pullback_v1.ChronologyTests.test_official_data_gap_is_excluded) ... ok
2026-10-01T21:34:02.5131867Z test_parent_exit_not_reproduced_is_mismatch (test_relative_pullback_v1.ChronologyTests.test_parent_exit_not_reproduced_is_mismatch) ... ok
2026-10-01T21:34:02.5133997Z test_short_entry_touch_is_loss (test_relative_pullback_v1.ChronologyTests.test_short_entry_touch_is_loss) ... ok
2026-10-01T21:34:02.5137424Z test_short_later_tp_is_win (test_relative_pullback_v1.ChronologyTests.test_short_later_tp_is_win) ... ok
2026-10-01T21:34:02.5181013Z test_cash_equals_sum_of_net_trade_pnls (test_relative_pullback_v1.PortfolioTests.test_cash_equals_sum_of_net_trade_pnls) ... ok
2026-10-01T21:34:02.5205259Z test_day_loss_blocks_later_entry (test_relative_pullback_v1.PortfolioTests.test_day_loss_blocks_later_entry) ... ok
2026-10-01T21:34:02.5248575Z test_drawdown_halt_is_permanent_within_split (test_relative_pullback_v1.PortfolioTests.test_drawdown_halt_is_permanent_within_split) ... ok
2026-10-01T21:34:02.5282031Z test_empty_days_are_in_denominator_and_korea_aligned (test_relative_pullback_v1.PortfolioTests.test_empty_days_are_in_denominator_and_korea_aligned) ... ok
2026-10-01T21:34:02.5326632Z test_half_risk_latches_into_next_day (test_relative_pullback_v1.PortfolioTests.test_half_risk_latches_into_next_day) ... ok
2026-10-01T21:34:02.5351876Z test_profit_above_two_percent_does_not_block_entry (test_relative_pullback_v1.PortfolioTests.test_profit_above_two_percent_does_not_block_entry) ... ok
2026-10-01T21:34:02.5373229Z test_same_symbol_opposite_signal_is_rejected (test_relative_pullback_v1.PortfolioTests.test_same_symbol_opposite_signal_is_rejected) ... ok
2026-10-01T21:34:02.5394463Z test_short_position_accounting (test_relative_pullback_v1.PortfolioTests.test_short_position_accounting) ... ok
2026-10-01T21:34:02.5421067Z test_simultaneous_risk_and_six_slot_caps (test_relative_pullback_v1.PortfolioTests.test_simultaneous_risk_and_six_slot_caps) ... ok
2026-10-01T21:34:02.5432060Z test_split_crossing_outcome_is_rejected (test_relative_pullback_v1.PortfolioTests.test_split_crossing_outcome_is_rejected) ... ok
2026-10-01T21:34:02.5433222Z test_gap_stop_fills_at_worse_open (test_relative_pullback_v1.SignalTests.test_gap_stop_fills_at_worse_open) ... ok
2026-10-01T21:34:02.5443178Z test_hour_only_becomes_available_when_closed (test_relative_pullback_v1.SignalTests.test_hour_only_becomes_available_when_closed) ... ok
2026-10-01T21:34:02.5563281Z test_indicators_do_not_use_future_candles (test_relative_pullback_v1.SignalTests.test_indicators_do_not_use_future_candles) ... ok
2026-10-01T21:34:02.5585766Z test_indicators_restart_after_data_gap (test_relative_pullback_v1.SignalTests.test_indicators_restart_after_data_gap) ... ok
2026-10-01T21:34:02.5586887Z test_missing_timeout_path_is_excluded (test_relative_pullback_v1.SignalTests.test_missing_timeout_path_is_excluded) ... ok
2026-10-01T21:34:02.5587767Z test_short_return_uses_linear_entry_denominator (test_relative_pullback_v1.SignalTests.test_short_return_uses_linear_entry_denominator) ... ok
2026-10-01T21:34:02.5589468Z test_signal_confirmed_close_and_next_open_alignment (test_relative_pullback_v1.SignalTests.test_signal_confirmed_close_and_next_open_alignment) ... ok
2026-10-01T21:34:02.5591289Z test_timeout_is_exactly_twelve_hours (test_relative_pullback_v1.SignalTests.test_timeout_is_exactly_twelve_hours) ... ok
2026-10-01T21:34:02.5592033Z 
2026-10-01T21:34:02.5592258Z ----------------------------------------------------------------------
2026-10-01T21:34:02.5592836Z Ran 30 tests in 0.050s
2026-10-01T21:34:02.5593057Z 
2026-10-01T21:34:02.5593172Z OK
2026-10-01T21:34:03.1788112Z PASS long_preentry_tp_ignored win
2026-10-01T21:34:03.1788647Z PASS long_entry_same1m_tp_loss loss
2026-10-01T21:34:03.1789100Z PASS long_gap_through_entry_then_tp win
2026-10-01T21:34:03.1789534Z PASS short_gap_through_entry_then_tp win
2026-10-01T21:34:03.1789949Z PASS long_entry_same1m_sl_loss loss
2026-10-01T21:34:03.1790355Z PASS long_entry_same1m_both_loss loss
2026-10-01T21:34:03.1790977Z PASS long_entry_then_tp win
2026-10-01T21:34:03.1791340Z PASS long_entry_then_sl loss
2026-10-01T21:34:03.1791733Z PASS long_preentry_tp_then_entry_continue continue
2026-10-01T21:34:03.1792260Z PASS long_entry_not_seen_entry_mismatch entry_mismatch
2026-10-01T21:34:03.1792724Z PASS long_established_same1m_both_loss loss
2026-10-01T21:34:03.1793316Z PASS long_established_parent_collision_not_seen_exit_mismatch exit_mismatch
2026-10-01T21:34:03.1794277Z PASS short_entry_same1m_tp_loss loss
2026-10-01T21:34:03.1794650Z PASS short_entry_same1m_sl_loss loss
2026-10-01T21:34:03.1795007Z PASS short_entry_then_tp win
2026-10-01T21:34:03.1795346Z PASS short_entry_then_sl loss
2026-10-01T21:34:03.1795737Z PASS short_preentry_tp_then_entry_continue continue
2026-10-01T21:34:03.1796180Z ALL_CHRONOLOGY_SMOKE_PASS
2026-10-01T21:34:03.1796504Z PASS resample_exact_buckets
2026-10-01T21:34:03.1796832Z PASS psar_open_causality
2026-10-01T21:34:03.1797171Z PASS psar_burnin_initialization_sanity
2026-10-01T21:34:03.1797998Z PASS binance_1m_header_contract
2026-10-01T21:34:03.1798367Z ALL_CANONICAL_INVARIANTS_PASS
2026-10-01T21:34:03.3002098Z ##[group]Run set -euo pipefail
2026-10-01T21:34:03.3002427Z [36;1mset -euo pipefail[0m
2026-10-01T21:34:03.3003113Z [36;1mpython scripts/premium_index_archive.py --probe-symbol BTCUSDT --probe-month 2022-01 --cache cache/premium-probe --out premium-probe 2>&1 | tee premium-probe.log[0m
2026-10-01T21:34:03.3074748Z shell: /usr/bin/bash --noprofile --norc -e -o pipefail {0}
2026-10-01T21:34:03.3075124Z env:
2026-10-01T21:34:03.3075415Z   pythonLocation: /opt/hostedtoolcache/Python/3.12.14/x64
2026-10-01T21:34:03.3075859Z   PKG_CONFIG_PATH: /opt/hostedtoolcache/Python/3.12.14/x64/lib/pkgconfig
2026-10-01T21:34:03.3076290Z   Python_ROOT_DIR: /opt/hostedtoolcache/Python/3.12.14/x64
2026-10-01T21:34:03.3076679Z   Python2_ROOT_DIR: /opt/hostedtoolcache/Python/3.12.14/x64
2026-10-01T21:34:03.3077064Z   Python3_ROOT_DIR: /opt/hostedtoolcache/Python/3.12.14/x64
2026-10-01T21:34:03.3077453Z   LD_LIBRARY_PATH: /opt/hostedtoolcache/Python/3.12.14/x64/lib
2026-10-01T21:34:03.3077859Z ##[endgroup]
2026-10-01T21:34:05.2710383Z OFFICIAL_PREMIUM_SOURCE_PROBE_PASS BTCUSDT 2022-01 bars 2976 close_range -0.00392945 0.00323124
2026-10-01T21:34:05.3360970Z ##[group]Run actions/upload-artifact@v4
2026-10-01T21:34:05.3361312Z with:
2026-10-01T21:34:05.3361540Z   name: premium-absorption-v8-validation
2026-10-01T21:34:05.3363159Z   path: factor-tests.log
evidence-tests.log
legacy-confirm-tests.log
canonical-tests.log
scout-tests.log
account-tests.log
chronology-smoke.log
research/premium-absorption-v8/PLAN.md
research/premium-absorption-v8/FROZEN_INPUT_HASHES.json
research/premium-absorption-v8/ATTEMPT_1_SOURCE_FAILURE.json

minute-provenance-regressions.log

premium-tests.log
funding-regression-tests.log
premium-probe.log
premium-probe/

2026-10-01T21:34:05.3364681Z   retention-days: 30
2026-10-01T21:34:05.3364916Z   if-no-files-found: warn
2026-10-01T21:34:05.3365153Z   compression-level: 6
2026-10-01T21:34:05.3365378Z   overwrite: false
2026-10-01T21:34:05.3365604Z   include-hidden-files: false
2026-10-01T21:34:05.3365851Z env:
2026-10-01T21:34:05.3366131Z   pythonLocation: /opt/hostedtoolcache/Python/3.12.14/x64
2026-10-01T21:34:05.3366594Z   PKG_CONFIG_PATH: /opt/hostedtoolcache/Python/3.12.14/x64/lib/pkgconfig
2026-10-01T21:34:05.3367028Z   Python_ROOT_DIR: /opt/hostedtoolcache/Python/3.12.14/x64
2026-10-01T21:34:05.3367412Z   Python2_ROOT_DIR: /opt/hostedtoolcache/Python/3.12.14/x64
2026-10-01T21:34:05.3367782Z   Python3_ROOT_DIR: /opt/hostedtoolcache/Python/3.12.14/x64
2026-10-01T21:34:05.3368153Z   LD_LIBRARY_PATH: /opt/hostedtoolcache/Python/3.12.14/x64/lib
2026-10-01T21:34:05.3368478Z ##[endgroup]
2026-10-01T21:34:05.5098422Z (node:2394) [DEP0040] DeprecationWarning: The `punycode` module is deprecated. Please use a userland alternative instead.
2026-10-01T21:34:05.5099276Z (Use `node --trace-deprecation ...` to show where the warning was created)
2026-10-01T21:34:05.5232806Z Multiple search paths detected. Calculating the least common ancestor of all paths
2026-10-01T21:34:05.5239581Z The least common ancestor is /home/runner/work/bb-scanner/bb-scanner. This will be the root directory of the artifact
2026-10-01T21:34:05.5241134Z With the provided path, there will be 19 files uploaded
2026-10-01T21:34:05.5242885Z Artifact name is valid!
2026-10-01T21:34:05.5243677Z Root directory input is valid!
2026-10-01T21:34:05.8124201Z Beginning upload of artifact content to blob storage
2026-10-01T21:34:05.8623044Z (node:2394) [DEP0169] DeprecationWarning: `url.parse()` behavior is not standardized and prone to errors that have security implications. Use the WHATWG URL API instead. CVEs are not issued for `url.parse()` vulnerabilities.
2026-10-01T21:34:06.0998719Z Uploaded bytes 193135
2026-10-01T21:34:06.1418022Z Finished uploading artifact content to blob storage!
2026-10-01T21:34:06.1419714Z SHA256 digest of uploaded artifact zip is 2a86ca0b17f440f142a29c776490f801aabbfd5700b0ee09643ec6a4e1d8d03a
2026-10-01T21:34:06.1421096Z Finalizing artifact upload
2026-10-01T21:34:06.3749751Z Artifact premium-absorption-v8-validation.zip successfully finalized. Artifact ID 11195162582
2026-10-01T21:34:06.3751220Z Artifact premium-absorption-v8-validation has been successfully uploaded! Final size is 193135 bytes. Artifact ID is 11195162582
2026-10-01T21:34:06.3756797Z Artifact download URL: https://github.com/duuu-hub/bb-scanner/actions/runs/36929463082/artifacts/11195162582
2026-10-01T21:34:06.3938387Z Post job cleanup.
2026-10-01T21:34:06.5184888Z (node:2406) [DEP0040] DeprecationWarning: The `punycode` module is deprecated. Please use a userland alternative instead.
2026-10-01T21:34:06.5185698Z (Use `node --trace-deprecation ...` to show where the warning was created)
2026-10-01T21:34:06.5368334Z Post job cleanup.
2026-10-01T21:34:06.6402023Z [command]/usr/bin/git version
2026-10-01T21:34:06.6451836Z git version 2.55.0
2026-10-01T21:34:06.6561937Z Temporarily overriding HOME='/home/runner/work/_temp/b717d7ed-706e-4239-a901-95880657ad1c' before making global git config changes
2026-10-01T21:34:06.6563467Z Adding repository directory to the temporary git global config as a safe directory
2026-10-01T21:34:06.6564717Z [command]/usr/bin/git config --global --add safe.directory /home/runner/work/bb-scanner/bb-scanner
2026-10-01T21:34:06.6612830Z [command]/usr/bin/git config --local --name-only --get-regexp core\.sshCommand
2026-10-01T21:34:06.6614664Z [command]/usr/bin/git submodule foreach --recursive sh -c "git config --local --name-only --get-regexp 'core\.sshCommand' && git config --local --unset-all 'core.sshCommand' || :"
2026-10-01T21:34:06.6918202Z [command]/usr/bin/git config --local --name-only --get-regexp http\.https\:\/\/github\.com\/\.extraheader
2026-10-01T21:34:06.6966446Z http.https://github.com/.extraheader
2026-10-01T21:34:06.7003405Z [command]/usr/bin/git config --local --unset-all http.https://github.com/.extraheader
2026-10-01T21:34:06.7089209Z [command]/usr/bin/git submodule foreach --recursive sh -c "git config --local --name-only --get-regexp 'http\.https\:\/\/github\.com\/\.extraheader' && git config --local --unset-all 'http.https://github.com/.extraheader' || :"
2026-10-01T21:34:06.7448285Z [command]/usr/bin/git config --local --name-only --get-regexp ^includeIf\.gitdir:
2026-10-01T21:34:06.7532000Z [command]/usr/bin/git submodule foreach --recursive git config --local --show-origin --name-only --get-regexp remote.origin.url
2026-10-01T21:34:06.7964578Z Cleaning up orphan processes
2026-10-01T21:34:06.8271802Z ##[warning]Node.js 20 is deprecated. The following actions target Node.js 20 but are being forced to run on Node.js 24: actions/checkout@v4, actions/setup-python@v5, actions/upload-artifact@v4. For more information see: https://github.blog/changelog/2025-09-19-deprecation-of-node-20-on-github-actions-runners/
