V14_BREADTH_MAP DEV 4 / 4
V14_BREADTH_MAP_DONE DEV shard 0 sources 4 rows 81793
V14_BREADTH_MAP DEV 4 / 4
V14_BREADTH_MAP_DONE DEV shard 1 sources 4 rows 81793
V14_BREADTH_MAP DEV 4 / 4
V14_BREADTH_MAP_DONE DEV shard 2 sources 4 rows 81793
V14_BREADTH_MAP DEV 4 / 4
V14_BREADTH_MAP_DONE DEV shard 3 sources 4 rows 81793
V14_BREADTH_MAP DEV 4 / 4
V14_BREADTH_MAP_DONE DEV shard 4 sources 4 rows 81793
V14_BREADTH_MAP DEV 4 / 4
V14_BREADTH_MAP_DONE DEV shard 5 sources 4 rows 81793
V14_BREADTH_MAP DEV 4 / 4
V14_BREADTH_MAP_DONE DEV shard 6 sources 4 rows 81793
V14_BREADTH_MAP DEV 4 / 4
V14_BREADTH_MAP_DONE DEV shard 7 sources 4 rows 81793
Traceback (most recent call last):
  File "/workspace/scratch/d15ff579dc1f/dayedge_v4/scripts/market_breadth_recovery_v14.py", line 337, in <module>
    if __name__=='__main__':main()
                            ^^^^^^
  File "/workspace/scratch/d15ff579dc1f/dayedge_v4/scripts/market_breadth_recovery_v14.py", line 336, in main
    else:smoke(a.out)
         ^^^^^^^^^^^^
  File "/workspace/scratch/d15ff579dc1f/dayedge_v4/scripts/market_breadth_recovery_v14.py", line 314, in smoke
    global_frame,_=breadth.reduce_maps(out/'maps',out/'breadth','DEV',cp)
                   ^^^^^^^^^^^^^^^^^^^^^^^^^^^^^^^^^^^^^^^^^^^^^^^^^^^^^^
  File "/workspace/scratch/d15ff579dc1f/dayedge_v4/scripts/market_breadth_v14.py", line 95, in reduce_maps
    raise ValueError('altered/incomplete breadth map')
ValueError: altered/incomplete breadth map
