2026-10-02T03:50:06.3381821Z Current runner version: '2.337.0'
2026-10-02T03:50:06.3406717Z ##[group]Runner Image Provisioner
2026-10-02T03:50:06.3407645Z Hosted Compute Agent
2026-10-02T03:50:06.3408315Z Version: 20260901.588
2026-10-02T03:50:06.3408941Z Commit: f88ec8081b781fac6c440065ac7ff9e710ce3d0b
2026-10-02T03:50:06.3409671Z Build Date: 2026-09-01T19:56:44Z
2026-10-02T03:50:06.3410506Z Worker ID: {c759fecc-9a29-4b3d-a6cb-4633c361a015}
2026-10-02T03:50:06.3411619Z Azure Region: westcentralus
2026-10-02T03:50:06.3412301Z ##[endgroup]
2026-10-02T03:50:06.3414022Z ##[group]Operating System
2026-10-02T03:50:06.3414631Z Ubuntu
2026-10-02T03:50:06.3415694Z 24.04.5
2026-10-02T03:50:06.3416214Z LTS
2026-10-02T03:50:06.3416756Z ##[endgroup]
2026-10-02T03:50:06.3417328Z ##[group]Runner Image
2026-10-02T03:50:06.3417925Z Image: ubuntu-24.04
2026-10-02T03:50:06.3418616Z Version: 20260927.320.1
2026-10-02T03:50:06.3419841Z Included Software: https://github.com/actions/runner-images/blob/ubuntu24/20260927.320/images/ubuntu/Ubuntu2404-Readme.md
2026-10-02T03:50:06.3421835Z Image Release: https://github.com/actions/runner-images/releases/tag/ubuntu24%2F20260927.320
2026-10-02T03:50:06.3422808Z ##[endgroup]
2026-10-02T03:50:06.3424087Z ##[group]GITHUB_TOKEN Permissions
2026-10-02T03:50:06.3426292Z Actions: read
2026-10-02T03:50:06.3427002Z Contents: read
2026-10-02T03:50:06.3427574Z Metadata: read
2026-10-02T03:50:06.3428223Z ##[endgroup]
2026-10-02T03:50:06.3430543Z Secret source: Actions
2026-10-02T03:50:06.3432343Z Cache mode: write
2026-10-02T03:50:06.3433127Z Prepare workflow directory
2026-10-02T03:50:06.3966742Z Prepare all required actions
2026-10-02T03:50:06.4013631Z Getting action download info
2026-10-02T03:50:06.7274785Z Download action repository 'actions/checkout@v4' (SHA:11d5960a326750d5838078e36cf38b85af677262)
2026-10-02T03:50:06.8277724Z Download action repository 'actions/setup-python@v5' (SHA:a26af69be951a213d495a4c3e4e4022e16d87065)
2026-10-02T03:50:06.9085707Z Download action repository 'actions/cache@v4' (SHA:0057852bfaa89a56745cba8c7296529d2fc39830)
2026-10-02T03:50:07.0030525Z Download action repository 'actions/download-artifact@v4' (SHA:d3f86a106a0bac45b974a628896c90dbdf5c8093)
2026-10-02T03:50:07.5798072Z Download action repository 'actions/upload-artifact@v4' (SHA:ea165f8d65b6e75b540449e92b4886f43607fa02)
2026-10-02T03:50:07.7905173Z Complete job name: development (4)
2026-10-02T03:50:07.8690533Z ##[group]Run actions/checkout@v4
2026-10-02T03:50:07.8691690Z with:
2026-10-02T03:50:07.8692398Z   repository: duuu-hub/bb-scanner
2026-10-02T03:50:07.8697326Z   token: ***
2026-10-02T03:50:07.8697793Z   ssh-strict: true
2026-10-02T03:50:07.8698247Z   ssh-user: git
2026-10-02T03:50:07.8698740Z   persist-credentials: true
2026-10-02T03:50:07.8699389Z   clean: true
2026-10-02T03:50:07.8699848Z   sparse-checkout-cone-mode: true
2026-10-02T03:50:07.8700372Z   fetch-depth: 1
2026-10-02T03:50:07.8700800Z   fetch-tags: false
2026-10-02T03:50:07.8701594Z   show-progress: true
2026-10-02T03:50:07.8702042Z   lfs: false
2026-10-02T03:50:07.8702475Z   submodules: false
2026-10-02T03:50:07.8702924Z   set-safe-directory: true
2026-10-02T03:50:07.8703427Z   allow-unsafe-pr-checkout: false
2026-10-02T03:50:07.8704298Z env:
2026-10-02T03:50:07.8708273Z   GH_TOKEN: ***
2026-10-02T03:50:07.8708723Z ##[endgroup]
2026-10-02T03:50:07.9779751Z Syncing repository: duuu-hub/bb-scanner
2026-10-02T03:50:07.9783039Z ##[group]Getting Git version info
2026-10-02T03:50:07.9784259Z Working directory is '/home/runner/work/bb-scanner/bb-scanner'
2026-10-02T03:50:07.9785986Z [command]/usr/bin/git version
2026-10-02T03:50:07.9901533Z git version 2.55.0
2026-10-02T03:50:07.9986602Z ##[endgroup]
2026-10-02T03:50:07.9993512Z Temporarily overriding HOME='/home/runner/work/_temp/7ec7c937-fc99-40a1-981e-b308e2e835da' before making global git config changes
2026-10-02T03:50:07.9994892Z Adding repository directory to the temporary git global config as a safe directory
2026-10-02T03:50:07.9996294Z [command]/usr/bin/git config --global --add safe.directory /home/runner/work/bb-scanner/bb-scanner
2026-10-02T03:50:08.0018568Z Deleting the contents of '/home/runner/work/bb-scanner/bb-scanner'
2026-10-02T03:50:08.0022953Z ##[group]Initializing the repository
2026-10-02T03:50:08.0028116Z [command]/usr/bin/git init /home/runner/work/bb-scanner/bb-scanner
2026-10-02T03:50:08.0154702Z hint: Using 'master' as the name for the initial branch. This default branch name
2026-10-02T03:50:08.0157521Z hint: will change to "main" in Git 3.0. To configure the initial branch name
2026-10-02T03:50:08.0159853Z hint: to use in all of your new repositories, which will suppress this warning,
2026-10-02T03:50:08.0162253Z hint: call:
2026-10-02T03:50:08.0163367Z hint:
2026-10-02T03:50:08.0164726Z hint: 	git config --global init.defaultBranch <name>
2026-10-02T03:50:08.0165929Z hint:
2026-10-02T03:50:08.0166961Z hint: Names commonly chosen instead of 'master' are 'main', 'trunk' and
2026-10-02T03:50:08.0168586Z hint: 'development'. The just-created branch can be renamed via this command:
2026-10-02T03:50:08.0169952Z hint:
2026-10-02T03:50:08.0170702Z hint: 	git branch -m <name>
2026-10-02T03:50:08.0171759Z hint:
2026-10-02T03:50:08.0172775Z hint: Disable this message with "git config set advice.defaultBranchName false"
2026-10-02T03:50:08.0174945Z Initialized empty Git repository in /home/runner/work/bb-scanner/bb-scanner/.git/
2026-10-02T03:50:08.0179066Z [command]/usr/bin/git remote add origin https://github.com/duuu-hub/bb-scanner
2026-10-02T03:50:08.0236288Z ##[endgroup]
2026-10-02T03:50:08.0237651Z ##[group]Disabling automatic garbage collection
2026-10-02T03:50:08.0240896Z [command]/usr/bin/git config --local gc.auto 0
2026-10-02T03:50:08.0275716Z ##[endgroup]
2026-10-02T03:50:08.0276868Z ##[group]Setting up auth
2026-10-02T03:50:08.0284692Z [command]/usr/bin/git config --local --name-only --get-regexp core\.sshCommand
2026-10-02T03:50:08.0322814Z [command]/usr/bin/git submodule foreach --recursive sh -c "git config --local --name-only --get-regexp 'core\.sshCommand' && git config --local --unset-all 'core.sshCommand' || :"
2026-10-02T03:50:08.0751308Z [command]/usr/bin/git config --local --name-only --get-regexp http\.https\:\/\/github\.com\/\.extraheader
2026-10-02T03:50:08.0791334Z [command]/usr/bin/git submodule foreach --recursive sh -c "git config --local --name-only --get-regexp 'http\.https\:\/\/github\.com\/\.extraheader' && git config --local --unset-all 'http.https://github.com/.extraheader' || :"
2026-10-02T03:50:08.1028123Z [command]/usr/bin/git config --local --name-only --get-regexp ^includeIf\.gitdir:
2026-10-02T03:50:08.1066468Z [command]/usr/bin/git submodule foreach --recursive git config --local --show-origin --name-only --get-regexp remote.origin.url
2026-10-02T03:50:08.1298514Z [command]/usr/bin/git config --local http.https://github.com/.extraheader AUTHORIZATION: basic ***
2026-10-02T03:50:08.1340796Z ##[endgroup]
2026-10-02T03:50:08.1342497Z ##[group]Fetching the repository
2026-10-02T03:50:08.1353143Z [command]/usr/bin/git -c protocol.version=2 fetch --no-tags --prune --no-recurse-submodules --depth=1 origin +2e1bb92891c2c480028c075b30afe91275cc0c43:refs/remotes/origin/research-cross-sectional-leader-v9
2026-10-02T03:50:09.5087083Z From https://github.com/duuu-hub/bb-scanner
2026-10-02T03:50:09.5089123Z  * [new ref]         2e1bb92891c2c480028c075b30afe91275cc0c43 -> origin/research-cross-sectional-leader-v9
2026-10-02T03:50:09.5093465Z ##[endgroup]
2026-10-02T03:50:09.5094314Z ##[group]Determining the checkout info
2026-10-02T03:50:09.5112389Z ##[endgroup]
2026-10-02T03:50:09.5113103Z [command]/usr/bin/git sparse-checkout disable
2026-10-02T03:50:09.5161808Z [command]/usr/bin/git config --local --unset-all extensions.worktreeConfig
2026-10-02T03:50:09.5195071Z ##[group]Checking out the ref
2026-10-02T03:50:09.5237286Z [command]/usr/bin/git checkout --progress --force -B research-cross-sectional-leader-v9 refs/remotes/origin/research-cross-sectional-leader-v9
2026-10-02T03:50:09.7383453Z Switched to a new branch 'research-cross-sectional-leader-v9'
2026-10-02T03:50:09.7389685Z branch 'research-cross-sectional-leader-v9' set up to track 'origin/research-cross-sectional-leader-v9'.
2026-10-02T03:50:09.7400596Z ##[endgroup]
2026-10-02T03:50:09.7447815Z [command]/usr/bin/git log -1 --format=%H
2026-10-02T03:50:09.7475192Z 2e1bb92891c2c480028c075b30afe91275cc0c43
2026-10-02T03:50:09.7747253Z ##[group]Run actions/setup-python@v5
2026-10-02T03:50:09.7747678Z with:
2026-10-02T03:50:09.7747933Z   python-version: 3.12
2026-10-02T03:50:09.7748212Z   check-latest: false
2026-10-02T03:50:09.7751612Z   token: ***
2026-10-02T03:50:09.7751918Z   update-environment: true
2026-10-02T03:50:09.7752226Z   allow-prereleases: false
2026-10-02T03:50:09.7752511Z   freethreaded: false
2026-10-02T03:50:09.7752766Z env:
2026-10-02T03:50:09.7755696Z   GH_TOKEN: ***
2026-10-02T03:50:09.7755946Z ##[endgroup]
2026-10-02T03:50:09.9152410Z ##[group]Installed versions
2026-10-02T03:50:09.9244429Z (node:2381) [DEP0040] DeprecationWarning: The `punycode` module is deprecated. Please use a userland alternative instead.
2026-10-02T03:50:09.9245663Z (Use `node --trace-deprecation ...` to show where the warning was created)
2026-10-02T03:50:09.9246605Z Successfully set up CPython (3.12.14)
2026-10-02T03:50:09.9247539Z ##[endgroup]
2026-10-02T03:50:09.9382098Z ##[group]Run set -euo pipefail
2026-10-02T03:50:09.9382728Z [36;1mset -euo pipefail[0m
2026-10-02T03:50:09.9383089Z [36;1mpip install pandas==2.3.3 numpy==2.3.3[0m
2026-10-02T03:50:09.9729388Z shell: /usr/bin/bash --noprofile --norc -e -o pipefail {0}
2026-10-02T03:50:09.9729895Z env:
2026-10-02T03:50:09.9734292Z   GH_TOKEN: ***
2026-10-02T03:50:09.9734719Z   pythonLocation: /opt/hostedtoolcache/Python/3.12.14/x64
2026-10-02T03:50:09.9735322Z   PKG_CONFIG_PATH: /opt/hostedtoolcache/Python/3.12.14/x64/lib/pkgconfig
2026-10-02T03:50:09.9735922Z   Python_ROOT_DIR: /opt/hostedtoolcache/Python/3.12.14/x64
2026-10-02T03:50:09.9736455Z   Python2_ROOT_DIR: /opt/hostedtoolcache/Python/3.12.14/x64
2026-10-02T03:50:09.9736983Z   Python3_ROOT_DIR: /opt/hostedtoolcache/Python/3.12.14/x64
2026-10-02T03:50:09.9737553Z   LD_LIBRARY_PATH: /opt/hostedtoolcache/Python/3.12.14/x64/lib
2026-10-02T03:50:09.9738017Z ##[endgroup]
2026-10-02T03:50:11.1140874Z Collecting pandas==2.3.3
2026-10-02T03:50:11.2144180Z   Downloading pandas-2.3.3-cp312-cp312-manylinux_2_24_x86_64.manylinux_2_28_x86_64.whl.metadata (91 kB)
2026-10-02T03:50:11.5170823Z Collecting numpy==2.3.3
2026-10-02T03:50:11.5663851Z   Downloading numpy-2.3.3-cp312-cp312-manylinux_2_27_x86_64.manylinux_2_28_x86_64.whl.metadata (62 kB)
2026-10-02T03:50:11.6167580Z Collecting python-dateutil>=2.8.2 (from pandas==2.3.3)
2026-10-02T03:50:11.6365911Z   Downloading python_dateutil-2.9.0.post0-py2.py3-none-any.whl.metadata (8.4 kB)
2026-10-02T03:50:11.6873564Z Collecting pytz>=2020.1 (from pandas==2.3.3)
2026-10-02T03:50:11.7067739Z   Downloading pytz-2026.4-py2.py3-none-any.whl.metadata (22 kB)
2026-10-02T03:50:11.7392269Z Collecting tzdata>=2022.7 (from pandas==2.3.3)
2026-10-02T03:50:11.7584210Z   Downloading tzdata-2026.4-py2.py3-none-any.whl.metadata (1.4 kB)
2026-10-02T03:50:11.7897176Z Collecting six>=1.5 (from python-dateutil>=2.8.2->pandas==2.3.3)
2026-10-02T03:50:11.8087661Z   Downloading six-1.17.0-py2.py3-none-any.whl.metadata (1.7 kB)
2026-10-02T03:50:11.8320610Z Downloading pandas-2.3.3-cp312-cp312-manylinux_2_24_x86_64.manylinux_2_28_x86_64.whl (12.4 MB)
2026-10-02T03:50:12.0372434Z    ━━━━━━━━━━━━━━━━━━━━━━━━━━━━━━━━━━━━━━━━ 12.4/12.4 MB 71.9 MB/s  0:00:00
2026-10-02T03:50:12.0610081Z Downloading numpy-2.3.3-cp312-cp312-manylinux_2_27_x86_64.manylinux_2_28_x86_64.whl (16.6 MB)
2026-10-02T03:50:12.1850656Z    ━━━━━━━━━━━━━━━━━━━━━━━━━━━━━━━━━━━━━━━━ 16.6/16.6 MB 135.5 MB/s  0:00:00
2026-10-02T03:50:12.2049183Z Downloading python_dateutil-2.9.0.post0-py2.py3-none-any.whl (229 kB)
2026-10-02T03:50:12.2307275Z Downloading pytz-2026.4-py2.py3-none-any.whl (506 kB)
2026-10-02T03:50:12.2569406Z Downloading six-1.17.0-py2.py3-none-any.whl (11 kB)
2026-10-02T03:50:12.2780305Z Downloading tzdata-2026.4-py2.py3-none-any.whl (347 kB)
2026-10-02T03:50:12.4436263Z Installing collected packages: pytz, tzdata, six, numpy, python-dateutil, pandas
2026-10-02T03:50:19.4665837Z 
2026-10-02T03:50:19.4680547Z Successfully installed numpy-2.3.3 pandas-2.3.3 python-dateutil-2.9.0.post0 pytz-2026.4 six-1.17.0 tzdata-2026.4
2026-10-02T03:50:19.5485620Z ##[group]Run actions/cache@v4
2026-10-02T03:50:19.5485909Z with:
2026-10-02T03:50:19.5486107Z   path: data
2026-10-02T03:50:19.5486335Z   key: frozen-source-36095439671-15m-shard-4
2026-10-02T03:50:19.5486639Z   enableCrossOsArchive: false
2026-10-02T03:50:19.5486897Z   fail-on-cache-miss: false
2026-10-02T03:50:19.5487220Z   lookup-only: false
2026-10-02T03:50:19.5487440Z   save-always: false
2026-10-02T03:50:19.5487672Z env:
2026-10-02T03:50:19.5490681Z   GH_TOKEN: ***
2026-10-02T03:50:19.5491237Z   pythonLocation: /opt/hostedtoolcache/Python/3.12.14/x64
2026-10-02T03:50:19.5491697Z   PKG_CONFIG_PATH: /opt/hostedtoolcache/Python/3.12.14/x64/lib/pkgconfig
2026-10-02T03:50:19.5492140Z   Python_ROOT_DIR: /opt/hostedtoolcache/Python/3.12.14/x64
2026-10-02T03:50:19.5492543Z   Python2_ROOT_DIR: /opt/hostedtoolcache/Python/3.12.14/x64
2026-10-02T03:50:19.5492919Z   Python3_ROOT_DIR: /opt/hostedtoolcache/Python/3.12.14/x64
2026-10-02T03:50:19.5493342Z   LD_LIBRARY_PATH: /opt/hostedtoolcache/Python/3.12.14/x64/lib
2026-10-02T03:50:19.5493669Z ##[endgroup]
2026-10-02T03:50:19.6592537Z (node:2417) [DEP0040] DeprecationWarning: The `punycode` module is deprecated. Please use a userland alternative instead.
2026-10-02T03:50:19.6593790Z (Use `node --trace-deprecation ...` to show where the warning was created)
2026-10-02T03:50:19.8404036Z Cache hit for: frozen-source-36095439671-15m-shard-4
2026-10-02T03:50:19.8520776Z (node:2417) [DEP0169] DeprecationWarning: `url.parse()` behavior is not standardized and prone to errors that have security implications. Use the WHATWG URL API instead. CVEs are not issued for `url.parse()` vulnerabilities.
2026-10-02T03:50:21.0530570Z Received 37748736 of 240222498 (15.7%), 36.0 MBs/sec
2026-10-02T03:50:22.0572466Z Received 201326592 of 240222498 (83.8%), 95.9 MBs/sec
2026-10-02T03:50:22.2295667Z Received 240222498 of 240222498 (100.0%), 105.2 MBs/sec
2026-10-02T03:50:22.2298504Z Cache Size: ~229 MB (240222498 B)
2026-10-02T03:50:22.2343926Z [command]/usr/bin/tar -xf /home/runner/work/_temp/fdf7e009-324f-49fd-b1b1-f9b0b4acaf57/cache.tzst -P -C /home/runner/work/bb-scanner/bb-scanner --use-compress-program unzstd
2026-10-02T03:50:22.5261448Z Cache restored successfully
2026-10-02T03:50:22.5450364Z Cache restored from key: frozen-source-36095439671-15m-shard-4
2026-10-02T03:50:22.5612844Z ##[group]Run set -euo pipefail
2026-10-02T03:50:22.5613191Z [36;1mset -euo pipefail[0m
2026-10-02T03:50:22.5613458Z [36;1mif [ 'true' != 'true' ]; then[0m
2026-10-02T03:50:22.5613999Z [36;1m  gh run download 36095439671 -R duuu-hub/bb-scanner -n rank5-binance-um-15m-5y-data-shard-4 -D data[0m
2026-10-02T03:50:22.5614529Z [36;1mfi[0m
2026-10-02T03:50:22.5614885Z [36;1mgh run download 36858492497 -R duuu-hub/bb-scanner -n day-edge-v2-btc -D btc[0m
2026-10-02T03:50:22.5615617Z [36;1mgh run download 36095439671 -R duuu-hub/bb-scanner -n rank5-binance-um-15m-5y-manifest-shard-4 -D source-manifest[0m
2026-10-02T03:50:22.5616792Z [36;1mpython scripts/research_evidence_archive.py verify-source --data data --manifests source-manifest --baseline research/cross-sectional-leader-v9/FROZEN_INPUT_HASHES.json --out dev-4/source_check.json[0m
2026-10-02T03:50:22.5684439Z shell: /usr/bin/bash --noprofile --norc -e -o pipefail {0}
2026-10-02T03:50:22.5684842Z env:
2026-10-02T03:50:22.5688273Z   GH_TOKEN: ***
2026-10-02T03:50:22.5688595Z   pythonLocation: /opt/hostedtoolcache/Python/3.12.14/x64
2026-10-02T03:50:22.5689066Z   PKG_CONFIG_PATH: /opt/hostedtoolcache/Python/3.12.14/x64/lib/pkgconfig
2026-10-02T03:50:22.5689538Z   Python_ROOT_DIR: /opt/hostedtoolcache/Python/3.12.14/x64
2026-10-02T03:50:22.5689961Z   Python2_ROOT_DIR: /opt/hostedtoolcache/Python/3.12.14/x64
2026-10-02T03:50:22.5690377Z   Python3_ROOT_DIR: /opt/hostedtoolcache/Python/3.12.14/x64
2026-10-02T03:50:22.5691357Z   LD_LIBRARY_PATH: /opt/hostedtoolcache/Python/3.12.14/x64/lib
2026-10-02T03:50:22.5691741Z ##[endgroup]
2026-10-02T03:50:31.8109300Z FROZEN_SOURCE_VERIFIED 107 files 37 prior SHA256 matches
2026-10-02T03:50:31.8659021Z ##[group]Run actions/download-artifact@v4
2026-10-02T03:50:31.8659357Z with:
2026-10-02T03:50:31.8659633Z   name: cross-sectional-leader-v9-ranks-development
2026-10-02T03:50:31.8659960Z   path: frozen-ranks
2026-10-02T03:50:31.8660189Z   merge-multiple: false
2026-10-02T03:50:31.8660426Z   repository: duuu-hub/bb-scanner
2026-10-02T03:50:31.8660679Z   run-id: 36955250542
2026-10-02T03:50:31.8660879Z env:
2026-10-02T03:50:31.8664304Z   GH_TOKEN: ***
2026-10-02T03:50:31.8664605Z   pythonLocation: /opt/hostedtoolcache/Python/3.12.14/x64
2026-10-02T03:50:31.8665050Z   PKG_CONFIG_PATH: /opt/hostedtoolcache/Python/3.12.14/x64/lib/pkgconfig
2026-10-02T03:50:31.8665502Z   Python_ROOT_DIR: /opt/hostedtoolcache/Python/3.12.14/x64
2026-10-02T03:50:31.8665899Z   Python2_ROOT_DIR: /opt/hostedtoolcache/Python/3.12.14/x64
2026-10-02T03:50:31.8666299Z   Python3_ROOT_DIR: /opt/hostedtoolcache/Python/3.12.14/x64
2026-10-02T03:50:31.8666733Z   LD_LIBRARY_PATH: /opt/hostedtoolcache/Python/3.12.14/x64/lib
2026-10-02T03:50:31.8667062Z ##[endgroup]
2026-10-02T03:50:32.0208666Z Downloading single artifact
2026-10-02T03:50:32.0362346Z (node:2452) [DEP0040] DeprecationWarning: The `punycode` module is deprecated. Please use a userland alternative instead.
2026-10-02T03:50:32.0363434Z (Use `node --trace-deprecation ...` to show where the warning was created)
2026-10-02T03:50:32.2284925Z Preparing to download the following artifacts:
2026-10-02T03:50:32.2286291Z - cross-sectional-leader-v9-ranks-development (ID: 11208070575, Size: 3480817, Expected Digest: sha256:a9490f13bdba0ddf14bb4b166ef4bc3840305cae8af7b2c9319ccac5254350bd)
2026-10-02T03:50:32.4288541Z Redirecting to blob download url: https://productionresultssa11.blob.core.windows.net/actions-results/d1fe8afc-62af-86e2-baa5-d9e2f76011a8/workflow-job-run-e7a83d86-5e46-5c2a-8bd6-f909f52dd8cc/artifacts/fbc0d4f413c4de9fe58816d270d7738ac37c28ad5a80deb75b2baf2c68a474f5.zip
2026-10-02T03:50:32.4290756Z Starting download of artifact to: /home/runner/work/bb-scanner/bb-scanner/frozen-ranks
2026-10-02T03:50:32.6410664Z (node:2452) [DEP0005] DeprecationWarning: Buffer() is deprecated due to security and usability issues. Please use the Buffer.alloc(), Buffer.allocUnsafe(), or Buffer.from() methods instead.
2026-10-02T03:50:33.1173498Z SHA256 digest of downloaded artifact is a9490f13bdba0ddf14bb4b166ef4bc3840305cae8af7b2c9319ccac5254350bd
2026-10-02T03:50:33.1174648Z Artifact download completed successfully.
2026-10-02T03:50:33.1175280Z Total of 1 artifact(s) downloaded
2026-10-02T03:50:33.1180364Z Download artifact has finished successfully
2026-10-02T03:50:33.1325465Z ##[group]Run actions/cache@v4
2026-10-02T03:50:33.1325755Z with:
2026-10-02T03:50:33.1325971Z   path: cache/verified-1m
2026-10-02T03:50:33.1326276Z   key: cross-sectional-leader-v9-dev-1m-shard-4
2026-10-02T03:50:33.1326779Z   restore-keys: premium-absorption-v8-dev-1m-shard-4
factor-lag-v6-dev-1m-shard-4
2026-10-02T03:50:33.1327240Z   enableCrossOsArchive: false
2026-10-02T03:50:33.1327506Z   fail-on-cache-miss: false
2026-10-02T03:50:33.1327746Z   lookup-only: false
2026-10-02T03:50:33.1327969Z   save-always: false
2026-10-02T03:50:33.1328172Z env:
2026-10-02T03:50:33.1331480Z   GH_TOKEN: ***
2026-10-02T03:50:33.1331790Z   pythonLocation: /opt/hostedtoolcache/Python/3.12.14/x64
2026-10-02T03:50:33.1332245Z   PKG_CONFIG_PATH: /opt/hostedtoolcache/Python/3.12.14/x64/lib/pkgconfig
2026-10-02T03:50:33.1332684Z   Python_ROOT_DIR: /opt/hostedtoolcache/Python/3.12.14/x64
2026-10-02T03:50:33.1333084Z   Python2_ROOT_DIR: /opt/hostedtoolcache/Python/3.12.14/x64
2026-10-02T03:50:33.1333497Z   Python3_ROOT_DIR: /opt/hostedtoolcache/Python/3.12.14/x64
2026-10-02T03:50:33.1333892Z   LD_LIBRARY_PATH: /opt/hostedtoolcache/Python/3.12.14/x64/lib
2026-10-02T03:50:33.1334231Z ##[endgroup]
2026-10-02T03:50:33.2408339Z (node:2465) [DEP0040] DeprecationWarning: The `punycode` module is deprecated. Please use a userland alternative instead.
2026-10-02T03:50:33.2409457Z (Use `node --trace-deprecation ...` to show where the warning was created)
2026-10-02T03:50:33.4103893Z Cache not found for input keys: cross-sectional-leader-v9-dev-1m-shard-4, premium-absorption-v8-dev-1m-shard-4, factor-lag-v6-dev-1m-shard-4
2026-10-02T03:50:33.4227519Z ##[group]Run set -euo pipefail
2026-10-02T03:50:33.4228076Z [36;1mset -euo pipefail[0m
2026-10-02T03:50:33.4229168Z [36;1mpython scripts/cross_sectional_leader_v9.py scan --stage DEV --data data --btc btc/BTCUSDT.csv.gz --ranks frozen-ranks --source-check dev-4/source_check.json --out dev-4 --minute-cache cache/verified-1m[0m
2026-10-02T03:50:33.4294702Z shell: /usr/bin/bash --noprofile --norc -e -o pipefail {0}
2026-10-02T03:50:33.4295094Z env:
2026-10-02T03:50:33.4298791Z   GH_TOKEN: ***
2026-10-02T03:50:33.4299107Z   pythonLocation: /opt/hostedtoolcache/Python/3.12.14/x64
2026-10-02T03:50:33.4299609Z   PKG_CONFIG_PATH: /opt/hostedtoolcache/Python/3.12.14/x64/lib/pkgconfig
2026-10-02T03:50:33.4300126Z   Python_ROOT_DIR: /opt/hostedtoolcache/Python/3.12.14/x64
2026-10-02T03:50:33.4300556Z   Python2_ROOT_DIR: /opt/hostedtoolcache/Python/3.12.14/x64
2026-10-02T03:50:33.4301424Z   Python3_ROOT_DIR: /opt/hostedtoolcache/Python/3.12.14/x64
2026-10-02T03:50:33.4301952Z   LD_LIBRARY_PATH: /opt/hostedtoolcache/Python/3.12.14/x64/lib
2026-10-02T03:50:33.4302337Z ##[endgroup]
2026-10-02T03:50:50.7676133Z V9_LEADER_SCAN DEV 8 / 107 parameterized_outcomes 3288
2026-10-02T03:51:15.1806342Z V9_LEADER_SCAN DEV 16 / 107 parameterized_outcomes 7290
2026-10-02T03:51:58.9543342Z V9_LEADER_SCAN DEV 48 / 107 parameterized_outcomes 14082
2026-10-02T03:52:23.0329029Z V9_LEADER_SCAN DEV 56 / 107 parameterized_outcomes 17406
2026-10-02T03:53:01.6439276Z V9_LEADER_SCAN DEV 96 / 107 parameterized_outcomes 20580
2026-10-02T03:53:18.7455414Z V9_LEADER_SCAN_DONE DEV 22272 chronology_exclusions 0
2026-10-02T03:53:18.8140841Z ##[group]Run actions/upload-artifact@v4
2026-10-02T03:53:18.8141653Z with:
2026-10-02T03:53:18.8141891Z   name: cross-sectional-leader-v9-dev-4
2026-10-02T03:53:18.8142181Z   path: dev-4/
2026-10-02T03:53:18.8142394Z   retention-days: 30
2026-10-02T03:53:18.8142624Z   compression-level: 0
2026-10-02T03:53:18.8142852Z   if-no-files-found: warn
2026-10-02T03:53:18.8143083Z   overwrite: false
2026-10-02T03:53:18.8143304Z   include-hidden-files: false
2026-10-02T03:53:18.8143542Z env:
2026-10-02T03:53:18.8146544Z   GH_TOKEN: ***
2026-10-02T03:53:18.8146841Z   pythonLocation: /opt/hostedtoolcache/Python/3.12.14/x64
2026-10-02T03:53:18.8147290Z   PKG_CONFIG_PATH: /opt/hostedtoolcache/Python/3.12.14/x64/lib/pkgconfig
2026-10-02T03:53:18.8147722Z   Python_ROOT_DIR: /opt/hostedtoolcache/Python/3.12.14/x64
2026-10-02T03:53:18.8148107Z   Python2_ROOT_DIR: /opt/hostedtoolcache/Python/3.12.14/x64
2026-10-02T03:53:18.8148500Z   Python3_ROOT_DIR: /opt/hostedtoolcache/Python/3.12.14/x64
2026-10-02T03:53:18.8148934Z   LD_LIBRARY_PATH: /opt/hostedtoolcache/Python/3.12.14/x64/lib
2026-10-02T03:53:18.8149264Z ##[endgroup]
2026-10-02T03:53:18.9794998Z (node:2515) [DEP0040] DeprecationWarning: The `punycode` module is deprecated. Please use a userland alternative instead.
2026-10-02T03:53:18.9796012Z (Use `node --trace-deprecation ...` to show where the warning was created)
2026-10-02T03:53:19.0158273Z With the provided path, there will be 162 files uploaded
2026-10-02T03:53:19.0159159Z Artifact name is valid!
2026-10-02T03:53:19.0159567Z Root directory input is valid!
2026-10-02T03:53:19.4765622Z Beginning upload of artifact content to blob storage
2026-10-02T03:53:19.5954738Z (node:2515) [DEP0169] DeprecationWarning: `url.parse()` behavior is not standardized and prone to errors that have security implications. Use the WHATWG URL API instead. CVEs are not issued for `url.parse()` vulnerabilities.
2026-10-02T03:53:20.2817197Z Uploaded bytes 8388608
2026-10-02T03:53:20.3042049Z Uploaded bytes 16777216
2026-10-02T03:53:20.3449838Z Uploaded bytes 25165824
2026-10-02T03:53:20.3706035Z Uploaded bytes 33554432
2026-10-02T03:53:20.4943839Z Uploaded bytes 41943040
2026-10-02T03:53:20.5112088Z Uploaded bytes 50331648
2026-10-02T03:53:20.5423949Z Uploaded bytes 58720256
2026-10-02T03:53:20.5656246Z Uploaded bytes 67108864
2026-10-02T03:53:20.8871986Z Uploaded bytes 73853183
2026-10-02T03:53:20.9424915Z Finished uploading artifact content to blob storage!
2026-10-02T03:53:20.9426508Z SHA256 digest of uploaded artifact zip is acb09ae3a7c3bac1a2ce887b34b2ebb25f3cbc78eeb0a4a23fd4aac16bb7e9dc
2026-10-02T03:53:20.9428454Z Finalizing artifact upload
2026-10-02T03:53:21.1832636Z Artifact cross-sectional-leader-v9-dev-4.zip successfully finalized. Artifact ID 11208631386
2026-10-02T03:53:21.1834714Z Artifact cross-sectional-leader-v9-dev-4 has been successfully uploaded! Final size is 73853183 bytes. Artifact ID is 11208631386
2026-10-02T03:53:21.1840853Z Artifact download URL: https://github.com/duuu-hub/bb-scanner/actions/runs/36955250542/artifacts/11208631386
2026-10-02T03:53:21.2044970Z Post job cleanup.
2026-10-02T03:53:21.3152173Z (node:2528) [DEP0040] DeprecationWarning: The `punycode` module is deprecated. Please use a userland alternative instead.
2026-10-02T03:53:21.3153886Z (Use `node --trace-deprecation ...` to show where the warning was created)
2026-10-02T03:53:21.3366967Z [command]/usr/bin/tar --posix -cf cache.tzst --exclude cache.tzst -P -C /home/runner/work/bb-scanner/bb-scanner --files-from manifest.txt --use-compress-program zstdmt
2026-10-02T03:53:21.7094926Z (node:2528) [DEP0169] DeprecationWarning: `url.parse()` behavior is not standardized and prone to errors that have security implications. Use the WHATWG URL API instead. CVEs are not issued for `url.parse()` vulnerabilities.
2026-10-02T03:53:22.7022623Z Sent 48234496 of 89999888 (53.6%), 46.0 MBs/sec
2026-10-02T03:53:23.7024311Z Sent 89999888 of 89999888 (100.0%), 42.9 MBs/sec
2026-10-02T03:53:23.9012156Z Cache saved with key: cross-sectional-leader-v9-dev-1m-shard-4
2026-10-02T03:53:23.9149568Z Post job cleanup.
2026-10-02T03:53:24.0297479Z Cache hit occurred on the primary key frozen-source-36095439671-15m-shard-4, not saving cache.
2026-10-02T03:53:24.0299200Z (node:2548) [DEP0040] DeprecationWarning: The `punycode` module is deprecated. Please use a userland alternative instead.
2026-10-02T03:53:24.0300106Z (Use `node --trace-deprecation ...` to show where the warning was created)
2026-10-02T03:53:24.0414788Z Post job cleanup.
2026-10-02T03:53:24.1705624Z (node:2556) [DEP0040] DeprecationWarning: The `punycode` module is deprecated. Please use a userland alternative instead.
2026-10-02T03:53:24.1707027Z (Use `node --trace-deprecation ...` to show where the warning was created)
2026-10-02T03:53:24.1911170Z Post job cleanup.
2026-10-02T03:53:24.2820467Z [command]/usr/bin/git version
2026-10-02T03:53:24.2866335Z git version 2.55.0
2026-10-02T03:53:24.2922169Z Temporarily overriding HOME='/home/runner/work/_temp/d15c94d9-b20b-4575-8b94-78ebbabbc8d4' before making global git config changes
2026-10-02T03:53:24.2942014Z Adding repository directory to the temporary git global config as a safe directory
2026-10-02T03:53:24.2952222Z [command]/usr/bin/git config --global --add safe.directory /home/runner/work/bb-scanner/bb-scanner
2026-10-02T03:53:24.2956673Z [command]/usr/bin/git config --local --name-only --get-regexp core\.sshCommand
2026-10-02T03:53:24.3006260Z [command]/usr/bin/git submodule foreach --recursive sh -c "git config --local --name-only --get-regexp 'core\.sshCommand' && git config --local --unset-all 'core.sshCommand' || :"
2026-10-02T03:53:24.3273415Z [command]/usr/bin/git config --local --name-only --get-regexp http\.https\:\/\/github\.com\/\.extraheader
2026-10-02T03:53:24.3303832Z http.https://github.com/.extraheader
2026-10-02T03:53:24.3317384Z [command]/usr/bin/git config --local --unset-all http.https://github.com/.extraheader
2026-10-02T03:53:24.3364216Z [command]/usr/bin/git submodule foreach --recursive sh -c "git config --local --name-only --get-regexp 'http\.https\:\/\/github\.com\/\.extraheader' && git config --local --unset-all 'http.https://github.com/.extraheader' || :"
2026-10-02T03:53:24.3643099Z [command]/usr/bin/git config --local --name-only --get-regexp ^includeIf\.gitdir:
2026-10-02T03:53:24.3700770Z [command]/usr/bin/git submodule foreach --recursive git config --local --show-origin --name-only --get-regexp remote.origin.url
2026-10-02T03:53:24.4121283Z Cleaning up orphan processes
2026-10-02T03:53:24.4455764Z ##[warning]Node.js 20 is deprecated. The following actions target Node.js 20 but are being forced to run on Node.js 24: actions/cache@v4, actions/checkout@v4, actions/download-artifact@v4, actions/setup-python@v5, actions/upload-artifact@v4. For more information see: https://github.blog/changelog/2025-09-19-deprecation-of-node-20-on-github-actions-runners/
