2026-10-02T03:18:14.7721173Z Current runner version: '2.337.0'
2026-10-02T03:18:14.7749211Z ##[group]Runner Image Provisioner
2026-10-02T03:18:14.7750121Z Hosted Compute Agent
2026-10-02T03:18:14.7750793Z Version: 20260901.588
2026-10-02T03:18:14.7751490Z Commit: f88ec8081b781fac6c440065ac7ff9e710ce3d0b
2026-10-02T03:18:14.7752228Z Build Date: 2026-09-01T19:56:44Z
2026-10-02T03:18:14.7752968Z Worker ID: {4ab9465d-74c8-4ced-9dda-e8bd86371782}
2026-10-02T03:18:14.7753679Z Azure Region: westus2
2026-10-02T03:18:14.7754238Z ##[endgroup]
2026-10-02T03:18:14.7755977Z ##[group]Operating System
2026-10-02T03:18:14.7756634Z Ubuntu
2026-10-02T03:18:14.7757238Z 24.04.5
2026-10-02T03:18:14.7757975Z LTS
2026-10-02T03:18:14.7758534Z ##[endgroup]
2026-10-02T03:18:14.7759172Z ##[group]Runner Image
2026-10-02T03:18:14.7759860Z Image: ubuntu-24.04
2026-10-02T03:18:14.7760837Z Version: 20260927.320.1
2026-10-02T03:18:14.7762170Z Included Software: https://github.com/actions/runner-images/blob/ubuntu24/20260927.320/images/ubuntu/Ubuntu2404-Readme.md
2026-10-02T03:18:14.7763849Z Image Release: https://github.com/actions/runner-images/releases/tag/ubuntu24%2F20260927.320
2026-10-02T03:18:14.7764823Z ##[endgroup]
2026-10-02T03:18:14.7766053Z ##[group]GITHUB_TOKEN Permissions
2026-10-02T03:18:14.7768523Z Actions: read
2026-10-02T03:18:14.7769225Z Contents: read
2026-10-02T03:18:14.7769815Z Metadata: read
2026-10-02T03:18:14.7770380Z ##[endgroup]
2026-10-02T03:18:14.7772562Z Secret source: Actions
2026-10-02T03:18:14.7773547Z Cache mode: write
2026-10-02T03:18:14.7774352Z Prepare workflow directory
2026-10-02T03:18:14.8377129Z Prepare all required actions
2026-10-02T03:18:14.8426831Z Getting action download info
2026-10-02T03:18:15.1749286Z Download action repository 'actions/checkout@v4' (SHA:11d5960a326750d5838078e36cf38b85af677262)
2026-10-02T03:18:15.2713227Z Download action repository 'actions/setup-python@v5' (SHA:a26af69be951a213d495a4c3e4e4022e16d87065)
2026-10-02T03:18:15.3478959Z Download action repository 'actions/cache@v4' (SHA:0057852bfaa89a56745cba8c7296529d2fc39830)
2026-10-02T03:18:15.4426348Z Download action repository 'actions/upload-artifact@v4' (SHA:ea165f8d65b6e75b540449e92b4886f43607fa02)
2026-10-02T03:18:15.6535358Z Complete job name: map_development (7)
2026-10-02T03:18:15.7272485Z ##[group]Run actions/checkout@v4
2026-10-02T03:18:15.7273379Z with:
2026-10-02T03:18:15.7273827Z   repository: duuu-hub/bb-scanner
2026-10-02T03:18:15.7278084Z   token: ***
2026-10-02T03:18:15.7278538Z   ssh-strict: true
2026-10-02T03:18:15.7278976Z   ssh-user: git
2026-10-02T03:18:15.7279411Z   persist-credentials: true
2026-10-02T03:18:15.7279894Z   clean: true
2026-10-02T03:18:15.7280325Z   sparse-checkout-cone-mode: true
2026-10-02T03:18:15.7280834Z   fetch-depth: 1
2026-10-02T03:18:15.7281252Z   fetch-tags: false
2026-10-02T03:18:15.7281682Z   show-progress: true
2026-10-02T03:18:15.7282191Z   lfs: false
2026-10-02T03:18:15.7282668Z   submodules: false
2026-10-02T03:18:15.7283173Z   set-safe-directory: true
2026-10-02T03:18:15.7283668Z   allow-unsafe-pr-checkout: false
2026-10-02T03:18:15.7284457Z env:
2026-10-02T03:18:15.7288507Z   GH_TOKEN: ***
2026-10-02T03:18:15.7288940Z ##[endgroup]
2026-10-02T03:18:15.8450805Z Syncing repository: duuu-hub/bb-scanner
2026-10-02T03:18:15.8453692Z ##[group]Getting Git version info
2026-10-02T03:18:15.8454838Z Working directory is '/home/runner/work/bb-scanner/bb-scanner'
2026-10-02T03:18:15.8456682Z [command]/usr/bin/git version
2026-10-02T03:18:15.8499322Z git version 2.55.0
2026-10-02T03:18:15.8531687Z ##[endgroup]
2026-10-02T03:18:15.8557874Z Temporarily overriding HOME='/home/runner/work/_temp/03a1b489-2466-40c4-8e46-362dab630c0b' before making global git config changes
2026-10-02T03:18:15.8570991Z Adding repository directory to the temporary git global config as a safe directory
2026-10-02T03:18:15.8574882Z [command]/usr/bin/git config --global --add safe.directory /home/runner/work/bb-scanner/bb-scanner
2026-10-02T03:18:15.8639154Z Deleting the contents of '/home/runner/work/bb-scanner/bb-scanner'
2026-10-02T03:18:15.8645871Z ##[group]Initializing the repository
2026-10-02T03:18:15.8653011Z [command]/usr/bin/git init /home/runner/work/bb-scanner/bb-scanner
2026-10-02T03:18:15.8779479Z hint: Using 'master' as the name for the initial branch. This default branch name
2026-10-02T03:18:15.8781352Z hint: will change to "main" in Git 3.0. To configure the initial branch name
2026-10-02T03:18:15.8784419Z hint: to use in all of your new repositories, which will suppress this warning,
2026-10-02T03:18:15.8785945Z hint: call:
2026-10-02T03:18:15.8786755Z hint:
2026-10-02T03:18:15.8787939Z hint: 	git config --global init.defaultBranch <name>
2026-10-02T03:18:15.8789098Z hint:
2026-10-02T03:18:15.8791108Z hint: Names commonly chosen instead of 'master' are 'main', 'trunk' and
2026-10-02T03:18:15.8793553Z hint: 'development'. The just-created branch can be renamed via this command:
2026-10-02T03:18:15.8794950Z hint:
2026-10-02T03:18:15.8795764Z hint: 	git branch -m <name>
2026-10-02T03:18:15.8796676Z hint:
2026-10-02T03:18:15.8798064Z hint: Disable this message with "git config set advice.defaultBranchName false"
2026-10-02T03:18:15.8801018Z Initialized empty Git repository in /home/runner/work/bb-scanner/bb-scanner/.git/
2026-10-02T03:18:15.8804740Z [command]/usr/bin/git remote add origin https://github.com/duuu-hub/bb-scanner
2026-10-02T03:18:15.8887318Z ##[endgroup]
2026-10-02T03:18:15.8888830Z ##[group]Disabling automatic garbage collection
2026-10-02T03:18:15.8889961Z [command]/usr/bin/git config --local gc.auto 0
2026-10-02T03:18:15.8931704Z ##[endgroup]
2026-10-02T03:18:15.8932987Z ##[group]Setting up auth
2026-10-02T03:18:15.8939406Z [command]/usr/bin/git config --local --name-only --get-regexp core\.sshCommand
2026-10-02T03:18:15.8995664Z [command]/usr/bin/git submodule foreach --recursive sh -c "git config --local --name-only --get-regexp 'core\.sshCommand' && git config --local --unset-all 'core.sshCommand' || :"
2026-10-02T03:18:15.9406355Z [command]/usr/bin/git config --local --name-only --get-regexp http\.https\:\/\/github\.com\/\.extraheader
2026-10-02T03:18:15.9449728Z [command]/usr/bin/git submodule foreach --recursive sh -c "git config --local --name-only --get-regexp 'http\.https\:\/\/github\.com\/\.extraheader' && git config --local --unset-all 'http.https://github.com/.extraheader' || :"
2026-10-02T03:18:15.9688227Z [command]/usr/bin/git config --local --name-only --get-regexp ^includeIf\.gitdir:
2026-10-02T03:18:15.9730560Z [command]/usr/bin/git submodule foreach --recursive git config --local --show-origin --name-only --get-regexp remote.origin.url
2026-10-02T03:18:15.9974441Z [command]/usr/bin/git config --local http.https://github.com/.extraheader AUTHORIZATION: basic ***
2026-10-02T03:18:16.0021905Z ##[endgroup]
2026-10-02T03:18:16.0023464Z ##[group]Fetching the repository
2026-10-02T03:18:16.0033983Z [command]/usr/bin/git -c protocol.version=2 fetch --no-tags --prune --no-recurse-submodules --depth=1 origin +2e1bb92891c2c480028c075b30afe91275cc0c43:refs/remotes/origin/research-cross-sectional-leader-v9
2026-10-02T03:18:16.7293222Z From https://github.com/duuu-hub/bb-scanner
2026-10-02T03:18:16.7295882Z  * [new ref]         2e1bb92891c2c480028c075b30afe91275cc0c43 -> origin/research-cross-sectional-leader-v9
2026-10-02T03:18:16.7302928Z ##[endgroup]
2026-10-02T03:18:16.7305167Z ##[group]Determining the checkout info
2026-10-02T03:18:16.7307332Z ##[endgroup]
2026-10-02T03:18:16.7309450Z [command]/usr/bin/git sparse-checkout disable
2026-10-02T03:18:16.7369620Z [command]/usr/bin/git config --local --unset-all extensions.worktreeConfig
2026-10-02T03:18:16.7409950Z ##[group]Checking out the ref
2026-10-02T03:18:16.7418663Z [command]/usr/bin/git checkout --progress --force -B research-cross-sectional-leader-v9 refs/remotes/origin/research-cross-sectional-leader-v9
2026-10-02T03:18:16.9599408Z Switched to a new branch 'research-cross-sectional-leader-v9'
2026-10-02T03:18:16.9604588Z branch 'research-cross-sectional-leader-v9' set up to track 'origin/research-cross-sectional-leader-v9'.
2026-10-02T03:18:16.9618153Z ##[endgroup]
2026-10-02T03:18:16.9666106Z [command]/usr/bin/git log -1 --format=%H
2026-10-02T03:18:16.9696408Z 2e1bb92891c2c480028c075b30afe91275cc0c43
2026-10-02T03:18:17.0138453Z ##[group]Run actions/setup-python@v5
2026-10-02T03:18:17.0139828Z with:
2026-10-02T03:18:17.0140834Z   python-version: 3.12
2026-10-02T03:18:17.0141919Z   check-latest: false
2026-10-02T03:18:17.0151680Z   token: ***
2026-10-02T03:18:17.0152735Z   update-environment: true
2026-10-02T03:18:17.0153900Z   allow-prereleases: false
2026-10-02T03:18:17.0155038Z   freethreaded: false
2026-10-02T03:18:17.0156075Z env:
2026-10-02T03:18:17.0165350Z   GH_TOKEN: ***
2026-10-02T03:18:17.0166354Z ##[endgroup]
2026-10-02T03:18:17.1631214Z ##[group]Installed versions
2026-10-02T03:18:17.1764538Z (node:2277) [DEP0040] DeprecationWarning: The `punycode` module is deprecated. Please use a userland alternative instead.
2026-10-02T03:18:17.1765789Z (Use `node --trace-deprecation ...` to show where the warning was created)
2026-10-02T03:18:17.1767050Z Successfully set up CPython (3.12.14)
2026-10-02T03:18:17.1768579Z ##[endgroup]
2026-10-02T03:18:17.1989606Z ##[group]Run set -euo pipefail
2026-10-02T03:18:17.1990408Z [36;1mset -euo pipefail[0m
2026-10-02T03:18:17.1991110Z [36;1mpip install pandas==2.3.3 numpy==2.3.3[0m
2026-10-02T03:18:17.2285066Z shell: /usr/bin/bash --noprofile --norc -e -o pipefail {0}
2026-10-02T03:18:17.2285873Z env:
2026-10-02T03:18:17.2290131Z   GH_TOKEN: ***
2026-10-02T03:18:17.2290776Z   pythonLocation: /opt/hostedtoolcache/Python/3.12.14/x64
2026-10-02T03:18:17.2291636Z   PKG_CONFIG_PATH: /opt/hostedtoolcache/Python/3.12.14/x64/lib/pkgconfig
2026-10-02T03:18:17.2292477Z   Python_ROOT_DIR: /opt/hostedtoolcache/Python/3.12.14/x64
2026-10-02T03:18:17.2293227Z   Python2_ROOT_DIR: /opt/hostedtoolcache/Python/3.12.14/x64
2026-10-02T03:18:17.2293979Z   Python3_ROOT_DIR: /opt/hostedtoolcache/Python/3.12.14/x64
2026-10-02T03:18:17.2294763Z   LD_LIBRARY_PATH: /opt/hostedtoolcache/Python/3.12.14/x64/lib
2026-10-02T03:18:17.2295437Z ##[endgroup]
2026-10-02T03:18:19.6509628Z Collecting pandas==2.3.3
2026-10-02T03:18:19.7109361Z   Downloading pandas-2.3.3-cp312-cp312-manylinux_2_24_x86_64.manylinux_2_28_x86_64.whl.metadata (91 kB)
2026-10-02T03:18:19.9765447Z Collecting numpy==2.3.3
2026-10-02T03:18:19.9931405Z   Downloading numpy-2.3.3-cp312-cp312-manylinux_2_27_x86_64.manylinux_2_28_x86_64.whl.metadata (62 kB)
2026-10-02T03:18:20.0251953Z Collecting python-dateutil>=2.8.2 (from pandas==2.3.3)
2026-10-02T03:18:20.0333479Z   Downloading python_dateutil-2.9.0.post0-py2.py3-none-any.whl.metadata (8.4 kB)
2026-10-02T03:18:20.0726109Z Collecting pytz>=2020.1 (from pandas==2.3.3)
2026-10-02T03:18:20.0801236Z   Downloading pytz-2026.4-py2.py3-none-any.whl.metadata (22 kB)
2026-10-02T03:18:20.1022073Z Collecting tzdata>=2022.7 (from pandas==2.3.3)
2026-10-02T03:18:20.1100562Z   Downloading tzdata-2026.4-py2.py3-none-any.whl.metadata (1.4 kB)
2026-10-02T03:18:20.1285824Z Collecting six>=1.5 (from python-dateutil>=2.8.2->pandas==2.3.3)
2026-10-02T03:18:20.1355130Z   Downloading six-1.17.0-py2.py3-none-any.whl.metadata (1.7 kB)
2026-10-02T03:18:20.1466434Z Downloading pandas-2.3.3-cp312-cp312-manylinux_2_24_x86_64.manylinux_2_28_x86_64.whl (12.4 MB)
2026-10-02T03:18:20.4235705Z    ━━━━━━━━━━━━━━━━━━━━━━━━━━━━━━━━━━━━━━━━ 12.4/12.4 MB 47.4 MB/s  0:00:00
2026-10-02T03:18:20.4392284Z Downloading numpy-2.3.3-cp312-cp312-manylinux_2_27_x86_64.manylinux_2_28_x86_64.whl (16.6 MB)
2026-10-02T03:18:20.6900102Z    ━━━━━━━━━━━━━━━━━━━━━━━━━━━━━━━━━━━━━━━━ 16.6/16.6 MB 66.3 MB/s  0:00:00
2026-10-02T03:18:20.6968851Z Downloading python_dateutil-2.9.0.post0-py2.py3-none-any.whl (229 kB)
2026-10-02T03:18:20.7071673Z Downloading pytz-2026.4-py2.py3-none-any.whl (506 kB)
2026-10-02T03:18:20.7182302Z Downloading six-1.17.0-py2.py3-none-any.whl (11 kB)
2026-10-02T03:18:20.7280466Z Downloading tzdata-2026.4-py2.py3-none-any.whl (347 kB)
2026-10-02T03:18:20.9461380Z Installing collected packages: pytz, tzdata, six, numpy, python-dateutil, pandas
2026-10-02T03:18:28.1560635Z 
2026-10-02T03:18:28.1574593Z Successfully installed numpy-2.3.3 pandas-2.3.3 python-dateutil-2.9.0.post0 pytz-2026.4 six-1.17.0 tzdata-2026.4
2026-10-02T03:18:28.2314108Z ##[group]Run actions/cache@v4
2026-10-02T03:18:28.2314408Z with:
2026-10-02T03:18:28.2314609Z   path: data
2026-10-02T03:18:28.2314842Z   key: frozen-source-36095439671-15m-shard-7
2026-10-02T03:18:28.2315144Z   enableCrossOsArchive: false
2026-10-02T03:18:28.2315396Z   fail-on-cache-miss: false
2026-10-02T03:18:28.2315648Z   lookup-only: false
2026-10-02T03:18:28.2315865Z   save-always: false
2026-10-02T03:18:28.2316085Z env:
2026-10-02T03:18:28.2318955Z   GH_TOKEN: ***
2026-10-02T03:18:28.2319268Z   pythonLocation: /opt/hostedtoolcache/Python/3.12.14/x64
2026-10-02T03:18:28.2319707Z   PKG_CONFIG_PATH: /opt/hostedtoolcache/Python/3.12.14/x64/lib/pkgconfig
2026-10-02T03:18:28.2320141Z   Python_ROOT_DIR: /opt/hostedtoolcache/Python/3.12.14/x64
2026-10-02T03:18:28.2320526Z   Python2_ROOT_DIR: /opt/hostedtoolcache/Python/3.12.14/x64
2026-10-02T03:18:28.2320901Z   Python3_ROOT_DIR: /opt/hostedtoolcache/Python/3.12.14/x64
2026-10-02T03:18:28.2321341Z   LD_LIBRARY_PATH: /opt/hostedtoolcache/Python/3.12.14/x64/lib
2026-10-02T03:18:28.2321684Z ##[endgroup]
2026-10-02T03:18:28.3375673Z (node:2347) [DEP0040] DeprecationWarning: The `punycode` module is deprecated. Please use a userland alternative instead.
2026-10-02T03:18:28.3376724Z (Use `node --trace-deprecation ...` to show where the warning was created)
2026-10-02T03:18:28.5827390Z Cache not found for input keys: frozen-source-36095439671-15m-shard-7
2026-10-02T03:18:28.5941408Z ##[group]Run set -euo pipefail
2026-10-02T03:18:28.5941738Z [36;1mset -euo pipefail[0m
2026-10-02T03:18:28.5941998Z [36;1mif [ '' != 'true' ]; then[0m
2026-10-02T03:18:28.5942503Z [36;1m  gh run download 36095439671 -R duuu-hub/bb-scanner -n rank5-binance-um-15m-5y-data-shard-7 -D data[0m
2026-10-02T03:18:28.5942995Z [36;1mfi[0m
2026-10-02T03:18:28.5943329Z [36;1mgh run download 36858492497 -R duuu-hub/bb-scanner -n day-edge-v2-btc -D btc[0m
2026-10-02T03:18:28.5944026Z [36;1mgh run download 36095439671 -R duuu-hub/bb-scanner -n rank5-binance-um-15m-5y-manifest-shard-7 -D source-manifest[0m
2026-10-02T03:18:28.5945200Z [36;1mpython scripts/research_evidence_archive.py verify-source --data data --manifests source-manifest --baseline research/cross-sectional-leader-v9/FROZEN_INPUT_HASHES.json --out map-development-7/source_check.json[0m
2026-10-02T03:18:28.6013470Z shell: /usr/bin/bash --noprofile --norc -e -o pipefail {0}
2026-10-02T03:18:28.6013820Z env:
2026-10-02T03:18:28.6016552Z   GH_TOKEN: ***
2026-10-02T03:18:28.6016843Z   pythonLocation: /opt/hostedtoolcache/Python/3.12.14/x64
2026-10-02T03:18:28.6017306Z   PKG_CONFIG_PATH: /opt/hostedtoolcache/Python/3.12.14/x64/lib/pkgconfig
2026-10-02T03:18:28.6018111Z   Python_ROOT_DIR: /opt/hostedtoolcache/Python/3.12.14/x64
2026-10-02T03:18:28.6018506Z   Python2_ROOT_DIR: /opt/hostedtoolcache/Python/3.12.14/x64
2026-10-02T03:18:28.6018900Z   Python3_ROOT_DIR: /opt/hostedtoolcache/Python/3.12.14/x64
2026-10-02T03:18:28.6019294Z   LD_LIBRARY_PATH: /opt/hostedtoolcache/Python/3.12.14/x64/lib
2026-10-02T03:18:28.6019621Z ##[endgroup]
2026-10-02T03:18:48.8746230Z FROZEN_SOURCE_VERIFIED 107 files 28 prior SHA256 matches
2026-10-02T03:18:48.9304285Z ##[group]Run set -euo pipefail
2026-10-02T03:18:48.9304625Z [36;1mset -euo pipefail[0m
2026-10-02T03:18:48.9305338Z [36;1mpython scripts/cross_sectional_ranks_v9.py map --stage DEV --data data --btc btc/BTCUSDT.csv.gz --source-check map-development-7/source_check.json --out map-development-7[0m
2026-10-02T03:18:48.9369780Z shell: /usr/bin/bash --noprofile --norc -e -o pipefail {0}
2026-10-02T03:18:48.9370132Z env:
2026-10-02T03:18:48.9373000Z   GH_TOKEN: ***
2026-10-02T03:18:48.9373292Z   pythonLocation: /opt/hostedtoolcache/Python/3.12.14/x64
2026-10-02T03:18:48.9373746Z   PKG_CONFIG_PATH: /opt/hostedtoolcache/Python/3.12.14/x64/lib/pkgconfig
2026-10-02T03:18:48.9374190Z   Python_ROOT_DIR: /opt/hostedtoolcache/Python/3.12.14/x64
2026-10-02T03:18:48.9374773Z   Python2_ROOT_DIR: /opt/hostedtoolcache/Python/3.12.14/x64
2026-10-02T03:18:48.9375165Z   Python3_ROOT_DIR: /opt/hostedtoolcache/Python/3.12.14/x64
2026-10-02T03:18:48.9375596Z   LD_LIBRARY_PATH: /opt/hostedtoolcache/Python/3.12.14/x64/lib
2026-10-02T03:18:48.9375933Z ##[endgroup]
2026-10-02T03:18:50.3573483Z V9_RANK_MAP DEV 8 / 107 rows 237
2026-10-02T03:18:52.9625696Z V9_RANK_MAP DEV 24 / 107 rows 2733
2026-10-02T03:18:54.7368132Z V9_RANK_MAP DEV 40 / 107 rows 3882
2026-10-02T03:18:55.4071098Z V9_RANK_MAP DEV 48 / 107 rows 4070
2026-10-02T03:18:56.5115031Z V9_RANK_MAP DEV 56 / 107 rows 5438
2026-10-02T03:18:59.3066954Z V9_RANK_MAP DEV 80 / 107 rows 6098
2026-10-02T03:18:59.8319342Z V9_RANK_MAP DEV 88 / 107 rows 6098
2026-10-02T03:19:01.9240638Z V9_RANK_MAP DEV 104 / 107 rows 8663
2026-10-02T03:19:02.1977821Z V9_RANK_MAP_DONE DEV 8663 source_files 107
2026-10-02T03:19:02.2558779Z ##[group]Run actions/upload-artifact@v4
2026-10-02T03:19:02.2559100Z with:
2026-10-02T03:19:02.2559361Z   name: cross-sectional-leader-v9-map-development-7
2026-10-02T03:19:02.2559723Z   path: map-development-7/
2026-10-02T03:19:02.2559983Z   retention-days: 30
2026-10-02T03:19:02.2560208Z   compression-level: 0
2026-10-02T03:19:02.2560427Z   if-no-files-found: warn
2026-10-02T03:19:02.2560648Z   overwrite: false
2026-10-02T03:19:02.2560852Z   include-hidden-files: false
2026-10-02T03:19:02.2561072Z env:
2026-10-02T03:19:02.2564006Z   GH_TOKEN: ***
2026-10-02T03:19:02.2564296Z   pythonLocation: /opt/hostedtoolcache/Python/3.12.14/x64
2026-10-02T03:19:02.2564765Z   PKG_CONFIG_PATH: /opt/hostedtoolcache/Python/3.12.14/x64/lib/pkgconfig
2026-10-02T03:19:02.2565219Z   Python_ROOT_DIR: /opt/hostedtoolcache/Python/3.12.14/x64
2026-10-02T03:19:02.2565617Z   Python2_ROOT_DIR: /opt/hostedtoolcache/Python/3.12.14/x64
2026-10-02T03:19:02.2566042Z   Python3_ROOT_DIR: /opt/hostedtoolcache/Python/3.12.14/x64
2026-10-02T03:19:02.2566447Z   LD_LIBRARY_PATH: /opt/hostedtoolcache/Python/3.12.14/x64/lib
2026-10-02T03:19:02.2566785Z ##[endgroup]
2026-10-02T03:19:02.4205974Z (node:2395) [DEP0040] DeprecationWarning: The `punycode` module is deprecated. Please use a userland alternative instead.
2026-10-02T03:19:02.4207326Z (Use `node --trace-deprecation ...` to show where the warning was created)
2026-10-02T03:19:02.4279103Z With the provided path, there will be 3 files uploaded
2026-10-02T03:19:02.4285942Z Artifact name is valid!
2026-10-02T03:19:02.4286711Z Root directory input is valid!
2026-10-02T03:19:02.8027942Z Beginning upload of artifact content to blob storage
2026-10-02T03:19:02.8312766Z (node:2395) [DEP0169] DeprecationWarning: `url.parse()` behavior is not standardized and prone to errors that have security implications. Use the WHATWG URL API instead. CVEs are not issued for `url.parse()` vulnerabilities.
2026-10-02T03:19:03.3675797Z Uploaded bytes 401554
2026-10-02T03:19:03.4448544Z Finished uploading artifact content to blob storage!
2026-10-02T03:19:03.4449799Z SHA256 digest of uploaded artifact zip is e4d14642b1930ad5fbe74b0d892705c83eb23d5be57cb6132f63c8b91ce456a6
2026-10-02T03:19:03.4458725Z Finalizing artifact upload
2026-10-02T03:19:03.7038966Z Artifact cross-sectional-leader-v9-map-development-7.zip successfully finalized. Artifact ID 11207333188
2026-10-02T03:19:03.7041736Z Artifact cross-sectional-leader-v9-map-development-7 has been successfully uploaded! Final size is 401554 bytes. Artifact ID is 11207333188
2026-10-02T03:19:03.7048281Z Artifact download URL: https://github.com/duuu-hub/bb-scanner/actions/runs/36955250542/artifacts/11207333188
2026-10-02T03:19:03.7212429Z Post job cleanup.
2026-10-02T03:19:03.8244030Z (node:2407) [DEP0040] DeprecationWarning: The `punycode` module is deprecated. Please use a userland alternative instead.
2026-10-02T03:19:03.8245237Z (Use `node --trace-deprecation ...` to show where the warning was created)
2026-10-02T03:19:03.8442677Z [command]/usr/bin/tar --posix -cf cache.tzst --exclude cache.tzst -P -C /home/runner/work/bb-scanner/bb-scanner --files-from manifest.txt --use-compress-program zstdmt
2026-10-02T03:19:04.3590934Z (node:2407) [DEP0169] DeprecationWarning: `url.parse()` behavior is not standardized and prone to errors that have security implications. Use the WHATWG URL API instead. CVEs are not issued for `url.parse()` vulnerabilities.
2026-10-02T03:19:05.3465889Z Sent 0 of 209330709 (0.0%), 0.0 MBs/sec
2026-10-02T03:19:06.3481468Z Sent 75112981 of 209330709 (35.9%), 35.8 MBs/sec
2026-10-02T03:19:06.5103249Z Sent 209330709 of 209330709 (100.0%), 92.3 MBs/sec
2026-10-02T03:19:06.6575194Z Cache saved with key: frozen-source-36095439671-15m-shard-7
2026-10-02T03:19:06.6728585Z Post job cleanup.
2026-10-02T03:19:06.7927003Z (node:2428) [DEP0040] DeprecationWarning: The `punycode` module is deprecated. Please use a userland alternative instead.
2026-10-02T03:19:06.7928588Z (Use `node --trace-deprecation ...` to show where the warning was created)
2026-10-02T03:19:06.8154615Z Post job cleanup.
2026-10-02T03:19:06.9041875Z [command]/usr/bin/git version
2026-10-02T03:19:06.9087284Z git version 2.55.0
2026-10-02T03:19:06.9130062Z Temporarily overriding HOME='/home/runner/work/_temp/d5db0145-a948-485a-9f59-48040caaa214' before making global git config changes
2026-10-02T03:19:06.9136140Z Adding repository directory to the temporary git global config as a safe directory
2026-10-02T03:19:06.9137449Z [command]/usr/bin/git config --global --add safe.directory /home/runner/work/bb-scanner/bb-scanner
2026-10-02T03:19:06.9187967Z [command]/usr/bin/git config --local --name-only --get-regexp core\.sshCommand
2026-10-02T03:19:06.9232846Z [command]/usr/bin/git submodule foreach --recursive sh -c "git config --local --name-only --get-regexp 'core\.sshCommand' && git config --local --unset-all 'core.sshCommand' || :"
2026-10-02T03:19:06.9531962Z [command]/usr/bin/git config --local --name-only --get-regexp http\.https\:\/\/github\.com\/\.extraheader
2026-10-02T03:19:06.9566934Z http.https://github.com/.extraheader
2026-10-02T03:19:06.9584163Z [command]/usr/bin/git config --local --unset-all http.https://github.com/.extraheader
2026-10-02T03:19:06.9628451Z [command]/usr/bin/git submodule foreach --recursive sh -c "git config --local --name-only --get-regexp 'http\.https\:\/\/github\.com\/\.extraheader' && git config --local --unset-all 'http.https://github.com/.extraheader' || :"
2026-10-02T03:19:06.9920926Z [command]/usr/bin/git config --local --name-only --get-regexp ^includeIf\.gitdir:
2026-10-02T03:19:06.9961485Z [command]/usr/bin/git submodule foreach --recursive git config --local --show-origin --name-only --get-regexp remote.origin.url
2026-10-02T03:19:07.0435572Z Cleaning up orphan processes
2026-10-02T03:19:07.0867448Z ##[warning]Node.js 20 is deprecated. The following actions target Node.js 20 but are being forced to run on Node.js 24: actions/cache@v4, actions/checkout@v4, actions/setup-python@v5, actions/upload-artifact@v4. For more information see: https://github.blog/changelog/2025-09-19-deprecation-of-node-20-on-github-actions-runners/
