2026-10-02T03:15:16.7623025Z Current runner version: '2.337.0'
2026-10-02T03:15:16.7644581Z ##[group]Runner Image Provisioner
2026-10-02T03:15:16.7645361Z Hosted Compute Agent
2026-10-02T03:15:16.7645989Z Version: 20260901.588
2026-10-02T03:15:16.7646612Z Commit: f88ec8081b781fac6c440065ac7ff9e710ce3d0b
2026-10-02T03:15:16.7647359Z Build Date: 2026-09-01T19:56:44Z
2026-10-02T03:15:16.7647993Z Worker ID: {d3c5325c-463a-4493-b3a3-81ef39b3cf76}
2026-10-02T03:15:16.7648632Z Azure Region: centralus
2026-10-02T03:15:16.7649228Z ##[endgroup]
2026-10-02T03:15:16.7650738Z ##[group]Operating System
2026-10-02T03:15:16.7651403Z Ubuntu
2026-10-02T03:15:16.7651900Z 24.04.5
2026-10-02T03:15:16.7652362Z LTS
2026-10-02T03:15:16.7653089Z ##[endgroup]
2026-10-02T03:15:16.7653604Z ##[group]Runner Image
2026-10-02T03:15:16.7654543Z Image: ubuntu-24.04
2026-10-02T03:15:16.7655114Z Version: 20260927.320.1
2026-10-02T03:15:16.7656297Z Included Software: https://github.com/actions/runner-images/blob/ubuntu24/20260927.320/images/ubuntu/Ubuntu2404-Readme.md
2026-10-02T03:15:16.7657823Z Image Release: https://github.com/actions/runner-images/releases/tag/ubuntu24%2F20260927.320
2026-10-02T03:15:16.7658845Z ##[endgroup]
2026-10-02T03:15:16.7659986Z ##[group]GITHUB_TOKEN Permissions
2026-10-02T03:15:16.7662141Z Actions: read
2026-10-02T03:15:16.7662969Z Contents: read
2026-10-02T03:15:16.7663574Z Metadata: read
2026-10-02T03:15:16.7664172Z ##[endgroup]
2026-10-02T03:15:16.7666197Z Secret source: Actions
2026-10-02T03:15:16.7667227Z Cache mode: write
2026-10-02T03:15:16.7667942Z Prepare workflow directory
2026-10-02T03:15:16.8161916Z Prepare all required actions
2026-10-02T03:15:16.8207353Z Getting action download info
2026-10-02T03:15:17.1403712Z Download action repository 'actions/checkout@v4' (SHA:11d5960a326750d5838078e36cf38b85af677262)
2026-10-02T03:15:17.2320684Z Download action repository 'actions/setup-python@v5' (SHA:a26af69be951a213d495a4c3e4e4022e16d87065)
2026-10-02T03:15:17.3090983Z Download action repository 'actions/cache@v4' (SHA:0057852bfaa89a56745cba8c7296529d2fc39830)
2026-10-02T03:15:17.3955887Z Download action repository 'actions/upload-artifact@v4' (SHA:ea165f8d65b6e75b540449e92b4886f43607fa02)
2026-10-02T03:15:17.5928821Z Complete job name: map_development (4)
2026-10-02T03:15:17.6616309Z ##[group]Run actions/checkout@v4
2026-10-02T03:15:17.6617187Z with:
2026-10-02T03:15:17.6617654Z   repository: duuu-hub/bb-scanner
2026-10-02T03:15:17.6621586Z   token: ***
2026-10-02T03:15:17.6622024Z   ssh-strict: true
2026-10-02T03:15:17.6622456Z   ssh-user: git
2026-10-02T03:15:17.6623158Z   persist-credentials: true
2026-10-02T03:15:17.6623656Z   clean: true
2026-10-02T03:15:17.6624103Z   sparse-checkout-cone-mode: true
2026-10-02T03:15:17.6624635Z   fetch-depth: 1
2026-10-02T03:15:17.6625063Z   fetch-tags: false
2026-10-02T03:15:17.6625508Z   show-progress: true
2026-10-02T03:15:17.6625962Z   lfs: false
2026-10-02T03:15:17.6626384Z   submodules: false
2026-10-02T03:15:17.6626846Z   set-safe-directory: true
2026-10-02T03:15:17.6627359Z   allow-unsafe-pr-checkout: false
2026-10-02T03:15:17.6628171Z env:
2026-10-02T03:15:17.6631904Z   GH_TOKEN: ***
2026-10-02T03:15:17.6632354Z ##[endgroup]
2026-10-02T03:15:17.7577496Z Syncing repository: duuu-hub/bb-scanner
2026-10-02T03:15:17.7580055Z ##[group]Getting Git version info
2026-10-02T03:15:17.7581263Z Working directory is '/home/runner/work/bb-scanner/bb-scanner'
2026-10-02T03:15:17.7583226Z [command]/usr/bin/git version
2026-10-02T03:15:17.7628982Z git version 2.55.0
2026-10-02T03:15:17.7652200Z ##[endgroup]
2026-10-02T03:15:17.7665945Z Temporarily overriding HOME='/home/runner/work/_temp/7f922061-4b33-4f46-b400-bb9399ffd8cc' before making global git config changes
2026-10-02T03:15:17.7668380Z Adding repository directory to the temporary git global config as a safe directory
2026-10-02T03:15:17.7670457Z [command]/usr/bin/git config --global --add safe.directory /home/runner/work/bb-scanner/bb-scanner
2026-10-02T03:15:17.7720306Z Deleting the contents of '/home/runner/work/bb-scanner/bb-scanner'
2026-10-02T03:15:17.7727195Z ##[group]Initializing the repository
2026-10-02T03:15:17.7728757Z [command]/usr/bin/git init /home/runner/work/bb-scanner/bb-scanner
2026-10-02T03:15:17.7815273Z hint: Using 'master' as the name for the initial branch. This default branch name
2026-10-02T03:15:17.7816786Z hint: will change to "main" in Git 3.0. To configure the initial branch name
2026-10-02T03:15:17.7818188Z hint: to use in all of your new repositories, which will suppress this warning,
2026-10-02T03:15:17.7819250Z hint: call:
2026-10-02T03:15:17.7819779Z hint:
2026-10-02T03:15:17.7820326Z hint: 	git config --global init.defaultBranch <name>
2026-10-02T03:15:17.7820953Z hint:
2026-10-02T03:15:17.7821553Z hint: Names commonly chosen instead of 'master' are 'main', 'trunk' and
2026-10-02T03:15:17.7822516Z hint: 'development'. The just-created branch can be renamed via this command:
2026-10-02T03:15:17.7824099Z hint:
2026-10-02T03:15:17.7824587Z hint: 	git branch -m <name>
2026-10-02T03:15:17.7826630Z hint:
2026-10-02T03:15:17.7827924Z hint: Disable this message with "git config set advice.defaultBranchName false"
2026-10-02T03:15:17.7856924Z Initialized empty Git repository in /home/runner/work/bb-scanner/bb-scanner/.git/
2026-10-02T03:15:17.7858969Z [command]/usr/bin/git remote add origin https://github.com/duuu-hub/bb-scanner
2026-10-02T03:15:17.7909412Z ##[endgroup]
2026-10-02T03:15:17.7911171Z ##[group]Disabling automatic garbage collection
2026-10-02T03:15:17.7914472Z [command]/usr/bin/git config --local gc.auto 0
2026-10-02T03:15:17.7946869Z ##[endgroup]
2026-10-02T03:15:17.7948821Z ##[group]Setting up auth
2026-10-02T03:15:17.7955983Z [command]/usr/bin/git config --local --name-only --get-regexp core\.sshCommand
2026-10-02T03:15:17.7990809Z [command]/usr/bin/git submodule foreach --recursive sh -c "git config --local --name-only --get-regexp 'core\.sshCommand' && git config --local --unset-all 'core.sshCommand' || :"
2026-10-02T03:15:17.8344084Z [command]/usr/bin/git config --local --name-only --get-regexp http\.https\:\/\/github\.com\/\.extraheader
2026-10-02T03:15:17.8388845Z [command]/usr/bin/git submodule foreach --recursive sh -c "git config --local --name-only --get-regexp 'http\.https\:\/\/github\.com\/\.extraheader' && git config --local --unset-all 'http.https://github.com/.extraheader' || :"
2026-10-02T03:15:17.8645663Z [command]/usr/bin/git config --local --name-only --get-regexp ^includeIf\.gitdir:
2026-10-02T03:15:17.8684214Z [command]/usr/bin/git submodule foreach --recursive git config --local --show-origin --name-only --get-regexp remote.origin.url
2026-10-02T03:15:17.8903390Z [command]/usr/bin/git config --local http.https://github.com/.extraheader AUTHORIZATION: basic ***
2026-10-02T03:15:17.8940517Z ##[endgroup]
2026-10-02T03:15:17.8951105Z ##[group]Fetching the repository
2026-10-02T03:15:17.8954463Z [command]/usr/bin/git -c protocol.version=2 fetch --no-tags --prune --no-recurse-submodules --depth=1 origin +2e1bb92891c2c480028c075b30afe91275cc0c43:refs/remotes/origin/research-cross-sectional-leader-v9
2026-10-02T03:15:19.0462883Z From https://github.com/duuu-hub/bb-scanner
2026-10-02T03:15:19.0466325Z  * [new ref]         2e1bb92891c2c480028c075b30afe91275cc0c43 -> origin/research-cross-sectional-leader-v9
2026-10-02T03:15:19.0472188Z ##[endgroup]
2026-10-02T03:15:19.0474834Z ##[group]Determining the checkout info
2026-10-02T03:15:19.0477400Z ##[endgroup]
2026-10-02T03:15:19.0481952Z [command]/usr/bin/git sparse-checkout disable
2026-10-02T03:15:19.0536147Z [command]/usr/bin/git config --local --unset-all extensions.worktreeConfig
2026-10-02T03:15:19.0571938Z ##[group]Checking out the ref
2026-10-02T03:15:19.0575181Z [command]/usr/bin/git checkout --progress --force -B research-cross-sectional-leader-v9 refs/remotes/origin/research-cross-sectional-leader-v9
2026-10-02T03:15:19.2577162Z Switched to a new branch 'research-cross-sectional-leader-v9'
2026-10-02T03:15:19.2585015Z branch 'research-cross-sectional-leader-v9' set up to track 'origin/research-cross-sectional-leader-v9'.
2026-10-02T03:15:19.2592177Z ##[endgroup]
2026-10-02T03:15:19.2632878Z [command]/usr/bin/git log -1 --format=%H
2026-10-02T03:15:19.2658700Z 2e1bb92891c2c480028c075b30afe91275cc0c43
2026-10-02T03:15:19.3029519Z ##[group]Run actions/setup-python@v5
2026-10-02T03:15:19.3030408Z with:
2026-10-02T03:15:19.3031147Z   python-version: 3.12
2026-10-02T03:15:19.3031919Z   check-latest: false
2026-10-02T03:15:19.3035502Z   token: ***
2026-10-02T03:15:19.3036277Z   update-environment: true
2026-10-02T03:15:19.3037080Z   allow-prereleases: false
2026-10-02T03:15:19.3037895Z   freethreaded: false
2026-10-02T03:15:19.3038636Z env:
2026-10-02T03:15:19.3041786Z   GH_TOKEN: ***
2026-10-02T03:15:19.3042516Z ##[endgroup]
2026-10-02T03:15:19.4280928Z ##[group]Installed versions
2026-10-02T03:15:19.4362501Z (node:2322) [DEP0040] DeprecationWarning: The `punycode` module is deprecated. Please use a userland alternative instead.
2026-10-02T03:15:19.4364460Z (Use `node --trace-deprecation ...` to show where the warning was created)
2026-10-02T03:15:19.4366202Z Successfully set up CPython (3.12.14)
2026-10-02T03:15:19.4368518Z ##[endgroup]
2026-10-02T03:15:19.4587162Z ##[group]Run set -euo pipefail
2026-10-02T03:15:19.4588096Z [36;1mset -euo pipefail[0m
2026-10-02T03:15:19.4588979Z [36;1mpip install pandas==2.3.3 numpy==2.3.3[0m
2026-10-02T03:15:19.4885322Z shell: /usr/bin/bash --noprofile --norc -e -o pipefail {0}
2026-10-02T03:15:19.4886302Z env:
2026-10-02T03:15:19.4889674Z   GH_TOKEN: ***
2026-10-02T03:15:19.4890532Z   pythonLocation: /opt/hostedtoolcache/Python/3.12.14/x64
2026-10-02T03:15:19.4891581Z   PKG_CONFIG_PATH: /opt/hostedtoolcache/Python/3.12.14/x64/lib/pkgconfig
2026-10-02T03:15:19.4892838Z   Python_ROOT_DIR: /opt/hostedtoolcache/Python/3.12.14/x64
2026-10-02T03:15:19.4893823Z   Python2_ROOT_DIR: /opt/hostedtoolcache/Python/3.12.14/x64
2026-10-02T03:15:19.4894801Z   Python3_ROOT_DIR: /opt/hostedtoolcache/Python/3.12.14/x64
2026-10-02T03:15:19.4895781Z   LD_LIBRARY_PATH: /opt/hostedtoolcache/Python/3.12.14/x64/lib
2026-10-02T03:15:19.4896672Z ##[endgroup]
2026-10-02T03:15:20.4065445Z Collecting pandas==2.3.3
2026-10-02T03:15:20.4949705Z   Downloading pandas-2.3.3-cp312-cp312-manylinux_2_24_x86_64.manylinux_2_28_x86_64.whl.metadata (91 kB)
2026-10-02T03:15:20.7592536Z Collecting numpy==2.3.3
2026-10-02T03:15:20.7760332Z   Downloading numpy-2.3.3-cp312-cp312-manylinux_2_27_x86_64.manylinux_2_28_x86_64.whl.metadata (62 kB)
2026-10-02T03:15:20.8122139Z Collecting python-dateutil>=2.8.2 (from pandas==2.3.3)
2026-10-02T03:15:20.8308870Z   Downloading python_dateutil-2.9.0.post0-py2.py3-none-any.whl.metadata (8.4 kB)
2026-10-02T03:15:20.8706283Z Collecting pytz>=2020.1 (from pandas==2.3.3)
2026-10-02T03:15:20.8861720Z   Downloading pytz-2026.4-py2.py3-none-any.whl.metadata (22 kB)
2026-10-02T03:15:20.9088896Z Collecting tzdata>=2022.7 (from pandas==2.3.3)
2026-10-02T03:15:20.9244758Z   Downloading tzdata-2026.4-py2.py3-none-any.whl.metadata (1.4 kB)
2026-10-02T03:15:20.9456476Z Collecting six>=1.5 (from python-dateutil>=2.8.2->pandas==2.3.3)
2026-10-02T03:15:20.9609224Z   Downloading six-1.17.0-py2.py3-none-any.whl.metadata (1.7 kB)
2026-10-02T03:15:20.9818499Z Downloading pandas-2.3.3-cp312-cp312-manylinux_2_24_x86_64.manylinux_2_28_x86_64.whl (12.4 MB)
2026-10-02T03:15:21.5876828Z    ━━━━━━━━━━━━━━━━━━━━━━━━━━━━━━━━━━━━━━━━ 12.4/12.4 MB 21.6 MB/s  0:00:00
2026-10-02T03:15:21.6084963Z Downloading numpy-2.3.3-cp312-cp312-manylinux_2_27_x86_64.manylinux_2_28_x86_64.whl (16.6 MB)
2026-10-02T03:15:21.8450415Z    ━━━━━━━━━━━━━━━━━━━━━━━━━━━━━━━━━━━━━━━━ 16.6/16.6 MB 70.9 MB/s  0:00:00
2026-10-02T03:15:21.8609800Z Downloading python_dateutil-2.9.0.post0-py2.py3-none-any.whl (229 kB)
2026-10-02T03:15:21.8811098Z Downloading pytz-2026.4-py2.py3-none-any.whl (506 kB)
2026-10-02T03:15:21.9031296Z Downloading six-1.17.0-py2.py3-none-any.whl (11 kB)
2026-10-02T03:15:21.9235181Z Downloading tzdata-2026.4-py2.py3-none-any.whl (347 kB)
2026-10-02T03:15:22.0731667Z Installing collected packages: pytz, tzdata, six, numpy, python-dateutil, pandas
2026-10-02T03:15:28.3906744Z 
2026-10-02T03:15:28.3919173Z Successfully installed numpy-2.3.3 pandas-2.3.3 python-dateutil-2.9.0.post0 pytz-2026.4 six-1.17.0 tzdata-2026.4
2026-10-02T03:15:28.4465112Z ##[group]Run actions/cache@v4
2026-10-02T03:15:28.4465376Z with:
2026-10-02T03:15:28.4465565Z   path: data
2026-10-02T03:15:28.4465777Z   key: frozen-source-36095439671-15m-shard-4
2026-10-02T03:15:28.4466060Z   enableCrossOsArchive: false
2026-10-02T03:15:28.4466294Z   fail-on-cache-miss: false
2026-10-02T03:15:28.4466518Z   lookup-only: false
2026-10-02T03:15:28.4466715Z   save-always: false
2026-10-02T03:15:28.4466901Z env:
2026-10-02T03:15:28.4469220Z   GH_TOKEN: ***
2026-10-02T03:15:28.4469517Z   pythonLocation: /opt/hostedtoolcache/Python/3.12.14/x64
2026-10-02T03:15:28.4469941Z   PKG_CONFIG_PATH: /opt/hostedtoolcache/Python/3.12.14/x64/lib/pkgconfig
2026-10-02T03:15:28.4470351Z   Python_ROOT_DIR: /opt/hostedtoolcache/Python/3.12.14/x64
2026-10-02T03:15:28.4470720Z   Python2_ROOT_DIR: /opt/hostedtoolcache/Python/3.12.14/x64
2026-10-02T03:15:28.4471087Z   Python3_ROOT_DIR: /opt/hostedtoolcache/Python/3.12.14/x64
2026-10-02T03:15:28.4471503Z   LD_LIBRARY_PATH: /opt/hostedtoolcache/Python/3.12.14/x64/lib
2026-10-02T03:15:28.4471815Z ##[endgroup]
2026-10-02T03:15:28.5483934Z (node:2358) [DEP0040] DeprecationWarning: The `punycode` module is deprecated. Please use a userland alternative instead.
2026-10-02T03:15:28.5484768Z (Use `node --trace-deprecation ...` to show where the warning was created)
2026-10-02T03:15:28.7016909Z Cache not found for input keys: frozen-source-36095439671-15m-shard-4
2026-10-02T03:15:28.7095995Z ##[group]Run set -euo pipefail
2026-10-02T03:15:28.7096312Z [36;1mset -euo pipefail[0m
2026-10-02T03:15:28.7096546Z [36;1mif [ '' != 'true' ]; then[0m
2026-10-02T03:15:28.7097033Z [36;1m  gh run download 36095439671 -R duuu-hub/bb-scanner -n rank5-binance-um-15m-5y-data-shard-4 -D data[0m
2026-10-02T03:15:28.7097530Z [36;1mfi[0m
2026-10-02T03:15:28.7097879Z [36;1mgh run download 36858492497 -R duuu-hub/bb-scanner -n day-edge-v2-btc -D btc[0m
2026-10-02T03:15:28.7098651Z [36;1mgh run download 36095439671 -R duuu-hub/bb-scanner -n rank5-binance-um-15m-5y-manifest-shard-4 -D source-manifest[0m
2026-10-02T03:15:28.7099883Z [36;1mpython scripts/research_evidence_archive.py verify-source --data data --manifests source-manifest --baseline research/cross-sectional-leader-v9/FROZEN_INPUT_HASHES.json --out map-development-4/source_check.json[0m
2026-10-02T03:15:28.7159897Z shell: /usr/bin/bash --noprofile --norc -e -o pipefail {0}
2026-10-02T03:15:28.7160223Z env:
2026-10-02T03:15:28.7162815Z   GH_TOKEN: ***
2026-10-02T03:15:28.7163119Z   pythonLocation: /opt/hostedtoolcache/Python/3.12.14/x64
2026-10-02T03:15:28.7163557Z   PKG_CONFIG_PATH: /opt/hostedtoolcache/Python/3.12.14/x64/lib/pkgconfig
2026-10-02T03:15:28.7163973Z   Python_ROOT_DIR: /opt/hostedtoolcache/Python/3.12.14/x64
2026-10-02T03:15:28.7164340Z   Python2_ROOT_DIR: /opt/hostedtoolcache/Python/3.12.14/x64
2026-10-02T03:15:28.7164714Z   Python3_ROOT_DIR: /opt/hostedtoolcache/Python/3.12.14/x64
2026-10-02T03:15:28.7165093Z   LD_LIBRARY_PATH: /opt/hostedtoolcache/Python/3.12.14/x64/lib
2026-10-02T03:15:28.7165407Z ##[endgroup]
2026-10-02T03:15:41.2250828Z FROZEN_SOURCE_VERIFIED 107 files 37 prior SHA256 matches
2026-10-02T03:15:41.2675308Z ##[group]Run set -euo pipefail
2026-10-02T03:15:41.2675616Z [36;1mset -euo pipefail[0m
2026-10-02T03:15:41.2676313Z [36;1mpython scripts/cross_sectional_ranks_v9.py map --stage DEV --data data --btc btc/BTCUSDT.csv.gz --source-check map-development-4/source_check.json --out map-development-4[0m
2026-10-02T03:15:41.2734696Z shell: /usr/bin/bash --noprofile --norc -e -o pipefail {0}
2026-10-02T03:15:41.2735027Z env:
2026-10-02T03:15:41.2737337Z   GH_TOKEN: ***
2026-10-02T03:15:41.2737610Z   pythonLocation: /opt/hostedtoolcache/Python/3.12.14/x64
2026-10-02T03:15:41.2738035Z   PKG_CONFIG_PATH: /opt/hostedtoolcache/Python/3.12.14/x64/lib/pkgconfig
2026-10-02T03:15:41.2738451Z   Python_ROOT_DIR: /opt/hostedtoolcache/Python/3.12.14/x64
2026-10-02T03:15:41.2738998Z   Python2_ROOT_DIR: /opt/hostedtoolcache/Python/3.12.14/x64
2026-10-02T03:15:41.2739369Z   Python3_ROOT_DIR: /opt/hostedtoolcache/Python/3.12.14/x64
2026-10-02T03:15:41.2739774Z   LD_LIBRARY_PATH: /opt/hostedtoolcache/Python/3.12.14/x64/lib
2026-10-02T03:15:41.2740095Z ##[endgroup]
2026-10-02T03:15:43.3229354Z V9_RANK_MAP DEV 8 / 107 rows 1427
2026-10-02T03:15:44.5850708Z V9_RANK_MAP DEV 16 / 107 rows 2597
2026-10-02T03:15:48.2462408Z V9_RANK_MAP DEV 48 / 107 rows 4968
2026-10-02T03:15:49.4223845Z V9_RANK_MAP DEV 56 / 107 rows 6055
2026-10-02T03:15:53.6875707Z V9_RANK_MAP DEV 96 / 107 rows 7176
2026-10-02T03:15:54.9401710Z V9_RANK_MAP_DONE DEV 7570 source_files 107
2026-10-02T03:15:54.9874382Z ##[group]Run actions/upload-artifact@v4
2026-10-02T03:15:54.9874675Z with:
2026-10-02T03:15:54.9874922Z   name: cross-sectional-leader-v9-map-development-4
2026-10-02T03:15:54.9875248Z   path: map-development-4/
2026-10-02T03:15:54.9875473Z   retention-days: 30
2026-10-02T03:15:54.9875675Z   compression-level: 0
2026-10-02T03:15:54.9875900Z   if-no-files-found: warn
2026-10-02T03:15:54.9893237Z   overwrite: false
2026-10-02T03:15:54.9893487Z   include-hidden-files: false
2026-10-02T03:15:54.9893758Z env:
2026-10-02T03:15:54.9896468Z   GH_TOKEN: ***
2026-10-02T03:15:54.9896777Z   pythonLocation: /opt/hostedtoolcache/Python/3.12.14/x64
2026-10-02T03:15:54.9897236Z   PKG_CONFIG_PATH: /opt/hostedtoolcache/Python/3.12.14/x64/lib/pkgconfig
2026-10-02T03:15:54.9897685Z   Python_ROOT_DIR: /opt/hostedtoolcache/Python/3.12.14/x64
2026-10-02T03:15:54.9898085Z   Python2_ROOT_DIR: /opt/hostedtoolcache/Python/3.12.14/x64
2026-10-02T03:15:54.9898547Z   Python3_ROOT_DIR: /opt/hostedtoolcache/Python/3.12.14/x64
2026-10-02T03:15:54.9898972Z   LD_LIBRARY_PATH: /opt/hostedtoolcache/Python/3.12.14/x64/lib
2026-10-02T03:15:54.9899312Z ##[endgroup]
2026-10-02T03:15:55.1471133Z (node:2404) [DEP0040] DeprecationWarning: The `punycode` module is deprecated. Please use a userland alternative instead.
2026-10-02T03:15:55.1471910Z (Use `node --trace-deprecation ...` to show where the warning was created)
2026-10-02T03:15:55.1546532Z With the provided path, there will be 3 files uploaded
2026-10-02T03:15:55.1548232Z Artifact name is valid!
2026-10-02T03:15:55.1548664Z Root directory input is valid!
2026-10-02T03:15:55.4196890Z Beginning upload of artifact content to blob storage
2026-10-02T03:15:55.4418747Z (node:2404) [DEP0169] DeprecationWarning: `url.parse()` behavior is not standardized and prone to errors that have security implications. Use the WHATWG URL API instead. CVEs are not issued for `url.parse()` vulnerabilities.
2026-10-02T03:15:55.6879414Z Uploaded bytes 363010
2026-10-02T03:15:55.7274840Z Finished uploading artifact content to blob storage!
2026-10-02T03:15:55.7276012Z SHA256 digest of uploaded artifact zip is 1c850cccd975a212cfd3623304a3c1b3fc8a150e5b81f776b891bbf8292d1f05
2026-10-02T03:15:55.7278057Z Finalizing artifact upload
2026-10-02T03:15:55.9737126Z Artifact cross-sectional-leader-v9-map-development-4.zip successfully finalized. Artifact ID 11206842565
2026-10-02T03:15:55.9738488Z Artifact cross-sectional-leader-v9-map-development-4 has been successfully uploaded! Final size is 363010 bytes. Artifact ID is 11206842565
2026-10-02T03:15:55.9744122Z Artifact download URL: https://github.com/duuu-hub/bb-scanner/actions/runs/36955250542/artifacts/11206842565
2026-10-02T03:15:55.9887931Z Post job cleanup.
2026-10-02T03:15:56.0893775Z (node:2418) [DEP0040] DeprecationWarning: The `punycode` module is deprecated. Please use a userland alternative instead.
2026-10-02T03:15:56.0895058Z (Use `node --trace-deprecation ...` to show where the warning was created)
2026-10-02T03:15:56.1078075Z [command]/usr/bin/tar --posix -cf cache.tzst --exclude cache.tzst -P -C /home/runner/work/bb-scanner/bb-scanner --files-from manifest.txt --use-compress-program zstdmt
2026-10-02T03:15:56.5342365Z (node:2418) [DEP0169] DeprecationWarning: `url.parse()` behavior is not standardized and prone to errors that have security implications. Use the WHATWG URL API instead. CVEs are not issued for `url.parse()` vulnerabilities.
2026-10-02T03:15:57.5260844Z Sent 0 of 240222498 (0.0%), 0.0 MBs/sec
2026-10-02T03:15:58.1385830Z Sent 240222498 of 240222498 (100.0%), 141.7 MBs/sec
2026-10-02T03:15:58.2596072Z Cache saved with key: frozen-source-36095439671-15m-shard-4
2026-10-02T03:15:58.2723684Z Post job cleanup.
2026-10-02T03:15:58.3858141Z (node:2438) [DEP0040] DeprecationWarning: The `punycode` module is deprecated. Please use a userland alternative instead.
2026-10-02T03:15:58.3859397Z (Use `node --trace-deprecation ...` to show where the warning was created)
2026-10-02T03:15:58.4058534Z Post job cleanup.
2026-10-02T03:15:58.4868876Z [command]/usr/bin/git version
2026-10-02T03:15:58.4909045Z git version 2.55.0
2026-10-02T03:15:58.4945007Z Temporarily overriding HOME='/home/runner/work/_temp/7662e73f-ceb8-433c-98aa-bba953db7610' before making global git config changes
2026-10-02T03:15:58.4946254Z Adding repository directory to the temporary git global config as a safe directory
2026-10-02T03:15:58.4949586Z [command]/usr/bin/git config --global --add safe.directory /home/runner/work/bb-scanner/bb-scanner
2026-10-02T03:15:58.4986190Z [command]/usr/bin/git config --local --name-only --get-regexp core\.sshCommand
2026-10-02T03:15:58.5018196Z [command]/usr/bin/git submodule foreach --recursive sh -c "git config --local --name-only --get-regexp 'core\.sshCommand' && git config --local --unset-all 'core.sshCommand' || :"
2026-10-02T03:15:58.5256808Z [command]/usr/bin/git config --local --name-only --get-regexp http\.https\:\/\/github\.com\/\.extraheader
2026-10-02T03:15:58.5285108Z http.https://github.com/.extraheader
2026-10-02T03:15:58.5296216Z [command]/usr/bin/git config --local --unset-all http.https://github.com/.extraheader
2026-10-02T03:15:58.5335259Z [command]/usr/bin/git submodule foreach --recursive sh -c "git config --local --name-only --get-regexp 'http\.https\:\/\/github\.com\/\.extraheader' && git config --local --unset-all 'http.https://github.com/.extraheader' || :"
2026-10-02T03:15:58.5571458Z [command]/usr/bin/git config --local --name-only --get-regexp ^includeIf\.gitdir:
2026-10-02T03:15:58.5607135Z [command]/usr/bin/git submodule foreach --recursive git config --local --show-origin --name-only --get-regexp remote.origin.url
2026-10-02T03:15:58.6012055Z Cleaning up orphan processes
2026-10-02T03:15:58.6298566Z ##[warning]Node.js 20 is deprecated. The following actions target Node.js 20 but are being forced to run on Node.js 24: actions/cache@v4, actions/checkout@v4, actions/setup-python@v5, actions/upload-artifact@v4. For more information see: https://github.blog/changelog/2025-09-19-deprecation-of-node-20-on-github-actions-runners/
