2026-10-02T03:42:10.5544911Z Current runner version: '2.337.0'
2026-10-02T03:42:10.5566761Z ##[group]Runner Image Provisioner
2026-10-02T03:42:10.5567617Z Hosted Compute Agent
2026-10-02T03:42:10.5568207Z Version: 20260901.588
2026-10-02T03:42:10.5568745Z Commit: f88ec8081b781fac6c440065ac7ff9e710ce3d0b
2026-10-02T03:42:10.5569450Z Build Date: 2026-09-01T19:56:44Z
2026-10-02T03:42:10.5570015Z Worker ID: {c9364580-8531-4d96-a188-2fd98d426878}
2026-10-02T03:42:10.5570593Z Azure Region: westus3
2026-10-02T03:42:10.5571142Z ##[endgroup]
2026-10-02T03:42:10.5572324Z ##[group]Operating System
2026-10-02T03:42:10.5572919Z Ubuntu
2026-10-02T03:42:10.5573387Z 24.04.5
2026-10-02T03:42:10.5573827Z LTS
2026-10-02T03:42:10.5574307Z ##[endgroup]
2026-10-02T03:42:10.5574779Z ##[group]Runner Image
2026-10-02T03:42:10.5575643Z Image: ubuntu-24.04
2026-10-02T03:42:10.5576147Z Version: 20260927.320.1
2026-10-02T03:42:10.5577202Z Included Software: https://github.com/actions/runner-images/blob/ubuntu24/20260927.320/images/ubuntu/Ubuntu2404-Readme.md
2026-10-02T03:42:10.5578635Z Image Release: https://github.com/actions/runner-images/releases/tag/ubuntu24%2F20260927.320
2026-10-02T03:42:10.5579486Z ##[endgroup]
2026-10-02T03:42:10.5580472Z ##[group]GITHUB_TOKEN Permissions
2026-10-02T03:42:10.5582292Z Actions: read
2026-10-02T03:42:10.5582824Z Contents: write
2026-10-02T03:42:10.5583343Z Metadata: read
2026-10-02T03:42:10.5583867Z ##[endgroup]
2026-10-02T03:42:10.5585580Z Secret source: Actions
2026-10-02T03:42:10.5586462Z Cache mode: write
2026-10-02T03:42:10.5587069Z Prepare workflow directory
2026-10-02T03:42:10.5992043Z Prepare all required actions
2026-10-02T03:42:10.6030023Z Getting action download info
2026-10-02T03:42:10.9227065Z Download action repository 'actions/checkout@v4' (SHA:11d5960a326750d5838078e36cf38b85af677262)
2026-10-02T03:42:11.1742211Z Download action repository 'actions/setup-python@v5' (SHA:a26af69be951a213d495a4c3e4e4022e16d87065)
2026-10-02T03:42:11.2690689Z Download action repository 'actions/download-artifact@v4' (SHA:d3f86a106a0bac45b974a628896c90dbdf5c8093)
2026-10-02T03:42:12.0167874Z Download action repository 'actions/upload-artifact@v4' (SHA:ea165f8d65b6e75b540449e92b4886f43607fa02)
2026-10-02T03:42:12.2429384Z Complete job name: ranks_development
2026-10-02T03:42:12.2997512Z ##[group]Run actions/checkout@v4
2026-10-02T03:42:12.2998279Z with:
2026-10-02T03:42:12.2998701Z   repository: duuu-hub/bb-scanner
2026-10-02T03:42:12.3002152Z   token: ***
2026-10-02T03:42:12.3002552Z   ssh-strict: true
2026-10-02T03:42:12.3002959Z   ssh-user: git
2026-10-02T03:42:12.3003367Z   persist-credentials: true
2026-10-02T03:42:12.3003807Z   clean: true
2026-10-02T03:42:12.3004214Z   sparse-checkout-cone-mode: true
2026-10-02T03:42:12.3004698Z   fetch-depth: 1
2026-10-02T03:42:12.3005108Z   fetch-tags: false
2026-10-02T03:42:12.3005517Z   show-progress: true
2026-10-02T03:42:12.3005946Z   lfs: false
2026-10-02T03:42:12.3006343Z   submodules: false
2026-10-02T03:42:12.3006769Z   set-safe-directory: true
2026-10-02T03:42:12.3007237Z   allow-unsafe-pr-checkout: false
2026-10-02T03:42:12.3008018Z env:
2026-10-02T03:42:12.3011186Z   GH_TOKEN: ***
2026-10-02T03:42:12.3011592Z ##[endgroup]
2026-10-02T03:42:12.3815852Z Syncing repository: duuu-hub/bb-scanner
2026-10-02T03:42:12.3818268Z ##[group]Getting Git version info
2026-10-02T03:42:12.3819302Z Working directory is '/home/runner/work/bb-scanner/bb-scanner'
2026-10-02T03:42:12.3820783Z [command]/usr/bin/git version
2026-10-02T03:42:12.3846313Z git version 2.55.0
2026-10-02T03:42:12.3863249Z ##[endgroup]
2026-10-02T03:42:12.3875745Z Temporarily overriding HOME='/home/runner/work/_temp/a52bb28a-d3a4-4bea-8f98-d9e295c96b23' before making global git config changes
2026-10-02T03:42:12.3879869Z Adding repository directory to the temporary git global config as a safe directory
2026-10-02T03:42:12.3881635Z [command]/usr/bin/git config --global --add safe.directory /home/runner/work/bb-scanner/bb-scanner
2026-10-02T03:42:12.3922607Z Deleting the contents of '/home/runner/work/bb-scanner/bb-scanner'
2026-10-02T03:42:12.3926018Z ##[group]Initializing the repository
2026-10-02T03:42:12.3929073Z [command]/usr/bin/git init /home/runner/work/bb-scanner/bb-scanner
2026-10-02T03:42:12.3999554Z hint: Using 'master' as the name for the initial branch. This default branch name
2026-10-02T03:42:12.4000996Z hint: will change to "main" in Git 3.0. To configure the initial branch name
2026-10-02T03:42:12.4003411Z hint: to use in all of your new repositories, which will suppress this warning,
2026-10-02T03:42:12.4004426Z hint: call:
2026-10-02T03:42:12.4004990Z hint:
2026-10-02T03:42:12.4005721Z hint: 	git config --global init.defaultBranch <name>
2026-10-02T03:42:12.4006616Z hint:
2026-10-02T03:42:12.4007789Z hint: Names commonly chosen instead of 'master' are 'main', 'trunk' and
2026-10-02T03:42:12.4009127Z hint: 'development'. The just-created branch can be renamed via this command:
2026-10-02T03:42:12.4010205Z hint:
2026-10-02T03:42:12.4010782Z hint: 	git branch -m <name>
2026-10-02T03:42:12.4011472Z hint:
2026-10-02T03:42:12.4012353Z hint: Disable this message with "git config set advice.defaultBranchName false"
2026-10-02T03:42:12.4013529Z Initialized empty Git repository in /home/runner/work/bb-scanner/bb-scanner/.git/
2026-10-02T03:42:12.4015085Z [command]/usr/bin/git remote add origin https://github.com/duuu-hub/bb-scanner
2026-10-02T03:42:12.4051799Z ##[endgroup]
2026-10-02T03:42:12.4052904Z ##[group]Disabling automatic garbage collection
2026-10-02T03:42:12.4055058Z [command]/usr/bin/git config --local gc.auto 0
2026-10-02T03:42:12.4082601Z ##[endgroup]
2026-10-02T03:42:12.4083660Z ##[group]Setting up auth
2026-10-02T03:42:12.4087187Z [command]/usr/bin/git config --local --name-only --get-regexp core\.sshCommand
2026-10-02T03:42:12.4113898Z [command]/usr/bin/git submodule foreach --recursive sh -c "git config --local --name-only --get-regexp 'core\.sshCommand' && git config --local --unset-all 'core.sshCommand' || :"
2026-10-02T03:42:12.4401236Z [command]/usr/bin/git config --local --name-only --get-regexp http\.https\:\/\/github\.com\/\.extraheader
2026-10-02T03:42:12.4432773Z [command]/usr/bin/git submodule foreach --recursive sh -c "git config --local --name-only --get-regexp 'http\.https\:\/\/github\.com\/\.extraheader' && git config --local --unset-all 'http.https://github.com/.extraheader' || :"
2026-10-02T03:42:12.4634829Z [command]/usr/bin/git config --local --name-only --get-regexp ^includeIf\.gitdir:
2026-10-02T03:42:12.4666848Z [command]/usr/bin/git submodule foreach --recursive git config --local --show-origin --name-only --get-regexp remote.origin.url
2026-10-02T03:42:12.4854664Z [command]/usr/bin/git config --local http.https://github.com/.extraheader AUTHORIZATION: basic ***
2026-10-02T03:42:12.4958378Z ##[endgroup]
2026-10-02T03:42:12.4965605Z ##[group]Fetching the repository
2026-10-02T03:42:12.4967129Z [command]/usr/bin/git -c protocol.version=2 fetch --no-tags --prune --no-recurse-submodules --depth=1 origin +2e1bb92891c2c480028c075b30afe91275cc0c43:refs/remotes/origin/research-cross-sectional-leader-v9
2026-10-02T03:42:14.1926337Z From https://github.com/duuu-hub/bb-scanner
2026-10-02T03:42:14.1928730Z  * [new ref]         2e1bb92891c2c480028c075b30afe91275cc0c43 -> origin/research-cross-sectional-leader-v9
2026-10-02T03:42:14.1931875Z ##[endgroup]
2026-10-02T03:42:14.1932550Z ##[group]Determining the checkout info
2026-10-02T03:42:14.1933263Z ##[endgroup]
2026-10-02T03:42:14.1937617Z [command]/usr/bin/git sparse-checkout disable
2026-10-02T03:42:14.1981241Z [command]/usr/bin/git config --local --unset-all extensions.worktreeConfig
2026-10-02T03:42:14.2009139Z ##[group]Checking out the ref
2026-10-02T03:42:14.2012820Z [command]/usr/bin/git checkout --progress --force -B research-cross-sectional-leader-v9 refs/remotes/origin/research-cross-sectional-leader-v9
2026-10-02T03:42:14.3807169Z Switched to a new branch 'research-cross-sectional-leader-v9'
2026-10-02T03:42:14.3811822Z branch 'research-cross-sectional-leader-v9' set up to track 'origin/research-cross-sectional-leader-v9'.
2026-10-02T03:42:14.3820327Z ##[endgroup]
2026-10-02T03:42:14.3858459Z [command]/usr/bin/git log -1 --format=%H
2026-10-02T03:42:14.3880729Z 2e1bb92891c2c480028c075b30afe91275cc0c43
2026-10-02T03:42:14.4154577Z ##[group]Run actions/setup-python@v5
2026-10-02T03:42:14.4154906Z with:
2026-10-02T03:42:14.4155141Z   python-version: 3.12
2026-10-02T03:42:14.4155390Z   check-latest: false
2026-10-02T03:42:14.4157601Z   token: ***
2026-10-02T03:42:14.4157855Z   update-environment: true
2026-10-02T03:42:14.4158122Z   allow-prereleases: false
2026-10-02T03:42:14.4158374Z   freethreaded: false
2026-10-02T03:42:14.4158601Z env:
2026-10-02T03:42:14.4160511Z   GH_TOKEN: ***
2026-10-02T03:42:14.4160732Z ##[endgroup]
2026-10-02T03:42:14.5172816Z ##[group]Installed versions
2026-10-02T03:42:14.5475042Z (node:2078) [DEP0040] DeprecationWarning: The `punycode` module is deprecated. Please use a userland alternative instead.
2026-10-02T03:42:14.5475723Z (Use `node --trace-deprecation ...` to show where the warning was created)
2026-10-02T03:42:14.5476334Z Successfully set up CPython (3.12.14)
2026-10-02T03:42:14.5476977Z ##[endgroup]
2026-10-02T03:42:14.5668101Z ##[group]Run set -euo pipefail
2026-10-02T03:42:14.5668632Z [36;1mset -euo pipefail[0m
2026-10-02T03:42:14.5669065Z [36;1mpip install pandas==2.3.3 numpy==2.3.3[0m
2026-10-02T03:42:14.6130823Z shell: /usr/bin/bash --noprofile --norc -e -o pipefail {0}
2026-10-02T03:42:14.6131236Z env:
2026-10-02T03:42:14.6133454Z   GH_TOKEN: ***
2026-10-02T03:42:14.6133757Z   pythonLocation: /opt/hostedtoolcache/Python/3.12.14/x64
2026-10-02T03:42:14.6134184Z   PKG_CONFIG_PATH: /opt/hostedtoolcache/Python/3.12.14/x64/lib/pkgconfig
2026-10-02T03:42:14.6134591Z   Python_ROOT_DIR: /opt/hostedtoolcache/Python/3.12.14/x64
2026-10-02T03:42:14.6134959Z   Python2_ROOT_DIR: /opt/hostedtoolcache/Python/3.12.14/x64
2026-10-02T03:42:14.6135331Z   Python3_ROOT_DIR: /opt/hostedtoolcache/Python/3.12.14/x64
2026-10-02T03:42:14.6135716Z   LD_LIBRARY_PATH: /opt/hostedtoolcache/Python/3.12.14/x64/lib
2026-10-02T03:42:14.6136036Z ##[endgroup]
2026-10-02T03:42:15.6723026Z Collecting pandas==2.3.3
2026-10-02T03:42:15.7325358Z   Downloading pandas-2.3.3-cp312-cp312-manylinux_2_24_x86_64.manylinux_2_28_x86_64.whl.metadata (91 kB)
2026-10-02T03:42:15.9128706Z Collecting numpy==2.3.3
2026-10-02T03:42:15.9236296Z   Downloading numpy-2.3.3-cp312-cp312-manylinux_2_27_x86_64.manylinux_2_28_x86_64.whl.metadata (62 kB)
2026-10-02T03:42:15.9458879Z Collecting python-dateutil>=2.8.2 (from pandas==2.3.3)
2026-10-02T03:42:15.9554967Z   Downloading python_dateutil-2.9.0.post0-py2.py3-none-any.whl.metadata (8.4 kB)
2026-10-02T03:42:15.9798918Z Collecting pytz>=2020.1 (from pandas==2.3.3)
2026-10-02T03:42:15.9895779Z   Downloading pytz-2026.4-py2.py3-none-any.whl.metadata (22 kB)
2026-10-02T03:42:16.0016618Z Collecting tzdata>=2022.7 (from pandas==2.3.3)
2026-10-02T03:42:16.0113633Z   Downloading tzdata-2026.4-py2.py3-none-any.whl.metadata (1.4 kB)
2026-10-02T03:42:16.0215600Z Collecting six>=1.5 (from python-dateutil>=2.8.2->pandas==2.3.3)
2026-10-02T03:42:16.0316620Z   Downloading six-1.17.0-py2.py3-none-any.whl.metadata (1.7 kB)
2026-10-02T03:42:16.0441314Z Downloading pandas-2.3.3-cp312-cp312-manylinux_2_24_x86_64.manylinux_2_28_x86_64.whl (12.4 MB)
2026-10-02T03:42:16.4925639Z    ━━━━━━━━━━━━━━━━━━━━━━━━━━━━━━━━━━━━━━━━ 12.4/12.4 MB 28.7 MB/s  0:00:00
2026-10-02T03:42:16.5043163Z Downloading numpy-2.3.3-cp312-cp312-manylinux_2_27_x86_64.manylinux_2_28_x86_64.whl (16.6 MB)
2026-10-02T03:42:16.8033074Z    ━━━━━━━━━━━━━━━━━━━━━━━━━━━━━━━━━━━━━━━━ 16.6/16.6 MB 55.4 MB/s  0:00:00
2026-10-02T03:42:16.8133054Z Downloading python_dateutil-2.9.0.post0-py2.py3-none-any.whl (229 kB)
2026-10-02T03:42:16.8393917Z Downloading pytz-2026.4-py2.py3-none-any.whl (506 kB)
2026-10-02T03:42:16.8661530Z Downloading six-1.17.0-py2.py3-none-any.whl (11 kB)
2026-10-02T03:42:16.8775379Z Downloading tzdata-2026.4-py2.py3-none-any.whl (347 kB)
2026-10-02T03:42:17.0030149Z Installing collected packages: pytz, tzdata, six, numpy, python-dateutil, pandas
2026-10-02T03:42:22.5419916Z 
2026-10-02T03:42:22.5431259Z Successfully installed numpy-2.3.3 pandas-2.3.3 python-dateutil-2.9.0.post0 pytz-2026.4 six-1.17.0 tzdata-2026.4
2026-10-02T03:42:22.5971799Z ##[group]Run actions/download-artifact@v4
2026-10-02T03:42:22.5972046Z with:
2026-10-02T03:42:22.5972289Z   pattern: cross-sectional-leader-v9-map-development-[0-7]
2026-10-02T03:42:22.5972566Z   path: maps
2026-10-02T03:42:22.5972743Z   merge-multiple: false
2026-10-02T03:42:22.5972947Z   repository: duuu-hub/bb-scanner
2026-10-02T03:42:22.5973152Z   run-id: 36955250542
2026-10-02T03:42:22.5973323Z env:
2026-10-02T03:42:22.5975230Z   GH_TOKEN: ***
2026-10-02T03:42:22.5975474Z   pythonLocation: /opt/hostedtoolcache/Python/3.12.14/x64
2026-10-02T03:42:22.5975837Z   PKG_CONFIG_PATH: /opt/hostedtoolcache/Python/3.12.14/x64/lib/pkgconfig
2026-10-02T03:42:22.5976175Z   Python_ROOT_DIR: /opt/hostedtoolcache/Python/3.12.14/x64
2026-10-02T03:42:22.5976481Z   Python2_ROOT_DIR: /opt/hostedtoolcache/Python/3.12.14/x64
2026-10-02T03:42:22.5976790Z   Python3_ROOT_DIR: /opt/hostedtoolcache/Python/3.12.14/x64
2026-10-02T03:42:22.5977118Z   LD_LIBRARY_PATH: /opt/hostedtoolcache/Python/3.12.14/x64/lib
2026-10-02T03:42:22.5977503Z ##[endgroup]
2026-10-02T03:42:22.7264576Z (node:2113) [DEP0040] DeprecationWarning: The `punycode` module is deprecated. Please use a userland alternative instead.
2026-10-02T03:42:22.7265188Z (Use `node --trace-deprecation ...` to show where the warning was created)
2026-10-02T03:42:22.9643898Z Found 9 artifact(s)
2026-10-02T03:42:22.9644723Z Filtering artifacts by pattern 'cross-sectional-leader-v9-map-development-[0-7]'
2026-10-02T03:42:22.9662358Z Preparing to download the following artifacts:
2026-10-02T03:42:22.9663301Z - cross-sectional-leader-v9-map-development-6 (ID: 11207626169, Size: 424541, Expected Digest: sha256:bc651da9a66beb099118363e8bc49010306244b6780879d8c829257dad94edb6)
2026-10-02T03:42:22.9664820Z - cross-sectional-leader-v9-map-development-7 (ID: 11207333188, Size: 401554, Expected Digest: sha256:e4d14642b1930ad5fbe74b0d892705c83eb23d5be57cb6132f63c8b91ce456a6)
2026-10-02T03:42:22.9666402Z - cross-sectional-leader-v9-map-development-5 (ID: 11206972339, Size: 598831, Expected Digest: sha256:f2abf5dd5a3056958abe4c53cdf53cd343bfca5ccaabb7afcb43e2ead620f8e6)
2026-10-02T03:42:22.9668265Z - cross-sectional-leader-v9-map-development-0 (ID: 11206927410, Size: 528744, Expected Digest: sha256:fbc48660400294e147768a3a2aa06a3295981d278eff7a5aff24db43691cf133)
2026-10-02T03:42:22.9679476Z - cross-sectional-leader-v9-map-development-4 (ID: 11206842565, Size: 363010, Expected Digest: sha256:1c850cccd975a212cfd3623304a3c1b3fc8a150e5b81f776b891bbf8292d1f05)
2026-10-02T03:42:22.9680760Z - cross-sectional-leader-v9-map-development-2 (ID: 11206734931, Size: 470471, Expected Digest: sha256:829e6f5ec297ee47dda192da0d92d679fcba42c827fd93ee9251bbd50a3faf9b)
2026-10-02T03:42:22.9681718Z - cross-sectional-leader-v9-map-development-1 (ID: 11206682980, Size: 518521, Expected Digest: sha256:3e5d096c98e2488c55d74a237c8967b07345957c6a05be4c1d5befc80123f403)
2026-10-02T03:42:22.9682719Z - cross-sectional-leader-v9-map-development-3 (ID: 11206584276, Size: 372012, Expected Digest: sha256:4d4fb059871f9a43e9df4155ced9f716a851730bc7d91060614c883994964230)
2026-10-02T03:42:23.1862564Z Redirecting to blob download url: https://productionresultssa11.blob.core.windows.net/actions-results/d1fe8afc-62af-86e2-baa5-d9e2f76011a8/workflow-job-run-805cdc76-05a6-5e48-87f9-51482319b49b/artifacts/7fc364ab340fe6e97c22f65b965fd56574699d40aa14a6d4dcb4529e36a46c5f.zip
2026-10-02T03:42:23.1864610Z Starting download of artifact to: /home/runner/work/bb-scanner/bb-scanner/maps/cross-sectional-leader-v9-map-development-6
2026-10-02T03:42:23.2864426Z Redirecting to blob download url: https://productionresultssa11.blob.core.windows.net/actions-results/d1fe8afc-62af-86e2-baa5-d9e2f76011a8/workflow-job-run-65bef381-13e8-51e6-b803-8edb7256b614/artifacts/e248490f6c19a2180b28ef3b2239f91fd9a12984475c2b32ae4cfffef2639e96.zip
2026-10-02T03:42:23.2865600Z Starting download of artifact to: /home/runner/work/bb-scanner/bb-scanner/maps/cross-sectional-leader-v9-map-development-2
2026-10-02T03:42:23.2924202Z Redirecting to blob download url: https://productionresultssa11.blob.core.windows.net/actions-results/d1fe8afc-62af-86e2-baa5-d9e2f76011a8/workflow-job-run-97623a75-9fc3-544c-93b3-62caa956c9af/artifacts/599e0227c00e639930c1fc2b4903d93274868f7b4ca957726e9246ebde136f77.zip
2026-10-02T03:42:23.2925460Z Starting download of artifact to: /home/runner/work/bb-scanner/bb-scanner/maps/cross-sectional-leader-v9-map-development-7
2026-10-02T03:42:23.2937621Z Redirecting to blob download url: https://productionresultssa11.blob.core.windows.net/actions-results/d1fe8afc-62af-86e2-baa5-d9e2f76011a8/workflow-job-run-23a64bc2-8aaa-5c25-9e9f-665bfbdc009c/artifacts/f590f361224c4e35131d10ab63fa00259494d90eb960506d4eb28f2922a86b75.zip
2026-10-02T03:42:23.2939474Z Starting download of artifact to: /home/runner/work/bb-scanner/bb-scanner/maps/cross-sectional-leader-v9-map-development-5
2026-10-02T03:42:23.3020228Z Redirecting to blob download url: https://productionresultssa11.blob.core.windows.net/actions-results/d1fe8afc-62af-86e2-baa5-d9e2f76011a8/workflow-job-run-2333650d-444f-5479-a7fd-54307b0d4cb3/artifacts/1e8cca7285a8b8b8fc2cb7094428e48c582eb44d303edfc623d4f20ae02f79d9.zip
2026-10-02T03:42:23.3022438Z Starting download of artifact to: /home/runner/work/bb-scanner/bb-scanner/maps/cross-sectional-leader-v9-map-development-0
2026-10-02T03:42:23.3042329Z Redirecting to blob download url: https://productionresultssa11.blob.core.windows.net/actions-results/d1fe8afc-62af-86e2-baa5-d9e2f76011a8/workflow-job-run-3ad4f304-d044-5923-bc95-5e3424c0afca/artifacts/67801058cb6862975e18dc8141ae74941697b0efbbc37a8eea7b8e64ef68f4a3.zip
2026-10-02T03:42:23.3044545Z Starting download of artifact to: /home/runner/work/bb-scanner/bb-scanner/maps/cross-sectional-leader-v9-map-development-1
2026-10-02T03:42:23.3050377Z Redirecting to blob download url: https://productionresultssa11.blob.core.windows.net/actions-results/d1fe8afc-62af-86e2-baa5-d9e2f76011a8/workflow-job-run-8ac160c7-4088-5655-9619-8cf278ce9239/artifacts/20742f3f0ca171b2c316077a6c1ffdb317996c925a699c423770543ac766adc7.zip
2026-10-02T03:42:23.3052566Z Starting download of artifact to: /home/runner/work/bb-scanner/bb-scanner/maps/cross-sectional-leader-v9-map-development-3
2026-10-02T03:42:23.3112491Z Redirecting to blob download url: https://productionresultssa11.blob.core.windows.net/actions-results/d1fe8afc-62af-86e2-baa5-d9e2f76011a8/workflow-job-run-d66a7a06-0472-50a7-a1a1-c27389dfcd34/artifacts/c99e06e70091d4bdaf146c2666ec70a4bcd6b218a45c14652f54ca9045658369.zip
2026-10-02T03:42:23.3113681Z Starting download of artifact to: /home/runner/work/bb-scanner/bb-scanner/maps/cross-sectional-leader-v9-map-development-4
2026-10-02T03:42:23.4325389Z (node:2113) [DEP0005] DeprecationWarning: Buffer() is deprecated due to security and usability issues. Please use the Buffer.alloc(), Buffer.allocUnsafe(), or Buffer.from() methods instead.
2026-10-02T03:42:23.6818148Z SHA256 digest of downloaded artifact is bc651da9a66beb099118363e8bc49010306244b6780879d8c829257dad94edb6
2026-10-02T03:42:23.6818709Z Artifact download completed successfully.
2026-10-02T03:42:23.7722869Z SHA256 digest of downloaded artifact is 829e6f5ec297ee47dda192da0d92d679fcba42c827fd93ee9251bbd50a3faf9b
2026-10-02T03:42:23.7723386Z Artifact download completed successfully.
2026-10-02T03:42:23.7871095Z SHA256 digest of downloaded artifact is 4d4fb059871f9a43e9df4155ced9f716a851730bc7d91060614c883994964230
2026-10-02T03:42:23.7871573Z Artifact download completed successfully.
2026-10-02T03:42:23.8190931Z SHA256 digest of downloaded artifact is 1c850cccd975a212cfd3623304a3c1b3fc8a150e5b81f776b891bbf8292d1f05
2026-10-02T03:42:23.8191506Z Artifact download completed successfully.
2026-10-02T03:42:23.8256091Z SHA256 digest of downloaded artifact is e4d14642b1930ad5fbe74b0d892705c83eb23d5be57cb6132f63c8b91ce456a6
2026-10-02T03:42:23.8256842Z Artifact download completed successfully.
2026-10-02T03:42:23.8338040Z SHA256 digest of downloaded artifact is 3e5d096c98e2488c55d74a237c8967b07345957c6a05be4c1d5befc80123f403
2026-10-02T03:42:23.8338968Z Artifact download completed successfully.
2026-10-02T03:42:23.8389600Z SHA256 digest of downloaded artifact is fbc48660400294e147768a3a2aa06a3295981d278eff7a5aff24db43691cf133
2026-10-02T03:42:23.8390094Z Artifact download completed successfully.
2026-10-02T03:42:23.8804792Z SHA256 digest of downloaded artifact is f2abf5dd5a3056958abe4c53cdf53cd343bfca5ccaabb7afcb43e2ead620f8e6
2026-10-02T03:42:23.8805464Z Artifact download completed successfully.
2026-10-02T03:42:23.8805778Z Total of 8 artifact(s) downloaded
2026-10-02T03:42:23.8810387Z Download artifact has finished successfully
2026-10-02T03:42:23.8934567Z ##[group]Run set -euo pipefail
2026-10-02T03:42:23.8934897Z [36;1mset -euo pipefail[0m
2026-10-02T03:42:23.8935540Z [36;1mpython scripts/cross_sectional_ranks_v9.py reduce --stage DEV --parts maps --baseline research/cross-sectional-leader-v9/FROZEN_INPUT_HASHES.json --out frozen-ranks[0m
2026-10-02T03:42:23.8936322Z [36;1mmkdir -p research/cross-sectional-leader-v9/run-36955250542/ranks-development[0m
2026-10-02T03:42:23.8936864Z [36;1mcp frozen-ranks/* research/cross-sectional-leader-v9/run-36955250542/ranks-development/[0m
2026-10-02T03:42:23.8937815Z [36;1mcp -r maps research/cross-sectional-leader-v9/run-36955250542/ranks-development/original-map-shards[0m
2026-10-02T03:42:23.8994238Z shell: /usr/bin/bash --noprofile --norc -e -o pipefail {0}
2026-10-02T03:42:23.8994576Z env:
2026-10-02T03:42:23.8996545Z   GH_TOKEN: ***
2026-10-02T03:42:23.8996840Z   pythonLocation: /opt/hostedtoolcache/Python/3.12.14/x64
2026-10-02T03:42:23.8997433Z   PKG_CONFIG_PATH: /opt/hostedtoolcache/Python/3.12.14/x64/lib/pkgconfig
2026-10-02T03:42:23.8997836Z   Python_ROOT_DIR: /opt/hostedtoolcache/Python/3.12.14/x64
2026-10-02T03:42:23.8998198Z   Python2_ROOT_DIR: /opt/hostedtoolcache/Python/3.12.14/x64
2026-10-02T03:42:23.8998553Z   Python3_ROOT_DIR: /opt/hostedtoolcache/Python/3.12.14/x64
2026-10-02T03:42:23.8998928Z   LD_LIBRARY_PATH: /opt/hostedtoolcache/Python/3.12.14/x64/lib
2026-10-02T03:42:23.8999237Z ##[endgroup]
2026-10-02T03:42:25.7453804Z V9_RANK_REDUCE_DONE DEV {"map_rows": 82191, "rank_rows": 82191, "ranked_dates": 821, "minimum_universe": 30, "rank_data_sha256": "254fc4035dc8d5e19e650e9336bfe31de58a1037cdc0a88cc1fee4b50a3dd355"} excluded_low_universe_dates 0
2026-10-02T03:42:25.7976751Z ##[group]Run set -euo pipefail
2026-10-02T03:42:25.7977096Z [36;1mset -euo pipefail[0m
2026-10-02T03:42:25.7977654Z [36;1mgit config user.name "github-actions[bot]"[0m
2026-10-02T03:42:25.7978238Z [36;1mgit config user.email "41898282+github-actions[bot]@users.noreply.github.com"[0m
2026-10-02T03:42:25.7978823Z [36;1mgit checkout -b "research-cross-sectional-leader-v9-ranks-development-36955250542"[0m
2026-10-02T03:42:25.7979387Z [36;1mgit add "research/cross-sectional-leader-v9/run-36955250542/ranks-development"[0m
2026-10-02T03:42:25.7979892Z [36;1mgit commit -m "Preserve V9 ranks-development before subsequent research stages"[0m
2026-10-02T03:42:25.7980286Z [36;1mgit push origin HEAD[0m
2026-10-02T03:42:25.8036437Z shell: /usr/bin/bash --noprofile --norc -e -o pipefail {0}
2026-10-02T03:42:25.8036776Z env:
2026-10-02T03:42:25.8039072Z   GH_TOKEN: ***
2026-10-02T03:42:25.8039381Z   pythonLocation: /opt/hostedtoolcache/Python/3.12.14/x64
2026-10-02T03:42:25.8039813Z   PKG_CONFIG_PATH: /opt/hostedtoolcache/Python/3.12.14/x64/lib/pkgconfig
2026-10-02T03:42:25.8040206Z   Python_ROOT_DIR: /opt/hostedtoolcache/Python/3.12.14/x64
2026-10-02T03:42:25.8040567Z   Python2_ROOT_DIR: /opt/hostedtoolcache/Python/3.12.14/x64
2026-10-02T03:42:25.8040935Z   Python3_ROOT_DIR: /opt/hostedtoolcache/Python/3.12.14/x64
2026-10-02T03:42:25.8041304Z   LD_LIBRARY_PATH: /opt/hostedtoolcache/Python/3.12.14/x64/lib
2026-10-02T03:42:25.8041616Z ##[endgroup]
2026-10-02T03:42:25.8155468Z Switched to a new branch 'research-cross-sectional-leader-v9-ranks-development-36955250542'
2026-10-02T03:42:26.1210525Z [research-cross-sectional-leader-v9-ranks-development-36955250542 29cef40] Preserve V9 ranks-development before subsequent research stages
2026-10-02T03:42:26.1211770Z  26 files changed, 17395 insertions(+)
2026-10-02T03:42:26.1212257Z  create mode 100644 research/cross-sectional-leader-v9/run-36955250542/ranks-development/daily_ranks.csv.gz
2026-10-02T03:42:26.1213075Z  create mode 100644 research/cross-sectional-leader-v9/run-36955250542/ranks-development/original-map-shards/cross-sectional-leader-v9-map-development-0/daily_map.csv.gz
2026-10-02T03:42:26.1214009Z  create mode 100644 research/cross-sectional-leader-v9/run-36955250542/ranks-development/original-map-shards/cross-sectional-leader-v9-map-development-0/map_meta.json
2026-10-02T03:42:26.1214935Z  create mode 100644 research/cross-sectional-leader-v9/run-36955250542/ranks-development/original-map-shards/cross-sectional-leader-v9-map-development-0/source_check.json
2026-10-02T03:42:26.1215873Z  create mode 100644 research/cross-sectional-leader-v9/run-36955250542/ranks-development/original-map-shards/cross-sectional-leader-v9-map-development-1/daily_map.csv.gz
2026-10-02T03:42:26.1216798Z  create mode 100644 research/cross-sectional-leader-v9/run-36955250542/ranks-development/original-map-shards/cross-sectional-leader-v9-map-development-1/map_meta.json
2026-10-02T03:42:26.1218166Z  create mode 100644 research/cross-sectional-leader-v9/run-36955250542/ranks-development/original-map-shards/cross-sectional-leader-v9-map-development-1/source_check.json
2026-10-02T03:42:26.1219186Z  create mode 100644 research/cross-sectional-leader-v9/run-36955250542/ranks-development/original-map-shards/cross-sectional-leader-v9-map-development-2/daily_map.csv.gz
2026-10-02T03:42:26.1220104Z  create mode 100644 research/cross-sectional-leader-v9/run-36955250542/ranks-development/original-map-shards/cross-sectional-leader-v9-map-development-2/map_meta.json
2026-10-02T03:42:26.1221020Z  create mode 100644 research/cross-sectional-leader-v9/run-36955250542/ranks-development/original-map-shards/cross-sectional-leader-v9-map-development-2/source_check.json
2026-10-02T03:42:26.1221953Z  create mode 100644 research/cross-sectional-leader-v9/run-36955250542/ranks-development/original-map-shards/cross-sectional-leader-v9-map-development-3/daily_map.csv.gz
2026-10-02T03:42:26.1223045Z  create mode 100644 research/cross-sectional-leader-v9/run-36955250542/ranks-development/original-map-shards/cross-sectional-leader-v9-map-development-3/map_meta.json
2026-10-02T03:42:26.1223982Z  create mode 100644 research/cross-sectional-leader-v9/run-36955250542/ranks-development/original-map-shards/cross-sectional-leader-v9-map-development-3/source_check.json
2026-10-02T03:42:26.1224907Z  create mode 100644 research/cross-sectional-leader-v9/run-36955250542/ranks-development/original-map-shards/cross-sectional-leader-v9-map-development-4/daily_map.csv.gz
2026-10-02T03:42:26.1225815Z  create mode 100644 research/cross-sectional-leader-v9/run-36955250542/ranks-development/original-map-shards/cross-sectional-leader-v9-map-development-4/map_meta.json
2026-10-02T03:42:26.1226733Z  create mode 100644 research/cross-sectional-leader-v9/run-36955250542/ranks-development/original-map-shards/cross-sectional-leader-v9-map-development-4/source_check.json
2026-10-02T03:42:26.1227880Z  create mode 100644 research/cross-sectional-leader-v9/run-36955250542/ranks-development/original-map-shards/cross-sectional-leader-v9-map-development-5/daily_map.csv.gz
2026-10-02T03:42:26.1228843Z  create mode 100644 research/cross-sectional-leader-v9/run-36955250542/ranks-development/original-map-shards/cross-sectional-leader-v9-map-development-5/map_meta.json
2026-10-02T03:42:26.1229769Z  create mode 100644 research/cross-sectional-leader-v9/run-36955250542/ranks-development/original-map-shards/cross-sectional-leader-v9-map-development-5/source_check.json
2026-10-02T03:42:26.1230699Z  create mode 100644 research/cross-sectional-leader-v9/run-36955250542/ranks-development/original-map-shards/cross-sectional-leader-v9-map-development-6/daily_map.csv.gz
2026-10-02T03:42:26.1231743Z  create mode 100644 research/cross-sectional-leader-v9/run-36955250542/ranks-development/original-map-shards/cross-sectional-leader-v9-map-development-6/map_meta.json
2026-10-02T03:42:26.1232667Z  create mode 100644 research/cross-sectional-leader-v9/run-36955250542/ranks-development/original-map-shards/cross-sectional-leader-v9-map-development-6/source_check.json
2026-10-02T03:42:26.1233593Z  create mode 100644 research/cross-sectional-leader-v9/run-36955250542/ranks-development/original-map-shards/cross-sectional-leader-v9-map-development-7/daily_map.csv.gz
2026-10-02T03:42:26.1234524Z  create mode 100644 research/cross-sectional-leader-v9/run-36955250542/ranks-development/original-map-shards/cross-sectional-leader-v9-map-development-7/map_meta.json
2026-10-02T03:42:26.1235452Z  create mode 100644 research/cross-sectional-leader-v9/run-36955250542/ranks-development/original-map-shards/cross-sectional-leader-v9-map-development-7/source_check.json
2026-10-02T03:42:26.1236213Z  create mode 100644 research/cross-sectional-leader-v9/run-36955250542/ranks-development/rank_manifest.json
2026-10-02T03:42:29.4061322Z remote: 
2026-10-02T03:42:29.4062388Z remote: Create a pull request for 'research-cross-sectional-leader-v9-ranks-development-36955250542' on GitHub by visiting:        
2026-10-02T03:42:29.4063903Z remote:      https://github.com/duuu-hub/bb-scanner/pull/new/research-cross-sectional-leader-v9-ranks-development-36955250542        
2026-10-02T03:42:29.4064923Z remote: 
2026-10-02T03:42:29.4071594Z To https://github.com/duuu-hub/bb-scanner
2026-10-02T03:42:29.4072336Z  * [new branch]      HEAD -> research-cross-sectional-leader-v9-ranks-development-36955250542
2026-10-02T03:42:29.4156838Z ##[group]Run actions/upload-artifact@v4
2026-10-02T03:42:29.4157127Z with:
2026-10-02T03:42:29.4157558Z   name: cross-sectional-leader-v9-ranks-development
2026-10-02T03:42:29.4157873Z   path: frozen-ranks/
2026-10-02T03:42:29.4158108Z   retention-days: 30
2026-10-02T03:42:29.4158344Z   compression-level: 0
2026-10-02T03:42:29.4158586Z   if-no-files-found: warn
2026-10-02T03:42:29.4158822Z   overwrite: false
2026-10-02T03:42:29.4159050Z   include-hidden-files: false
2026-10-02T03:42:29.4159293Z env:
2026-10-02T03:42:29.4161255Z   GH_TOKEN: ***
2026-10-02T03:42:29.4161550Z   pythonLocation: /opt/hostedtoolcache/Python/3.12.14/x64
2026-10-02T03:42:29.4161949Z   PKG_CONFIG_PATH: /opt/hostedtoolcache/Python/3.12.14/x64/lib/pkgconfig
2026-10-02T03:42:29.4162346Z   Python_ROOT_DIR: /opt/hostedtoolcache/Python/3.12.14/x64
2026-10-02T03:42:29.4162699Z   Python2_ROOT_DIR: /opt/hostedtoolcache/Python/3.12.14/x64
2026-10-02T03:42:29.4163081Z   Python3_ROOT_DIR: /opt/hostedtoolcache/Python/3.12.14/x64
2026-10-02T03:42:29.4163441Z   LD_LIBRARY_PATH: /opt/hostedtoolcache/Python/3.12.14/x64/lib
2026-10-02T03:42:29.4163750Z ##[endgroup]
2026-10-02T03:42:29.5453718Z (node:2149) [DEP0040] DeprecationWarning: The `punycode` module is deprecated. Please use a userland alternative instead.
2026-10-02T03:42:29.5454478Z (Use `node --trace-deprecation ...` to show where the warning was created)
2026-10-02T03:42:29.5505442Z With the provided path, there will be 2 files uploaded
2026-10-02T03:42:29.5510035Z Artifact name is valid!
2026-10-02T03:42:29.5510712Z Root directory input is valid!
2026-10-02T03:42:29.8913113Z Beginning upload of artifact content to blob storage
2026-10-02T03:42:29.9188813Z (node:2149) [DEP0169] DeprecationWarning: `url.parse()` behavior is not standardized and prone to errors that have security implications. Use the WHATWG URL API instead. CVEs are not issued for `url.parse()` vulnerabilities.
2026-10-02T03:42:30.5521019Z Uploaded bytes 3480817
2026-10-02T03:42:30.6234052Z Finished uploading artifact content to blob storage!
2026-10-02T03:42:30.6234893Z SHA256 digest of uploaded artifact zip is a9490f13bdba0ddf14bb4b166ef4bc3840305cae8af7b2c9319ccac5254350bd
2026-10-02T03:42:30.6236018Z Finalizing artifact upload
2026-10-02T03:42:30.8694083Z Artifact cross-sectional-leader-v9-ranks-development.zip successfully finalized. Artifact ID 11208070575
2026-10-02T03:42:30.8695845Z Artifact cross-sectional-leader-v9-ranks-development has been successfully uploaded! Final size is 3480817 bytes. Artifact ID is 11208070575
2026-10-02T03:42:30.8700355Z Artifact download URL: https://github.com/duuu-hub/bb-scanner/actions/runs/36955250542/artifacts/11208070575
2026-10-02T03:42:30.8844326Z Post job cleanup.
2026-10-02T03:42:30.9803087Z (node:2161) [DEP0040] DeprecationWarning: The `punycode` module is deprecated. Please use a userland alternative instead.
2026-10-02T03:42:30.9803733Z (Use `node --trace-deprecation ...` to show where the warning was created)
2026-10-02T03:42:30.9938024Z Post job cleanup.
2026-10-02T03:42:31.0633288Z [command]/usr/bin/git version
2026-10-02T03:42:31.0668362Z git version 2.55.0
2026-10-02T03:42:31.0697695Z Temporarily overriding HOME='/home/runner/work/_temp/cc9fa149-2463-463e-a08f-066a9ea90e76' before making global git config changes
2026-10-02T03:42:31.0698772Z Adding repository directory to the temporary git global config as a safe directory
2026-10-02T03:42:31.0701914Z [command]/usr/bin/git config --global --add safe.directory /home/runner/work/bb-scanner/bb-scanner
2026-10-02T03:42:31.0758094Z [command]/usr/bin/git config --local --name-only --get-regexp core\.sshCommand
2026-10-02T03:42:31.0766093Z [command]/usr/bin/git submodule foreach --recursive sh -c "git config --local --name-only --get-regexp 'core\.sshCommand' && git config --local --unset-all 'core.sshCommand' || :"
2026-10-02T03:42:31.1059748Z [command]/usr/bin/git config --local --name-only --get-regexp http\.https\:\/\/github\.com\/\.extraheader
2026-10-02T03:42:31.1089260Z http.https://github.com/.extraheader
2026-10-02T03:42:31.1104744Z [command]/usr/bin/git config --local --unset-all http.https://github.com/.extraheader
2026-10-02T03:42:31.1152836Z [command]/usr/bin/git submodule foreach --recursive sh -c "git config --local --name-only --get-regexp 'http\.https\:\/\/github\.com\/\.extraheader' && git config --local --unset-all 'http.https://github.com/.extraheader' || :"
2026-10-02T03:42:31.1428658Z [command]/usr/bin/git config --local --name-only --get-regexp ^includeIf\.gitdir:
2026-10-02T03:42:31.1464484Z [command]/usr/bin/git submodule foreach --recursive git config --local --show-origin --name-only --get-regexp remote.origin.url
2026-10-02T03:42:31.1828522Z Cleaning up orphan processes
2026-10-02T03:42:31.2056728Z ##[warning]Node.js 20 is deprecated. The following actions target Node.js 20 but are being forced to run on Node.js 24: actions/checkout@v4, actions/download-artifact@v4, actions/setup-python@v5, actions/upload-artifact@v4. For more information see: https://github.blog/changelog/2025-09-19-deprecation-of-node-20-on-github-actions-runners/
