2026-10-02T03:16:03.3263483Z Current runner version: '2.337.0'
2026-10-02T03:16:03.3285721Z ##[group]Runner Image Provisioner
2026-10-02T03:16:03.3286448Z Hosted Compute Agent
2026-10-02T03:16:03.3287067Z Version: 20260901.588
2026-10-02T03:16:03.3287576Z Commit: f88ec8081b781fac6c440065ac7ff9e710ce3d0b
2026-10-02T03:16:03.3288185Z Build Date: 2026-09-01T19:56:44Z
2026-10-02T03:16:03.3288799Z Worker ID: {12fa4695-1f51-416f-a9c0-6ff6e8d97aba}
2026-10-02T03:16:03.3289384Z Azure Region: westus3
2026-10-02T03:16:03.3289893Z ##[endgroup]
2026-10-02T03:16:03.3291543Z ##[group]Operating System
2026-10-02T03:16:03.3292093Z Ubuntu
2026-10-02T03:16:03.3292583Z 24.04.5
2026-10-02T03:16:03.3293008Z LTS
2026-10-02T03:16:03.3293495Z ##[endgroup]
2026-10-02T03:16:03.3293961Z ##[group]Runner Image
2026-10-02T03:16:03.3294471Z Image: ubuntu-24.04
2026-10-02T03:16:03.3295331Z Version: 20260927.320.1
2026-10-02T03:16:03.3296401Z Included Software: https://github.com/actions/runner-images/blob/ubuntu24/20260927.320/images/ubuntu/Ubuntu2404-Readme.md
2026-10-02T03:16:03.3297705Z Image Release: https://github.com/actions/runner-images/releases/tag/ubuntu24%2F20260927.320
2026-10-02T03:16:03.3298488Z ##[endgroup]
2026-10-02T03:16:03.3299473Z ##[group]GITHUB_TOKEN Permissions
2026-10-02T03:16:03.3301851Z Actions: read
2026-10-02T03:16:03.3302409Z Contents: read
2026-10-02T03:16:03.3302903Z Metadata: read
2026-10-02T03:16:03.3303346Z ##[endgroup]
2026-10-02T03:16:03.3305224Z Secret source: Actions
2026-10-02T03:16:03.3306020Z Cache mode: write
2026-10-02T03:16:03.3306711Z Prepare workflow directory
2026-10-02T03:16:03.3770952Z Prepare all required actions
2026-10-02T03:16:03.3811775Z Getting action download info
2026-10-02T03:16:03.7002265Z Download action repository 'actions/checkout@v4' (SHA:11d5960a326750d5838078e36cf38b85af677262)
2026-10-02T03:16:03.8741123Z Download action repository 'actions/setup-python@v5' (SHA:a26af69be951a213d495a4c3e4e4022e16d87065)
2026-10-02T03:16:03.9967673Z Download action repository 'actions/cache@v4' (SHA:0057852bfaa89a56745cba8c7296529d2fc39830)
2026-10-02T03:16:04.2125993Z Download action repository 'actions/upload-artifact@v4' (SHA:ea165f8d65b6e75b540449e92b4886f43607fa02)
2026-10-02T03:16:04.4835540Z Complete job name: map_development (6)
2026-10-02T03:16:04.5475509Z ##[group]Run actions/checkout@v4
2026-10-02T03:16:04.5476189Z with:
2026-10-02T03:16:04.5476547Z   repository: duuu-hub/bb-scanner
2026-10-02T03:16:04.5479917Z   token: ***
2026-10-02T03:16:04.5480418Z   ssh-strict: true
2026-10-02T03:16:04.5480772Z   ssh-user: git
2026-10-02T03:16:04.5481121Z   persist-credentials: true
2026-10-02T03:16:04.5481498Z   clean: true
2026-10-02T03:16:04.5481849Z   sparse-checkout-cone-mode: true
2026-10-02T03:16:04.5482249Z   fetch-depth: 1
2026-10-02T03:16:04.5482594Z   fetch-tags: false
2026-10-02T03:16:04.5482942Z   show-progress: true
2026-10-02T03:16:04.5483296Z   lfs: false
2026-10-02T03:16:04.5483636Z   submodules: false
2026-10-02T03:16:04.5483991Z   set-safe-directory: true
2026-10-02T03:16:04.5484380Z   allow-unsafe-pr-checkout: false
2026-10-02T03:16:04.5484997Z env:
2026-10-02T03:16:04.5488151Z   GH_TOKEN: ***
2026-10-02T03:16:04.5488491Z ##[endgroup]
2026-10-02T03:16:04.6359449Z Syncing repository: duuu-hub/bb-scanner
2026-10-02T03:16:04.6361551Z ##[group]Getting Git version info
2026-10-02T03:16:04.6362158Z Working directory is '/home/runner/work/bb-scanner/bb-scanner'
2026-10-02T03:16:04.6365007Z [command]/usr/bin/git version
2026-10-02T03:16:04.6603819Z git version 2.55.0
2026-10-02T03:16:04.6622285Z ##[endgroup]
2026-10-02T03:16:04.6635612Z Temporarily overriding HOME='/home/runner/work/_temp/bea3f33a-60fa-43e9-aa0b-76cc0f6cb3b3' before making global git config changes
2026-10-02T03:16:04.6637416Z Adding repository directory to the temporary git global config as a safe directory
2026-10-02T03:16:04.6641980Z [command]/usr/bin/git config --global --add safe.directory /home/runner/work/bb-scanner/bb-scanner
2026-10-02T03:16:04.6691457Z Deleting the contents of '/home/runner/work/bb-scanner/bb-scanner'
2026-10-02T03:16:04.6695586Z ##[group]Initializing the repository
2026-10-02T03:16:04.6698180Z [command]/usr/bin/git init /home/runner/work/bb-scanner/bb-scanner
2026-10-02T03:16:04.6780892Z hint: Using 'master' as the name for the initial branch. This default branch name
2026-10-02T03:16:04.6784470Z hint: will change to "main" in Git 3.0. To configure the initial branch name
2026-10-02T03:16:04.6786065Z hint: to use in all of your new repositories, which will suppress this warning,
2026-10-02T03:16:04.6800554Z hint: call:
2026-10-02T03:16:04.6801149Z hint:
2026-10-02T03:16:04.6801811Z hint: 	git config --global init.defaultBranch <name>
2026-10-02T03:16:04.6802574Z hint:
2026-10-02T03:16:04.6803215Z hint: Names commonly chosen instead of 'master' are 'main', 'trunk' and
2026-10-02T03:16:04.6804327Z hint: 'development'. The just-created branch can be renamed via this command:
2026-10-02T03:16:04.6805202Z hint:
2026-10-02T03:16:04.6805679Z hint: 	git branch -m <name>
2026-10-02T03:16:04.6806280Z hint:
2026-10-02T03:16:04.6807060Z hint: Disable this message with "git config set advice.defaultBranchName false"
2026-10-02T03:16:04.6808538Z Initialized empty Git repository in /home/runner/work/bb-scanner/bb-scanner/.git/
2026-10-02T03:16:04.6810683Z [command]/usr/bin/git remote add origin https://github.com/duuu-hub/bb-scanner
2026-10-02T03:16:04.6859085Z ##[endgroup]
2026-10-02T03:16:04.6860230Z ##[group]Disabling automatic garbage collection
2026-10-02T03:16:04.6860978Z [command]/usr/bin/git config --local gc.auto 0
2026-10-02T03:16:04.6895227Z ##[endgroup]
2026-10-02T03:16:04.6896412Z ##[group]Setting up auth
2026-10-02T03:16:04.6902251Z [command]/usr/bin/git config --local --name-only --get-regexp core\.sshCommand
2026-10-02T03:16:04.6947512Z [command]/usr/bin/git submodule foreach --recursive sh -c "git config --local --name-only --get-regexp 'core\.sshCommand' && git config --local --unset-all 'core.sshCommand' || :"
2026-10-02T03:16:04.7384720Z [command]/usr/bin/git config --local --name-only --get-regexp http\.https\:\/\/github\.com\/\.extraheader
2026-10-02T03:16:04.7418471Z [command]/usr/bin/git submodule foreach --recursive sh -c "git config --local --name-only --get-regexp 'http\.https\:\/\/github\.com\/\.extraheader' && git config --local --unset-all 'http.https://github.com/.extraheader' || :"
2026-10-02T03:16:04.7624810Z [command]/usr/bin/git config --local --name-only --get-regexp ^includeIf\.gitdir:
2026-10-02T03:16:04.7660735Z [command]/usr/bin/git submodule foreach --recursive git config --local --show-origin --name-only --get-regexp remote.origin.url
2026-10-02T03:16:04.7866123Z [command]/usr/bin/git config --local http.https://github.com/.extraheader AUTHORIZATION: basic ***
2026-10-02T03:16:04.7905162Z ##[endgroup]
2026-10-02T03:16:04.7906124Z ##[group]Fetching the repository
2026-10-02T03:16:04.7913562Z [command]/usr/bin/git -c protocol.version=2 fetch --no-tags --prune --no-recurse-submodules --depth=1 origin +2e1bb92891c2c480028c075b30afe91275cc0c43:refs/remotes/origin/research-cross-sectional-leader-v9
2026-10-02T03:16:06.4835743Z From https://github.com/duuu-hub/bb-scanner
2026-10-02T03:16:06.4837762Z  * [new ref]         2e1bb92891c2c480028c075b30afe91275cc0c43 -> origin/research-cross-sectional-leader-v9
2026-10-02T03:16:06.4841678Z ##[endgroup]
2026-10-02T03:16:06.4842724Z ##[group]Determining the checkout info
2026-10-02T03:16:06.4843998Z ##[endgroup]
2026-10-02T03:16:06.4846565Z [command]/usr/bin/git sparse-checkout disable
2026-10-02T03:16:06.4896031Z [command]/usr/bin/git config --local --unset-all extensions.worktreeConfig
2026-10-02T03:16:06.4926862Z ##[group]Checking out the ref
2026-10-02T03:16:06.4931382Z [command]/usr/bin/git checkout --progress --force -B research-cross-sectional-leader-v9 refs/remotes/origin/research-cross-sectional-leader-v9
2026-10-02T03:16:06.6734410Z Switched to a new branch 'research-cross-sectional-leader-v9'
2026-10-02T03:16:06.6737764Z branch 'research-cross-sectional-leader-v9' set up to track 'origin/research-cross-sectional-leader-v9'.
2026-10-02T03:16:06.6746618Z ##[endgroup]
2026-10-02T03:16:06.6786403Z [command]/usr/bin/git log -1 --format=%H
2026-10-02T03:16:06.6811917Z 2e1bb92891c2c480028c075b30afe91275cc0c43
2026-10-02T03:16:06.7189805Z ##[group]Run actions/setup-python@v5
2026-10-02T03:16:06.7190852Z with:
2026-10-02T03:16:06.7191531Z   python-version: 3.12
2026-10-02T03:16:06.7192286Z   check-latest: false
2026-10-02T03:16:06.7199870Z   token: ***
2026-10-02T03:16:06.7200724Z   update-environment: true
2026-10-02T03:16:06.7201540Z   allow-prereleases: false
2026-10-02T03:16:06.7202331Z   freethreaded: false
2026-10-02T03:16:06.7203049Z env:
2026-10-02T03:16:06.7210541Z   GH_TOKEN: ***
2026-10-02T03:16:06.7211234Z ##[endgroup]
2026-10-02T03:16:06.8297457Z ##[group]Installed versions
2026-10-02T03:16:06.8361228Z (node:2103) [DEP0040] DeprecationWarning: The `punycode` module is deprecated. Please use a userland alternative instead.
2026-10-02T03:16:06.8363992Z (Use `node --trace-deprecation ...` to show where the warning was created)
2026-10-02T03:16:06.8365329Z Successfully set up CPython (3.12.14)
2026-10-02T03:16:06.8366771Z ##[endgroup]
2026-10-02T03:16:06.8579280Z ##[group]Run set -euo pipefail
2026-10-02T03:16:06.8580841Z [36;1mset -euo pipefail[0m
2026-10-02T03:16:06.8582172Z [36;1mpip install pandas==2.3.3 numpy==2.3.3[0m
2026-10-02T03:16:06.9290265Z shell: /usr/bin/bash --noprofile --norc -e -o pipefail {0}
2026-10-02T03:16:06.9291690Z env:
2026-10-02T03:16:06.9302908Z   GH_TOKEN: ***
2026-10-02T03:16:06.9304232Z   pythonLocation: /opt/hostedtoolcache/Python/3.12.14/x64
2026-10-02T03:16:06.9305813Z   PKG_CONFIG_PATH: /opt/hostedtoolcache/Python/3.12.14/x64/lib/pkgconfig
2026-10-02T03:16:06.9307189Z   Python_ROOT_DIR: /opt/hostedtoolcache/Python/3.12.14/x64
2026-10-02T03:16:06.9308441Z   Python2_ROOT_DIR: /opt/hostedtoolcache/Python/3.12.14/x64
2026-10-02T03:16:06.9309694Z   Python3_ROOT_DIR: /opt/hostedtoolcache/Python/3.12.14/x64
2026-10-02T03:16:06.9311162Z   LD_LIBRARY_PATH: /opt/hostedtoolcache/Python/3.12.14/x64/lib
2026-10-02T03:16:06.9312275Z ##[endgroup]
2026-10-02T03:16:07.8134865Z Collecting pandas==2.3.3
2026-10-02T03:16:07.8548192Z   Downloading pandas-2.3.3-cp312-cp312-manylinux_2_24_x86_64.manylinux_2_28_x86_64.whl.metadata (91 kB)
2026-10-02T03:16:08.3584446Z Collecting numpy==2.3.3
2026-10-02T03:16:08.3638470Z   Downloading numpy-2.3.3-cp312-cp312-manylinux_2_27_x86_64.manylinux_2_28_x86_64.whl.metadata (62 kB)
2026-10-02T03:16:08.3916632Z Collecting python-dateutil>=2.8.2 (from pandas==2.3.3)
2026-10-02T03:16:08.3952292Z   Downloading python_dateutil-2.9.0.post0-py2.py3-none-any.whl.metadata (8.4 kB)
2026-10-02T03:16:08.4316973Z Collecting pytz>=2020.1 (from pandas==2.3.3)
2026-10-02T03:16:08.4354458Z   Downloading pytz-2026.4-py2.py3-none-any.whl.metadata (22 kB)
2026-10-02T03:16:08.4796520Z Collecting tzdata>=2022.7 (from pandas==2.3.3)
2026-10-02T03:16:08.4831544Z   Downloading tzdata-2026.4-py2.py3-none-any.whl.metadata (1.4 kB)
2026-10-02T03:16:08.5015888Z Collecting six>=1.5 (from python-dateutil>=2.8.2->pandas==2.3.3)
2026-10-02T03:16:08.5049907Z   Downloading six-1.17.0-py2.py3-none-any.whl.metadata (1.7 kB)
2026-10-02T03:16:08.5114237Z Downloading pandas-2.3.3-cp312-cp312-manylinux_2_24_x86_64.manylinux_2_28_x86_64.whl (12.4 MB)
2026-10-02T03:16:08.6634284Z    ━━━━━━━━━━━━━━━━━━━━━━━━━━━━━━━━━━━━━━━━ 12.4/12.4 MB 82.9 MB/s  0:00:00
2026-10-02T03:16:08.7463965Z Downloading numpy-2.3.3-cp312-cp312-manylinux_2_27_x86_64.manylinux_2_28_x86_64.whl (16.6 MB)
2026-10-02T03:16:08.9202614Z    ━━━━━━━━━━━━━━━━━━━━━━━━━━━━━━━━━━━━━━━━ 16.6/16.6 MB 95.5 MB/s  0:00:00
2026-10-02T03:16:08.9239313Z Downloading python_dateutil-2.9.0.post0-py2.py3-none-any.whl (229 kB)
2026-10-02T03:16:08.9297673Z Downloading pytz-2026.4-py2.py3-none-any.whl (506 kB)
2026-10-02T03:16:08.9377080Z Downloading six-1.17.0-py2.py3-none-any.whl (11 kB)
2026-10-02T03:16:08.9428405Z Downloading tzdata-2026.4-py2.py3-none-any.whl (347 kB)
2026-10-02T03:16:09.0976928Z Installing collected packages: pytz, tzdata, six, numpy, python-dateutil, pandas
2026-10-02T03:16:15.1110921Z 
2026-10-02T03:16:15.1122398Z Successfully installed numpy-2.3.3 pandas-2.3.3 python-dateutil-2.9.0.post0 pytz-2026.4 six-1.17.0 tzdata-2026.4
2026-10-02T03:16:15.1852514Z ##[group]Run actions/cache@v4
2026-10-02T03:16:15.1852749Z with:
2026-10-02T03:16:15.1852912Z   path: data
2026-10-02T03:16:15.1853110Z   key: frozen-source-36095439671-15m-shard-6
2026-10-02T03:16:15.1853349Z   enableCrossOsArchive: false
2026-10-02T03:16:15.1853553Z   fail-on-cache-miss: false
2026-10-02T03:16:15.1853787Z   lookup-only: false
2026-10-02T03:16:15.1853973Z   save-always: false
2026-10-02T03:16:15.1854170Z env:
2026-10-02T03:16:15.1856330Z   GH_TOKEN: ***
2026-10-02T03:16:15.1856586Z   pythonLocation: /opt/hostedtoolcache/Python/3.12.14/x64
2026-10-02T03:16:15.1856939Z   PKG_CONFIG_PATH: /opt/hostedtoolcache/Python/3.12.14/x64/lib/pkgconfig
2026-10-02T03:16:15.1857269Z   Python_ROOT_DIR: /opt/hostedtoolcache/Python/3.12.14/x64
2026-10-02T03:16:15.1857574Z   Python2_ROOT_DIR: /opt/hostedtoolcache/Python/3.12.14/x64
2026-10-02T03:16:15.1857882Z   Python3_ROOT_DIR: /opt/hostedtoolcache/Python/3.12.14/x64
2026-10-02T03:16:15.1858258Z   LD_LIBRARY_PATH: /opt/hostedtoolcache/Python/3.12.14/x64/lib
2026-10-02T03:16:15.1858525Z ##[endgroup]
2026-10-02T03:16:15.2724252Z (node:2138) [DEP0040] DeprecationWarning: The `punycode` module is deprecated. Please use a userland alternative instead.
2026-10-02T03:16:15.2725003Z (Use `node --trace-deprecation ...` to show where the warning was created)
2026-10-02T03:16:15.4716806Z Cache not found for input keys: frozen-source-36095439671-15m-shard-6
2026-10-02T03:16:15.4794965Z ##[group]Run set -euo pipefail
2026-10-02T03:16:15.4795262Z [36;1mset -euo pipefail[0m
2026-10-02T03:16:15.4795471Z [36;1mif [ '' != 'true' ]; then[0m
2026-10-02T03:16:15.4795889Z [36;1m  gh run download 36095439671 -R duuu-hub/bb-scanner -n rank5-binance-um-15m-5y-data-shard-6 -D data[0m
2026-10-02T03:16:15.4796287Z [36;1mfi[0m
2026-10-02T03:16:15.4796569Z [36;1mgh run download 36858492497 -R duuu-hub/bb-scanner -n day-edge-v2-btc -D btc[0m
2026-10-02T03:16:15.4797120Z [36;1mgh run download 36095439671 -R duuu-hub/bb-scanner -n rank5-binance-um-15m-5y-manifest-shard-6 -D source-manifest[0m
2026-10-02T03:16:15.4798020Z [36;1mpython scripts/research_evidence_archive.py verify-source --data data --manifests source-manifest --baseline research/cross-sectional-leader-v9/FROZEN_INPUT_HASHES.json --out map-development-6/source_check.json[0m
2026-10-02T03:16:15.4856303Z shell: /usr/bin/bash --noprofile --norc -e -o pipefail {0}
2026-10-02T03:16:15.4856612Z env:
2026-10-02T03:16:15.4858884Z   GH_TOKEN: ***
2026-10-02T03:16:15.4859139Z   pythonLocation: /opt/hostedtoolcache/Python/3.12.14/x64
2026-10-02T03:16:15.4859499Z   PKG_CONFIG_PATH: /opt/hostedtoolcache/Python/3.12.14/x64/lib/pkgconfig
2026-10-02T03:16:15.4859844Z   Python_ROOT_DIR: /opt/hostedtoolcache/Python/3.12.14/x64
2026-10-02T03:16:15.4860273Z   Python2_ROOT_DIR: /opt/hostedtoolcache/Python/3.12.14/x64
2026-10-02T03:16:15.4860584Z   Python3_ROOT_DIR: /opt/hostedtoolcache/Python/3.12.14/x64
2026-10-02T03:16:15.4860905Z   LD_LIBRARY_PATH: /opt/hostedtoolcache/Python/3.12.14/x64/lib
2026-10-02T03:16:15.4861169Z ##[endgroup]
2026-10-02T03:16:32.2649106Z FROZEN_SOURCE_VERIFIED 107 files 28 prior SHA256 matches
2026-10-02T03:16:32.3139875Z ##[group]Run set -euo pipefail
2026-10-02T03:16:32.3140421Z [36;1mset -euo pipefail[0m
2026-10-02T03:16:32.3140975Z [36;1mpython scripts/cross_sectional_ranks_v9.py map --stage DEV --data data --btc btc/BTCUSDT.csv.gz --source-check map-development-6/source_check.json --out map-development-6[0m
2026-10-02T03:16:32.3197606Z shell: /usr/bin/bash --noprofile --norc -e -o pipefail {0}
2026-10-02T03:16:32.3197884Z env:
2026-10-02T03:16:32.3200493Z   GH_TOKEN: ***
2026-10-02T03:16:32.3200742Z   pythonLocation: /opt/hostedtoolcache/Python/3.12.14/x64
2026-10-02T03:16:32.3201091Z   PKG_CONFIG_PATH: /opt/hostedtoolcache/Python/3.12.14/x64/lib/pkgconfig
2026-10-02T03:16:32.3201421Z   Python_ROOT_DIR: /opt/hostedtoolcache/Python/3.12.14/x64
2026-10-02T03:16:32.3201913Z   Python2_ROOT_DIR: /opt/hostedtoolcache/Python/3.12.14/x64
2026-10-02T03:16:32.3202213Z   Python3_ROOT_DIR: /opt/hostedtoolcache/Python/3.12.14/x64
2026-10-02T03:16:32.3202564Z   LD_LIBRARY_PATH: /opt/hostedtoolcache/Python/3.12.14/x64/lib
2026-10-02T03:16:32.3202825Z ##[endgroup]
2026-10-02T03:16:34.5105647Z V9_RANK_MAP DEV 16 / 107 rows 1711
2026-10-02T03:16:35.3614897Z V9_RANK_MAP DEV 24 / 107 rows 2660
2026-10-02T03:16:38.5757983Z V9_RANK_MAP DEV 72 / 107 rows 4310
2026-10-02T03:16:40.1104004Z V9_RANK_MAP DEV 80 / 107 rows 6478
2026-10-02T03:16:41.7790715Z V9_RANK_MAP DEV 96 / 107 rows 8398
2026-10-02T03:16:42.4249473Z V9_RANK_MAP DEV 104 / 107 rows 9212
2026-10-02T03:16:42.8126196Z V9_RANK_MAP_DONE DEV 9315 source_files 107
2026-10-02T03:16:42.9069826Z ##[group]Run actions/upload-artifact@v4
2026-10-02T03:16:42.9070378Z with:
2026-10-02T03:16:42.9070604Z   name: cross-sectional-leader-v9-map-development-6
2026-10-02T03:16:42.9070877Z   path: map-development-6/
2026-10-02T03:16:42.9071086Z   retention-days: 30
2026-10-02T03:16:42.9071286Z   compression-level: 0
2026-10-02T03:16:42.9071474Z   if-no-files-found: warn
2026-10-02T03:16:42.9071662Z   overwrite: false
2026-10-02T03:16:42.9071843Z   include-hidden-files: false
2026-10-02T03:16:42.9072034Z env:
2026-10-02T03:16:42.9074166Z   GH_TOKEN: ***
2026-10-02T03:16:42.9074424Z   pythonLocation: /opt/hostedtoolcache/Python/3.12.14/x64
2026-10-02T03:16:42.9074773Z   PKG_CONFIG_PATH: /opt/hostedtoolcache/Python/3.12.14/x64/lib/pkgconfig
2026-10-02T03:16:42.9075111Z   Python_ROOT_DIR: /opt/hostedtoolcache/Python/3.12.14/x64
2026-10-02T03:16:42.9075415Z   Python2_ROOT_DIR: /opt/hostedtoolcache/Python/3.12.14/x64
2026-10-02T03:16:42.9075736Z   Python3_ROOT_DIR: /opt/hostedtoolcache/Python/3.12.14/x64
2026-10-02T03:16:42.9076030Z   LD_LIBRARY_PATH: /opt/hostedtoolcache/Python/3.12.14/x64/lib
2026-10-02T03:16:42.9076290Z ##[endgroup]
2026-10-02T03:16:43.0484331Z (node:2185) [DEP0040] DeprecationWarning: The `punycode` module is deprecated. Please use a userland alternative instead.
2026-10-02T03:16:43.0485034Z (Use `node --trace-deprecation ...` to show where the warning was created)
2026-10-02T03:16:43.0547965Z With the provided path, there will be 3 files uploaded
2026-10-02T03:16:43.0548534Z Artifact name is valid!
2026-10-02T03:16:43.0548752Z Root directory input is valid!
2026-10-02T03:16:43.3964290Z Beginning upload of artifact content to blob storage
2026-10-02T03:16:43.4181899Z (node:2185) [DEP0169] DeprecationWarning: `url.parse()` behavior is not standardized and prone to errors that have security implications. Use the WHATWG URL API instead. CVEs are not issued for `url.parse()` vulnerabilities.
2026-10-02T03:16:43.9139298Z Uploaded bytes 424541
2026-10-02T03:16:43.9766648Z Finished uploading artifact content to blob storage!
2026-10-02T03:16:43.9767263Z SHA256 digest of uploaded artifact zip is bc651da9a66beb099118363e8bc49010306244b6780879d8c829257dad94edb6
2026-10-02T03:16:43.9768751Z Finalizing artifact upload
2026-10-02T03:16:44.2290282Z Artifact cross-sectional-leader-v9-map-development-6.zip successfully finalized. Artifact ID 11207626169
2026-10-02T03:16:44.2291621Z Artifact cross-sectional-leader-v9-map-development-6 has been successfully uploaded! Final size is 424541 bytes. Artifact ID is 11207626169
2026-10-02T03:16:44.2297190Z Artifact download URL: https://github.com/duuu-hub/bb-scanner/actions/runs/36955250542/artifacts/11207626169
2026-10-02T03:16:44.2438357Z Post job cleanup.
2026-10-02T03:16:44.3314165Z (node:2197) [DEP0040] DeprecationWarning: The `punycode` module is deprecated. Please use a userland alternative instead.
2026-10-02T03:16:44.3314884Z (Use `node --trace-deprecation ...` to show where the warning was created)
2026-10-02T03:16:44.3457740Z [command]/usr/bin/tar --posix -cf cache.tzst --exclude cache.tzst -P -C /home/runner/work/bb-scanner/bb-scanner --files-from manifest.txt --use-compress-program zstdmt
2026-10-02T03:16:44.7494173Z (node:2197) [DEP0169] DeprecationWarning: `url.parse()` behavior is not standardized and prone to errors that have security implications. Use the WHATWG URL API instead. CVEs are not issued for `url.parse()` vulnerabilities.
2026-10-02T03:16:45.7394454Z Sent 8802513 of 210129105 (4.2%), 8.4 MBs/sec
2026-10-02T03:16:46.7174231Z Sent 210129105 of 210129105 (100.0%), 101.3 MBs/sec
2026-10-02T03:16:46.8376949Z Cache saved with key: frozen-source-36095439671-15m-shard-6
2026-10-02T03:16:46.8493708Z Post job cleanup.
2026-10-02T03:16:46.9476925Z (node:2217) [DEP0040] DeprecationWarning: The `punycode` module is deprecated. Please use a userland alternative instead.
2026-10-02T03:16:46.9477966Z (Use `node --trace-deprecation ...` to show where the warning was created)
2026-10-02T03:16:46.9640594Z Post job cleanup.
2026-10-02T03:16:47.0366309Z [command]/usr/bin/git version
2026-10-02T03:16:47.0405514Z git version 2.55.0
2026-10-02T03:16:47.0435879Z Temporarily overriding HOME='/home/runner/work/_temp/db7d7b28-368e-4697-9275-1379892ce653' before making global git config changes
2026-10-02T03:16:47.0437084Z Adding repository directory to the temporary git global config as a safe directory
2026-10-02T03:16:47.0440957Z [command]/usr/bin/git config --global --add safe.directory /home/runner/work/bb-scanner/bb-scanner
2026-10-02T03:16:47.0476389Z [command]/usr/bin/git config --local --name-only --get-regexp core\.sshCommand
2026-10-02T03:16:47.0507060Z [command]/usr/bin/git submodule foreach --recursive sh -c "git config --local --name-only --get-regexp 'core\.sshCommand' && git config --local --unset-all 'core.sshCommand' || :"
2026-10-02T03:16:47.0756381Z [command]/usr/bin/git config --local --name-only --get-regexp http\.https\:\/\/github\.com\/\.extraheader
2026-10-02T03:16:47.0798618Z http.https://github.com/.extraheader
2026-10-02T03:16:47.0820656Z [command]/usr/bin/git config --local --unset-all http.https://github.com/.extraheader
2026-10-02T03:16:47.0858194Z [command]/usr/bin/git submodule foreach --recursive sh -c "git config --local --name-only --get-regexp 'http\.https\:\/\/github\.com\/\.extraheader' && git config --local --unset-all 'http.https://github.com/.extraheader' || :"
2026-10-02T03:16:47.1077071Z [command]/usr/bin/git config --local --name-only --get-regexp ^includeIf\.gitdir:
2026-10-02T03:16:47.1114050Z [command]/usr/bin/git submodule foreach --recursive git config --local --show-origin --name-only --get-regexp remote.origin.url
2026-10-02T03:16:47.1474453Z Cleaning up orphan processes
2026-10-02T03:16:47.1759860Z ##[warning]Node.js 20 is deprecated. The following actions target Node.js 20 but are being forced to run on Node.js 24: actions/cache@v4, actions/checkout@v4, actions/setup-python@v5, actions/upload-artifact@v4. For more information see: https://github.blog/changelog/2025-09-19-deprecation-of-node-20-on-github-actions-runners/
