2026-10-02T10:47:44.0612905Z Current runner version: '2.337.0'
2026-10-02T10:47:44.0634856Z ##[group]Runner Image Provisioner
2026-10-02T10:47:44.0635556Z Hosted Compute Agent
2026-10-02T10:47:44.0636104Z Version: 20260901.588
2026-10-02T10:47:44.0636628Z Commit: f88ec8081b781fac6c440065ac7ff9e710ce3d0b
2026-10-02T10:47:44.0637201Z Build Date: 2026-09-01T19:56:44Z
2026-10-02T10:47:44.0637970Z Worker ID: {4371723b-34ea-4eb5-ad4c-4e68998bc885}
2026-10-02T10:47:44.0638547Z Azure Region: westus
2026-10-02T10:47:44.0639075Z ##[endgroup]
2026-10-02T10:47:44.0640303Z ##[group]Operating System
2026-10-02T10:47:44.0640819Z Ubuntu
2026-10-02T10:47:44.0641678Z 24.04.5
2026-10-02T10:47:44.0642111Z LTS
2026-10-02T10:47:44.0642560Z ##[endgroup]
2026-10-02T10:47:44.0643027Z ##[group]Runner Image
2026-10-02T10:47:44.0643513Z Image: ubuntu-24.04
2026-10-02T10:47:44.0644048Z Version: 20260927.320.1
2026-10-02T10:47:44.0645095Z Included Software: https://github.com/actions/runner-images/blob/ubuntu24/20260927.320/images/ubuntu/Ubuntu2404-Readme.md
2026-10-02T10:47:44.0646374Z Image Release: https://github.com/actions/runner-images/releases/tag/ubuntu24%2F20260927.320
2026-10-02T10:47:44.0647171Z ##[endgroup]
2026-10-02T10:47:44.0648340Z ##[group]GITHUB_TOKEN Permissions
2026-10-02T10:47:44.0650107Z Actions: read
2026-10-02T10:47:44.0650664Z Contents: read
2026-10-02T10:47:44.0651132Z Metadata: read
2026-10-02T10:47:44.0651684Z ##[endgroup]
2026-10-02T10:47:44.0653435Z Secret source: Actions
2026-10-02T10:47:44.0654166Z Cache mode: write
2026-10-02T10:47:44.0654830Z Prepare workflow directory
2026-10-02T10:47:44.1057072Z Prepare all required actions
2026-10-02T10:47:44.1099906Z Getting action download info
2026-10-02T10:47:44.4887612Z Download action repository 'actions/checkout@v4' (SHA:11d5960a326750d5838078e36cf38b85af677262)
2026-10-02T10:47:45.2794407Z Download action repository 'actions/setup-python@v5' (SHA:a26af69be951a213d495a4c3e4e4022e16d87065)
2026-10-02T10:47:45.3991567Z Download action repository 'actions/cache@v4' (SHA:0057852bfaa89a56745cba8c7296529d2fc39830)
2026-10-02T10:47:45.8484504Z Download action repository 'actions/download-artifact@v4' (SHA:d3f86a106a0bac45b974a628896c90dbdf5c8093)
2026-10-02T10:47:46.3343816Z Download action repository 'actions/upload-artifact@v4' (SHA:ea165f8d65b6e75b540449e92b4886f43607fa02)
2026-10-02T10:47:47.1784693Z Complete job name: development (7)
2026-10-02T10:47:47.2317606Z ##[group]Run actions/checkout@v4
2026-10-02T10:47:47.2318237Z with:
2026-10-02T10:47:47.2318437Z   repository: duuu-hub/bb-scanner
2026-10-02T10:47:47.2320558Z   token: ***
2026-10-02T10:47:47.2320739Z   ssh-strict: true
2026-10-02T10:47:47.2320918Z   ssh-user: git
2026-10-02T10:47:47.2321108Z   persist-credentials: true
2026-10-02T10:47:47.2321307Z   clean: true
2026-10-02T10:47:47.2321479Z   sparse-checkout-cone-mode: true
2026-10-02T10:47:47.2321692Z   fetch-depth: 1
2026-10-02T10:47:47.2321866Z   fetch-tags: false
2026-10-02T10:47:47.2322047Z   show-progress: true
2026-10-02T10:47:47.2322214Z   lfs: false
2026-10-02T10:47:47.2322378Z   submodules: false
2026-10-02T10:47:47.2322570Z   set-safe-directory: true
2026-10-02T10:47:47.2322768Z   allow-unsafe-pr-checkout: false
2026-10-02T10:47:47.2323110Z env:
2026-10-02T10:47:47.2325102Z   GH_TOKEN: ***
2026-10-02T10:47:47.2325273Z ##[endgroup]
2026-10-02T10:47:47.3138836Z Syncing repository: duuu-hub/bb-scanner
2026-10-02T10:47:47.3140318Z ##[group]Getting Git version info
2026-10-02T10:47:47.3140800Z Working directory is '/home/runner/work/bb-scanner/bb-scanner'
2026-10-02T10:47:47.3141494Z [command]/usr/bin/git version
2026-10-02T10:47:47.3934108Z git version 2.55.0
2026-10-02T10:47:47.3951643Z ##[endgroup]
2026-10-02T10:47:47.4021727Z Temporarily overriding HOME='/home/runner/work/_temp/97411364-3d27-4649-bccc-185977566d24' before making global git config changes
2026-10-02T10:47:47.4022789Z Adding repository directory to the temporary git global config as a safe directory
2026-10-02T10:47:47.4023558Z [command]/usr/bin/git config --global --add safe.directory /home/runner/work/bb-scanner/bb-scanner
2026-10-02T10:47:47.4024635Z Deleting the contents of '/home/runner/work/bb-scanner/bb-scanner'
2026-10-02T10:47:47.4025117Z ##[group]Initializing the repository
2026-10-02T10:47:47.4025436Z [command]/usr/bin/git init /home/runner/work/bb-scanner/bb-scanner
2026-10-02T10:47:47.4321073Z hint: Using 'master' as the name for the initial branch. This default branch name
2026-10-02T10:47:47.4321919Z hint: will change to "main" in Git 3.0. To configure the initial branch name
2026-10-02T10:47:47.4322671Z hint: to use in all of your new repositories, which will suppress this warning,
2026-10-02T10:47:47.4323243Z hint: call:
2026-10-02T10:47:47.4323490Z hint:
2026-10-02T10:47:47.4323838Z hint: 	git config --global init.defaultBranch <name>
2026-10-02T10:47:47.4324326Z hint:
2026-10-02T10:47:47.4324710Z hint: Names commonly chosen instead of 'master' are 'main', 'trunk' and
2026-10-02T10:47:47.4325164Z hint: 'development'. The just-created branch can be renamed via this command:
2026-10-02T10:47:47.4325765Z hint:
2026-10-02T10:47:47.4326081Z hint: 	git branch -m <name>
2026-10-02T10:47:47.4326404Z hint:
2026-10-02T10:47:47.4326765Z hint: Disable this message with "git config set advice.defaultBranchName false"
2026-10-02T10:47:47.4327283Z Initialized empty Git repository in /home/runner/work/bb-scanner/bb-scanner/.git/
2026-10-02T10:47:47.4332224Z [command]/usr/bin/git remote add origin https://github.com/duuu-hub/bb-scanner
2026-10-02T10:47:47.4374539Z ##[endgroup]
2026-10-02T10:47:47.4374976Z ##[group]Disabling automatic garbage collection
2026-10-02T10:47:47.4377840Z [command]/usr/bin/git config --local gc.auto 0
2026-10-02T10:47:47.4405794Z ##[endgroup]
2026-10-02T10:47:47.4406126Z ##[group]Setting up auth
2026-10-02T10:47:47.4411651Z [command]/usr/bin/git config --local --name-only --get-regexp core\.sshCommand
2026-10-02T10:47:47.4439986Z [command]/usr/bin/git submodule foreach --recursive sh -c "git config --local --name-only --get-regexp 'core\.sshCommand' && git config --local --unset-all 'core.sshCommand' || :"
2026-10-02T10:47:47.4719225Z [command]/usr/bin/git config --local --name-only --get-regexp http\.https\:\/\/github\.com\/\.extraheader
2026-10-02T10:47:47.4750581Z [command]/usr/bin/git submodule foreach --recursive sh -c "git config --local --name-only --get-regexp 'http\.https\:\/\/github\.com\/\.extraheader' && git config --local --unset-all 'http.https://github.com/.extraheader' || :"
2026-10-02T10:47:47.4939360Z [command]/usr/bin/git config --local --name-only --get-regexp ^includeIf\.gitdir:
2026-10-02T10:47:47.4968836Z [command]/usr/bin/git submodule foreach --recursive git config --local --show-origin --name-only --get-regexp remote.origin.url
2026-10-02T10:47:47.5154912Z [command]/usr/bin/git config --local http.https://github.com/.extraheader AUTHORIZATION: basic ***
2026-10-02T10:47:47.5190429Z ##[endgroup]
2026-10-02T10:47:47.5190883Z ##[group]Fetching the repository
2026-10-02T10:47:47.5198275Z [command]/usr/bin/git -c protocol.version=2 fetch --no-tags --prune --no-recurse-submodules --depth=1 origin +a69d51067a21a8cc8dcb144fe671c8576cf381d3:refs/remotes/origin/research-market-breadth-recovery-v14
2026-10-02T10:47:50.2962631Z From https://github.com/duuu-hub/bb-scanner
2026-10-02T10:47:50.2963331Z  * [new ref]         a69d51067a21a8cc8dcb144fe671c8576cf381d3 -> origin/research-market-breadth-recovery-v14
2026-10-02T10:47:50.2966024Z ##[endgroup]
2026-10-02T10:47:50.2966368Z ##[group]Determining the checkout info
2026-10-02T10:47:50.2969064Z ##[endgroup]
2026-10-02T10:47:50.2976097Z [command]/usr/bin/git sparse-checkout disable
2026-10-02T10:47:50.3026915Z [command]/usr/bin/git config --local --unset-all extensions.worktreeConfig
2026-10-02T10:47:50.3166901Z ##[group]Checking out the ref
2026-10-02T10:47:50.3208326Z [command]/usr/bin/git checkout --progress --force -B research-market-breadth-recovery-v14 refs/remotes/origin/research-market-breadth-recovery-v14
2026-10-02T10:47:50.5586478Z Switched to a new branch 'research-market-breadth-recovery-v14'
2026-10-02T10:47:50.5588776Z branch 'research-market-breadth-recovery-v14' set up to track 'origin/research-market-breadth-recovery-v14'.
2026-10-02T10:47:50.5598949Z ##[endgroup]
2026-10-02T10:47:50.5640864Z [command]/usr/bin/git log -1 --format=%H
2026-10-02T10:47:50.5665891Z a69d51067a21a8cc8dcb144fe671c8576cf381d3
2026-10-02T10:47:50.5896313Z ##[group]Run actions/setup-python@v5
2026-10-02T10:47:50.5896607Z with:
2026-10-02T10:47:50.5896783Z   python-version: 3.12
2026-10-02T10:47:50.5896974Z   check-latest: false
2026-10-02T10:47:50.5899156Z   token: ***
2026-10-02T10:47:50.5899353Z   update-environment: true
2026-10-02T10:47:50.5899566Z   allow-prereleases: false
2026-10-02T10:47:50.5899759Z   freethreaded: false
2026-10-02T10:47:50.5899940Z env:
2026-10-02T10:47:50.5901946Z   GH_TOKEN: ***
2026-10-02T10:47:50.5902123Z ##[endgroup]
2026-10-02T10:47:50.6996369Z ##[group]Installed versions
2026-10-02T10:47:50.7466981Z (node:2100) [DEP0040] DeprecationWarning: The `punycode` module is deprecated. Please use a userland alternative instead.
2026-10-02T10:47:50.7468131Z (Use `node --trace-deprecation ...` to show where the warning was created)
2026-10-02T10:47:50.7468643Z Successfully set up CPython (3.12.14)
2026-10-02T10:47:50.7469265Z ##[endgroup]
2026-10-02T10:47:50.7633611Z ##[group]Run set -euo pipefail
2026-10-02T10:47:50.7634049Z [36;1mset -euo pipefail[0m
2026-10-02T10:47:50.7634416Z [36;1mpip install pandas==2.3.3 numpy==2.3.3[0m
2026-10-02T10:47:50.7896650Z shell: /usr/bin/bash --noprofile --norc -e -o pipefail {0}
2026-10-02T10:47:50.7897014Z env:
2026-10-02T10:47:50.7899486Z   GH_TOKEN: ***
2026-10-02T10:47:50.7899744Z   pythonLocation: /opt/hostedtoolcache/Python/3.12.14/x64
2026-10-02T10:47:50.7900100Z   PKG_CONFIG_PATH: /opt/hostedtoolcache/Python/3.12.14/x64/lib/pkgconfig
2026-10-02T10:47:50.7900449Z   Python_ROOT_DIR: /opt/hostedtoolcache/Python/3.12.14/x64
2026-10-02T10:47:50.7900758Z   Python2_ROOT_DIR: /opt/hostedtoolcache/Python/3.12.14/x64
2026-10-02T10:47:50.7901065Z   Python3_ROOT_DIR: /opt/hostedtoolcache/Python/3.12.14/x64
2026-10-02T10:47:50.7901400Z   LD_LIBRARY_PATH: /opt/hostedtoolcache/Python/3.12.14/x64/lib
2026-10-02T10:47:50.7901683Z ##[endgroup]
2026-10-02T10:47:53.8868325Z Collecting pandas==2.3.3
2026-10-02T10:47:53.9717317Z   Downloading pandas-2.3.3-cp312-cp312-manylinux_2_24_x86_64.manylinux_2_28_x86_64.whl.metadata (91 kB)
2026-10-02T10:47:54.3853234Z Collecting numpy==2.3.3
2026-10-02T10:47:54.3962575Z   Downloading numpy-2.3.3-cp312-cp312-manylinux_2_27_x86_64.manylinux_2_28_x86_64.whl.metadata (62 kB)
2026-10-02T10:47:54.5229226Z Collecting python-dateutil>=2.8.2 (from pandas==2.3.3)
2026-10-02T10:47:54.5327618Z   Downloading python_dateutil-2.9.0.post0-py2.py3-none-any.whl.metadata (8.4 kB)
2026-10-02T10:47:54.7090907Z Collecting pytz>=2020.1 (from pandas==2.3.3)
2026-10-02T10:47:54.7194903Z   Downloading pytz-2026.4-py2.py3-none-any.whl.metadata (22 kB)
2026-10-02T10:47:54.7519189Z Collecting tzdata>=2022.7 (from pandas==2.3.3)
2026-10-02T10:47:54.7625369Z   Downloading tzdata-2026.4-py2.py3-none-any.whl.metadata (1.4 kB)
2026-10-02T10:47:54.7916089Z Collecting six>=1.5 (from python-dateutil>=2.8.2->pandas==2.3.3)
2026-10-02T10:47:54.8019985Z   Downloading six-1.17.0-py2.py3-none-any.whl.metadata (1.7 kB)
2026-10-02T10:47:54.8174944Z Downloading pandas-2.3.3-cp312-cp312-manylinux_2_24_x86_64.manylinux_2_28_x86_64.whl (12.4 MB)
2026-10-02T10:47:55.2947259Z    ━━━━━━━━━━━━━━━━━━━━━━━━━━━━━━━━━━━━━━━━ 12.4/12.4 MB 27.1 MB/s  0:00:00
2026-10-02T10:47:55.3055228Z Downloading numpy-2.3.3-cp312-cp312-manylinux_2_27_x86_64.manylinux_2_28_x86_64.whl (16.6 MB)
2026-10-02T10:47:55.5360367Z    ━━━━━━━━━━━━━━━━━━━━━━━━━━━━━━━━━━━━━━━━ 16.6/16.6 MB 72.1 MB/s  0:00:00
2026-10-02T10:47:55.5461591Z Downloading python_dateutil-2.9.0.post0-py2.py3-none-any.whl (229 kB)
2026-10-02T10:47:55.5583996Z Downloading pytz-2026.4-py2.py3-none-any.whl (506 kB)
2026-10-02T10:47:55.5726106Z Downloading six-1.17.0-py2.py3-none-any.whl (11 kB)
2026-10-02T10:47:55.5841583Z Downloading tzdata-2026.4-py2.py3-none-any.whl (347 kB)
2026-10-02T10:47:55.7522822Z Installing collected packages: pytz, tzdata, six, numpy, python-dateutil, pandas
2026-10-02T10:48:01.5651064Z 
2026-10-02T10:48:01.5662504Z Successfully installed numpy-2.3.3 pandas-2.3.3 python-dateutil-2.9.0.post0 pytz-2026.4 six-1.17.0 tzdata-2026.4
2026-10-02T10:48:01.6266607Z ##[group]Run actions/cache@v4
2026-10-02T10:48:01.6266830Z with:
2026-10-02T10:48:01.6266991Z   path: data
2026-10-02T10:48:01.6267174Z   key: frozen-source-36095439671-15m-shard-7
2026-10-02T10:48:01.6267412Z   enableCrossOsArchive: false
2026-10-02T10:48:01.6267609Z   fail-on-cache-miss: false
2026-10-02T10:48:01.6268091Z   lookup-only: false
2026-10-02T10:48:01.6268307Z   save-always: false
2026-10-02T10:48:01.6268471Z env:
2026-10-02T10:48:01.6270571Z   GH_TOKEN: ***
2026-10-02T10:48:01.6270819Z   pythonLocation: /opt/hostedtoolcache/Python/3.12.14/x64
2026-10-02T10:48:01.6271165Z   PKG_CONFIG_PATH: /opt/hostedtoolcache/Python/3.12.14/x64/lib/pkgconfig
2026-10-02T10:48:01.6271499Z   Python_ROOT_DIR: /opt/hostedtoolcache/Python/3.12.14/x64
2026-10-02T10:48:01.6271811Z   Python2_ROOT_DIR: /opt/hostedtoolcache/Python/3.12.14/x64
2026-10-02T10:48:01.6272112Z   Python3_ROOT_DIR: /opt/hostedtoolcache/Python/3.12.14/x64
2026-10-02T10:48:01.6272431Z   LD_LIBRARY_PATH: /opt/hostedtoolcache/Python/3.12.14/x64/lib
2026-10-02T10:48:01.6272700Z ##[endgroup]
2026-10-02T10:48:01.7154779Z (node:2136) [DEP0040] DeprecationWarning: The `punycode` module is deprecated. Please use a userland alternative instead.
2026-10-02T10:48:01.7155375Z (Use `node --trace-deprecation ...` to show where the warning was created)
2026-10-02T10:48:01.9552446Z Cache hit for: frozen-source-36095439671-15m-shard-7
2026-10-02T10:48:01.9633848Z (node:2136) [DEP0169] DeprecationWarning: `url.parse()` behavior is not standardized and prone to errors that have security implications. Use the WHATWG URL API instead. CVEs are not issued for `url.parse()` vulnerabilities.
2026-10-02T10:48:03.2196514Z Received 4194304 of 209330788 (2.0%), 4.0 MBs/sec
2026-10-02T10:48:04.2201102Z Received 134217728 of 209330788 (64.1%), 64.0 MBs/sec
2026-10-02T10:48:04.6457527Z Received 209330788 of 209330788 (100.0%), 82.3 MBs/sec
2026-10-02T10:48:04.6459929Z Cache Size: ~200 MB (209330788 B)
2026-10-02T10:48:04.6550210Z [command]/usr/bin/tar -xf /home/runner/work/_temp/b1751811-24ec-4a75-a88f-aee6427a5dac/cache.tzst -P -C /home/runner/work/bb-scanner/bb-scanner --use-compress-program unzstd
2026-10-02T10:48:05.0170907Z Cache restored successfully
2026-10-02T10:48:05.0329046Z Cache restored from key: frozen-source-36095439671-15m-shard-7
2026-10-02T10:48:05.0462682Z ##[group]Run set -euo pipefail
2026-10-02T10:48:05.0462962Z [36;1mset -euo pipefail[0m
2026-10-02T10:48:05.0463178Z [36;1mif [ 'true' != 'true' ]; then[0m
2026-10-02T10:48:05.0463599Z [36;1m  gh run download 36095439671 -R duuu-hub/bb-scanner -n rank5-binance-um-15m-5y-data-shard-7 -D data[0m
2026-10-02T10:48:05.0464011Z [36;1mfi[0m
2026-10-02T10:48:05.0464298Z [36;1mgh run download 36858492497 -R duuu-hub/bb-scanner -n day-edge-v2-btc -D btc[0m
2026-10-02T10:48:05.0464858Z [36;1mgh run download 36095439671 -R duuu-hub/bb-scanner -n rank5-binance-um-15m-5y-manifest-shard-7 -D source-manifest[0m
2026-10-02T10:48:05.0465738Z [36;1mpython scripts/research_evidence_archive.py verify-source --data data --manifests source-manifest --baseline research/market-breadth-recovery-v14/FROZEN_INPUT_HASHES.json --out dev-7/source_check.json[0m
2026-10-02T10:48:05.0525043Z shell: /usr/bin/bash --noprofile --norc -e -o pipefail {0}
2026-10-02T10:48:05.0525323Z env:
2026-10-02T10:48:05.0527495Z   GH_TOKEN: ***
2026-10-02T10:48:05.0527947Z   pythonLocation: /opt/hostedtoolcache/Python/3.12.14/x64
2026-10-02T10:48:05.0528304Z   PKG_CONFIG_PATH: /opt/hostedtoolcache/Python/3.12.14/x64/lib/pkgconfig
2026-10-02T10:48:05.0528656Z   Python_ROOT_DIR: /opt/hostedtoolcache/Python/3.12.14/x64
2026-10-02T10:48:05.0528965Z   Python2_ROOT_DIR: /opt/hostedtoolcache/Python/3.12.14/x64
2026-10-02T10:48:05.0529285Z   Python3_ROOT_DIR: /opt/hostedtoolcache/Python/3.12.14/x64
2026-10-02T10:48:05.0529794Z   LD_LIBRARY_PATH: /opt/hostedtoolcache/Python/3.12.14/x64/lib
2026-10-02T10:48:05.0530078Z ##[endgroup]
2026-10-02T10:48:13.3707278Z FROZEN_SOURCE_VERIFIED 107 files 28 prior SHA256 matches
2026-10-02T10:48:13.4147491Z ##[group]Run actions/download-artifact@v4
2026-10-02T10:48:13.4147956Z with:
2026-10-02T10:48:13.4148194Z   name: market-breadth-recovery-v14-breadth-development
2026-10-02T10:48:13.4148472Z   path: frozen-breadth
2026-10-02T10:48:13.4148665Z   merge-multiple: false
2026-10-02T10:48:13.4148864Z   repository: duuu-hub/bb-scanner
2026-10-02T10:48:13.4149075Z   run-id: 36997190420
2026-10-02T10:48:13.4149242Z env:
2026-10-02T10:48:13.4151614Z   GH_TOKEN: ***
2026-10-02T10:48:13.4151873Z   pythonLocation: /opt/hostedtoolcache/Python/3.12.14/x64
2026-10-02T10:48:13.4152234Z   PKG_CONFIG_PATH: /opt/hostedtoolcache/Python/3.12.14/x64/lib/pkgconfig
2026-10-02T10:48:13.4152576Z   Python_ROOT_DIR: /opt/hostedtoolcache/Python/3.12.14/x64
2026-10-02T10:48:13.4152901Z   Python2_ROOT_DIR: /opt/hostedtoolcache/Python/3.12.14/x64
2026-10-02T10:48:13.4153206Z   Python3_ROOT_DIR: /opt/hostedtoolcache/Python/3.12.14/x64
2026-10-02T10:48:13.4153542Z   LD_LIBRARY_PATH: /opt/hostedtoolcache/Python/3.12.14/x64/lib
2026-10-02T10:48:13.4153808Z ##[endgroup]
2026-10-02T10:48:13.5344190Z Downloading single artifact
2026-10-02T10:48:13.5459604Z (node:2172) [DEP0040] DeprecationWarning: The `punycode` module is deprecated. Please use a userland alternative instead.
2026-10-02T10:48:13.5460307Z (Use `node --trace-deprecation ...` to show where the warning was created)
2026-10-02T10:48:13.8462158Z Preparing to download the following artifacts:
2026-10-02T10:48:13.8463282Z - market-breadth-recovery-v14-breadth-development (ID: 11221858946, Size: 584090, Expected Digest: sha256:4142c68429a43cb683dbbeb3edd7c72f211cb25887a0c7f1b1cb97e1efd742ea)
2026-10-02T10:48:14.1159810Z Redirecting to blob download url: https://productionresultssa16.blob.core.windows.net/actions-results/ff4c6648-65c7-8aca-8b29-2c577b9c0d10/workflow-job-run-5aa28ca6-5f8e-5b42-93c6-c9dd79870258/artifacts/0ef112ac9252012addd398fb1ca16b8a182ad28514357794d0817410d1b1b9b0.zip
2026-10-02T10:48:14.1161650Z Starting download of artifact to: /home/runner/work/bb-scanner/bb-scanner/frozen-breadth
2026-10-02T10:48:14.3766251Z (node:2172) [DEP0005] DeprecationWarning: Buffer() is deprecated due to security and usability issues. Please use the Buffer.alloc(), Buffer.allocUnsafe(), or Buffer.from() methods instead.
2026-10-02T10:48:14.7286635Z SHA256 digest of downloaded artifact is 4142c68429a43cb683dbbeb3edd7c72f211cb25887a0c7f1b1cb97e1efd742ea
2026-10-02T10:48:14.7287130Z Artifact download completed successfully.
2026-10-02T10:48:14.7287390Z Total of 1 artifact(s) downloaded
2026-10-02T10:48:14.7291765Z Download artifact has finished successfully
2026-10-02T10:48:14.7408238Z ##[group]Run actions/cache@v4
2026-10-02T10:48:14.7408480Z with:
2026-10-02T10:48:14.7408662Z   path: cache/verified-1m
2026-10-02T10:48:14.7408917Z   key: market-breadth-recovery-v14-dev-1m-shard-7
2026-10-02T10:48:14.7409325Z   restore-keys: premium-absorption-v8-dev-1m-shard-7
factor-lag-v6-dev-1m-shard-7
2026-10-02T10:48:14.7409694Z   enableCrossOsArchive: false
2026-10-02T10:48:14.7409921Z   fail-on-cache-miss: false
2026-10-02T10:48:14.7410125Z   lookup-only: false
2026-10-02T10:48:14.7410317Z   save-always: false
2026-10-02T10:48:14.7410488Z env:
2026-10-02T10:48:14.7412612Z   GH_TOKEN: ***
2026-10-02T10:48:14.7412874Z   pythonLocation: /opt/hostedtoolcache/Python/3.12.14/x64
2026-10-02T10:48:14.7413242Z   PKG_CONFIG_PATH: /opt/hostedtoolcache/Python/3.12.14/x64/lib/pkgconfig
2026-10-02T10:48:14.7413594Z   Python_ROOT_DIR: /opt/hostedtoolcache/Python/3.12.14/x64
2026-10-02T10:48:14.7413922Z   Python2_ROOT_DIR: /opt/hostedtoolcache/Python/3.12.14/x64
2026-10-02T10:48:14.7414265Z   Python3_ROOT_DIR: /opt/hostedtoolcache/Python/3.12.14/x64
2026-10-02T10:48:14.7414581Z   LD_LIBRARY_PATH: /opt/hostedtoolcache/Python/3.12.14/x64/lib
2026-10-02T10:48:14.7414854Z ##[endgroup]
2026-10-02T10:48:14.8276515Z (node:2184) [DEP0040] DeprecationWarning: The `punycode` module is deprecated. Please use a userland alternative instead.
2026-10-02T10:48:14.8277224Z (Use `node --trace-deprecation ...` to show where the warning was created)
2026-10-02T10:48:15.1096759Z Cache not found for input keys: market-breadth-recovery-v14-dev-1m-shard-7, premium-absorption-v8-dev-1m-shard-7, factor-lag-v6-dev-1m-shard-7
2026-10-02T10:48:15.1177866Z ##[group]Run set -euo pipefail
2026-10-02T10:48:15.1178299Z [36;1mset -euo pipefail[0m
2026-10-02T10:48:15.1179387Z [36;1mpython scripts/market_breadth_recovery_v14.py scan --stage DEV --data data --btc btc/BTCUSDT.csv.gz --breadth-dir frozen-breadth --source-check dev-7/source_check.json --out dev-7 --minute-cache cache/verified-1m[0m
2026-10-02T10:48:15.1260027Z shell: /usr/bin/bash --noprofile --norc -e -o pipefail {0}
2026-10-02T10:48:15.1260461Z env:
2026-10-02T10:48:15.1264252Z   GH_TOKEN: ***
2026-10-02T10:48:15.1264663Z   pythonLocation: /opt/hostedtoolcache/Python/3.12.14/x64
2026-10-02T10:48:15.1265257Z   PKG_CONFIG_PATH: /opt/hostedtoolcache/Python/3.12.14/x64/lib/pkgconfig
2026-10-02T10:48:15.1265830Z   Python_ROOT_DIR: /opt/hostedtoolcache/Python/3.12.14/x64
2026-10-02T10:48:15.1266356Z   Python2_ROOT_DIR: /opt/hostedtoolcache/Python/3.12.14/x64
2026-10-02T10:48:15.1266840Z   Python3_ROOT_DIR: /opt/hostedtoolcache/Python/3.12.14/x64
2026-10-02T10:48:15.1267384Z   LD_LIBRARY_PATH: /opt/hostedtoolcache/Python/3.12.14/x64/lib
2026-10-02T10:48:15.1267988Z ##[endgroup]
2026-10-02T10:48:16.0954749Z Traceback (most recent call last):
2026-10-02T10:48:16.0960611Z   File "/home/runner/work/bb-scanner/bb-scanner/scripts/market_breadth_recovery_v14.py", line 337, in <module>
2026-10-02T10:48:16.0961246Z     if __name__=='__main__':main()
2026-10-02T10:48:16.0961541Z                             ^^^^^^
2026-10-02T10:48:16.0961998Z   File "/home/runner/work/bb-scanner/bb-scanner/scripts/market_breadth_recovery_v14.py", line 333, in main
2026-10-02T10:48:16.0962722Z     if a.command=='scan':scan(a.data,a.btc,a.out,a.minute_cache,a.stage,a.source_check,a.selection,breadth_dir=a.breadth_dir)
2026-10-02T10:48:16.0963261Z                          ^^^^^^^^^^^^^^^^^^^^^^^^^^^^^^^^^^^^^^^^^^^^^^^^^^^^^^^^^^^^^^^^^^^^^^^^^^^^^^^^^^^^^^^^^^^^^^^^^^^^
2026-10-02T10:48:16.0963810Z   File "/home/runner/work/bb-scanner/bb-scanner/scripts/market_breadth_recovery_v14.py", line 181, in scan
2026-10-02T10:48:16.0964465Z     shutil.copyfile(source_check,out/'source_check.json');shutil.copyfile(context_path,out/'frozen_context.json')
2026-10-02T10:48:16.0964936Z     ^^^^^^^^^^^^^^^^^^^^^^^^^^^^^^^^^^^^^^^^^^^^^^^^^^^^^
2026-10-02T10:48:16.0965382Z   File "/opt/hostedtoolcache/Python/3.12.14/x64/lib/python3.12/shutil.py", line 240, in copyfile
2026-10-02T10:48:16.1164027Z     raise SameFileError("{!r} and {!r} are the same file".format(src, dst))
2026-10-02T10:48:16.1164648Z shutil.SameFileError: PosixPath('dev-7/source_check.json') and PosixPath('dev-7/source_check.json') are the same file
2026-10-02T10:48:16.1692328Z ##[error]Process completed with exit code 1.
2026-10-02T10:48:16.1746559Z ##[group]Run actions/upload-artifact@v4
2026-10-02T10:48:16.1746822Z with:
2026-10-02T10:48:16.1747019Z   name: market-breadth-recovery-v14-dev-7
2026-10-02T10:48:16.1747264Z   path: dev-7/
2026-10-02T10:48:16.1747449Z   retention-days: 30
2026-10-02T10:48:16.1747645Z   compression-level: 0
2026-10-02T10:48:16.1748026Z   if-no-files-found: warn
2026-10-02T10:48:16.1748223Z   overwrite: false
2026-10-02T10:48:16.1748419Z   include-hidden-files: false
2026-10-02T10:48:16.1748619Z env:
2026-10-02T10:48:16.1750801Z   GH_TOKEN: ***
2026-10-02T10:48:16.1751052Z   pythonLocation: /opt/hostedtoolcache/Python/3.12.14/x64
2026-10-02T10:48:16.1751412Z   PKG_CONFIG_PATH: /opt/hostedtoolcache/Python/3.12.14/x64/lib/pkgconfig
2026-10-02T10:48:16.1751755Z   Python_ROOT_DIR: /opt/hostedtoolcache/Python/3.12.14/x64
2026-10-02T10:48:16.1752066Z   Python2_ROOT_DIR: /opt/hostedtoolcache/Python/3.12.14/x64
2026-10-02T10:48:16.1752532Z   Python3_ROOT_DIR: /opt/hostedtoolcache/Python/3.12.14/x64
2026-10-02T10:48:16.1752876Z   LD_LIBRARY_PATH: /opt/hostedtoolcache/Python/3.12.14/x64/lib
2026-10-02T10:48:16.1753155Z ##[endgroup]
2026-10-02T10:48:16.3115271Z (node:2208) [DEP0040] DeprecationWarning: The `punycode` module is deprecated. Please use a userland alternative instead.
2026-10-02T10:48:16.3116010Z (Use `node --trace-deprecation ...` to show where the warning was created)
2026-10-02T10:48:16.3167654Z With the provided path, there will be 1 file uploaded
2026-10-02T10:48:16.3172385Z Artifact name is valid!
2026-10-02T10:48:16.3173129Z Root directory input is valid!
2026-10-02T10:48:16.6720323Z Beginning upload of artifact content to blob storage
2026-10-02T10:48:16.6868552Z (node:2208) [DEP0169] DeprecationWarning: `url.parse()` behavior is not standardized and prone to errors that have security implications. Use the WHATWG URL API instead. CVEs are not issued for `url.parse()` vulnerabilities.
2026-10-02T10:48:17.0552838Z Uploaded bytes 48670
2026-10-02T10:48:17.1281871Z Finished uploading artifact content to blob storage!
2026-10-02T10:48:17.1282868Z SHA256 digest of uploaded artifact zip is 98a4175dabf42ecac5af6734fdb111c8a1711024a97406499d9a566b97aa8e94
2026-10-02T10:48:17.1283719Z Finalizing artifact upload
2026-10-02T10:48:17.4023544Z Artifact market-breadth-recovery-v14-dev-7.zip successfully finalized. Artifact ID 11222765213
2026-10-02T10:48:17.4024617Z Artifact market-breadth-recovery-v14-dev-7 has been successfully uploaded! Final size is 48670 bytes. Artifact ID is 11222765213
2026-10-02T10:48:17.4029404Z Artifact download URL: https://github.com/duuu-hub/bb-scanner/actions/runs/36997190420/artifacts/11222765213
2026-10-02T10:48:17.4206255Z Post job cleanup.
2026-10-02T10:48:17.4949301Z [command]/usr/bin/git version
2026-10-02T10:48:17.4989119Z git version 2.55.0
2026-10-02T10:48:17.5022987Z Temporarily overriding HOME='/home/runner/work/_temp/325edb88-75a5-453b-90f0-84071ff227cf' before making global git config changes
2026-10-02T10:48:17.5024354Z Adding repository directory to the temporary git global config as a safe directory
2026-10-02T10:48:17.5028890Z [command]/usr/bin/git config --global --add safe.directory /home/runner/work/bb-scanner/bb-scanner
2026-10-02T10:48:17.5066519Z [command]/usr/bin/git config --local --name-only --get-regexp core\.sshCommand
2026-10-02T10:48:17.5097082Z [command]/usr/bin/git submodule foreach --recursive sh -c "git config --local --name-only --get-regexp 'core\.sshCommand' && git config --local --unset-all 'core.sshCommand' || :"
2026-10-02T10:48:17.5346447Z [command]/usr/bin/git config --local --name-only --get-regexp http\.https\:\/\/github\.com\/\.extraheader
2026-10-02T10:48:17.5378851Z http.https://github.com/.extraheader
2026-10-02T10:48:17.5439255Z [command]/usr/bin/git config --local --unset-all http.https://github.com/.extraheader
2026-10-02T10:48:17.5468476Z [command]/usr/bin/git submodule foreach --recursive sh -c "git config --local --name-only --get-regexp 'http\.https\:\/\/github\.com\/\.extraheader' && git config --local --unset-all 'http.https://github.com/.extraheader' || :"
2026-10-02T10:48:17.5734388Z [command]/usr/bin/git config --local --name-only --get-regexp ^includeIf\.gitdir:
2026-10-02T10:48:17.5768879Z [command]/usr/bin/git submodule foreach --recursive git config --local --show-origin --name-only --get-regexp remote.origin.url
2026-10-02T10:48:17.6097194Z Cleaning up orphan processes
2026-10-02T10:48:17.6340231Z ##[warning]Node.js 20 is deprecated. The following actions target Node.js 20 but are being forced to run on Node.js 24: actions/cache@v4, actions/checkout@v4, actions/download-artifact@v4, actions/setup-python@v5, actions/upload-artifact@v4. For more information see: https://github.blog/changelog/2025-09-19-deprecation-of-node-20-on-github-actions-runners/
