2026-10-02T10:46:20.9171369Z Current runner version: '2.337.0'
2026-10-02T10:46:20.9195416Z ##[group]Runner Image Provisioner
2026-10-02T10:46:20.9196322Z Hosted Compute Agent
2026-10-02T10:46:20.9196926Z Version: 20260901.588
2026-10-02T10:46:20.9197553Z Commit: f88ec8081b781fac6c440065ac7ff9e710ce3d0b
2026-10-02T10:46:20.9198370Z Build Date: 2026-09-01T19:56:44Z
2026-10-02T10:46:20.9199057Z Worker ID: {df985781-5f3d-45be-ab29-d7fb9e70eb6f}
2026-10-02T10:46:20.9199753Z Azure Region: northcentralus
2026-10-02T10:46:20.9200484Z ##[endgroup]
2026-10-02T10:46:20.9201869Z ##[group]Operating System
2026-10-02T10:46:20.9202834Z Ubuntu
2026-10-02T10:46:20.9203351Z 24.04.5
2026-10-02T10:46:20.9203845Z LTS
2026-10-02T10:46:20.9204421Z ##[endgroup]
2026-10-02T10:46:20.9204974Z ##[group]Runner Image
2026-10-02T10:46:20.9205962Z Image: ubuntu-24.04
2026-10-02T10:46:20.9206572Z Version: 20260927.320.1
2026-10-02T10:46:20.9207879Z Included Software: https://github.com/actions/runner-images/blob/ubuntu24/20260927.320/images/ubuntu/Ubuntu2404-Readme.md
2026-10-02T10:46:20.9209475Z Image Release: https://github.com/actions/runner-images/releases/tag/ubuntu24%2F20260927.320
2026-10-02T10:46:20.9210526Z ##[endgroup]
2026-10-02T10:46:20.9211747Z ##[group]GITHUB_TOKEN Permissions
2026-10-02T10:46:20.9213942Z Actions: read
2026-10-02T10:46:20.9214605Z Contents: read
2026-10-02T10:46:20.9215170Z Metadata: read
2026-10-02T10:46:20.9215781Z ##[endgroup]
2026-10-02T10:46:20.9218146Z Secret source: Actions
2026-10-02T10:46:20.9219147Z Cache mode: write
2026-10-02T10:46:20.9220078Z Prepare workflow directory
2026-10-02T10:46:20.9897787Z Prepare all required actions
2026-10-02T10:46:20.9971447Z Getting action download info
2026-10-02T10:46:21.2228726Z Download action repository 'actions/checkout@v4' (SHA:11d5960a326750d5838078e36cf38b85af677262)
2026-10-02T10:46:21.3179512Z Download action repository 'actions/setup-python@v5' (SHA:a26af69be951a213d495a4c3e4e4022e16d87065)
2026-10-02T10:46:21.3947345Z Download action repository 'actions/cache@v4' (SHA:0057852bfaa89a56745cba8c7296529d2fc39830)
2026-10-02T10:46:21.4909646Z Download action repository 'actions/upload-artifact@v4' (SHA:ea165f8d65b6e75b540449e92b4886f43607fa02)
2026-10-02T10:46:21.6947492Z Complete job name: map_development (4)
2026-10-02T10:46:21.7633326Z ##[group]Run actions/checkout@v4
2026-10-02T10:46:21.7634197Z with:
2026-10-02T10:46:21.7634690Z   repository: duuu-hub/bb-scanner
2026-10-02T10:46:21.7638707Z   token: ***
2026-10-02T10:46:21.7639128Z   ssh-strict: true
2026-10-02T10:46:21.7639567Z   ssh-user: git
2026-10-02T10:46:21.7640013Z   persist-credentials: true
2026-10-02T10:46:21.7640489Z   clean: true
2026-10-02T10:46:21.7640925Z   sparse-checkout-cone-mode: true
2026-10-02T10:46:21.7641434Z   fetch-depth: 1
2026-10-02T10:46:21.7641850Z   fetch-tags: false
2026-10-02T10:46:21.7642535Z   show-progress: true
2026-10-02T10:46:21.7642978Z   lfs: false
2026-10-02T10:46:21.7643380Z   submodules: false
2026-10-02T10:46:21.7643815Z   set-safe-directory: true
2026-10-02T10:46:21.7644314Z   allow-unsafe-pr-checkout: false
2026-10-02T10:46:21.7645101Z env:
2026-10-02T10:46:21.7648987Z   GH_TOKEN: ***
2026-10-02T10:46:21.7649405Z ##[endgroup]
2026-10-02T10:46:21.8649838Z Syncing repository: duuu-hub/bb-scanner
2026-10-02T10:46:21.8652948Z ##[group]Getting Git version info
2026-10-02T10:46:21.8654366Z Working directory is '/home/runner/work/bb-scanner/bb-scanner'
2026-10-02T10:46:21.8656274Z [command]/usr/bin/git version
2026-10-02T10:46:21.8743760Z git version 2.55.0
2026-10-02T10:46:21.8756189Z ##[endgroup]
2026-10-02T10:46:21.8774487Z Temporarily overriding HOME='/home/runner/work/_temp/398c8a73-dfc8-4636-a3b4-aa76cbd990d2' before making global git config changes
2026-10-02T10:46:21.8783581Z Adding repository directory to the temporary git global config as a safe directory
2026-10-02T10:46:21.8786280Z [command]/usr/bin/git config --global --add safe.directory /home/runner/work/bb-scanner/bb-scanner
2026-10-02T10:46:21.8845831Z Deleting the contents of '/home/runner/work/bb-scanner/bb-scanner'
2026-10-02T10:46:21.8857187Z ##[group]Initializing the repository
2026-10-02T10:46:21.8862459Z [command]/usr/bin/git init /home/runner/work/bb-scanner/bb-scanner
2026-10-02T10:46:21.8990095Z hint: Using 'master' as the name for the initial branch. This default branch name
2026-10-02T10:46:21.8992035Z hint: will change to "main" in Git 3.0. To configure the initial branch name
2026-10-02T10:46:21.8993942Z hint: to use in all of your new repositories, which will suppress this warning,
2026-10-02T10:46:21.8995274Z hint: call:
2026-10-02T10:46:21.8995840Z hint:
2026-10-02T10:46:21.8996362Z hint: 	git config --global init.defaultBranch <name>
2026-10-02T10:46:21.8996982Z hint:
2026-10-02T10:46:21.8997570Z hint: Names commonly chosen instead of 'master' are 'main', 'trunk' and
2026-10-02T10:46:21.8998517Z hint: 'development'. The just-created branch can be renamed via this command:
2026-10-02T10:46:21.8999241Z hint:
2026-10-02T10:46:21.8999841Z hint: 	git branch -m <name>
2026-10-02T10:46:21.9000317Z hint:
2026-10-02T10:46:21.9000928Z hint: Disable this message with "git config set advice.defaultBranchName false"
2026-10-02T10:46:21.9001974Z Initialized empty Git repository in /home/runner/work/bb-scanner/bb-scanner/.git/
2026-10-02T10:46:21.9013751Z [command]/usr/bin/git remote add origin https://github.com/duuu-hub/bb-scanner
2026-10-02T10:46:21.9059754Z ##[endgroup]
2026-10-02T10:46:21.9061092Z ##[group]Disabling automatic garbage collection
2026-10-02T10:46:21.9064335Z [command]/usr/bin/git config --local gc.auto 0
2026-10-02T10:46:21.9120555Z ##[endgroup]
2026-10-02T10:46:21.9121779Z ##[group]Setting up auth
2026-10-02T10:46:21.9127106Z [command]/usr/bin/git config --local --name-only --get-regexp core\.sshCommand
2026-10-02T10:46:21.9161347Z [command]/usr/bin/git submodule foreach --recursive sh -c "git config --local --name-only --get-regexp 'core\.sshCommand' && git config --local --unset-all 'core.sshCommand' || :"
2026-10-02T10:46:21.9630635Z [command]/usr/bin/git config --local --name-only --get-regexp http\.https\:\/\/github\.com\/\.extraheader
2026-10-02T10:46:21.9670219Z [command]/usr/bin/git submodule foreach --recursive sh -c "git config --local --name-only --get-regexp 'http\.https\:\/\/github\.com\/\.extraheader' && git config --local --unset-all 'http.https://github.com/.extraheader' || :"
2026-10-02T10:46:21.9920178Z [command]/usr/bin/git config --local --name-only --get-regexp ^includeIf\.gitdir:
2026-10-02T10:46:21.9956099Z [command]/usr/bin/git submodule foreach --recursive git config --local --show-origin --name-only --get-regexp remote.origin.url
2026-10-02T10:46:22.0182819Z [command]/usr/bin/git config --local http.https://github.com/.extraheader AUTHORIZATION: basic ***
2026-10-02T10:46:22.0223100Z ##[endgroup]
2026-10-02T10:46:22.0224530Z ##[group]Fetching the repository
2026-10-02T10:46:22.0234629Z [command]/usr/bin/git -c protocol.version=2 fetch --no-tags --prune --no-recurse-submodules --depth=1 origin +a69d51067a21a8cc8dcb144fe671c8576cf381d3:refs/remotes/origin/research-market-breadth-recovery-v14
2026-10-02T10:46:23.1635688Z From https://github.com/duuu-hub/bb-scanner
2026-10-02T10:46:23.1638314Z  * [new ref]         a69d51067a21a8cc8dcb144fe671c8576cf381d3 -> origin/research-market-breadth-recovery-v14
2026-10-02T10:46:23.1644228Z ##[endgroup]
2026-10-02T10:46:23.1646040Z ##[group]Determining the checkout info
2026-10-02T10:46:23.1647887Z ##[endgroup]
2026-10-02T10:46:23.1652737Z [command]/usr/bin/git sparse-checkout disable
2026-10-02T10:46:23.1710796Z [command]/usr/bin/git config --local --unset-all extensions.worktreeConfig
2026-10-02T10:46:23.1747313Z ##[group]Checking out the ref
2026-10-02T10:46:23.1762473Z [command]/usr/bin/git checkout --progress --force -B research-market-breadth-recovery-v14 refs/remotes/origin/research-market-breadth-recovery-v14
2026-10-02T10:46:23.4020755Z Switched to a new branch 'research-market-breadth-recovery-v14'
2026-10-02T10:46:23.4026414Z branch 'research-market-breadth-recovery-v14' set up to track 'origin/research-market-breadth-recovery-v14'.
2026-10-02T10:46:23.4078195Z ##[endgroup]
2026-10-02T10:46:23.4081831Z [command]/usr/bin/git log -1 --format=%H
2026-10-02T10:46:23.4110062Z a69d51067a21a8cc8dcb144fe671c8576cf381d3
2026-10-02T10:46:23.4538575Z ##[group]Run actions/setup-python@v5
2026-10-02T10:46:23.4539883Z with:
2026-10-02T10:46:23.4540848Z   python-version: 3.12
2026-10-02T10:46:23.4541961Z   check-latest: false
2026-10-02T10:46:23.4552043Z   token: ***
2026-10-02T10:46:23.4553382Z   update-environment: true
2026-10-02T10:46:23.4554539Z   allow-prereleases: false
2026-10-02T10:46:23.4555665Z   freethreaded: false
2026-10-02T10:46:23.4556695Z env:
2026-10-02T10:46:23.4566303Z   GH_TOKEN: ***
2026-10-02T10:46:23.4567299Z ##[endgroup]
2026-10-02T10:46:23.5907372Z ##[group]Installed versions
2026-10-02T10:46:23.6014061Z (node:2280) [DEP0040] DeprecationWarning: The `punycode` module is deprecated. Please use a userland alternative instead.
2026-10-02T10:46:23.6018312Z (Use `node --trace-deprecation ...` to show where the warning was created)
2026-10-02T10:46:23.6021177Z Successfully set up CPython (3.12.14)
2026-10-02T10:46:23.6024608Z ##[endgroup]
2026-10-02T10:46:23.6200696Z ##[group]Run set -euo pipefail
2026-10-02T10:46:23.6201919Z [36;1mset -euo pipefail[0m
2026-10-02T10:46:23.6203473Z [36;1mpip install pandas==2.3.3 numpy==2.3.3[0m
2026-10-02T10:46:23.6539030Z shell: /usr/bin/bash --noprofile --norc -e -o pipefail {0}
2026-10-02T10:46:23.6540439Z env:
2026-10-02T10:46:23.6550397Z   GH_TOKEN: ***
2026-10-02T10:46:23.6551600Z   pythonLocation: /opt/hostedtoolcache/Python/3.12.14/x64
2026-10-02T10:46:23.6553781Z   PKG_CONFIG_PATH: /opt/hostedtoolcache/Python/3.12.14/x64/lib/pkgconfig
2026-10-02T10:46:23.6555515Z   Python_ROOT_DIR: /opt/hostedtoolcache/Python/3.12.14/x64
2026-10-02T10:46:23.6557079Z   Python2_ROOT_DIR: /opt/hostedtoolcache/Python/3.12.14/x64
2026-10-02T10:46:23.6558657Z   Python3_ROOT_DIR: /opt/hostedtoolcache/Python/3.12.14/x64
2026-10-02T10:46:23.6560213Z   LD_LIBRARY_PATH: /opt/hostedtoolcache/Python/3.12.14/x64/lib
2026-10-02T10:46:23.6561567Z ##[endgroup]
2026-10-02T10:46:24.6829506Z Collecting pandas==2.3.3
2026-10-02T10:46:24.7315552Z   Downloading pandas-2.3.3-cp312-cp312-manylinux_2_24_x86_64.manylinux_2_28_x86_64.whl.metadata (91 kB)
2026-10-02T10:46:24.9714386Z Collecting numpy==2.3.3
2026-10-02T10:46:24.9769826Z   Downloading numpy-2.3.3-cp312-cp312-manylinux_2_27_x86_64.manylinux_2_28_x86_64.whl.metadata (62 kB)
2026-10-02T10:46:25.0004533Z Collecting python-dateutil>=2.8.2 (from pandas==2.3.3)
2026-10-02T10:46:25.0047421Z   Downloading python_dateutil-2.9.0.post0-py2.py3-none-any.whl.metadata (8.4 kB)
2026-10-02T10:46:25.0392966Z Collecting pytz>=2020.1 (from pandas==2.3.3)
2026-10-02T10:46:25.0429869Z   Downloading pytz-2026.4-py2.py3-none-any.whl.metadata (22 kB)
2026-10-02T10:46:25.0563537Z Collecting tzdata>=2022.7 (from pandas==2.3.3)
2026-10-02T10:46:25.0601528Z   Downloading tzdata-2026.4-py2.py3-none-any.whl.metadata (1.4 kB)
2026-10-02T10:46:25.0728847Z Collecting six>=1.5 (from python-dateutil>=2.8.2->pandas==2.3.3)
2026-10-02T10:46:25.0763697Z   Downloading six-1.17.0-py2.py3-none-any.whl.metadata (1.7 kB)
2026-10-02T10:46:25.0835878Z Downloading pandas-2.3.3-cp312-cp312-manylinux_2_24_x86_64.manylinux_2_28_x86_64.whl (12.4 MB)
2026-10-02T10:46:25.1483881Z    ━━━━━━━━━━━━━━━━━━━━━━━━━━━━━━━━━━━━━━━━ 12.4/12.4 MB 207.6 MB/s  0:00:00
2026-10-02T10:46:25.1527230Z Downloading numpy-2.3.3-cp312-cp312-manylinux_2_27_x86_64.manylinux_2_28_x86_64.whl (16.6 MB)
2026-10-02T10:46:25.2123226Z    ━━━━━━━━━━━━━━━━━━━━━━━━━━━━━━━━━━━━━━━━ 16.6/16.6 MB 288.0 MB/s  0:00:00
2026-10-02T10:46:25.2161676Z Downloading python_dateutil-2.9.0.post0-py2.py3-none-any.whl (229 kB)
2026-10-02T10:46:25.2225645Z Downloading pytz-2026.4-py2.py3-none-any.whl (506 kB)
2026-10-02T10:46:25.2291530Z Downloading six-1.17.0-py2.py3-none-any.whl (11 kB)
2026-10-02T10:46:25.2347762Z Downloading tzdata-2026.4-py2.py3-none-any.whl (347 kB)
2026-10-02T10:46:25.4119466Z Installing collected packages: pytz, tzdata, six, numpy, python-dateutil, pandas
2026-10-02T10:46:32.5922958Z 
2026-10-02T10:46:32.5953672Z Successfully installed numpy-2.3.3 pandas-2.3.3 python-dateutil-2.9.0.post0 pytz-2026.4 six-1.17.0 tzdata-2026.4
2026-10-02T10:46:32.6551466Z ##[group]Run actions/cache@v4
2026-10-02T10:46:32.6551752Z with:
2026-10-02T10:46:32.6551946Z   path: data
2026-10-02T10:46:32.6552509Z   key: frozen-source-36095439671-15m-shard-4
2026-10-02T10:46:32.6552822Z   enableCrossOsArchive: false
2026-10-02T10:46:32.6553082Z   fail-on-cache-miss: false
2026-10-02T10:46:32.6553343Z   lookup-only: false
2026-10-02T10:46:32.6553563Z   save-always: false
2026-10-02T10:46:32.6553794Z env:
2026-10-02T10:46:32.6556589Z   GH_TOKEN: ***
2026-10-02T10:46:32.6556901Z   pythonLocation: /opt/hostedtoolcache/Python/3.12.14/x64
2026-10-02T10:46:32.6557338Z   PKG_CONFIG_PATH: /opt/hostedtoolcache/Python/3.12.14/x64/lib/pkgconfig
2026-10-02T10:46:32.6557762Z   Python_ROOT_DIR: /opt/hostedtoolcache/Python/3.12.14/x64
2026-10-02T10:46:32.6558142Z   Python2_ROOT_DIR: /opt/hostedtoolcache/Python/3.12.14/x64
2026-10-02T10:46:32.6558541Z   Python3_ROOT_DIR: /opt/hostedtoolcache/Python/3.12.14/x64
2026-10-02T10:46:32.6558950Z   LD_LIBRARY_PATH: /opt/hostedtoolcache/Python/3.12.14/x64/lib
2026-10-02T10:46:32.6559283Z ##[endgroup]
2026-10-02T10:46:32.7781089Z (node:2345) [DEP0040] DeprecationWarning: The `punycode` module is deprecated. Please use a userland alternative instead.
2026-10-02T10:46:32.7782798Z (Use `node --trace-deprecation ...` to show where the warning was created)
2026-10-02T10:46:33.1461949Z Cache not found for input keys: frozen-source-36095439671-15m-shard-4
2026-10-02T10:46:33.2376802Z ##[group]Run set -euo pipefail
2026-10-02T10:46:33.2377135Z [36;1mset -euo pipefail[0m
2026-10-02T10:46:33.2377390Z [36;1mif [ '' != 'true' ]; then[0m
2026-10-02T10:46:33.2377914Z [36;1m  gh run download 36095439671 -R duuu-hub/bb-scanner -n rank5-binance-um-15m-5y-data-shard-4 -D data[0m
2026-10-02T10:46:33.2378435Z [36;1mfi[0m
2026-10-02T10:46:33.2378782Z [36;1mgh run download 36858492497 -R duuu-hub/bb-scanner -n day-edge-v2-btc -D btc[0m
2026-10-02T10:46:33.2379506Z [36;1mgh run download 36095439671 -R duuu-hub/bb-scanner -n rank5-binance-um-15m-5y-manifest-shard-4 -D source-manifest[0m
2026-10-02T10:46:33.2380720Z [36;1mpython scripts/research_evidence_archive.py verify-source --data data --manifests source-manifest --baseline research/market-breadth-recovery-v14/FROZEN_INPUT_HASHES.json --out map-development-4/source_check.json[0m
2026-10-02T10:46:33.2446640Z shell: /usr/bin/bash --noprofile --norc -e -o pipefail {0}
2026-10-02T10:46:33.2447001Z env:
2026-10-02T10:46:33.2449786Z   GH_TOKEN: ***
2026-10-02T10:46:33.2450091Z   pythonLocation: /opt/hostedtoolcache/Python/3.12.14/x64
2026-10-02T10:46:33.2450537Z   PKG_CONFIG_PATH: /opt/hostedtoolcache/Python/3.12.14/x64/lib/pkgconfig
2026-10-02T10:46:33.2450963Z   Python_ROOT_DIR: /opt/hostedtoolcache/Python/3.12.14/x64
2026-10-02T10:46:33.2451348Z   Python2_ROOT_DIR: /opt/hostedtoolcache/Python/3.12.14/x64
2026-10-02T10:46:33.2451726Z   Python3_ROOT_DIR: /opt/hostedtoolcache/Python/3.12.14/x64
2026-10-02T10:46:33.2452261Z   LD_LIBRARY_PATH: /opt/hostedtoolcache/Python/3.12.14/x64/lib
2026-10-02T10:46:33.2452598Z ##[endgroup]
2026-10-02T10:46:45.2401244Z FROZEN_SOURCE_VERIFIED 107 files 37 prior SHA256 matches
2026-10-02T10:46:45.2860190Z ##[group]Run set -euo pipefail
2026-10-02T10:46:45.2860529Z [36;1mset -euo pipefail[0m
2026-10-02T10:46:45.2861244Z [36;1mpython scripts/market_breadth_v14.py map --stage DEV --data data --btc btc/BTCUSDT.csv.gz --source-check map-development-4/source_check.json --out map-development-4[0m
2026-10-02T10:46:45.2925281Z shell: /usr/bin/bash --noprofile --norc -e -o pipefail {0}
2026-10-02T10:46:45.2925625Z env:
2026-10-02T10:46:45.2928401Z   GH_TOKEN: ***
2026-10-02T10:46:45.2928693Z   pythonLocation: /opt/hostedtoolcache/Python/3.12.14/x64
2026-10-02T10:46:45.2929141Z   PKG_CONFIG_PATH: /opt/hostedtoolcache/Python/3.12.14/x64/lib/pkgconfig
2026-10-02T10:46:45.2929576Z   Python_ROOT_DIR: /opt/hostedtoolcache/Python/3.12.14/x64
2026-10-02T10:46:45.2930141Z   Python2_ROOT_DIR: /opt/hostedtoolcache/Python/3.12.14/x64
2026-10-02T10:46:45.2930520Z   Python3_ROOT_DIR: /opt/hostedtoolcache/Python/3.12.14/x64
2026-10-02T10:46:45.2930932Z   LD_LIBRARY_PATH: /opt/hostedtoolcache/Python/3.12.14/x64/lib
2026-10-02T10:46:45.2931258Z ##[endgroup]
2026-10-02T10:46:47.8823702Z V14_BREADTH_MAP DEV 8 / 107
2026-10-02T10:46:49.8567336Z V14_BREADTH_MAP DEV 16 / 107
2026-10-02T10:46:54.4627636Z V14_BREADTH_MAP DEV 48 / 107
2026-10-02T10:46:56.4870636Z V14_BREADTH_MAP DEV 56 / 107
2026-10-02T10:47:01.8322100Z V14_BREADTH_MAP DEV 96 / 107
2026-10-02T10:47:03.9617229Z V14_BREADTH_MAP_DONE DEV shard 4 sources 107 rows 81793
2026-10-02T10:47:04.0151569Z ##[group]Run actions/upload-artifact@v4
2026-10-02T10:47:04.0151870Z with:
2026-10-02T10:47:04.0152453Z   name: market-breadth-recovery-v14-map-development-4
2026-10-02T10:47:04.0152805Z   path: map-development-4/
2026-10-02T10:47:04.0171656Z   retention-days: 30
2026-10-02T10:47:04.0172035Z   compression-level: 0
2026-10-02T10:47:04.0172646Z   if-no-files-found: warn
2026-10-02T10:47:04.0172961Z   overwrite: false
2026-10-02T10:47:04.0173192Z   include-hidden-files: false
2026-10-02T10:47:04.0173439Z env:
2026-10-02T10:47:04.0176199Z   GH_TOKEN: ***
2026-10-02T10:47:04.0176479Z   pythonLocation: /opt/hostedtoolcache/Python/3.12.14/x64
2026-10-02T10:47:04.0176913Z   PKG_CONFIG_PATH: /opt/hostedtoolcache/Python/3.12.14/x64/lib/pkgconfig
2026-10-02T10:47:04.0177346Z   Python_ROOT_DIR: /opt/hostedtoolcache/Python/3.12.14/x64
2026-10-02T10:47:04.0177722Z   Python2_ROOT_DIR: /opt/hostedtoolcache/Python/3.12.14/x64
2026-10-02T10:47:04.0178122Z   Python3_ROOT_DIR: /opt/hostedtoolcache/Python/3.12.14/x64
2026-10-02T10:47:04.0178499Z   LD_LIBRARY_PATH: /opt/hostedtoolcache/Python/3.12.14/x64/lib
2026-10-02T10:47:04.0178823Z ##[endgroup]
2026-10-02T10:47:04.1804035Z (node:2396) [DEP0040] DeprecationWarning: The `punycode` module is deprecated. Please use a userland alternative instead.
2026-10-02T10:47:04.1805527Z (Use `node --trace-deprecation ...` to show where the warning was created)
2026-10-02T10:47:04.1903682Z With the provided path, there will be 4 files uploaded
2026-10-02T10:47:04.1905118Z Artifact name is valid!
2026-10-02T10:47:04.1905557Z Root directory input is valid!
2026-10-02T10:47:04.4448383Z Beginning upload of artifact content to blob storage
2026-10-02T10:47:04.4701941Z (node:2396) [DEP0169] DeprecationWarning: `url.parse()` behavior is not standardized and prone to errors that have security implications. Use the WHATWG URL API instead. CVEs are not issued for `url.parse()` vulnerabilities.
2026-10-02T10:47:04.6656041Z Uploaded bytes 413538
2026-10-02T10:47:04.6986932Z Finished uploading artifact content to blob storage!
2026-10-02T10:47:04.6988108Z SHA256 digest of uploaded artifact zip is 2dde9741e46ace342e7c9e558843f4da77dc4fb0d2bb225c13c8120a393638de
2026-10-02T10:47:04.6990069Z Finalizing artifact upload
2026-10-02T10:47:04.9181852Z Artifact market-breadth-recovery-v14-map-development-4.zip successfully finalized. Artifact ID 11222396345
2026-10-02T10:47:04.9184315Z Artifact market-breadth-recovery-v14-map-development-4 has been successfully uploaded! Final size is 413538 bytes. Artifact ID is 11222396345
2026-10-02T10:47:04.9190469Z Artifact download URL: https://github.com/duuu-hub/bb-scanner/actions/runs/36997190420/artifacts/11222396345
2026-10-02T10:47:04.9345497Z Post job cleanup.
2026-10-02T10:47:05.0414772Z (node:2409) [DEP0040] DeprecationWarning: The `punycode` module is deprecated. Please use a userland alternative instead.
2026-10-02T10:47:05.0415776Z (Use `node --trace-deprecation ...` to show where the warning was created)
2026-10-02T10:47:05.0594234Z [command]/usr/bin/tar --posix -cf cache.tzst --exclude cache.tzst -P -C /home/runner/work/bb-scanner/bb-scanner --files-from manifest.txt --use-compress-program zstdmt
2026-10-02T10:47:05.4992988Z (node:2409) [DEP0169] DeprecationWarning: `url.parse()` behavior is not standardized and prone to errors that have security implications. Use the WHATWG URL API instead. CVEs are not issued for `url.parse()` vulnerabilities.
2026-10-02T10:47:06.4870079Z Sent 0 of 240222647 (0.0%), 0.0 MBs/sec
2026-10-02T10:47:07.4864402Z Sent 173113783 of 240222647 (72.1%), 82.5 MBs/sec
2026-10-02T10:47:08.4869597Z Sent 173113783 of 240222647 (72.1%), 55.0 MBs/sec
2026-10-02T10:47:08.5654668Z Sent 240222647 of 240222647 (100.0%), 74.4 MBs/sec
2026-10-02T10:47:08.6609066Z Cache saved with key: frozen-source-36095439671-15m-shard-4
2026-10-02T10:47:08.6761137Z Post job cleanup.
2026-10-02T10:47:08.8052520Z (node:2429) [DEP0040] DeprecationWarning: The `punycode` module is deprecated. Please use a userland alternative instead.
2026-10-02T10:47:08.8053427Z (Use `node --trace-deprecation ...` to show where the warning was created)
2026-10-02T10:47:08.8223330Z Post job cleanup.
2026-10-02T10:47:08.9119606Z [command]/usr/bin/git version
2026-10-02T10:47:08.9164166Z git version 2.55.0
2026-10-02T10:47:08.9202375Z Temporarily overriding HOME='/home/runner/work/_temp/a8341993-f6c4-4054-ac7c-60ceba51ae99' before making global git config changes
2026-10-02T10:47:08.9203939Z Adding repository directory to the temporary git global config as a safe directory
2026-10-02T10:47:08.9209429Z [command]/usr/bin/git config --global --add safe.directory /home/runner/work/bb-scanner/bb-scanner
2026-10-02T10:47:08.9248414Z [command]/usr/bin/git config --local --name-only --get-regexp core\.sshCommand
2026-10-02T10:47:08.9283696Z [command]/usr/bin/git submodule foreach --recursive sh -c "git config --local --name-only --get-regexp 'core\.sshCommand' && git config --local --unset-all 'core.sshCommand' || :"
2026-10-02T10:47:08.9537926Z [command]/usr/bin/git config --local --name-only --get-regexp http\.https\:\/\/github\.com\/\.extraheader
2026-10-02T10:47:08.9567287Z http.https://github.com/.extraheader
2026-10-02T10:47:08.9581854Z [command]/usr/bin/git config --local --unset-all http.https://github.com/.extraheader
2026-10-02T10:47:08.9619303Z [command]/usr/bin/git submodule foreach --recursive sh -c "git config --local --name-only --get-regexp 'http\.https\:\/\/github\.com\/\.extraheader' && git config --local --unset-all 'http.https://github.com/.extraheader' || :"
2026-10-02T10:47:08.9877354Z [command]/usr/bin/git config --local --name-only --get-regexp ^includeIf\.gitdir:
2026-10-02T10:47:08.9915222Z [command]/usr/bin/git submodule foreach --recursive git config --local --show-origin --name-only --get-regexp remote.origin.url
2026-10-02T10:47:09.0335210Z Cleaning up orphan processes
2026-10-02T10:47:09.0748052Z ##[warning]Node.js 20 is deprecated. The following actions target Node.js 20 but are being forced to run on Node.js 24: actions/cache@v4, actions/checkout@v4, actions/setup-python@v5, actions/upload-artifact@v4. For more information see: https://github.blog/changelog/2025-09-19-deprecation-of-node-20-on-github-actions-runners/
