2026-10-02T10:47:44.3195782Z Current runner version: '2.337.0'
2026-10-02T10:47:44.3221391Z ##[group]Runner Image Provisioner
2026-10-02T10:47:44.3222298Z Hosted Compute Agent
2026-10-02T10:47:44.3222919Z Version: 20260901.588
2026-10-02T10:47:44.3223686Z Commit: f88ec8081b781fac6c440065ac7ff9e710ce3d0b
2026-10-02T10:47:44.3224419Z Build Date: 2026-09-01T19:56:44Z
2026-10-02T10:47:44.3225148Z Worker ID: {af44d609-8c4a-4eda-bc03-662def592d54}
2026-10-02T10:47:44.3226283Z Azure Region: westus2
2026-10-02T10:47:44.3226865Z ##[endgroup]
2026-10-02T10:47:44.3228696Z ##[group]Operating System
2026-10-02T10:47:44.3229352Z Ubuntu
2026-10-02T10:47:44.3230287Z 24.04.5
2026-10-02T10:47:44.3231194Z LTS
2026-10-02T10:47:44.3231739Z ##[endgroup]
2026-10-02T10:47:44.3232399Z ##[group]Runner Image
2026-10-02T10:47:44.3233008Z Image: ubuntu-24.04
2026-10-02T10:47:44.3233566Z Version: 20260927.320.1
2026-10-02T10:47:44.3234930Z Included Software: https://github.com/actions/runner-images/blob/ubuntu24/20260927.320/images/ubuntu/Ubuntu2404-Readme.md
2026-10-02T10:47:44.3236897Z Image Release: https://github.com/actions/runner-images/releases/tag/ubuntu24%2F20260927.320
2026-10-02T10:47:44.3238199Z ##[endgroup]
2026-10-02T10:47:44.3239484Z ##[group]GITHUB_TOKEN Permissions
2026-10-02T10:47:44.3241827Z Actions: read
2026-10-02T10:47:44.3242704Z Contents: read
2026-10-02T10:47:44.3243290Z Metadata: read
2026-10-02T10:47:44.3243836Z ##[endgroup]
2026-10-02T10:47:44.3246045Z Secret source: Actions
2026-10-02T10:47:44.3246995Z Cache mode: write
2026-10-02T10:47:44.3247914Z Prepare workflow directory
2026-10-02T10:47:44.3790199Z Prepare all required actions
2026-10-02T10:47:44.3838880Z Getting action download info
2026-10-02T10:47:44.7777410Z Download action repository 'actions/checkout@v4' (SHA:11d5960a326750d5838078e36cf38b85af677262)
2026-10-02T10:47:44.8880093Z Download action repository 'actions/setup-python@v5' (SHA:a26af69be951a213d495a4c3e4e4022e16d87065)
2026-10-02T10:47:44.9642269Z Download action repository 'actions/cache@v4' (SHA:0057852bfaa89a56745cba8c7296529d2fc39830)
2026-10-02T10:47:45.1022188Z Download action repository 'actions/download-artifact@v4' (SHA:d3f86a106a0bac45b974a628896c90dbdf5c8093)
2026-10-02T10:47:45.4003829Z Download action repository 'actions/upload-artifact@v4' (SHA:ea165f8d65b6e75b540449e92b4886f43607fa02)
2026-10-02T10:47:45.6079953Z Complete job name: development (2)
2026-10-02T10:47:45.6879059Z ##[group]Run actions/checkout@v4
2026-10-02T10:47:45.6879939Z with:
2026-10-02T10:47:45.6880390Z   repository: duuu-hub/bb-scanner
2026-10-02T10:47:45.6884541Z   token: ***
2026-10-02T10:47:45.6884973Z   ssh-strict: true
2026-10-02T10:47:45.6885409Z   ssh-user: git
2026-10-02T10:47:45.6885854Z   persist-credentials: true
2026-10-02T10:47:45.6886345Z   clean: true
2026-10-02T10:47:45.6886781Z   sparse-checkout-cone-mode: true
2026-10-02T10:47:45.6887293Z   fetch-depth: 1
2026-10-02T10:47:45.6887725Z   fetch-tags: false
2026-10-02T10:47:45.6888160Z   show-progress: true
2026-10-02T10:47:45.6888656Z   lfs: false
2026-10-02T10:47:45.6889059Z   submodules: false
2026-10-02T10:47:45.6889591Z   set-safe-directory: true
2026-10-02T10:47:45.6890087Z   allow-unsafe-pr-checkout: false
2026-10-02T10:47:45.6891024Z env:
2026-10-02T10:47:45.6894757Z   GH_TOKEN: ***
2026-10-02T10:47:45.6895176Z ##[endgroup]
2026-10-02T10:47:45.7917279Z Syncing repository: duuu-hub/bb-scanner
2026-10-02T10:47:45.7920219Z ##[group]Getting Git version info
2026-10-02T10:47:45.7921667Z Working directory is '/home/runner/work/bb-scanner/bb-scanner'
2026-10-02T10:47:45.8007619Z [command]/usr/bin/git version
2026-10-02T10:47:45.8013179Z git version 2.55.0
2026-10-02T10:47:45.8025177Z ##[endgroup]
2026-10-02T10:47:45.8031624Z Temporarily overriding HOME='/home/runner/work/_temp/0460910e-f0d9-4c8d-b055-fa35745c4dbb' before making global git config changes
2026-10-02T10:47:45.8033000Z Adding repository directory to the temporary git global config as a safe directory
2026-10-02T10:47:45.8034124Z [command]/usr/bin/git config --global --add safe.directory /home/runner/work/bb-scanner/bb-scanner
2026-10-02T10:47:45.8071501Z Deleting the contents of '/home/runner/work/bb-scanner/bb-scanner'
2026-10-02T10:47:45.8075061Z ##[group]Initializing the repository
2026-10-02T10:47:45.8079038Z [command]/usr/bin/git init /home/runner/work/bb-scanner/bb-scanner
2026-10-02T10:47:45.8192850Z hint: Using 'master' as the name for the initial branch. This default branch name
2026-10-02T10:47:45.8194745Z hint: will change to "main" in Git 3.0. To configure the initial branch name
2026-10-02T10:47:45.8196683Z hint: to use in all of your new repositories, which will suppress this warning,
2026-10-02T10:47:45.8198925Z hint: call:
2026-10-02T10:47:45.8200043Z hint:
2026-10-02T10:47:45.8201274Z hint: 	git config --global init.defaultBranch <name>
2026-10-02T10:47:45.8202491Z hint:
2026-10-02T10:47:45.8203610Z hint: Names commonly chosen instead of 'master' are 'main', 'trunk' and
2026-10-02T10:47:45.8205335Z hint: 'development'. The just-created branch can be renamed via this command:
2026-10-02T10:47:45.8206728Z hint:
2026-10-02T10:47:45.8207592Z hint: 	git branch -m <name>
2026-10-02T10:47:45.8210374Z hint:
2026-10-02T10:47:45.8212051Z hint: Disable this message with "git config set advice.defaultBranchName false"
2026-10-02T10:47:45.8214136Z Initialized empty Git repository in /home/runner/work/bb-scanner/bb-scanner/.git/
2026-10-02T10:47:45.8217938Z [command]/usr/bin/git remote add origin https://github.com/duuu-hub/bb-scanner
2026-10-02T10:47:45.8259899Z ##[endgroup]
2026-10-02T10:47:45.8261657Z ##[group]Disabling automatic garbage collection
2026-10-02T10:47:45.8263088Z [command]/usr/bin/git config --local gc.auto 0
2026-10-02T10:47:45.8295237Z ##[endgroup]
2026-10-02T10:47:45.8296562Z ##[group]Setting up auth
2026-10-02T10:47:45.8300567Z [command]/usr/bin/git config --local --name-only --get-regexp core\.sshCommand
2026-10-02T10:47:45.8334092Z [command]/usr/bin/git submodule foreach --recursive sh -c "git config --local --name-only --get-regexp 'core\.sshCommand' && git config --local --unset-all 'core.sshCommand' || :"
2026-10-02T10:47:45.8689561Z [command]/usr/bin/git config --local --name-only --get-regexp http\.https\:\/\/github\.com\/\.extraheader
2026-10-02T10:47:45.8732302Z [command]/usr/bin/git submodule foreach --recursive sh -c "git config --local --name-only --get-regexp 'http\.https\:\/\/github\.com\/\.extraheader' && git config --local --unset-all 'http.https://github.com/.extraheader' || :"
2026-10-02T10:47:45.8977022Z [command]/usr/bin/git config --local --name-only --get-regexp ^includeIf\.gitdir:
2026-10-02T10:47:45.9014774Z [command]/usr/bin/git submodule foreach --recursive git config --local --show-origin --name-only --get-regexp remote.origin.url
2026-10-02T10:47:45.9238752Z [command]/usr/bin/git config --local http.https://github.com/.extraheader AUTHORIZATION: basic ***
2026-10-02T10:47:45.9279581Z ##[endgroup]
2026-10-02T10:47:45.9289322Z ##[group]Fetching the repository
2026-10-02T10:47:45.9291308Z [command]/usr/bin/git -c protocol.version=2 fetch --no-tags --prune --no-recurse-submodules --depth=1 origin +a69d51067a21a8cc8dcb144fe671c8576cf381d3:refs/remotes/origin/research-market-breadth-recovery-v14
2026-10-02T10:47:47.1128557Z From https://github.com/duuu-hub/bb-scanner
2026-10-02T10:47:47.1131710Z  * [new ref]         a69d51067a21a8cc8dcb144fe671c8576cf381d3 -> origin/research-market-breadth-recovery-v14
2026-10-02T10:47:47.1137501Z ##[endgroup]
2026-10-02T10:47:47.1139658Z ##[group]Determining the checkout info
2026-10-02T10:47:47.1142400Z ##[endgroup]
2026-10-02T10:47:47.1145037Z [command]/usr/bin/git sparse-checkout disable
2026-10-02T10:47:47.1198121Z [command]/usr/bin/git config --local --unset-all extensions.worktreeConfig
2026-10-02T10:47:47.1230594Z ##[group]Checking out the ref
2026-10-02T10:47:47.1238322Z [command]/usr/bin/git checkout --progress --force -B research-market-breadth-recovery-v14 refs/remotes/origin/research-market-breadth-recovery-v14
2026-10-02T10:47:47.3491956Z Switched to a new branch 'research-market-breadth-recovery-v14'
2026-10-02T10:47:47.3496398Z branch 'research-market-breadth-recovery-v14' set up to track 'origin/research-market-breadth-recovery-v14'.
2026-10-02T10:47:47.3509324Z ##[endgroup]
2026-10-02T10:47:47.3553429Z [command]/usr/bin/git log -1 --format=%H
2026-10-02T10:47:47.3580166Z a69d51067a21a8cc8dcb144fe671c8576cf381d3
2026-10-02T10:47:47.3952815Z ##[group]Run actions/setup-python@v5
2026-10-02T10:47:47.3954071Z with:
2026-10-02T10:47:47.3954936Z   python-version: 3.12
2026-10-02T10:47:47.3955930Z   check-latest: false
2026-10-02T10:47:47.3966486Z   token: ***
2026-10-02T10:47:47.3967427Z   update-environment: true
2026-10-02T10:47:47.3968509Z   allow-prereleases: false
2026-10-02T10:47:47.3969579Z   freethreaded: false
2026-10-02T10:47:47.3970508Z env:
2026-10-02T10:47:47.3980655Z   GH_TOKEN: ***
2026-10-02T10:47:47.3981883Z ##[endgroup]
2026-10-02T10:47:47.5322320Z ##[group]Installed versions
2026-10-02T10:47:47.5418842Z (node:2278) [DEP0040] DeprecationWarning: The `punycode` module is deprecated. Please use a userland alternative instead.
2026-10-02T10:47:47.5423626Z (Use `node --trace-deprecation ...` to show where the warning was created)
2026-10-02T10:47:47.5425796Z Successfully set up CPython (3.12.14)
2026-10-02T10:47:47.5427746Z ##[endgroup]
2026-10-02T10:47:47.5625488Z ##[group]Run set -euo pipefail
2026-10-02T10:47:47.5626714Z [36;1mset -euo pipefail[0m
2026-10-02T10:47:47.5627913Z [36;1mpip install pandas==2.3.3 numpy==2.3.3[0m
2026-10-02T10:47:47.5931057Z shell: /usr/bin/bash --noprofile --norc -e -o pipefail {0}
2026-10-02T10:47:47.5932562Z env:
2026-10-02T10:47:47.5942410Z   GH_TOKEN: ***
2026-10-02T10:47:47.5943576Z   pythonLocation: /opt/hostedtoolcache/Python/3.12.14/x64
2026-10-02T10:47:47.5945394Z   PKG_CONFIG_PATH: /opt/hostedtoolcache/Python/3.12.14/x64/lib/pkgconfig
2026-10-02T10:47:47.5947207Z   Python_ROOT_DIR: /opt/hostedtoolcache/Python/3.12.14/x64
2026-10-02T10:47:47.5948851Z   Python2_ROOT_DIR: /opt/hostedtoolcache/Python/3.12.14/x64
2026-10-02T10:47:47.5950494Z   Python3_ROOT_DIR: /opt/hostedtoolcache/Python/3.12.14/x64
2026-10-02T10:47:47.5952316Z   LD_LIBRARY_PATH: /opt/hostedtoolcache/Python/3.12.14/x64/lib
2026-10-02T10:47:47.5953728Z ##[endgroup]
2026-10-02T10:47:48.5608420Z Collecting pandas==2.3.3
2026-10-02T10:47:48.6217010Z   Downloading pandas-2.3.3-cp312-cp312-manylinux_2_24_x86_64.manylinux_2_28_x86_64.whl.metadata (91 kB)
2026-10-02T10:47:48.8774647Z Collecting numpy==2.3.3
2026-10-02T10:47:48.8858607Z   Downloading numpy-2.3.3-cp312-cp312-manylinux_2_27_x86_64.manylinux_2_28_x86_64.whl.metadata (62 kB)
2026-10-02T10:47:48.9156785Z Collecting python-dateutil>=2.8.2 (from pandas==2.3.3)
2026-10-02T10:47:48.9252996Z   Downloading python_dateutil-2.9.0.post0-py2.py3-none-any.whl.metadata (8.4 kB)
2026-10-02T10:47:48.9647060Z Collecting pytz>=2020.1 (from pandas==2.3.3)
2026-10-02T10:47:48.9720781Z   Downloading pytz-2026.4-py2.py3-none-any.whl.metadata (22 kB)
2026-10-02T10:47:48.9908635Z Collecting tzdata>=2022.7 (from pandas==2.3.3)
2026-10-02T10:47:48.9983262Z   Downloading tzdata-2026.4-py2.py3-none-any.whl.metadata (1.4 kB)
2026-10-02T10:47:49.0155025Z Collecting six>=1.5 (from python-dateutil>=2.8.2->pandas==2.3.3)
2026-10-02T10:47:49.0230283Z   Downloading six-1.17.0-py2.py3-none-any.whl.metadata (1.7 kB)
2026-10-02T10:47:49.0342442Z Downloading pandas-2.3.3-cp312-cp312-manylinux_2_24_x86_64.manylinux_2_28_x86_64.whl (12.4 MB)
2026-10-02T10:47:49.2711028Z    ━━━━━━━━━━━━━━━━━━━━━━━━━━━━━━━━━━━━━━━━ 12.4/12.4 MB 54.4 MB/s  0:00:00
2026-10-02T10:47:49.2800471Z Downloading numpy-2.3.3-cp312-cp312-manylinux_2_27_x86_64.manylinux_2_28_x86_64.whl (16.6 MB)
2026-10-02T10:47:49.3877072Z    ━━━━━━━━━━━━━━━━━━━━━━━━━━━━━━━━━━━━━━━━ 16.6/16.6 MB 155.6 MB/s  0:00:00
2026-10-02T10:47:49.3953111Z Downloading python_dateutil-2.9.0.post0-py2.py3-none-any.whl (229 kB)
2026-10-02T10:47:49.4073629Z Downloading pytz-2026.4-py2.py3-none-any.whl (506 kB)
2026-10-02T10:47:49.4183119Z Downloading six-1.17.0-py2.py3-none-any.whl (11 kB)
2026-10-02T10:47:49.4276145Z Downloading tzdata-2026.4-py2.py3-none-any.whl (347 kB)
2026-10-02T10:47:49.5919145Z Installing collected packages: pytz, tzdata, six, numpy, python-dateutil, pandas
2026-10-02T10:47:56.5351117Z 
2026-10-02T10:47:56.5365653Z Successfully installed numpy-2.3.3 pandas-2.3.3 python-dateutil-2.9.0.post0 pytz-2026.4 six-1.17.0 tzdata-2026.4
2026-10-02T10:47:56.6009148Z ##[group]Run actions/cache@v4
2026-10-02T10:47:56.6009445Z with:
2026-10-02T10:47:56.6009645Z   path: data
2026-10-02T10:47:56.6009875Z   key: frozen-source-36095439671-15m-shard-2
2026-10-02T10:47:56.6010180Z   enableCrossOsArchive: false
2026-10-02T10:47:56.6010435Z   fail-on-cache-miss: false
2026-10-02T10:47:56.6010670Z   lookup-only: false
2026-10-02T10:47:56.6011352Z   save-always: false
2026-10-02T10:47:56.6011574Z env:
2026-10-02T10:47:56.6014190Z   GH_TOKEN: ***
2026-10-02T10:47:56.6014479Z   pythonLocation: /opt/hostedtoolcache/Python/3.12.14/x64
2026-10-02T10:47:56.6014912Z   PKG_CONFIG_PATH: /opt/hostedtoolcache/Python/3.12.14/x64/lib/pkgconfig
2026-10-02T10:47:56.6015335Z   Python_ROOT_DIR: /opt/hostedtoolcache/Python/3.12.14/x64
2026-10-02T10:47:56.6015726Z   Python2_ROOT_DIR: /opt/hostedtoolcache/Python/3.12.14/x64
2026-10-02T10:47:56.6016095Z   Python3_ROOT_DIR: /opt/hostedtoolcache/Python/3.12.14/x64
2026-10-02T10:47:56.6016511Z   LD_LIBRARY_PATH: /opt/hostedtoolcache/Python/3.12.14/x64/lib
2026-10-02T10:47:56.6016831Z ##[endgroup]
2026-10-02T10:47:56.7045987Z (node:2314) [DEP0040] DeprecationWarning: The `punycode` module is deprecated. Please use a userland alternative instead.
2026-10-02T10:47:56.7046874Z (Use `node --trace-deprecation ...` to show where the warning was created)
2026-10-02T10:47:56.9545694Z Cache hit for: frozen-source-36095439671-15m-shard-2
2026-10-02T10:47:56.9651696Z (node:2314) [DEP0169] DeprecationWarning: `url.parse()` behavior is not standardized and prone to errors that have security implications. Use the WHATWG URL API instead. CVEs are not issued for `url.parse()` vulnerabilities.
2026-10-02T10:47:58.2455913Z Received 0 of 248656426 (0.0%), 0.0 MBs/sec
2026-10-02T10:47:59.2521755Z Received 125829120 of 248656426 (50.6%), 59.9 MBs/sec
2026-10-02T10:48:00.2501909Z Received 244462122 of 248656426 (98.3%), 77.6 MBs/sec
2026-10-02T10:48:00.3224435Z Received 248656426 of 248656426 (100.0%), 77.0 MBs/sec
2026-10-02T10:48:00.3227038Z Cache Size: ~237 MB (248656426 B)
2026-10-02T10:48:00.3276865Z [command]/usr/bin/tar -xf /home/runner/work/_temp/44feadbf-c3a7-4797-9d45-8422495524bf/cache.tzst -P -C /home/runner/work/bb-scanner/bb-scanner --use-compress-program unzstd
2026-10-02T10:48:00.6147794Z Cache restored successfully
2026-10-02T10:48:00.6337153Z Cache restored from key: frozen-source-36095439671-15m-shard-2
2026-10-02T10:48:00.6498097Z ##[group]Run set -euo pipefail
2026-10-02T10:48:00.6498446Z [36;1mset -euo pipefail[0m
2026-10-02T10:48:00.6498719Z [36;1mif [ 'true' != 'true' ]; then[0m
2026-10-02T10:48:00.6499239Z [36;1m  gh run download 36095439671 -R duuu-hub/bb-scanner -n rank5-binance-um-15m-5y-data-shard-2 -D data[0m
2026-10-02T10:48:00.6499743Z [36;1mfi[0m
2026-10-02T10:48:00.6500102Z [36;1mgh run download 36858492497 -R duuu-hub/bb-scanner -n day-edge-v2-btc -D btc[0m
2026-10-02T10:48:00.6501120Z [36;1mgh run download 36095439671 -R duuu-hub/bb-scanner -n rank5-binance-um-15m-5y-manifest-shard-2 -D source-manifest[0m
2026-10-02T10:48:00.6502293Z [36;1mpython scripts/research_evidence_archive.py verify-source --data data --manifests source-manifest --baseline research/market-breadth-recovery-v14/FROZEN_INPUT_HASHES.json --out dev-2/source_check.json[0m
2026-10-02T10:48:00.6569380Z shell: /usr/bin/bash --noprofile --norc -e -o pipefail {0}
2026-10-02T10:48:00.6569724Z env:
2026-10-02T10:48:00.6572688Z   GH_TOKEN: ***
2026-10-02T10:48:00.6572996Z   pythonLocation: /opt/hostedtoolcache/Python/3.12.14/x64
2026-10-02T10:48:00.6573450Z   PKG_CONFIG_PATH: /opt/hostedtoolcache/Python/3.12.14/x64/lib/pkgconfig
2026-10-02T10:48:00.6573903Z   Python_ROOT_DIR: /opt/hostedtoolcache/Python/3.12.14/x64
2026-10-02T10:48:00.6574291Z   Python2_ROOT_DIR: /opt/hostedtoolcache/Python/3.12.14/x64
2026-10-02T10:48:00.6574845Z   Python3_ROOT_DIR: /opt/hostedtoolcache/Python/3.12.14/x64
2026-10-02T10:48:00.6575228Z   LD_LIBRARY_PATH: /opt/hostedtoolcache/Python/3.12.14/x64/lib
2026-10-02T10:48:00.6575557Z ##[endgroup]
2026-10-02T10:48:10.2751190Z FROZEN_SOURCE_VERIFIED 107 files 31 prior SHA256 matches
2026-10-02T10:48:10.3235222Z ##[group]Run actions/download-artifact@v4
2026-10-02T10:48:10.3235543Z with:
2026-10-02T10:48:10.3235821Z   name: market-breadth-recovery-v14-breadth-development
2026-10-02T10:48:10.3236159Z   path: frozen-breadth
2026-10-02T10:48:10.3236394Z   merge-multiple: false
2026-10-02T10:48:10.3236629Z   repository: duuu-hub/bb-scanner
2026-10-02T10:48:10.3236886Z   run-id: 36997190420
2026-10-02T10:48:10.3237088Z env:
2026-10-02T10:48:10.3240208Z   GH_TOKEN: ***
2026-10-02T10:48:10.3240524Z   pythonLocation: /opt/hostedtoolcache/Python/3.12.14/x64
2026-10-02T10:48:10.3241265Z   PKG_CONFIG_PATH: /opt/hostedtoolcache/Python/3.12.14/x64/lib/pkgconfig
2026-10-02T10:48:10.3241724Z   Python_ROOT_DIR: /opt/hostedtoolcache/Python/3.12.14/x64
2026-10-02T10:48:10.3242115Z   Python2_ROOT_DIR: /opt/hostedtoolcache/Python/3.12.14/x64
2026-10-02T10:48:10.3242496Z   Python3_ROOT_DIR: /opt/hostedtoolcache/Python/3.12.14/x64
2026-10-02T10:48:10.3242912Z   LD_LIBRARY_PATH: /opt/hostedtoolcache/Python/3.12.14/x64/lib
2026-10-02T10:48:10.3243237Z ##[endgroup]
2026-10-02T10:48:10.4721567Z Downloading single artifact
2026-10-02T10:48:10.4896750Z (node:2383) [DEP0040] DeprecationWarning: The `punycode` module is deprecated. Please use a userland alternative instead.
2026-10-02T10:48:10.4898028Z (Use `node --trace-deprecation ...` to show where the warning was created)
2026-10-02T10:48:10.7578533Z Preparing to download the following artifacts:
2026-10-02T10:48:10.7580072Z - market-breadth-recovery-v14-breadth-development (ID: 11221858946, Size: 584090, Expected Digest: sha256:4142c68429a43cb683dbbeb3edd7c72f211cb25887a0c7f1b1cb97e1efd742ea)
2026-10-02T10:48:11.0123219Z Redirecting to blob download url: https://productionresultssa16.blob.core.windows.net/actions-results/ff4c6648-65c7-8aca-8b29-2c577b9c0d10/workflow-job-run-5aa28ca6-5f8e-5b42-93c6-c9dd79870258/artifacts/0ef112ac9252012addd398fb1ca16b8a182ad28514357794d0817410d1b1b9b0.zip
2026-10-02T10:48:11.0125113Z Starting download of artifact to: /home/runner/work/bb-scanner/bb-scanner/frozen-breadth
2026-10-02T10:48:11.3048260Z (node:2383) [DEP0005] DeprecationWarning: Buffer() is deprecated due to security and usability issues. Please use the Buffer.alloc(), Buffer.allocUnsafe(), or Buffer.from() methods instead.
2026-10-02T10:48:11.7003255Z SHA256 digest of downloaded artifact is 4142c68429a43cb683dbbeb3edd7c72f211cb25887a0c7f1b1cb97e1efd742ea
2026-10-02T10:48:11.7003995Z Artifact download completed successfully.
2026-10-02T10:48:11.7004379Z Total of 1 artifact(s) downloaded
2026-10-02T10:48:11.7008853Z Download artifact has finished successfully
2026-10-02T10:48:11.7163804Z ##[group]Run actions/cache@v4
2026-10-02T10:48:11.7164085Z with:
2026-10-02T10:48:11.7164310Z   path: cache/verified-1m
2026-10-02T10:48:11.7164610Z   key: market-breadth-recovery-v14-dev-1m-shard-2
2026-10-02T10:48:11.7165081Z   restore-keys: premium-absorption-v8-dev-1m-shard-2
factor-lag-v6-dev-1m-shard-2
2026-10-02T10:48:11.7165555Z   enableCrossOsArchive: false
2026-10-02T10:48:11.7165817Z   fail-on-cache-miss: false
2026-10-02T10:48:11.7166057Z   lookup-only: false
2026-10-02T10:48:11.7166283Z   save-always: false
2026-10-02T10:48:11.7166486Z env:
2026-10-02T10:48:11.7169058Z   GH_TOKEN: ***
2026-10-02T10:48:11.7169355Z   pythonLocation: /opt/hostedtoolcache/Python/3.12.14/x64
2026-10-02T10:48:11.7169806Z   PKG_CONFIG_PATH: /opt/hostedtoolcache/Python/3.12.14/x64/lib/pkgconfig
2026-10-02T10:48:11.7170244Z   Python_ROOT_DIR: /opt/hostedtoolcache/Python/3.12.14/x64
2026-10-02T10:48:11.7170642Z   Python2_ROOT_DIR: /opt/hostedtoolcache/Python/3.12.14/x64
2026-10-02T10:48:11.7171383Z   Python3_ROOT_DIR: /opt/hostedtoolcache/Python/3.12.14/x64
2026-10-02T10:48:11.7171780Z   LD_LIBRARY_PATH: /opt/hostedtoolcache/Python/3.12.14/x64/lib
2026-10-02T10:48:11.7172325Z ##[endgroup]
2026-10-02T10:48:11.8220516Z (node:2396) [DEP0040] DeprecationWarning: The `punycode` module is deprecated. Please use a userland alternative instead.
2026-10-02T10:48:11.8221675Z (Use `node --trace-deprecation ...` to show where the warning was created)
2026-10-02T10:48:12.0678458Z Cache not found for input keys: market-breadth-recovery-v14-dev-1m-shard-2, premium-absorption-v8-dev-1m-shard-2, factor-lag-v6-dev-1m-shard-2
2026-10-02T10:48:12.0773293Z ##[group]Run set -euo pipefail
2026-10-02T10:48:12.0773645Z [36;1mset -euo pipefail[0m
2026-10-02T10:48:12.0774556Z [36;1mpython scripts/market_breadth_recovery_v14.py scan --stage DEV --data data --btc btc/BTCUSDT.csv.gz --breadth-dir frozen-breadth --source-check dev-2/source_check.json --out dev-2 --minute-cache cache/verified-1m[0m
2026-10-02T10:48:12.0839320Z shell: /usr/bin/bash --noprofile --norc -e -o pipefail {0}
2026-10-02T10:48:12.0839670Z env:
2026-10-02T10:48:12.0842609Z   GH_TOKEN: ***
2026-10-02T10:48:12.0842919Z   pythonLocation: /opt/hostedtoolcache/Python/3.12.14/x64
2026-10-02T10:48:12.0843366Z   PKG_CONFIG_PATH: /opt/hostedtoolcache/Python/3.12.14/x64/lib/pkgconfig
2026-10-02T10:48:12.0843808Z   Python_ROOT_DIR: /opt/hostedtoolcache/Python/3.12.14/x64
2026-10-02T10:48:12.0844208Z   Python2_ROOT_DIR: /opt/hostedtoolcache/Python/3.12.14/x64
2026-10-02T10:48:12.0844598Z   Python3_ROOT_DIR: /opt/hostedtoolcache/Python/3.12.14/x64
2026-10-02T10:48:12.0845029Z   LD_LIBRARY_PATH: /opt/hostedtoolcache/Python/3.12.14/x64/lib
2026-10-02T10:48:12.0845388Z ##[endgroup]
2026-10-02T10:48:13.1559772Z Traceback (most recent call last):
2026-10-02T10:48:13.1567318Z   File "/home/runner/work/bb-scanner/bb-scanner/scripts/market_breadth_recovery_v14.py", line 337, in <module>
2026-10-02T10:48:13.1568031Z     if __name__=='__main__':main()
2026-10-02T10:48:13.1568361Z                             ^^^^^^
2026-10-02T10:48:13.1568990Z   File "/home/runner/work/bb-scanner/bb-scanner/scripts/market_breadth_recovery_v14.py", line 333, in main
2026-10-02T10:48:13.1569979Z     if a.command=='scan':scan(a.data,a.btc,a.out,a.minute_cache,a.stage,a.source_check,a.selection,breadth_dir=a.breadth_dir)
2026-10-02T10:48:13.1571034Z                          ^^^^^^^^^^^^^^^^^^^^^^^^^^^^^^^^^^^^^^^^^^^^^^^^^^^^^^^^^^^^^^^^^^^^^^^^^^^^^^^^^^^^^^^^^^^^^^^^^^^^
2026-10-02T10:48:13.1571805Z   File "/home/runner/work/bb-scanner/bb-scanner/scripts/market_breadth_recovery_v14.py", line 181, in scan
2026-10-02T10:48:13.1572742Z     shutil.copyfile(source_check,out/'source_check.json');shutil.copyfile(context_path,out/'frozen_context.json')
2026-10-02T10:48:13.1573405Z     ^^^^^^^^^^^^^^^^^^^^^^^^^^^^^^^^^^^^^^^^^^^^^^^^^^^^^
2026-10-02T10:48:13.1574018Z   File "/opt/hostedtoolcache/Python/3.12.14/x64/lib/python3.12/shutil.py", line 240, in copyfile
2026-10-02T10:48:13.1616856Z     raise SameFileError("{!r} and {!r} are the same file".format(src, dst))
2026-10-02T10:48:13.1618331Z shutil.SameFileError: PosixPath('dev-2/source_check.json') and PosixPath('dev-2/source_check.json') are the same file
2026-10-02T10:48:13.2131188Z ##[error]Process completed with exit code 1.
2026-10-02T10:48:13.2197883Z ##[group]Run actions/upload-artifact@v4
2026-10-02T10:48:13.2198207Z with:
2026-10-02T10:48:13.2198441Z   name: market-breadth-recovery-v14-dev-2
2026-10-02T10:48:13.2198740Z   path: dev-2/
2026-10-02T10:48:13.2198949Z   retention-days: 30
2026-10-02T10:48:13.2199175Z   compression-level: 0
2026-10-02T10:48:13.2199410Z   if-no-files-found: warn
2026-10-02T10:48:13.2199642Z   overwrite: false
2026-10-02T10:48:13.2199871Z   include-hidden-files: false
2026-10-02T10:48:13.2200111Z env:
2026-10-02T10:48:13.2203091Z   GH_TOKEN: ***
2026-10-02T10:48:13.2203400Z   pythonLocation: /opt/hostedtoolcache/Python/3.12.14/x64
2026-10-02T10:48:13.2203849Z   PKG_CONFIG_PATH: /opt/hostedtoolcache/Python/3.12.14/x64/lib/pkgconfig
2026-10-02T10:48:13.2204295Z   Python_ROOT_DIR: /opt/hostedtoolcache/Python/3.12.14/x64
2026-10-02T10:48:13.2204893Z   Python2_ROOT_DIR: /opt/hostedtoolcache/Python/3.12.14/x64
2026-10-02T10:48:13.2205295Z   Python3_ROOT_DIR: /opt/hostedtoolcache/Python/3.12.14/x64
2026-10-02T10:48:13.2205720Z   LD_LIBRARY_PATH: /opt/hostedtoolcache/Python/3.12.14/x64/lib
2026-10-02T10:48:13.2206054Z ##[endgroup]
2026-10-02T10:48:13.3932476Z (node:2415) [DEP0040] DeprecationWarning: The `punycode` module is deprecated. Please use a userland alternative instead.
2026-10-02T10:48:13.3933952Z (Use `node --trace-deprecation ...` to show where the warning was created)
2026-10-02T10:48:13.4068881Z With the provided path, there will be 1 file uploaded
2026-10-02T10:48:13.4069821Z Artifact name is valid!
2026-10-02T10:48:13.4070290Z Root directory input is valid!
2026-10-02T10:48:13.7663700Z Beginning upload of artifact content to blob storage
2026-10-02T10:48:13.7863147Z (node:2415) [DEP0169] DeprecationWarning: `url.parse()` behavior is not standardized and prone to errors that have security implications. Use the WHATWG URL API instead. CVEs are not issued for `url.parse()` vulnerabilities.
2026-10-02T10:48:14.2038446Z Uploaded bytes 48716
2026-10-02T10:48:14.2872108Z Finished uploading artifact content to blob storage!
2026-10-02T10:48:14.2873586Z SHA256 digest of uploaded artifact zip is 35b2d0c234f2e9abcd9e4075f4337a017499b31178dbb9cbca8c6a9c85c96f1d
2026-10-02T10:48:14.2874892Z Finalizing artifact upload
2026-10-02T10:48:14.5826774Z Artifact market-breadth-recovery-v14-dev-2.zip successfully finalized. Artifact ID 11222616016
2026-10-02T10:48:14.5828419Z Artifact market-breadth-recovery-v14-dev-2 has been successfully uploaded! Final size is 48716 bytes. Artifact ID is 11222616016
2026-10-02T10:48:14.5835080Z Artifact download URL: https://github.com/duuu-hub/bb-scanner/actions/runs/36997190420/artifacts/11222616016
2026-10-02T10:48:14.6043066Z Post job cleanup.
2026-10-02T10:48:14.6905523Z [command]/usr/bin/git version
2026-10-02T10:48:14.6947682Z git version 2.55.0
2026-10-02T10:48:14.6987310Z Temporarily overriding HOME='/home/runner/work/_temp/2e5e8c72-035b-4067-8e6d-1935fc579f87' before making global git config changes
2026-10-02T10:48:14.6988677Z Adding repository directory to the temporary git global config as a safe directory
2026-10-02T10:48:14.6992988Z [command]/usr/bin/git config --global --add safe.directory /home/runner/work/bb-scanner/bb-scanner
2026-10-02T10:48:14.7033494Z [command]/usr/bin/git config --local --name-only --get-regexp core\.sshCommand
2026-10-02T10:48:14.7069704Z [command]/usr/bin/git submodule foreach --recursive sh -c "git config --local --name-only --get-regexp 'core\.sshCommand' && git config --local --unset-all 'core.sshCommand' || :"
2026-10-02T10:48:14.7338226Z [command]/usr/bin/git config --local --name-only --get-regexp http\.https\:\/\/github\.com\/\.extraheader
2026-10-02T10:48:14.7369735Z http.https://github.com/.extraheader
2026-10-02T10:48:14.7383546Z [command]/usr/bin/git config --local --unset-all http.https://github.com/.extraheader
2026-10-02T10:48:14.7421204Z [command]/usr/bin/git submodule foreach --recursive sh -c "git config --local --name-only --get-regexp 'http\.https\:\/\/github\.com\/\.extraheader' && git config --local --unset-all 'http.https://github.com/.extraheader' || :"
2026-10-02T10:48:14.7698143Z [command]/usr/bin/git config --local --name-only --get-regexp ^includeIf\.gitdir:
2026-10-02T10:48:14.7741774Z [command]/usr/bin/git submodule foreach --recursive git config --local --show-origin --name-only --get-regexp remote.origin.url
2026-10-02T10:48:14.8130563Z Cleaning up orphan processes
2026-10-02T10:48:14.8574394Z ##[warning]Node.js 20 is deprecated. The following actions target Node.js 20 but are being forced to run on Node.js 24: actions/cache@v4, actions/checkout@v4, actions/download-artifact@v4, actions/setup-python@v5, actions/upload-artifact@v4. For more information see: https://github.blog/changelog/2025-09-19-deprecation-of-node-20-on-github-actions-runners/
