2026-10-02T10:47:43.3720687Z Current runner version: '2.337.0'
2026-10-02T10:47:43.3737902Z ##[group]Runner Image Provisioner
2026-10-02T10:47:43.3738560Z Hosted Compute Agent
2026-10-02T10:47:43.3738986Z Version: 20260901.588
2026-10-02T10:47:43.3739422Z Commit: f88ec8081b781fac6c440065ac7ff9e710ce3d0b
2026-10-02T10:47:43.3740313Z Build Date: 2026-09-01T19:56:44Z
2026-10-02T10:47:43.3740788Z Worker ID: {27fd8360-9eda-479f-905a-00d42a6e4640}
2026-10-02T10:47:43.3741274Z Azure Region: centralus
2026-10-02T10:47:43.3741713Z ##[endgroup]
2026-10-02T10:47:43.3742766Z ##[group]Operating System
2026-10-02T10:47:43.3743569Z Ubuntu
2026-10-02T10:47:43.3743990Z 24.04.5
2026-10-02T10:47:43.3744326Z LTS
2026-10-02T10:47:43.3744696Z ##[endgroup]
2026-10-02T10:47:43.3745062Z ##[group]Runner Image
2026-10-02T10:47:43.3745473Z Image: ubuntu-24.04
2026-10-02T10:47:43.3745858Z Version: 20260927.320.1
2026-10-02T10:47:43.3746754Z Included Software: https://github.com/actions/runner-images/blob/ubuntu24/20260927.320/images/ubuntu/Ubuntu2404-Readme.md
2026-10-02T10:47:43.3747879Z Image Release: https://github.com/actions/runner-images/releases/tag/ubuntu24%2F20260927.320
2026-10-02T10:47:43.3748562Z ##[endgroup]
2026-10-02T10:47:43.3749393Z ##[group]GITHUB_TOKEN Permissions
2026-10-02T10:47:43.3751512Z Actions: read
2026-10-02T10:47:43.3751942Z Contents: read
2026-10-02T10:47:43.3752346Z Metadata: read
2026-10-02T10:47:43.3752768Z ##[endgroup]
2026-10-02T10:47:43.3754296Z Secret source: Actions
2026-10-02T10:47:43.3754934Z Cache mode: write
2026-10-02T10:47:43.3755396Z Prepare workflow directory
2026-10-02T10:47:43.4132697Z Prepare all required actions
2026-10-02T10:47:43.4169848Z Getting action download info
2026-10-02T10:47:43.6731130Z Download action repository 'actions/checkout@v4' (SHA:11d5960a326750d5838078e36cf38b85af677262)
2026-10-02T10:47:43.8120632Z Download action repository 'actions/setup-python@v5' (SHA:a26af69be951a213d495a4c3e4e4022e16d87065)
2026-10-02T10:47:44.1137332Z Download action repository 'actions/cache@v4' (SHA:0057852bfaa89a56745cba8c7296529d2fc39830)
2026-10-02T10:47:44.2441031Z Download action repository 'actions/download-artifact@v4' (SHA:d3f86a106a0bac45b974a628896c90dbdf5c8093)
2026-10-02T10:47:44.7573526Z Download action repository 'actions/upload-artifact@v4' (SHA:ea165f8d65b6e75b540449e92b4886f43607fa02)
2026-10-02T10:47:45.0261678Z Complete job name: development (6)
2026-10-02T10:47:45.0782680Z ##[group]Run actions/checkout@v4
2026-10-02T10:47:45.0783357Z with:
2026-10-02T10:47:45.0783814Z   repository: duuu-hub/bb-scanner
2026-10-02T10:47:45.0786208Z   token: ***
2026-10-02T10:47:45.0786656Z   ssh-strict: true
2026-10-02T10:47:45.0787105Z   ssh-user: git
2026-10-02T10:47:45.0787533Z   persist-credentials: true
2026-10-02T10:47:45.0788020Z   clean: true
2026-10-02T10:47:45.0788467Z   sparse-checkout-cone-mode: true
2026-10-02T10:47:45.0788953Z   fetch-depth: 1
2026-10-02T10:47:45.0789402Z   fetch-tags: false
2026-10-02T10:47:45.0790161Z   show-progress: true
2026-10-02T10:47:45.0790608Z   lfs: false
2026-10-02T10:47:45.0791059Z   submodules: false
2026-10-02T10:47:45.0791560Z   set-safe-directory: true
2026-10-02T10:47:45.0792097Z   allow-unsafe-pr-checkout: false
2026-10-02T10:47:45.0792747Z env:
2026-10-02T10:47:45.0794892Z   GH_TOKEN: ***
2026-10-02T10:47:45.0795327Z ##[endgroup]
2026-10-02T10:47:45.1646546Z Syncing repository: duuu-hub/bb-scanner
2026-10-02T10:47:45.1648840Z ##[group]Getting Git version info
2026-10-02T10:47:45.1650147Z Working directory is '/home/runner/work/bb-scanner/bb-scanner'
2026-10-02T10:47:45.1651282Z [command]/usr/bin/git version
2026-10-02T10:47:45.2382043Z git version 2.55.0
2026-10-02T10:47:45.2398669Z ##[endgroup]
2026-10-02T10:47:45.2411878Z Temporarily overriding HOME='/home/runner/work/_temp/96feaa35-d2ee-44ae-9afa-25adc70b05d7' before making global git config changes
2026-10-02T10:47:45.2413613Z Adding repository directory to the temporary git global config as a safe directory
2026-10-02T10:47:45.2416867Z [command]/usr/bin/git config --global --add safe.directory /home/runner/work/bb-scanner/bb-scanner
2026-10-02T10:47:45.2534360Z Deleting the contents of '/home/runner/work/bb-scanner/bb-scanner'
2026-10-02T10:47:45.2540385Z ##[group]Initializing the repository
2026-10-02T10:47:45.2544231Z [command]/usr/bin/git init /home/runner/work/bb-scanner/bb-scanner
2026-10-02T10:47:45.2720747Z hint: Using 'master' as the name for the initial branch. This default branch name
2026-10-02T10:47:45.2721976Z hint: will change to "main" in Git 3.0. To configure the initial branch name
2026-10-02T10:47:45.2723026Z hint: to use in all of your new repositories, which will suppress this warning,
2026-10-02T10:47:45.2724446Z hint: call:
2026-10-02T10:47:45.2725098Z hint:
2026-10-02T10:47:45.2725812Z hint: 	git config --global init.defaultBranch <name>
2026-10-02T10:47:45.2726584Z hint:
2026-10-02T10:47:45.2727322Z hint: Names commonly chosen instead of 'master' are 'main', 'trunk' and
2026-10-02T10:47:45.2728357Z hint: 'development'. The just-created branch can be renamed via this command:
2026-10-02T10:47:45.2729313Z hint:
2026-10-02T10:47:45.2730192Z hint: 	git branch -m <name>
2026-10-02T10:47:45.2730883Z hint:
2026-10-02T10:47:45.2731691Z hint: Disable this message with "git config set advice.defaultBranchName false"
2026-10-02T10:47:45.2732780Z Initialized empty Git repository in /home/runner/work/bb-scanner/bb-scanner/.git/
2026-10-02T10:47:45.2734756Z [command]/usr/bin/git remote add origin https://github.com/duuu-hub/bb-scanner
2026-10-02T10:47:45.2773077Z ##[endgroup]
2026-10-02T10:47:45.2774208Z ##[group]Disabling automatic garbage collection
2026-10-02T10:47:45.2775841Z [command]/usr/bin/git config --local gc.auto 0
2026-10-02T10:47:45.2801050Z ##[endgroup]
2026-10-02T10:47:45.2802207Z ##[group]Setting up auth
2026-10-02T10:47:45.2806492Z [command]/usr/bin/git config --local --name-only --get-regexp core\.sshCommand
2026-10-02T10:47:45.2829425Z [command]/usr/bin/git submodule foreach --recursive sh -c "git config --local --name-only --get-regexp 'core\.sshCommand' && git config --local --unset-all 'core.sshCommand' || :"
2026-10-02T10:47:45.3231880Z [command]/usr/bin/git config --local --name-only --get-regexp http\.https\:\/\/github\.com\/\.extraheader
2026-10-02T10:47:45.3255385Z [command]/usr/bin/git submodule foreach --recursive sh -c "git config --local --name-only --get-regexp 'http\.https\:\/\/github\.com\/\.extraheader' && git config --local --unset-all 'http.https://github.com/.extraheader' || :"
2026-10-02T10:47:45.3404375Z [command]/usr/bin/git config --local --name-only --get-regexp ^includeIf\.gitdir:
2026-10-02T10:47:45.3430390Z [command]/usr/bin/git submodule foreach --recursive git config --local --show-origin --name-only --get-regexp remote.origin.url
2026-10-02T10:47:45.3580378Z [command]/usr/bin/git config --local http.https://github.com/.extraheader AUTHORIZATION: basic ***
2026-10-02T10:47:45.3612206Z ##[endgroup]
2026-10-02T10:47:45.3613509Z ##[group]Fetching the repository
2026-10-02T10:47:45.3619475Z [command]/usr/bin/git -c protocol.version=2 fetch --no-tags --prune --no-recurse-submodules --depth=1 origin +a69d51067a21a8cc8dcb144fe671c8576cf381d3:refs/remotes/origin/research-market-breadth-recovery-v14
2026-10-02T10:47:46.9933948Z From https://github.com/duuu-hub/bb-scanner
2026-10-02T10:47:46.9935348Z  * [new ref]         a69d51067a21a8cc8dcb144fe671c8576cf381d3 -> origin/research-market-breadth-recovery-v14
2026-10-02T10:47:46.9941028Z ##[endgroup]
2026-10-02T10:47:46.9941644Z ##[group]Determining the checkout info
2026-10-02T10:47:46.9942157Z ##[endgroup]
2026-10-02T10:47:46.9945513Z [command]/usr/bin/git sparse-checkout disable
2026-10-02T10:47:46.9993950Z [command]/usr/bin/git config --local --unset-all extensions.worktreeConfig
2026-10-02T10:47:47.1045905Z ##[group]Checking out the ref
2026-10-02T10:47:47.1057173Z [command]/usr/bin/git checkout --progress --force -B research-market-breadth-recovery-v14 refs/remotes/origin/research-market-breadth-recovery-v14
2026-10-02T10:47:47.3298769Z Switched to a new branch 'research-market-breadth-recovery-v14'
2026-10-02T10:47:47.3300028Z branch 'research-market-breadth-recovery-v14' set up to track 'origin/research-market-breadth-recovery-v14'.
2026-10-02T10:47:47.3309216Z ##[endgroup]
2026-10-02T10:47:47.3397076Z [command]/usr/bin/git log -1 --format=%H
2026-10-02T10:47:47.3417099Z a69d51067a21a8cc8dcb144fe671c8576cf381d3
2026-10-02T10:47:47.3619203Z ##[group]Run actions/setup-python@v5
2026-10-02T10:47:47.3619860Z with:
2026-10-02T10:47:47.3620168Z   python-version: 3.12
2026-10-02T10:47:47.3620400Z   check-latest: false
2026-10-02T10:47:47.3622144Z   token: ***
2026-10-02T10:47:47.3622409Z   update-environment: true
2026-10-02T10:47:47.3622650Z   allow-prereleases: false
2026-10-02T10:47:47.3622939Z   freethreaded: false
2026-10-02T10:47:47.3623152Z env:
2026-10-02T10:47:47.3624803Z   GH_TOKEN: ***
2026-10-02T10:47:47.3625036Z ##[endgroup]
2026-10-02T10:47:47.4620087Z ##[group]Installed versions
2026-10-02T10:47:47.6489815Z (node:2084) [DEP0040] DeprecationWarning: The `punycode` module is deprecated. Please use a userland alternative instead.
2026-10-02T10:47:47.6490528Z (Use `node --trace-deprecation ...` to show where the warning was created)
2026-10-02T10:47:47.6490998Z Successfully set up CPython (3.12.14)
2026-10-02T10:47:47.6491723Z ##[endgroup]
2026-10-02T10:47:47.6616910Z ##[group]Run set -euo pipefail
2026-10-02T10:47:47.6617310Z [36;1mset -euo pipefail[0m
2026-10-02T10:47:47.6617605Z [36;1mpip install pandas==2.3.3 numpy==2.3.3[0m
2026-10-02T10:47:47.8972491Z shell: /usr/bin/bash --noprofile --norc -e -o pipefail {0}
2026-10-02T10:47:47.8973141Z env:
2026-10-02T10:47:47.8975212Z   GH_TOKEN: ***
2026-10-02T10:47:47.8975553Z   pythonLocation: /opt/hostedtoolcache/Python/3.12.14/x64
2026-10-02T10:47:47.8975945Z   PKG_CONFIG_PATH: /opt/hostedtoolcache/Python/3.12.14/x64/lib/pkgconfig
2026-10-02T10:47:47.8976306Z   Python_ROOT_DIR: /opt/hostedtoolcache/Python/3.12.14/x64
2026-10-02T10:47:47.8976682Z   Python2_ROOT_DIR: /opt/hostedtoolcache/Python/3.12.14/x64
2026-10-02T10:47:47.8977061Z   Python3_ROOT_DIR: /opt/hostedtoolcache/Python/3.12.14/x64
2026-10-02T10:47:47.8977467Z   LD_LIBRARY_PATH: /opt/hostedtoolcache/Python/3.12.14/x64/lib
2026-10-02T10:47:47.8977779Z ##[endgroup]
2026-10-02T10:47:52.4456455Z Collecting pandas==2.3.3
2026-10-02T10:47:52.5217543Z   Downloading pandas-2.3.3-cp312-cp312-manylinux_2_24_x86_64.manylinux_2_28_x86_64.whl.metadata (91 kB)
2026-10-02T10:47:52.7115917Z Collecting numpy==2.3.3
2026-10-02T10:47:52.7280038Z   Downloading numpy-2.3.3-cp312-cp312-manylinux_2_27_x86_64.manylinux_2_28_x86_64.whl.metadata (62 kB)
2026-10-02T10:47:52.9181793Z Collecting python-dateutil>=2.8.2 (from pandas==2.3.3)
2026-10-02T10:47:52.9335798Z   Downloading python_dateutil-2.9.0.post0-py2.py3-none-any.whl.metadata (8.4 kB)
2026-10-02T10:47:53.2018562Z Collecting pytz>=2020.1 (from pandas==2.3.3)
2026-10-02T10:47:53.2174571Z   Downloading pytz-2026.4-py2.py3-none-any.whl.metadata (22 kB)
2026-10-02T10:47:53.2414635Z Collecting tzdata>=2022.7 (from pandas==2.3.3)
2026-10-02T10:47:53.2563524Z   Downloading tzdata-2026.4-py2.py3-none-any.whl.metadata (1.4 kB)
2026-10-02T10:47:53.5450290Z Collecting six>=1.5 (from python-dateutil>=2.8.2->pandas==2.3.3)
2026-10-02T10:47:53.5604701Z   Downloading six-1.17.0-py2.py3-none-any.whl.metadata (1.7 kB)
2026-10-02T10:47:53.6328528Z Downloading pandas-2.3.3-cp312-cp312-manylinux_2_24_x86_64.manylinux_2_28_x86_64.whl (12.4 MB)
2026-10-02T10:47:53.8718258Z    ━━━━━━━━━━━━━━━━━━━━━━━━━━━━━━━━━━━━━━━━ 12.4/12.4 MB 58.0 MB/s  0:00:00
2026-10-02T10:47:53.8877466Z Downloading numpy-2.3.3-cp312-cp312-manylinux_2_27_x86_64.manylinux_2_28_x86_64.whl (16.6 MB)
2026-10-02T10:47:54.0202977Z    ━━━━━━━━━━━━━━━━━━━━━━━━━━━━━━━━━━━━━━━━ 16.6/16.6 MB 125.6 MB/s  0:00:00
2026-10-02T10:47:54.0398603Z Downloading python_dateutil-2.9.0.post0-py2.py3-none-any.whl (229 kB)
2026-10-02T10:47:54.0576096Z Downloading pytz-2026.4-py2.py3-none-any.whl (506 kB)
2026-10-02T10:47:54.1403310Z Downloading six-1.17.0-py2.py3-none-any.whl (11 kB)
2026-10-02T10:47:54.2788865Z Downloading tzdata-2026.4-py2.py3-none-any.whl (347 kB)
2026-10-02T10:47:54.5404659Z Installing collected packages: pytz, tzdata, six, numpy, python-dateutil, pandas
2026-10-02T10:47:59.0932581Z 
2026-10-02T10:47:59.0942858Z Successfully installed numpy-2.3.3 pandas-2.3.3 python-dateutil-2.9.0.post0 pytz-2026.4 six-1.17.0 tzdata-2026.4
2026-10-02T10:47:59.1626043Z ##[group]Run actions/cache@v4
2026-10-02T10:47:59.1626306Z with:
2026-10-02T10:47:59.1626549Z   path: data
2026-10-02T10:47:59.1626783Z   key: frozen-source-36095439671-15m-shard-6
2026-10-02T10:47:59.1627073Z   enableCrossOsArchive: false
2026-10-02T10:47:59.1627318Z   fail-on-cache-miss: false
2026-10-02T10:47:59.1627591Z   lookup-only: false
2026-10-02T10:47:59.1627832Z   save-always: false
2026-10-02T10:47:59.1628044Z env:
2026-10-02T10:47:59.1630119Z   GH_TOKEN: ***
2026-10-02T10:47:59.1630396Z   pythonLocation: /opt/hostedtoolcache/Python/3.12.14/x64
2026-10-02T10:47:59.1630794Z   PKG_CONFIG_PATH: /opt/hostedtoolcache/Python/3.12.14/x64/lib/pkgconfig
2026-10-02T10:47:59.1631181Z   Python_ROOT_DIR: /opt/hostedtoolcache/Python/3.12.14/x64
2026-10-02T10:47:59.1631526Z   Python2_ROOT_DIR: /opt/hostedtoolcache/Python/3.12.14/x64
2026-10-02T10:47:59.1631869Z   Python3_ROOT_DIR: /opt/hostedtoolcache/Python/3.12.14/x64
2026-10-02T10:47:59.1632340Z   LD_LIBRARY_PATH: /opt/hostedtoolcache/Python/3.12.14/x64/lib
2026-10-02T10:47:59.1632653Z ##[endgroup]
2026-10-02T10:47:59.2389669Z (node:2120) [DEP0040] DeprecationWarning: The `punycode` module is deprecated. Please use a userland alternative instead.
2026-10-02T10:47:59.2390245Z (Use `node --trace-deprecation ...` to show where the warning was created)
2026-10-02T10:47:59.3711082Z Cache hit for: frozen-source-36095439671-15m-shard-6
2026-10-02T10:47:59.3783551Z (node:2120) [DEP0169] DeprecationWarning: `url.parse()` behavior is not standardized and prone to errors that have security implications. Use the WHATWG URL API instead. CVEs are not issued for `url.parse()` vulnerabilities.
2026-10-02T10:48:00.5106997Z Received 117440512 of 210129273 (55.9%), 111.9 MBs/sec
2026-10-02T10:48:00.9922890Z Received 210129273 of 210129273 (100.0%), 135.1 MBs/sec
2026-10-02T10:48:00.9924009Z Cache Size: ~200 MB (210129273 B)
2026-10-02T10:48:00.9983351Z [command]/usr/bin/tar -xf /home/runner/work/_temp/96c25dbd-fa89-49fd-8097-c9d137e1b2c7/cache.tzst -P -C /home/runner/work/bb-scanner/bb-scanner --use-compress-program unzstd
2026-10-02T10:48:01.1648261Z Cache restored successfully
2026-10-02T10:48:01.1773952Z Cache restored from key: frozen-source-36095439671-15m-shard-6
2026-10-02T10:48:01.1872249Z ##[group]Run set -euo pipefail
2026-10-02T10:48:01.1872618Z [36;1mset -euo pipefail[0m
2026-10-02T10:48:01.1872872Z [36;1mif [ 'true' != 'true' ]; then[0m
2026-10-02T10:48:01.1873329Z [36;1m  gh run download 36095439671 -R duuu-hub/bb-scanner -n rank5-binance-um-15m-5y-data-shard-6 -D data[0m
2026-10-02T10:48:01.1873738Z [36;1mfi[0m
2026-10-02T10:48:01.1874106Z [36;1mgh run download 36858492497 -R duuu-hub/bb-scanner -n day-edge-v2-btc -D btc[0m
2026-10-02T10:48:01.1874713Z [36;1mgh run download 36095439671 -R duuu-hub/bb-scanner -n rank5-binance-um-15m-5y-manifest-shard-6 -D source-manifest[0m
2026-10-02T10:48:01.1875574Z [36;1mpython scripts/research_evidence_archive.py verify-source --data data --manifests source-manifest --baseline research/market-breadth-recovery-v14/FROZEN_INPUT_HASHES.json --out dev-6/source_check.json[0m
2026-10-02T10:48:01.1910080Z shell: /usr/bin/bash --noprofile --norc -e -o pipefail {0}
2026-10-02T10:48:01.1910455Z env:
2026-10-02T10:48:01.1912463Z   GH_TOKEN: ***
2026-10-02T10:48:01.1912758Z   pythonLocation: /opt/hostedtoolcache/Python/3.12.14/x64
2026-10-02T10:48:01.1913444Z   PKG_CONFIG_PATH: /opt/hostedtoolcache/Python/3.12.14/x64/lib/pkgconfig
2026-10-02T10:48:01.1913834Z   Python_ROOT_DIR: /opt/hostedtoolcache/Python/3.12.14/x64
2026-10-02T10:48:01.1914220Z   Python2_ROOT_DIR: /opt/hostedtoolcache/Python/3.12.14/x64
2026-10-02T10:48:01.1914547Z   Python3_ROOT_DIR: /opt/hostedtoolcache/Python/3.12.14/x64
2026-10-02T10:48:01.1914919Z   LD_LIBRARY_PATH: /opt/hostedtoolcache/Python/3.12.14/x64/lib
2026-10-02T10:48:01.1915378Z ##[endgroup]
2026-10-02T10:48:08.6381325Z FROZEN_SOURCE_VERIFIED 107 files 28 prior SHA256 matches
2026-10-02T10:48:08.6877601Z ##[group]Run actions/download-artifact@v4
2026-10-02T10:48:08.6877949Z with:
2026-10-02T10:48:08.6878232Z   name: market-breadth-recovery-v14-breadth-development
2026-10-02T10:48:08.6878600Z   path: frozen-breadth
2026-10-02T10:48:08.6878852Z   merge-multiple: false
2026-10-02T10:48:08.6879097Z   repository: duuu-hub/bb-scanner
2026-10-02T10:48:08.6879401Z   run-id: 36997190420
2026-10-02T10:48:08.6879995Z env:
2026-10-02T10:48:08.6882109Z   GH_TOKEN: ***
2026-10-02T10:48:08.6882401Z   pythonLocation: /opt/hostedtoolcache/Python/3.12.14/x64
2026-10-02T10:48:08.6882832Z   PKG_CONFIG_PATH: /opt/hostedtoolcache/Python/3.12.14/x64/lib/pkgconfig
2026-10-02T10:48:08.6883248Z   Python_ROOT_DIR: /opt/hostedtoolcache/Python/3.12.14/x64
2026-10-02T10:48:08.6883618Z   Python2_ROOT_DIR: /opt/hostedtoolcache/Python/3.12.14/x64
2026-10-02T10:48:08.6884041Z   Python3_ROOT_DIR: /opt/hostedtoolcache/Python/3.12.14/x64
2026-10-02T10:48:08.6884475Z   LD_LIBRARY_PATH: /opt/hostedtoolcache/Python/3.12.14/x64/lib
2026-10-02T10:48:08.6884837Z ##[endgroup]
2026-10-02T10:48:08.7973430Z Downloading single artifact
2026-10-02T10:48:08.8078866Z (node:2154) [DEP0040] DeprecationWarning: The `punycode` module is deprecated. Please use a userland alternative instead.
2026-10-02T10:48:08.8079438Z (Use `node --trace-deprecation ...` to show where the warning was created)
2026-10-02T10:48:08.9597631Z Preparing to download the following artifacts:
2026-10-02T10:48:08.9598973Z - market-breadth-recovery-v14-breadth-development (ID: 11221858946, Size: 584090, Expected Digest: sha256:4142c68429a43cb683dbbeb3edd7c72f211cb25887a0c7f1b1cb97e1efd742ea)
2026-10-02T10:48:09.1308283Z Redirecting to blob download url: https://productionresultssa16.blob.core.windows.net/actions-results/ff4c6648-65c7-8aca-8b29-2c577b9c0d10/workflow-job-run-5aa28ca6-5f8e-5b42-93c6-c9dd79870258/artifacts/0ef112ac9252012addd398fb1ca16b8a182ad28514357794d0817410d1b1b9b0.zip
2026-10-02T10:48:09.1310204Z Starting download of artifact to: /home/runner/work/bb-scanner/bb-scanner/frozen-breadth
2026-10-02T10:48:09.2944313Z (node:2154) [DEP0005] DeprecationWarning: Buffer() is deprecated due to security and usability issues. Please use the Buffer.alloc(), Buffer.allocUnsafe(), or Buffer.from() methods instead.
2026-10-02T10:48:09.4796716Z SHA256 digest of downloaded artifact is 4142c68429a43cb683dbbeb3edd7c72f211cb25887a0c7f1b1cb97e1efd742ea
2026-10-02T10:48:09.4797522Z Artifact download completed successfully.
2026-10-02T10:48:09.4797810Z Total of 1 artifact(s) downloaded
2026-10-02T10:48:09.4801312Z Download artifact has finished successfully
2026-10-02T10:48:09.4920222Z ##[group]Run actions/cache@v4
2026-10-02T10:48:09.4920539Z with:
2026-10-02T10:48:09.4920841Z   path: cache/verified-1m
2026-10-02T10:48:09.4921155Z   key: market-breadth-recovery-v14-dev-1m-shard-6
2026-10-02T10:48:09.4921597Z   restore-keys: premium-absorption-v8-dev-1m-shard-6
factor-lag-v6-dev-1m-shard-6
2026-10-02T10:48:09.4922050Z   enableCrossOsArchive: false
2026-10-02T10:48:09.4922336Z   fail-on-cache-miss: false
2026-10-02T10:48:09.4922639Z   lookup-only: false
2026-10-02T10:48:09.4922879Z   save-always: false
2026-10-02T10:48:09.4923140Z env:
2026-10-02T10:48:09.4925286Z   GH_TOKEN: ***
2026-10-02T10:48:09.4925595Z   pythonLocation: /opt/hostedtoolcache/Python/3.12.14/x64
2026-10-02T10:48:09.4926020Z   PKG_CONFIG_PATH: /opt/hostedtoolcache/Python/3.12.14/x64/lib/pkgconfig
2026-10-02T10:48:09.4926448Z   Python_ROOT_DIR: /opt/hostedtoolcache/Python/3.12.14/x64
2026-10-02T10:48:09.4926834Z   Python2_ROOT_DIR: /opt/hostedtoolcache/Python/3.12.14/x64
2026-10-02T10:48:09.4927300Z   Python3_ROOT_DIR: /opt/hostedtoolcache/Python/3.12.14/x64
2026-10-02T10:48:09.4927708Z   LD_LIBRARY_PATH: /opt/hostedtoolcache/Python/3.12.14/x64/lib
2026-10-02T10:48:09.4928029Z ##[endgroup]
2026-10-02T10:48:09.5746145Z (node:2166) [DEP0040] DeprecationWarning: The `punycode` module is deprecated. Please use a userland alternative instead.
2026-10-02T10:48:09.5747302Z (Use `node --trace-deprecation ...` to show where the warning was created)
2026-10-02T10:48:09.7272123Z Cache not found for input keys: market-breadth-recovery-v14-dev-1m-shard-6, premium-absorption-v8-dev-1m-shard-6, factor-lag-v6-dev-1m-shard-6
2026-10-02T10:48:09.7344465Z ##[group]Run set -euo pipefail
2026-10-02T10:48:09.7344830Z [36;1mset -euo pipefail[0m
2026-10-02T10:48:09.7345642Z [36;1mpython scripts/market_breadth_recovery_v14.py scan --stage DEV --data data --btc btc/BTCUSDT.csv.gz --breadth-dir frozen-breadth --source-check dev-6/source_check.json --out dev-6 --minute-cache cache/verified-1m[0m
2026-10-02T10:48:09.7380247Z shell: /usr/bin/bash --noprofile --norc -e -o pipefail {0}
2026-10-02T10:48:09.7380682Z env:
2026-10-02T10:48:09.7382563Z   GH_TOKEN: ***
2026-10-02T10:48:09.7382919Z   pythonLocation: /opt/hostedtoolcache/Python/3.12.14/x64
2026-10-02T10:48:09.7383320Z   PKG_CONFIG_PATH: /opt/hostedtoolcache/Python/3.12.14/x64/lib/pkgconfig
2026-10-02T10:48:09.7383745Z   Python_ROOT_DIR: /opt/hostedtoolcache/Python/3.12.14/x64
2026-10-02T10:48:09.7384109Z   Python2_ROOT_DIR: /opt/hostedtoolcache/Python/3.12.14/x64
2026-10-02T10:48:09.7384451Z   Python3_ROOT_DIR: /opt/hostedtoolcache/Python/3.12.14/x64
2026-10-02T10:48:09.7384940Z   LD_LIBRARY_PATH: /opt/hostedtoolcache/Python/3.12.14/x64/lib
2026-10-02T10:48:09.7385230Z ##[endgroup]
2026-10-02T10:48:10.5621853Z Traceback (most recent call last):
2026-10-02T10:48:10.5628767Z   File "/home/runner/work/bb-scanner/bb-scanner/scripts/market_breadth_recovery_v14.py", line 337, in <module>
2026-10-02T10:48:10.5630162Z     if __name__=='__main__':main()
2026-10-02T10:48:10.5630496Z                             ^^^^^^
2026-10-02T10:48:10.5631032Z   File "/home/runner/work/bb-scanner/bb-scanner/scripts/market_breadth_recovery_v14.py", line 333, in main
2026-10-02T10:48:10.5631666Z     if a.command=='scan':scan(a.data,a.btc,a.out,a.minute_cache,a.stage,a.source_check,a.selection,breadth_dir=a.breadth_dir)
2026-10-02T10:48:10.5632187Z                          ^^^^^^^^^^^^^^^^^^^^^^^^^^^^^^^^^^^^^^^^^^^^^^^^^^^^^^^^^^^^^^^^^^^^^^^^^^^^^^^^^^^^^^^^^^^^^^^^^^^^
2026-10-02T10:48:10.5632716Z   File "/home/runner/work/bb-scanner/bb-scanner/scripts/market_breadth_recovery_v14.py", line 181, in scan
2026-10-02T10:48:10.5633312Z     shutil.copyfile(source_check,out/'source_check.json');shutil.copyfile(context_path,out/'frozen_context.json')
2026-10-02T10:48:10.5633764Z     ^^^^^^^^^^^^^^^^^^^^^^^^^^^^^^^^^^^^^^^^^^^^^^^^^^^^^
2026-10-02T10:48:10.5634211Z   File "/opt/hostedtoolcache/Python/3.12.14/x64/lib/python3.12/shutil.py", line 240, in copyfile
2026-10-02T10:48:10.5634691Z     raise SameFileError("{!r} and {!r} are the same file".format(src, dst))
2026-10-02T10:48:10.5635247Z shutil.SameFileError: PosixPath('dev-6/source_check.json') and PosixPath('dev-6/source_check.json') are the same file
2026-10-02T10:48:10.6141359Z ##[error]Process completed with exit code 1.
2026-10-02T10:48:10.6207956Z ##[group]Run actions/upload-artifact@v4
2026-10-02T10:48:10.6208262Z with:
2026-10-02T10:48:10.6208547Z   name: market-breadth-recovery-v14-dev-6
2026-10-02T10:48:10.6208865Z   path: dev-6/
2026-10-02T10:48:10.6209160Z   retention-days: 30
2026-10-02T10:48:10.6209397Z   compression-level: 0
2026-10-02T10:48:10.6209993Z   if-no-files-found: warn
2026-10-02T10:48:10.6210289Z   overwrite: false
2026-10-02T10:48:10.6210557Z   include-hidden-files: false
2026-10-02T10:48:10.6210837Z env:
2026-10-02T10:48:10.6212785Z   GH_TOKEN: ***
2026-10-02T10:48:10.6213178Z   pythonLocation: /opt/hostedtoolcache/Python/3.12.14/x64
2026-10-02T10:48:10.6213567Z   PKG_CONFIG_PATH: /opt/hostedtoolcache/Python/3.12.14/x64/lib/pkgconfig
2026-10-02T10:48:10.6213992Z   Python_ROOT_DIR: /opt/hostedtoolcache/Python/3.12.14/x64
2026-10-02T10:48:10.6214416Z   Python2_ROOT_DIR: /opt/hostedtoolcache/Python/3.12.14/x64
2026-10-02T10:48:10.6214795Z   Python3_ROOT_DIR: /opt/hostedtoolcache/Python/3.12.14/x64
2026-10-02T10:48:10.6215388Z   LD_LIBRARY_PATH: /opt/hostedtoolcache/Python/3.12.14/x64/lib
2026-10-02T10:48:10.6215772Z ##[endgroup]
2026-10-02T10:48:10.7456263Z (node:2184) [DEP0040] DeprecationWarning: The `punycode` module is deprecated. Please use a userland alternative instead.
2026-10-02T10:48:10.7457052Z (Use `node --trace-deprecation ...` to show where the warning was created)
2026-10-02T10:48:10.7511175Z With the provided path, there will be 1 file uploaded
2026-10-02T10:48:10.7512407Z Artifact name is valid!
2026-10-02T10:48:10.7512999Z Root directory input is valid!
2026-10-02T10:48:11.0161428Z Beginning upload of artifact content to blob storage
2026-10-02T10:48:11.0303371Z (node:2184) [DEP0169] DeprecationWarning: `url.parse()` behavior is not standardized and prone to errors that have security implications. Use the WHATWG URL API instead. CVEs are not issued for `url.parse()` vulnerabilities.
2026-10-02T10:48:11.2190383Z Uploaded bytes 48638
2026-10-02T10:48:11.2569678Z Finished uploading artifact content to blob storage!
2026-10-02T10:48:11.2570602Z SHA256 digest of uploaded artifact zip is 48171c88cc22e48b9b1a3ce74c3474c5ac57d3f73445130c4d52920445698e7d
2026-10-02T10:48:11.2571322Z Finalizing artifact upload
2026-10-02T10:48:11.4883848Z Artifact market-breadth-recovery-v14-dev-6.zip successfully finalized. Artifact ID 11222546298
2026-10-02T10:48:11.4884719Z Artifact market-breadth-recovery-v14-dev-6 has been successfully uploaded! Final size is 48638 bytes. Artifact ID is 11222546298
2026-10-02T10:48:11.4892614Z Artifact download URL: https://github.com/duuu-hub/bb-scanner/actions/runs/36997190420/artifacts/11222546298
2026-10-02T10:48:11.5044354Z Post job cleanup.
2026-10-02T10:48:11.5680314Z [command]/usr/bin/git version
2026-10-02T10:48:11.5710748Z git version 2.55.0
2026-10-02T10:48:11.5735153Z Temporarily overriding HOME='/home/runner/work/_temp/0c2dc60f-5b13-4c15-8a66-69e5882773c6' before making global git config changes
2026-10-02T10:48:11.5736169Z Adding repository directory to the temporary git global config as a safe directory
2026-10-02T10:48:11.5739253Z [command]/usr/bin/git config --global --add safe.directory /home/runner/work/bb-scanner/bb-scanner
2026-10-02T10:48:11.5767740Z [command]/usr/bin/git config --local --name-only --get-regexp core\.sshCommand
2026-10-02T10:48:11.5793335Z [command]/usr/bin/git submodule foreach --recursive sh -c "git config --local --name-only --get-regexp 'core\.sshCommand' && git config --local --unset-all 'core.sshCommand' || :"
2026-10-02T10:48:11.5954365Z [command]/usr/bin/git config --local --name-only --get-regexp http\.https\:\/\/github\.com\/\.extraheader
2026-10-02T10:48:11.5980386Z http.https://github.com/.extraheader
2026-10-02T10:48:11.5983292Z [command]/usr/bin/git config --local --unset-all http.https://github.com/.extraheader
2026-10-02T10:48:11.6003698Z [command]/usr/bin/git submodule foreach --recursive sh -c "git config --local --name-only --get-regexp 'http\.https\:\/\/github\.com\/\.extraheader' && git config --local --unset-all 'http.https://github.com/.extraheader' || :"
2026-10-02T10:48:11.6177624Z [command]/usr/bin/git config --local --name-only --get-regexp ^includeIf\.gitdir:
2026-10-02T10:48:11.6205384Z [command]/usr/bin/git submodule foreach --recursive git config --local --show-origin --name-only --get-regexp remote.origin.url
2026-10-02T10:48:11.6495260Z Cleaning up orphan processes
2026-10-02T10:48:11.6674303Z ##[warning]Node.js 20 is deprecated. The following actions target Node.js 20 but are being forced to run on Node.js 24: actions/cache@v4, actions/checkout@v4, actions/download-artifact@v4, actions/setup-python@v5, actions/upload-artifact@v4. For more information see: https://github.blog/changelog/2025-09-19-deprecation-of-node-20-on-github-actions-runners/
