2026-10-01T17:09:24.3277569Z Current runner version: '2.337.0'
2026-10-01T17:09:24.3298957Z ##[group]Runner Image Provisioner
2026-10-01T17:09:24.3300050Z Hosted Compute Agent
2026-10-01T17:09:24.3300672Z Version: 20260901.588
2026-10-01T17:09:24.3301493Z Commit: f88ec8081b781fac6c440065ac7ff9e710ce3d0b
2026-10-01T17:09:24.3302312Z Build Date: 2026-09-01T19:56:44Z
2026-10-01T17:09:24.3303119Z Worker ID: {39a0add5-9543-4a96-a56d-553ff6f00b4a}
2026-10-01T17:09:24.3303760Z Azure Region: westus3
2026-10-01T17:09:24.3304244Z ##[endgroup]
2026-10-01T17:09:24.3306024Z ##[group]Operating System
2026-10-01T17:09:24.3306571Z Ubuntu
2026-10-01T17:09:24.3307010Z 24.04.5
2026-10-01T17:09:24.3307491Z LTS
2026-10-01T17:09:24.3307920Z ##[endgroup]
2026-10-01T17:09:24.3308393Z ##[group]Runner Image
2026-10-01T17:09:24.3308892Z Image: ubuntu-24.04
2026-10-01T17:09:24.3309359Z Version: 20260927.320.1
2026-10-01T17:09:24.3310439Z Included Software: https://github.com/actions/runner-images/blob/ubuntu24/20260927.320/images/ubuntu/Ubuntu2404-Readme.md
2026-10-01T17:09:24.3311787Z Image Release: https://github.com/actions/runner-images/releases/tag/ubuntu24%2F20260927.320
2026-10-01T17:09:24.3312599Z ##[endgroup]
2026-10-01T17:09:24.3313605Z ##[group]GITHUB_TOKEN Permissions
2026-10-01T17:09:24.3316075Z Actions: read
2026-10-01T17:09:24.3316598Z Contents: read
2026-10-01T17:09:24.3317094Z Metadata: read
2026-10-01T17:09:24.3317551Z ##[endgroup]
2026-10-01T17:09:24.3319656Z Secret source: Actions
2026-10-01T17:09:24.3320446Z Cache mode: write
2026-10-01T17:09:24.3321029Z Prepare workflow directory
2026-10-01T17:09:24.3722046Z Prepare all required actions
2026-10-01T17:09:24.3775222Z Getting action download info
2026-10-01T17:09:24.7228088Z Download action repository 'actions/checkout@v4' (SHA:11d5960a326750d5838078e36cf38b85af677262)
2026-10-01T17:09:25.1593092Z Download action repository 'actions/setup-python@v5' (SHA:a26af69be951a213d495a4c3e4e4022e16d87065)
2026-10-01T17:09:25.4562012Z Download action repository 'actions/upload-artifact@v4' (SHA:ea165f8d65b6e75b540449e92b4886f43607fa02)
2026-10-01T17:09:25.6920717Z Complete job name: validate
2026-10-01T17:09:25.7555100Z ##[group]Run actions/checkout@v4
2026-10-01T17:09:25.7556234Z with:
2026-10-01T17:09:25.7556788Z   repository: duuu-hub/bb-scanner
2026-10-01T17:09:25.7560780Z   token: ***
2026-10-01T17:09:25.7561309Z   ssh-strict: true
2026-10-01T17:09:25.7561836Z   ssh-user: git
2026-10-01T17:09:25.7562394Z   persist-credentials: true
2026-10-01T17:09:25.7563000Z   clean: true
2026-10-01T17:09:25.7563525Z   sparse-checkout-cone-mode: true
2026-10-01T17:09:25.7564156Z   fetch-depth: 1
2026-10-01T17:09:25.7564676Z   fetch-tags: false
2026-10-01T17:09:25.7565438Z   show-progress: true
2026-10-01T17:09:25.7566004Z   lfs: false
2026-10-01T17:09:25.7566551Z   submodules: false
2026-10-01T17:09:25.7567125Z   set-safe-directory: true
2026-10-01T17:09:25.7567713Z   allow-unsafe-pr-checkout: false
2026-10-01T17:09:25.7568505Z ##[endgroup]
2026-10-01T17:09:25.8529203Z Syncing repository: duuu-hub/bb-scanner
2026-10-01T17:09:25.8532161Z ##[group]Getting Git version info
2026-10-01T17:09:25.8533546Z Working directory is '/home/runner/work/bb-scanner/bb-scanner'
2026-10-01T17:09:25.8535712Z [command]/usr/bin/git version
2026-10-01T17:09:25.8569382Z git version 2.55.0
2026-10-01T17:09:25.8588033Z ##[endgroup]
2026-10-01T17:09:25.8598877Z Temporarily overriding HOME='/home/runner/work/_temp/6333392f-201d-4a3f-88ee-4c6b5f1c723b' before making global git config changes
2026-10-01T17:09:25.8601205Z Adding repository directory to the temporary git global config as a safe directory
2026-10-01T17:09:25.8603013Z [command]/usr/bin/git config --global --add safe.directory /home/runner/work/bb-scanner/bb-scanner
2026-10-01T17:09:25.8655190Z Deleting the contents of '/home/runner/work/bb-scanner/bb-scanner'
2026-10-01T17:09:25.8662430Z ##[group]Initializing the repository
2026-10-01T17:09:25.8666177Z [command]/usr/bin/git init /home/runner/work/bb-scanner/bb-scanner
2026-10-01T17:09:25.8747903Z hint: Using 'master' as the name for the initial branch. This default branch name
2026-10-01T17:09:25.8750241Z hint: will change to "main" in Git 3.0. To configure the initial branch name
2026-10-01T17:09:25.8753986Z hint: to use in all of your new repositories, which will suppress this warning,
2026-10-01T17:09:25.8755906Z hint: call:
2026-10-01T17:09:25.8757643Z hint:
2026-10-01T17:09:25.8758777Z hint: 	git config --global init.defaultBranch <name>
2026-10-01T17:09:25.8759981Z hint:
2026-10-01T17:09:25.8785608Z hint: Names commonly chosen instead of 'master' are 'main', 'trunk' and
2026-10-01T17:09:25.8787017Z hint: 'development'. The just-created branch can be renamed via this command:
2026-10-01T17:09:25.8787911Z hint:
2026-10-01T17:09:25.8788422Z hint: 	git branch -m <name>
2026-10-01T17:09:25.8789035Z hint:
2026-10-01T17:09:25.8789766Z hint: Disable this message with "git config set advice.defaultBranchName false"
2026-10-01T17:09:25.8790896Z Initialized empty Git repository in /home/runner/work/bb-scanner/bb-scanner/.git/
2026-10-01T17:09:25.8793399Z [command]/usr/bin/git remote add origin https://github.com/duuu-hub/bb-scanner
2026-10-01T17:09:25.8817842Z ##[endgroup]
2026-10-01T17:09:25.8818936Z ##[group]Disabling automatic garbage collection
2026-10-01T17:09:25.8819924Z [command]/usr/bin/git config --local gc.auto 0
2026-10-01T17:09:25.8834652Z ##[endgroup]
2026-10-01T17:09:25.8836324Z ##[group]Setting up auth
2026-10-01T17:09:25.8837566Z [command]/usr/bin/git config --local --name-only --get-regexp core\.sshCommand
2026-10-01T17:09:25.8868657Z [command]/usr/bin/git submodule foreach --recursive sh -c "git config --local --name-only --get-regexp 'core\.sshCommand' && git config --local --unset-all 'core.sshCommand' || :"
2026-10-01T17:09:25.9170321Z [command]/usr/bin/git config --local --name-only --get-regexp http\.https\:\/\/github\.com\/\.extraheader
2026-10-01T17:09:25.9195260Z [command]/usr/bin/git submodule foreach --recursive sh -c "git config --local --name-only --get-regexp 'http\.https\:\/\/github\.com\/\.extraheader' && git config --local --unset-all 'http.https://github.com/.extraheader' || :"
2026-10-01T17:09:25.9389232Z [command]/usr/bin/git config --local --name-only --get-regexp ^includeIf\.gitdir:
2026-10-01T17:09:25.9421628Z [command]/usr/bin/git submodule foreach --recursive git config --local --show-origin --name-only --get-regexp remote.origin.url
2026-10-01T17:09:25.9600767Z [command]/usr/bin/git config --local http.https://github.com/.extraheader AUTHORIZATION: basic ***
2026-10-01T17:09:25.9631168Z ##[endgroup]
2026-10-01T17:09:25.9632278Z ##[group]Fetching the repository
2026-10-01T17:09:25.9639764Z [command]/usr/bin/git -c protocol.version=2 fetch --no-tags --prune --no-recurse-submodules --depth=1 origin +e4c78b629ae0a0ff6cc4e9712385248588c89b32:refs/remotes/origin/research-compression-expansion-v4
2026-10-01T17:09:27.6750902Z From https://github.com/duuu-hub/bb-scanner
2026-10-01T17:09:27.6751999Z  * [new ref]         e4c78b629ae0a0ff6cc4e9712385248588c89b32 -> origin/research-compression-expansion-v4
2026-10-01T17:09:27.6754721Z ##[endgroup]
2026-10-01T17:09:27.6756042Z ##[group]Determining the checkout info
2026-10-01T17:09:27.6757024Z ##[endgroup]
2026-10-01T17:09:27.6762806Z [command]/usr/bin/git sparse-checkout disable
2026-10-01T17:09:27.6808126Z [command]/usr/bin/git config --local --unset-all extensions.worktreeConfig
2026-10-01T17:09:27.6835243Z ##[group]Checking out the ref
2026-10-01T17:09:27.6838708Z [command]/usr/bin/git checkout --progress --force -B research-compression-expansion-v4 refs/remotes/origin/research-compression-expansion-v4
2026-10-01T17:09:27.9072994Z Switched to a new branch 'research-compression-expansion-v4'
2026-10-01T17:09:27.9074109Z branch 'research-compression-expansion-v4' set up to track 'origin/research-compression-expansion-v4'.
2026-10-01T17:09:27.9096701Z ##[endgroup]
2026-10-01T17:09:27.9119976Z [command]/usr/bin/git log -1 --format=%H
2026-10-01T17:09:27.9144915Z e4c78b629ae0a0ff6cc4e9712385248588c89b32
2026-10-01T17:09:27.9388147Z ##[group]Run actions/setup-python@v5
2026-10-01T17:09:27.9388730Z with:
2026-10-01T17:09:27.9389057Z   python-version: 3.12
2026-10-01T17:09:27.9389382Z   check-latest: false
2026-10-01T17:09:27.9392009Z   token: ***
2026-10-01T17:09:27.9392311Z   update-environment: true
2026-10-01T17:09:27.9392655Z   allow-prereleases: false
2026-10-01T17:09:27.9392993Z   freethreaded: false
2026-10-01T17:09:27.9393305Z ##[endgroup]
2026-10-01T17:09:28.0605519Z ##[group]Installed versions
2026-10-01T17:09:28.0681314Z (node:2078) [DEP0040] DeprecationWarning: The `punycode` module is deprecated. Please use a userland alternative instead.
2026-10-01T17:09:28.0682494Z (Use `node --trace-deprecation ...` to show where the warning was created)
2026-10-01T17:09:28.0700499Z Successfully set up CPython (3.12.14)
2026-10-01T17:09:28.0702084Z ##[endgroup]
2026-10-01T17:09:28.0841728Z ##[group]Run pip install pandas==2.3.3 numpy==2.3.3 numba==0.62.1
2026-10-01T17:09:28.0842415Z [36;1mpip install pandas==2.3.3 numpy==2.3.3 numba==0.62.1[0m
2026-10-01T17:09:28.1064203Z shell: /usr/bin/bash -e {0}
2026-10-01T17:09:28.1064594Z env:
2026-10-01T17:09:28.1065368Z   pythonLocation: /opt/hostedtoolcache/Python/3.12.14/x64
2026-10-01T17:09:28.1065889Z   PKG_CONFIG_PATH: /opt/hostedtoolcache/Python/3.12.14/x64/lib/pkgconfig
2026-10-01T17:09:28.1066387Z   Python_ROOT_DIR: /opt/hostedtoolcache/Python/3.12.14/x64
2026-10-01T17:09:28.1066859Z   Python2_ROOT_DIR: /opt/hostedtoolcache/Python/3.12.14/x64
2026-10-01T17:09:28.1067283Z   Python3_ROOT_DIR: /opt/hostedtoolcache/Python/3.12.14/x64
2026-10-01T17:09:28.1067718Z   LD_LIBRARY_PATH: /opt/hostedtoolcache/Python/3.12.14/x64/lib
2026-10-01T17:09:28.1068117Z ##[endgroup]
2026-10-01T17:09:29.5636102Z Collecting pandas==2.3.3
2026-10-01T17:09:29.6534714Z   Downloading pandas-2.3.3-cp312-cp312-manylinux_2_24_x86_64.manylinux_2_28_x86_64.whl.metadata (91 kB)
2026-10-01T17:09:29.8880134Z Collecting numpy==2.3.3
2026-10-01T17:09:29.8990692Z   Downloading numpy-2.3.3-cp312-cp312-manylinux_2_27_x86_64.manylinux_2_28_x86_64.whl.metadata (62 kB)
2026-10-01T17:09:30.0018659Z Collecting numba==0.62.1
2026-10-01T17:09:30.0126040Z   Downloading numba-0.62.1-cp312-cp312-manylinux2014_x86_64.manylinux_2_17_x86_64.whl.metadata (2.8 kB)
2026-10-01T17:09:30.0333734Z Collecting python-dateutil>=2.8.2 (from pandas==2.3.3)
2026-10-01T17:09:30.0436960Z   Downloading python_dateutil-2.9.0.post0-py2.py3-none-any.whl.metadata (8.4 kB)
2026-10-01T17:09:30.0810778Z Collecting pytz>=2020.1 (from pandas==2.3.3)
2026-10-01T17:09:30.0916190Z   Downloading pytz-2026.4-py2.py3-none-any.whl.metadata (22 kB)
2026-10-01T17:09:30.1117441Z Collecting tzdata>=2022.7 (from pandas==2.3.3)
2026-10-01T17:09:30.1220414Z   Downloading tzdata-2026.4-py2.py3-none-any.whl.metadata (1.4 kB)
2026-10-01T17:09:30.1758638Z Collecting llvmlite<0.46,>=0.45.0dev0 (from numba==0.62.1)
2026-10-01T17:09:30.1867869Z   Downloading llvmlite-0.45.1-cp312-cp312-manylinux2014_x86_64.manylinux_2_17_x86_64.whl.metadata (4.9 kB)
2026-10-01T17:09:30.2062052Z Collecting six>=1.5 (from python-dateutil>=2.8.2->pandas==2.3.3)
2026-10-01T17:09:30.2165214Z   Downloading six-1.17.0-py2.py3-none-any.whl.metadata (1.7 kB)
2026-10-01T17:09:30.2301913Z Downloading pandas-2.3.3-cp312-cp312-manylinux_2_24_x86_64.manylinux_2_28_x86_64.whl (12.4 MB)
2026-10-01T17:09:30.4078124Z    ━━━━━━━━━━━━━━━━━━━━━━━━━━━━━━━━━━━━━━━━ 12.4/12.4 MB 77.1 MB/s  0:00:00
2026-10-01T17:09:30.4194947Z Downloading numpy-2.3.3-cp312-cp312-manylinux_2_27_x86_64.manylinux_2_28_x86_64.whl (16.6 MB)
2026-10-01T17:09:30.5418484Z    ━━━━━━━━━━━━━━━━━━━━━━━━━━━━━━━━━━━━━━━━ 16.6/16.6 MB 136.5 MB/s  0:00:00
2026-10-01T17:09:30.5531141Z Downloading numba-0.62.1-cp312-cp312-manylinux2014_x86_64.manylinux_2_17_x86_64.whl (3.8 MB)
2026-10-01T17:09:30.5975648Z    ━━━━━━━━━━━━━━━━━━━━━━━━━━━━━━━━━━━━━━━━ 3.8/3.8 MB 86.4 MB/s  0:00:00
2026-10-01T17:09:30.6084570Z Downloading llvmlite-0.45.1-cp312-cp312-manylinux2014_x86_64.manylinux_2_17_x86_64.whl (56.3 MB)
2026-10-01T17:09:31.0535063Z    ━━━━━━━━━━━━━━━━━━━━━━━━━━━━━━━━━━━━━━━━ 56.3/56.3 MB 126.5 MB/s  0:00:00
2026-10-01T17:09:31.0639053Z Downloading python_dateutil-2.9.0.post0-py2.py3-none-any.whl (229 kB)
2026-10-01T17:09:31.0777320Z Downloading pytz-2026.4-py2.py3-none-any.whl (506 kB)
2026-10-01T17:09:31.0929742Z Downloading six-1.17.0-py2.py3-none-any.whl (11 kB)
2026-10-01T17:09:31.1048506Z Downloading tzdata-2026.4-py2.py3-none-any.whl (347 kB)
2026-10-01T17:09:31.3285458Z Installing collected packages: pytz, tzdata, six, numpy, llvmlite, python-dateutil, numba, pandas
2026-10-01T17:09:39.9285790Z 
2026-10-01T17:09:39.9293426Z Successfully installed llvmlite-0.45.1 numba-0.62.1 numpy-2.3.3 pandas-2.3.3 python-dateutil-2.9.0.post0 pytz-2026.4 six-1.17.0 tzdata-2026.4
2026-10-01T17:09:40.0007511Z ##[group]Run set -euo pipefail
2026-10-01T17:09:40.0008010Z [36;1mset -euo pipefail[0m
2026-10-01T17:09:40.0008604Z [36;1mpython -m py_compile scripts/compression_expansion_v4.py scripts/day_edge_canonical.py scripts/research_evidence_archive.py[0m
2026-10-01T17:09:40.0009427Z [36;1mpython -m unittest discover -s tests -p test_compression_expansion_v4.py -v 2>&1 | tee expansion-tests.log[0m
2026-10-01T17:09:40.0010269Z [36;1mpython -m unittest discover -s tests -p test_research_evidence_archive.py -v 2>&1 | tee evidence-tests.log[0m
2026-10-01T17:09:40.0010958Z [36;1mpython -m unittest discover -s tests -p test_shock_confirmation_v3.py -v 2>&1 | tee legacy-confirm-tests.log[0m
2026-10-01T17:09:40.0011709Z [36;1mpython -m unittest discover -s tests -p test_day_edge_canonical.py -v 2>&1 | tee canonical-tests.log[0m
2026-10-01T17:09:40.0012338Z [36;1mpython -m unittest discover -s tests -p test_day_edge_lab.py -v 2>&1 | tee scout-tests.log[0m
2026-10-01T17:09:40.0013093Z [36;1mpython -m unittest discover -s tests -p test_relative_pullback_v1.py -v 2>&1 | tee account-tests.log[0m
2026-10-01T17:09:40.0013691Z [36;1mpython scripts/psar_chronology_smoke.py | tee chronology-smoke.log[0m
2026-10-01T17:09:40.0054244Z shell: /usr/bin/bash --noprofile --norc -e -o pipefail {0}
2026-10-01T17:09:40.0054720Z env:
2026-10-01T17:09:40.0055382Z   pythonLocation: /opt/hostedtoolcache/Python/3.12.14/x64
2026-10-01T17:09:40.0055875Z   PKG_CONFIG_PATH: /opt/hostedtoolcache/Python/3.12.14/x64/lib/pkgconfig
2026-10-01T17:09:40.0056391Z   Python_ROOT_DIR: /opt/hostedtoolcache/Python/3.12.14/x64
2026-10-01T17:09:40.0056819Z   Python2_ROOT_DIR: /opt/hostedtoolcache/Python/3.12.14/x64
2026-10-01T17:09:40.0057267Z   Python3_ROOT_DIR: /opt/hostedtoolcache/Python/3.12.14/x64
2026-10-01T17:09:40.0057695Z   LD_LIBRARY_PATH: /opt/hostedtoolcache/Python/3.12.14/x64/lib
2026-10-01T17:09:40.0058070Z ##[endgroup]
2026-10-01T17:09:40.7897205Z test_all_96_cells_including_zero_cells_are_preserved (test_compression_expansion_v4.ExpansionTests.test_all_96_cells_including_zero_cells_are_preserved) ... EXPANSION_SELECT {"status": "ACCOUNT_REPLAY_REQUIRED", "cells_examined": 96, "selected": [{"key": "EXPAND_S+1_W16_C50_ANY", "side": 1, "window": 16, "compression": 0.5, "btc": "ANY", "hold": 24, "exit_type": "TP2", "policy": "EXPAND_S+1_W16_C50_ANY__H24__TP2", "development_net40_R": 0.5, "development_worst_year_day_R": 0.5}], "policies": [{"key": "EXPAND_S+1_W16_C50_ANY", "side": 1, "window": 16, "compression": 0.5, "btc": "ANY", "hold": 24, "exit_type": "TP2", "policy": "EXPAND_S+1_W16_C50_ANY__H24__TP2", "development_net40_R": 0.5, "development_worst_year_day_R": 0.5}], "union_name": "EXPANSION_UNION", "note": "Independent overlapping policies and active-entry-date means are diagnostics, not account profits."}
2026-10-01T17:09:40.7920545Z ok
2026-10-01T17:09:40.7973161Z test_breakout_candle_cannot_change_its_prior_baselines (test_compression_expansion_v4.ExpansionTests.test_breakout_candle_cannot_change_its_prior_baselines) ... ok
2026-10-01T17:09:40.8000016Z test_btc_alignment_does_not_fill_missing_context_with_zero (test_compression_expansion_v4.ExpansionTests.test_btc_alignment_does_not_fill_missing_context_with_zero) ... ok
2026-10-01T17:09:40.8004483Z test_empty_source_fails_before_any_btc_or_minute_fetch (test_compression_expansion_v4.ExpansionTests.test_empty_source_fails_before_any_btc_or_minute_fetch) ... ok
2026-10-01T17:09:40.8032355Z test_fixed_cooldown_is_not_exit_conditioned (test_compression_expansion_v4.ExpansionTests.test_fixed_cooldown_is_not_exit_conditioned) ... ok
2026-10-01T17:09:40.8035646Z test_frozen_grid_has_96_unique_policies (test_compression_expansion_v4.ExpansionTests.test_frozen_grid_has_96_unique_policies) ... ok
2026-10-01T17:09:40.8178873Z test_future_changes_cannot_modify_past_features (test_compression_expansion_v4.ExpansionTests.test_future_changes_cannot_modify_past_features) ... ok
2026-10-01T17:09:40.8225433Z test_gap_restarts_prior_rolling_baselines (test_compression_expansion_v4.ExpansionTests.test_gap_restarts_prior_rolling_baselines) ... ok
2026-10-01T17:09:40.8359399Z test_incomplete_part_cannot_enter_selection (test_compression_expansion_v4.ExpansionTests.test_incomplete_part_cannot_enter_selection) ... ok
2026-10-01T17:09:40.8387878Z test_invalid_fill_side_stop_is_excluded (test_compression_expansion_v4.ExpansionTests.test_invalid_fill_side_stop_is_excluded) ... ok
2026-10-01T17:09:40.8436369Z test_long_and_short_have_mirrored_qualification (test_compression_expansion_v4.ExpansionTests.test_long_and_short_have_mirrored_qualification) ... ok
2026-10-01T17:09:41.0245110Z test_many_clustered_trades_cannot_pass_daily_frequency_gate (test_compression_expansion_v4.ExpansionTests.test_many_clustered_trades_cannot_pass_daily_frequency_gate) ... EXPANSION_SELECT {"status": "NO_DEVELOPMENT_POLICY_SURVIVOR", "cells_examined": 96, "selected": [], "policies": [], "union_name": "EXPANSION_UNION", "note": "Independent overlapping policies and active-entry-date means are diagnostics, not account profits."}
2026-10-01T17:09:41.0251621Z ok
2026-10-01T17:09:41.0282447Z test_structural_stop_uses_prior_atr_and_actual_entry (test_compression_expansion_v4.ExpansionTests.test_structural_stop_uses_prior_atr_and_actual_entry) ... ok
2026-10-01T17:09:41.0309083Z test_violent_shock_does_not_qualify_as_moderate_expansion (test_compression_expansion_v4.ExpansionTests.test_violent_shock_does_not_qualify_as_moderate_expansion) ... ok
2026-10-01T17:09:41.0333689Z test_volume_without_prior_compression_does_not_qualify (test_compression_expansion_v4.ExpansionTests.test_volume_without_prior_compression_does_not_qualify) ... ok
2026-10-01T17:09:41.0380729Z test_wrong_flow_rejects_apparent_breakout (test_compression_expansion_v4.ExpansionTests.test_wrong_flow_rejects_apparent_breakout) ... ok
2026-10-01T17:09:41.0381470Z 
2026-10-01T17:09:41.0381845Z ----------------------------------------------------------------------
2026-10-01T17:09:41.0382429Z Ran 16 tests in 0.443s
2026-10-01T17:09:41.0382684Z 
2026-10-01T17:09:41.0382845Z OK
2026-10-01T17:09:41.3635847Z test_archive_keeps_failed_evidence_and_validates_exact_copy (test_research_evidence_archive.EvidenceTests.test_archive_keeps_failed_evidence_and_validates_exact_copy) ... EVIDENCE_ARCHIVED failed-study 2 files 48 bytes
2026-10-01T17:09:41.3637339Z ok
2026-10-01T17:09:41.3662922Z test_incomplete_cache_is_rejected_and_failure_saved (test_research_evidence_archive.EvidenceTests.test_incomplete_cache_is_rejected_and_failure_saved) ... ok
2026-10-01T17:09:41.3687554Z test_matches_full_catalogue_stats_and_prior_sha256 (test_research_evidence_archive.EvidenceTests.test_matches_full_catalogue_stats_and_prior_sha256) ... FROZEN_SOURCE_VERIFIED 1 files 1 prior SHA256 matches
2026-10-01T17:09:41.3689330Z ok
2026-10-01T17:09:41.3889275Z test_same_stats_but_changed_source_bytes_are_rejected (test_research_evidence_archive.EvidenceTests.test_same_stats_but_changed_source_bytes_are_rejected) ... ok
2026-10-01T17:09:41.3890246Z 
2026-10-01T17:09:41.3890700Z ----------------------------------------------------------------------
2026-10-01T17:09:41.3891432Z Ran 4 tests in 0.027s
2026-10-01T17:09:41.3891772Z 
2026-10-01T17:09:41.3892060Z OK
2026-10-01T17:09:41.7515196Z test_cooldown_is_fixed_not_outcome_conditioned (test_shock_confirmation_v3.ConfirmTests.test_cooldown_is_fixed_not_outcome_conditioned) ... ok
2026-10-01T17:09:41.7641067Z test_features_ignore_future_prices_and_flow (test_shock_confirmation_v3.ConfirmTests.test_features_ignore_future_prices_and_flow) ... ok
2026-10-01T17:09:41.7661090Z test_flow_share_uses_actual_quote_ratio (test_shock_confirmation_v3.ConfirmTests.test_flow_share_uses_actual_quote_ratio) ... ok
2026-10-01T17:09:41.7692366Z test_future_confirming_bar_cannot_move_old_stop (test_shock_confirmation_v3.ConfirmTests.test_future_confirming_bar_cannot_move_old_stop) ... ok
2026-10-01T17:09:41.7721343Z test_gap_restarts_recent_shock_and_stop_window (test_shock_confirmation_v3.ConfirmTests.test_gap_restarts_recent_shock_and_stop_window) ... ok
2026-10-01T17:09:41.7725833Z test_predeclared_grid (test_shock_confirmation_v3.ConfirmTests.test_predeclared_grid) ... ok
2026-10-01T17:09:41.7741492Z test_shock_window_excludes_current_confirming_bar (test_shock_confirmation_v3.ConfirmTests.test_shock_window_excludes_current_confirming_bar) ... ok
2026-10-01T17:09:41.7744668Z test_structural_stop_and_actual_fill_risk (test_shock_confirmation_v3.ConfirmTests.test_structural_stop_and_actual_fill_risk) ... ok
2026-10-01T17:09:41.7745523Z 
2026-10-01T17:09:41.7745801Z ----------------------------------------------------------------------
2026-10-01T17:09:41.7746343Z Ran 8 tests in 0.026s
2026-10-01T17:09:41.7746539Z 
2026-10-01T17:09:41.7746685Z OK
2026-10-01T17:09:42.1348228Z test_actual_max_hold_used_in_stop_risk_budget (test_day_edge_canonical.CanonicalTests.test_actual_max_hold_used_in_stop_risk_budget) ... ok
2026-10-01T17:09:42.1354069Z test_authoritative_mismatch_is_not_a_fake_loss (test_day_edge_canonical.CanonicalTests.test_authoritative_mismatch_is_not_a_fake_loss) ... ok
2026-10-01T17:09:42.1355503Z test_beyond_one_week_is_rejected (test_day_edge_canonical.CanonicalTests.test_beyond_one_week_is_rejected) ... ok
2026-10-01T17:09:42.1392669Z test_curve_preserves_peak_before_new_entry_cost (test_day_edge_canonical.CanonicalTests.test_curve_preserves_peak_before_new_entry_cost) ... ok
2026-10-01T17:09:42.1396048Z test_entry_bar_calls_authority_even_single_tp (test_day_edge_canonical.CanonicalTests.test_entry_bar_calls_authority_even_single_tp) ... ok
2026-10-01T17:09:42.1406269Z test_gap_sl_fills_at_worse_open (test_day_edge_canonical.CanonicalTests.test_gap_sl_fills_at_worse_open) ... ok
2026-10-01T17:09:42.1407469Z test_incomplete_shards_fail_closed (test_day_edge_canonical.CanonicalTests.test_incomplete_shards_fail_closed) ... ok
2026-10-01T17:09:42.1408601Z test_missing_path_is_excluded (test_day_edge_canonical.CanonicalTests.test_missing_path_is_excluded) ... ok
2026-10-01T17:09:42.1409880Z test_parent_collision_uses_minute_authority (test_day_edge_canonical.CanonicalTests.test_parent_collision_uses_minute_authority) ... ok
2026-10-01T17:09:42.1411265Z test_short_has_linear_entry_denominator (test_day_edge_canonical.CanonicalTests.test_short_has_linear_entry_denominator) ... ok
2026-10-01T17:09:42.1412605Z test_timeout_cannot_cross_split (test_day_edge_canonical.CanonicalTests.test_timeout_cannot_cross_split) ... ok
2026-10-01T17:09:42.1413793Z test_timeout_is_exact_seed_deadline (test_day_edge_canonical.CanonicalTests.test_timeout_is_exact_seed_deadline) ... ok
2026-10-01T17:09:42.1415156Z test_trailing_stop_only_activates_after_bar_close (test_day_edge_canonical.CanonicalTests.test_trailing_stop_only_activates_after_bar_close) ... ok
2026-10-01T17:09:42.1450368Z test_union_tie_uses_entry_priority_not_future_outcome (test_day_edge_canonical.CanonicalTests.test_union_tie_uses_entry_priority_not_future_outcome) ... ok
2026-10-01T17:09:42.1451007Z 
2026-10-01T17:09:42.1451216Z ----------------------------------------------------------------------
2026-10-01T17:09:42.1451668Z Ran 14 tests in 0.011s
2026-10-01T17:09:42.1451826Z 
2026-10-01T17:09:42.1451963Z OK
2026-10-01T17:09:42.4972595Z test_btc_missing_timestamp_is_not_forward_filled (test_day_edge_lab.ScoutTests.test_btc_missing_timestamp_is_not_forward_filled) ... ok
2026-10-01T17:09:42.4973803Z test_configurations_are_predeclared_and_distinct (test_day_edge_lab.ScoutTests.test_configurations_are_predeclared_and_distinct) ... ok
2026-10-01T17:09:42.5010503Z test_eligibility_uses_age_and_past_turnover (test_day_edge_lab.ScoutTests.test_eligibility_uses_age_and_past_turnover) ... ok
2026-10-01T17:09:42.5134705Z test_features_are_invariant_to_future_changes (test_day_edge_lab.ScoutTests.test_features_are_invariant_to_future_changes) ... ok
2026-10-01T17:09:42.5158697Z test_features_restart_after_gaps (test_day_edge_lab.ScoutTests.test_features_restart_after_gaps) ... ok
2026-10-01T17:09:42.5172707Z test_missing_bar_excludes_fixed_time_event (test_day_edge_lab.ScoutTests.test_missing_bar_excludes_fixed_time_event) ... ok
2026-10-01T17:09:42.5367627Z test_missing_year_cannot_pass_selection (test_day_edge_lab.ScoutTests.test_missing_year_cannot_pass_selection) ... MERGE_DONE {"status": "NO_CELL_PASSED_FROZEN_GATE", "cells_examined": 144, "shard_count": 1, "eligible_cells": [], "selected": [], "observations": "Overlapping across coins; NO account return inference."}
2026-10-01T17:09:42.5370373Z ok
2026-10-01T17:09:42.5377291Z test_next_open_entry_and_fixed_open_exit (test_day_edge_lab.ScoutTests.test_next_open_entry_and_fixed_open_exit) ... ok
2026-10-01T17:09:42.5391298Z test_outcome_cannot_cross_split (test_day_edge_lab.ScoutTests.test_outcome_cannot_cross_split) ... ok
2026-10-01T17:09:42.5404302Z test_quote_volume_baseline_excludes_latest_hour (test_day_edge_lab.ScoutTests.test_quote_volume_baseline_excludes_latest_hour) ... ok
2026-10-01T17:09:42.5409788Z test_scheduled_nonoverlap_does_not_use_outcome (test_day_edge_lab.ScoutTests.test_scheduled_nonoverlap_does_not_use_outcome) ... ok
2026-10-01T17:09:42.5415892Z test_short_has_linear_entry_denominator (test_day_edge_lab.ScoutTests.test_short_has_linear_entry_denominator) ... ok
2026-10-01T17:09:42.5417242Z test_signal_onset_uses_only_previous_closed_state (test_day_edge_lab.ScoutTests.test_signal_onset_uses_only_previous_closed_state) ... ok
2026-10-01T17:09:42.5417747Z 
2026-10-01T17:09:42.5417944Z ----------------------------------------------------------------------
2026-10-01T17:09:42.5418369Z Ran 13 tests in 0.047s
2026-10-01T17:09:42.5418517Z 
2026-10-01T17:09:42.5418631Z OK
2026-10-01T17:09:42.9044395Z test_entry_minute_both_is_loss (test_relative_pullback_v1.ChronologyTests.test_entry_minute_both_is_loss) ... ok
2026-10-01T17:09:42.9046220Z test_entry_minute_sl_is_loss (test_relative_pullback_v1.ChronologyTests.test_entry_minute_sl_is_loss) ... ok
2026-10-01T17:09:42.9048712Z test_entry_minute_tp_is_loss (test_relative_pullback_v1.ChronologyTests.test_entry_minute_tp_is_loss) ... ok
2026-10-01T17:09:42.9060427Z test_entry_price_mismatch_is_excluded (test_relative_pullback_v1.ChronologyTests.test_entry_price_mismatch_is_excluded) ... ok
2026-10-01T17:09:42.9062930Z test_established_first_minute_tp_is_win (test_relative_pullback_v1.ChronologyTests.test_established_first_minute_tp_is_win) ... ok
2026-10-01T17:09:42.9064842Z test_established_same_minute_both_is_loss (test_relative_pullback_v1.ChronologyTests.test_established_same_minute_both_is_loss) ... ok
2026-10-01T17:09:42.9067308Z test_later_sl_proven_before_tp (test_relative_pullback_v1.ChronologyTests.test_later_sl_proven_before_tp) ... ok
2026-10-01T17:09:42.9069577Z test_later_tp_proven_before_sl (test_relative_pullback_v1.ChronologyTests.test_later_tp_proven_before_sl) ... ok
2026-10-01T17:09:42.9071242Z test_official_data_gap_is_excluded (test_relative_pullback_v1.ChronologyTests.test_official_data_gap_is_excluded) ... ok
2026-10-01T17:09:42.9073636Z test_parent_exit_not_reproduced_is_mismatch (test_relative_pullback_v1.ChronologyTests.test_parent_exit_not_reproduced_is_mismatch) ... ok
2026-10-01T17:09:42.9075605Z test_short_entry_touch_is_loss (test_relative_pullback_v1.ChronologyTests.test_short_entry_touch_is_loss) ... ok
2026-10-01T17:09:42.9078424Z test_short_later_tp_is_win (test_relative_pullback_v1.ChronologyTests.test_short_later_tp_is_win) ... ok
2026-10-01T17:09:42.9115093Z test_cash_equals_sum_of_net_trade_pnls (test_relative_pullback_v1.PortfolioTests.test_cash_equals_sum_of_net_trade_pnls) ... ok
2026-10-01T17:09:42.9136367Z test_day_loss_blocks_later_entry (test_relative_pullback_v1.PortfolioTests.test_day_loss_blocks_later_entry) ... ok
2026-10-01T17:09:42.9173003Z test_drawdown_halt_is_permanent_within_split (test_relative_pullback_v1.PortfolioTests.test_drawdown_halt_is_permanent_within_split) ... ok
2026-10-01T17:09:42.9201446Z test_empty_days_are_in_denominator_and_korea_aligned (test_relative_pullback_v1.PortfolioTests.test_empty_days_are_in_denominator_and_korea_aligned) ... ok
2026-10-01T17:09:42.9241069Z test_half_risk_latches_into_next_day (test_relative_pullback_v1.PortfolioTests.test_half_risk_latches_into_next_day) ... ok
2026-10-01T17:09:42.9262949Z test_profit_above_two_percent_does_not_block_entry (test_relative_pullback_v1.PortfolioTests.test_profit_above_two_percent_does_not_block_entry) ... ok
2026-10-01T17:09:42.9287437Z test_same_symbol_opposite_signal_is_rejected (test_relative_pullback_v1.PortfolioTests.test_same_symbol_opposite_signal_is_rejected) ... ok
2026-10-01T17:09:42.9305568Z test_short_position_accounting (test_relative_pullback_v1.PortfolioTests.test_short_position_accounting) ... ok
2026-10-01T17:09:42.9329080Z test_simultaneous_risk_and_six_slot_caps (test_relative_pullback_v1.PortfolioTests.test_simultaneous_risk_and_six_slot_caps) ... ok
2026-10-01T17:09:42.9338673Z test_split_crossing_outcome_is_rejected (test_relative_pullback_v1.PortfolioTests.test_split_crossing_outcome_is_rejected) ... ok
2026-10-01T17:09:42.9339993Z test_gap_stop_fills_at_worse_open (test_relative_pullback_v1.SignalTests.test_gap_stop_fills_at_worse_open) ... ok
2026-10-01T17:09:42.9348148Z test_hour_only_becomes_available_when_closed (test_relative_pullback_v1.SignalTests.test_hour_only_becomes_available_when_closed) ... ok
2026-10-01T17:09:42.9447597Z test_indicators_do_not_use_future_candles (test_relative_pullback_v1.SignalTests.test_indicators_do_not_use_future_candles) ... ok
2026-10-01T17:09:42.9466779Z test_indicators_restart_after_data_gap (test_relative_pullback_v1.SignalTests.test_indicators_restart_after_data_gap) ... ok
2026-10-01T17:09:42.9468005Z test_missing_timeout_path_is_excluded (test_relative_pullback_v1.SignalTests.test_missing_timeout_path_is_excluded) ... ok
2026-10-01T17:09:42.9469000Z test_short_return_uses_linear_entry_denominator (test_relative_pullback_v1.SignalTests.test_short_return_uses_linear_entry_denominator) ... ok
2026-10-01T17:09:42.9470206Z test_signal_confirmed_close_and_next_open_alignment (test_relative_pullback_v1.SignalTests.test_signal_confirmed_close_and_next_open_alignment) ... ok
2026-10-01T17:09:42.9472077Z test_timeout_is_exactly_twelve_hours (test_relative_pullback_v1.SignalTests.test_timeout_is_exactly_twelve_hours) ... ok
2026-10-01T17:09:42.9472604Z 
2026-10-01T17:09:42.9472828Z ----------------------------------------------------------------------
2026-10-01T17:09:42.9473270Z Ran 30 tests in 0.043s
2026-10-01T17:09:42.9473435Z 
2026-10-01T17:09:42.9473580Z OK
2026-10-01T17:09:43.4876849Z PASS long_preentry_tp_ignored win
2026-10-01T17:09:43.4877368Z PASS long_entry_same1m_tp_loss loss
2026-10-01T17:09:43.4877826Z PASS long_gap_through_entry_then_tp win
2026-10-01T17:09:43.4878201Z PASS short_gap_through_entry_then_tp win
2026-10-01T17:09:43.4878552Z PASS long_entry_same1m_sl_loss loss
2026-10-01T17:09:43.4878943Z PASS long_entry_same1m_both_loss loss
2026-10-01T17:09:43.4879275Z PASS long_entry_then_tp win
2026-10-01T17:09:43.4879578Z PASS long_entry_then_sl loss
2026-10-01T17:09:43.4879955Z PASS long_preentry_tp_then_entry_continue continue
2026-10-01T17:09:43.4880365Z PASS long_entry_not_seen_entry_mismatch entry_mismatch
2026-10-01T17:09:43.4880839Z PASS long_established_same1m_both_loss loss
2026-10-01T17:09:43.4881276Z PASS long_established_parent_collision_not_seen_exit_mismatch exit_mismatch
2026-10-01T17:09:43.4881702Z PASS short_entry_same1m_tp_loss loss
2026-10-01T17:09:43.4882063Z PASS short_entry_same1m_sl_loss loss
2026-10-01T17:09:43.4882389Z PASS short_entry_then_tp win
2026-10-01T17:09:43.4882732Z PASS short_entry_then_sl loss
2026-10-01T17:09:43.4883286Z PASS short_preentry_tp_then_entry_continue continue
2026-10-01T17:09:43.4883654Z ALL_CHRONOLOGY_SMOKE_PASS
2026-10-01T17:09:43.4883976Z PASS resample_exact_buckets
2026-10-01T17:09:43.4884338Z PASS psar_open_causality
2026-10-01T17:09:43.4884660Z PASS psar_burnin_initialization_sanity
2026-10-01T17:09:43.4885372Z PASS binance_1m_header_contract
2026-10-01T17:09:43.4885698Z ALL_CANONICAL_INVARIANTS_PASS
2026-10-01T17:09:43.5705487Z ##[group]Run actions/upload-artifact@v4
2026-10-01T17:09:43.5705939Z with:
2026-10-01T17:09:43.5706274Z   name: compression-v4-validation
2026-10-01T17:09:43.5707090Z   path: expansion-tests.log
evidence-tests.log
legacy-confirm-tests.log
canonical-tests.log
scout-tests.log
account-tests.log
chronology-smoke.log
research/compression-expansion-v4/PLAN.md

2026-10-01T17:09:43.5707892Z   retention-days: 30
2026-10-01T17:09:43.5708199Z   if-no-files-found: warn
2026-10-01T17:09:43.5708547Z   compression-level: 6
2026-10-01T17:09:43.5708843Z   overwrite: false
2026-10-01T17:09:43.5709142Z   include-hidden-files: false
2026-10-01T17:09:43.5709482Z env:
2026-10-01T17:09:43.5709937Z   pythonLocation: /opt/hostedtoolcache/Python/3.12.14/x64
2026-10-01T17:09:43.5710500Z   PKG_CONFIG_PATH: /opt/hostedtoolcache/Python/3.12.14/x64/lib/pkgconfig
2026-10-01T17:09:43.5710978Z   Python_ROOT_DIR: /opt/hostedtoolcache/Python/3.12.14/x64
2026-10-01T17:09:43.5711531Z   Python2_ROOT_DIR: /opt/hostedtoolcache/Python/3.12.14/x64
2026-10-01T17:09:43.5711971Z   Python3_ROOT_DIR: /opt/hostedtoolcache/Python/3.12.14/x64
2026-10-01T17:09:43.5712404Z   LD_LIBRARY_PATH: /opt/hostedtoolcache/Python/3.12.14/x64/lib
2026-10-01T17:09:43.5712840Z ##[endgroup]
2026-10-01T17:09:43.7239747Z (node:2160) [DEP0040] DeprecationWarning: The `punycode` module is deprecated. Please use a userland alternative instead.
2026-10-01T17:09:43.7240548Z (Use `node --trace-deprecation ...` to show where the warning was created)
2026-10-01T17:09:43.7321533Z Multiple search paths detected. Calculating the least common ancestor of all paths
2026-10-01T17:09:43.7326580Z The least common ancestor is /home/runner/work/bb-scanner/bb-scanner. This will be the root directory of the artifact
2026-10-01T17:09:43.7327979Z With the provided path, there will be 8 files uploaded
2026-10-01T17:09:43.7329151Z Artifact name is valid!
2026-10-01T17:09:43.7329752Z Root directory input is valid!
2026-10-01T17:09:44.0804082Z Beginning upload of artifact content to blob storage
2026-10-01T17:09:44.1074174Z (node:2160) [DEP0169] DeprecationWarning: `url.parse()` behavior is not standardized and prone to errors that have security implications. Use the WHATWG URL API instead. CVEs are not issued for `url.parse()` vulnerabilities.
2026-10-01T17:09:44.3205505Z Uploaded bytes 9160
2026-10-01T17:09:44.3772487Z Finished uploading artifact content to blob storage!
2026-10-01T17:09:44.3773380Z SHA256 digest of uploaded artifact zip is 4424b1435c22539d3bacc3d70c661c8e9cccf6604664de9955f7895fb58ef3ee
2026-10-01T17:09:44.3775009Z Finalizing artifact upload
2026-10-01T17:09:44.6561911Z Artifact compression-v4-validation.zip successfully finalized. Artifact ID 11178994845
2026-10-01T17:09:44.6562768Z Artifact compression-v4-validation has been successfully uploaded! Final size is 9160 bytes. Artifact ID is 11178994845
2026-10-01T17:09:44.6568590Z Artifact download URL: https://github.com/duuu-hub/bb-scanner/actions/runs/36897289990/artifacts/11178994845
2026-10-01T17:09:44.6712156Z Post job cleanup.
2026-10-01T17:09:44.7887378Z (node:2172) [DEP0040] DeprecationWarning: The `punycode` module is deprecated. Please use a userland alternative instead.
2026-10-01T17:09:44.7888661Z (Use `node --trace-deprecation ...` to show where the warning was created)
2026-10-01T17:09:44.8062069Z Post job cleanup.
2026-10-01T17:09:44.8919663Z [command]/usr/bin/git version
2026-10-01T17:09:44.8958623Z git version 2.55.0
2026-10-01T17:09:44.8999497Z Temporarily overriding HOME='/home/runner/work/_temp/b8e19afb-b07b-428b-ab67-a031f5fa2eab' before making global git config changes
2026-10-01T17:09:44.9006124Z Adding repository directory to the temporary git global config as a safe directory
2026-10-01T17:09:44.9012219Z [command]/usr/bin/git config --global --add safe.directory /home/runner/work/bb-scanner/bb-scanner
2026-10-01T17:09:44.9260551Z [command]/usr/bin/git config --local --name-only --get-regexp core\.sshCommand
2026-10-01T17:09:44.9293920Z [command]/usr/bin/git submodule foreach --recursive sh -c "git config --local --name-only --get-regexp 'core\.sshCommand' && git config --local --unset-all 'core.sshCommand' || :"
2026-10-01T17:09:44.9510298Z [command]/usr/bin/git config --local --name-only --get-regexp http\.https\:\/\/github\.com\/\.extraheader
2026-10-01T17:09:44.9551786Z http.https://github.com/.extraheader
2026-10-01T17:09:44.9560562Z [command]/usr/bin/git config --local --unset-all http.https://github.com/.extraheader
2026-10-01T17:09:45.0252760Z [command]/usr/bin/git submodule foreach --recursive sh -c "git config --local --name-only --get-regexp 'http\.https\:\/\/github\.com\/\.extraheader' && git config --local --unset-all 'http.https://github.com/.extraheader' || :"
2026-10-01T17:09:45.0462348Z [command]/usr/bin/git config --local --name-only --get-regexp ^includeIf\.gitdir:
2026-10-01T17:09:45.0493623Z [command]/usr/bin/git submodule foreach --recursive git config --local --show-origin --name-only --get-regexp remote.origin.url
2026-10-01T17:09:45.0845078Z Cleaning up orphan processes
2026-10-01T17:09:45.1080367Z ##[warning]Node.js 20 is deprecated. The following actions target Node.js 20 but are being forced to run on Node.js 24: actions/checkout@v4, actions/setup-python@v5, actions/upload-artifact@v4. For more information see: https://github.blog/changelog/2025-09-19-deprecation-of-node-20-on-github-actions-runners/
