2026-10-01T17:09:52.7793625Z Current runner version: '2.337.0'
2026-10-01T17:09:52.7819912Z ##[group]Runner Image Provisioner
2026-10-01T17:09:52.7820841Z Hosted Compute Agent
2026-10-01T17:09:52.7821420Z Version: 20260901.588
2026-10-01T17:09:52.7822225Z Commit: f88ec8081b781fac6c440065ac7ff9e710ce3d0b
2026-10-01T17:09:52.7823054Z Build Date: 2026-09-01T19:56:44Z
2026-10-01T17:09:52.7823823Z Worker ID: {6c574fc1-96f3-450c-b5ba-dc8bdd5a211a}
2026-10-01T17:09:52.7824540Z Azure Region: westus
2026-10-01T17:09:52.7825093Z ##[endgroup]
2026-10-01T17:09:52.7827050Z ##[group]Operating System
2026-10-01T17:09:52.7827752Z Ubuntu
2026-10-01T17:09:52.7828720Z 24.04.5
2026-10-01T17:09:52.7829284Z LTS
2026-10-01T17:09:52.7829796Z ##[endgroup]
2026-10-01T17:09:52.7830447Z ##[group]Runner Image
2026-10-01T17:09:52.7831197Z Image: ubuntu-24.04
2026-10-01T17:09:52.7831851Z Version: 20260927.320.1
2026-10-01T17:09:52.7833205Z Included Software: https://github.com/actions/runner-images/blob/ubuntu24/20260927.320/images/ubuntu/Ubuntu2404-Readme.md
2026-10-01T17:09:52.7834927Z Image Release: https://github.com/actions/runner-images/releases/tag/ubuntu24%2F20260927.320
2026-10-01T17:09:52.7836320Z ##[endgroup]
2026-10-01T17:09:52.7837650Z ##[group]GITHUB_TOKEN Permissions
2026-10-01T17:09:52.7839884Z Actions: read
2026-10-01T17:09:52.7840568Z Contents: read
2026-10-01T17:09:52.7841190Z Metadata: read
2026-10-01T17:09:52.7841734Z ##[endgroup]
2026-10-01T17:09:52.7843901Z Secret source: Actions
2026-10-01T17:09:52.7844882Z Cache mode: write
2026-10-01T17:09:52.7845969Z Prepare workflow directory
2026-10-01T17:09:52.8200120Z Prepare all required actions
2026-10-01T17:09:52.8250393Z Getting action download info
2026-10-01T17:09:53.2140510Z Download action repository 'actions/checkout@v4' (SHA:11d5960a326750d5838078e36cf38b85af677262)
2026-10-01T17:09:53.3386631Z Download action repository 'actions/setup-python@v5' (SHA:a26af69be951a213d495a4c3e4e4022e16d87065)
2026-10-01T17:09:53.4609583Z Download action repository 'actions/cache@v4' (SHA:0057852bfaa89a56745cba8c7296529d2fc39830)
2026-10-01T17:09:53.5617869Z Download action repository 'actions/upload-artifact@v4' (SHA:ea165f8d65b6e75b540449e92b4886f43607fa02)
2026-10-01T17:09:53.8051687Z Complete job name: development (6)
2026-10-01T17:09:53.8928703Z ##[group]Run actions/checkout@v4
2026-10-01T17:09:53.8929702Z with:
2026-10-01T17:09:53.8930209Z   repository: duuu-hub/bb-scanner
2026-10-01T17:09:53.8935085Z   token: ***
2026-10-01T17:09:53.8935558Z   ssh-strict: true
2026-10-01T17:09:53.8936359Z   ssh-user: git
2026-10-01T17:09:53.8936859Z   persist-credentials: true
2026-10-01T17:09:53.8937412Z   clean: true
2026-10-01T17:09:53.8937904Z   sparse-checkout-cone-mode: true
2026-10-01T17:09:53.8938498Z   fetch-depth: 1
2026-10-01T17:09:53.8938966Z   fetch-tags: false
2026-10-01T17:09:53.8939454Z   show-progress: true
2026-10-01T17:09:53.8939957Z   lfs: false
2026-10-01T17:09:53.8940423Z   submodules: false
2026-10-01T17:09:53.8940929Z   set-safe-directory: true
2026-10-01T17:09:53.8941496Z   allow-unsafe-pr-checkout: false
2026-10-01T17:09:53.8942399Z ##[endgroup]
2026-10-01T17:09:54.0007892Z Syncing repository: duuu-hub/bb-scanner
2026-10-01T17:09:54.0010850Z ##[group]Getting Git version info
2026-10-01T17:09:54.0012379Z Working directory is '/home/runner/work/bb-scanner/bb-scanner'
2026-10-01T17:09:54.0014367Z [command]/usr/bin/git version
2026-10-01T17:09:54.0093674Z git version 2.55.0
2026-10-01T17:09:54.0162454Z ##[endgroup]
2026-10-01T17:09:54.0170446Z Temporarily overriding HOME='/home/runner/work/_temp/264784ae-58f5-4379-be5b-6ce89b090db0' before making global git config changes
2026-10-01T17:09:54.0178689Z Adding repository directory to the temporary git global config as a safe directory
2026-10-01T17:09:54.0181501Z [command]/usr/bin/git config --global --add safe.directory /home/runner/work/bb-scanner/bb-scanner
2026-10-01T17:09:54.0217312Z Deleting the contents of '/home/runner/work/bb-scanner/bb-scanner'
2026-10-01T17:09:54.0232654Z ##[group]Initializing the repository
2026-10-01T17:09:54.0234363Z [command]/usr/bin/git init /home/runner/work/bb-scanner/bb-scanner
2026-10-01T17:09:54.0397519Z hint: Using 'master' as the name for the initial branch. This default branch name
2026-10-01T17:09:54.0400103Z hint: will change to "main" in Git 3.0. To configure the initial branch name
2026-10-01T17:09:54.0402431Z hint: to use in all of your new repositories, which will suppress this warning,
2026-10-01T17:09:54.0404375Z hint: call:
2026-10-01T17:09:54.0406083Z hint:
2026-10-01T17:09:54.0407668Z hint: 	git config --global init.defaultBranch <name>
2026-10-01T17:09:54.0409791Z hint:
2026-10-01T17:09:54.0410674Z hint: Names commonly chosen instead of 'master' are 'main', 'trunk' and
2026-10-01T17:09:54.0411919Z hint: 'development'. The just-created branch can be renamed via this command:
2026-10-01T17:09:54.0412867Z hint:
2026-10-01T17:09:54.0413356Z hint: 	git branch -m <name>
2026-10-01T17:09:54.0413939Z hint:
2026-10-01T17:09:54.0414709Z hint: Disable this message with "git config set advice.defaultBranchName false"
2026-10-01T17:09:54.0417141Z Initialized empty Git repository in /home/runner/work/bb-scanner/bb-scanner/.git/
2026-10-01T17:09:54.0430616Z [command]/usr/bin/git remote add origin https://github.com/duuu-hub/bb-scanner
2026-10-01T17:09:54.0486853Z ##[endgroup]
2026-10-01T17:09:54.0488355Z ##[group]Disabling automatic garbage collection
2026-10-01T17:09:54.0491817Z [command]/usr/bin/git config --local gc.auto 0
2026-10-01T17:09:54.0529094Z ##[endgroup]
2026-10-01T17:09:54.0530618Z ##[group]Setting up auth
2026-10-01T17:09:54.0538230Z [command]/usr/bin/git config --local --name-only --get-regexp core\.sshCommand
2026-10-01T17:09:54.0610443Z [command]/usr/bin/git submodule foreach --recursive sh -c "git config --local --name-only --get-regexp 'core\.sshCommand' && git config --local --unset-all 'core.sshCommand' || :"
2026-10-01T17:09:54.1031225Z [command]/usr/bin/git config --local --name-only --get-regexp http\.https\:\/\/github\.com\/\.extraheader
2026-10-01T17:09:54.1072325Z [command]/usr/bin/git submodule foreach --recursive sh -c "git config --local --name-only --get-regexp 'http\.https\:\/\/github\.com\/\.extraheader' && git config --local --unset-all 'http.https://github.com/.extraheader' || :"
2026-10-01T17:09:54.1310992Z [command]/usr/bin/git config --local --name-only --get-regexp ^includeIf\.gitdir:
2026-10-01T17:09:54.1349205Z [command]/usr/bin/git submodule foreach --recursive git config --local --show-origin --name-only --get-regexp remote.origin.url
2026-10-01T17:09:54.1582971Z [command]/usr/bin/git config --local http.https://github.com/.extraheader AUTHORIZATION: basic ***
2026-10-01T17:09:54.1629684Z ##[endgroup]
2026-10-01T17:09:54.1630606Z ##[group]Fetching the repository
2026-10-01T17:09:54.1640784Z [command]/usr/bin/git -c protocol.version=2 fetch --no-tags --prune --no-recurse-submodules --depth=1 origin +e4c78b629ae0a0ff6cc4e9712385248588c89b32:refs/remotes/origin/research-compression-expansion-v4
2026-10-01T17:09:57.6603875Z From https://github.com/duuu-hub/bb-scanner
2026-10-01T17:09:57.6605281Z  * [new ref]         e4c78b629ae0a0ff6cc4e9712385248588c89b32 -> origin/research-compression-expansion-v4
2026-10-01T17:09:57.6608683Z ##[endgroup]
2026-10-01T17:09:57.6609726Z ##[group]Determining the checkout info
2026-10-01T17:09:57.6612622Z ##[endgroup]
2026-10-01T17:09:57.6619654Z [command]/usr/bin/git sparse-checkout disable
2026-10-01T17:09:57.6679852Z [command]/usr/bin/git config --local --unset-all extensions.worktreeConfig
2026-10-01T17:09:57.6716007Z ##[group]Checking out the ref
2026-10-01T17:09:57.6721872Z [command]/usr/bin/git checkout --progress --force -B research-compression-expansion-v4 refs/remotes/origin/research-compression-expansion-v4
2026-10-01T17:09:57.8938003Z Switched to a new branch 'research-compression-expansion-v4'
2026-10-01T17:09:57.8943679Z branch 'research-compression-expansion-v4' set up to track 'origin/research-compression-expansion-v4'.
2026-10-01T17:09:57.8957613Z ##[endgroup]
2026-10-01T17:09:57.9009711Z [command]/usr/bin/git log -1 --format=%H
2026-10-01T17:09:57.9037823Z e4c78b629ae0a0ff6cc4e9712385248588c89b32
2026-10-01T17:09:57.9312306Z ##[group]Run actions/setup-python@v5
2026-10-01T17:09:57.9312663Z with:
2026-10-01T17:09:57.9312884Z   python-version: 3.12
2026-10-01T17:09:57.9313121Z   check-latest: false
2026-10-01T17:09:57.9316188Z   token: ***
2026-10-01T17:09:57.9316433Z   update-environment: true
2026-10-01T17:09:57.9316699Z   allow-prereleases: false
2026-10-01T17:09:57.9316938Z   freethreaded: false
2026-10-01T17:09:57.9317157Z ##[endgroup]
2026-10-01T17:09:58.0644093Z ##[group]Installed versions
2026-10-01T17:09:58.0735651Z (node:2377) [DEP0040] DeprecationWarning: The `punycode` module is deprecated. Please use a userland alternative instead.
2026-10-01T17:09:58.0737256Z (Use `node --trace-deprecation ...` to show where the warning was created)
2026-10-01T17:09:58.0738057Z Successfully set up CPython (3.12.14)
2026-10-01T17:09:58.0738846Z ##[endgroup]
2026-10-01T17:09:58.0919796Z ##[group]Run pip install pandas==2.3.3 numpy==2.3.3
2026-10-01T17:09:58.0920525Z [36;1mpip install pandas==2.3.3 numpy==2.3.3[0m
2026-10-01T17:09:58.1348125Z shell: /usr/bin/bash -e {0}
2026-10-01T17:09:58.1348472Z env:
2026-10-01T17:09:58.1348801Z   pythonLocation: /opt/hostedtoolcache/Python/3.12.14/x64
2026-10-01T17:09:58.1349315Z   PKG_CONFIG_PATH: /opt/hostedtoolcache/Python/3.12.14/x64/lib/pkgconfig
2026-10-01T17:09:58.1349806Z   Python_ROOT_DIR: /opt/hostedtoolcache/Python/3.12.14/x64
2026-10-01T17:09:58.1350243Z   Python2_ROOT_DIR: /opt/hostedtoolcache/Python/3.12.14/x64
2026-10-01T17:09:58.1350673Z   Python3_ROOT_DIR: /opt/hostedtoolcache/Python/3.12.14/x64
2026-10-01T17:09:58.1351109Z   LD_LIBRARY_PATH: /opt/hostedtoolcache/Python/3.12.14/x64/lib
2026-10-01T17:09:58.1351475Z ##[endgroup]
2026-10-01T17:10:00.0580227Z Collecting pandas==2.3.3
2026-10-01T17:10:00.1080290Z   Downloading pandas-2.3.3-cp312-cp312-manylinux_2_24_x86_64.manylinux_2_28_x86_64.whl.metadata (91 kB)
2026-10-01T17:10:00.3505424Z Collecting numpy==2.3.3
2026-10-01T17:10:00.3582901Z   Downloading numpy-2.3.3-cp312-cp312-manylinux_2_27_x86_64.manylinux_2_28_x86_64.whl.metadata (62 kB)
2026-10-01T17:10:00.3879302Z Collecting python-dateutil>=2.8.2 (from pandas==2.3.3)
2026-10-01T17:10:00.3918286Z   Downloading python_dateutil-2.9.0.post0-py2.py3-none-any.whl.metadata (8.4 kB)
2026-10-01T17:10:00.4255567Z Collecting pytz>=2020.1 (from pandas==2.3.3)
2026-10-01T17:10:00.4289474Z   Downloading pytz-2026.4-py2.py3-none-any.whl.metadata (22 kB)
2026-10-01T17:10:00.4439953Z Collecting tzdata>=2022.7 (from pandas==2.3.3)
2026-10-01T17:10:00.4471552Z   Downloading tzdata-2026.4-py2.py3-none-any.whl.metadata (1.4 kB)
2026-10-01T17:10:00.4605486Z Collecting six>=1.5 (from python-dateutil>=2.8.2->pandas==2.3.3)
2026-10-01T17:10:00.4646108Z   Downloading six-1.17.0-py2.py3-none-any.whl.metadata (1.7 kB)
2026-10-01T17:10:00.4716902Z Downloading pandas-2.3.3-cp312-cp312-manylinux_2_24_x86_64.manylinux_2_28_x86_64.whl (12.4 MB)
2026-10-01T17:10:00.5190187Z    ━━━━━━━━━━━━━━━━━━━━━━━━━━━━━━━━━━━━━━━━ 12.4/12.4 MB 281.3 MB/s  0:00:00
2026-10-01T17:10:00.5248897Z Downloading numpy-2.3.3-cp312-cp312-manylinux_2_27_x86_64.manylinux_2_28_x86_64.whl (16.6 MB)
2026-10-01T17:10:00.6313497Z    ━━━━━━━━━━━━━━━━━━━━━━━━━━━━━━━━━━━━━━━━ 16.6/16.6 MB 158.2 MB/s  0:00:00
2026-10-01T17:10:00.6354498Z Downloading python_dateutil-2.9.0.post0-py2.py3-none-any.whl (229 kB)
2026-10-01T17:10:00.6425433Z Downloading pytz-2026.4-py2.py3-none-any.whl (506 kB)
2026-10-01T17:10:00.6488726Z Downloading six-1.17.0-py2.py3-none-any.whl (11 kB)
2026-10-01T17:10:00.6547769Z Downloading tzdata-2026.4-py2.py3-none-any.whl (347 kB)
2026-10-01T17:10:00.8703824Z Installing collected packages: pytz, tzdata, six, numpy, python-dateutil, pandas
2026-10-01T17:10:08.0174528Z 
2026-10-01T17:10:08.0188577Z Successfully installed numpy-2.3.3 pandas-2.3.3 python-dateutil-2.9.0.post0 pytz-2026.4 six-1.17.0 tzdata-2026.4
2026-10-01T17:10:08.0958940Z ##[group]Run actions/cache@v4
2026-10-01T17:10:08.0959217Z with:
2026-10-01T17:10:08.0959418Z   path: cache/1m
2026-10-01T17:10:08.0959844Z   key: compression-v4-dev-1m-shard-6
2026-10-01T17:10:08.0960204Z   restore-keys: day-edge-canon-v2-source-36095439671-shard-6

2026-10-01T17:10:08.0960571Z   enableCrossOsArchive: false
2026-10-01T17:10:08.0960823Z   fail-on-cache-miss: false
2026-10-01T17:10:08.0961063Z   lookup-only: false
2026-10-01T17:10:08.0961275Z   save-always: false
2026-10-01T17:10:08.0961487Z env:
2026-10-01T17:10:08.0961747Z   pythonLocation: /opt/hostedtoolcache/Python/3.12.14/x64
2026-10-01T17:10:08.0962179Z   PKG_CONFIG_PATH: /opt/hostedtoolcache/Python/3.12.14/x64/lib/pkgconfig
2026-10-01T17:10:08.0962620Z   Python_ROOT_DIR: /opt/hostedtoolcache/Python/3.12.14/x64
2026-10-01T17:10:08.0963014Z   Python2_ROOT_DIR: /opt/hostedtoolcache/Python/3.12.14/x64
2026-10-01T17:10:08.0963405Z   Python3_ROOT_DIR: /opt/hostedtoolcache/Python/3.12.14/x64
2026-10-01T17:10:08.0963827Z   LD_LIBRARY_PATH: /opt/hostedtoolcache/Python/3.12.14/x64/lib
2026-10-01T17:10:08.0964157Z ##[endgroup]
2026-10-01T17:10:08.2063695Z (node:2416) [DEP0040] DeprecationWarning: The `punycode` module is deprecated. Please use a userland alternative instead.
2026-10-01T17:10:08.2064983Z (Use `node --trace-deprecation ...` to show where the warning was created)
2026-10-01T17:10:08.4780248Z Cache not found for input keys: compression-v4-dev-1m-shard-6, day-edge-canon-v2-source-36095439671-shard-6
2026-10-01T17:10:08.4888800Z ##[group]Run actions/cache@v4
2026-10-01T17:10:08.4889098Z with:
2026-10-01T17:10:08.4889290Z   path: data
2026-10-01T17:10:08.4889519Z   key: frozen-source-36095439671-15m-shard-6
2026-10-01T17:10:08.4889829Z   enableCrossOsArchive: false
2026-10-01T17:10:08.4890084Z   fail-on-cache-miss: false
2026-10-01T17:10:08.4890325Z   lookup-only: false
2026-10-01T17:10:08.4890534Z   save-always: false
2026-10-01T17:10:08.4890737Z env:
2026-10-01T17:10:08.4890992Z   pythonLocation: /opt/hostedtoolcache/Python/3.12.14/x64
2026-10-01T17:10:08.4891450Z   PKG_CONFIG_PATH: /opt/hostedtoolcache/Python/3.12.14/x64/lib/pkgconfig
2026-10-01T17:10:08.4891889Z   Python_ROOT_DIR: /opt/hostedtoolcache/Python/3.12.14/x64
2026-10-01T17:10:08.4892291Z   Python2_ROOT_DIR: /opt/hostedtoolcache/Python/3.12.14/x64
2026-10-01T17:10:08.4892675Z   Python3_ROOT_DIR: /opt/hostedtoolcache/Python/3.12.14/x64
2026-10-01T17:10:08.4893081Z   LD_LIBRARY_PATH: /opt/hostedtoolcache/Python/3.12.14/x64/lib
2026-10-01T17:10:08.4893449Z ##[endgroup]
2026-10-01T17:10:08.5962430Z (node:2429) [DEP0040] DeprecationWarning: The `punycode` module is deprecated. Please use a userland alternative instead.
2026-10-01T17:10:08.5963449Z (Use `node --trace-deprecation ...` to show where the warning was created)
2026-10-01T17:10:08.8455311Z Cache not found for input keys: frozen-source-36095439671-15m-shard-6
2026-10-01T17:10:08.8582117Z ##[group]Run gh run download 36095439671 -R duuu-hub/bb-scanner -n rank5-binance-um-15m-5y-data-shard-6 -D data
2026-10-01T17:10:08.8583193Z [36;1mgh run download 36095439671 -R duuu-hub/bb-scanner -n rank5-binance-um-15m-5y-data-shard-6 -D data[0m
2026-10-01T17:10:08.8651931Z shell: /usr/bin/bash -e {0}
2026-10-01T17:10:08.8652201Z env:
2026-10-01T17:10:08.8652488Z   pythonLocation: /opt/hostedtoolcache/Python/3.12.14/x64
2026-10-01T17:10:08.8652961Z   PKG_CONFIG_PATH: /opt/hostedtoolcache/Python/3.12.14/x64/lib/pkgconfig
2026-10-01T17:10:08.8653415Z   Python_ROOT_DIR: /opt/hostedtoolcache/Python/3.12.14/x64
2026-10-01T17:10:08.8653809Z   Python2_ROOT_DIR: /opt/hostedtoolcache/Python/3.12.14/x64
2026-10-01T17:10:08.8654199Z   Python3_ROOT_DIR: /opt/hostedtoolcache/Python/3.12.14/x64
2026-10-01T17:10:08.8654595Z   LD_LIBRARY_PATH: /opt/hostedtoolcache/Python/3.12.14/x64/lib
2026-10-01T17:10:08.8657920Z   GH_TOKEN: ***
2026-10-01T17:10:08.8658145Z ##[endgroup]
2026-10-01T17:10:17.8970384Z ##[group]Run gh run download 36858492497 -R duuu-hub/bb-scanner -n day-edge-v2-btc -D btc
2026-10-01T17:10:17.8971044Z [36;1mgh run download 36858492497 -R duuu-hub/bb-scanner -n day-edge-v2-btc -D btc[0m
2026-10-01T17:10:17.9034354Z shell: /usr/bin/bash -e {0}
2026-10-01T17:10:17.9034833Z env:
2026-10-01T17:10:17.9035116Z   pythonLocation: /opt/hostedtoolcache/Python/3.12.14/x64
2026-10-01T17:10:17.9035576Z   PKG_CONFIG_PATH: /opt/hostedtoolcache/Python/3.12.14/x64/lib/pkgconfig
2026-10-01T17:10:17.9036237Z   Python_ROOT_DIR: /opt/hostedtoolcache/Python/3.12.14/x64
2026-10-01T17:10:17.9036630Z   Python2_ROOT_DIR: /opt/hostedtoolcache/Python/3.12.14/x64
2026-10-01T17:10:17.9037020Z   Python3_ROOT_DIR: /opt/hostedtoolcache/Python/3.12.14/x64
2026-10-01T17:10:17.9037413Z   LD_LIBRARY_PATH: /opt/hostedtoolcache/Python/3.12.14/x64/lib
2026-10-01T17:10:17.9040399Z   GH_TOKEN: ***
2026-10-01T17:10:17.9040627Z ##[endgroup]
2026-10-01T17:10:19.8058420Z ##[group]Run gh run download 36095439671 -R duuu-hub/bb-scanner -n rank5-binance-um-15m-5y-manifest-shard-6 -D source-manifest
2026-10-01T17:10:19.8060032Z [36;1mgh run download 36095439671 -R duuu-hub/bb-scanner -n rank5-binance-um-15m-5y-manifest-shard-6 -D source-manifest[0m
2026-10-01T17:10:19.8062098Z [36;1mpython scripts/research_evidence_archive.py verify-source --data data --manifests source-manifest --baseline research/compression-expansion-v4/FROZEN_INPUT_HASHES.json --out dev-6/source_check.json[0m
2026-10-01T17:10:19.8154416Z shell: /usr/bin/bash -e {0}
2026-10-01T17:10:19.8154880Z env:
2026-10-01T17:10:19.8155340Z   pythonLocation: /opt/hostedtoolcache/Python/3.12.14/x64
2026-10-01T17:10:19.8156660Z   PKG_CONFIG_PATH: /opt/hostedtoolcache/Python/3.12.14/x64/lib/pkgconfig
2026-10-01T17:10:19.8157255Z   Python_ROOT_DIR: /opt/hostedtoolcache/Python/3.12.14/x64
2026-10-01T17:10:19.8157768Z   Python2_ROOT_DIR: /opt/hostedtoolcache/Python/3.12.14/x64
2026-10-01T17:10:19.8158319Z   Python3_ROOT_DIR: /opt/hostedtoolcache/Python/3.12.14/x64
2026-10-01T17:10:19.8158819Z   LD_LIBRARY_PATH: /opt/hostedtoolcache/Python/3.12.14/x64/lib
2026-10-01T17:10:19.8162985Z   GH_TOKEN: ***
2026-10-01T17:10:19.8163264Z ##[endgroup]
2026-10-01T17:10:26.6347459Z FROZEN_SOURCE_VERIFIED 107 files 28 prior SHA256 matches
2026-10-01T17:10:26.6843905Z ##[group]Run python scripts/compression_expansion_v4.py scan --stage DEV --data data --btc btc/BTCUSDT.csv.gz --out dev-6 --minute-cache cache/1m
2026-10-01T17:10:26.6846309Z [36;1mpython scripts/compression_expansion_v4.py scan --stage DEV --data data --btc btc/BTCUSDT.csv.gz --out dev-6 --minute-cache cache/1m[0m
2026-10-01T17:10:26.6937226Z shell: /usr/bin/bash -e {0}
2026-10-01T17:10:26.6937679Z env:
2026-10-01T17:10:26.6938168Z   pythonLocation: /opt/hostedtoolcache/Python/3.12.14/x64
2026-10-01T17:10:26.6938965Z   PKG_CONFIG_PATH: /opt/hostedtoolcache/Python/3.12.14/x64/lib/pkgconfig
2026-10-01T17:10:26.6939753Z   Python_ROOT_DIR: /opt/hostedtoolcache/Python/3.12.14/x64
2026-10-01T17:10:26.6940472Z   Python2_ROOT_DIR: /opt/hostedtoolcache/Python/3.12.14/x64
2026-10-01T17:10:26.6941211Z   Python3_ROOT_DIR: /opt/hostedtoolcache/Python/3.12.14/x64
2026-10-01T17:10:26.6941946Z   LD_LIBRARY_PATH: /opt/hostedtoolcache/Python/3.12.14/x64/lib
2026-10-01T17:10:26.6942625Z ##[endgroup]
2026-10-01T17:10:30.6471339Z EXPANSION_SCAN DEV 16 / 107 outcomes 2154
2026-10-01T17:10:31.8757508Z EXPANSION_SCAN DEV 24 / 107 outcomes 3030
2026-10-01T17:10:36.3865260Z EXPANSION_SCAN DEV 72 / 107 outcomes 4920
2026-10-01T17:10:42.3428649Z EXPANSION_SCAN DEV 80 / 107 outcomes 7026
2026-10-01T17:10:48.1545218Z EXPANSION_SCAN DEV 96 / 107 outcomes 9120
2026-10-01T17:10:49.2062349Z EXPANSION_SCAN DEV 104 / 107 outcomes 10170
2026-10-01T17:10:49.8716080Z EXPANSION_SCAN_DONE DEV 10290 excluded 0
2026-10-01T17:10:49.9463549Z ##[group]Run actions/upload-artifact@v4
2026-10-01T17:10:49.9463852Z with:
2026-10-01T17:10:49.9464065Z   name: compression-v4-dev-6
2026-10-01T17:10:49.9464310Z   path: dev-6/
2026-10-01T17:10:49.9464512Z   retention-days: 30
2026-10-01T17:10:49.9464735Z   compression-level: 0
2026-10-01T17:10:49.9464965Z   if-no-files-found: warn
2026-10-01T17:10:49.9465188Z   overwrite: false
2026-10-01T17:10:49.9465405Z   include-hidden-files: false
2026-10-01T17:10:49.9465639Z env:
2026-10-01T17:10:49.9466102Z   pythonLocation: /opt/hostedtoolcache/Python/3.12.14/x64
2026-10-01T17:10:49.9466746Z   PKG_CONFIG_PATH: /opt/hostedtoolcache/Python/3.12.14/x64/lib/pkgconfig
2026-10-01T17:10:49.9467180Z   Python_ROOT_DIR: /opt/hostedtoolcache/Python/3.12.14/x64
2026-10-01T17:10:49.9467559Z   Python2_ROOT_DIR: /opt/hostedtoolcache/Python/3.12.14/x64
2026-10-01T17:10:49.9467936Z   Python3_ROOT_DIR: /opt/hostedtoolcache/Python/3.12.14/x64
2026-10-01T17:10:49.9468358Z   LD_LIBRARY_PATH: /opt/hostedtoolcache/Python/3.12.14/x64/lib
2026-10-01T17:10:49.9468682Z ##[endgroup]
2026-10-01T17:10:50.1250375Z (node:2479) [DEP0040] DeprecationWarning: The `punycode` module is deprecated. Please use a userland alternative instead.
2026-10-01T17:10:50.1251144Z (Use `node --trace-deprecation ...` to show where the warning was created)
2026-10-01T17:10:50.1357429Z With the provided path, there will be 5 files uploaded
2026-10-01T17:10:50.1358065Z Artifact name is valid!
2026-10-01T17:10:50.1358456Z Root directory input is valid!
2026-10-01T17:10:50.5663683Z Beginning upload of artifact content to blob storage
2026-10-01T17:10:50.6023435Z (node:2479) [DEP0169] DeprecationWarning: `url.parse()` behavior is not standardized and prone to errors that have security implications. Use the WHATWG URL API instead. CVEs are not issued for `url.parse()` vulnerabilities.
2026-10-01T17:10:51.1472414Z Uploaded bytes 397404
2026-10-01T17:10:51.2215009Z Finished uploading artifact content to blob storage!
2026-10-01T17:10:51.2216425Z SHA256 digest of uploaded artifact zip is 0d028b59c351fa1de427f478b4e9dd6458904e9d98fafcd93972064b5ca76bb1
2026-10-01T17:10:51.2218992Z Finalizing artifact upload
2026-10-01T17:10:51.5213459Z Artifact compression-v4-dev-6.zip successfully finalized. Artifact ID 11179709407
2026-10-01T17:10:51.5215202Z Artifact compression-v4-dev-6 has been successfully uploaded! Final size is 397404 bytes. Artifact ID is 11179709407
2026-10-01T17:10:51.5223535Z Artifact download URL: https://github.com/duuu-hub/bb-scanner/actions/runs/36897289990/artifacts/11179709407
2026-10-01T17:10:51.5391086Z Post job cleanup.
2026-10-01T17:10:51.6506364Z (node:2492) [DEP0040] DeprecationWarning: The `punycode` module is deprecated. Please use a userland alternative instead.
2026-10-01T17:10:51.6507623Z (Use `node --trace-deprecation ...` to show where the warning was created)
2026-10-01T17:10:51.6713798Z [command]/usr/bin/tar --posix -cf cache.tzst --exclude cache.tzst -P -C /home/runner/work/bb-scanner/bb-scanner --files-from manifest.txt --use-compress-program zstdmt
2026-10-01T17:10:52.2124723Z (node:2492) [DEP0169] DeprecationWarning: `url.parse()` behavior is not standardized and prone to errors that have security implications. Use the WHATWG URL API instead. CVEs are not issued for `url.parse()` vulnerabilities.
2026-10-01T17:10:53.1999330Z Sent 8802718 of 210129310 (4.2%), 8.4 MBs/sec
2026-10-01T17:10:54.2008611Z Sent 143020446 of 210129310 (68.1%), 68.1 MBs/sec
2026-10-01T17:10:54.3248688Z Sent 210129310 of 210129310 (100.0%), 94.3 MBs/sec
2026-10-01T17:10:54.5116626Z Cache saved with key: frozen-source-36095439671-15m-shard-6
2026-10-01T17:10:54.5295644Z Post job cleanup.
2026-10-01T17:10:54.6391765Z (node:2513) [DEP0040] DeprecationWarning: The `punycode` module is deprecated. Please use a userland alternative instead.
2026-10-01T17:10:54.6392799Z (Use `node --trace-deprecation ...` to show where the warning was created)
2026-10-01T17:10:54.6562971Z [command]/usr/bin/tar --posix -cf cache.tzst --exclude cache.tzst -P -C /home/runner/work/bb-scanner/bb-scanner --files-from manifest.txt --use-compress-program zstdmt
2026-10-01T17:10:54.9635446Z (node:2513) [DEP0169] DeprecationWarning: `url.parse()` behavior is not standardized and prone to errors that have security implications. Use the WHATWG URL API instead. CVEs are not issued for `url.parse()` vulnerabilities.
2026-10-01T17:10:55.6907762Z Sent 2203037 of 2203037 (100.0%), 2.9 MBs/sec
2026-10-01T17:10:55.8345851Z Cache saved with key: compression-v4-dev-1m-shard-6
2026-10-01T17:10:55.8490405Z Post job cleanup.
2026-10-01T17:10:55.9752155Z (node:2533) [DEP0040] DeprecationWarning: The `punycode` module is deprecated. Please use a userland alternative instead.
2026-10-01T17:10:55.9753589Z (Use `node --trace-deprecation ...` to show where the warning was created)
2026-10-01T17:10:55.9954006Z Post job cleanup.
2026-10-01T17:10:56.0945971Z [command]/usr/bin/git version
2026-10-01T17:10:56.0994264Z git version 2.55.0
2026-10-01T17:10:56.1038268Z Temporarily overriding HOME='/home/runner/work/_temp/379aad4c-9904-456a-aca9-4f1a7c738404' before making global git config changes
2026-10-01T17:10:56.1039965Z Adding repository directory to the temporary git global config as a safe directory
2026-10-01T17:10:56.1045142Z [command]/usr/bin/git config --global --add safe.directory /home/runner/work/bb-scanner/bb-scanner
2026-10-01T17:10:56.1091441Z [command]/usr/bin/git config --local --name-only --get-regexp core\.sshCommand
2026-10-01T17:10:56.1134415Z [command]/usr/bin/git submodule foreach --recursive sh -c "git config --local --name-only --get-regexp 'core\.sshCommand' && git config --local --unset-all 'core.sshCommand' || :"
2026-10-01T17:10:56.1399971Z [command]/usr/bin/git config --local --name-only --get-regexp http\.https\:\/\/github\.com\/\.extraheader
2026-10-01T17:10:56.1432076Z http.https://github.com/.extraheader
2026-10-01T17:10:56.1443749Z [command]/usr/bin/git config --local --unset-all http.https://github.com/.extraheader
2026-10-01T17:10:56.1484485Z [command]/usr/bin/git submodule foreach --recursive sh -c "git config --local --name-only --get-regexp 'http\.https\:\/\/github\.com\/\.extraheader' && git config --local --unset-all 'http.https://github.com/.extraheader' || :"
2026-10-01T17:10:56.1822886Z [command]/usr/bin/git config --local --name-only --get-regexp ^includeIf\.gitdir:
2026-10-01T17:10:56.1867389Z [command]/usr/bin/git submodule foreach --recursive git config --local --show-origin --name-only --get-regexp remote.origin.url
2026-10-01T17:10:56.2273251Z Cleaning up orphan processes
2026-10-01T17:10:56.2595540Z ##[warning]Node.js 20 is deprecated. The following actions target Node.js 20 but are being forced to run on Node.js 24: actions/cache@v4, actions/checkout@v4, actions/setup-python@v5, actions/upload-artifact@v4. For more information see: https://github.blog/changelog/2025-09-19-deprecation-of-node-20-on-github-actions-runners/
