2026-10-01T17:09:51.0575541Z Current runner version: '2.337.0'
2026-10-01T17:09:51.0613497Z ##[group]Runner Image Provisioner
2026-10-01T17:09:51.0614921Z Hosted Compute Agent
2026-10-01T17:09:51.0615872Z Version: 20260901.588
2026-10-01T17:09:51.0616941Z Commit: f88ec8081b781fac6c440065ac7ff9e710ce3d0b
2026-10-01T17:09:51.0618797Z Build Date: 2026-09-01T19:56:44Z
2026-10-01T17:09:51.0619974Z Worker ID: {84877cdc-707b-4865-aabb-30e7980418c7}
2026-10-01T17:09:51.0621191Z Azure Region: eastus
2026-10-01T17:09:51.0622367Z ##[endgroup]
2026-10-01T17:09:51.0625157Z ##[group]Operating System
2026-10-01T17:09:51.0626283Z Ubuntu
2026-10-01T17:09:51.0627141Z 24.04.5
2026-10-01T17:09:51.0628080Z LTS
2026-10-01T17:09:51.0628948Z ##[endgroup]
2026-10-01T17:09:51.0629821Z ##[group]Runner Image
2026-10-01T17:09:51.0630998Z Image: ubuntu-24.04
2026-10-01T17:09:51.0632014Z Version: 20260927.320.1
2026-10-01T17:09:51.0634509Z Included Software: https://github.com/actions/runner-images/blob/ubuntu24/20260927.320/images/ubuntu/Ubuntu2404-Readme.md
2026-10-01T17:09:51.0637242Z Image Release: https://github.com/actions/runner-images/releases/tag/ubuntu24%2F20260927.320
2026-10-01T17:09:51.0639035Z ##[endgroup]
2026-10-01T17:09:51.0641207Z ##[group]GITHUB_TOKEN Permissions
2026-10-01T17:09:51.0644611Z Actions: read
2026-10-01T17:09:51.0645565Z Contents: read
2026-10-01T17:09:51.0646713Z Metadata: read
2026-10-01T17:09:51.0647762Z ##[endgroup]
2026-10-01T17:09:51.0651021Z Secret source: Actions
2026-10-01T17:09:51.0652647Z Cache mode: write
2026-10-01T17:09:51.0654587Z Prepare workflow directory
2026-10-01T17:09:51.1163645Z Prepare all required actions
2026-10-01T17:09:51.1243906Z Getting action download info
2026-10-01T17:09:51.3724693Z Download action repository 'actions/checkout@v4' (SHA:11d5960a326750d5838078e36cf38b85af677262)
2026-10-01T17:09:51.4727995Z Download action repository 'actions/setup-python@v5' (SHA:a26af69be951a213d495a4c3e4e4022e16d87065)
2026-10-01T17:09:51.5606443Z Download action repository 'actions/cache@v4' (SHA:0057852bfaa89a56745cba8c7296529d2fc39830)
2026-10-01T17:09:51.6623221Z Download action repository 'actions/upload-artifact@v4' (SHA:ea165f8d65b6e75b540449e92b4886f43607fa02)
2026-10-01T17:09:51.8981383Z Complete job name: development (0)
2026-10-01T17:09:51.9835304Z ##[group]Run actions/checkout@v4
2026-10-01T17:09:51.9836225Z with:
2026-10-01T17:09:51.9836688Z   repository: duuu-hub/bb-scanner
2026-10-01T17:09:51.9840576Z   token: ***
2026-10-01T17:09:51.9841009Z   ssh-strict: true
2026-10-01T17:09:51.9841448Z   ssh-user: git
2026-10-01T17:09:51.9841899Z   persist-credentials: true
2026-10-01T17:09:51.9842389Z   clean: true
2026-10-01T17:09:51.9843043Z   sparse-checkout-cone-mode: true
2026-10-01T17:09:51.9843588Z   fetch-depth: 1
2026-10-01T17:09:51.9844023Z   fetch-tags: false
2026-10-01T17:09:51.9844465Z   show-progress: true
2026-10-01T17:09:51.9844916Z   lfs: false
2026-10-01T17:09:51.9845331Z   submodules: false
2026-10-01T17:09:51.9845779Z   set-safe-directory: true
2026-10-01T17:09:51.9846305Z   allow-unsafe-pr-checkout: false
2026-10-01T17:09:51.9847128Z ##[endgroup]
2026-10-01T17:09:52.1014210Z Syncing repository: duuu-hub/bb-scanner
2026-10-01T17:09:52.1016832Z ##[group]Getting Git version info
2026-10-01T17:09:52.1018062Z Working directory is '/home/runner/work/bb-scanner/bb-scanner'
2026-10-01T17:09:52.1019679Z [command]/usr/bin/git version
2026-10-01T17:09:52.1230213Z git version 2.55.0
2026-10-01T17:09:52.1257705Z ##[endgroup]
2026-10-01T17:09:52.1287370Z Temporarily overriding HOME='/home/runner/work/_temp/d9bd5064-488a-4577-8dcb-b93a7f606b89' before making global git config changes
2026-10-01T17:09:52.1294822Z Adding repository directory to the temporary git global config as a safe directory
2026-10-01T17:09:52.1308043Z [command]/usr/bin/git config --global --add safe.directory /home/runner/work/bb-scanner/bb-scanner
2026-10-01T17:09:52.1376294Z Deleting the contents of '/home/runner/work/bb-scanner/bb-scanner'
2026-10-01T17:09:52.1381216Z ##[group]Initializing the repository
2026-10-01T17:09:52.1387127Z [command]/usr/bin/git init /home/runner/work/bb-scanner/bb-scanner
2026-10-01T17:09:52.1542140Z hint: Using 'master' as the name for the initial branch. This default branch name
2026-10-01T17:09:52.1575202Z hint: will change to "main" in Git 3.0. To configure the initial branch name
2026-10-01T17:09:52.1587884Z hint: to use in all of your new repositories, which will suppress this warning,
2026-10-01T17:09:52.1589609Z hint: call:
2026-10-01T17:09:52.1590449Z hint:
2026-10-01T17:09:52.1591381Z hint: 	git config --global init.defaultBranch <name>
2026-10-01T17:09:52.1592578Z hint:
2026-10-01T17:09:52.1593944Z hint: Names commonly chosen instead of 'master' are 'main', 'trunk' and
2026-10-01T17:09:52.1595814Z hint: 'development'. The just-created branch can be renamed via this command:
2026-10-01T17:09:52.1597248Z hint:
2026-10-01T17:09:52.1598267Z hint: 	git branch -m <name>
2026-10-01T17:09:52.1599647Z hint:
2026-10-01T17:09:52.1601203Z hint: Disable this message with "git config set advice.defaultBranchName false"
2026-10-01T17:09:52.1603649Z Initialized empty Git repository in /home/runner/work/bb-scanner/bb-scanner/.git/
2026-10-01T17:09:52.1607010Z [command]/usr/bin/git remote add origin https://github.com/duuu-hub/bb-scanner
2026-10-01T17:09:52.1657526Z ##[endgroup]
2026-10-01T17:09:52.1659621Z ##[group]Disabling automatic garbage collection
2026-10-01T17:09:52.1663887Z [command]/usr/bin/git config --local gc.auto 0
2026-10-01T17:09:52.1707589Z ##[endgroup]
2026-10-01T17:09:52.1708967Z ##[group]Setting up auth
2026-10-01T17:09:52.1714370Z [command]/usr/bin/git config --local --name-only --get-regexp core\.sshCommand
2026-10-01T17:09:52.1760967Z [command]/usr/bin/git submodule foreach --recursive sh -c "git config --local --name-only --get-regexp 'core\.sshCommand' && git config --local --unset-all 'core.sshCommand' || :"
2026-10-01T17:09:52.2167310Z [command]/usr/bin/git config --local --name-only --get-regexp http\.https\:\/\/github\.com\/\.extraheader
2026-10-01T17:09:52.2208940Z [command]/usr/bin/git submodule foreach --recursive sh -c "git config --local --name-only --get-regexp 'http\.https\:\/\/github\.com\/\.extraheader' && git config --local --unset-all 'http.https://github.com/.extraheader' || :"
2026-10-01T17:09:52.2447713Z [command]/usr/bin/git config --local --name-only --get-regexp ^includeIf\.gitdir:
2026-10-01T17:09:52.2562406Z [command]/usr/bin/git submodule foreach --recursive git config --local --show-origin --name-only --get-regexp remote.origin.url
2026-10-01T17:09:52.2747245Z [command]/usr/bin/git config --local http.https://github.com/.extraheader AUTHORIZATION: basic ***
2026-10-01T17:09:52.2791202Z ##[endgroup]
2026-10-01T17:09:52.2792507Z ##[group]Fetching the repository
2026-10-01T17:09:52.2802044Z [command]/usr/bin/git -c protocol.version=2 fetch --no-tags --prune --no-recurse-submodules --depth=1 origin +e4c78b629ae0a0ff6cc4e9712385248588c89b32:refs/remotes/origin/research-compression-expansion-v4
2026-10-01T17:09:52.9977630Z From https://github.com/duuu-hub/bb-scanner
2026-10-01T17:09:52.9980470Z  * [new ref]         e4c78b629ae0a0ff6cc4e9712385248588c89b32 -> origin/research-compression-expansion-v4
2026-10-01T17:09:52.9985570Z ##[endgroup]
2026-10-01T17:09:52.9986857Z ##[group]Determining the checkout info
2026-10-01T17:09:52.9988415Z ##[endgroup]
2026-10-01T17:09:52.9990639Z [command]/usr/bin/git sparse-checkout disable
2026-10-01T17:09:53.0054777Z [command]/usr/bin/git config --local --unset-all extensions.worktreeConfig
2026-10-01T17:09:53.0095170Z ##[group]Checking out the ref
2026-10-01T17:09:53.0100258Z [command]/usr/bin/git checkout --progress --force -B research-compression-expansion-v4 refs/remotes/origin/research-compression-expansion-v4
2026-10-01T17:09:53.2256107Z Switched to a new branch 'research-compression-expansion-v4'
2026-10-01T17:09:53.2261131Z branch 'research-compression-expansion-v4' set up to track 'origin/research-compression-expansion-v4'.
2026-10-01T17:09:53.2273398Z ##[endgroup]
2026-10-01T17:09:53.2324557Z [command]/usr/bin/git log -1 --format=%H
2026-10-01T17:09:53.2353718Z e4c78b629ae0a0ff6cc4e9712385248588c89b32
2026-10-01T17:09:53.2657070Z ##[group]Run actions/setup-python@v5
2026-10-01T17:09:53.2657680Z with:
2026-10-01T17:09:53.2658091Z   python-version: 3.12
2026-10-01T17:09:53.2658560Z   check-latest: false
2026-10-01T17:09:53.2661830Z   token: ***
2026-10-01T17:09:53.2662300Z   update-environment: true
2026-10-01T17:09:53.2662942Z   allow-prereleases: false
2026-10-01T17:09:53.2663408Z   freethreaded: false
2026-10-01T17:09:53.2663834Z ##[endgroup]
2026-10-01T17:09:53.4050283Z ##[group]Installed versions
2026-10-01T17:09:53.4148497Z (node:2312) [DEP0040] DeprecationWarning: The `punycode` module is deprecated. Please use a userland alternative instead.
2026-10-01T17:09:53.4150370Z (Use `node --trace-deprecation ...` to show where the warning was created)
2026-10-01T17:09:53.4151466Z Successfully set up CPython (3.12.14)
2026-10-01T17:09:53.4153000Z ##[endgroup]
2026-10-01T17:09:53.4371222Z ##[group]Run pip install pandas==2.3.3 numpy==2.3.3
2026-10-01T17:09:53.4371982Z [36;1mpip install pandas==2.3.3 numpy==2.3.3[0m
2026-10-01T17:09:53.4729296Z shell: /usr/bin/bash -e {0}
2026-10-01T17:09:53.4729978Z env:
2026-10-01T17:09:53.4730610Z   pythonLocation: /opt/hostedtoolcache/Python/3.12.14/x64
2026-10-01T17:09:53.4731537Z   PKG_CONFIG_PATH: /opt/hostedtoolcache/Python/3.12.14/x64/lib/pkgconfig
2026-10-01T17:09:53.4732447Z   Python_ROOT_DIR: /opt/hostedtoolcache/Python/3.12.14/x64
2026-10-01T17:09:53.4733500Z   Python2_ROOT_DIR: /opt/hostedtoolcache/Python/3.12.14/x64
2026-10-01T17:09:53.4734330Z   Python3_ROOT_DIR: /opt/hostedtoolcache/Python/3.12.14/x64
2026-10-01T17:09:53.4735159Z   LD_LIBRARY_PATH: /opt/hostedtoolcache/Python/3.12.14/x64/lib
2026-10-01T17:09:53.4735770Z ##[endgroup]
2026-10-01T17:09:54.6228792Z Collecting pandas==2.3.3
2026-10-01T17:09:54.6764886Z   Downloading pandas-2.3.3-cp312-cp312-manylinux_2_24_x86_64.manylinux_2_28_x86_64.whl.metadata (91 kB)
2026-10-01T17:09:54.9309417Z Collecting numpy==2.3.3
2026-10-01T17:09:54.9345998Z   Downloading numpy-2.3.3-cp312-cp312-manylinux_2_27_x86_64.manylinux_2_28_x86_64.whl.metadata (62 kB)
2026-10-01T17:09:54.9619467Z Collecting python-dateutil>=2.8.2 (from pandas==2.3.3)
2026-10-01T17:09:54.9660138Z   Downloading python_dateutil-2.9.0.post0-py2.py3-none-any.whl.metadata (8.4 kB)
2026-10-01T17:09:55.0011542Z Collecting pytz>=2020.1 (from pandas==2.3.3)
2026-10-01T17:09:55.0216751Z   Downloading pytz-2026.4-py2.py3-none-any.whl.metadata (22 kB)
2026-10-01T17:09:55.0410850Z Collecting tzdata>=2022.7 (from pandas==2.3.3)
2026-10-01T17:09:55.0453308Z   Downloading tzdata-2026.4-py2.py3-none-any.whl.metadata (1.4 kB)
2026-10-01T17:09:55.0604331Z Collecting six>=1.5 (from python-dateutil>=2.8.2->pandas==2.3.3)
2026-10-01T17:09:55.0644243Z   Downloading six-1.17.0-py2.py3-none-any.whl.metadata (1.7 kB)
2026-10-01T17:09:55.0734792Z Downloading pandas-2.3.3-cp312-cp312-manylinux_2_24_x86_64.manylinux_2_28_x86_64.whl (12.4 MB)
2026-10-01T17:09:55.1267543Z    ━━━━━━━━━━━━━━━━━━━━━━━━━━━━━━━━━━━━━━━━ 12.4/12.4 MB 256.8 MB/s  0:00:00
2026-10-01T17:09:55.1311828Z Downloading numpy-2.3.3-cp312-cp312-manylinux_2_27_x86_64.manylinux_2_28_x86_64.whl (16.6 MB)
2026-10-01T17:09:55.2524861Z    ━━━━━━━━━━━━━━━━━━━━━━━━━━━━━━━━━━━━━━━━ 16.6/16.6 MB 138.5 MB/s  0:00:00
2026-10-01T17:09:55.2561550Z Downloading python_dateutil-2.9.0.post0-py2.py3-none-any.whl (229 kB)
2026-10-01T17:09:55.2627893Z Downloading pytz-2026.4-py2.py3-none-any.whl (506 kB)
2026-10-01T17:09:55.2698733Z Downloading six-1.17.0-py2.py3-none-any.whl (11 kB)
2026-10-01T17:09:55.2772676Z Downloading tzdata-2026.4-py2.py3-none-any.whl (347 kB)
2026-10-01T17:09:55.4551754Z Installing collected packages: pytz, tzdata, six, numpy, python-dateutil, pandas
2026-10-01T17:10:03.1220109Z 
2026-10-01T17:10:03.1242407Z Successfully installed numpy-2.3.3 pandas-2.3.3 python-dateutil-2.9.0.post0 pytz-2026.4 six-1.17.0 tzdata-2026.4
2026-10-01T17:10:03.2301480Z ##[group]Run actions/cache@v4
2026-10-01T17:10:03.2301943Z with:
2026-10-01T17:10:03.2302271Z   path: cache/1m
2026-10-01T17:10:03.2303170Z   key: compression-v4-dev-1m-shard-0
2026-10-01T17:10:03.2303783Z   restore-keys: day-edge-canon-v2-source-36095439671-shard-0

2026-10-01T17:10:03.2304399Z   enableCrossOsArchive: false
2026-10-01T17:10:03.2304888Z   fail-on-cache-miss: false
2026-10-01T17:10:03.2305288Z   lookup-only: false
2026-10-01T17:10:03.2305643Z   save-always: false
2026-10-01T17:10:03.2305864Z env:
2026-10-01T17:10:03.2306133Z   pythonLocation: /opt/hostedtoolcache/Python/3.12.14/x64
2026-10-01T17:10:03.2306602Z   PKG_CONFIG_PATH: /opt/hostedtoolcache/Python/3.12.14/x64/lib/pkgconfig
2026-10-01T17:10:03.2307062Z   Python_ROOT_DIR: /opt/hostedtoolcache/Python/3.12.14/x64
2026-10-01T17:10:03.2307447Z   Python2_ROOT_DIR: /opt/hostedtoolcache/Python/3.12.14/x64
2026-10-01T17:10:03.2308115Z   Python3_ROOT_DIR: /opt/hostedtoolcache/Python/3.12.14/x64
2026-10-01T17:10:03.2308638Z   LD_LIBRARY_PATH: /opt/hostedtoolcache/Python/3.12.14/x64/lib
2026-10-01T17:10:03.2308980Z ##[endgroup]
2026-10-01T17:10:03.3581619Z (node:2350) [DEP0040] DeprecationWarning: The `punycode` module is deprecated. Please use a userland alternative instead.
2026-10-01T17:10:03.3583416Z (Use `node --trace-deprecation ...` to show where the warning was created)
2026-10-01T17:10:03.7103713Z Cache not found for input keys: compression-v4-dev-1m-shard-0, day-edge-canon-v2-source-36095439671-shard-0
2026-10-01T17:10:03.7225341Z ##[group]Run actions/cache@v4
2026-10-01T17:10:03.7225631Z with:
2026-10-01T17:10:03.7225823Z   path: data
2026-10-01T17:10:03.7226045Z   key: frozen-source-36095439671-15m-shard-0
2026-10-01T17:10:03.7226347Z   enableCrossOsArchive: false
2026-10-01T17:10:03.7226600Z   fail-on-cache-miss: false
2026-10-01T17:10:03.7226833Z   lookup-only: false
2026-10-01T17:10:03.7227039Z   save-always: false
2026-10-01T17:10:03.7227237Z env:
2026-10-01T17:10:03.7227500Z   pythonLocation: /opt/hostedtoolcache/Python/3.12.14/x64
2026-10-01T17:10:03.7227954Z   PKG_CONFIG_PATH: /opt/hostedtoolcache/Python/3.12.14/x64/lib/pkgconfig
2026-10-01T17:10:03.7228380Z   Python_ROOT_DIR: /opt/hostedtoolcache/Python/3.12.14/x64
2026-10-01T17:10:03.7228784Z   Python2_ROOT_DIR: /opt/hostedtoolcache/Python/3.12.14/x64
2026-10-01T17:10:03.7229172Z   Python3_ROOT_DIR: /opt/hostedtoolcache/Python/3.12.14/x64
2026-10-01T17:10:03.7229559Z   LD_LIBRARY_PATH: /opt/hostedtoolcache/Python/3.12.14/x64/lib
2026-10-01T17:10:03.7229916Z ##[endgroup]
2026-10-01T17:10:03.8356281Z (node:2363) [DEP0040] DeprecationWarning: The `punycode` module is deprecated. Please use a userland alternative instead.
2026-10-01T17:10:03.8357488Z (Use `node --trace-deprecation ...` to show where the warning was created)
2026-10-01T17:10:03.9096448Z Cache not found for input keys: frozen-source-36095439671-15m-shard-0
2026-10-01T17:10:03.9226897Z ##[group]Run gh run download 36095439671 -R duuu-hub/bb-scanner -n rank5-binance-um-15m-5y-data-shard-0 -D data
2026-10-01T17:10:03.9227779Z [36;1mgh run download 36095439671 -R duuu-hub/bb-scanner -n rank5-binance-um-15m-5y-data-shard-0 -D data[0m
2026-10-01T17:10:03.9296750Z shell: /usr/bin/bash -e {0}
2026-10-01T17:10:03.9297040Z env:
2026-10-01T17:10:03.9297343Z   pythonLocation: /opt/hostedtoolcache/Python/3.12.14/x64
2026-10-01T17:10:03.9297830Z   PKG_CONFIG_PATH: /opt/hostedtoolcache/Python/3.12.14/x64/lib/pkgconfig
2026-10-01T17:10:03.9298293Z   Python_ROOT_DIR: /opt/hostedtoolcache/Python/3.12.14/x64
2026-10-01T17:10:03.9298710Z   Python2_ROOT_DIR: /opt/hostedtoolcache/Python/3.12.14/x64
2026-10-01T17:10:03.9299129Z   Python3_ROOT_DIR: /opt/hostedtoolcache/Python/3.12.14/x64
2026-10-01T17:10:03.9299556Z   LD_LIBRARY_PATH: /opt/hostedtoolcache/Python/3.12.14/x64/lib
2026-10-01T17:10:03.9302473Z   GH_TOKEN: ***
2026-10-01T17:10:03.9302970Z ##[endgroup]
2026-10-01T17:10:07.5944691Z ##[group]Run gh run download 36858492497 -R duuu-hub/bb-scanner -n day-edge-v2-btc -D btc
2026-10-01T17:10:07.5945393Z [36;1mgh run download 36858492497 -R duuu-hub/bb-scanner -n day-edge-v2-btc -D btc[0m
2026-10-01T17:10:07.6017547Z shell: /usr/bin/bash -e {0}
2026-10-01T17:10:07.6018137Z env:
2026-10-01T17:10:07.6018494Z   pythonLocation: /opt/hostedtoolcache/Python/3.12.14/x64
2026-10-01T17:10:07.6019072Z   PKG_CONFIG_PATH: /opt/hostedtoolcache/Python/3.12.14/x64/lib/pkgconfig
2026-10-01T17:10:07.6019643Z   Python_ROOT_DIR: /opt/hostedtoolcache/Python/3.12.14/x64
2026-10-01T17:10:07.6020293Z   Python2_ROOT_DIR: /opt/hostedtoolcache/Python/3.12.14/x64
2026-10-01T17:10:07.6020810Z   Python3_ROOT_DIR: /opt/hostedtoolcache/Python/3.12.14/x64
2026-10-01T17:10:07.6021319Z   LD_LIBRARY_PATH: /opt/hostedtoolcache/Python/3.12.14/x64/lib
2026-10-01T17:10:07.6025246Z   GH_TOKEN: ***
2026-10-01T17:10:07.6025524Z ##[endgroup]
2026-10-01T17:10:08.2654019Z ##[group]Run gh run download 36095439671 -R duuu-hub/bb-scanner -n rank5-binance-um-15m-5y-manifest-shard-0 -D source-manifest
2026-10-01T17:10:08.2655017Z [36;1mgh run download 36095439671 -R duuu-hub/bb-scanner -n rank5-binance-um-15m-5y-manifest-shard-0 -D source-manifest[0m
2026-10-01T17:10:08.2656272Z [36;1mpython scripts/research_evidence_archive.py verify-source --data data --manifests source-manifest --baseline research/compression-expansion-v4/FROZEN_INPUT_HASHES.json --out dev-0/source_check.json[0m
2026-10-01T17:10:08.2723958Z shell: /usr/bin/bash -e {0}
2026-10-01T17:10:08.2724252Z env:
2026-10-01T17:10:08.2724560Z   pythonLocation: /opt/hostedtoolcache/Python/3.12.14/x64
2026-10-01T17:10:08.2725092Z   PKG_CONFIG_PATH: /opt/hostedtoolcache/Python/3.12.14/x64/lib/pkgconfig
2026-10-01T17:10:08.2725626Z   Python_ROOT_DIR: /opt/hostedtoolcache/Python/3.12.14/x64
2026-10-01T17:10:08.2726093Z   Python2_ROOT_DIR: /opt/hostedtoolcache/Python/3.12.14/x64
2026-10-01T17:10:08.2726607Z   Python3_ROOT_DIR: /opt/hostedtoolcache/Python/3.12.14/x64
2026-10-01T17:10:08.2727073Z   LD_LIBRARY_PATH: /opt/hostedtoolcache/Python/3.12.14/x64/lib
2026-10-01T17:10:08.2730393Z   GH_TOKEN: ***
2026-10-01T17:10:08.2730640Z ##[endgroup]
2026-10-01T17:10:15.5084257Z FROZEN_SOURCE_VERIFIED 107 files 28 prior SHA256 matches
2026-10-01T17:10:15.5818511Z ##[group]Run python scripts/compression_expansion_v4.py scan --stage DEV --data data --btc btc/BTCUSDT.csv.gz --out dev-0 --minute-cache cache/1m
2026-10-01T17:10:15.5819596Z [36;1mpython scripts/compression_expansion_v4.py scan --stage DEV --data data --btc btc/BTCUSDT.csv.gz --out dev-0 --minute-cache cache/1m[0m
2026-10-01T17:10:15.5884629Z shell: /usr/bin/bash -e {0}
2026-10-01T17:10:15.5884895Z env:
2026-10-01T17:10:15.5885168Z   pythonLocation: /opt/hostedtoolcache/Python/3.12.14/x64
2026-10-01T17:10:15.5885628Z   PKG_CONFIG_PATH: /opt/hostedtoolcache/Python/3.12.14/x64/lib/pkgconfig
2026-10-01T17:10:15.5886071Z   Python_ROOT_DIR: /opt/hostedtoolcache/Python/3.12.14/x64
2026-10-01T17:10:15.5886458Z   Python2_ROOT_DIR: /opt/hostedtoolcache/Python/3.12.14/x64
2026-10-01T17:10:15.5886859Z   Python3_ROOT_DIR: /opt/hostedtoolcache/Python/3.12.14/x64
2026-10-01T17:10:15.5887272Z   LD_LIBRARY_PATH: /opt/hostedtoolcache/Python/3.12.14/x64/lib
2026-10-01T17:10:15.5887647Z ##[endgroup]
2026-10-01T17:10:22.2673067Z EXPANSION_SCAN DEV 8 / 107 outcomes 2010
2026-10-01T17:10:29.4966286Z EXPANSION_SCAN DEV 40 / 107 outcomes 6708
2026-10-01T17:10:30.9513556Z EXPANSION_SCAN DEV 48 / 107 outcomes 7404
2026-10-01T17:10:32.0304562Z EXPANSION_SCAN DEV 56 / 107 outcomes 7704
2026-10-01T17:10:38.8667923Z EXPANSION_SCAN DEV 88 / 107 outcomes 11106
2026-10-01T17:10:45.6429141Z EXPANSION_SCAN DEV 104 / 107 outcomes 13458
2026-10-01T17:10:46.7450902Z EXPANSION_SCAN_DONE DEV 14058 excluded 0
2026-10-01T17:10:46.8397188Z ##[group]Run actions/upload-artifact@v4
2026-10-01T17:10:46.8397516Z with:
2026-10-01T17:10:46.8397728Z   name: compression-v4-dev-0
2026-10-01T17:10:46.8397987Z   path: dev-0/
2026-10-01T17:10:46.8398195Z   retention-days: 30
2026-10-01T17:10:46.8398411Z   compression-level: 0
2026-10-01T17:10:46.8398628Z   if-no-files-found: warn
2026-10-01T17:10:46.8398852Z   overwrite: false
2026-10-01T17:10:46.8399063Z   include-hidden-files: false
2026-10-01T17:10:46.8399291Z env:
2026-10-01T17:10:46.8399549Z   pythonLocation: /opt/hostedtoolcache/Python/3.12.14/x64
2026-10-01T17:10:46.8400219Z   PKG_CONFIG_PATH: /opt/hostedtoolcache/Python/3.12.14/x64/lib/pkgconfig
2026-10-01T17:10:46.8400678Z   Python_ROOT_DIR: /opt/hostedtoolcache/Python/3.12.14/x64
2026-10-01T17:10:46.8401066Z   Python2_ROOT_DIR: /opt/hostedtoolcache/Python/3.12.14/x64
2026-10-01T17:10:46.8401467Z   Python3_ROOT_DIR: /opt/hostedtoolcache/Python/3.12.14/x64
2026-10-01T17:10:46.8401901Z   LD_LIBRARY_PATH: /opt/hostedtoolcache/Python/3.12.14/x64/lib
2026-10-01T17:10:46.8402227Z ##[endgroup]
2026-10-01T17:10:47.0201345Z (node:2417) [DEP0040] DeprecationWarning: The `punycode` module is deprecated. Please use a userland alternative instead.
2026-10-01T17:10:47.0202567Z (Use `node --trace-deprecation ...` to show where the warning was created)
2026-10-01T17:10:47.0286095Z With the provided path, there will be 5 files uploaded
2026-10-01T17:10:47.0292219Z Artifact name is valid!
2026-10-01T17:10:47.0293252Z Root directory input is valid!
2026-10-01T17:10:47.2571630Z Beginning upload of artifact content to blob storage
2026-10-01T17:10:47.2952134Z (node:2417) [DEP0169] DeprecationWarning: `url.parse()` behavior is not standardized and prone to errors that have security implications. Use the WHATWG URL API instead. CVEs are not issued for `url.parse()` vulnerabilities.
2026-10-01T17:10:47.3772928Z Uploaded bytes 508599
2026-10-01T17:10:47.3970743Z Finished uploading artifact content to blob storage!
2026-10-01T17:10:47.3972232Z SHA256 digest of uploaded artifact zip is b64d6fac29bd2be883b91bc755176a602833820511229905ba78705738c57d49
2026-10-01T17:10:47.3974018Z Finalizing artifact upload
2026-10-01T17:10:47.6409665Z Artifact compression-v4-dev-0.zip successfully finalized. Artifact ID 11179971878
2026-10-01T17:10:47.6410966Z Artifact compression-v4-dev-0 has been successfully uploaded! Final size is 508599 bytes. Artifact ID is 11179971878
2026-10-01T17:10:47.6417483Z Artifact download URL: https://github.com/duuu-hub/bb-scanner/actions/runs/36897289990/artifacts/11179971878
2026-10-01T17:10:47.6603589Z Post job cleanup.
2026-10-01T17:10:47.7777161Z (node:2430) [DEP0040] DeprecationWarning: The `punycode` module is deprecated. Please use a userland alternative instead.
2026-10-01T17:10:47.7778530Z (Use `node --trace-deprecation ...` to show where the warning was created)
2026-10-01T17:10:47.8005862Z [command]/usr/bin/tar --posix -cf cache.tzst --exclude cache.tzst -P -C /home/runner/work/bb-scanner/bb-scanner --files-from manifest.txt --use-compress-program zstdmt
2026-10-01T17:10:48.2021887Z (node:2430) [DEP0169] DeprecationWarning: `url.parse()` behavior is not standardized and prone to errors that have security implications. Use the WHATWG URL API instead. CVEs are not issued for `url.parse()` vulnerabilities.
2026-10-01T17:10:49.1882000Z Sent 41505645 of 242832237 (17.1%), 39.6 MBs/sec
2026-10-01T17:10:49.7907130Z Sent 242832237 of 242832237 (100.0%), 144.6 MBs/sec
2026-10-01T17:10:49.8803548Z Cache saved with key: frozen-source-36095439671-15m-shard-0
2026-10-01T17:10:49.8941897Z Post job cleanup.
2026-10-01T17:10:50.0139262Z (node:2451) [DEP0040] DeprecationWarning: The `punycode` module is deprecated. Please use a userland alternative instead.
2026-10-01T17:10:50.0140975Z (Use `node --trace-deprecation ...` to show where the warning was created)
2026-10-01T17:10:50.0331620Z [command]/usr/bin/tar --posix -cf cache.tzst --exclude cache.tzst -P -C /home/runner/work/bb-scanner/bb-scanner --files-from manifest.txt --use-compress-program zstdmt
2026-10-01T17:10:50.1389957Z (node:2451) [DEP0169] DeprecationWarning: `url.parse()` behavior is not standardized and prone to errors that have security implications. Use the WHATWG URL API instead. CVEs are not issued for `url.parse()` vulnerabilities.
2026-10-01T17:10:50.2840100Z Sent 2922607 of 2922607 (100.0%), 18.1 MBs/sec
2026-10-01T17:10:50.3424246Z Cache saved with key: compression-v4-dev-1m-shard-0
2026-10-01T17:10:50.3554487Z Post job cleanup.
2026-10-01T17:10:50.5026650Z (node:2471) [DEP0040] DeprecationWarning: The `punycode` module is deprecated. Please use a userland alternative instead.
2026-10-01T17:10:50.5028381Z (Use `node --trace-deprecation ...` to show where the warning was created)
2026-10-01T17:10:50.5268203Z Post job cleanup.
2026-10-01T17:10:50.6394261Z [command]/usr/bin/git version
2026-10-01T17:10:50.6468374Z git version 2.55.0
2026-10-01T17:10:50.6529681Z Temporarily overriding HOME='/home/runner/work/_temp/e7866d06-eecf-4106-9b65-52d6478b163d' before making global git config changes
2026-10-01T17:10:50.6531118Z Adding repository directory to the temporary git global config as a safe directory
2026-10-01T17:10:50.6555471Z [command]/usr/bin/git config --global --add safe.directory /home/runner/work/bb-scanner/bb-scanner
2026-10-01T17:10:50.6651367Z [command]/usr/bin/git config --local --name-only --get-regexp core\.sshCommand
2026-10-01T17:10:50.6701256Z [command]/usr/bin/git submodule foreach --recursive sh -c "git config --local --name-only --get-regexp 'core\.sshCommand' && git config --local --unset-all 'core.sshCommand' || :"
2026-10-01T17:10:50.7004217Z [command]/usr/bin/git config --local --name-only --get-regexp http\.https\:\/\/github\.com\/\.extraheader
2026-10-01T17:10:50.7054154Z http.https://github.com/.extraheader
2026-10-01T17:10:50.7064755Z [command]/usr/bin/git config --local --unset-all http.https://github.com/.extraheader
2026-10-01T17:10:50.7107057Z [command]/usr/bin/git submodule foreach --recursive sh -c "git config --local --name-only --get-regexp 'http\.https\:\/\/github\.com\/\.extraheader' && git config --local --unset-all 'http.https://github.com/.extraheader' || :"
2026-10-01T17:10:50.7421735Z [command]/usr/bin/git config --local --name-only --get-regexp ^includeIf\.gitdir:
2026-10-01T17:10:50.7471601Z [command]/usr/bin/git submodule foreach --recursive git config --local --show-origin --name-only --get-regexp remote.origin.url
2026-10-01T17:10:50.7894289Z Cleaning up orphan processes
2026-10-01T17:10:50.8228383Z ##[warning]Node.js 20 is deprecated. The following actions target Node.js 20 but are being forced to run on Node.js 24: actions/cache@v4, actions/checkout@v4, actions/setup-python@v5, actions/upload-artifact@v4. For more information see: https://github.blog/changelog/2025-09-19-deprecation-of-node-20-on-github-actions-runners/
