2026-10-07T01:58:06.3238332Z Current runner version: '2.337.0'
2026-10-07T01:58:06.3263607Z ##[group]Runner Image Provisioner
2026-10-07T01:58:06.3264493Z Hosted Compute Agent
2026-10-07T01:58:06.3265091Z Version: 20260901.588
2026-10-07T01:58:06.3266039Z Commit: f88ec8081b781fac6c440065ac7ff9e710ce3d0b
2026-10-07T01:58:06.3266785Z Build Date: 2026-09-01T19:56:44Z
2026-10-07T01:58:06.3267471Z Worker ID: {6c5ba983-84a8-49f1-8a81-005a1bc36723}
2026-10-07T01:58:06.3268307Z Azure Region: eastus
2026-10-07T01:58:06.3268883Z ##[endgroup]
2026-10-07T01:58:06.3270465Z ##[group]Operating System
2026-10-07T01:58:06.3271123Z Ubuntu
2026-10-07T01:58:06.3271618Z 24.04.5
2026-10-07T01:58:06.3272682Z LTS
2026-10-07T01:58:06.3273219Z ##[endgroup]
2026-10-07T01:58:06.3273837Z ##[group]Runner Image
2026-10-07T01:58:06.3274459Z Image: ubuntu-24.04
2026-10-07T01:58:06.3275036Z Version: 20260927.320.1
2026-10-07T01:58:06.3276812Z Included Software: https://github.com/actions/runner-images/blob/ubuntu24/20260927.320/images/ubuntu/Ubuntu2404-Readme.md
2026-10-07T01:58:06.3278462Z Image Release: https://github.com/actions/runner-images/releases/tag/ubuntu24%2F20260927.320
2026-10-07T01:58:06.3279436Z ##[endgroup]
2026-10-07T01:58:06.3280777Z ##[group]GITHUB_TOKEN Permissions
2026-10-07T01:58:06.3283261Z Actions: read
2026-10-07T01:58:06.3283979Z Contents: read
2026-10-07T01:58:06.3284632Z Metadata: read
2026-10-07T01:58:06.3285475Z ##[endgroup]
2026-10-07T01:58:06.3288483Z Secret source: Actions
2026-10-07T01:58:06.3289434Z Cache mode: write
2026-10-07T01:58:06.3290436Z Prepare workflow directory
2026-10-07T01:58:06.3804620Z Prepare all required actions
2026-10-07T01:58:06.3854105Z Getting action download info
2026-10-07T01:58:06.5980581Z Download action repository 'actions/checkout@v4' (SHA:11d5960a326750d5838078e36cf38b85af677262)
2026-10-07T01:58:06.7084145Z Download action repository 'actions/setup-python@v5' (SHA:a26af69be951a213d495a4c3e4e4022e16d87065)
2026-10-07T01:58:06.7862094Z Download action repository 'actions/cache@v4' (SHA:0057852bfaa89a56745cba8c7296529d2fc39830)
2026-10-07T01:58:06.8840940Z Download action repository 'actions/upload-artifact@v4' (SHA:ea165f8d65b6e75b540449e92b4886f43607fa02)
2026-10-07T01:58:07.0979927Z Complete job name: development (5)
2026-10-07T01:58:07.1697466Z ##[group]Run actions/checkout@v4
2026-10-07T01:58:07.1698354Z with:
2026-10-07T01:58:07.1698805Z   repository: duuu-hub/bb-scanner
2026-10-07T01:58:07.1702598Z   token: ***
2026-10-07T01:58:07.1703037Z   ssh-strict: true
2026-10-07T01:58:07.1703754Z   ssh-user: git
2026-10-07T01:58:07.1704342Z   persist-credentials: true
2026-10-07T01:58:07.1704860Z   clean: true
2026-10-07T01:58:07.1705493Z   sparse-checkout-cone-mode: true
2026-10-07T01:58:07.1706035Z   fetch-depth: 1
2026-10-07T01:58:07.1706470Z   fetch-tags: false
2026-10-07T01:58:07.1706925Z   show-progress: true
2026-10-07T01:58:07.1707376Z   lfs: false
2026-10-07T01:58:07.1707790Z   submodules: false
2026-10-07T01:58:07.1708249Z   set-safe-directory: true
2026-10-07T01:58:07.1708759Z   allow-unsafe-pr-checkout: false
2026-10-07T01:58:07.1709578Z env:
2026-10-07T01:58:07.1713252Z   GH_TOKEN: ***
2026-10-07T01:58:07.1713686Z ##[endgroup]
2026-10-07T01:58:07.2723756Z Syncing repository: duuu-hub/bb-scanner
2026-10-07T01:58:07.2726860Z ##[group]Getting Git version info
2026-10-07T01:58:07.2727679Z Working directory is '/home/runner/work/bb-scanner/bb-scanner'
2026-10-07T01:58:07.2728731Z [command]/usr/bin/git version
2026-10-07T01:58:07.2831895Z git version 2.55.0
2026-10-07T01:58:07.2867885Z ##[endgroup]
2026-10-07T01:58:07.2877063Z Temporarily overriding HOME='/home/runner/work/_temp/985c405d-6b80-4a41-8915-f16cf2401cfb' before making global git config changes
2026-10-07T01:58:07.2879451Z Adding repository directory to the temporary git global config as a safe directory
2026-10-07T01:58:07.2883187Z [command]/usr/bin/git config --global --add safe.directory /home/runner/work/bb-scanner/bb-scanner
2026-10-07T01:58:07.2959184Z Deleting the contents of '/home/runner/work/bb-scanner/bb-scanner'
2026-10-07T01:58:07.2961844Z ##[group]Initializing the repository
2026-10-07T01:58:07.2964307Z [command]/usr/bin/git init /home/runner/work/bb-scanner/bb-scanner
2026-10-07T01:58:07.3134325Z hint: Using 'master' as the name for the initial branch. This default branch name
2026-10-07T01:58:07.3139038Z hint: will change to "main" in Git 3.0. To configure the initial branch name
2026-10-07T01:58:07.3140473Z hint: to use in all of your new repositories, which will suppress this warning,
2026-10-07T01:58:07.3141246Z hint: call:
2026-10-07T01:58:07.3141658Z hint:
2026-10-07T01:58:07.3142199Z hint: 	git config --global init.defaultBranch <name>
2026-10-07T01:58:07.3142826Z hint:
2026-10-07T01:58:07.3143612Z hint: Names commonly chosen instead of 'master' are 'main', 'trunk' and
2026-10-07T01:58:07.3144564Z hint: 'development'. The just-created branch can be renamed via this command:
2026-10-07T01:58:07.3145580Z hint:
2026-10-07T01:58:07.3146034Z hint: 	git branch -m <name>
2026-10-07T01:58:07.3146527Z hint:
2026-10-07T01:58:07.3147155Z hint: Disable this message with "git config set advice.defaultBranchName false"
2026-10-07T01:58:07.3148223Z Initialized empty Git repository in /home/runner/work/bb-scanner/bb-scanner/.git/
2026-10-07T01:58:07.3150670Z [command]/usr/bin/git remote add origin https://github.com/duuu-hub/bb-scanner
2026-10-07T01:58:07.3270057Z ##[endgroup]
2026-10-07T01:58:07.3271432Z ##[group]Disabling automatic garbage collection
2026-10-07T01:58:07.3272713Z [command]/usr/bin/git config --local gc.auto 0
2026-10-07T01:58:07.3305422Z ##[endgroup]
2026-10-07T01:58:07.3307122Z ##[group]Setting up auth
2026-10-07T01:58:07.3314646Z [command]/usr/bin/git config --local --name-only --get-regexp core\.sshCommand
2026-10-07T01:58:07.3363391Z [command]/usr/bin/git submodule foreach --recursive sh -c "git config --local --name-only --get-regexp 'core\.sshCommand' && git config --local --unset-all 'core.sshCommand' || :"
2026-10-07T01:58:07.3850032Z [command]/usr/bin/git config --local --name-only --get-regexp http\.https\:\/\/github\.com\/\.extraheader
2026-10-07T01:58:07.3913152Z [command]/usr/bin/git submodule foreach --recursive sh -c "git config --local --name-only --get-regexp 'http\.https\:\/\/github\.com\/\.extraheader' && git config --local --unset-all 'http.https://github.com/.extraheader' || :"
2026-10-07T01:58:07.4161292Z [command]/usr/bin/git config --local --name-only --get-regexp ^includeIf\.gitdir:
2026-10-07T01:58:07.4209262Z [command]/usr/bin/git submodule foreach --recursive git config --local --show-origin --name-only --get-regexp remote.origin.url
2026-10-07T01:58:07.4445783Z [command]/usr/bin/git config --local http.https://github.com/.extraheader AUTHORIZATION: basic ***
2026-10-07T01:58:07.4487367Z ##[endgroup]
2026-10-07T01:58:07.4488854Z ##[group]Fetching the repository
2026-10-07T01:58:07.4499842Z [command]/usr/bin/git -c protocol.version=2 fetch --no-tags --prune --no-recurse-submodules --depth=1 origin +4869af65facf606a8cb17979c0966c729e8cbfd9:refs/remotes/origin/research-daily-channel-breakout-v25
2026-10-07T01:58:08.5089300Z From https://github.com/duuu-hub/bb-scanner
2026-10-07T01:58:08.5090750Z  * [new ref]         4869af65facf606a8cb17979c0966c729e8cbfd9 -> origin/research-daily-channel-breakout-v25
2026-10-07T01:58:08.5094929Z ##[endgroup]
2026-10-07T01:58:08.5096902Z ##[group]Determining the checkout info
2026-10-07T01:58:08.5098916Z ##[endgroup]
2026-10-07T01:58:08.5114349Z [command]/usr/bin/git sparse-checkout disable
2026-10-07T01:58:08.5232823Z [command]/usr/bin/git config --local --unset-all extensions.worktreeConfig
2026-10-07T01:58:08.5250295Z ##[group]Checking out the ref
2026-10-07T01:58:08.5251677Z [command]/usr/bin/git checkout --progress --force -B research-daily-channel-breakout-v25 refs/remotes/origin/research-daily-channel-breakout-v25
2026-10-07T01:58:08.7606139Z Switched to a new branch 'research-daily-channel-breakout-v25'
2026-10-07T01:58:08.7611495Z branch 'research-daily-channel-breakout-v25' set up to track 'origin/research-daily-channel-breakout-v25'.
2026-10-07T01:58:08.7623503Z ##[endgroup]
2026-10-07T01:58:08.7670246Z [command]/usr/bin/git log -1 --format=%H
2026-10-07T01:58:08.7697507Z 4869af65facf606a8cb17979c0966c729e8cbfd9
2026-10-07T01:58:08.8070443Z ##[group]Run actions/setup-python@v5
2026-10-07T01:58:08.8071679Z with:
2026-10-07T01:58:08.8072516Z   python-version: 3.12
2026-10-07T01:58:08.8073499Z   check-latest: false
2026-10-07T01:58:08.8083936Z   token: ***
2026-10-07T01:58:08.8084844Z   update-environment: true
2026-10-07T01:58:08.8086041Z   allow-prereleases: false
2026-10-07T01:58:08.8087079Z   freethreaded: false
2026-10-07T01:58:08.8087993Z env:
2026-10-07T01:58:08.8097940Z   GH_TOKEN: ***
2026-10-07T01:58:08.8098828Z ##[endgroup]
2026-10-07T01:58:08.9456525Z ##[group]Installed versions
2026-10-07T01:58:08.9550613Z (node:2297) [DEP0040] DeprecationWarning: The `punycode` module is deprecated. Please use a userland alternative instead.
2026-10-07T01:58:08.9555054Z (Use `node --trace-deprecation ...` to show where the warning was created)
2026-10-07T01:58:08.9557149Z Successfully set up CPython (3.12.14)
2026-10-07T01:58:08.9558938Z ##[endgroup]
2026-10-07T01:58:08.9804537Z ##[group]Run set -euo pipefail
2026-10-07T01:58:08.9806109Z [36;1mset -euo pipefail[0m
2026-10-07T01:58:08.9807492Z [36;1mpip install pandas==2.3.3 numpy==2.3.3 requests==2.32.5[0m
2026-10-07T01:58:09.0126796Z shell: /usr/bin/bash --noprofile --norc -e -o pipefail {0}
2026-10-07T01:58:09.0128278Z env:
2026-10-07T01:58:09.0137996Z   GH_TOKEN: ***
2026-10-07T01:58:09.0139142Z   pythonLocation: /opt/hostedtoolcache/Python/3.12.14/x64
2026-10-07T01:58:09.0140923Z   PKG_CONFIG_PATH: /opt/hostedtoolcache/Python/3.12.14/x64/lib/pkgconfig
2026-10-07T01:58:09.0142701Z   Python_ROOT_DIR: /opt/hostedtoolcache/Python/3.12.14/x64
2026-10-07T01:58:09.0144285Z   Python2_ROOT_DIR: /opt/hostedtoolcache/Python/3.12.14/x64
2026-10-07T01:58:09.0146016Z   Python3_ROOT_DIR: /opt/hostedtoolcache/Python/3.12.14/x64
2026-10-07T01:58:09.0147649Z   LD_LIBRARY_PATH: /opt/hostedtoolcache/Python/3.12.14/x64/lib
2026-10-07T01:58:09.0149020Z ##[endgroup]
2026-10-07T01:58:10.0413273Z Collecting pandas==2.3.3
2026-10-07T01:58:10.2029003Z   Downloading pandas-2.3.3-cp312-cp312-manylinux_2_24_x86_64.manylinux_2_28_x86_64.whl.metadata (91 kB)
2026-10-07T01:58:10.4840039Z Collecting numpy==2.3.3
2026-10-07T01:58:10.5252066Z   Downloading numpy-2.3.3-cp312-cp312-manylinux_2_27_x86_64.manylinux_2_28_x86_64.whl.metadata (62 kB)
2026-10-07T01:58:10.5657156Z Collecting requests==2.32.5
2026-10-07T01:58:10.6053238Z   Downloading requests-2.32.5-py3-none-any.whl.metadata (4.9 kB)
2026-10-07T01:58:10.6214766Z Collecting python-dateutil>=2.8.2 (from pandas==2.3.3)
2026-10-07T01:58:10.6610187Z   Downloading python_dateutil-2.9.0.post0-py2.py3-none-any.whl.metadata (8.4 kB)
2026-10-07T01:58:10.6947507Z Collecting pytz>=2020.1 (from pandas==2.3.3)
2026-10-07T01:58:10.7340294Z   Downloading pytz-2026.5-py2.py3-none-any.whl.metadata (22 kB)
2026-10-07T01:58:10.7518772Z Collecting tzdata>=2022.7 (from pandas==2.3.3)
2026-10-07T01:58:10.7925169Z   Downloading tzdata-2026.5-py2.py3-none-any.whl.metadata (1.4 kB)
2026-10-07T01:58:11.0489382Z Collecting charset_normalizer<4,>=2 (from requests==2.32.5)
2026-10-07T01:58:11.0893383Z   Downloading charset_normalizer-3.5.2-cp312-cp312-manylinux2014_x86_64.manylinux_2_17_x86_64.manylinux_2_28_x86_64.whl.metadata (46 kB)
2026-10-07T01:58:11.1124177Z Collecting idna<4,>=2.5 (from requests==2.32.5)
2026-10-07T01:58:11.1521226Z   Downloading idna-3.20-py3-none-any.whl.metadata (7.2 kB)
2026-10-07T01:58:11.1739287Z Collecting urllib3<3,>=1.21.1 (from requests==2.32.5)
2026-10-07T01:58:11.2132885Z   Downloading urllib3-2.8.0-py3-none-any.whl.metadata (7.4 kB)
2026-10-07T01:58:11.2368480Z Collecting certifi>=2017.4.17 (from requests==2.32.5)
2026-10-07T01:58:11.2764302Z   Downloading certifi-2026.7.22-py3-none-any.whl.metadata (2.5 kB)
2026-10-07T01:58:11.2916826Z Collecting six>=1.5 (from python-dateutil>=2.8.2->pandas==2.3.3)
2026-10-07T01:58:11.3307399Z   Downloading six-1.17.0-py2.py3-none-any.whl.metadata (1.7 kB)
2026-10-07T01:58:11.3742109Z Downloading pandas-2.3.3-cp312-cp312-manylinux_2_24_x86_64.manylinux_2_28_x86_64.whl (12.4 MB)
2026-10-07T01:58:12.7331304Z    ━━━━━━━━━━━━━━━━━━━━━━━━━━━━━━━━━━━━━━━━ 12.4/12.4 MB 9.5 MB/s  0:00:01
2026-10-07T01:58:12.7756897Z Downloading numpy-2.3.3-cp312-cp312-manylinux_2_27_x86_64.manylinux_2_28_x86_64.whl (16.6 MB)
2026-10-07T01:58:14.2230868Z    ━━━━━━━━━━━━━━━━━━━━━━━━━━━━━━━━━━━━━━━━ 16.6/16.6 MB 11.5 MB/s  0:00:01
2026-10-07T01:58:14.2628362Z Downloading requests-2.32.5-py3-none-any.whl (64 kB)
2026-10-07T01:58:14.3071428Z Downloading charset_normalizer-3.5.2-cp312-cp312-manylinux2014_x86_64.manylinux_2_17_x86_64.manylinux_2_28_x86_64.whl (257 kB)
2026-10-07T01:58:14.3652801Z Downloading idna-3.20-py3-none-any.whl (69 kB)
2026-10-07T01:58:14.4095463Z Downloading urllib3-2.8.0-py3-none-any.whl (135 kB)
2026-10-07T01:58:14.4594657Z Downloading certifi-2026.7.22-py3-none-any.whl (136 kB)
2026-10-07T01:58:14.5092478Z Downloading python_dateutil-2.9.0.post0-py2.py3-none-any.whl (229 kB)
2026-10-07T01:58:14.5664715Z Downloading pytz-2026.5-py2.py3-none-any.whl (506 kB)
2026-10-07T01:58:14.6463037Z Downloading six-1.17.0-py2.py3-none-any.whl (11 kB)
2026-10-07T01:58:14.6872382Z Downloading tzdata-2026.5-py2.py3-none-any.whl (347 kB)
2026-10-07T01:58:14.9627491Z Installing collected packages: pytz, urllib3, tzdata, six, numpy, idna, charset_normalizer, certifi, requests, python-dateutil, pandas
2026-10-07T01:58:22.5276174Z 
2026-10-07T01:58:22.5293593Z Successfully installed certifi-2026.7.22 charset_normalizer-3.5.2 idna-3.20 numpy-2.3.3 pandas-2.3.3 python-dateutil-2.9.0.post0 pytz-2026.5 requests-2.32.5 six-1.17.0 tzdata-2026.5 urllib3-2.8.0
2026-10-07T01:58:22.6003847Z ##[group]Run actions/cache@v4
2026-10-07T01:58:22.6004120Z with:
2026-10-07T01:58:22.6004310Z   path: data
2026-10-07T01:58:22.6004537Z   key: frozen-source-36095439671-15m-shard-5
2026-10-07T01:58:22.6004846Z   enableCrossOsArchive: false
2026-10-07T01:58:22.6005107Z   fail-on-cache-miss: false
2026-10-07T01:58:22.6005583Z   lookup-only: false
2026-10-07T01:58:22.6005811Z   save-always: false
2026-10-07T01:58:22.6006009Z env:
2026-10-07T01:58:22.6008563Z   GH_TOKEN: ***
2026-10-07T01:58:22.6008853Z   pythonLocation: /opt/hostedtoolcache/Python/3.12.14/x64
2026-10-07T01:58:22.6009294Z   PKG_CONFIG_PATH: /opt/hostedtoolcache/Python/3.12.14/x64/lib/pkgconfig
2026-10-07T01:58:22.6009730Z   Python_ROOT_DIR: /opt/hostedtoolcache/Python/3.12.14/x64
2026-10-07T01:58:22.6010111Z   Python2_ROOT_DIR: /opt/hostedtoolcache/Python/3.12.14/x64
2026-10-07T01:58:22.6010485Z   Python3_ROOT_DIR: /opt/hostedtoolcache/Python/3.12.14/x64
2026-10-07T01:58:22.6010930Z   LD_LIBRARY_PATH: /opt/hostedtoolcache/Python/3.12.14/x64/lib
2026-10-07T01:58:22.6011261Z ##[endgroup]
2026-10-07T01:58:22.7044368Z (node:2338) [DEP0040] DeprecationWarning: The `punycode` module is deprecated. Please use a userland alternative instead.
2026-10-07T01:58:22.7045429Z (Use `node --trace-deprecation ...` to show where the warning was created)
2026-10-07T01:58:22.7618782Z Cache not found for input keys: frozen-source-36095439671-15m-shard-5
2026-10-07T01:58:22.7706958Z ##[group]Run set -euo pipefail
2026-10-07T01:58:22.7707308Z [36;1mset -euo pipefail[0m
2026-10-07T01:58:22.7707557Z [36;1mif [ '' != 'true' ]; then[0m
2026-10-07T01:58:22.7708069Z [36;1m  gh run download 36095439671 -R duuu-hub/bb-scanner -n rank5-binance-um-15m-5y-data-shard-5 -D data[0m
2026-10-07T01:58:22.7708575Z [36;1mfi[0m
2026-10-07T01:58:22.7708919Z [36;1mgh run download 36858492497 -R duuu-hub/bb-scanner -n day-edge-v2-btc -D btc[0m
2026-10-07T01:58:22.7709628Z [36;1mgh run download 36095439671 -R duuu-hub/bb-scanner -n rank5-binance-um-15m-5y-manifest-shard-5 -D source-manifest[0m
2026-10-07T01:58:22.7710849Z [36;1mpython scripts/research_evidence_archive.py verify-source --data data --manifests source-manifest --baseline research/path-efficiency-resumption-v23/FROZEN_INPUT_HASHES.json --out source-check.json[0m
2026-10-07T01:58:22.7779777Z shell: /usr/bin/bash --noprofile --norc -e -o pipefail {0}
2026-10-07T01:58:22.7780337Z env:
2026-10-07T01:58:22.7782933Z   GH_TOKEN: ***
2026-10-07T01:58:22.7783234Z   pythonLocation: /opt/hostedtoolcache/Python/3.12.14/x64
2026-10-07T01:58:22.7783675Z   PKG_CONFIG_PATH: /opt/hostedtoolcache/Python/3.12.14/x64/lib/pkgconfig
2026-10-07T01:58:22.7784124Z   Python_ROOT_DIR: /opt/hostedtoolcache/Python/3.12.14/x64
2026-10-07T01:58:22.7784527Z   Python2_ROOT_DIR: /opt/hostedtoolcache/Python/3.12.14/x64
2026-10-07T01:58:22.7784913Z   Python3_ROOT_DIR: /opt/hostedtoolcache/Python/3.12.14/x64
2026-10-07T01:58:22.7785636Z   LD_LIBRARY_PATH: /opt/hostedtoolcache/Python/3.12.14/x64/lib
2026-10-07T01:58:22.7785979Z ##[endgroup]
2026-10-07T01:58:32.6412251Z FROZEN_SOURCE_VERIFIED 107 files 37 prior SHA256 matches
2026-10-07T01:58:32.6862987Z ##[group]Run actions/cache@v4
2026-10-07T01:58:32.6863267Z with:
2026-10-07T01:58:32.6863475Z   path: cache/verified-1m
2026-10-07T01:58:32.6863769Z   key: daily-channel-breakout-v25-dev-1m-shard-5
2026-10-07T01:58:32.6864955Z   restore-keys: taker-absorption-release-v12-dev-1m-shard-5
aggressive-flow-cascade-v11-dev-1m-shard-5
residual-reversion-v10-dev-1m-shard-5
cross-sectional-leader-v9-dev-1m-shard-5
premium-absorption-v8-dev-1m-shard-5
factor-lag-v6-dev-1m-shard-5
2026-10-07T01:58:32.6866481Z   enableCrossOsArchive: false
2026-10-07T01:58:32.6866746Z   fail-on-cache-miss: false
2026-10-07T01:58:32.6866982Z   lookup-only: false
2026-10-07T01:58:32.6867187Z   save-always: false
2026-10-07T01:58:32.6867391Z env:
2026-10-07T01:58:32.6869988Z   GH_TOKEN: ***
2026-10-07T01:58:32.6870285Z   pythonLocation: /opt/hostedtoolcache/Python/3.12.14/x64
2026-10-07T01:58:32.6870729Z   PKG_CONFIG_PATH: /opt/hostedtoolcache/Python/3.12.14/x64/lib/pkgconfig
2026-10-07T01:58:32.6871188Z   Python_ROOT_DIR: /opt/hostedtoolcache/Python/3.12.14/x64
2026-10-07T01:58:32.6871573Z   Python2_ROOT_DIR: /opt/hostedtoolcache/Python/3.12.14/x64
2026-10-07T01:58:32.6871950Z   Python3_ROOT_DIR: /opt/hostedtoolcache/Python/3.12.14/x64
2026-10-07T01:58:32.6872342Z   LD_LIBRARY_PATH: /opt/hostedtoolcache/Python/3.12.14/x64/lib
2026-10-07T01:58:32.6872672Z ##[endgroup]
2026-10-07T01:58:32.7959723Z (node:2377) [DEP0040] DeprecationWarning: The `punycode` module is deprecated. Please use a userland alternative instead.
2026-10-07T01:58:32.7960649Z (Use `node --trace-deprecation ...` to show where the warning was created)
2026-10-07T01:58:32.8595939Z Cache not found for input keys: daily-channel-breakout-v25-dev-1m-shard-5, taker-absorption-release-v12-dev-1m-shard-5, aggressive-flow-cascade-v11-dev-1m-shard-5, residual-reversion-v10-dev-1m-shard-5, cross-sectional-leader-v9-dev-1m-shard-5, premium-absorption-v8-dev-1m-shard-5, factor-lag-v6-dev-1m-shard-5
2026-10-07T01:58:32.8673150Z ##[group]Run set -euo pipefail
2026-10-07T01:58:32.8673466Z [36;1mset -euo pipefail[0m
2026-10-07T01:58:32.8674229Z [36;1mpython scripts/daily_channel_breakout_v25.py scan --stage DEV --data data --btc btc/BTCUSDT.csv.gz --source-check source-check.json --out dev-5 --minute-cache cache/verified-1m[0m
2026-10-07T01:58:32.8738849Z shell: /usr/bin/bash --noprofile --norc -e -o pipefail {0}
2026-10-07T01:58:32.8739206Z env:
2026-10-07T01:58:32.8741839Z   GH_TOKEN: ***
2026-10-07T01:58:32.8742135Z   pythonLocation: /opt/hostedtoolcache/Python/3.12.14/x64
2026-10-07T01:58:32.8742581Z   PKG_CONFIG_PATH: /opt/hostedtoolcache/Python/3.12.14/x64/lib/pkgconfig
2026-10-07T01:58:32.8743008Z   Python_ROOT_DIR: /opt/hostedtoolcache/Python/3.12.14/x64
2026-10-07T01:58:32.8743387Z   Python2_ROOT_DIR: /opt/hostedtoolcache/Python/3.12.14/x64
2026-10-07T01:58:32.8743757Z   Python3_ROOT_DIR: /opt/hostedtoolcache/Python/3.12.14/x64
2026-10-07T01:58:32.8744171Z   LD_LIBRARY_PATH: /opt/hostedtoolcache/Python/3.12.14/x64/lib
2026-10-07T01:58:32.8744496Z ##[endgroup]
2026-10-07T01:59:12.4556484Z V25_DAILY_CHANNEL_SCAN DEV 48 / 107 parameterized_outcomes 21688
2026-10-07T01:59:39.4184309Z V25_DAILY_CHANNEL_SCAN DEV 80 / 107 parameterized_outcomes 38338
2026-10-07T02:00:03.8338693Z V25_DAILY_CHANNEL_SCAN_DONE DEV 54472 chronology_exclusions 446
2026-10-07T02:00:03.9148432Z ##[group]Run actions/upload-artifact@v4
2026-10-07T02:00:03.9148739Z with:
2026-10-07T02:00:03.9148962Z   name: daily-channel-breakout-v25-dev-5
2026-10-07T02:00:03.9149245Z   path: dev-5/
2026-10-07T02:00:03.9149456Z   retention-days: 30
2026-10-07T02:00:03.9149670Z   compression-level: 0
2026-10-07T02:00:03.9149894Z   if-no-files-found: warn
2026-10-07T02:00:03.9150115Z   overwrite: false
2026-10-07T02:00:03.9150330Z   include-hidden-files: false
2026-10-07T02:00:03.9150564Z env:
2026-10-07T02:00:03.9153089Z   GH_TOKEN: ***
2026-10-07T02:00:03.9153390Z   pythonLocation: /opt/hostedtoolcache/Python/3.12.14/x64
2026-10-07T02:00:03.9153840Z   PKG_CONFIG_PATH: /opt/hostedtoolcache/Python/3.12.14/x64/lib/pkgconfig
2026-10-07T02:00:03.9154273Z   Python_ROOT_DIR: /opt/hostedtoolcache/Python/3.12.14/x64
2026-10-07T02:00:03.9154659Z   Python2_ROOT_DIR: /opt/hostedtoolcache/Python/3.12.14/x64
2026-10-07T02:00:03.9155037Z   Python3_ROOT_DIR: /opt/hostedtoolcache/Python/3.12.14/x64
2026-10-07T02:00:03.9155868Z   LD_LIBRARY_PATH: /opt/hostedtoolcache/Python/3.12.14/x64/lib
2026-10-07T02:00:03.9156201Z ##[endgroup]
2026-10-07T02:00:04.0848309Z (node:2444) [DEP0040] DeprecationWarning: The `punycode` module is deprecated. Please use a userland alternative instead.
2026-10-07T02:00:04.0849128Z (Use `node --trace-deprecation ...` to show where the warning was created)
2026-10-07T02:00:04.0953039Z With the provided path, there will be 22 files uploaded
2026-10-07T02:00:04.0958618Z Artifact name is valid!
2026-10-07T02:00:04.0959173Z Root directory input is valid!
2026-10-07T02:00:04.2977312Z Beginning upload of artifact content to blob storage
2026-10-07T02:00:04.3752014Z (node:2444) [DEP0169] DeprecationWarning: `url.parse()` behavior is not standardized and prone to errors that have security implications. Use the WHATWG URL API instead. CVEs are not issued for `url.parse()` vulnerabilities.
2026-10-07T02:00:04.5070425Z Uploaded bytes 8388608
2026-10-07T02:00:04.5405842Z Uploaded bytes 9887302
2026-10-07T02:00:04.5545931Z Finished uploading artifact content to blob storage!
2026-10-07T02:00:04.5546911Z SHA256 digest of uploaded artifact zip is caac76dd1d11c776b7d350ff782885d7e62caf5a46fa7fa93de28901e6449c18
2026-10-07T02:00:04.5548797Z Finalizing artifact upload
2026-10-07T02:00:04.7824757Z Artifact daily-channel-breakout-v25-dev-5.zip successfully finalized. Artifact ID 11456775344
2026-10-07T02:00:04.7826342Z Artifact daily-channel-breakout-v25-dev-5 has been successfully uploaded! Final size is 9887302 bytes. Artifact ID is 11456775344
2026-10-07T02:00:04.7831196Z Artifact download URL: https://github.com/duuu-hub/bb-scanner/actions/runs/37559595896/artifacts/11456775344
2026-10-07T02:00:04.7997457Z Post job cleanup.
2026-10-07T02:00:04.9031738Z (node:2457) [DEP0040] DeprecationWarning: The `punycode` module is deprecated. Please use a userland alternative instead.
2026-10-07T02:00:04.9033045Z (Use `node --trace-deprecation ...` to show where the warning was created)
2026-10-07T02:00:04.9233345Z [command]/usr/bin/tar --posix -cf cache.tzst --exclude cache.tzst -P -C /home/runner/work/bb-scanner/bb-scanner --files-from manifest.txt --use-compress-program zstdmt
2026-10-07T02:00:05.0237439Z (node:2457) [DEP0169] DeprecationWarning: `url.parse()` behavior is not standardized and prone to errors that have security implications. Use the WHATWG URL API instead. CVEs are not issued for `url.parse()` vulnerabilities.
2026-10-07T02:00:05.2189248Z Sent 8754993 of 8754993 (100.0%), 40.1 MBs/sec
2026-10-07T02:00:05.2811734Z Cache saved with key: daily-channel-breakout-v25-dev-1m-shard-5
2026-10-07T02:00:05.2919836Z Post job cleanup.
2026-10-07T02:00:05.3964071Z (node:2478) [DEP0040] DeprecationWarning: The `punycode` module is deprecated. Please use a userland alternative instead.
2026-10-07T02:00:05.3965661Z (Use `node --trace-deprecation ...` to show where the warning was created)
2026-10-07T02:00:05.4150576Z [command]/usr/bin/tar --posix -cf cache.tzst --exclude cache.tzst -P -C /home/runner/work/bb-scanner/bb-scanner --files-from manifest.txt --use-compress-program zstdmt
2026-10-07T02:00:05.7813949Z (node:2478) [DEP0169] DeprecationWarning: `url.parse()` behavior is not standardized and prone to errors that have security implications. Use the WHATWG URL API instead. CVEs are not issued for `url.parse()` vulnerabilities.
2026-10-07T02:00:06.7669210Z Sent 134217728 of 252769348 (53.1%), 127.9 MBs/sec
2026-10-07T02:00:06.8373663Z Sent 252769348 of 252769348 (100.0%), 224.9 MBs/sec
2026-10-07T02:00:06.9090016Z Cache saved with key: frozen-source-36095439671-15m-shard-5
2026-10-07T02:00:06.9257812Z Post job cleanup.
2026-10-07T02:00:07.0453938Z (node:2498) [DEP0040] DeprecationWarning: The `punycode` module is deprecated. Please use a userland alternative instead.
2026-10-07T02:00:07.0454771Z (Use `node --trace-deprecation ...` to show where the warning was created)
2026-10-07T02:00:07.0660341Z Post job cleanup.
2026-10-07T02:00:07.1538963Z [command]/usr/bin/git version
2026-10-07T02:00:07.1584653Z git version 2.55.0
2026-10-07T02:00:07.1622666Z Temporarily overriding HOME='/home/runner/work/_temp/5d1e72c1-5790-46cb-9508-9a1e9dd87250' before making global git config changes
2026-10-07T02:00:07.1624138Z Adding repository directory to the temporary git global config as a safe directory
2026-10-07T02:00:07.1629572Z [command]/usr/bin/git config --global --add safe.directory /home/runner/work/bb-scanner/bb-scanner
2026-10-07T02:00:07.1668841Z [command]/usr/bin/git config --local --name-only --get-regexp core\.sshCommand
2026-10-07T02:00:07.1704153Z [command]/usr/bin/git submodule foreach --recursive sh -c "git config --local --name-only --get-regexp 'core\.sshCommand' && git config --local --unset-all 'core.sshCommand' || :"
2026-10-07T02:00:07.1965849Z [command]/usr/bin/git config --local --name-only --get-regexp http\.https\:\/\/github\.com\/\.extraheader
2026-10-07T02:00:07.2006735Z http.https://github.com/.extraheader
2026-10-07T02:00:07.2012837Z [command]/usr/bin/git config --local --unset-all http.https://github.com/.extraheader
2026-10-07T02:00:07.2059852Z [command]/usr/bin/git submodule foreach --recursive sh -c "git config --local --name-only --get-regexp 'http\.https\:\/\/github\.com\/\.extraheader' && git config --local --unset-all 'http.https://github.com/.extraheader' || :"
2026-10-07T02:00:07.2352111Z [command]/usr/bin/git config --local --name-only --get-regexp ^includeIf\.gitdir:
2026-10-07T02:00:07.2410366Z [command]/usr/bin/git submodule foreach --recursive git config --local --show-origin --name-only --get-regexp remote.origin.url
2026-10-07T02:00:07.2922569Z Cleaning up orphan processes
2026-10-07T02:00:07.3320062Z ##[warning]Node.js 20 is deprecated. The following actions target Node.js 20 but are being forced to run on Node.js 24: actions/cache@v4, actions/checkout@v4, actions/setup-python@v5, actions/upload-artifact@v4. For more information see: https://github.blog/changelog/2025-09-19-deprecation-of-node-20-on-github-actions-runners/
