2026-10-07T02:00:11.6661169Z Current runner version: '2.337.0'
2026-10-07T02:00:11.6698384Z ##[group]Runner Image Provisioner
2026-10-07T02:00:11.6699680Z Hosted Compute Agent
2026-10-07T02:00:11.6700820Z Version: 20260901.588
2026-10-07T02:00:11.6701996Z Commit: f88ec8081b781fac6c440065ac7ff9e710ce3d0b
2026-10-07T02:00:11.6704127Z Build Date: 2026-09-01T19:56:44Z
2026-10-07T02:00:11.6705408Z Worker ID: {33f752cc-a3bc-4984-b376-78f989a5c449}
2026-10-07T02:00:11.6706603Z Azure Region: eastus
2026-10-07T02:00:11.6707777Z ##[endgroup]
2026-10-07T02:00:11.6710204Z ##[group]Operating System
2026-10-07T02:00:11.6711325Z Ubuntu
2026-10-07T02:00:11.6712317Z 24.04.5
2026-10-07T02:00:11.6713173Z LTS
2026-10-07T02:00:11.6714404Z ##[endgroup]
2026-10-07T02:00:11.6715392Z ##[group]Runner Image
2026-10-07T02:00:11.6716554Z Image: ubuntu-24.04
2026-10-07T02:00:11.6717520Z Version: 20260927.320.1
2026-10-07T02:00:11.6719776Z Included Software: https://github.com/actions/runner-images/blob/ubuntu24/20260927.320/images/ubuntu/Ubuntu2404-Readme.md
2026-10-07T02:00:11.6722574Z Image Release: https://github.com/actions/runner-images/releases/tag/ubuntu24%2F20260927.320
2026-10-07T02:00:11.6724622Z ##[endgroup]
2026-10-07T02:00:11.6726618Z ##[group]GITHUB_TOKEN Permissions
2026-10-07T02:00:11.6729797Z Actions: read
2026-10-07T02:00:11.6730748Z Contents: write
2026-10-07T02:00:11.6731716Z Metadata: read
2026-10-07T02:00:11.6732752Z ##[endgroup]
2026-10-07T02:00:11.6736240Z Secret source: Actions
2026-10-07T02:00:11.6737993Z Cache mode: write
2026-10-07T02:00:11.6739412Z Prepare workflow directory
2026-10-07T02:00:11.7507090Z Prepare all required actions
2026-10-07T02:00:11.7583561Z Getting action download info
2026-10-07T02:00:11.9849424Z Download action repository 'actions/checkout@v4' (SHA:11d5960a326750d5838078e36cf38b85af677262)
2026-10-07T02:00:12.1018948Z Download action repository 'actions/setup-python@v5' (SHA:a26af69be951a213d495a4c3e4e4022e16d87065)
2026-10-07T02:00:12.1853291Z Download action repository 'actions/download-artifact@v4' (SHA:d3f86a106a0bac45b974a628896c90dbdf5c8093)
2026-10-07T02:00:12.3741383Z Download action repository 'actions/upload-artifact@v4' (SHA:ea165f8d65b6e75b540449e92b4886f43607fa02)
2026-10-07T02:00:12.5740528Z Complete job name: selection
2026-10-07T02:00:12.6532706Z ##[group]Run actions/checkout@v4
2026-10-07T02:00:12.6533690Z with:
2026-10-07T02:00:12.6534410Z   repository: duuu-hub/bb-scanner
2026-10-07T02:00:12.6538129Z   token: ***
2026-10-07T02:00:12.6538566Z   ssh-strict: true
2026-10-07T02:00:12.6539042Z   ssh-user: git
2026-10-07T02:00:12.6539503Z   persist-credentials: true
2026-10-07T02:00:12.6539993Z   clean: true
2026-10-07T02:00:12.6540450Z   sparse-checkout-cone-mode: true
2026-10-07T02:00:12.6540972Z   fetch-depth: 1
2026-10-07T02:00:12.6541403Z   fetch-tags: false
2026-10-07T02:00:12.6541840Z   show-progress: true
2026-10-07T02:00:12.6542296Z   lfs: false
2026-10-07T02:00:12.6542722Z   submodules: false
2026-10-07T02:00:12.6543177Z   set-safe-directory: true
2026-10-07T02:00:12.6543690Z   allow-unsafe-pr-checkout: false
2026-10-07T02:00:12.6544695Z env:
2026-10-07T02:00:12.6548383Z   GH_TOKEN: ***
2026-10-07T02:00:12.6548816Z ##[endgroup]
2026-10-07T02:00:12.7626796Z Syncing repository: duuu-hub/bb-scanner
2026-10-07T02:00:12.7629541Z ##[group]Getting Git version info
2026-10-07T02:00:12.7630410Z Working directory is '/home/runner/work/bb-scanner/bb-scanner'
2026-10-07T02:00:12.7631556Z [command]/usr/bin/git version
2026-10-07T02:00:12.7766817Z git version 2.55.0
2026-10-07T02:00:12.7793882Z ##[endgroup]
2026-10-07T02:00:12.7812983Z Temporarily overriding HOME='/home/runner/work/_temp/f08dc188-697a-4e4e-aeca-408cd61bd1b4' before making global git config changes
2026-10-07T02:00:12.7815505Z Adding repository directory to the temporary git global config as a safe directory
2026-10-07T02:00:12.7819594Z [command]/usr/bin/git config --global --add safe.directory /home/runner/work/bb-scanner/bb-scanner
2026-10-07T02:00:12.7879644Z Deleting the contents of '/home/runner/work/bb-scanner/bb-scanner'
2026-10-07T02:00:12.7884489Z ##[group]Initializing the repository
2026-10-07T02:00:12.7889332Z [command]/usr/bin/git init /home/runner/work/bb-scanner/bb-scanner
2026-10-07T02:00:12.8062422Z hint: Using 'master' as the name for the initial branch. This default branch name
2026-10-07T02:00:12.8065019Z hint: will change to "main" in Git 3.0. To configure the initial branch name
2026-10-07T02:00:12.8067266Z hint: to use in all of your new repositories, which will suppress this warning,
2026-10-07T02:00:12.8068299Z hint: call:
2026-10-07T02:00:12.8068946Z hint:
2026-10-07T02:00:12.8069673Z hint: 	git config --global init.defaultBranch <name>
2026-10-07T02:00:12.8071011Z hint:
2026-10-07T02:00:12.8072013Z hint: Names commonly chosen instead of 'master' are 'main', 'trunk' and
2026-10-07T02:00:12.8073152Z hint: 'development'. The just-created branch can be renamed via this command:
2026-10-07T02:00:12.8074576Z hint:
2026-10-07T02:00:12.8075318Z hint: 	git branch -m <name>
2026-10-07T02:00:12.8076016Z hint:
2026-10-07T02:00:12.8076658Z hint: Disable this message with "git config set advice.defaultBranchName false"
2026-10-07T02:00:12.8077843Z Initialized empty Git repository in /home/runner/work/bb-scanner/bb-scanner/.git/
2026-10-07T02:00:12.8080757Z [command]/usr/bin/git remote add origin https://github.com/duuu-hub/bb-scanner
2026-10-07T02:00:12.8144517Z ##[endgroup]
2026-10-07T02:00:12.8145901Z ##[group]Disabling automatic garbage collection
2026-10-07T02:00:12.8149726Z [command]/usr/bin/git config --local gc.auto 0
2026-10-07T02:00:12.8184373Z ##[endgroup]
2026-10-07T02:00:12.8185698Z ##[group]Setting up auth
2026-10-07T02:00:12.8192695Z [command]/usr/bin/git config --local --name-only --get-regexp core\.sshCommand
2026-10-07T02:00:12.8228120Z [command]/usr/bin/git submodule foreach --recursive sh -c "git config --local --name-only --get-regexp 'core\.sshCommand' && git config --local --unset-all 'core.sshCommand' || :"
2026-10-07T02:00:12.8676737Z [command]/usr/bin/git config --local --name-only --get-regexp http\.https\:\/\/github\.com\/\.extraheader
2026-10-07T02:00:12.8719749Z [command]/usr/bin/git submodule foreach --recursive sh -c "git config --local --name-only --get-regexp 'http\.https\:\/\/github\.com\/\.extraheader' && git config --local --unset-all 'http.https://github.com/.extraheader' || :"
2026-10-07T02:00:12.8948089Z [command]/usr/bin/git config --local --name-only --get-regexp ^includeIf\.gitdir:
2026-10-07T02:00:12.8984554Z [command]/usr/bin/git submodule foreach --recursive git config --local --show-origin --name-only --get-regexp remote.origin.url
2026-10-07T02:00:12.9212457Z [command]/usr/bin/git config --local http.https://github.com/.extraheader AUTHORIZATION: basic ***
2026-10-07T02:00:12.9254006Z ##[endgroup]
2026-10-07T02:00:12.9255411Z ##[group]Fetching the repository
2026-10-07T02:00:12.9265919Z [command]/usr/bin/git -c protocol.version=2 fetch --no-tags --prune --no-recurse-submodules --depth=1 origin +4869af65facf606a8cb17979c0966c729e8cbfd9:refs/remotes/origin/research-daily-channel-breakout-v25
2026-10-07T02:00:13.5869639Z From https://github.com/duuu-hub/bb-scanner
2026-10-07T02:00:13.5872577Z  * [new ref]         4869af65facf606a8cb17979c0966c729e8cbfd9 -> origin/research-daily-channel-breakout-v25
2026-10-07T02:00:13.5878878Z ##[endgroup]
2026-10-07T02:00:13.5881303Z ##[group]Determining the checkout info
2026-10-07T02:00:13.5883607Z ##[endgroup]
2026-10-07T02:00:13.5885292Z [command]/usr/bin/git sparse-checkout disable
2026-10-07T02:00:13.5946987Z [command]/usr/bin/git config --local --unset-all extensions.worktreeConfig
2026-10-07T02:00:13.5981653Z ##[group]Checking out the ref
2026-10-07T02:00:13.5995324Z [command]/usr/bin/git checkout --progress --force -B research-daily-channel-breakout-v25 refs/remotes/origin/research-daily-channel-breakout-v25
2026-10-07T02:00:13.8332387Z Switched to a new branch 'research-daily-channel-breakout-v25'
2026-10-07T02:00:13.8338669Z branch 'research-daily-channel-breakout-v25' set up to track 'origin/research-daily-channel-breakout-v25'.
2026-10-07T02:00:13.8351034Z ##[endgroup]
2026-10-07T02:00:13.8397378Z [command]/usr/bin/git log -1 --format=%H
2026-10-07T02:00:13.8426348Z 4869af65facf606a8cb17979c0966c729e8cbfd9
2026-10-07T02:00:13.8786214Z ##[group]Run actions/setup-python@v5
2026-10-07T02:00:13.8786807Z with:
2026-10-07T02:00:13.8787237Z   python-version: 3.12
2026-10-07T02:00:13.8787684Z   check-latest: false
2026-10-07T02:00:13.8790599Z   token: ***
2026-10-07T02:00:13.8791054Z   update-environment: true
2026-10-07T02:00:13.8791539Z   allow-prereleases: false
2026-10-07T02:00:13.8792004Z   freethreaded: false
2026-10-07T02:00:13.8792431Z env:
2026-10-07T02:00:13.8795568Z   GH_TOKEN: ***
2026-10-07T02:00:13.8795973Z ##[endgroup]
2026-10-07T02:00:14.0140821Z ##[group]Installed versions
2026-10-07T02:00:14.0266741Z (node:2301) [DEP0040] DeprecationWarning: The `punycode` module is deprecated. Please use a userland alternative instead.
2026-10-07T02:00:14.0268658Z (Use `node --trace-deprecation ...` to show where the warning was created)
2026-10-07T02:00:14.0269794Z Successfully set up CPython (3.12.14)
2026-10-07T02:00:14.0271334Z ##[endgroup]
2026-10-07T02:00:14.0438936Z ##[group]Run set -euo pipefail
2026-10-07T02:00:14.0439561Z [36;1mset -euo pipefail[0m
2026-10-07T02:00:14.0440134Z [36;1mpip install pandas==2.3.3 numpy==2.3.3 requests==2.32.5[0m
2026-10-07T02:00:14.0794757Z shell: /usr/bin/bash --noprofile --norc -e -o pipefail {0}
2026-10-07T02:00:14.0795602Z env:
2026-10-07T02:00:14.0799963Z   GH_TOKEN: ***
2026-10-07T02:00:14.0800559Z   pythonLocation: /opt/hostedtoolcache/Python/3.12.14/x64
2026-10-07T02:00:14.0801328Z   PKG_CONFIG_PATH: /opt/hostedtoolcache/Python/3.12.14/x64/lib/pkgconfig
2026-10-07T02:00:14.0802094Z   Python_ROOT_DIR: /opt/hostedtoolcache/Python/3.12.14/x64
2026-10-07T02:00:14.0802822Z   Python2_ROOT_DIR: /opt/hostedtoolcache/Python/3.12.14/x64
2026-10-07T02:00:14.0803513Z   Python3_ROOT_DIR: /opt/hostedtoolcache/Python/3.12.14/x64
2026-10-07T02:00:14.0804363Z   LD_LIBRARY_PATH: /opt/hostedtoolcache/Python/3.12.14/x64/lib
2026-10-07T02:00:14.0804999Z ##[endgroup]
2026-10-07T02:00:15.6836000Z Collecting pandas==2.3.3
2026-10-07T02:00:15.9114916Z   Downloading pandas-2.3.3-cp312-cp312-manylinux_2_24_x86_64.manylinux_2_28_x86_64.whl.metadata (91 kB)
2026-10-07T02:00:16.3966501Z Collecting numpy==2.3.3
2026-10-07T02:00:16.4669924Z   Downloading numpy-2.3.3-cp312-cp312-manylinux_2_27_x86_64.manylinux_2_28_x86_64.whl.metadata (62 kB)
2026-10-07T02:00:16.5760957Z Collecting requests==2.32.5
2026-10-07T02:00:16.6415549Z   Downloading requests-2.32.5-py3-none-any.whl.metadata (4.9 kB)
2026-10-07T02:00:16.7184519Z Collecting python-dateutil>=2.8.2 (from pandas==2.3.3)
2026-10-07T02:00:16.7850730Z   Downloading python_dateutil-2.9.0.post0-py2.py3-none-any.whl.metadata (8.4 kB)
2026-10-07T02:00:16.8868292Z Collecting pytz>=2020.1 (from pandas==2.3.3)
2026-10-07T02:00:16.9507071Z   Downloading pytz-2026.5-py2.py3-none-any.whl.metadata (22 kB)
2026-10-07T02:00:17.0300279Z Collecting tzdata>=2022.7 (from pandas==2.3.3)
2026-10-07T02:00:17.0938250Z   Downloading tzdata-2026.5-py2.py3-none-any.whl.metadata (1.4 kB)
2026-10-07T02:00:17.2888628Z Collecting charset_normalizer<4,>=2 (from requests==2.32.5)
2026-10-07T02:00:17.3584522Z   Downloading charset_normalizer-3.5.2-cp312-cp312-manylinux2014_x86_64.manylinux_2_17_x86_64.manylinux_2_28_x86_64.whl.metadata (46 kB)
2026-10-07T02:00:17.4446546Z Collecting idna<4,>=2.5 (from requests==2.32.5)
2026-10-07T02:00:17.5102595Z   Downloading idna-3.20-py3-none-any.whl.metadata (7.2 kB)
2026-10-07T02:00:17.6029424Z Collecting urllib3<3,>=1.21.1 (from requests==2.32.5)
2026-10-07T02:00:17.6663458Z   Downloading urllib3-2.8.0-py3-none-any.whl.metadata (7.4 kB)
2026-10-07T02:00:17.7492487Z Collecting certifi>=2017.4.17 (from requests==2.32.5)
2026-10-07T02:00:17.8128516Z   Downloading certifi-2026.7.22-py3-none-any.whl.metadata (2.5 kB)
2026-10-07T02:00:17.8876431Z Collecting six>=1.5 (from python-dateutil>=2.8.2->pandas==2.3.3)
2026-10-07T02:00:17.9505518Z   Downloading six-1.17.0-py2.py3-none-any.whl.metadata (1.7 kB)
2026-10-07T02:00:18.0188508Z Downloading pandas-2.3.3-cp312-cp312-manylinux_2_24_x86_64.manylinux_2_28_x86_64.whl (12.4 MB)
2026-10-07T02:00:18.7040249Z    ━━━━━━━━━━━━━━━━━━━━━━━━━━━━━━━━━━━━━━━━ 12.4/12.4 MB 21.6 MB/s  0:00:00
2026-10-07T02:00:18.7926114Z Downloading numpy-2.3.3-cp312-cp312-manylinux_2_27_x86_64.manylinux_2_28_x86_64.whl (16.6 MB)
2026-10-07T02:00:19.0323499Z    ━━━━━━━━━━━━━━━━━━━━━━━━━━━━━━━━━━━━━━━━ 16.6/16.6 MB 69.2 MB/s  0:00:00
2026-10-07T02:00:19.0957474Z Downloading requests-2.32.5-py3-none-any.whl (64 kB)
2026-10-07T02:00:19.1616313Z Downloading charset_normalizer-3.5.2-cp312-cp312-manylinux2014_x86_64.manylinux_2_17_x86_64.manylinux_2_28_x86_64.whl (257 kB)
2026-10-07T02:00:19.2284897Z Downloading idna-3.20-py3-none-any.whl (69 kB)
2026-10-07T02:00:19.2948836Z Downloading urllib3-2.8.0-py3-none-any.whl (135 kB)
2026-10-07T02:00:19.3621641Z Downloading certifi-2026.7.22-py3-none-any.whl (136 kB)
2026-10-07T02:00:19.4295727Z Downloading python_dateutil-2.9.0.post0-py2.py3-none-any.whl (229 kB)
2026-10-07T02:00:19.4961690Z Downloading pytz-2026.5-py2.py3-none-any.whl (506 kB)
2026-10-07T02:00:19.5633358Z Downloading six-1.17.0-py2.py3-none-any.whl (11 kB)
2026-10-07T02:00:19.6291705Z Downloading tzdata-2026.5-py2.py3-none-any.whl (347 kB)
2026-10-07T02:00:19.8228101Z Installing collected packages: pytz, urllib3, tzdata, six, numpy, idna, charset_normalizer, certifi, requests, python-dateutil, pandas
2026-10-07T02:00:27.3788326Z 
2026-10-07T02:00:27.3807594Z Successfully installed certifi-2026.7.22 charset_normalizer-3.5.2 idna-3.20 numpy-2.3.3 pandas-2.3.3 python-dateutil-2.9.0.post0 pytz-2026.5 requests-2.32.5 six-1.17.0 tzdata-2026.5 urllib3-2.8.0
2026-10-07T02:00:27.4865979Z ##[group]Run actions/download-artifact@v4
2026-10-07T02:00:27.4866306Z with:
2026-10-07T02:00:27.4866554Z   pattern: daily-channel-breakout-v25-dev-[0-7]
2026-10-07T02:00:27.4866865Z   path: dev-parts
2026-10-07T02:00:27.4867077Z   merge-multiple: false
2026-10-07T02:00:27.4867310Z   repository: duuu-hub/bb-scanner
2026-10-07T02:00:27.4867589Z   run-id: 37559595896
2026-10-07T02:00:27.4867790Z env:
2026-10-07T02:00:27.4870265Z   GH_TOKEN: ***
2026-10-07T02:00:27.4870567Z   pythonLocation: /opt/hostedtoolcache/Python/3.12.14/x64
2026-10-07T02:00:27.4871022Z   PKG_CONFIG_PATH: /opt/hostedtoolcache/Python/3.12.14/x64/lib/pkgconfig
2026-10-07T02:00:27.4871450Z   Python_ROOT_DIR: /opt/hostedtoolcache/Python/3.12.14/x64
2026-10-07T02:00:27.4871867Z   Python2_ROOT_DIR: /opt/hostedtoolcache/Python/3.12.14/x64
2026-10-07T02:00:27.4872263Z   Python3_ROOT_DIR: /opt/hostedtoolcache/Python/3.12.14/x64
2026-10-07T02:00:27.4872658Z   LD_LIBRARY_PATH: /opt/hostedtoolcache/Python/3.12.14/x64/lib
2026-10-07T02:00:27.4873034Z ##[endgroup]
2026-10-07T02:00:27.6605181Z (node:2342) [DEP0040] DeprecationWarning: The `punycode` module is deprecated. Please use a userland alternative instead.
2026-10-07T02:00:27.6606084Z (Use `node --trace-deprecation ...` to show where the warning was created)
2026-10-07T02:00:27.7540420Z Found 9 artifact(s)
2026-10-07T02:00:27.7542287Z Filtering artifacts by pattern 'daily-channel-breakout-v25-dev-[0-7]'
2026-10-07T02:00:27.7572068Z Preparing to download the following artifacts:
2026-10-07T02:00:27.7574420Z - daily-channel-breakout-v25-dev-1 (ID: 11456850186, Size: 10330615, Expected Digest: sha256:820e22d693ca831cd47c2515ad45eb0e3972b53b37ffe2faf48cf85867c59c32)
2026-10-07T02:00:27.7577187Z - daily-channel-breakout-v25-dev-5 (ID: 11456775344, Size: 9887302, Expected Digest: sha256:caac76dd1d11c776b7d350ff782885d7e62caf5a46fa7fa93de28901e6449c18)
2026-10-07T02:00:27.7580071Z - daily-channel-breakout-v25-dev-3 (ID: 11456640489, Size: 8446400, Expected Digest: sha256:4ad6c16113834f8c6d39ca9418c58c21b6f9a9d8e782041bb6333995d15a49f4)
2026-10-07T02:00:27.7582660Z - daily-channel-breakout-v25-dev-0 (ID: 11456515663, Size: 7153537, Expected Digest: sha256:0c1f48342ac2fc0f9968a6d4f94c1d857a04f638acc7e7d9004c5dd3bb4e12c9)
2026-10-07T02:00:27.7585089Z - daily-channel-breakout-v25-dev-7 (ID: 11456475656, Size: 6229335, Expected Digest: sha256:a472da7c17a13d09e804b13050b295c6c39f035af1400732cba9ad4bbb6c0c90)
2026-10-07T02:00:27.7589799Z - daily-channel-breakout-v25-dev-6 (ID: 11456202565, Size: 9551972, Expected Digest: sha256:27a4ac2d403c425dd2416aa51fd9e5e26578b1914a7bae34dc654a327776c165)
2026-10-07T02:00:27.7591864Z - daily-channel-breakout-v25-dev-2 (ID: 11456098249, Size: 6911123, Expected Digest: sha256:26f447f1485adc2a88a3092931f38c6ec3d647c3c8df2f8c2914c78106cef7da)
2026-10-07T02:00:27.7595003Z - daily-channel-breakout-v25-dev-4 (ID: 11455709572, Size: 7221572, Expected Digest: sha256:7cc4ae6671c3c3153306c771b1b3f24cbd8b6c2ed7ce80c97e32b759e0df3799)
2026-10-07T02:00:27.8794036Z Redirecting to blob download url: https://productionresultssa13.blob.core.windows.net/actions-results/a2e7c618-e314-8c8f-adac-98a8e36d5175/workflow-job-run-9870e188-320e-5512-bb9c-1aa2cea5c083/artifacts/d866652707bffedbf7e9c1654c9f508545d3440dc854b72b8aee55972de0b146.zip
2026-10-07T02:00:27.8796681Z Starting download of artifact to: /home/runner/work/bb-scanner/bb-scanner/dev-parts/daily-channel-breakout-v25-dev-1
2026-10-07T02:00:27.8987409Z Redirecting to blob download url: https://productionresultssa13.blob.core.windows.net/actions-results/a2e7c618-e314-8c8f-adac-98a8e36d5175/workflow-job-run-ccc7ed04-a520-5592-b745-1dd05a9b4ce5/artifacts/8eec8d094ad15c4dba3852cf24c327a4f6393d826f322ea24865a5d03e45d1e3.zip
2026-10-07T02:00:27.8989458Z Starting download of artifact to: /home/runner/work/bb-scanner/bb-scanner/dev-parts/daily-channel-breakout-v25-dev-7
2026-10-07T02:00:27.9007717Z Redirecting to blob download url: https://productionresultssa13.blob.core.windows.net/actions-results/a2e7c618-e314-8c8f-adac-98a8e36d5175/workflow-job-run-3cb983b6-8c8f-5164-953d-1b413fd1ccc8/artifacts/192b0356177f5d32fe697af85015027fe4fbfedbf7857e3d95c1e28ab5c60e4a.zip
2026-10-07T02:00:27.9009612Z Starting download of artifact to: /home/runner/work/bb-scanner/bb-scanner/dev-parts/daily-channel-breakout-v25-dev-6
2026-10-07T02:00:27.9134672Z Redirecting to blob download url: https://productionresultssa13.blob.core.windows.net/actions-results/a2e7c618-e314-8c8f-adac-98a8e36d5175/workflow-job-run-dd98bda5-394a-5594-97d2-9e52dee5e5da/artifacts/02ed84fb728244769d5fb0133c20122cc8352bbd600d08b9d963a59f9adab975.zip
2026-10-07T02:00:27.9138047Z Starting download of artifact to: /home/runner/work/bb-scanner/bb-scanner/dev-parts/daily-channel-breakout-v25-dev-3
2026-10-07T02:00:27.9152883Z Redirecting to blob download url: https://productionresultssa13.blob.core.windows.net/actions-results/a2e7c618-e314-8c8f-adac-98a8e36d5175/workflow-job-run-575a48b3-1bfc-5e6d-be1a-3103bb818056/artifacts/52ead39700380361d9398fe64041e903e6c03d6e4968b449c095e6527894ccf4.zip
2026-10-07T02:00:27.9155883Z Starting download of artifact to: /home/runner/work/bb-scanner/bb-scanner/dev-parts/daily-channel-breakout-v25-dev-4
2026-10-07T02:00:27.9161390Z Redirecting to blob download url: https://productionresultssa13.blob.core.windows.net/actions-results/a2e7c618-e314-8c8f-adac-98a8e36d5175/workflow-job-run-ec97d684-e1da-5119-9f21-4bcb8c1b6c4c/artifacts/6ffb1c119d1a0afd21b35e796f80f7094deb58f94973967472de43b4e22292c6.zip
2026-10-07T02:00:27.9163652Z Starting download of artifact to: /home/runner/work/bb-scanner/bb-scanner/dev-parts/daily-channel-breakout-v25-dev-2
2026-10-07T02:00:27.9176064Z Redirecting to blob download url: https://productionresultssa13.blob.core.windows.net/actions-results/a2e7c618-e314-8c8f-adac-98a8e36d5175/workflow-job-run-f974e26f-f638-584a-b389-c55bc76d10b7/artifacts/18b763eabbc9a4e82c6bdd1eb17ee691dee82f3670e2e542d7202b8888c1f8cd.zip
2026-10-07T02:00:27.9177962Z Starting download of artifact to: /home/runner/work/bb-scanner/bb-scanner/dev-parts/daily-channel-breakout-v25-dev-0
2026-10-07T02:00:27.9238380Z Redirecting to blob download url: https://productionresultssa13.blob.core.windows.net/actions-results/a2e7c618-e314-8c8f-adac-98a8e36d5175/workflow-job-run-e614ac6e-f964-5359-a956-d1103e1cf277/artifacts/dad3b28ed69007aa369db60a608836ca01acbb793f07d59547b89e71d425c99f.zip
2026-10-07T02:00:27.9240114Z Starting download of artifact to: /home/runner/work/bb-scanner/bb-scanner/dev-parts/daily-channel-breakout-v25-dev-5
2026-10-07T02:00:27.9417065Z (node:2342) [DEP0005] DeprecationWarning: Buffer() is deprecated due to security and usability issues. Please use the Buffer.alloc(), Buffer.allocUnsafe(), or Buffer.from() methods instead.
2026-10-07T02:00:28.3690501Z SHA256 digest of downloaded artifact is a472da7c17a13d09e804b13050b295c6c39f035af1400732cba9ad4bbb6c0c90
2026-10-07T02:00:28.3691421Z Artifact download completed successfully.
2026-10-07T02:00:28.3981827Z SHA256 digest of downloaded artifact is 26f447f1485adc2a88a3092931f38c6ec3d647c3c8df2f8c2914c78106cef7da
2026-10-07T02:00:28.3985012Z Artifact download completed successfully.
2026-10-07T02:00:28.4315980Z SHA256 digest of downloaded artifact is 7cc4ae6671c3c3153306c771b1b3f24cbd8b6c2ed7ce80c97e32b759e0df3799
2026-10-07T02:00:28.4317518Z Artifact download completed successfully.
2026-10-07T02:00:28.4567889Z SHA256 digest of downloaded artifact is 0c1f48342ac2fc0f9968a6d4f94c1d857a04f638acc7e7d9004c5dd3bb4e12c9
2026-10-07T02:00:28.4569170Z Artifact download completed successfully.
2026-10-07T02:00:28.4585756Z SHA256 digest of downloaded artifact is 820e22d693ca831cd47c2515ad45eb0e3972b53b37ffe2faf48cf85867c59c32
2026-10-07T02:00:28.4586409Z Artifact download completed successfully.
2026-10-07T02:00:28.4733016Z SHA256 digest of downloaded artifact is 27a4ac2d403c425dd2416aa51fd9e5e26578b1914a7bae34dc654a327776c165
2026-10-07T02:00:28.4734127Z Artifact download completed successfully.
2026-10-07T02:00:28.4742443Z SHA256 digest of downloaded artifact is 4ad6c16113834f8c6d39ca9418c58c21b6f9a9d8e782041bb6333995d15a49f4
2026-10-07T02:00:28.4746056Z Artifact download completed successfully.
2026-10-07T02:00:28.4917813Z SHA256 digest of downloaded artifact is caac76dd1d11c776b7d350ff782885d7e62caf5a46fa7fa93de28901e6449c18
2026-10-07T02:00:28.4918872Z Artifact download completed successfully.
2026-10-07T02:00:28.4919468Z Total of 8 artifact(s) downloaded
2026-10-07T02:00:28.4927541Z Download artifact has finished successfully
2026-10-07T02:00:28.5167363Z ##[group]Run set -euo pipefail
2026-10-07T02:00:28.5167758Z [36;1mset -euo pipefail[0m
2026-10-07T02:00:28.5168315Z [36;1mpython scripts/daily_channel_breakout_v25.py select --parts dev-parts --out selected-input[0m
2026-10-07T02:00:28.5168863Z [36;1mpython - <<'SELECT'[0m
2026-10-07T02:00:28.5169155Z [36;1mimport json,os[0m
2026-10-07T02:00:28.5169563Z [36;1mn=len(json.load(open('selected-input/selection.json'))['policies'])[0m
2026-10-07T02:00:28.5170213Z [36;1mwith open(os.environ['GITHUB_OUTPUT'],'a') as f:f.write('selected_count='+str(n)+'\n')[0m
2026-10-07T02:00:28.5170715Z [36;1mSELECT[0m
2026-10-07T02:00:28.5237646Z shell: /usr/bin/bash --noprofile --norc -e -o pipefail {0}
2026-10-07T02:00:28.5238047Z env:
2026-10-07T02:00:28.5240600Z   GH_TOKEN: ***
2026-10-07T02:00:28.5240958Z   pythonLocation: /opt/hostedtoolcache/Python/3.12.14/x64
2026-10-07T02:00:28.5241456Z   PKG_CONFIG_PATH: /opt/hostedtoolcache/Python/3.12.14/x64/lib/pkgconfig
2026-10-07T02:00:28.5241994Z   Python_ROOT_DIR: /opt/hostedtoolcache/Python/3.12.14/x64
2026-10-07T02:00:28.5242441Z   Python2_ROOT_DIR: /opt/hostedtoolcache/Python/3.12.14/x64
2026-10-07T02:00:28.5242873Z   Python3_ROOT_DIR: /opt/hostedtoolcache/Python/3.12.14/x64
2026-10-07T02:00:28.5243332Z   LD_LIBRARY_PATH: /opt/hostedtoolcache/Python/3.12.14/x64/lib
2026-10-07T02:00:28.5244087Z ##[endgroup]
2026-10-07T02:00:33.7543484Z V25_DAILY_CHANNEL_SELECT {"status": "NO_DEVELOPMENT_POLICY_SURVIVOR", "cells_examined": 96, "selected": [], "policies": [], "union_name": "SESSION_OPENING_RANGE_LIQUIDITY_SWEEP_UNION", "source_context_sha256": "dab527bef32197364070e1d1cd17b5f9260cbf17f099e9698070ce5843c87faa", "source_symbols": 856, "economic_surviving_cells": 0, "rejection_counts": {"2021_DATES_LT_20": 36, "2021_net40_R_NONPOSITIVE": 92, "2021_net40_mean_bp_NONPOSITIVE": 91, "2023_net40_mean_bp_NONPOSITIVE": 56, "2021_day_R_NONPOSITIVE": 82, "2023_net40_R_NONPOSITIVE": 31, "2023_day_R_NONPOSITIVE": 82, "NET40_MEAN_BP_NONPOSITIVE": 48, "NET40_R_MEAN_NONPOSITIVE": 46, "2022_net40_R_NONPOSITIVE": 48, "2022_net40_mean_bp_NONPOSITIVE": 48, "2022_day_R_NONPOSITIVE": 48}, "note": "Frozen session opening-range liquidity sweep reversal experiment. Overlapping diagnostics are not executable account growth."}
2026-10-07T02:00:33.8626860Z ##[group]Run set -euo pipefail
2026-10-07T02:00:33.8627266Z [36;1mset -euo pipefail[0m
2026-10-07T02:00:33.8627563Z [36;1mpython - <<'SAVE'[0m
2026-10-07T02:00:33.8627857Z [36;1mfrom pathlib import Path[0m
2026-10-07T02:00:33.8628193Z [36;1mimport shutil,json,os,hashlib[0m
2026-10-07T02:00:33.8628783Z [36;1mp=Path('research/daily-channel-breakout-v25/run-'+os.environ['GITHUB_RUN_ID']+'/development')[0m
2026-10-07T02:00:33.8629386Z [36;1mshutil.copytree('selected-input',p)[0m
2026-10-07T02:00:33.8629932Z [36;1mfor name in ['scan_meta.json','exclusions.csv','frozen_context.json','source_check.json']:[0m
2026-10-07T02:00:33.8630544Z [36;1m for i,f in enumerate(sorted(Path('dev-parts').rglob(name))):[0m
2026-10-07T02:00:33.8631078Z [36;1m  shutil.copyfile(f,p/('full_dev_shard_'+str(i)+'_'+name))[0m
2026-10-07T02:00:33.8631789Z [36;1m(p/'provenance.json').write_text(json.dumps(dict(run=int(os.environ['GITHUB_RUN_ID']),code_commit=os.environ['GITHUB_SHA'],[0m
2026-10-07T02:00:33.8632851Z [36;1m source_data_run=36095439671,cells=96,sha256={str(f.relative_to(p)):hashlib.sha256(f.read_bytes()).hexdigest() for f in p.rglob('*') if f.is_file()}),indent=2))[0m
2026-10-07T02:00:33.8633590Z [36;1mSAVE[0m
2026-10-07T02:00:33.8698366Z shell: /usr/bin/bash --noprofile --norc -e -o pipefail {0}
2026-10-07T02:00:33.8698766Z env:
2026-10-07T02:00:33.8701397Z   GH_TOKEN: ***
2026-10-07T02:00:33.8701746Z   pythonLocation: /opt/hostedtoolcache/Python/3.12.14/x64
2026-10-07T02:00:33.8702269Z   PKG_CONFIG_PATH: /opt/hostedtoolcache/Python/3.12.14/x64/lib/pkgconfig
2026-10-07T02:00:33.8702786Z   Python_ROOT_DIR: /opt/hostedtoolcache/Python/3.12.14/x64
2026-10-07T02:00:33.8703258Z   Python2_ROOT_DIR: /opt/hostedtoolcache/Python/3.12.14/x64
2026-10-07T02:00:33.8703904Z   Python3_ROOT_DIR: /opt/hostedtoolcache/Python/3.12.14/x64
2026-10-07T02:00:33.8704452Z   LD_LIBRARY_PATH: /opt/hostedtoolcache/Python/3.12.14/x64/lib
2026-10-07T02:00:33.8704846Z ##[endgroup]
2026-10-07T02:00:33.9342828Z ##[group]Run set -euo pipefail
2026-10-07T02:00:33.9343236Z [36;1mset -euo pipefail[0m
2026-10-07T02:00:33.9343602Z [36;1mgit config user.name "github-actions[bot]"[0m
2026-10-07T02:00:33.9344448Z [36;1mgit config user.email "41898282+github-actions[bot]@users.noreply.github.com"[0m
2026-10-07T02:00:33.9345118Z [36;1mgit checkout -b "research-daily-channel-breakout-v25-dev-37559595896"[0m
2026-10-07T02:00:33.9345741Z [36;1mgit add "research/daily-channel-breakout-v25/run-37559595896/development"[0m
2026-10-07T02:00:33.9346338Z [36;1mgit commit -m "Preserve V25 dev before subsequent research stages"[0m
2026-10-07T02:00:33.9346772Z [36;1mgit push origin HEAD[0m
2026-10-07T02:00:33.9411424Z shell: /usr/bin/bash --noprofile --norc -e -o pipefail {0}
2026-10-07T02:00:33.9411827Z env:
2026-10-07T02:00:33.9414711Z   GH_TOKEN: ***
2026-10-07T02:00:33.9415073Z   pythonLocation: /opt/hostedtoolcache/Python/3.12.14/x64
2026-10-07T02:00:33.9415627Z   PKG_CONFIG_PATH: /opt/hostedtoolcache/Python/3.12.14/x64/lib/pkgconfig
2026-10-07T02:00:33.9416147Z   Python_ROOT_DIR: /opt/hostedtoolcache/Python/3.12.14/x64
2026-10-07T02:00:33.9416608Z   Python2_ROOT_DIR: /opt/hostedtoolcache/Python/3.12.14/x64
2026-10-07T02:00:33.9417051Z   Python3_ROOT_DIR: /opt/hostedtoolcache/Python/3.12.14/x64
2026-10-07T02:00:33.9417489Z   LD_LIBRARY_PATH: /opt/hostedtoolcache/Python/3.12.14/x64/lib
2026-10-07T02:00:33.9417879Z ##[endgroup]
2026-10-07T02:00:33.9558060Z Switched to a new branch 'research-daily-channel-breakout-v25-dev-37559595896'
2026-10-07T02:00:34.1631200Z [research-daily-channel-breakout-v25-dev-37559595896 1b352cb] Preserve V25 dev before subsequent research stages
2026-10-07T02:00:34.1632436Z  51 files changed, 40678 insertions(+)
2026-10-07T02:00:34.1634242Z  create mode 100644 research/daily-channel-breakout-v25/run-37559595896/development/dev-0/independent_candidates.csv.gz
2026-10-07T02:00:34.1635539Z  create mode 100644 research/daily-channel-breakout-v25/run-37559595896/development/dev-0/scan_meta.json
2026-10-07T02:00:34.1636682Z  create mode 100644 research/daily-channel-breakout-v25/run-37559595896/development/dev-1/independent_candidates.csv.gz
2026-10-07T02:00:34.1637802Z  create mode 100644 research/daily-channel-breakout-v25/run-37559595896/development/dev-1/scan_meta.json
2026-10-07T02:00:34.1638894Z  create mode 100644 research/daily-channel-breakout-v25/run-37559595896/development/dev-2/independent_candidates.csv.gz
2026-10-07T02:00:34.1639996Z  create mode 100644 research/daily-channel-breakout-v25/run-37559595896/development/dev-2/scan_meta.json
2026-10-07T02:00:34.1641084Z  create mode 100644 research/daily-channel-breakout-v25/run-37559595896/development/dev-3/independent_candidates.csv.gz
2026-10-07T02:00:34.1642181Z  create mode 100644 research/daily-channel-breakout-v25/run-37559595896/development/dev-3/scan_meta.json
2026-10-07T02:00:34.1643266Z  create mode 100644 research/daily-channel-breakout-v25/run-37559595896/development/dev-4/independent_candidates.csv.gz
2026-10-07T02:00:34.1644781Z  create mode 100644 research/daily-channel-breakout-v25/run-37559595896/development/dev-4/scan_meta.json
2026-10-07T02:00:34.1646026Z  create mode 100644 research/daily-channel-breakout-v25/run-37559595896/development/dev-5/independent_candidates.csv.gz
2026-10-07T02:00:34.1647063Z  create mode 100644 research/daily-channel-breakout-v25/run-37559595896/development/dev-5/scan_meta.json
2026-10-07T02:00:34.1647910Z  create mode 100644 research/daily-channel-breakout-v25/run-37559595896/development/dev-6/independent_candidates.csv.gz
2026-10-07T02:00:34.1648942Z  create mode 100644 research/daily-channel-breakout-v25/run-37559595896/development/dev-6/scan_meta.json
2026-10-07T02:00:34.1649750Z  create mode 100644 research/daily-channel-breakout-v25/run-37559595896/development/dev-7/independent_candidates.csv.gz
2026-10-07T02:00:34.1650574Z  create mode 100644 research/daily-channel-breakout-v25/run-37559595896/development/dev-7/scan_meta.json
2026-10-07T02:00:34.1651627Z  create mode 100644 research/daily-channel-breakout-v25/run-37559595896/development/development_policy_cells.csv
2026-10-07T02:00:34.1652514Z  create mode 100644 research/daily-channel-breakout-v25/run-37559595896/development/full_dev_shard_0_exclusions.csv
2026-10-07T02:00:34.1653393Z  create mode 100644 research/daily-channel-breakout-v25/run-37559595896/development/full_dev_shard_0_frozen_context.json
2026-10-07T02:00:34.1656772Z  create mode 100644 research/daily-channel-breakout-v25/run-37559595896/development/full_dev_shard_0_scan_meta.json
2026-10-07T02:00:34.1657675Z  create mode 100644 research/daily-channel-breakout-v25/run-37559595896/development/full_dev_shard_0_source_check.json
2026-10-07T02:00:34.1658535Z  create mode 100644 research/daily-channel-breakout-v25/run-37559595896/development/full_dev_shard_1_exclusions.csv
2026-10-07T02:00:34.1659404Z  create mode 100644 research/daily-channel-breakout-v25/run-37559595896/development/full_dev_shard_1_frozen_context.json
2026-10-07T02:00:34.1660264Z  create mode 100644 research/daily-channel-breakout-v25/run-37559595896/development/full_dev_shard_1_scan_meta.json
2026-10-07T02:00:34.1661098Z  create mode 100644 research/daily-channel-breakout-v25/run-37559595896/development/full_dev_shard_1_source_check.json
2026-10-07T02:00:34.1661922Z  create mode 100644 research/daily-channel-breakout-v25/run-37559595896/development/full_dev_shard_2_exclusions.csv
2026-10-07T02:00:34.1662768Z  create mode 100644 research/daily-channel-breakout-v25/run-37559595896/development/full_dev_shard_2_frozen_context.json
2026-10-07T02:00:34.1663602Z  create mode 100644 research/daily-channel-breakout-v25/run-37559595896/development/full_dev_shard_2_scan_meta.json
2026-10-07T02:00:34.1664796Z  create mode 100644 research/daily-channel-breakout-v25/run-37559595896/development/full_dev_shard_2_source_check.json
2026-10-07T02:00:34.1665860Z  create mode 100644 research/daily-channel-breakout-v25/run-37559595896/development/full_dev_shard_3_exclusions.csv
2026-10-07T02:00:34.1666704Z  create mode 100644 research/daily-channel-breakout-v25/run-37559595896/development/full_dev_shard_3_frozen_context.json
2026-10-07T02:00:34.1667532Z  create mode 100644 research/daily-channel-breakout-v25/run-37559595896/development/full_dev_shard_3_scan_meta.json
2026-10-07T02:00:34.1668384Z  create mode 100644 research/daily-channel-breakout-v25/run-37559595896/development/full_dev_shard_3_source_check.json
2026-10-07T02:00:34.1669208Z  create mode 100644 research/daily-channel-breakout-v25/run-37559595896/development/full_dev_shard_4_exclusions.csv
2026-10-07T02:00:34.1670036Z  create mode 100644 research/daily-channel-breakout-v25/run-37559595896/development/full_dev_shard_4_frozen_context.json
2026-10-07T02:00:34.1670862Z  create mode 100644 research/daily-channel-breakout-v25/run-37559595896/development/full_dev_shard_4_scan_meta.json
2026-10-07T02:00:34.1671690Z  create mode 100644 research/daily-channel-breakout-v25/run-37559595896/development/full_dev_shard_4_source_check.json
2026-10-07T02:00:34.1672519Z  create mode 100644 research/daily-channel-breakout-v25/run-37559595896/development/full_dev_shard_5_exclusions.csv
2026-10-07T02:00:34.1673350Z  create mode 100644 research/daily-channel-breakout-v25/run-37559595896/development/full_dev_shard_5_frozen_context.json
2026-10-07T02:00:34.1674499Z  create mode 100644 research/daily-channel-breakout-v25/run-37559595896/development/full_dev_shard_5_scan_meta.json
2026-10-07T02:00:34.1675336Z  create mode 100644 research/daily-channel-breakout-v25/run-37559595896/development/full_dev_shard_5_source_check.json
2026-10-07T02:00:34.1676159Z  create mode 100644 research/daily-channel-breakout-v25/run-37559595896/development/full_dev_shard_6_exclusions.csv
2026-10-07T02:00:34.1677000Z  create mode 100644 research/daily-channel-breakout-v25/run-37559595896/development/full_dev_shard_6_frozen_context.json
2026-10-07T02:00:34.1677838Z  create mode 100644 research/daily-channel-breakout-v25/run-37559595896/development/full_dev_shard_6_scan_meta.json
2026-10-07T02:00:34.1678834Z  create mode 100644 research/daily-channel-breakout-v25/run-37559595896/development/full_dev_shard_6_source_check.json
2026-10-07T02:00:34.1679669Z  create mode 100644 research/daily-channel-breakout-v25/run-37559595896/development/full_dev_shard_7_exclusions.csv
2026-10-07T02:00:34.1680497Z  create mode 100644 research/daily-channel-breakout-v25/run-37559595896/development/full_dev_shard_7_frozen_context.json
2026-10-07T02:00:34.1681334Z  create mode 100644 research/daily-channel-breakout-v25/run-37559595896/development/full_dev_shard_7_scan_meta.json
2026-10-07T02:00:34.1682153Z  create mode 100644 research/daily-channel-breakout-v25/run-37559595896/development/full_dev_shard_7_source_check.json
2026-10-07T02:00:34.1682945Z  create mode 100644 research/daily-channel-breakout-v25/run-37559595896/development/provenance.json
2026-10-07T02:00:34.1683685Z  create mode 100644 research/daily-channel-breakout-v25/run-37559595896/development/selection.json
2026-10-07T02:00:37.5101858Z remote: 
2026-10-07T02:00:37.5103534Z remote: Create a pull request for 'research-daily-channel-breakout-v25-dev-37559595896' on GitHub by visiting:        
2026-10-07T02:00:37.5106112Z remote:      https://github.com/duuu-hub/bb-scanner/pull/new/research-daily-channel-breakout-v25-dev-37559595896        
2026-10-07T02:00:37.5107107Z remote: 
2026-10-07T02:00:37.5116035Z To https://github.com/duuu-hub/bb-scanner
2026-10-07T02:00:37.5116841Z  * [new branch]      HEAD -> research-daily-channel-breakout-v25-dev-37559595896
2026-10-07T02:00:37.5212703Z ##[group]Run actions/upload-artifact@v4
2026-10-07T02:00:37.5213081Z with:
2026-10-07T02:00:37.5213352Z   name: daily-channel-breakout-v25-selected
2026-10-07T02:00:37.5213995Z   path: selected-input/
2026-10-07T02:00:37.5214494Z   retention-days: 30
2026-10-07T02:00:37.5214764Z   compression-level: 0
2026-10-07T02:00:37.5215038Z   if-no-files-found: warn
2026-10-07T02:00:37.5215315Z   overwrite: false
2026-10-07T02:00:37.5215576Z   include-hidden-files: false
2026-10-07T02:00:37.5215861Z env:
2026-10-07T02:00:37.5218374Z   GH_TOKEN: ***
2026-10-07T02:00:37.5218718Z   pythonLocation: /opt/hostedtoolcache/Python/3.12.14/x64
2026-10-07T02:00:37.5219222Z   PKG_CONFIG_PATH: /opt/hostedtoolcache/Python/3.12.14/x64/lib/pkgconfig
2026-10-07T02:00:37.5219704Z   Python_ROOT_DIR: /opt/hostedtoolcache/Python/3.12.14/x64
2026-10-07T02:00:37.5220144Z   Python2_ROOT_DIR: /opt/hostedtoolcache/Python/3.12.14/x64
2026-10-07T02:00:37.5220604Z   Python3_ROOT_DIR: /opt/hostedtoolcache/Python/3.12.14/x64
2026-10-07T02:00:37.5221045Z   LD_LIBRARY_PATH: /opt/hostedtoolcache/Python/3.12.14/x64/lib
2026-10-07T02:00:37.5221424Z ##[endgroup]
2026-10-07T02:00:37.6829674Z (node:2383) [DEP0040] DeprecationWarning: The `punycode` module is deprecated. Please use a userland alternative instead.
2026-10-07T02:00:37.6831078Z (Use `node --trace-deprecation ...` to show where the warning was created)
2026-10-07T02:00:37.6954849Z With the provided path, there will be 18 files uploaded
2026-10-07T02:00:37.6961267Z Artifact name is valid!
2026-10-07T02:00:37.6962061Z Root directory input is valid!
2026-10-07T02:00:37.8830511Z Beginning upload of artifact content to blob storage
2026-10-07T02:00:37.9237762Z (node:2383) [DEP0169] DeprecationWarning: `url.parse()` behavior is not standardized and prone to errors that have security implications. Use the WHATWG URL API instead. CVEs are not issued for `url.parse()` vulnerabilities.
2026-10-07T02:00:37.9849548Z Uploaded bytes 205797
2026-10-07T02:00:38.0005913Z Finished uploading artifact content to blob storage!
2026-10-07T02:00:38.0007060Z SHA256 digest of uploaded artifact zip is 128f2f17dc38ca761ac45e9527f485414b32034ca9b59d9b1907c83c91dcee6c
2026-10-07T02:00:38.0009397Z Finalizing artifact upload
2026-10-07T02:00:38.1904666Z Artifact daily-channel-breakout-v25-selected.zip successfully finalized. Artifact ID 11456730467
2026-10-07T02:00:38.1906792Z Artifact daily-channel-breakout-v25-selected has been successfully uploaded! Final size is 205797 bytes. Artifact ID is 11456730467
2026-10-07T02:00:38.1913448Z Artifact download URL: https://github.com/duuu-hub/bb-scanner/actions/runs/37559595896/artifacts/11456730467
2026-10-07T02:00:38.2104518Z Post job cleanup.
2026-10-07T02:00:38.3312900Z (node:2396) [DEP0040] DeprecationWarning: The `punycode` module is deprecated. Please use a userland alternative instead.
2026-10-07T02:00:38.3314215Z (Use `node --trace-deprecation ...` to show where the warning was created)
2026-10-07T02:00:38.3517144Z Post job cleanup.
2026-10-07T02:00:38.4431656Z [command]/usr/bin/git version
2026-10-07T02:00:38.4476564Z git version 2.55.0
2026-10-07T02:00:38.4517810Z Temporarily overriding HOME='/home/runner/work/_temp/e7d7d22c-2fca-4ed7-ae12-bd507cccb5e5' before making global git config changes
2026-10-07T02:00:38.4519264Z Adding repository directory to the temporary git global config as a safe directory
2026-10-07T02:00:38.4523322Z [command]/usr/bin/git config --global --add safe.directory /home/runner/work/bb-scanner/bb-scanner
2026-10-07T02:00:38.4565489Z [command]/usr/bin/git config --local --name-only --get-regexp core\.sshCommand
2026-10-07T02:00:38.4604165Z [command]/usr/bin/git submodule foreach --recursive sh -c "git config --local --name-only --get-regexp 'core\.sshCommand' && git config --local --unset-all 'core.sshCommand' || :"
2026-10-07T02:00:38.4862141Z [command]/usr/bin/git config --local --name-only --get-regexp http\.https\:\/\/github\.com\/\.extraheader
2026-10-07T02:00:38.4897631Z http.https://github.com/.extraheader
2026-10-07T02:00:38.4914919Z [command]/usr/bin/git config --local --unset-all http.https://github.com/.extraheader
2026-10-07T02:00:38.4949927Z [command]/usr/bin/git submodule foreach --recursive sh -c "git config --local --name-only --get-regexp 'http\.https\:\/\/github\.com\/\.extraheader' && git config --local --unset-all 'http.https://github.com/.extraheader' || :"
2026-10-07T02:00:38.5231334Z [command]/usr/bin/git config --local --name-only --get-regexp ^includeIf\.gitdir:
2026-10-07T02:00:38.5275026Z [command]/usr/bin/git submodule foreach --recursive git config --local --show-origin --name-only --get-regexp remote.origin.url
2026-10-07T02:00:38.5681303Z Evaluate and set job outputs
2026-10-07T02:00:38.5687077Z Set output 'selected_count'
2026-10-07T02:00:38.5689055Z Cleaning up orphan processes
2026-10-07T02:00:38.5984514Z ##[warning]Node.js 20 is deprecated. The following actions target Node.js 20 but are being forced to run on Node.js 24: actions/checkout@v4, actions/download-artifact@v4, actions/setup-python@v5, actions/upload-artifact@v4. For more information see: https://github.blog/changelog/2025-09-19-deprecation-of-node-20-on-github-actions-runners/
