2026-10-02T07:49:15.9422610Z Current runner version: '2.337.0'
2026-10-02T07:49:15.9449341Z ##[group]Runner Image Provisioner
2026-10-02T07:49:15.9450334Z Hosted Compute Agent
2026-10-02T07:49:15.9450978Z Version: 20260901.588
2026-10-02T07:49:15.9451640Z Commit: f88ec8081b781fac6c440065ac7ff9e710ce3d0b
2026-10-02T07:49:15.9452445Z Build Date: 2026-09-01T19:56:44Z
2026-10-02T07:49:15.9453223Z Worker ID: {42443dcb-4186-4105-8955-9643b35b1e6e}
2026-10-02T07:49:15.9453999Z Azure Region: northcentralus
2026-10-02T07:49:15.9454646Z ##[endgroup]
2026-10-02T07:49:15.9456220Z ##[group]Operating System
2026-10-02T07:49:15.9456950Z Ubuntu
2026-10-02T07:49:15.9457514Z 24.04.5
2026-10-02T07:49:15.9458507Z LTS
2026-10-02T07:49:15.9459127Z ##[endgroup]
2026-10-02T07:49:15.9459717Z ##[group]Runner Image
2026-10-02T07:49:15.9460434Z Image: ubuntu-24.04
2026-10-02T07:49:15.9461071Z Version: 20260927.320.1
2026-10-02T07:49:15.9462468Z Included Software: https://github.com/actions/runner-images/blob/ubuntu24/20260927.320/images/ubuntu/Ubuntu2404-Readme.md
2026-10-02T07:49:15.9464010Z Image Release: https://github.com/actions/runner-images/releases/tag/ubuntu24%2F20260927.320
2026-10-02T07:49:15.9465092Z ##[endgroup]
2026-10-02T07:49:15.9466581Z ##[group]GITHUB_TOKEN Permissions
2026-10-02T07:49:15.9468750Z Actions: read
2026-10-02T07:49:15.9469373Z Contents: read
2026-10-02T07:49:15.9469941Z Metadata: read
2026-10-02T07:49:15.9470606Z ##[endgroup]
2026-10-02T07:49:15.9473318Z Secret source: Actions
2026-10-02T07:49:15.9474397Z Cache mode: write
2026-10-02T07:49:15.9475312Z Prepare workflow directory
2026-10-02T07:49:16.0005341Z Prepare all required actions
2026-10-02T07:49:16.0054450Z Getting action download info
2026-10-02T07:49:16.2451878Z Download action repository 'actions/checkout@v4' (SHA:11d5960a326750d5838078e36cf38b85af677262)
2026-10-02T07:49:16.3578229Z Download action repository 'actions/setup-python@v5' (SHA:a26af69be951a213d495a4c3e4e4022e16d87065)
2026-10-02T07:49:16.4564149Z Download action repository 'actions/cache@v4' (SHA:0057852bfaa89a56745cba8c7296529d2fc39830)
2026-10-02T07:49:16.5648848Z Download action repository 'actions/upload-artifact@v4' (SHA:ea165f8d65b6e75b540449e92b4886f43607fa02)
2026-10-02T07:49:16.7772666Z Complete job name: development (1)
2026-10-02T07:49:16.8483848Z ##[group]Run actions/checkout@v4
2026-10-02T07:49:16.8484695Z with:
2026-10-02T07:49:16.8485153Z   repository: duuu-hub/bb-scanner
2026-10-02T07:49:16.8489311Z   token: ***
2026-10-02T07:49:16.8489873Z   ssh-strict: true
2026-10-02T07:49:16.8490409Z   ssh-user: git
2026-10-02T07:49:16.8490854Z   persist-credentials: true
2026-10-02T07:49:16.8491343Z   clean: true
2026-10-02T07:49:16.8491787Z   sparse-checkout-cone-mode: true
2026-10-02T07:49:16.8492298Z   fetch-depth: 1
2026-10-02T07:49:16.8492728Z   fetch-tags: false
2026-10-02T07:49:16.8493173Z   show-progress: true
2026-10-02T07:49:16.8493617Z   lfs: false
2026-10-02T07:49:16.8494023Z   submodules: false
2026-10-02T07:49:16.8494483Z   set-safe-directory: true
2026-10-02T07:49:16.8494982Z   allow-unsafe-pr-checkout: false
2026-10-02T07:49:16.8495845Z env:
2026-10-02T07:49:16.8499583Z   GH_TOKEN: ***
2026-10-02T07:49:16.8500010Z ##[endgroup]
2026-10-02T07:49:16.9553305Z Syncing repository: duuu-hub/bb-scanner
2026-10-02T07:49:16.9556440Z ##[group]Getting Git version info
2026-10-02T07:49:16.9557729Z Working directory is '/home/runner/work/bb-scanner/bb-scanner'
2026-10-02T07:49:16.9559364Z [command]/usr/bin/git version
2026-10-02T07:49:16.9637212Z git version 2.55.0
2026-10-02T07:49:16.9659467Z ##[endgroup]
2026-10-02T07:49:16.9686087Z Temporarily overriding HOME='/home/runner/work/_temp/c05081bf-1674-4e49-95a7-0ecd12c20a09' before making global git config changes
2026-10-02T07:49:16.9697546Z Adding repository directory to the temporary git global config as a safe directory
2026-10-02T07:49:16.9700863Z [command]/usr/bin/git config --global --add safe.directory /home/runner/work/bb-scanner/bb-scanner
2026-10-02T07:49:16.9756351Z Deleting the contents of '/home/runner/work/bb-scanner/bb-scanner'
2026-10-02T07:49:16.9762495Z ##[group]Initializing the repository
2026-10-02T07:49:16.9768841Z [command]/usr/bin/git init /home/runner/work/bb-scanner/bb-scanner
2026-10-02T07:49:16.9881395Z hint: Using 'master' as the name for the initial branch. This default branch name
2026-10-02T07:49:16.9906513Z hint: will change to "main" in Git 3.0. To configure the initial branch name
2026-10-02T07:49:16.9908745Z hint: to use in all of your new repositories, which will suppress this warning,
2026-10-02T07:49:16.9910177Z hint: call:
2026-10-02T07:49:16.9910964Z hint:
2026-10-02T07:49:16.9912016Z hint: 	git config --global init.defaultBranch <name>
2026-10-02T07:49:16.9917041Z hint:
2026-10-02T07:49:16.9918292Z hint: Names commonly chosen instead of 'master' are 'main', 'trunk' and
2026-10-02T07:49:16.9920057Z hint: 'development'. The just-created branch can be renamed via this command:
2026-10-02T07:49:16.9921519Z hint:
2026-10-02T07:49:16.9922390Z hint: 	git branch -m <name>
2026-10-02T07:49:16.9923322Z hint:
2026-10-02T07:49:16.9924483Z hint: Disable this message with "git config set advice.defaultBranchName false"
2026-10-02T07:49:16.9926856Z Initialized empty Git repository in /home/runner/work/bb-scanner/bb-scanner/.git/
2026-10-02T07:49:16.9930291Z [command]/usr/bin/git remote add origin https://github.com/duuu-hub/bb-scanner
2026-10-02T07:49:16.9956083Z ##[endgroup]
2026-10-02T07:49:16.9957380Z ##[group]Disabling automatic garbage collection
2026-10-02T07:49:16.9962409Z [command]/usr/bin/git config --local gc.auto 0
2026-10-02T07:49:17.0008507Z ##[endgroup]
2026-10-02T07:49:17.0009727Z ##[group]Setting up auth
2026-10-02T07:49:17.0018488Z [command]/usr/bin/git config --local --name-only --get-regexp core\.sshCommand
2026-10-02T07:49:17.0068769Z [command]/usr/bin/git submodule foreach --recursive sh -c "git config --local --name-only --get-regexp 'core\.sshCommand' && git config --local --unset-all 'core.sshCommand' || :"
2026-10-02T07:49:17.0451222Z [command]/usr/bin/git config --local --name-only --get-regexp http\.https\:\/\/github\.com\/\.extraheader
2026-10-02T07:49:17.0497327Z [command]/usr/bin/git submodule foreach --recursive sh -c "git config --local --name-only --get-regexp 'http\.https\:\/\/github\.com\/\.extraheader' && git config --local --unset-all 'http.https://github.com/.extraheader' || :"
2026-10-02T07:49:17.0764804Z [command]/usr/bin/git config --local --name-only --get-regexp ^includeIf\.gitdir:
2026-10-02T07:49:17.0806139Z [command]/usr/bin/git submodule foreach --recursive git config --local --show-origin --name-only --get-regexp remote.origin.url
2026-10-02T07:49:17.1067199Z [command]/usr/bin/git config --local http.https://github.com/.extraheader AUTHORIZATION: basic ***
2026-10-02T07:49:17.1111746Z ##[endgroup]
2026-10-02T07:49:17.1113061Z ##[group]Fetching the repository
2026-10-02T07:49:17.1124032Z [command]/usr/bin/git -c protocol.version=2 fetch --no-tags --prune --no-recurse-submodules --depth=1 origin +7f7c3b517978e3401e80d1d2f9fafea01cc048d1:refs/remotes/origin/research-aggressive-flow-cascade-v11
2026-10-02T07:49:18.0825154Z From https://github.com/duuu-hub/bb-scanner
2026-10-02T07:49:18.0827617Z  * [new ref]         7f7c3b517978e3401e80d1d2f9fafea01cc048d1 -> origin/research-aggressive-flow-cascade-v11
2026-10-02T07:49:18.0832048Z ##[endgroup]
2026-10-02T07:49:18.0833864Z ##[group]Determining the checkout info
2026-10-02T07:49:18.0835550Z ##[endgroup]
2026-10-02T07:49:18.0841814Z [command]/usr/bin/git sparse-checkout disable
2026-10-02T07:49:18.0977584Z [command]/usr/bin/git config --local --unset-all extensions.worktreeConfig
2026-10-02T07:49:18.0981098Z ##[group]Checking out the ref
2026-10-02T07:49:18.0982778Z [command]/usr/bin/git checkout --progress --force -B research-aggressive-flow-cascade-v11 refs/remotes/origin/research-aggressive-flow-cascade-v11
2026-10-02T07:49:18.3297933Z Switched to a new branch 'research-aggressive-flow-cascade-v11'
2026-10-02T07:49:18.3304379Z branch 'research-aggressive-flow-cascade-v11' set up to track 'origin/research-aggressive-flow-cascade-v11'.
2026-10-02T07:49:18.3313559Z ##[endgroup]
2026-10-02T07:49:18.3362297Z [command]/usr/bin/git log -1 --format=%H
2026-10-02T07:49:18.3392557Z 7f7c3b517978e3401e80d1d2f9fafea01cc048d1
2026-10-02T07:49:18.3765449Z ##[group]Run actions/setup-python@v5
2026-10-02T07:49:18.3767175Z with:
2026-10-02T07:49:18.3768132Z   python-version: 3.12
2026-10-02T07:49:18.3769224Z   check-latest: false
2026-10-02T07:49:18.3779216Z   token: ***
2026-10-02T07:49:18.3780237Z   update-environment: true
2026-10-02T07:49:18.3781401Z   allow-prereleases: false
2026-10-02T07:49:18.3782543Z   freethreaded: false
2026-10-02T07:49:18.3783567Z env:
2026-10-02T07:49:18.3793119Z   GH_TOKEN: ***
2026-10-02T07:49:18.3794117Z ##[endgroup]
2026-10-02T07:49:18.5146384Z ##[group]Installed versions
2026-10-02T07:49:18.5222140Z (node:2293) [DEP0040] DeprecationWarning: The `punycode` module is deprecated. Please use a userland alternative instead.
2026-10-02T07:49:18.5226541Z (Use `node --trace-deprecation ...` to show where the warning was created)
2026-10-02T07:49:18.5229015Z Successfully set up CPython (3.12.14)
2026-10-02T07:49:18.5231858Z ##[endgroup]
2026-10-02T07:49:18.5498773Z ##[group]Run set -euo pipefail
2026-10-02T07:49:18.5500615Z [36;1mset -euo pipefail[0m
2026-10-02T07:49:18.5502377Z [36;1mpip install pandas==2.3.3 numpy==2.3.3[0m
2026-10-02T07:49:18.5768471Z shell: /usr/bin/bash --noprofile --norc -e -o pipefail {0}
2026-10-02T07:49:18.5770023Z env:
2026-10-02T07:49:18.5779358Z   GH_TOKEN: ***
2026-10-02T07:49:18.5780543Z   pythonLocation: /opt/hostedtoolcache/Python/3.12.14/x64
2026-10-02T07:49:18.5782395Z   PKG_CONFIG_PATH: /opt/hostedtoolcache/Python/3.12.14/x64/lib/pkgconfig
2026-10-02T07:49:18.5784215Z   Python_ROOT_DIR: /opt/hostedtoolcache/Python/3.12.14/x64
2026-10-02T07:49:18.5785982Z   Python2_ROOT_DIR: /opt/hostedtoolcache/Python/3.12.14/x64
2026-10-02T07:49:18.5787655Z   Python3_ROOT_DIR: /opt/hostedtoolcache/Python/3.12.14/x64
2026-10-02T07:49:18.5789336Z   LD_LIBRARY_PATH: /opt/hostedtoolcache/Python/3.12.14/x64/lib
2026-10-02T07:49:18.5790752Z ##[endgroup]
2026-10-02T07:49:19.4880654Z Collecting pandas==2.3.3
2026-10-02T07:49:19.5444839Z   Downloading pandas-2.3.3-cp312-cp312-manylinux_2_24_x86_64.manylinux_2_28_x86_64.whl.metadata (91 kB)
2026-10-02T07:49:19.7769657Z Collecting numpy==2.3.3
2026-10-02T07:49:19.7803959Z   Downloading numpy-2.3.3-cp312-cp312-manylinux_2_27_x86_64.manylinux_2_28_x86_64.whl.metadata (62 kB)
2026-10-02T07:49:19.8047662Z Collecting python-dateutil>=2.8.2 (from pandas==2.3.3)
2026-10-02T07:49:19.8078198Z   Downloading python_dateutil-2.9.0.post0-py2.py3-none-any.whl.metadata (8.4 kB)
2026-10-02T07:49:19.8386919Z Collecting pytz>=2020.1 (from pandas==2.3.3)
2026-10-02T07:49:19.8420757Z   Downloading pytz-2026.4-py2.py3-none-any.whl.metadata (22 kB)
2026-10-02T07:49:19.8566147Z Collecting tzdata>=2022.7 (from pandas==2.3.3)
2026-10-02T07:49:19.8596764Z   Downloading tzdata-2026.4-py2.py3-none-any.whl.metadata (1.4 kB)
2026-10-02T07:49:19.8728401Z Collecting six>=1.5 (from python-dateutil>=2.8.2->pandas==2.3.3)
2026-10-02T07:49:19.8759435Z   Downloading six-1.17.0-py2.py3-none-any.whl.metadata (1.7 kB)
2026-10-02T07:49:19.8832007Z Downloading pandas-2.3.3-cp312-cp312-manylinux_2_24_x86_64.manylinux_2_28_x86_64.whl (12.4 MB)
2026-10-02T07:49:19.9394456Z    ━━━━━━━━━━━━━━━━━━━━━━━━━━━━━━━━━━━━━━━━ 12.4/12.4 MB 240.1 MB/s  0:00:00
2026-10-02T07:49:19.9455814Z Downloading numpy-2.3.3-cp312-cp312-manylinux_2_27_x86_64.manylinux_2_28_x86_64.whl (16.6 MB)
2026-10-02T07:49:19.9954652Z    ━━━━━━━━━━━━━━━━━━━━━━━━━━━━━━━━━━━━━━━━ 16.6/16.6 MB 352.8 MB/s  0:00:00
2026-10-02T07:49:19.9989960Z Downloading python_dateutil-2.9.0.post0-py2.py3-none-any.whl (229 kB)
2026-10-02T07:49:20.0046542Z Downloading pytz-2026.4-py2.py3-none-any.whl (506 kB)
2026-10-02T07:49:20.0109874Z Downloading six-1.17.0-py2.py3-none-any.whl (11 kB)
2026-10-02T07:49:20.0159856Z Downloading tzdata-2026.4-py2.py3-none-any.whl (347 kB)
2026-10-02T07:49:20.1767014Z Installing collected packages: pytz, tzdata, six, numpy, python-dateutil, pandas
2026-10-02T07:49:27.6359899Z 
2026-10-02T07:49:27.6373391Z Successfully installed numpy-2.3.3 pandas-2.3.3 python-dateutil-2.9.0.post0 pytz-2026.4 six-1.17.0 tzdata-2026.4
2026-10-02T07:49:27.7145877Z ##[group]Run actions/cache@v4
2026-10-02T07:49:27.7146169Z with:
2026-10-02T07:49:27.7146385Z   path: data
2026-10-02T07:49:27.7146630Z   key: frozen-source-36095439671-15m-shard-1
2026-10-02T07:49:27.7146938Z   enableCrossOsArchive: false
2026-10-02T07:49:27.7147190Z   fail-on-cache-miss: false
2026-10-02T07:49:27.7147460Z   lookup-only: false
2026-10-02T07:49:27.7147694Z   save-always: false
2026-10-02T07:49:27.7147936Z env:
2026-10-02T07:49:27.7150433Z   GH_TOKEN: ***
2026-10-02T07:49:27.7150742Z   pythonLocation: /opt/hostedtoolcache/Python/3.12.14/x64
2026-10-02T07:49:27.7151186Z   PKG_CONFIG_PATH: /opt/hostedtoolcache/Python/3.12.14/x64/lib/pkgconfig
2026-10-02T07:49:27.7151614Z   Python_ROOT_DIR: /opt/hostedtoolcache/Python/3.12.14/x64
2026-10-02T07:49:27.7151998Z   Python2_ROOT_DIR: /opt/hostedtoolcache/Python/3.12.14/x64
2026-10-02T07:49:27.7152385Z   Python3_ROOT_DIR: /opt/hostedtoolcache/Python/3.12.14/x64
2026-10-02T07:49:27.7152806Z   LD_LIBRARY_PATH: /opt/hostedtoolcache/Python/3.12.14/x64/lib
2026-10-02T07:49:27.7153135Z ##[endgroup]
2026-10-02T07:49:27.8264905Z (node:2328) [DEP0040] DeprecationWarning: The `punycode` module is deprecated. Please use a userland alternative instead.
2026-10-02T07:49:27.8266044Z (Use `node --trace-deprecation ...` to show where the warning was created)
2026-10-02T07:49:27.9325282Z Cache not found for input keys: frozen-source-36095439671-15m-shard-1
2026-10-02T07:49:27.9419123Z ##[group]Run set -euo pipefail
2026-10-02T07:49:27.9419447Z [36;1mset -euo pipefail[0m
2026-10-02T07:49:27.9419703Z [36;1mif [ '' != 'true' ]; then[0m
2026-10-02T07:49:27.9420222Z [36;1m  gh run download 36095439671 -R duuu-hub/bb-scanner -n rank5-binance-um-15m-5y-data-shard-1 -D data[0m
2026-10-02T07:49:27.9420740Z [36;1mfi[0m
2026-10-02T07:49:27.9421108Z [36;1mgh run download 36858492497 -R duuu-hub/bb-scanner -n day-edge-v2-btc -D btc[0m
2026-10-02T07:49:27.9421841Z [36;1mgh run download 36095439671 -R duuu-hub/bb-scanner -n rank5-binance-um-15m-5y-manifest-shard-1 -D source-manifest[0m
2026-10-02T07:49:27.9422985Z [36;1mpython scripts/research_evidence_archive.py verify-source --data data --manifests source-manifest --baseline research/aggressive-flow-cascade-v11/FROZEN_INPUT_HASHES.json --out source-check.json[0m
2026-10-02T07:49:27.9498173Z shell: /usr/bin/bash --noprofile --norc -e -o pipefail {0}
2026-10-02T07:49:27.9498558Z env:
2026-10-02T07:49:27.9501123Z   GH_TOKEN: ***
2026-10-02T07:49:27.9501444Z   pythonLocation: /opt/hostedtoolcache/Python/3.12.14/x64
2026-10-02T07:49:27.9501899Z   PKG_CONFIG_PATH: /opt/hostedtoolcache/Python/3.12.14/x64/lib/pkgconfig
2026-10-02T07:49:27.9502373Z   Python_ROOT_DIR: /opt/hostedtoolcache/Python/3.12.14/x64
2026-10-02T07:49:27.9502773Z   Python2_ROOT_DIR: /opt/hostedtoolcache/Python/3.12.14/x64
2026-10-02T07:49:27.9503171Z   Python3_ROOT_DIR: /opt/hostedtoolcache/Python/3.12.14/x64
2026-10-02T07:49:27.9503564Z   LD_LIBRARY_PATH: /opt/hostedtoolcache/Python/3.12.14/x64/lib
2026-10-02T07:49:27.9503902Z ##[endgroup]
2026-10-02T07:49:41.1651929Z FROZEN_SOURCE_VERIFIED 108 files 36 prior SHA256 matches
2026-10-02T07:49:41.2168852Z ##[group]Run actions/cache@v4
2026-10-02T07:49:41.2169133Z with:
2026-10-02T07:49:41.2169344Z   path: cache/verified-1m
2026-10-02T07:49:41.2169630Z   key: aggressive-flow-cascade-v11-dev-1m-shard-1
2026-10-02T07:49:41.2170400Z   restore-keys: residual-reversion-v10-dev-1m-shard-1
cross-sectional-leader-v9-dev-1m-shard-1
premium-absorption-v8-dev-1m-shard-1
factor-lag-v6-dev-1m-shard-1
2026-10-02T07:49:41.2171130Z   enableCrossOsArchive: false
2026-10-02T07:49:41.2171400Z   fail-on-cache-miss: false
2026-10-02T07:49:41.2171637Z   lookup-only: false
2026-10-02T07:49:41.2171849Z   save-always: false
2026-10-02T07:49:41.2172050Z env:
2026-10-02T07:49:41.2174554Z   GH_TOKEN: ***
2026-10-02T07:49:41.2174857Z   pythonLocation: /opt/hostedtoolcache/Python/3.12.14/x64
2026-10-02T07:49:41.2175509Z   PKG_CONFIG_PATH: /opt/hostedtoolcache/Python/3.12.14/x64/lib/pkgconfig
2026-10-02T07:49:41.2176232Z   Python_ROOT_DIR: /opt/hostedtoolcache/Python/3.12.14/x64
2026-10-02T07:49:41.2176657Z   Python2_ROOT_DIR: /opt/hostedtoolcache/Python/3.12.14/x64
2026-10-02T07:49:41.2177030Z   Python3_ROOT_DIR: /opt/hostedtoolcache/Python/3.12.14/x64
2026-10-02T07:49:41.2177404Z   LD_LIBRARY_PATH: /opt/hostedtoolcache/Python/3.12.14/x64/lib
2026-10-02T07:49:41.2177726Z ##[endgroup]
2026-10-02T07:49:41.3233025Z (node:2369) [DEP0040] DeprecationWarning: The `punycode` module is deprecated. Please use a userland alternative instead.
2026-10-02T07:49:41.3234135Z (Use `node --trace-deprecation ...` to show where the warning was created)
2026-10-02T07:49:41.4294134Z Cache not found for input keys: aggressive-flow-cascade-v11-dev-1m-shard-1, residual-reversion-v10-dev-1m-shard-1, cross-sectional-leader-v9-dev-1m-shard-1, premium-absorption-v8-dev-1m-shard-1, factor-lag-v6-dev-1m-shard-1
2026-10-02T07:49:41.4402685Z ##[group]Run set -euo pipefail
2026-10-02T07:49:41.4403005Z [36;1mset -euo pipefail[0m
2026-10-02T07:49:41.4403744Z [36;1mpython scripts/aggressive_flow_cascade_v11.py scan --stage DEV --data data --btc btc/BTCUSDT.csv.gz --source-check source-check.json --out dev-1 --minute-cache cache/verified-1m[0m
2026-10-02T07:49:41.4473295Z shell: /usr/bin/bash --noprofile --norc -e -o pipefail {0}
2026-10-02T07:49:41.4473644Z env:
2026-10-02T07:49:41.4476346Z   GH_TOKEN: ***
2026-10-02T07:49:41.4476653Z   pythonLocation: /opt/hostedtoolcache/Python/3.12.14/x64
2026-10-02T07:49:41.4477116Z   PKG_CONFIG_PATH: /opt/hostedtoolcache/Python/3.12.14/x64/lib/pkgconfig
2026-10-02T07:49:41.4477572Z   Python_ROOT_DIR: /opt/hostedtoolcache/Python/3.12.14/x64
2026-10-02T07:49:41.4477962Z   Python2_ROOT_DIR: /opt/hostedtoolcache/Python/3.12.14/x64
2026-10-02T07:49:41.4478327Z   Python3_ROOT_DIR: /opt/hostedtoolcache/Python/3.12.14/x64
2026-10-02T07:49:41.4478730Z   LD_LIBRARY_PATH: /opt/hostedtoolcache/Python/3.12.14/x64/lib
2026-10-02T07:49:41.4479075Z ##[endgroup]
2026-10-02T07:50:32.5651120Z V11_CASCADE_SCAN DEV 24 / 108 parameterized_outcomes 786
2026-10-02T07:51:07.5652528Z V11_CASCADE_SCAN DEV 32 / 108 parameterized_outcomes 1452
2026-10-02T07:52:06.5832814Z V11_CASCADE_SCAN DEV 40 / 108 parameterized_outcomes 2298
2026-10-02T07:52:52.7999620Z V11_CASCADE_SCAN DEV 56 / 108 parameterized_outcomes 3330
2026-10-02T07:54:15.4036811Z V11_CASCADE_SCAN DEV 108 / 108 parameterized_outcomes 5022
2026-10-02T07:54:15.6540247Z V11_CASCADE_SCAN_DONE DEV 5022 chronology_exclusions 0
2026-10-02T07:54:15.7277077Z ##[group]Run actions/upload-artifact@v4
2026-10-02T07:54:15.7277379Z with:
2026-10-02T07:54:15.7277610Z   name: aggressive-flow-cascade-v11-dev-1
2026-10-02T07:54:15.7277893Z   path: dev-1/
2026-10-02T07:54:15.7278102Z   retention-days: 30
2026-10-02T07:54:15.7278321Z   compression-level: 0
2026-10-02T07:54:15.7278545Z   if-no-files-found: warn
2026-10-02T07:54:15.7278777Z   overwrite: false
2026-10-02T07:54:15.7279012Z   include-hidden-files: false
2026-10-02T07:54:15.7279244Z env:
2026-10-02T07:54:15.7281700Z   GH_TOKEN: ***
2026-10-02T07:54:15.7282000Z   pythonLocation: /opt/hostedtoolcache/Python/3.12.14/x64
2026-10-02T07:54:15.7282437Z   PKG_CONFIG_PATH: /opt/hostedtoolcache/Python/3.12.14/x64/lib/pkgconfig
2026-10-02T07:54:15.7282858Z   Python_ROOT_DIR: /opt/hostedtoolcache/Python/3.12.14/x64
2026-10-02T07:54:15.7283230Z   Python2_ROOT_DIR: /opt/hostedtoolcache/Python/3.12.14/x64
2026-10-02T07:54:15.7283592Z   Python3_ROOT_DIR: /opt/hostedtoolcache/Python/3.12.14/x64
2026-10-02T07:54:15.7283979Z   LD_LIBRARY_PATH: /opt/hostedtoolcache/Python/3.12.14/x64/lib
2026-10-02T07:54:15.7284318Z ##[endgroup]
2026-10-02T07:54:15.8955378Z (node:2473) [DEP0040] DeprecationWarning: The `punycode` module is deprecated. Please use a userland alternative instead.
2026-10-02T07:54:15.8956527Z (Use `node --trace-deprecation ...` to show where the warning was created)
2026-10-02T07:54:15.9483755Z With the provided path, there will be 358 files uploaded
2026-10-02T07:54:15.9490306Z Artifact name is valid!
2026-10-02T07:54:15.9490729Z Root directory input is valid!
2026-10-02T07:54:16.2188565Z Beginning upload of artifact content to blob storage
2026-10-02T07:54:16.3582137Z (node:2473) [DEP0169] DeprecationWarning: `url.parse()` behavior is not standardized and prone to errors that have security implications. Use the WHATWG URL API instead. CVEs are not issued for `url.parse()` vulnerabilities.
2026-10-02T07:54:16.7743426Z Uploaded bytes 8388608
2026-10-02T07:54:16.8306935Z Uploaded bytes 16777216
2026-10-02T07:54:16.8362392Z Uploaded bytes 25165824
2026-10-02T07:54:16.8533010Z Uploaded bytes 33554432
2026-10-02T07:54:16.9452625Z Uploaded bytes 41943040
2026-10-02T07:54:17.0374177Z Uploaded bytes 50331648
2026-10-02T07:54:17.0475251Z Uploaded bytes 58720256
2026-10-02T07:54:17.0918656Z Uploaded bytes 67108864
2026-10-02T07:54:17.1023508Z Uploaded bytes 75497472
2026-10-02T07:54:17.1989403Z Uploaded bytes 83886080
2026-10-02T07:54:17.2083155Z Uploaded bytes 92274688
2026-10-02T07:54:17.2341083Z Uploaded bytes 100663296
2026-10-02T07:54:17.3517420Z Uploaded bytes 109051904
2026-10-02T07:54:17.3616978Z Uploaded bytes 117440512
2026-10-02T07:54:17.3893233Z Uploaded bytes 125829120
2026-10-02T07:54:17.4108493Z Uploaded bytes 134217728
2026-10-02T07:54:17.4994278Z Uploaded bytes 142606336
2026-10-02T07:54:17.5576581Z Uploaded bytes 150994944
2026-10-02T07:54:17.5667956Z Uploaded bytes 159383552
2026-10-02T07:54:17.6700908Z Uploaded bytes 167772160
2026-10-02T07:54:17.7534714Z Uploaded bytes 168512531
2026-10-02T07:54:17.7908027Z Finished uploading artifact content to blob storage!
2026-10-02T07:54:17.7910852Z SHA256 digest of uploaded artifact zip is bf85c17896107bd8c224aa79443769d423aaed1da1cc36ca5cb205f9dbb7ad30
2026-10-02T07:54:17.7913159Z Finalizing artifact upload
2026-10-02T07:54:18.0395332Z Artifact aggressive-flow-cascade-v11-dev-1.zip successfully finalized. Artifact ID 11215595981
2026-10-02T07:54:18.0396713Z Artifact aggressive-flow-cascade-v11-dev-1 has been successfully uploaded! Final size is 168512531 bytes. Artifact ID is 11215595981
2026-10-02T07:54:18.0404388Z Artifact download URL: https://github.com/duuu-hub/bb-scanner/actions/runs/36980518301/artifacts/11215595981
2026-10-02T07:54:18.0667348Z Post job cleanup.
2026-10-02T07:54:18.1781012Z (node:2488) [DEP0040] DeprecationWarning: The `punycode` module is deprecated. Please use a userland alternative instead.
2026-10-02T07:54:18.1781877Z (Use `node --trace-deprecation ...` to show where the warning was created)
2026-10-02T07:54:18.1998937Z [command]/usr/bin/tar --posix -cf cache.tzst --exclude cache.tzst -P -C /home/runner/work/bb-scanner/bb-scanner --files-from manifest.txt --use-compress-program zstdmt
2026-10-02T07:54:18.6191113Z (node:2488) [DEP0169] DeprecationWarning: `url.parse()` behavior is not standardized and prone to errors that have security implications. Use the WHATWG URL API instead. CVEs are not issued for `url.parse()` vulnerabilities.
2026-10-02T07:54:19.6060516Z Sent 5533696 of 206860288 (2.7%), 5.3 MBs/sec
2026-10-02T07:54:20.1487332Z Sent 206860288 of 206860288 (100.0%), 127.9 MBs/sec
2026-10-02T07:54:20.2473123Z Cache saved with key: aggressive-flow-cascade-v11-dev-1m-shard-1
2026-10-02T07:54:20.2603473Z Post job cleanup.
2026-10-02T07:54:20.3685069Z (node:2508) [DEP0040] DeprecationWarning: The `punycode` module is deprecated. Please use a userland alternative instead.
2026-10-02T07:54:20.3764780Z (Use `node --trace-deprecation ...` to show where the warning was created)
2026-10-02T07:54:20.3872320Z [command]/usr/bin/tar --posix -cf cache.tzst --exclude cache.tzst -P -C /home/runner/work/bb-scanner/bb-scanner --files-from manifest.txt --use-compress-program zstdmt
2026-10-02T07:54:20.7514526Z (node:2508) [DEP0169] DeprecationWarning: `url.parse()` behavior is not standardized and prone to errors that have security implications. Use the WHATWG URL API instead. CVEs are not issued for `url.parse()` vulnerabilities.
2026-10-02T07:54:21.7395362Z Sent 0 of 262231334 (0.0%), 0.0 MBs/sec
2026-10-02T07:54:22.4323607Z Sent 262231334 of 262231334 (100.0%), 147.7 MBs/sec
2026-10-02T07:54:22.5783241Z Cache saved with key: frozen-source-36095439671-15m-shard-1
2026-10-02T07:54:22.5929357Z Post job cleanup.
2026-10-02T07:54:22.7134680Z (node:2528) [DEP0040] DeprecationWarning: The `punycode` module is deprecated. Please use a userland alternative instead.
2026-10-02T07:54:22.7135983Z (Use `node --trace-deprecation ...` to show where the warning was created)
2026-10-02T07:54:22.7308503Z Post job cleanup.
2026-10-02T07:54:22.8197714Z [command]/usr/bin/git version
2026-10-02T07:54:22.8244946Z git version 2.55.0
2026-10-02T07:54:22.8288043Z Temporarily overriding HOME='/home/runner/work/_temp/2572c495-38ab-4ee1-96c8-c55e67e9b47d' before making global git config changes
2026-10-02T07:54:22.8289594Z Adding repository directory to the temporary git global config as a safe directory
2026-10-02T07:54:22.8296184Z [command]/usr/bin/git config --global --add safe.directory /home/runner/work/bb-scanner/bb-scanner
2026-10-02T07:54:22.8349086Z [command]/usr/bin/git config --local --name-only --get-regexp core\.sshCommand
2026-10-02T07:54:22.8397829Z [command]/usr/bin/git submodule foreach --recursive sh -c "git config --local --name-only --get-regexp 'core\.sshCommand' && git config --local --unset-all 'core.sshCommand' || :"
2026-10-02T07:54:22.8709118Z [command]/usr/bin/git config --local --name-only --get-regexp http\.https\:\/\/github\.com\/\.extraheader
2026-10-02T07:54:22.8741424Z http.https://github.com/.extraheader
2026-10-02T07:54:22.8753599Z [command]/usr/bin/git config --local --unset-all http.https://github.com/.extraheader
2026-10-02T07:54:22.8795787Z [command]/usr/bin/git submodule foreach --recursive sh -c "git config --local --name-only --get-regexp 'http\.https\:\/\/github\.com\/\.extraheader' && git config --local --unset-all 'http.https://github.com/.extraheader' || :"
2026-10-02T07:54:22.9068232Z [command]/usr/bin/git config --local --name-only --get-regexp ^includeIf\.gitdir:
2026-10-02T07:54:22.9112203Z [command]/usr/bin/git submodule foreach --recursive git config --local --show-origin --name-only --get-regexp remote.origin.url
2026-10-02T07:54:22.9539740Z Cleaning up orphan processes
2026-10-02T07:54:22.9898478Z ##[warning]Node.js 20 is deprecated. The following actions target Node.js 20 but are being forced to run on Node.js 24: actions/cache@v4, actions/checkout@v4, actions/setup-python@v5, actions/upload-artifact@v4. For more information see: https://github.blog/changelog/2025-09-19-deprecation-of-node-20-on-github-actions-runners/
