2026-10-02T07:49:15.8877345Z Current runner version: '2.337.0'
2026-10-02T07:49:15.8896990Z ##[group]Runner Image Provisioner
2026-10-02T07:49:15.8897748Z Hosted Compute Agent
2026-10-02T07:49:15.8898299Z Version: 20260901.588
2026-10-02T07:49:15.8898809Z Commit: f88ec8081b781fac6c440065ac7ff9e710ce3d0b
2026-10-02T07:49:15.8899389Z Build Date: 2026-09-01T19:56:44Z
2026-10-02T07:49:15.8899982Z Worker ID: {c1114970-ed22-4c6a-8f8c-cceacf78dd59}
2026-10-02T07:49:15.8900590Z Azure Region: centralus
2026-10-02T07:49:15.8901073Z ##[endgroup]
2026-10-02T07:49:15.8902210Z ##[group]Operating System
2026-10-02T07:49:15.8902895Z Ubuntu
2026-10-02T07:49:15.8903352Z 24.04.5
2026-10-02T07:49:15.8903799Z LTS
2026-10-02T07:49:15.8904543Z ##[endgroup]
2026-10-02T07:49:15.8905042Z ##[group]Runner Image
2026-10-02T07:49:15.8905524Z Image: ubuntu-24.04
2026-10-02T07:49:15.8906013Z Version: 20260927.320.1
2026-10-02T07:49:15.8907045Z Included Software: https://github.com/actions/runner-images/blob/ubuntu24/20260927.320/images/ubuntu/Ubuntu2404-Readme.md
2026-10-02T07:49:15.8908266Z Image Release: https://github.com/actions/runner-images/releases/tag/ubuntu24%2F20260927.320
2026-10-02T07:49:15.8909040Z ##[endgroup]
2026-10-02T07:49:15.8910038Z ##[group]GITHUB_TOKEN Permissions
2026-10-02T07:49:15.8911929Z Actions: read
2026-10-02T07:49:15.8912577Z Contents: read
2026-10-02T07:49:15.8913049Z Metadata: read
2026-10-02T07:49:15.8913485Z ##[endgroup]
2026-10-02T07:49:15.8915322Z Secret source: Actions
2026-10-02T07:49:15.8916084Z Cache mode: write
2026-10-02T07:49:15.8916682Z Prepare workflow directory
2026-10-02T07:49:15.9327882Z Prepare all required actions
2026-10-02T07:49:15.9368320Z Getting action download info
2026-10-02T07:49:16.2045037Z Download action repository 'actions/checkout@v4' (SHA:11d5960a326750d5838078e36cf38b85af677262)
2026-10-02T07:49:16.2954631Z Download action repository 'actions/setup-python@v5' (SHA:a26af69be951a213d495a4c3e4e4022e16d87065)
2026-10-02T07:49:16.4054985Z Download action repository 'actions/cache@v4' (SHA:0057852bfaa89a56745cba8c7296529d2fc39830)
2026-10-02T07:49:16.6365296Z Download action repository 'actions/upload-artifact@v4' (SHA:ea165f8d65b6e75b540449e92b4886f43607fa02)
2026-10-02T07:49:16.8716761Z Complete job name: development (3)
2026-10-02T07:49:16.9386440Z ##[group]Run actions/checkout@v4
2026-10-02T07:49:16.9387580Z with:
2026-10-02T07:49:16.9388440Z   repository: duuu-hub/bb-scanner
2026-10-02T07:49:16.9396113Z   token: ***
2026-10-02T07:49:16.9396964Z   ssh-strict: true
2026-10-02T07:49:16.9397761Z   ssh-user: git
2026-10-02T07:49:16.9398563Z   persist-credentials: true
2026-10-02T07:49:16.9399467Z   clean: true
2026-10-02T07:49:16.9400306Z   sparse-checkout-cone-mode: true
2026-10-02T07:49:16.9401514Z   fetch-depth: 1
2026-10-02T07:49:16.9402438Z   fetch-tags: false
2026-10-02T07:49:16.9403256Z   show-progress: true
2026-10-02T07:49:16.9404061Z   lfs: false
2026-10-02T07:49:16.9404881Z   submodules: false
2026-10-02T07:49:16.9405711Z   set-safe-directory: true
2026-10-02T07:49:16.9406646Z   allow-unsafe-pr-checkout: false
2026-10-02T07:49:16.9407817Z env:
2026-10-02T07:49:16.9414937Z   GH_TOKEN: ***
2026-10-02T07:49:16.9415732Z ##[endgroup]
2026-10-02T07:49:17.0299995Z Syncing repository: duuu-hub/bb-scanner
2026-10-02T07:49:17.0303880Z ##[group]Getting Git version info
2026-10-02T07:49:17.0305831Z Working directory is '/home/runner/work/bb-scanner/bb-scanner'
2026-10-02T07:49:17.0308643Z [command]/usr/bin/git version
2026-10-02T07:49:17.0314562Z git version 2.55.0
2026-10-02T07:49:17.0335949Z ##[endgroup]
2026-10-02T07:49:17.0351381Z Temporarily overriding HOME='/home/runner/work/_temp/e285e9e7-956d-41ab-b43f-c3fa4f6c8ed7' before making global git config changes
2026-10-02T07:49:17.0355118Z Adding repository directory to the temporary git global config as a safe directory
2026-10-02T07:49:17.0358211Z [command]/usr/bin/git config --global --add safe.directory /home/runner/work/bb-scanner/bb-scanner
2026-10-02T07:49:17.0394836Z Deleting the contents of '/home/runner/work/bb-scanner/bb-scanner'
2026-10-02T07:49:17.0402688Z ##[group]Initializing the repository
2026-10-02T07:49:17.0404949Z [command]/usr/bin/git init /home/runner/work/bb-scanner/bb-scanner
2026-10-02T07:49:17.0481251Z hint: Using 'master' as the name for the initial branch. This default branch name
2026-10-02T07:49:17.0484222Z hint: will change to "main" in Git 3.0. To configure the initial branch name
2026-10-02T07:49:17.0486781Z hint: to use in all of your new repositories, which will suppress this warning,
2026-10-02T07:49:17.0488734Z hint: call:
2026-10-02T07:49:17.0489799Z hint:
2026-10-02T07:49:17.0491162Z hint: 	git config --global init.defaultBranch <name>
2026-10-02T07:49:17.0492856Z hint:
2026-10-02T07:49:17.0494618Z hint: Names commonly chosen instead of 'master' are 'main', 'trunk' and
2026-10-02T07:49:17.0497388Z hint: 'development'. The just-created branch can be renamed via this command:
2026-10-02T07:49:17.0508058Z hint:
2026-10-02T07:49:17.0509173Z hint: 	git branch -m <name>
2026-10-02T07:49:17.0510333Z hint:
2026-10-02T07:49:17.0511953Z hint: Disable this message with "git config set advice.defaultBranchName false"
2026-10-02T07:49:17.0514723Z Initialized empty Git repository in /home/runner/work/bb-scanner/bb-scanner/.git/
2026-10-02T07:49:17.0518825Z [command]/usr/bin/git remote add origin https://github.com/duuu-hub/bb-scanner
2026-10-02T07:49:17.0602025Z ##[endgroup]
2026-10-02T07:49:17.0604325Z ##[group]Disabling automatic garbage collection
2026-10-02T07:49:17.0606506Z [command]/usr/bin/git config --local gc.auto 0
2026-10-02T07:49:17.0627089Z ##[endgroup]
2026-10-02T07:49:17.0628333Z ##[group]Setting up auth
2026-10-02T07:49:17.0633157Z [command]/usr/bin/git config --local --name-only --get-regexp core\.sshCommand
2026-10-02T07:49:17.0659095Z [command]/usr/bin/git submodule foreach --recursive sh -c "git config --local --name-only --get-regexp 'core\.sshCommand' && git config --local --unset-all 'core.sshCommand' || :"
2026-10-02T07:49:17.0949851Z [command]/usr/bin/git config --local --name-only --get-regexp http\.https\:\/\/github\.com\/\.extraheader
2026-10-02T07:49:17.0977579Z [command]/usr/bin/git submodule foreach --recursive sh -c "git config --local --name-only --get-regexp 'http\.https\:\/\/github\.com\/\.extraheader' && git config --local --unset-all 'http.https://github.com/.extraheader' || :"
2026-10-02T07:49:17.1145356Z [command]/usr/bin/git config --local --name-only --get-regexp ^includeIf\.gitdir:
2026-10-02T07:49:17.1172902Z [command]/usr/bin/git submodule foreach --recursive git config --local --show-origin --name-only --get-regexp remote.origin.url
2026-10-02T07:49:17.1325178Z [command]/usr/bin/git config --local http.https://github.com/.extraheader AUTHORIZATION: basic ***
2026-10-02T07:49:17.1356401Z ##[endgroup]
2026-10-02T07:49:17.1357795Z ##[group]Fetching the repository
2026-10-02T07:49:17.1365054Z [command]/usr/bin/git -c protocol.version=2 fetch --no-tags --prune --no-recurse-submodules --depth=1 origin +7f7c3b517978e3401e80d1d2f9fafea01cc048d1:refs/remotes/origin/research-aggressive-flow-cascade-v11
2026-10-02T07:49:18.5744409Z From https://github.com/duuu-hub/bb-scanner
2026-10-02T07:49:18.5745242Z  * [new ref]         7f7c3b517978e3401e80d1d2f9fafea01cc048d1 -> origin/research-aggressive-flow-cascade-v11
2026-10-02T07:49:18.5748756Z ##[endgroup]
2026-10-02T07:49:18.5749577Z ##[group]Determining the checkout info
2026-10-02T07:49:18.5750818Z ##[endgroup]
2026-10-02T07:49:18.5758037Z [command]/usr/bin/git sparse-checkout disable
2026-10-02T07:49:18.5805442Z [command]/usr/bin/git config --local --unset-all extensions.worktreeConfig
2026-10-02T07:49:18.5832234Z ##[group]Checking out the ref
2026-10-02T07:49:18.5853735Z [command]/usr/bin/git checkout --progress --force -B research-aggressive-flow-cascade-v11 refs/remotes/origin/research-aggressive-flow-cascade-v11
2026-10-02T07:49:18.7838172Z Switched to a new branch 'research-aggressive-flow-cascade-v11'
2026-10-02T07:49:18.7840141Z branch 'research-aggressive-flow-cascade-v11' set up to track 'origin/research-aggressive-flow-cascade-v11'.
2026-10-02T07:49:18.7848875Z ##[endgroup]
2026-10-02T07:49:18.7888128Z [command]/usr/bin/git log -1 --format=%H
2026-10-02T07:49:18.7909021Z 7f7c3b517978e3401e80d1d2f9fafea01cc048d1
2026-10-02T07:49:18.8119081Z ##[group]Run actions/setup-python@v5
2026-10-02T07:49:18.8119433Z with:
2026-10-02T07:49:18.8119715Z   python-version: 3.12
2026-10-02T07:49:18.8120029Z   check-latest: false
2026-10-02T07:49:18.8122190Z   token: ***
2026-10-02T07:49:18.8122656Z   update-environment: true
2026-10-02T07:49:18.8122948Z   allow-prereleases: false
2026-10-02T07:49:18.8123320Z   freethreaded: false
2026-10-02T07:49:18.8123578Z env:
2026-10-02T07:49:18.8125817Z   GH_TOKEN: ***
2026-10-02T07:49:18.8126063Z ##[endgroup]
2026-10-02T07:49:18.9211268Z ##[group]Installed versions
2026-10-02T07:49:18.9288043Z (node:2072) [DEP0040] DeprecationWarning: The `punycode` module is deprecated. Please use a userland alternative instead.
2026-10-02T07:49:18.9288864Z (Use `node --trace-deprecation ...` to show where the warning was created)
2026-10-02T07:49:18.9289540Z Successfully set up CPython (3.12.14)
2026-10-02T07:49:18.9290392Z ##[endgroup]
2026-10-02T07:49:18.9402770Z ##[group]Run set -euo pipefail
2026-10-02T07:49:18.9403462Z [36;1mset -euo pipefail[0m
2026-10-02T07:49:18.9403936Z [36;1mpip install pandas==2.3.3 numpy==2.3.3[0m
2026-10-02T07:49:18.9771358Z shell: /usr/bin/bash --noprofile --norc -e -o pipefail {0}
2026-10-02T07:49:18.9771727Z env:
2026-10-02T07:49:18.9774335Z   GH_TOKEN: ***
2026-10-02T07:49:18.9774665Z   pythonLocation: /opt/hostedtoolcache/Python/3.12.14/x64
2026-10-02T07:49:18.9775106Z   PKG_CONFIG_PATH: /opt/hostedtoolcache/Python/3.12.14/x64/lib/pkgconfig
2026-10-02T07:49:18.9775538Z   Python_ROOT_DIR: /opt/hostedtoolcache/Python/3.12.14/x64
2026-10-02T07:49:18.9775903Z   Python2_ROOT_DIR: /opt/hostedtoolcache/Python/3.12.14/x64
2026-10-02T07:49:18.9776297Z   Python3_ROOT_DIR: /opt/hostedtoolcache/Python/3.12.14/x64
2026-10-02T07:49:18.9776693Z   LD_LIBRARY_PATH: /opt/hostedtoolcache/Python/3.12.14/x64/lib
2026-10-02T07:49:18.9777050Z ##[endgroup]
2026-10-02T07:49:20.8466860Z Collecting pandas==2.3.3
2026-10-02T07:49:20.9267008Z   Downloading pandas-2.3.3-cp312-cp312-manylinux_2_24_x86_64.manylinux_2_28_x86_64.whl.metadata (91 kB)
2026-10-02T07:49:21.1565503Z Collecting numpy==2.3.3
2026-10-02T07:49:21.1732784Z   Downloading numpy-2.3.3-cp312-cp312-manylinux_2_27_x86_64.manylinux_2_28_x86_64.whl.metadata (62 kB)
2026-10-02T07:49:21.2028025Z Collecting python-dateutil>=2.8.2 (from pandas==2.3.3)
2026-10-02T07:49:21.2181420Z   Downloading python_dateutil-2.9.0.post0-py2.py3-none-any.whl.metadata (8.4 kB)
2026-10-02T07:49:21.2631997Z Collecting pytz>=2020.1 (from pandas==2.3.3)
2026-10-02T07:49:21.2784500Z   Downloading pytz-2026.4-py2.py3-none-any.whl.metadata (22 kB)
2026-10-02T07:49:21.2996887Z Collecting tzdata>=2022.7 (from pandas==2.3.3)
2026-10-02T07:49:21.3147594Z   Downloading tzdata-2026.4-py2.py3-none-any.whl.metadata (1.4 kB)
2026-10-02T07:49:21.3350279Z Collecting six>=1.5 (from python-dateutil>=2.8.2->pandas==2.3.3)
2026-10-02T07:49:21.3501980Z   Downloading six-1.17.0-py2.py3-none-any.whl.metadata (1.7 kB)
2026-10-02T07:49:21.3681820Z Downloading pandas-2.3.3-cp312-cp312-manylinux_2_24_x86_64.manylinux_2_28_x86_64.whl (12.4 MB)
2026-10-02T07:49:21.5907170Z    ━━━━━━━━━━━━━━━━━━━━━━━━━━━━━━━━━━━━━━━━ 12.4/12.4 MB 62.8 MB/s  0:00:00
2026-10-02T07:49:21.6088513Z Downloading numpy-2.3.3-cp312-cp312-manylinux_2_27_x86_64.manylinux_2_28_x86_64.whl (16.6 MB)
2026-10-02T07:49:21.7471114Z    ━━━━━━━━━━━━━━━━━━━━━━━━━━━━━━━━━━━━━━━━ 16.6/16.6 MB 120.3 MB/s  0:00:00
2026-10-02T07:49:21.7626465Z Downloading python_dateutil-2.9.0.post0-py2.py3-none-any.whl (229 kB)
2026-10-02T07:49:21.7910068Z Downloading pytz-2026.4-py2.py3-none-any.whl (506 kB)
2026-10-02T07:49:21.8090421Z Downloading six-1.17.0-py2.py3-none-any.whl (11 kB)
2026-10-02T07:49:21.8262647Z Downloading tzdata-2026.4-py2.py3-none-any.whl (347 kB)
2026-10-02T07:49:22.0381870Z Installing collected packages: pytz, tzdata, six, numpy, python-dateutil, pandas
2026-10-02T07:49:27.0327251Z 
2026-10-02T07:49:27.0338790Z Successfully installed numpy-2.3.3 pandas-2.3.3 python-dateutil-2.9.0.post0 pytz-2026.4 six-1.17.0 tzdata-2026.4
2026-10-02T07:49:27.0982872Z ##[group]Run actions/cache@v4
2026-10-02T07:49:27.0983229Z with:
2026-10-02T07:49:27.0983470Z   path: data
2026-10-02T07:49:27.0983781Z   key: frozen-source-36095439671-15m-shard-3
2026-10-02T07:49:27.0984098Z   enableCrossOsArchive: false
2026-10-02T07:49:27.0984368Z   fail-on-cache-miss: false
2026-10-02T07:49:27.0984685Z   lookup-only: false
2026-10-02T07:49:27.0984940Z   save-always: false
2026-10-02T07:49:27.0985187Z env:
2026-10-02T07:49:27.0987365Z   GH_TOKEN: ***
2026-10-02T07:49:27.0987661Z   pythonLocation: /opt/hostedtoolcache/Python/3.12.14/x64
2026-10-02T07:49:27.0988126Z   PKG_CONFIG_PATH: /opt/hostedtoolcache/Python/3.12.14/x64/lib/pkgconfig
2026-10-02T07:49:27.0988538Z   Python_ROOT_DIR: /opt/hostedtoolcache/Python/3.12.14/x64
2026-10-02T07:49:27.0988913Z   Python2_ROOT_DIR: /opt/hostedtoolcache/Python/3.12.14/x64
2026-10-02T07:49:27.0989319Z   Python3_ROOT_DIR: /opt/hostedtoolcache/Python/3.12.14/x64
2026-10-02T07:49:27.0989812Z   LD_LIBRARY_PATH: /opt/hostedtoolcache/Python/3.12.14/x64/lib
2026-10-02T07:49:27.0990143Z ##[endgroup]
2026-10-02T07:49:27.1871911Z (node:2109) [DEP0040] DeprecationWarning: The `punycode` module is deprecated. Please use a userland alternative instead.
2026-10-02T07:49:27.1872752Z (Use `node --trace-deprecation ...` to show where the warning was created)
2026-10-02T07:49:27.3524006Z Cache not found for input keys: frozen-source-36095439671-15m-shard-3
2026-10-02T07:49:27.3597537Z ##[group]Run set -euo pipefail
2026-10-02T07:49:27.3597914Z [36;1mset -euo pipefail[0m
2026-10-02T07:49:27.3598192Z [36;1mif [ '' != 'true' ]; then[0m
2026-10-02T07:49:27.3598709Z [36;1m  gh run download 36095439671 -R duuu-hub/bb-scanner -n rank5-binance-um-15m-5y-data-shard-3 -D data[0m
2026-10-02T07:49:27.3599158Z [36;1mfi[0m
2026-10-02T07:49:27.3599508Z [36;1mgh run download 36858492497 -R duuu-hub/bb-scanner -n day-edge-v2-btc -D btc[0m
2026-10-02T07:49:27.3600150Z [36;1mgh run download 36095439671 -R duuu-hub/bb-scanner -n rank5-binance-um-15m-5y-manifest-shard-3 -D source-manifest[0m
2026-10-02T07:49:27.3601064Z [36;1mpython scripts/research_evidence_archive.py verify-source --data data --manifests source-manifest --baseline research/aggressive-flow-cascade-v11/FROZEN_INPUT_HASHES.json --out source-check.json[0m
2026-10-02T07:49:27.3637297Z shell: /usr/bin/bash --noprofile --norc -e -o pipefail {0}
2026-10-02T07:49:27.3637751Z env:
2026-10-02T07:49:27.3640079Z   GH_TOKEN: ***
2026-10-02T07:49:27.3640415Z   pythonLocation: /opt/hostedtoolcache/Python/3.12.14/x64
2026-10-02T07:49:27.3640858Z   PKG_CONFIG_PATH: /opt/hostedtoolcache/Python/3.12.14/x64/lib/pkgconfig
2026-10-02T07:49:27.3641274Z   Python_ROOT_DIR: /opt/hostedtoolcache/Python/3.12.14/x64
2026-10-02T07:49:27.3641708Z   Python2_ROOT_DIR: /opt/hostedtoolcache/Python/3.12.14/x64
2026-10-02T07:49:27.3642123Z   Python3_ROOT_DIR: /opt/hostedtoolcache/Python/3.12.14/x64
2026-10-02T07:49:27.3642677Z   LD_LIBRARY_PATH: /opt/hostedtoolcache/Python/3.12.14/x64/lib
2026-10-02T07:49:27.3643021Z ##[endgroup]
2026-10-02T07:49:41.1794078Z FROZEN_SOURCE_VERIFIED 106 files 31 prior SHA256 matches
2026-10-02T07:49:41.2276622Z ##[group]Run actions/cache@v4
2026-10-02T07:49:41.2276903Z with:
2026-10-02T07:49:41.2277181Z   path: cache/verified-1m
2026-10-02T07:49:41.2277505Z   key: aggressive-flow-cascade-v11-dev-1m-shard-3
2026-10-02T07:49:41.2278169Z   restore-keys: residual-reversion-v10-dev-1m-shard-3
cross-sectional-leader-v9-dev-1m-shard-3
premium-absorption-v8-dev-1m-shard-3
factor-lag-v6-dev-1m-shard-3
2026-10-02T07:49:41.2278790Z   enableCrossOsArchive: false
2026-10-02T07:49:41.2279066Z   fail-on-cache-miss: false
2026-10-02T07:49:41.2279338Z   lookup-only: false
2026-10-02T07:49:41.2279591Z   save-always: false
2026-10-02T07:49:41.2279814Z env:
2026-10-02T07:49:41.2281972Z   GH_TOKEN: ***
2026-10-02T07:49:41.2282429Z   pythonLocation: /opt/hostedtoolcache/Python/3.12.14/x64
2026-10-02T07:49:41.2283009Z   PKG_CONFIG_PATH: /opt/hostedtoolcache/Python/3.12.14/x64/lib/pkgconfig
2026-10-02T07:49:41.2283430Z   Python_ROOT_DIR: /opt/hostedtoolcache/Python/3.12.14/x64
2026-10-02T07:49:41.2283865Z   Python2_ROOT_DIR: /opt/hostedtoolcache/Python/3.12.14/x64
2026-10-02T07:49:41.2284241Z   Python3_ROOT_DIR: /opt/hostedtoolcache/Python/3.12.14/x64
2026-10-02T07:49:41.2284627Z   LD_LIBRARY_PATH: /opt/hostedtoolcache/Python/3.12.14/x64/lib
2026-10-02T07:49:41.2284965Z ##[endgroup]
2026-10-02T07:49:41.3153628Z (node:2152) [DEP0040] DeprecationWarning: The `punycode` module is deprecated. Please use a userland alternative instead.
2026-10-02T07:49:41.3154579Z (Use `node --trace-deprecation ...` to show where the warning was created)
2026-10-02T07:49:41.4667702Z Cache not found for input keys: aggressive-flow-cascade-v11-dev-1m-shard-3, residual-reversion-v10-dev-1m-shard-3, cross-sectional-leader-v9-dev-1m-shard-3, premium-absorption-v8-dev-1m-shard-3, factor-lag-v6-dev-1m-shard-3
2026-10-02T07:49:41.4727975Z ##[group]Run set -euo pipefail
2026-10-02T07:49:41.4728345Z [36;1mset -euo pipefail[0m
2026-10-02T07:49:41.4728994Z [36;1mpython scripts/aggressive_flow_cascade_v11.py scan --stage DEV --data data --btc btc/BTCUSDT.csv.gz --source-check source-check.json --out dev-3 --minute-cache cache/verified-1m[0m
2026-10-02T07:49:41.4764932Z shell: /usr/bin/bash --noprofile --norc -e -o pipefail {0}
2026-10-02T07:49:41.4765433Z env:
2026-10-02T07:49:41.4768128Z   GH_TOKEN: ***
2026-10-02T07:49:41.4768550Z   pythonLocation: /opt/hostedtoolcache/Python/3.12.14/x64
2026-10-02T07:49:41.4769117Z   PKG_CONFIG_PATH: /opt/hostedtoolcache/Python/3.12.14/x64/lib/pkgconfig
2026-10-02T07:49:41.4769560Z   Python_ROOT_DIR: /opt/hostedtoolcache/Python/3.12.14/x64
2026-10-02T07:49:41.4769974Z   Python2_ROOT_DIR: /opt/hostedtoolcache/Python/3.12.14/x64
2026-10-02T07:49:41.4770390Z   Python3_ROOT_DIR: /opt/hostedtoolcache/Python/3.12.14/x64
2026-10-02T07:49:41.4770956Z   LD_LIBRARY_PATH: /opt/hostedtoolcache/Python/3.12.14/x64/lib
2026-10-02T07:49:41.4771340Z ##[endgroup]
2026-10-02T07:50:25.2294496Z V11_CASCADE_SCAN DEV 32 / 106 parameterized_outcomes 846
2026-10-02T07:50:49.9225760Z V11_CASCADE_SCAN DEV 40 / 106 parameterized_outcomes 1062
2026-10-02T07:51:11.4915807Z V11_CASCADE_SCAN DEV 48 / 106 parameterized_outcomes 1512
2026-10-02T07:52:39.0170523Z V11_CASCADE_SCAN_DONE DEV 3492 chronology_exclusions 0
2026-10-02T07:52:39.0730941Z ##[group]Run actions/upload-artifact@v4
2026-10-02T07:52:39.0731225Z with:
2026-10-02T07:52:39.0731490Z   name: aggressive-flow-cascade-v11-dev-3
2026-10-02T07:52:39.0731781Z   path: dev-3/
2026-10-02T07:52:39.0732008Z   retention-days: 30
2026-10-02T07:52:39.0732414Z   compression-level: 0
2026-10-02T07:52:39.0732810Z   if-no-files-found: warn
2026-10-02T07:52:39.0733058Z   overwrite: false
2026-10-02T07:52:39.0733314Z   include-hidden-files: false
2026-10-02T07:52:39.0733574Z env:
2026-10-02T07:52:39.0735761Z   GH_TOKEN: ***
2026-10-02T07:52:39.0736040Z   pythonLocation: /opt/hostedtoolcache/Python/3.12.14/x64
2026-10-02T07:52:39.0736469Z   PKG_CONFIG_PATH: /opt/hostedtoolcache/Python/3.12.14/x64/lib/pkgconfig
2026-10-02T07:52:39.0736878Z   Python_ROOT_DIR: /opt/hostedtoolcache/Python/3.12.14/x64
2026-10-02T07:52:39.0737234Z   Python2_ROOT_DIR: /opt/hostedtoolcache/Python/3.12.14/x64
2026-10-02T07:52:39.0737620Z   Python3_ROOT_DIR: /opt/hostedtoolcache/Python/3.12.14/x64
2026-10-02T07:52:39.0738058Z   LD_LIBRARY_PATH: /opt/hostedtoolcache/Python/3.12.14/x64/lib
2026-10-02T07:52:39.0738385Z ##[endgroup]
2026-10-02T07:52:39.2129943Z (node:2223) [DEP0040] DeprecationWarning: The `punycode` module is deprecated. Please use a userland alternative instead.
2026-10-02T07:52:39.2130997Z (Use `node --trace-deprecation ...` to show where the warning was created)
2026-10-02T07:52:39.2463227Z With the provided path, there will be 214 files uploaded
2026-10-02T07:52:39.2464096Z Artifact name is valid!
2026-10-02T07:52:39.2464601Z Root directory input is valid!
2026-10-02T07:52:39.5291812Z Beginning upload of artifact content to blob storage
2026-10-02T07:52:39.6219708Z (node:2223) [DEP0169] DeprecationWarning: `url.parse()` behavior is not standardized and prone to errors that have security implications. Use the WHATWG URL API instead. CVEs are not issued for `url.parse()` vulnerabilities.
2026-10-02T07:52:40.0968500Z Uploaded bytes 8388608
2026-10-02T07:52:40.1211430Z Uploaded bytes 16777216
2026-10-02T07:52:40.2446375Z Uploaded bytes 25165824
2026-10-02T07:52:40.3121200Z Uploaded bytes 33554432
2026-10-02T07:52:40.3259113Z Uploaded bytes 41943040
2026-10-02T07:52:40.3790167Z Uploaded bytes 50331648
2026-10-02T07:52:40.4877309Z Uploaded bytes 58720256
2026-10-02T07:52:40.5054293Z Uploaded bytes 67108864
2026-10-02T07:52:40.5279658Z Uploaded bytes 75497472
2026-10-02T07:52:40.6287365Z Uploaded bytes 83886080
2026-10-02T07:52:40.7041917Z Uploaded bytes 92274688
2026-10-02T07:52:40.7791365Z Uploaded bytes 100663296
2026-10-02T07:52:40.8304186Z Uploaded bytes 101067088
2026-10-02T07:52:40.8762974Z Finished uploading artifact content to blob storage!
2026-10-02T07:52:40.8764200Z SHA256 digest of uploaded artifact zip is df5bccd29ed9574a2fd1fc9ad50fe573427dba3b38f964d769ba9a4e452404b0
2026-10-02T07:52:40.8765864Z Finalizing artifact upload
2026-10-02T07:52:41.0888569Z Artifact aggressive-flow-cascade-v11-dev-3.zip successfully finalized. Artifact ID 11214779179
2026-10-02T07:52:41.0890111Z Artifact aggressive-flow-cascade-v11-dev-3 has been successfully uploaded! Final size is 101067088 bytes. Artifact ID is 11214779179
2026-10-02T07:52:41.0894904Z Artifact download URL: https://github.com/duuu-hub/bb-scanner/actions/runs/36980518301/artifacts/11214779179
2026-10-02T07:52:41.1054347Z Post job cleanup.
2026-10-02T07:52:41.1923153Z (node:2238) [DEP0040] DeprecationWarning: The `punycode` module is deprecated. Please use a userland alternative instead.
2026-10-02T07:52:41.1923863Z (Use `node --trace-deprecation ...` to show where the warning was created)
2026-10-02T07:52:41.2077626Z [command]/usr/bin/tar --posix -cf cache.tzst --exclude cache.tzst -P -C /home/runner/work/bb-scanner/bb-scanner --files-from manifest.txt --use-compress-program zstdmt
2026-10-02T07:52:41.5691511Z (node:2238) [DEP0169] DeprecationWarning: `url.parse()` behavior is not standardized and prone to errors that have security implications. Use the WHATWG URL API instead. CVEs are not issued for `url.parse()` vulnerabilities.
2026-10-02T07:52:42.5631118Z Sent 81723392 of 123561982 (66.1%), 77.9 MBs/sec
2026-10-02T07:52:43.1613551Z Sent 123561982 of 123561982 (100.0%), 73.7 MBs/sec
2026-10-02T07:52:43.3711679Z Cache saved with key: aggressive-flow-cascade-v11-dev-1m-shard-3
2026-10-02T07:52:43.3800247Z Post job cleanup.
2026-10-02T07:52:43.4676575Z (node:2258) [DEP0040] DeprecationWarning: The `punycode` module is deprecated. Please use a userland alternative instead.
2026-10-02T07:52:43.4677489Z (Use `node --trace-deprecation ...` to show where the warning was created)
2026-10-02T07:52:43.4816584Z [command]/usr/bin/tar --posix -cf cache.tzst --exclude cache.tzst -P -C /home/runner/work/bb-scanner/bb-scanner --files-from manifest.txt --use-compress-program zstdmt
2026-10-02T07:52:43.8110765Z (node:2258) [DEP0169] DeprecationWarning: `url.parse()` behavior is not standardized and prone to errors that have security implications. Use the WHATWG URL API instead. CVEs are not issued for `url.parse()` vulnerabilities.
2026-10-02T07:52:44.8015194Z Sent 28546681 of 229873273 (12.4%), 27.2 MBs/sec
2026-10-02T07:52:45.3379064Z Sent 229873273 of 229873273 (100.0%), 142.6 MBs/sec
2026-10-02T07:52:45.4394495Z Cache saved with key: frozen-source-36095439671-15m-shard-3
2026-10-02T07:52:45.4492598Z Post job cleanup.
2026-10-02T07:52:45.5586057Z (node:2279) [DEP0040] DeprecationWarning: The `punycode` module is deprecated. Please use a userland alternative instead.
2026-10-02T07:52:45.5586863Z (Use `node --trace-deprecation ...` to show where the warning was created)
2026-10-02T07:52:45.5785112Z Post job cleanup.
2026-10-02T07:52:45.6547544Z [command]/usr/bin/git version
2026-10-02T07:52:45.6582854Z git version 2.55.0
2026-10-02T07:52:45.6625491Z Temporarily overriding HOME='/home/runner/work/_temp/bccb75e5-4a86-4599-b0fb-3927aa91842e' before making global git config changes
2026-10-02T07:52:45.6626354Z Adding repository directory to the temporary git global config as a safe directory
2026-10-02T07:52:45.6626992Z [command]/usr/bin/git config --global --add safe.directory /home/runner/work/bb-scanner/bb-scanner
2026-10-02T07:52:45.6649614Z [command]/usr/bin/git config --local --name-only --get-regexp core\.sshCommand
2026-10-02T07:52:45.6676412Z [command]/usr/bin/git submodule foreach --recursive sh -c "git config --local --name-only --get-regexp 'core\.sshCommand' && git config --local --unset-all 'core.sshCommand' || :"
2026-10-02T07:52:45.6859917Z [command]/usr/bin/git config --local --name-only --get-regexp http\.https\:\/\/github\.com\/\.extraheader
2026-10-02T07:52:45.6882173Z http.https://github.com/.extraheader
2026-10-02T07:52:45.6895037Z [command]/usr/bin/git config --local --unset-all http.https://github.com/.extraheader
2026-10-02T07:52:45.6923800Z [command]/usr/bin/git submodule foreach --recursive sh -c "git config --local --name-only --get-regexp 'http\.https\:\/\/github\.com\/\.extraheader' && git config --local --unset-all 'http.https://github.com/.extraheader' || :"
2026-10-02T07:52:45.7101145Z [command]/usr/bin/git config --local --name-only --get-regexp ^includeIf\.gitdir:
2026-10-02T07:52:45.7130045Z [command]/usr/bin/git submodule foreach --recursive git config --local --show-origin --name-only --get-regexp remote.origin.url
2026-10-02T07:52:45.7436414Z Cleaning up orphan processes
2026-10-02T07:52:45.7667348Z ##[warning]Node.js 20 is deprecated. The following actions target Node.js 20 but are being forced to run on Node.js 24: actions/cache@v4, actions/checkout@v4, actions/setup-python@v5, actions/upload-artifact@v4. For more information see: https://github.blog/changelog/2025-09-19-deprecation-of-node-20-on-github-actions-runners/
