2026-10-07T07:59:13.3994977Z Current runner version: '2.337.0'
2026-10-07T07:59:13.4019828Z ##[group]Runner Image Provisioner
2026-10-07T07:59:13.4020743Z Hosted Compute Agent
2026-10-07T07:59:13.4021425Z Version: 20260901.588
2026-10-07T07:59:13.4022101Z Commit: f88ec8081b781fac6c440065ac7ff9e710ce3d0b
2026-10-07T07:59:13.4023323Z Build Date: 2026-09-01T19:56:44Z
2026-10-07T07:59:13.4024049Z Worker ID: {7aab5c30-f8ed-46e3-ac84-2ac2b9ded8cd}
2026-10-07T07:59:13.4024779Z Azure Region: northcentralus
2026-10-07T07:59:13.4025505Z ##[endgroup]
2026-10-07T07:59:13.4027215Z ##[group]Operating System
2026-10-07T07:59:13.4027951Z Ubuntu
2026-10-07T07:59:13.4028494Z 24.04.5
2026-10-07T07:59:13.4028979Z LTS
2026-10-07T07:59:13.4030000Z ##[endgroup]
2026-10-07T07:59:13.4030571Z ##[group]Runner Image
2026-10-07T07:59:13.4031212Z Image: ubuntu-24.04
2026-10-07T07:59:13.4031806Z Version: 20260927.320.1
2026-10-07T07:59:13.4033390Z Included Software: https://github.com/actions/runner-images/blob/ubuntu24/20260927.320/images/ubuntu/Ubuntu2404-Readme.md
2026-10-07T07:59:13.4034986Z Image Release: https://github.com/actions/runner-images/releases/tag/ubuntu24%2F20260927.320
2026-10-07T07:59:13.4035986Z ##[endgroup]
2026-10-07T07:59:13.4037190Z ##[group]GITHUB_TOKEN Permissions
2026-10-07T07:59:13.4039410Z Actions: read
2026-10-07T07:59:13.4040121Z Contents: read
2026-10-07T07:59:13.4040671Z Metadata: read
2026-10-07T07:59:13.4041291Z ##[endgroup]
2026-10-07T07:59:13.4044061Z Secret source: Actions
2026-10-07T07:59:13.4045189Z Cache mode: write
2026-10-07T07:59:13.4046138Z Prepare workflow directory
2026-10-07T07:59:13.4568360Z Prepare all required actions
2026-10-07T07:59:13.4615386Z Getting action download info
2026-10-07T07:59:13.7035557Z Download action repository 'actions/checkout@v4' (SHA:11d5960a326750d5838078e36cf38b85af677262)
2026-10-07T07:59:13.8212284Z Download action repository 'actions/setup-python@v5' (SHA:a26af69be951a213d495a4c3e4e4022e16d87065)
2026-10-07T07:59:13.9000374Z Download action repository 'actions/download-artifact@v4' (SHA:d3f86a106a0bac45b974a628896c90dbdf5c8093)
2026-10-07T07:59:14.2231607Z Download action repository 'actions/upload-artifact@v4' (SHA:ea165f8d65b6e75b540449e92b4886f43607fa02)
2026-10-07T07:59:14.4413217Z Complete job name: accounts (0)
2026-10-07T07:59:14.5145914Z ##[group]Run actions/checkout@v4
2026-10-07T07:59:14.5146809Z with:
2026-10-07T07:59:14.5147305Z   repository: duuu-hub/bb-scanner
2026-10-07T07:59:14.5151019Z   token: ***
2026-10-07T07:59:14.5151457Z   ssh-strict: true
2026-10-07T07:59:14.5151899Z   ssh-user: git
2026-10-07T07:59:14.5152345Z   persist-credentials: true
2026-10-07T07:59:14.5153408Z   clean: true
2026-10-07T07:59:14.5153866Z   sparse-checkout-cone-mode: true
2026-10-07T07:59:14.5154389Z   fetch-depth: 1
2026-10-07T07:59:14.5154820Z   fetch-tags: false
2026-10-07T07:59:14.5155268Z   show-progress: true
2026-10-07T07:59:14.5155708Z   lfs: false
2026-10-07T07:59:14.5156119Z   submodules: false
2026-10-07T07:59:14.5156588Z   set-safe-directory: true
2026-10-07T07:59:14.5157106Z   allow-unsafe-pr-checkout: false
2026-10-07T07:59:14.5157976Z env:
2026-10-07T07:59:14.5161556Z   GH_TOKEN: ***
2026-10-07T07:59:14.5161987Z ##[endgroup]
2026-10-07T07:59:14.6206751Z Syncing repository: duuu-hub/bb-scanner
2026-10-07T07:59:14.6209505Z ##[group]Getting Git version info
2026-10-07T07:59:14.6210805Z Working directory is '/home/runner/work/bb-scanner/bb-scanner'
2026-10-07T07:59:14.6213001Z [command]/usr/bin/git version
2026-10-07T07:59:14.6303615Z git version 2.55.0
2026-10-07T07:59:14.6335717Z ##[endgroup]
2026-10-07T07:59:14.6354294Z Temporarily overriding HOME='/home/runner/work/_temp/fe1ebe37-6882-4d82-974a-fd164578c59a' before making global git config changes
2026-10-07T07:59:14.6356513Z Adding repository directory to the temporary git global config as a safe directory
2026-10-07T07:59:14.6365888Z [command]/usr/bin/git config --global --add safe.directory /home/runner/work/bb-scanner/bb-scanner
2026-10-07T07:59:14.6420918Z Deleting the contents of '/home/runner/work/bb-scanner/bb-scanner'
2026-10-07T07:59:14.6427062Z ##[group]Initializing the repository
2026-10-07T07:59:14.6431813Z [command]/usr/bin/git init /home/runner/work/bb-scanner/bb-scanner
2026-10-07T07:59:14.6577314Z hint: Using 'master' as the name for the initial branch. This default branch name
2026-10-07T07:59:14.6579281Z hint: will change to "main" in Git 3.0. To configure the initial branch name
2026-10-07T07:59:14.6581466Z hint: to use in all of your new repositories, which will suppress this warning,
2026-10-07T07:59:14.6583107Z hint: call:
2026-10-07T07:59:14.6588698Z hint:
2026-10-07T07:59:14.6589687Z hint: 	git config --global init.defaultBranch <name>
2026-10-07T07:59:14.6590711Z hint:
2026-10-07T07:59:14.6591675Z hint: Names commonly chosen instead of 'master' are 'main', 'trunk' and
2026-10-07T07:59:14.6593245Z hint: 'development'. The just-created branch can be renamed via this command:
2026-10-07T07:59:14.6594013Z hint:
2026-10-07T07:59:14.6594444Z hint: 	git branch -m <name>
2026-10-07T07:59:14.6594942Z hint:
2026-10-07T07:59:14.6595612Z hint: Disable this message with "git config set advice.defaultBranchName false"
2026-10-07T07:59:14.6596668Z Initialized empty Git repository in /home/runner/work/bb-scanner/bb-scanner/.git/
2026-10-07T07:59:14.6600479Z [command]/usr/bin/git remote add origin https://github.com/duuu-hub/bb-scanner
2026-10-07T07:59:14.6656080Z ##[endgroup]
2026-10-07T07:59:14.6657258Z ##[group]Disabling automatic garbage collection
2026-10-07T07:59:14.6659714Z [command]/usr/bin/git config --local gc.auto 0
2026-10-07T07:59:14.6699574Z ##[endgroup]
2026-10-07T07:59:14.6701497Z ##[group]Setting up auth
2026-10-07T07:59:14.6711878Z [command]/usr/bin/git config --local --name-only --get-regexp core\.sshCommand
2026-10-07T07:59:14.6751985Z [command]/usr/bin/git submodule foreach --recursive sh -c "git config --local --name-only --get-regexp 'core\.sshCommand' && git config --local --unset-all 'core.sshCommand' || :"
2026-10-07T07:59:14.7167751Z [command]/usr/bin/git config --local --name-only --get-regexp http\.https\:\/\/github\.com\/\.extraheader
2026-10-07T07:59:14.7207760Z [command]/usr/bin/git submodule foreach --recursive sh -c "git config --local --name-only --get-regexp 'http\.https\:\/\/github\.com\/\.extraheader' && git config --local --unset-all 'http.https://github.com/.extraheader' || :"
2026-10-07T07:59:14.7511224Z [command]/usr/bin/git config --local --name-only --get-regexp ^includeIf\.gitdir:
2026-10-07T07:59:14.7516842Z [command]/usr/bin/git submodule foreach --recursive git config --local --show-origin --name-only --get-regexp remote.origin.url
2026-10-07T07:59:14.7705994Z [command]/usr/bin/git config --local http.https://github.com/.extraheader AUTHORIZATION: basic ***
2026-10-07T07:59:14.7745836Z ##[endgroup]
2026-10-07T07:59:14.7746837Z ##[group]Fetching the repository
2026-10-07T07:59:14.7756312Z [command]/usr/bin/git -c protocol.version=2 fetch --no-tags --prune --no-recurse-submodules --depth=1 origin +6ca61ce31e15ffebf6b08e4ae786210d2d2f77ca:refs/remotes/origin/research-daily-breakdown-account-v26
2026-10-07T07:59:15.7244899Z From https://github.com/duuu-hub/bb-scanner
2026-10-07T07:59:15.7248195Z  * [new ref]         6ca61ce31e15ffebf6b08e4ae786210d2d2f77ca -> origin/research-daily-breakdown-account-v26
2026-10-07T07:59:15.7254464Z ##[endgroup]
2026-10-07T07:59:15.7256819Z ##[group]Determining the checkout info
2026-10-07T07:59:15.7259418Z ##[endgroup]
2026-10-07T07:59:15.7262270Z [command]/usr/bin/git sparse-checkout disable
2026-10-07T07:59:15.7320703Z [command]/usr/bin/git config --local --unset-all extensions.worktreeConfig
2026-10-07T07:59:15.7354830Z ##[group]Checking out the ref
2026-10-07T07:59:15.7360691Z [command]/usr/bin/git checkout --progress --force -B research-daily-breakdown-account-v26 refs/remotes/origin/research-daily-breakdown-account-v26
2026-10-07T07:59:15.9725122Z Switched to a new branch 'research-daily-breakdown-account-v26'
2026-10-07T07:59:15.9734215Z branch 'research-daily-breakdown-account-v26' set up to track 'origin/research-daily-breakdown-account-v26'.
2026-10-07T07:59:15.9749252Z ##[endgroup]
2026-10-07T07:59:15.9794982Z [command]/usr/bin/git log -1 --format=%H
2026-10-07T07:59:15.9822679Z 6ca61ce31e15ffebf6b08e4ae786210d2d2f77ca
2026-10-07T07:59:16.0086796Z ##[group]Run actions/setup-python@v5
2026-10-07T07:59:16.0087197Z with:
2026-10-07T07:59:16.0087455Z   python-version: 3.12
2026-10-07T07:59:16.0087744Z   check-latest: false
2026-10-07T07:59:16.0090158Z   token: ***
2026-10-07T07:59:16.0090433Z   update-environment: true
2026-10-07T07:59:16.0090738Z   allow-prereleases: false
2026-10-07T07:59:16.0091037Z   freethreaded: false
2026-10-07T07:59:16.0091297Z env:
2026-10-07T07:59:16.0093851Z   GH_TOKEN: ***
2026-10-07T07:59:16.0094119Z ##[endgroup]
2026-10-07T07:59:16.1402134Z ##[group]Installed versions
2026-10-07T07:59:16.1493556Z (node:2333) [DEP0040] DeprecationWarning: The `punycode` module is deprecated. Please use a userland alternative instead.
2026-10-07T07:59:16.1495105Z (Use `node --trace-deprecation ...` to show where the warning was created)
2026-10-07T07:59:16.1496060Z Successfully set up CPython (3.12.14)
2026-10-07T07:59:16.1497714Z ##[endgroup]
2026-10-07T07:59:16.1673263Z ##[group]Run set -euo pipefail
2026-10-07T07:59:16.1673743Z [36;1mset -euo pipefail[0m
2026-10-07T07:59:16.1674202Z [36;1mpip install pandas==2.3.3 numpy==2.3.3 numba==0.62.1 requests==2.32.5[0m
2026-10-07T07:59:16.2019819Z shell: /usr/bin/bash -e {0}
2026-10-07T07:59:16.2020253Z env:
2026-10-07T07:59:16.2023607Z   GH_TOKEN: ***
2026-10-07T07:59:16.2024010Z   pythonLocation: /opt/hostedtoolcache/Python/3.12.14/x64
2026-10-07T07:59:16.2024563Z   PKG_CONFIG_PATH: /opt/hostedtoolcache/Python/3.12.14/x64/lib/pkgconfig
2026-10-07T07:59:16.2025076Z   Python_ROOT_DIR: /opt/hostedtoolcache/Python/3.12.14/x64
2026-10-07T07:59:16.2025531Z   Python2_ROOT_DIR: /opt/hostedtoolcache/Python/3.12.14/x64
2026-10-07T07:59:16.2025969Z   Python3_ROOT_DIR: /opt/hostedtoolcache/Python/3.12.14/x64
2026-10-07T07:59:16.2026416Z   LD_LIBRARY_PATH: /opt/hostedtoolcache/Python/3.12.14/x64/lib
2026-10-07T07:59:16.2026841Z ##[endgroup]
2026-10-07T07:59:17.2269421Z Collecting pandas==2.3.3
2026-10-07T07:59:17.2863978Z   Downloading pandas-2.3.3-cp312-cp312-manylinux_2_24_x86_64.manylinux_2_28_x86_64.whl.metadata (91 kB)
2026-10-07T07:59:17.5308919Z Collecting numpy==2.3.3
2026-10-07T07:59:17.5344724Z   Downloading numpy-2.3.3-cp312-cp312-manylinux_2_27_x86_64.manylinux_2_28_x86_64.whl.metadata (62 kB)
2026-10-07T07:59:17.6395607Z Collecting numba==0.62.1
2026-10-07T07:59:17.6441016Z   Downloading numba-0.62.1-cp312-cp312-manylinux2014_x86_64.manylinux_2_17_x86_64.whl.metadata (2.8 kB)
2026-10-07T07:59:17.6632302Z Collecting requests==2.32.5
2026-10-07T07:59:17.6663411Z   Downloading requests-2.32.5-py3-none-any.whl.metadata (4.9 kB)
2026-10-07T07:59:17.6799934Z Collecting python-dateutil>=2.8.2 (from pandas==2.3.3)
2026-10-07T07:59:17.6831131Z   Downloading python_dateutil-2.9.0.post0-py2.py3-none-any.whl.metadata (8.4 kB)
2026-10-07T07:59:17.7155908Z Collecting pytz>=2020.1 (from pandas==2.3.3)
2026-10-07T07:59:17.7185552Z   Downloading pytz-2026.5-py2.py3-none-any.whl.metadata (22 kB)
2026-10-07T07:59:17.7327823Z Collecting tzdata>=2022.7 (from pandas==2.3.3)
2026-10-07T07:59:17.7358488Z   Downloading tzdata-2026.5-py2.py3-none-any.whl.metadata (1.4 kB)
2026-10-07T07:59:17.7870476Z Collecting llvmlite<0.46,>=0.45.0dev0 (from numba==0.62.1)
2026-10-07T07:59:17.7903527Z   Downloading llvmlite-0.45.1-cp312-cp312-manylinux2014_x86_64.manylinux_2_17_x86_64.whl.metadata (4.9 kB)
2026-10-07T07:59:17.9077712Z Collecting charset_normalizer<4,>=2 (from requests==2.32.5)
2026-10-07T07:59:17.9116049Z   Downloading charset_normalizer-3.5.2-cp312-cp312-manylinux2014_x86_64.manylinux_2_17_x86_64.manylinux_2_28_x86_64.whl.metadata (46 kB)
2026-10-07T07:59:17.9280586Z Collecting idna<4,>=2.5 (from requests==2.32.5)
2026-10-07T07:59:17.9311205Z   Downloading idna-3.20-py3-none-any.whl.metadata (7.2 kB)
2026-10-07T07:59:17.9522482Z Collecting urllib3<3,>=1.21.1 (from requests==2.32.5)
2026-10-07T07:59:17.9553524Z   Downloading urllib3-2.8.0-py3-none-any.whl.metadata (7.4 kB)
2026-10-07T07:59:17.9739688Z Collecting certifi>=2017.4.17 (from requests==2.32.5)
2026-10-07T07:59:17.9770502Z   Downloading certifi-2026.7.22-py3-none-any.whl.metadata (2.5 kB)
2026-10-07T07:59:17.9911339Z Collecting six>=1.5 (from python-dateutil>=2.8.2->pandas==2.3.3)
2026-10-07T07:59:17.9945067Z   Downloading six-1.17.0-py2.py3-none-any.whl.metadata (1.7 kB)
2026-10-07T07:59:18.0013697Z Downloading pandas-2.3.3-cp312-cp312-manylinux_2_24_x86_64.manylinux_2_28_x86_64.whl (12.4 MB)
2026-10-07T07:59:18.0466501Z    ━━━━━━━━━━━━━━━━━━━━━━━━━━━━━━━━━━━━━━━━ 12.4/12.4 MB 302.7 MB/s  0:00:00
2026-10-07T07:59:18.0500012Z Downloading numpy-2.3.3-cp312-cp312-manylinux_2_27_x86_64.manylinux_2_28_x86_64.whl (16.6 MB)
2026-10-07T07:59:18.1137542Z    ━━━━━━━━━━━━━━━━━━━━━━━━━━━━━━━━━━━━━━━━ 16.6/16.6 MB 268.4 MB/s  0:00:00
2026-10-07T07:59:18.1184099Z Downloading numba-0.62.1-cp312-cp312-manylinux2014_x86_64.manylinux_2_17_x86_64.whl (3.8 MB)
2026-10-07T07:59:18.1368450Z    ━━━━━━━━━━━━━━━━━━━━━━━━━━━━━━━━━━━━━━━━ 3.8/3.8 MB 231.6 MB/s  0:00:00
2026-10-07T07:59:18.1404656Z Downloading requests-2.32.5-py3-none-any.whl (64 kB)
2026-10-07T07:59:18.1459480Z Downloading charset_normalizer-3.5.2-cp312-cp312-manylinux2014_x86_64.manylinux_2_17_x86_64.manylinux_2_28_x86_64.whl (257 kB)
2026-10-07T07:59:18.1517979Z Downloading idna-3.20-py3-none-any.whl (69 kB)
2026-10-07T07:59:18.1580534Z Downloading llvmlite-0.45.1-cp312-cp312-manylinux2014_x86_64.manylinux_2_17_x86_64.whl (56.3 MB)
2026-10-07T07:59:18.3542825Z    ━━━━━━━━━━━━━━━━━━━━━━━━━━━━━━━━━━━━━━━━ 56.3/56.3 MB 289.3 MB/s  0:00:00
2026-10-07T07:59:18.3581423Z Downloading urllib3-2.8.0-py3-none-any.whl (135 kB)
2026-10-07T07:59:18.3635296Z Downloading certifi-2026.7.22-py3-none-any.whl (136 kB)
2026-10-07T07:59:18.3688109Z Downloading python_dateutil-2.9.0.post0-py2.py3-none-any.whl (229 kB)
2026-10-07T07:59:18.3780419Z Downloading pytz-2026.5-py2.py3-none-any.whl (506 kB)
2026-10-07T07:59:18.3855409Z Downloading six-1.17.0-py2.py3-none-any.whl (11 kB)
2026-10-07T07:59:18.3907115Z Downloading tzdata-2026.5-py2.py3-none-any.whl (347 kB)
2026-10-07T07:59:18.6375589Z Installing collected packages: pytz, urllib3, tzdata, six, numpy, llvmlite, idna, charset_normalizer, certifi, requests, python-dateutil, numba, pandas
2026-10-07T07:59:28.8219377Z 
2026-10-07T07:59:28.8238907Z Successfully installed certifi-2026.7.22 charset_normalizer-3.5.2 idna-3.20 llvmlite-0.45.1 numba-0.62.1 numpy-2.3.3 pandas-2.3.3 python-dateutil-2.9.0.post0 pytz-2026.5 requests-2.32.5 six-1.17.0 tzdata-2026.5 urllib3-2.8.0
2026-10-07T07:59:28.8994792Z ##[group]Run actions/download-artifact@v4
2026-10-07T07:59:28.8995112Z with:
2026-10-07T07:59:28.8995340Z   name: daily-breakdown-account-v26-dev
2026-10-07T07:59:28.8995624Z   path: parts/dev
2026-10-07T07:59:28.8995847Z   merge-multiple: false
2026-10-07T07:59:28.8996091Z   repository: duuu-hub/bb-scanner
2026-10-07T07:59:28.8996337Z   run-id: 37590305587
2026-10-07T07:59:28.8996540Z env:
2026-10-07T07:59:28.8999159Z   GH_TOKEN: ***
2026-10-07T07:59:28.8999479Z   pythonLocation: /opt/hostedtoolcache/Python/3.12.14/x64
2026-10-07T07:59:28.8999917Z   PKG_CONFIG_PATH: /opt/hostedtoolcache/Python/3.12.14/x64/lib/pkgconfig
2026-10-07T07:59:28.9000344Z   Python_ROOT_DIR: /opt/hostedtoolcache/Python/3.12.14/x64
2026-10-07T07:59:28.9000727Z   Python2_ROOT_DIR: /opt/hostedtoolcache/Python/3.12.14/x64
2026-10-07T07:59:28.9001113Z   Python3_ROOT_DIR: /opt/hostedtoolcache/Python/3.12.14/x64
2026-10-07T07:59:28.9001493Z   LD_LIBRARY_PATH: /opt/hostedtoolcache/Python/3.12.14/x64/lib
2026-10-07T07:59:28.9001848Z ##[endgroup]
2026-10-07T07:59:29.0468214Z Downloading single artifact
2026-10-07T07:59:29.0613871Z (node:2372) [DEP0040] DeprecationWarning: The `punycode` module is deprecated. Please use a userland alternative instead.
2026-10-07T07:59:29.0614786Z (Use `node --trace-deprecation ...` to show where the warning was created)
2026-10-07T07:59:29.1791705Z Preparing to download the following artifacts:
2026-10-07T07:59:29.1792967Z - daily-breakdown-account-v26-dev (ID: 11467809709, Size: 1837362, Expected Digest: sha256:549675a67849cd53b44997cd16bba32635b4fc220845c211920bd89da2501567)
2026-10-07T07:59:29.3366780Z Redirecting to blob download url: https://productionresultssa19.blob.core.windows.net/actions-results/95714451-083c-8a1a-b853-04df24e45e3b/workflow-job-run-5619d520-335f-5c37-a98d-70b2f985c17a/artifacts/6852b8f429cc154ce3c95335c249ed3f9411f73ce002274a755cf82bddbd90f2.zip
2026-10-07T07:59:29.3369442Z Starting download of artifact to: /home/runner/work/bb-scanner/bb-scanner/parts/dev
2026-10-07T07:59:29.4598538Z (node:2372) [DEP0005] DeprecationWarning: Buffer() is deprecated due to security and usability issues. Please use the Buffer.alloc(), Buffer.allocUnsafe(), or Buffer.from() methods instead.
2026-10-07T07:59:29.6407344Z SHA256 digest of downloaded artifact is 549675a67849cd53b44997cd16bba32635b4fc220845c211920bd89da2501567
2026-10-07T07:59:29.6408536Z Artifact download completed successfully.
2026-10-07T07:59:29.6409099Z Total of 1 artifact(s) downloaded
2026-10-07T07:59:29.6414642Z Download artifact has finished successfully
2026-10-07T07:59:29.6553243Z ##[group]Run actions/download-artifact@v4
2026-10-07T07:59:29.6553594Z with:
2026-10-07T07:59:29.6553846Z   pattern: daily-breakdown-account-v26-gate-*
2026-10-07T07:59:29.6554159Z   path: parts/gate
2026-10-07T07:59:29.6554385Z   merge-multiple: false
2026-10-07T07:59:29.6554632Z   repository: duuu-hub/bb-scanner
2026-10-07T07:59:29.6554884Z   run-id: 37590305587
2026-10-07T07:59:29.6555091Z env:
2026-10-07T07:59:29.6557437Z   GH_TOKEN: ***
2026-10-07T07:59:29.6557743Z   pythonLocation: /opt/hostedtoolcache/Python/3.12.14/x64
2026-10-07T07:59:29.6558198Z   PKG_CONFIG_PATH: /opt/hostedtoolcache/Python/3.12.14/x64/lib/pkgconfig
2026-10-07T07:59:29.6558635Z   Python_ROOT_DIR: /opt/hostedtoolcache/Python/3.12.14/x64
2026-10-07T07:59:29.6559039Z   Python2_ROOT_DIR: /opt/hostedtoolcache/Python/3.12.14/x64
2026-10-07T07:59:29.6559426Z   Python3_ROOT_DIR: /opt/hostedtoolcache/Python/3.12.14/x64
2026-10-07T07:59:29.6559834Z   LD_LIBRARY_PATH: /opt/hostedtoolcache/Python/3.12.14/x64/lib
2026-10-07T07:59:29.6560195Z ##[endgroup]
2026-10-07T07:59:29.8215910Z (node:2384) [DEP0040] DeprecationWarning: The `punycode` module is deprecated. Please use a userland alternative instead.
2026-10-07T07:59:29.8217222Z (Use `node --trace-deprecation ...` to show where the warning was created)
2026-10-07T07:59:29.9455056Z Found 12 artifact(s)
2026-10-07T07:59:29.9456221Z Filtering artifacts by pattern 'daily-breakdown-account-v26-gate-*'
2026-10-07T07:59:29.9480257Z Preparing to download the following artifacts:
2026-10-07T07:59:29.9481626Z - daily-breakdown-account-v26-gate-4 (ID: 11468825713, Size: 175583, Expected Digest: sha256:040a4eca0e9eed557838afd35827caaf08ff33eb19e5ba7a01d27ceb65c050a2)
2026-10-07T07:59:29.9484170Z - daily-breakdown-account-v26-gate-1 (ID: 11468761121, Size: 198353, Expected Digest: sha256:b1acedc3c8ebbe529004f995d4d9ba5b12e9bcff8a7d82b28c48fff744b47f86)
2026-10-07T07:59:29.9486337Z - daily-breakdown-account-v26-gate-5 (ID: 11468336460, Size: 178311, Expected Digest: sha256:532918cc74905d53d40c932fff9df5275b819bebd87d20d816e3dab511620e42)
2026-10-07T07:59:29.9488503Z - daily-breakdown-account-v26-gate-0 (ID: 11468187943, Size: 211870, Expected Digest: sha256:57e2fed7b96db53de6a426b6346552202d9f69b1325170fe1ef88b9326a98ba4)
2026-10-07T07:59:29.9490694Z - daily-breakdown-account-v26-gate-2 (ID: 11468088685, Size: 204655, Expected Digest: sha256:8af06c57f3061359e2ddf9aad8d4d59c86818868fcac46eaafcf5874bc2c1fa4)
2026-10-07T07:59:29.9493144Z - daily-breakdown-account-v26-gate-7 (ID: 11468009120, Size: 168311, Expected Digest: sha256:2506317e17c755b3525851318e7742093bb83f979fc0d6775160edfc4dfcb8a1)
2026-10-07T07:59:29.9495249Z - daily-breakdown-account-v26-gate-6 (ID: 11467934531, Size: 147632, Expected Digest: sha256:43451d47db0ecfb7a0dd6e26f1851f62b6dc0f69ceb4f06653083fe7938f3a40)
2026-10-07T07:59:29.9497408Z - daily-breakdown-account-v26-gate-3 (ID: 11467829744, Size: 171938, Expected Digest: sha256:6f55a781b0e0f1544ebba023ab868e001b522f3d53400b1d60bc2f1ce4bdd85f)
2026-10-07T07:59:30.1135866Z Redirecting to blob download url: https://productionresultssa19.blob.core.windows.net/actions-results/95714451-083c-8a1a-b853-04df24e45e3b/workflow-job-run-5a38c708-8263-56dc-922f-ede282f43c44/artifacts/dde1a1f84026021392dab5fc6029905a381dac0f3866fb42a7f0d662743ec90c.zip
2026-10-07T07:59:30.1138207Z Starting download of artifact to: /home/runner/work/bb-scanner/bb-scanner/parts/gate/daily-breakdown-account-v26-gate-4
2026-10-07T07:59:30.1424000Z Redirecting to blob download url: https://productionresultssa19.blob.core.windows.net/actions-results/95714451-083c-8a1a-b853-04df24e45e3b/workflow-job-run-0f0fe56f-d30d-5ddc-9041-03f3c0531efb/artifacts/79c05b2117ca62130470579daae8a7d05974e2c42f433b1c04ee7c699e91282c.zip
2026-10-07T07:59:30.1425941Z Starting download of artifact to: /home/runner/work/bb-scanner/bb-scanner/parts/gate/daily-breakdown-account-v26-gate-7
2026-10-07T07:59:30.1442922Z Redirecting to blob download url: https://productionresultssa19.blob.core.windows.net/actions-results/95714451-083c-8a1a-b853-04df24e45e3b/workflow-job-run-9c7cab1f-567b-5d7b-8a9b-8221cf2def98/artifacts/9aa4dd22b3867d8190746360c338d2981125ac69a727111f88ec0f6d155adacd.zip
2026-10-07T07:59:30.1445715Z Starting download of artifact to: /home/runner/work/bb-scanner/bb-scanner/parts/gate/daily-breakdown-account-v26-gate-5
2026-10-07T07:59:30.1498561Z Redirecting to blob download url: https://productionresultssa19.blob.core.windows.net/actions-results/95714451-083c-8a1a-b853-04df24e45e3b/workflow-job-run-b3fcd6a8-60c4-53a6-b0a4-acc0fa8c0daf/artifacts/b222b168e26814f39395085e349e1a37b5b6ecb069deb1080623bd91ed372f2d.zip
2026-10-07T07:59:30.1500552Z Starting download of artifact to: /home/runner/work/bb-scanner/bb-scanner/parts/gate/daily-breakdown-account-v26-gate-6
2026-10-07T07:59:30.1661974Z Redirecting to blob download url: https://productionresultssa19.blob.core.windows.net/actions-results/95714451-083c-8a1a-b853-04df24e45e3b/workflow-job-run-8165d55c-4796-591e-adb9-a5d4d9cb30c5/artifacts/850cbde3fe4c93f7894b38c1ffd9639f526abd187657a2c59c69088fb073fbb4.zip
2026-10-07T07:59:30.1665103Z Starting download of artifact to: /home/runner/work/bb-scanner/bb-scanner/parts/gate/daily-breakdown-account-v26-gate-1
2026-10-07T07:59:30.1690384Z Redirecting to blob download url: https://productionresultssa19.blob.core.windows.net/actions-results/95714451-083c-8a1a-b853-04df24e45e3b/workflow-job-run-82dd6d74-e654-585e-ae14-9c8d5eef2a98/artifacts/0ab3ca05beaf2936a8613e15f0558909b6c3f025fabf9ec56dfdd845059f9391.zip
2026-10-07T07:59:30.1692770Z Starting download of artifact to: /home/runner/work/bb-scanner/bb-scanner/parts/gate/daily-breakdown-account-v26-gate-3
2026-10-07T07:59:30.1726553Z Redirecting to blob download url: https://productionresultssa19.blob.core.windows.net/actions-results/95714451-083c-8a1a-b853-04df24e45e3b/workflow-job-run-c6afb5a1-1339-5b11-b6fe-e9f54cb7f4d5/artifacts/f3f6a2e9f1a390f9d8b174f0036b2349952181ba6ddd51adc5566f33748991a9.zip
2026-10-07T07:59:30.1728119Z Starting download of artifact to: /home/runner/work/bb-scanner/bb-scanner/parts/gate/daily-breakdown-account-v26-gate-0
2026-10-07T07:59:30.1737836Z Redirecting to blob download url: https://productionresultssa19.blob.core.windows.net/actions-results/95714451-083c-8a1a-b853-04df24e45e3b/workflow-job-run-b7c3308d-b8d0-558d-858b-a9faf7bf2eaf/artifacts/6fcbd9d235ee85e1756c3985228b929f23d972178492f4e1bdd2a89449093ba8.zip
2026-10-07T07:59:30.1740089Z Starting download of artifact to: /home/runner/work/bb-scanner/bb-scanner/parts/gate/daily-breakdown-account-v26-gate-2
2026-10-07T07:59:30.2274484Z (node:2384) [DEP0005] DeprecationWarning: Buffer() is deprecated due to security and usability issues. Please use the Buffer.alloc(), Buffer.allocUnsafe(), or Buffer.from() methods instead.
2026-10-07T07:59:30.2894615Z SHA256 digest of downloaded artifact is 040a4eca0e9eed557838afd35827caaf08ff33eb19e5ba7a01d27ceb65c050a2
2026-10-07T07:59:30.2896013Z Artifact download completed successfully.
2026-10-07T07:59:30.2992271Z SHA256 digest of downloaded artifact is 532918cc74905d53d40c932fff9df5275b819bebd87d20d816e3dab511620e42
2026-10-07T07:59:30.2993731Z Artifact download completed successfully.
2026-10-07T07:59:30.3043501Z SHA256 digest of downloaded artifact is 2506317e17c755b3525851318e7742093bb83f979fc0d6775160edfc4dfcb8a1
2026-10-07T07:59:30.3044641Z Artifact download completed successfully.
2026-10-07T07:59:30.3260087Z SHA256 digest of downloaded artifact is 6f55a781b0e0f1544ebba023ab868e001b522f3d53400b1d60bc2f1ce4bdd85f
2026-10-07T07:59:30.3261255Z Artifact download completed successfully.
2026-10-07T07:59:30.3383547Z SHA256 digest of downloaded artifact is 8af06c57f3061359e2ddf9aad8d4d59c86818868fcac46eaafcf5874bc2c1fa4
2026-10-07T07:59:30.3384691Z Artifact download completed successfully.
2026-10-07T07:59:30.3389028Z SHA256 digest of downloaded artifact is 43451d47db0ecfb7a0dd6e26f1851f62b6dc0f69ceb4f06653083fe7938f3a40
2026-10-07T07:59:30.3390591Z Artifact download completed successfully.
2026-10-07T07:59:30.3402875Z SHA256 digest of downloaded artifact is b1acedc3c8ebbe529004f995d4d9ba5b12e9bcff8a7d82b28c48fff744b47f86
2026-10-07T07:59:30.3404431Z Artifact download completed successfully.
2026-10-07T07:59:30.3488063Z SHA256 digest of downloaded artifact is 57e2fed7b96db53de6a426b6346552202d9f69b1325170fe1ef88b9326a98ba4
2026-10-07T07:59:30.3489205Z Artifact download completed successfully.
2026-10-07T07:59:30.3489883Z Total of 8 artifact(s) downloaded
2026-10-07T07:59:30.3495895Z Download artifact has finished successfully
2026-10-07T07:59:30.3666727Z ##[group]Run actions/download-artifact@v4
2026-10-07T07:59:30.3667108Z with:
2026-10-07T07:59:30.3667374Z   name: daily-breakdown-account-v26-market
2026-10-07T07:59:30.3667728Z   path: account-market
2026-10-07T07:59:30.3668005Z   merge-multiple: false
2026-10-07T07:59:30.3668299Z   repository: duuu-hub/bb-scanner
2026-10-07T07:59:30.3668612Z   run-id: 37590305587
2026-10-07T07:59:30.3668865Z env:
2026-10-07T07:59:30.3671317Z   GH_TOKEN: ***
2026-10-07T07:59:30.3671680Z   pythonLocation: /opt/hostedtoolcache/Python/3.12.14/x64
2026-10-07T07:59:30.3672193Z   PKG_CONFIG_PATH: /opt/hostedtoolcache/Python/3.12.14/x64/lib/pkgconfig
2026-10-07T07:59:30.3673035Z   Python_ROOT_DIR: /opt/hostedtoolcache/Python/3.12.14/x64
2026-10-07T07:59:30.3673493Z   Python2_ROOT_DIR: /opt/hostedtoolcache/Python/3.12.14/x64
2026-10-07T07:59:30.3673946Z   Python3_ROOT_DIR: /opt/hostedtoolcache/Python/3.12.14/x64
2026-10-07T07:59:30.3674395Z   LD_LIBRARY_PATH: /opt/hostedtoolcache/Python/3.12.14/x64/lib
2026-10-07T07:59:30.3674809Z ##[endgroup]
2026-10-07T07:59:30.5219637Z Downloading single artifact
2026-10-07T07:59:30.5369834Z (node:2397) [DEP0040] DeprecationWarning: The `punycode` module is deprecated. Please use a userland alternative instead.
2026-10-07T07:59:30.5370868Z (Use `node --trace-deprecation ...` to show where the warning was created)
2026-10-07T07:59:30.6624925Z Preparing to download the following artifacts:
2026-10-07T07:59:30.6626082Z - daily-breakdown-account-v26-market (ID: 11468396430, Size: 1378253288, Expected Digest: sha256:084e4988de70813b5c591ddce4698466966a2da7370c6a9cb38d1733fe1cebd0)
2026-10-07T07:59:30.7996682Z Redirecting to blob download url: https://productionresultssa19.blob.core.windows.net/actions-results/95714451-083c-8a1a-b853-04df24e45e3b/workflow-job-run-3ac5d93d-4238-55b4-bc16-47f319c4eced/artifacts/a9419f2b29f889cb369543bf2803e80c825a2e4eb4fb7a5fe6a5fa58feeb9f4c.zip
2026-10-07T07:59:30.7999115Z Starting download of artifact to: /home/runner/work/bb-scanner/bb-scanner/account-market
2026-10-07T07:59:30.9696953Z (node:2397) [DEP0005] DeprecationWarning: Buffer() is deprecated due to security and usability issues. Please use the Buffer.alloc(), Buffer.allocUnsafe(), or Buffer.from() methods instead.
2026-10-07T07:59:49.0952632Z SHA256 digest of downloaded artifact is 084e4988de70813b5c591ddce4698466966a2da7370c6a9cb38d1733fe1cebd0
2026-10-07T07:59:49.0953641Z Artifact download completed successfully.
2026-10-07T07:59:49.0954050Z Total of 1 artifact(s) downloaded
2026-10-07T07:59:49.0959740Z Download artifact has finished successfully
2026-10-07T07:59:49.2525434Z ##[group]Run set -euo pipefail
2026-10-07T07:59:49.2525871Z [36;1mset -euo pipefail[0m
2026-10-07T07:59:49.2526596Z [36;1mpython scripts/daily_breakdown_account_v26.py accounts --data account-market --parts parts/dev parts/gate --probe-index 0 --out result-0[0m
2026-10-07T07:59:49.2594078Z shell: /usr/bin/bash --noprofile --norc -e -o pipefail {0}
2026-10-07T07:59:49.2594502Z env:
2026-10-07T07:59:49.2596946Z   GH_TOKEN: ***
2026-10-07T07:59:49.2597302Z   pythonLocation: /opt/hostedtoolcache/Python/3.12.14/x64
2026-10-07T07:59:49.2597822Z   PKG_CONFIG_PATH: /opt/hostedtoolcache/Python/3.12.14/x64/lib/pkgconfig
2026-10-07T07:59:49.2598323Z   Python_ROOT_DIR: /opt/hostedtoolcache/Python/3.12.14/x64
2026-10-07T07:59:49.2598781Z   Python2_ROOT_DIR: /opt/hostedtoolcache/Python/3.12.14/x64
2026-10-07T07:59:49.2599226Z   Python3_ROOT_DIR: /opt/hostedtoolcache/Python/3.12.14/x64
2026-10-07T07:59:49.2599699Z   LD_LIBRARY_PATH: /opt/hostedtoolcache/Python/3.12.14/x64/lib
2026-10-07T07:59:49.2600127Z ##[endgroup]
2026-10-07T08:01:07.8502878Z V26_ACCOUNT DEV__DAILY_S-1_D05_ANY_A15__H672__R20__20bp__guarded {"trades": 558, "net_return_pct": 15.406171930549228, "mdd_15m_pct": 11.550862686087191, "pf": 1.1816479841061187, "day_ge_0_7_pct": 5.861664712778429}
2026-10-07T08:01:12.5624167Z V26_ACCOUNT DEV__DAILY_S-1_D05_ANY_A15__H672__R20__20bp__unguarded_diagnostic {"trades": 557, "net_return_pct": 14.18539204427962, "mdd_15m_pct": 13.17609695424567, "pf": 1.1612039530227247, "day_ge_0_7_pct": 5.978898007033997}
2026-10-07T08:01:17.2787278Z V26_ACCOUNT DEV__DAILY_S-1_D05_ANY_A15__H672__R20__40bp__guarded {"trades": 553, "net_return_pct": 11.672327528304693, "mdd_15m_pct": 11.981201718119571, "pf": 1.1416239059795674, "day_ge_0_7_pct": 5.1582649472450175}
2026-10-07T08:01:21.9868074Z V26_ACCOUNT DEV__DAILY_S-1_D05_ANY_A15__H672__R20__40bp__unguarded_diagnostic {"trades": 556, "net_return_pct": 10.173280824790343, "mdd_15m_pct": 13.823035405927456, "pf": 1.1172308236718804, "day_ge_0_7_pct": 5.509964830011723}
2026-10-07T08:01:24.2334403Z V26_ACCOUNT GATE__DAILY_S-1_D05_ANY_A15__H672__R20__20bp__guarded {"trades": 254, "net_return_pct": 10.233483134353992, "mdd_15m_pct": 6.099968373904545, "pf": 1.3220481636324555, "day_ge_0_7_pct": 6.539509536784741}
2026-10-07T08:01:26.4652146Z V26_ACCOUNT GATE__DAILY_S-1_D05_ANY_A15__H672__R20__20bp__unguarded_diagnostic {"trades": 254, "net_return_pct": 10.233483134353992, "mdd_15m_pct": 6.099968373904545, "pf": 1.3220481636324555, "day_ge_0_7_pct": 6.539509536784741}
2026-10-07T08:01:28.6923468Z V26_ACCOUNT GATE__DAILY_S-1_D05_ANY_A15__H672__R20__40bp__guarded {"trades": 253, "net_return_pct": 8.554392928153721, "mdd_15m_pct": 6.208842676737865, "pf": 1.2695396859808228, "day_ge_0_7_pct": 6.539509536784741}
2026-10-07T08:01:30.9178519Z V26_ACCOUNT GATE__DAILY_S-1_D05_ANY_A15__H672__R20__40bp__unguarded_diagnostic {"trades": 253, "net_return_pct": 8.554392928153721, "mdd_15m_pct": 6.208842676737865, "pf": 1.2695396859808228, "day_ge_0_7_pct": 6.539509536784741}
2026-10-07T08:01:31.0091899Z ##[group]Run actions/upload-artifact@v4
2026-10-07T08:01:31.0092270Z with:
2026-10-07T08:01:31.0092928Z   name: daily-breakdown-account-v26-results-0
2026-10-07T08:01:31.0093520Z   path: result-0/
2026-10-07T08:01:31.0093953Z   retention-days: 30
2026-10-07T08:01:31.0094234Z   compression-level: 0
2026-10-07T08:01:31.0094517Z   if-no-files-found: warn
2026-10-07T08:01:31.0094798Z   overwrite: false
2026-10-07T08:01:31.0095071Z   include-hidden-files: false
2026-10-07T08:01:31.0095369Z env:
2026-10-07T08:01:31.0097772Z   GH_TOKEN: ***
2026-10-07T08:01:31.0098132Z   pythonLocation: /opt/hostedtoolcache/Python/3.12.14/x64
2026-10-07T08:01:31.0098647Z   PKG_CONFIG_PATH: /opt/hostedtoolcache/Python/3.12.14/x64/lib/pkgconfig
2026-10-07T08:01:31.0099148Z   Python_ROOT_DIR: /opt/hostedtoolcache/Python/3.12.14/x64
2026-10-07T08:01:31.0099590Z   Python2_ROOT_DIR: /opt/hostedtoolcache/Python/3.12.14/x64
2026-10-07T08:01:31.0100263Z   Python3_ROOT_DIR: /opt/hostedtoolcache/Python/3.12.14/x64
2026-10-07T08:01:31.0100748Z   LD_LIBRARY_PATH: /opt/hostedtoolcache/Python/3.12.14/x64/lib
2026-10-07T08:01:31.0101137Z ##[endgroup]
2026-10-07T08:01:31.1713417Z (node:2443) [DEP0040] DeprecationWarning: The `punycode` module is deprecated. Please use a userland alternative instead.
2026-10-07T08:01:31.1714244Z (Use `node --trace-deprecation ...` to show where the warning was created)
2026-10-07T08:01:31.1850681Z With the provided path, there will be 30 files uploaded
2026-10-07T08:01:31.1857422Z Artifact name is valid!
2026-10-07T08:01:31.1858278Z Root directory input is valid!
2026-10-07T08:01:31.4275383Z Beginning upload of artifact content to blob storage
2026-10-07T08:01:31.4954770Z (node:2443) [DEP0169] DeprecationWarning: `url.parse()` behavior is not standardized and prone to errors that have security implications. Use the WHATWG URL API instead. CVEs are not issued for `url.parse()` vulnerabilities.
2026-10-07T08:01:31.9157825Z Uploaded bytes 8388608
2026-10-07T08:01:32.0840227Z Uploaded bytes 10843432
2026-10-07T08:01:32.1165440Z Finished uploading artifact content to blob storage!
2026-10-07T08:01:32.1166717Z SHA256 digest of uploaded artifact zip is 59666e96013f628b2db5a37335f3f0829045f92de63257887e7e319178c73ace
2026-10-07T08:01:32.1168602Z Finalizing artifact upload
2026-10-07T08:01:32.3557222Z Artifact daily-breakdown-account-v26-results-0.zip successfully finalized. Artifact ID 11468278424
2026-10-07T08:01:32.3559144Z Artifact daily-breakdown-account-v26-results-0 has been successfully uploaded! Final size is 10843432 bytes. Artifact ID is 11468278424
2026-10-07T08:01:32.3565232Z Artifact download URL: https://github.com/duuu-hub/bb-scanner/actions/runs/37590305587/artifacts/11468278424
2026-10-07T08:01:32.3745114Z Post job cleanup.
2026-10-07T08:01:32.4969002Z (node:2457) [DEP0040] DeprecationWarning: The `punycode` module is deprecated. Please use a userland alternative instead.
2026-10-07T08:01:32.4969908Z (Use `node --trace-deprecation ...` to show where the warning was created)
2026-10-07T08:01:32.5141575Z Post job cleanup.
2026-10-07T08:01:32.6011641Z [command]/usr/bin/git version
2026-10-07T08:01:32.6063189Z git version 2.55.0
2026-10-07T08:01:32.6097603Z Temporarily overriding HOME='/home/runner/work/_temp/860e2acf-cc30-419d-b39f-47a23c1c2f9c' before making global git config changes
2026-10-07T08:01:32.6099365Z Adding repository directory to the temporary git global config as a safe directory
2026-10-07T08:01:32.6104586Z [command]/usr/bin/git config --global --add safe.directory /home/runner/work/bb-scanner/bb-scanner
2026-10-07T08:01:32.6142986Z [command]/usr/bin/git config --local --name-only --get-regexp core\.sshCommand
2026-10-07T08:01:32.6179456Z [command]/usr/bin/git submodule foreach --recursive sh -c "git config --local --name-only --get-regexp 'core\.sshCommand' && git config --local --unset-all 'core.sshCommand' || :"
2026-10-07T08:01:32.6441589Z [command]/usr/bin/git config --local --name-only --get-regexp http\.https\:\/\/github\.com\/\.extraheader
2026-10-07T08:01:32.6472606Z http.https://github.com/.extraheader
2026-10-07T08:01:32.6484594Z [command]/usr/bin/git config --local --unset-all http.https://github.com/.extraheader
2026-10-07T08:01:32.6520128Z [command]/usr/bin/git submodule foreach --recursive sh -c "git config --local --name-only --get-regexp 'http\.https\:\/\/github\.com\/\.extraheader' && git config --local --unset-all 'http.https://github.com/.extraheader' || :"
2026-10-07T08:01:32.6880387Z [command]/usr/bin/git config --local --name-only --get-regexp ^includeIf\.gitdir:
2026-10-07T08:01:32.6914890Z [command]/usr/bin/git submodule foreach --recursive git config --local --show-origin --name-only --get-regexp remote.origin.url
2026-10-07T08:01:32.7377263Z Cleaning up orphan processes
2026-10-07T08:01:32.7692068Z ##[warning]Node.js 20 is deprecated. The following actions target Node.js 20 but are being forced to run on Node.js 24: actions/checkout@v4, actions/download-artifact@v4, actions/setup-python@v5, actions/upload-artifact@v4. For more information see: https://github.blog/changelog/2025-09-19-deprecation-of-node-20-on-github-actions-runners/
