2026-10-07T07:56:59.9627394Z Current runner version: '2.337.0'
2026-10-07T07:56:59.9653105Z ##[group]Runner Image Provisioner
2026-10-07T07:56:59.9654065Z Hosted Compute Agent
2026-10-07T07:56:59.9654677Z Version: 20261002.596
2026-10-07T07:56:59.9655373Z Commit: c3d12f3313a95f25162a1503be624f3b0617f8c0
2026-10-07T07:56:59.9656332Z Build Date: 2026-10-02T22:28:27Z
2026-10-07T07:56:59.9657050Z Worker ID: {05eca09d-e690-4e3a-a6a7-3d91b8b35ff6}
2026-10-07T07:56:59.9657774Z Region: westcentralus
2026-10-07T07:56:59.9658360Z Cloud: Azure
2026-10-07T07:56:59.9658925Z ##[endgroup]
2026-10-07T07:56:59.9660539Z ##[group]Operating System
2026-10-07T07:56:59.9661288Z Ubuntu
2026-10-07T07:56:59.9661858Z 24.04.5
2026-10-07T07:56:59.9662364Z LTS
2026-10-07T07:56:59.9662911Z ##[endgroup]
2026-10-07T07:56:59.9663469Z ##[group]Runner Image
2026-10-07T07:56:59.9664035Z Image: ubuntu-24.04
2026-10-07T07:56:59.9664646Z Version: 20261004.327.1
2026-10-07T07:56:59.9666740Z Included Software: https://github.com/actions/runner-images/blob/ubuntu24/20261004.327/images/ubuntu/Ubuntu2404-Readme.md
2026-10-07T07:56:59.9668459Z Image Release: https://github.com/actions/runner-images/releases/tag/ubuntu24%2F20261004.327
2026-10-07T07:56:59.9669419Z ##[endgroup]
2026-10-07T07:56:59.9670770Z ##[group]GITHUB_TOKEN Permissions
2026-10-07T07:56:59.9672951Z Actions: read
2026-10-07T07:56:59.9673621Z Contents: read
2026-10-07T07:56:59.9674189Z Metadata: read
2026-10-07T07:56:59.9674817Z ##[endgroup]
2026-10-07T07:56:59.9677109Z Secret source: Actions
2026-10-07T07:56:59.9678144Z Cache mode: write
2026-10-07T07:56:59.9678882Z Prepare workflow directory
2026-10-07T07:57:00.0264168Z Prepare all required actions
2026-10-07T07:57:00.0312174Z Getting action download info
2026-10-07T07:57:00.3309603Z Download action repository 'actions/checkout@v4' (SHA:11d5960a326750d5838078e36cf38b85af677262)
2026-10-07T07:57:00.4219248Z Download action repository 'actions/setup-python@v5' (SHA:a26af69be951a213d495a4c3e4e4022e16d87065)
2026-10-07T07:57:00.5052126Z Download action repository 'actions/upload-artifact@v4' (SHA:ea165f8d65b6e75b540449e92b4886f43607fa02)
2026-10-07T07:57:00.7074021Z Complete job name: gate_scan (5)
2026-10-07T07:57:00.7790401Z ##[group]Run actions/checkout@v4
2026-10-07T07:57:00.7791274Z with:
2026-10-07T07:57:00.7791722Z   repository: duuu-hub/bb-scanner
2026-10-07T07:57:00.7795497Z   token: ***
2026-10-07T07:57:00.7796146Z   ssh-strict: true
2026-10-07T07:57:00.7796590Z   ssh-user: git
2026-10-07T07:57:00.7797074Z   persist-credentials: true
2026-10-07T07:57:00.7797573Z   clean: true
2026-10-07T07:57:00.7798018Z   sparse-checkout-cone-mode: true
2026-10-07T07:57:00.7798532Z   fetch-depth: 1
2026-10-07T07:57:00.7798957Z   fetch-tags: false
2026-10-07T07:57:00.7799392Z   show-progress: true
2026-10-07T07:57:00.7799834Z   lfs: false
2026-10-07T07:57:00.7800241Z   submodules: false
2026-10-07T07:57:00.7800680Z   set-safe-directory: true
2026-10-07T07:57:00.7801183Z   allow-unsafe-pr-checkout: false
2026-10-07T07:57:00.7801955Z env:
2026-10-07T07:57:00.7805789Z   GH_TOKEN: ***
2026-10-07T07:57:00.7806249Z ##[endgroup]
2026-10-07T07:57:00.8833249Z Syncing repository: duuu-hub/bb-scanner
2026-10-07T07:57:00.8835182Z ##[group]Getting Git version info
2026-10-07T07:57:00.8836274Z Working directory is '/home/runner/work/bb-scanner/bb-scanner'
2026-10-07T07:57:00.8837450Z [command]/usr/bin/git version
2026-10-07T07:57:00.8897430Z git version 2.55.0
2026-10-07T07:57:00.8927333Z ##[endgroup]
2026-10-07T07:57:00.8939817Z Temporarily overriding HOME='/home/runner/work/_temp/0ce9e0b4-7cdc-4175-9fac-67ad38a103d3' before making global git config changes
2026-10-07T07:57:00.8942312Z Adding repository directory to the temporary git global config as a safe directory
2026-10-07T07:57:00.8946702Z [command]/usr/bin/git config --global --add safe.directory /home/runner/work/bb-scanner/bb-scanner
2026-10-07T07:57:00.8999241Z Deleting the contents of '/home/runner/work/bb-scanner/bb-scanner'
2026-10-07T07:57:00.9003407Z ##[group]Initializing the repository
2026-10-07T07:57:00.9008659Z [command]/usr/bin/git init /home/runner/work/bb-scanner/bb-scanner
2026-10-07T07:57:00.9108949Z hint: Using 'master' as the name for the initial branch. This default branch name
2026-10-07T07:57:00.9110646Z hint: will change to "main" in Git 3.0. To configure the initial branch name
2026-10-07T07:57:00.9111912Z hint: to use in all of your new repositories, which will suppress this warning,
2026-10-07T07:57:00.9112661Z hint: call:
2026-10-07T07:57:00.9113073Z hint:
2026-10-07T07:57:00.9113586Z hint: 	git config --global init.defaultBranch <name>
2026-10-07T07:57:00.9114219Z hint:
2026-10-07T07:57:00.9114798Z hint: Names commonly chosen instead of 'master' are 'main', 'trunk' and
2026-10-07T07:57:00.9116031Z hint: 'development'. The just-created branch can be renamed via this command:
2026-10-07T07:57:00.9116798Z hint:
2026-10-07T07:57:00.9117220Z hint: 	git branch -m <name>
2026-10-07T07:57:00.9117716Z hint:
2026-10-07T07:57:00.9118350Z hint: Disable this message with "git config set advice.defaultBranchName false"
2026-10-07T07:57:00.9124409Z Initialized empty Git repository in /home/runner/work/bb-scanner/bb-scanner/.git/
2026-10-07T07:57:00.9136784Z [command]/usr/bin/git remote add origin https://github.com/duuu-hub/bb-scanner
2026-10-07T07:57:00.9183526Z ##[endgroup]
2026-10-07T07:57:00.9184724Z ##[group]Disabling automatic garbage collection
2026-10-07T07:57:00.9187833Z [command]/usr/bin/git config --local gc.auto 0
2026-10-07T07:57:00.9242177Z ##[endgroup]
2026-10-07T07:57:00.9244290Z ##[group]Setting up auth
2026-10-07T07:57:00.9245291Z [command]/usr/bin/git config --local --name-only --get-regexp core\.sshCommand
2026-10-07T07:57:00.9270851Z [command]/usr/bin/git submodule foreach --recursive sh -c "git config --local --name-only --get-regexp 'core\.sshCommand' && git config --local --unset-all 'core.sshCommand' || :"
2026-10-07T07:57:00.9648786Z [command]/usr/bin/git config --local --name-only --get-regexp http\.https\:\/\/github\.com\/\.extraheader
2026-10-07T07:57:00.9693383Z [command]/usr/bin/git submodule foreach --recursive sh -c "git config --local --name-only --get-regexp 'http\.https\:\/\/github\.com\/\.extraheader' && git config --local --unset-all 'http.https://github.com/.extraheader' || :"
2026-10-07T07:57:00.9926891Z [command]/usr/bin/git config --local --name-only --get-regexp ^includeIf\.gitdir:
2026-10-07T07:57:00.9964709Z [command]/usr/bin/git submodule foreach --recursive git config --local --show-origin --name-only --get-regexp remote.origin.url
2026-10-07T07:57:01.0215191Z [command]/usr/bin/git config --local http.https://github.com/.extraheader AUTHORIZATION: basic ***
2026-10-07T07:57:01.0260051Z ##[endgroup]
2026-10-07T07:57:01.0261586Z ##[group]Fetching the repository
2026-10-07T07:57:01.0272254Z [command]/usr/bin/git -c protocol.version=2 fetch --no-tags --prune --no-recurse-submodules --depth=1 origin +6ca61ce31e15ffebf6b08e4ae786210d2d2f77ca:refs/remotes/origin/research-daily-breakdown-account-v26
2026-10-07T07:57:02.4888017Z From https://github.com/duuu-hub/bb-scanner
2026-10-07T07:57:02.4890619Z  * [new ref]         6ca61ce31e15ffebf6b08e4ae786210d2d2f77ca -> origin/research-daily-breakdown-account-v26
2026-10-07T07:57:02.4897277Z ##[endgroup]
2026-10-07T07:57:02.4899073Z ##[group]Determining the checkout info
2026-10-07T07:57:02.4901265Z ##[endgroup]
2026-10-07T07:57:02.4902435Z [command]/usr/bin/git sparse-checkout disable
2026-10-07T07:57:02.4965198Z [command]/usr/bin/git config --local --unset-all extensions.worktreeConfig
2026-10-07T07:57:02.5001149Z ##[group]Checking out the ref
2026-10-07T07:57:02.5008281Z [command]/usr/bin/git checkout --progress --force -B research-daily-breakdown-account-v26 refs/remotes/origin/research-daily-breakdown-account-v26
2026-10-07T07:57:02.7358023Z Switched to a new branch 'research-daily-breakdown-account-v26'
2026-10-07T07:57:02.7362208Z branch 'research-daily-breakdown-account-v26' set up to track 'origin/research-daily-breakdown-account-v26'.
2026-10-07T07:57:02.7373591Z ##[endgroup]
2026-10-07T07:57:02.7418317Z [command]/usr/bin/git log -1 --format=%H
2026-10-07T07:57:02.7446406Z 6ca61ce31e15ffebf6b08e4ae786210d2d2f77ca
2026-10-07T07:57:02.7824190Z ##[group]Run actions/setup-python@v5
2026-10-07T07:57:02.7825547Z with:
2026-10-07T07:57:02.7826812Z   python-version: 3.12
2026-10-07T07:57:02.7827943Z   check-latest: false
2026-10-07T07:57:02.7838461Z   token: ***
2026-10-07T07:57:02.7839512Z   update-environment: true
2026-10-07T07:57:02.7840692Z   allow-prereleases: false
2026-10-07T07:57:02.7841844Z   freethreaded: false
2026-10-07T07:57:02.7842887Z env:
2026-10-07T07:57:02.7853012Z   GH_TOKEN: ***
2026-10-07T07:57:02.7854003Z ##[endgroup]
2026-10-07T07:57:02.9187448Z ##[group]Installed versions
2026-10-07T07:57:02.9302643Z (node:2352) [DEP0040] DeprecationWarning: The `punycode` module is deprecated. Please use a userland alternative instead.
2026-10-07T07:57:02.9306882Z (Use `node --trace-deprecation ...` to show where the warning was created)
2026-10-07T07:57:02.9309272Z Successfully set up CPython (3.12.15)
2026-10-07T07:57:02.9311771Z ##[endgroup]
2026-10-07T07:57:02.9491821Z ##[group]Run set -euo pipefail
2026-10-07T07:57:02.9493098Z [36;1mset -euo pipefail[0m
2026-10-07T07:57:02.9494683Z [36;1mpip install pandas==2.3.3 numpy==2.3.3 numba==0.62.1 requests==2.32.5[0m
2026-10-07T07:57:02.9808156Z shell: /usr/bin/bash -e {0}
2026-10-07T07:57:02.9809406Z env:
2026-10-07T07:57:02.9819453Z   GH_TOKEN: ***
2026-10-07T07:57:02.9820673Z   pythonLocation: /opt/hostedtoolcache/Python/3.12.15/x64
2026-10-07T07:57:02.9822568Z   PKG_CONFIG_PATH: /opt/hostedtoolcache/Python/3.12.15/x64/lib/pkgconfig
2026-10-07T07:57:02.9824448Z   Python_ROOT_DIR: /opt/hostedtoolcache/Python/3.12.15/x64
2026-10-07T07:57:02.9826391Z   Python2_ROOT_DIR: /opt/hostedtoolcache/Python/3.12.15/x64
2026-10-07T07:57:02.9828111Z   Python3_ROOT_DIR: /opt/hostedtoolcache/Python/3.12.15/x64
2026-10-07T07:57:02.9829831Z   LD_LIBRARY_PATH: /opt/hostedtoolcache/Python/3.12.15/x64/lib
2026-10-07T07:57:02.9831294Z ##[endgroup]
2026-10-07T07:57:04.1500214Z Collecting pandas==2.3.3
2026-10-07T07:57:04.2491912Z   Downloading pandas-2.3.3-cp312-cp312-manylinux_2_24_x86_64.manylinux_2_28_x86_64.whl.metadata (91 kB)
2026-10-07T07:57:04.5452228Z Collecting numpy==2.3.3
2026-10-07T07:57:04.5655286Z   Downloading numpy-2.3.3-cp312-cp312-manylinux_2_27_x86_64.manylinux_2_28_x86_64.whl.metadata (62 kB)
2026-10-07T07:57:04.6896733Z Collecting numba==0.62.1
2026-10-07T07:57:04.7103534Z   Downloading numba-0.62.1-cp312-cp312-manylinux2014_x86_64.manylinux_2_17_x86_64.whl.metadata (2.8 kB)
2026-10-07T07:57:04.7464627Z Collecting requests==2.32.5
2026-10-07T07:57:04.7657447Z   Downloading requests-2.32.5-py3-none-any.whl.metadata (4.9 kB)
2026-10-07T07:57:04.7989916Z Collecting python-dateutil>=2.8.2 (from pandas==2.3.3)
2026-10-07T07:57:04.8178438Z   Downloading python_dateutil-2.9.0.post0-py2.py3-none-any.whl.metadata (8.4 kB)
2026-10-07T07:57:04.8684288Z Collecting pytz>=2020.1 (from pandas==2.3.3)
2026-10-07T07:57:04.8877785Z   Downloading pytz-2026.5-py2.py3-none-any.whl.metadata (22 kB)
2026-10-07T07:57:04.9189117Z Collecting tzdata>=2022.7 (from pandas==2.3.3)
2026-10-07T07:57:04.9379023Z   Downloading tzdata-2026.5-py2.py3-none-any.whl.metadata (1.4 kB)
2026-10-07T07:57:05.0060207Z Collecting llvmlite<0.46,>=0.45.0dev0 (from numba==0.62.1)
2026-10-07T07:57:05.0256855Z   Downloading llvmlite-0.45.1-cp312-cp312-manylinux2014_x86_64.manylinux_2_17_x86_64.whl.metadata (4.9 kB)
2026-10-07T07:57:05.1633045Z Collecting charset_normalizer<4,>=2 (from requests==2.32.5)
2026-10-07T07:57:05.1826773Z   Downloading charset_normalizer-3.5.2-cp312-cp312-manylinux2014_x86_64.manylinux_2_17_x86_64.manylinux_2_28_x86_64.whl.metadata (46 kB)
2026-10-07T07:57:05.2168059Z Collecting idna<4,>=2.5 (from requests==2.32.5)
2026-10-07T07:57:05.2363489Z   Downloading idna-3.20-py3-none-any.whl.metadata (7.2 kB)
2026-10-07T07:57:05.2742724Z Collecting urllib3<3,>=1.21.1 (from requests==2.32.5)
2026-10-07T07:57:05.2932566Z   Downloading urllib3-2.8.0-py3-none-any.whl.metadata (7.4 kB)
2026-10-07T07:57:05.3273393Z Collecting certifi>=2017.4.17 (from requests==2.32.5)
2026-10-07T07:57:05.3464129Z   Downloading certifi-2026.7.22-py3-none-any.whl.metadata (2.5 kB)
2026-10-07T07:57:05.3764263Z Collecting six>=1.5 (from python-dateutil>=2.8.2->pandas==2.3.3)
2026-10-07T07:57:05.3955992Z   Downloading six-1.17.0-py2.py3-none-any.whl.metadata (1.7 kB)
2026-10-07T07:57:05.4202427Z Downloading pandas-2.3.3-cp312-cp312-manylinux_2_24_x86_64.manylinux_2_28_x86_64.whl (12.4 MB)
2026-10-07T07:57:05.7814534Z    ━━━━━━━━━━━━━━━━━━━━━━━━━━━━━━━━━━━━━━━━ 12.4/12.4 MB 37.4 MB/s  0:00:00
2026-10-07T07:57:05.8015075Z Downloading numpy-2.3.3-cp312-cp312-manylinux_2_27_x86_64.manylinux_2_28_x86_64.whl (16.6 MB)
2026-10-07T07:57:05.8718693Z    ━━━━━━━━━━━━━━━━━━━━━━━━━━━━━━━━━━━━━━━━ 16.6/16.6 MB 244.3 MB/s  0:00:00
2026-10-07T07:57:05.8933716Z Downloading numba-0.62.1-cp312-cp312-manylinux2014_x86_64.manylinux_2_17_x86_64.whl (3.8 MB)
2026-10-07T07:57:05.9096220Z    ━━━━━━━━━━━━━━━━━━━━━━━━━━━━━━━━━━━━━━━━ 3.8/3.8 MB 253.7 MB/s  0:00:00
2026-10-07T07:57:05.9286657Z Downloading requests-2.32.5-py3-none-any.whl (64 kB)
2026-10-07T07:57:05.9499191Z Downloading charset_normalizer-3.5.2-cp312-cp312-manylinux2014_x86_64.manylinux_2_17_x86_64.manylinux_2_28_x86_64.whl (257 kB)
2026-10-07T07:57:05.9716578Z Downloading idna-3.20-py3-none-any.whl (69 kB)
2026-10-07T07:57:05.9951108Z Downloading llvmlite-0.45.1-cp312-cp312-manylinux2014_x86_64.manylinux_2_17_x86_64.whl (56.3 MB)
2026-10-07T07:57:06.2386221Z    ━━━━━━━━━━━━━━━━━━━━━━━━━━━━━━━━━━━━━━━━ 56.3/56.3 MB 232.5 MB/s  0:00:00
2026-10-07T07:57:06.2580407Z Downloading urllib3-2.8.0-py3-none-any.whl (135 kB)
2026-10-07T07:57:06.2795602Z Downloading certifi-2026.7.22-py3-none-any.whl (136 kB)
2026-10-07T07:57:06.3015812Z Downloading python_dateutil-2.9.0.post0-py2.py3-none-any.whl (229 kB)
2026-10-07T07:57:06.3231851Z Downloading pytz-2026.5-py2.py3-none-any.whl (506 kB)
2026-10-07T07:57:06.3452842Z Downloading six-1.17.0-py2.py3-none-any.whl (11 kB)
2026-10-07T07:57:06.3662298Z Downloading tzdata-2026.5-py2.py3-none-any.whl (347 kB)
2026-10-07T07:57:06.6064965Z Installing collected packages: pytz, urllib3, tzdata, six, numpy, llvmlite, idna, charset_normalizer, certifi, requests, python-dateutil, numba, pandas
2026-10-07T07:57:17.0954548Z 
2026-10-07T07:57:17.0974832Z Successfully installed certifi-2026.7.22 charset_normalizer-3.5.2 idna-3.20 llvmlite-0.45.1 numba-0.62.1 numpy-2.3.3 pandas-2.3.3 python-dateutil-2.9.0.post0 pytz-2026.5 requests-2.32.5 six-1.17.0 tzdata-2026.5 urllib3-2.8.0
2026-10-07T07:57:17.1788231Z ##[group]Run set -euo pipefail
2026-10-07T07:57:17.1788563Z [36;1mset -euo pipefail[0m
2026-10-07T07:57:17.1789050Z [36;1mgh run download 37588740960 -R duuu-hub/bb-scanner -n daily-breakdown-account-v26-gate-5 -D gate-5[0m
2026-10-07T07:57:17.1789719Z [36;1mpython scripts/daily_breakdown_account_v26.py verify-reuse --parts gate-5[0m
2026-10-07T07:57:17.1857081Z shell: /usr/bin/bash --noprofile --norc -e -o pipefail {0}
2026-10-07T07:57:17.1857421Z env:
2026-10-07T07:57:17.1859994Z   GH_TOKEN: ***
2026-10-07T07:57:17.1860311Z   pythonLocation: /opt/hostedtoolcache/Python/3.12.15/x64
2026-10-07T07:57:17.1860749Z   PKG_CONFIG_PATH: /opt/hostedtoolcache/Python/3.12.15/x64/lib/pkgconfig
2026-10-07T07:57:17.1861172Z   Python_ROOT_DIR: /opt/hostedtoolcache/Python/3.12.15/x64
2026-10-07T07:57:17.1861547Z   Python2_ROOT_DIR: /opt/hostedtoolcache/Python/3.12.15/x64
2026-10-07T07:57:17.1861915Z   Python3_ROOT_DIR: /opt/hostedtoolcache/Python/3.12.15/x64
2026-10-07T07:57:17.1862334Z   LD_LIBRARY_PATH: /opt/hostedtoolcache/Python/3.12.15/x64/lib
2026-10-07T07:57:17.1862656Z ##[endgroup]
2026-10-07T07:57:18.6752684Z V26_ORIGINAL_GATE_SHARD_REUSE_HASH_PASS 5 1261
2026-10-07T07:57:18.7254494Z ##[group]Run actions/upload-artifact@v4
2026-10-07T07:57:18.7254792Z with:
2026-10-07T07:57:18.7255015Z   name: daily-breakdown-account-v26-gate-5
2026-10-07T07:57:18.7255297Z   path: gate-5/
2026-10-07T07:57:18.7255496Z   retention-days: 30
2026-10-07T07:57:18.7256101Z   compression-level: 0
2026-10-07T07:57:18.7256333Z   if-no-files-found: warn
2026-10-07T07:57:18.7256743Z   overwrite: false
2026-10-07T07:57:18.7256950Z   include-hidden-files: false
2026-10-07T07:57:18.7257183Z env:
2026-10-07T07:57:18.7259736Z   GH_TOKEN: ***
2026-10-07T07:57:18.7260025Z   pythonLocation: /opt/hostedtoolcache/Python/3.12.15/x64
2026-10-07T07:57:18.7260473Z   PKG_CONFIG_PATH: /opt/hostedtoolcache/Python/3.12.15/x64/lib/pkgconfig
2026-10-07T07:57:18.7260939Z   Python_ROOT_DIR: /opt/hostedtoolcache/Python/3.12.15/x64
2026-10-07T07:57:18.7261316Z   Python2_ROOT_DIR: /opt/hostedtoolcache/Python/3.12.15/x64
2026-10-07T07:57:18.7261690Z   Python3_ROOT_DIR: /opt/hostedtoolcache/Python/3.12.15/x64
2026-10-07T07:57:18.7262103Z   LD_LIBRARY_PATH: /opt/hostedtoolcache/Python/3.12.15/x64/lib
2026-10-07T07:57:18.7262424Z ##[endgroup]
2026-10-07T07:57:18.8891003Z (node:2406) [DEP0040] DeprecationWarning: The `punycode` module is deprecated. Please use a userland alternative instead.
2026-10-07T07:57:18.8891734Z (Use `node --trace-deprecation ...` to show where the warning was created)
2026-10-07T07:57:18.8980502Z With the provided path, there will be 7 files uploaded
2026-10-07T07:57:18.8981401Z Artifact name is valid!
2026-10-07T07:57:18.8981797Z Root directory input is valid!
2026-10-07T07:57:19.1889124Z Beginning upload of artifact content to blob storage
2026-10-07T07:57:19.2185318Z (node:2406) [DEP0169] DeprecationWarning: `url.parse()` behavior is not standardized and prone to errors that have security implications. Use the WHATWG URL API instead. CVEs are not issued for `url.parse()` vulnerabilities.
2026-10-07T07:57:19.5550686Z Uploaded bytes 178311
2026-10-07T07:57:19.6328117Z Finished uploading artifact content to blob storage!
2026-10-07T07:57:19.6329189Z SHA256 digest of uploaded artifact zip is 532918cc74905d53d40c932fff9df5275b819bebd87d20d816e3dab511620e42
2026-10-07T07:57:19.6330791Z Finalizing artifact upload
2026-10-07T07:57:19.8602758Z Artifact daily-breakdown-account-v26-gate-5.zip successfully finalized. Artifact ID 11468336460
2026-10-07T07:57:19.8604626Z Artifact daily-breakdown-account-v26-gate-5 has been successfully uploaded! Final size is 178311 bytes. Artifact ID is 11468336460
2026-10-07T07:57:19.8612050Z Artifact download URL: https://github.com/duuu-hub/bb-scanner/actions/runs/37590305587/artifacts/11468336460
2026-10-07T07:57:19.8778456Z Post job cleanup.
2026-10-07T07:57:19.9971028Z (node:2418) [DEP0040] DeprecationWarning: The `punycode` module is deprecated. Please use a userland alternative instead.
2026-10-07T07:57:19.9972342Z (Use `node --trace-deprecation ...` to show where the warning was created)
2026-10-07T07:57:20.0146656Z Post job cleanup.
2026-10-07T07:57:20.1094710Z [command]/usr/bin/git version
2026-10-07T07:57:20.1146614Z git version 2.55.0
2026-10-07T07:57:20.1197083Z Temporarily overriding HOME='/home/runner/work/_temp/f7e10eab-7600-4ff4-b930-30482d10f0c6' before making global git config changes
2026-10-07T07:57:20.1215094Z Adding repository directory to the temporary git global config as a safe directory
2026-10-07T07:57:20.1216828Z [command]/usr/bin/git config --global --add safe.directory /home/runner/work/bb-scanner/bb-scanner
2026-10-07T07:57:20.1252759Z [command]/usr/bin/git config --local --name-only --get-regexp core\.sshCommand
2026-10-07T07:57:20.1317207Z [command]/usr/bin/git submodule foreach --recursive sh -c "git config --local --name-only --get-regexp 'core\.sshCommand' && git config --local --unset-all 'core.sshCommand' || :"
2026-10-07T07:57:20.1652489Z [command]/usr/bin/git config --local --name-only --get-regexp http\.https\:\/\/github\.com\/\.extraheader
2026-10-07T07:57:20.1686108Z http.https://github.com/.extraheader
2026-10-07T07:57:20.1710722Z [command]/usr/bin/git config --local --unset-all http.https://github.com/.extraheader
2026-10-07T07:57:20.1738690Z [command]/usr/bin/git submodule foreach --recursive sh -c "git config --local --name-only --get-regexp 'http\.https\:\/\/github\.com\/\.extraheader' && git config --local --unset-all 'http.https://github.com/.extraheader' || :"
2026-10-07T07:57:20.2030991Z [command]/usr/bin/git config --local --name-only --get-regexp ^includeIf\.gitdir:
2026-10-07T07:57:20.2102853Z [command]/usr/bin/git submodule foreach --recursive git config --local --show-origin --name-only --get-regexp remote.origin.url
2026-10-07T07:57:20.2583519Z Cleaning up orphan processes
2026-10-07T07:57:20.2866371Z ##[warning]Node.js 20 is deprecated. The following actions target Node.js 20 but are being forced to run on Node.js 24: actions/checkout@v4, actions/setup-python@v5, actions/upload-artifact@v4. For more information see: https://github.blog/changelog/2025-09-19-deprecation-of-node-20-on-github-actions-runners/
