2026-10-07T07:59:13.0272570Z Current runner version: '2.337.0'
2026-10-07T07:59:13.0300154Z ##[group]Runner Image Provisioner
2026-10-07T07:59:13.0301624Z Hosted Compute Agent
2026-10-07T07:59:13.0302230Z Version: 20260901.588
2026-10-07T07:59:13.0302932Z Commit: f88ec8081b781fac6c440065ac7ff9e710ce3d0b
2026-10-07T07:59:13.0303745Z Build Date: 2026-09-01T19:56:44Z
2026-10-07T07:59:13.0304421Z Worker ID: {4e8917fc-f93c-48aa-a083-0c7c6ccd6390}
2026-10-07T07:59:13.0305229Z Azure Region: centralus
2026-10-07T07:59:13.0305816Z ##[endgroup]
2026-10-07T07:59:13.0307567Z ##[group]Operating System
2026-10-07T07:59:13.0308263Z Ubuntu
2026-10-07T07:59:13.0308789Z 24.04.5
2026-10-07T07:59:13.0309357Z LTS
2026-10-07T07:59:13.0309921Z ##[endgroup]
2026-10-07T07:59:13.0311159Z ##[group]Runner Image
2026-10-07T07:59:13.0311946Z Image: ubuntu-24.04
2026-10-07T07:59:13.0312516Z Version: 20260927.320.1
2026-10-07T07:59:13.0313823Z Included Software: https://github.com/actions/runner-images/blob/ubuntu24/20260927.320/images/ubuntu/Ubuntu2404-Readme.md
2026-10-07T07:59:13.0315393Z Image Release: https://github.com/actions/runner-images/releases/tag/ubuntu24%2F20260927.320
2026-10-07T07:59:13.0316423Z ##[endgroup]
2026-10-07T07:59:13.0317563Z ##[group]GITHUB_TOKEN Permissions
2026-10-07T07:59:13.0319863Z Actions: read
2026-10-07T07:59:13.0320484Z Contents: read
2026-10-07T07:59:13.0321454Z Metadata: read
2026-10-07T07:59:13.0322025Z ##[endgroup]
2026-10-07T07:59:13.0324333Z Secret source: Actions
2026-10-07T07:59:13.0325434Z Cache mode: write
2026-10-07T07:59:13.0326125Z Prepare workflow directory
2026-10-07T07:59:13.0980415Z Prepare all required actions
2026-10-07T07:59:13.1051240Z Getting action download info
2026-10-07T07:59:13.4213981Z Download action repository 'actions/checkout@v4' (SHA:11d5960a326750d5838078e36cf38b85af677262)
2026-10-07T07:59:13.5253852Z Download action repository 'actions/setup-python@v5' (SHA:a26af69be951a213d495a4c3e4e4022e16d87065)
2026-10-07T07:59:13.6055759Z Download action repository 'actions/download-artifact@v4' (SHA:d3f86a106a0bac45b974a628896c90dbdf5c8093)
2026-10-07T07:59:14.3491603Z Download action repository 'actions/upload-artifact@v4' (SHA:ea165f8d65b6e75b540449e92b4886f43607fa02)
2026-10-07T07:59:14.5717774Z Complete job name: accounts (5)
2026-10-07T07:59:14.6517052Z ##[group]Run actions/checkout@v4
2026-10-07T07:59:14.6518174Z with:
2026-10-07T07:59:14.6518702Z   repository: duuu-hub/bb-scanner
2026-10-07T07:59:14.6523321Z   token: ***
2026-10-07T07:59:14.6523830Z   ssh-strict: true
2026-10-07T07:59:14.6524302Z   ssh-user: git
2026-10-07T07:59:14.6524781Z   persist-credentials: true
2026-10-07T07:59:14.6525323Z   clean: true
2026-10-07T07:59:14.6525810Z   sparse-checkout-cone-mode: true
2026-10-07T07:59:14.6526368Z   fetch-depth: 1
2026-10-07T07:59:14.6526835Z   fetch-tags: false
2026-10-07T07:59:14.6527323Z   show-progress: true
2026-10-07T07:59:14.6527816Z   lfs: false
2026-10-07T07:59:14.6528271Z   submodules: false
2026-10-07T07:59:14.6528755Z   set-safe-directory: true
2026-10-07T07:59:14.6529311Z   allow-unsafe-pr-checkout: false
2026-10-07T07:59:14.6530208Z env:
2026-10-07T07:59:14.6534686Z   GH_TOKEN: ***
2026-10-07T07:59:14.6535172Z ##[endgroup]
2026-10-07T07:59:14.7642191Z Syncing repository: duuu-hub/bb-scanner
2026-10-07T07:59:14.7644618Z ##[group]Getting Git version info
2026-10-07T07:59:14.7645754Z Working directory is '/home/runner/work/bb-scanner/bb-scanner'
2026-10-07T07:59:14.7646933Z [command]/usr/bin/git version
2026-10-07T07:59:14.7743013Z git version 2.55.0
2026-10-07T07:59:14.7768996Z ##[endgroup]
2026-10-07T07:59:14.7786858Z Temporarily overriding HOME='/home/runner/work/_temp/03026312-8613-47fe-8557-b08afa6fc34d' before making global git config changes
2026-10-07T07:59:14.7789971Z Adding repository directory to the temporary git global config as a safe directory
2026-10-07T07:59:14.7793455Z [command]/usr/bin/git config --global --add safe.directory /home/runner/work/bb-scanner/bb-scanner
2026-10-07T07:59:14.7848765Z Deleting the contents of '/home/runner/work/bb-scanner/bb-scanner'
2026-10-07T07:59:14.7853990Z ##[group]Initializing the repository
2026-10-07T07:59:14.7860167Z [command]/usr/bin/git init /home/runner/work/bb-scanner/bb-scanner
2026-10-07T07:59:14.7969199Z hint: Using 'master' as the name for the initial branch. This default branch name
2026-10-07T07:59:14.7971830Z hint: will change to "main" in Git 3.0. To configure the initial branch name
2026-10-07T07:59:14.7973562Z hint: to use in all of your new repositories, which will suppress this warning,
2026-10-07T07:59:14.7974853Z hint: call:
2026-10-07T07:59:14.7975349Z hint:
2026-10-07T07:59:14.7976423Z hint: 	git config --global init.defaultBranch <name>
2026-10-07T07:59:14.7977585Z hint:
2026-10-07T07:59:14.7978266Z hint: Names commonly chosen instead of 'master' are 'main', 'trunk' and
2026-10-07T07:59:14.7979285Z hint: 'development'. The just-created branch can be renamed via this command:
2026-10-07T07:59:14.7980099Z hint:
2026-10-07T07:59:14.7980561Z hint: 	git branch -m <name>
2026-10-07T07:59:14.7981470Z hint:
2026-10-07T07:59:14.7982260Z hint: Disable this message with "git config set advice.defaultBranchName false"
2026-10-07T07:59:14.7992187Z Initialized empty Git repository in /home/runner/work/bb-scanner/bb-scanner/.git/
2026-10-07T07:59:14.7995585Z [command]/usr/bin/git remote add origin https://github.com/duuu-hub/bb-scanner
2026-10-07T07:59:14.8040244Z ##[endgroup]
2026-10-07T07:59:14.8042317Z ##[group]Disabling automatic garbage collection
2026-10-07T07:59:14.8045464Z [command]/usr/bin/git config --local gc.auto 0
2026-10-07T07:59:14.8082572Z ##[endgroup]
2026-10-07T07:59:14.8084725Z ##[group]Setting up auth
2026-10-07T07:59:14.8103631Z [command]/usr/bin/git config --local --name-only --get-regexp core\.sshCommand
2026-10-07T07:59:14.8148351Z [command]/usr/bin/git submodule foreach --recursive sh -c "git config --local --name-only --get-regexp 'core\.sshCommand' && git config --local --unset-all 'core.sshCommand' || :"
2026-10-07T07:59:14.8534119Z [command]/usr/bin/git config --local --name-only --get-regexp http\.https\:\/\/github\.com\/\.extraheader
2026-10-07T07:59:14.8572978Z [command]/usr/bin/git submodule foreach --recursive sh -c "git config --local --name-only --get-regexp 'http\.https\:\/\/github\.com\/\.extraheader' && git config --local --unset-all 'http.https://github.com/.extraheader' || :"
2026-10-07T07:59:14.8878441Z [command]/usr/bin/git config --local --name-only --get-regexp ^includeIf\.gitdir:
2026-10-07T07:59:14.8884213Z [command]/usr/bin/git submodule foreach --recursive git config --local --show-origin --name-only --get-regexp remote.origin.url
2026-10-07T07:59:14.9084854Z [command]/usr/bin/git config --local http.https://github.com/.extraheader AUTHORIZATION: basic ***
2026-10-07T07:59:14.9131127Z ##[endgroup]
2026-10-07T07:59:14.9132639Z ##[group]Fetching the repository
2026-10-07T07:59:14.9142768Z [command]/usr/bin/git -c protocol.version=2 fetch --no-tags --prune --no-recurse-submodules --depth=1 origin +6ca61ce31e15ffebf6b08e4ae786210d2d2f77ca:refs/remotes/origin/research-daily-breakdown-account-v26
2026-10-07T07:59:16.1441954Z From https://github.com/duuu-hub/bb-scanner
2026-10-07T07:59:16.1444387Z  * [new ref]         6ca61ce31e15ffebf6b08e4ae786210d2d2f77ca -> origin/research-daily-breakdown-account-v26
2026-10-07T07:59:16.1450089Z ##[endgroup]
2026-10-07T07:59:16.1452229Z ##[group]Determining the checkout info
2026-10-07T07:59:16.1453566Z ##[endgroup]
2026-10-07T07:59:16.1454927Z [command]/usr/bin/git sparse-checkout disable
2026-10-07T07:59:16.1509939Z [command]/usr/bin/git config --local --unset-all extensions.worktreeConfig
2026-10-07T07:59:16.1544258Z ##[group]Checking out the ref
2026-10-07T07:59:16.1549792Z [command]/usr/bin/git checkout --progress --force -B research-daily-breakdown-account-v26 refs/remotes/origin/research-daily-breakdown-account-v26
2026-10-07T07:59:16.3896047Z Switched to a new branch 'research-daily-breakdown-account-v26'
2026-10-07T07:59:16.3903878Z branch 'research-daily-breakdown-account-v26' set up to track 'origin/research-daily-breakdown-account-v26'.
2026-10-07T07:59:16.3913846Z ##[endgroup]
2026-10-07T07:59:16.3964805Z [command]/usr/bin/git log -1 --format=%H
2026-10-07T07:59:16.3992178Z 6ca61ce31e15ffebf6b08e4ae786210d2d2f77ca
2026-10-07T07:59:16.4377602Z ##[group]Run actions/setup-python@v5
2026-10-07T07:59:16.4378769Z with:
2026-10-07T07:59:16.4379567Z   python-version: 3.12
2026-10-07T07:59:16.4380505Z   check-latest: false
2026-10-07T07:59:16.4391794Z   token: ***
2026-10-07T07:59:16.4392695Z   update-environment: true
2026-10-07T07:59:16.4393733Z   allow-prereleases: false
2026-10-07T07:59:16.4394734Z   freethreaded: false
2026-10-07T07:59:16.4395619Z env:
2026-10-07T07:59:16.4406269Z   GH_TOKEN: ***
2026-10-07T07:59:16.4407125Z ##[endgroup]
2026-10-07T07:59:16.5824363Z ##[group]Installed versions
2026-10-07T07:59:16.5912483Z (node:2325) [DEP0040] DeprecationWarning: The `punycode` module is deprecated. Please use a userland alternative instead.
2026-10-07T07:59:16.5916040Z (Use `node --trace-deprecation ...` to show where the warning was created)
2026-10-07T07:59:16.5918601Z Successfully set up CPython (3.12.14)
2026-10-07T07:59:16.5921462Z ##[endgroup]
2026-10-07T07:59:16.6136199Z ##[group]Run set -euo pipefail
2026-10-07T07:59:16.6137421Z [36;1mset -euo pipefail[0m
2026-10-07T07:59:16.6138908Z [36;1mpip install pandas==2.3.3 numpy==2.3.3 numba==0.62.1 requests==2.32.5[0m
2026-10-07T07:59:16.6436631Z shell: /usr/bin/bash -e {0}
2026-10-07T07:59:16.6437738Z env:
2026-10-07T07:59:16.6448065Z   GH_TOKEN: ***
2026-10-07T07:59:16.6449217Z   pythonLocation: /opt/hostedtoolcache/Python/3.12.14/x64
2026-10-07T07:59:16.6451160Z   PKG_CONFIG_PATH: /opt/hostedtoolcache/Python/3.12.14/x64/lib/pkgconfig
2026-10-07T07:59:16.6452975Z   Python_ROOT_DIR: /opt/hostedtoolcache/Python/3.12.14/x64
2026-10-07T07:59:16.6454591Z   Python2_ROOT_DIR: /opt/hostedtoolcache/Python/3.12.14/x64
2026-10-07T07:59:16.6456226Z   Python3_ROOT_DIR: /opt/hostedtoolcache/Python/3.12.14/x64
2026-10-07T07:59:16.6457843Z   LD_LIBRARY_PATH: /opt/hostedtoolcache/Python/3.12.14/x64/lib
2026-10-07T07:59:16.6459224Z ##[endgroup]
2026-10-07T07:59:17.7198090Z Collecting pandas==2.3.3
2026-10-07T07:59:17.7968106Z   Downloading pandas-2.3.3-cp312-cp312-manylinux_2_24_x86_64.manylinux_2_28_x86_64.whl.metadata (91 kB)
2026-10-07T07:59:18.0843487Z Collecting numpy==2.3.3
2026-10-07T07:59:18.0954138Z   Downloading numpy-2.3.3-cp312-cp312-manylinux_2_27_x86_64.manylinux_2_28_x86_64.whl.metadata (62 kB)
2026-10-07T07:59:18.2264853Z Collecting numba==0.62.1
2026-10-07T07:59:18.2382016Z   Downloading numba-0.62.1-cp312-cp312-manylinux2014_x86_64.manylinux_2_17_x86_64.whl.metadata (2.8 kB)
2026-10-07T07:59:18.2663247Z Collecting requests==2.32.5
2026-10-07T07:59:18.2767279Z   Downloading requests-2.32.5-py3-none-any.whl.metadata (4.9 kB)
2026-10-07T07:59:18.2986546Z Collecting python-dateutil>=2.8.2 (from pandas==2.3.3)
2026-10-07T07:59:18.3089749Z   Downloading python_dateutil-2.9.0.post0-py2.py3-none-any.whl.metadata (8.4 kB)
2026-10-07T07:59:18.3534970Z Collecting pytz>=2020.1 (from pandas==2.3.3)
2026-10-07T07:59:18.3641194Z   Downloading pytz-2026.5-py2.py3-none-any.whl.metadata (22 kB)
2026-10-07T07:59:18.3872161Z Collecting tzdata>=2022.7 (from pandas==2.3.3)
2026-10-07T07:59:18.3976406Z   Downloading tzdata-2026.5-py2.py3-none-any.whl.metadata (1.4 kB)
2026-10-07T07:59:18.4608768Z Collecting llvmlite<0.46,>=0.45.0dev0 (from numba==0.62.1)
2026-10-07T07:59:18.4717759Z   Downloading llvmlite-0.45.1-cp312-cp312-manylinux2014_x86_64.manylinux_2_17_x86_64.whl.metadata (4.9 kB)
2026-10-07T07:59:18.6206410Z Collecting charset_normalizer<4,>=2 (from requests==2.32.5)
2026-10-07T07:59:18.6314260Z   Downloading charset_normalizer-3.5.2-cp312-cp312-manylinux2014_x86_64.manylinux_2_17_x86_64.manylinux_2_28_x86_64.whl.metadata (46 kB)
2026-10-07T07:59:18.6583543Z Collecting idna<4,>=2.5 (from requests==2.32.5)
2026-10-07T07:59:18.6688168Z   Downloading idna-3.20-py3-none-any.whl.metadata (7.2 kB)
2026-10-07T07:59:18.6984665Z Collecting urllib3<3,>=1.21.1 (from requests==2.32.5)
2026-10-07T07:59:18.7093493Z   Downloading urllib3-2.8.0-py3-none-any.whl.metadata (7.4 kB)
2026-10-07T07:59:18.7348571Z Collecting certifi>=2017.4.17 (from requests==2.32.5)
2026-10-07T07:59:18.7450982Z   Downloading certifi-2026.7.22-py3-none-any.whl.metadata (2.5 kB)
2026-10-07T07:59:18.7664301Z Collecting six>=1.5 (from python-dateutil>=2.8.2->pandas==2.3.3)
2026-10-07T07:59:18.7766463Z   Downloading six-1.17.0-py2.py3-none-any.whl.metadata (1.7 kB)
2026-10-07T07:59:18.7909121Z Downloading pandas-2.3.3-cp312-cp312-manylinux_2_24_x86_64.manylinux_2_28_x86_64.whl (12.4 MB)
2026-10-07T07:59:19.2274995Z    ━━━━━━━━━━━━━━━━━━━━━━━━━━━━━━━━━━━━━━━━ 12.4/12.4 MB 30.0 MB/s  0:00:00
2026-10-07T07:59:19.2386253Z Downloading numpy-2.3.3-cp312-cp312-manylinux_2_27_x86_64.manylinux_2_28_x86_64.whl (16.6 MB)
2026-10-07T07:59:19.5697893Z    ━━━━━━━━━━━━━━━━━━━━━━━━━━━━━━━━━━━━━━━━ 16.6/16.6 MB 50.0 MB/s  0:00:00
2026-10-07T07:59:19.5834545Z Downloading numba-0.62.1-cp312-cp312-manylinux2014_x86_64.manylinux_2_17_x86_64.whl (3.8 MB)
2026-10-07T07:59:19.6100387Z    ━━━━━━━━━━━━━━━━━━━━━━━━━━━━━━━━━━━━━━━━ 3.8/3.8 MB 147.9 MB/s  0:00:00
2026-10-07T07:59:19.6203922Z Downloading requests-2.32.5-py3-none-any.whl (64 kB)
2026-10-07T07:59:19.6328390Z Downloading charset_normalizer-3.5.2-cp312-cp312-manylinux2014_x86_64.manylinux_2_17_x86_64.manylinux_2_28_x86_64.whl (257 kB)
2026-10-07T07:59:19.6456974Z Downloading idna-3.20-py3-none-any.whl (69 kB)
2026-10-07T07:59:19.6581232Z Downloading llvmlite-0.45.1-cp312-cp312-manylinux2014_x86_64.manylinux_2_17_x86_64.whl (56.3 MB)
2026-10-07T07:59:19.8940199Z    ━━━━━━━━━━━━━━━━━━━━━━━━━━━━━━━━━━━━━━━━ 56.3/56.3 MB 240.2 MB/s  0:00:00
2026-10-07T07:59:19.9045913Z Downloading urllib3-2.8.0-py3-none-any.whl (135 kB)
2026-10-07T07:59:19.9173982Z Downloading certifi-2026.7.22-py3-none-any.whl (136 kB)
2026-10-07T07:59:19.9304301Z Downloading python_dateutil-2.9.0.post0-py2.py3-none-any.whl (229 kB)
2026-10-07T07:59:19.9434814Z Downloading pytz-2026.5-py2.py3-none-any.whl (506 kB)
2026-10-07T07:59:19.9568819Z Downloading six-1.17.0-py2.py3-none-any.whl (11 kB)
2026-10-07T07:59:19.9692287Z Downloading tzdata-2026.5-py2.py3-none-any.whl (347 kB)
2026-10-07T07:59:20.2117152Z Installing collected packages: pytz, urllib3, tzdata, six, numpy, llvmlite, idna, charset_normalizer, certifi, requests, python-dateutil, numba, pandas
2026-10-07T07:59:31.2412255Z 
2026-10-07T07:59:31.2432080Z Successfully installed certifi-2026.7.22 charset_normalizer-3.5.2 idna-3.20 llvmlite-0.45.1 numba-0.62.1 numpy-2.3.3 pandas-2.3.3 python-dateutil-2.9.0.post0 pytz-2026.5 requests-2.32.5 six-1.17.0 tzdata-2026.5 urllib3-2.8.0
2026-10-07T07:59:31.3366947Z ##[group]Run actions/download-artifact@v4
2026-10-07T07:59:31.3367265Z with:
2026-10-07T07:59:31.3367486Z   name: daily-breakdown-account-v26-dev
2026-10-07T07:59:31.3367774Z   path: parts/dev
2026-10-07T07:59:31.3367992Z   merge-multiple: false
2026-10-07T07:59:31.3368237Z   repository: duuu-hub/bb-scanner
2026-10-07T07:59:31.3368486Z   run-id: 37590305587
2026-10-07T07:59:31.3368691Z env:
2026-10-07T07:59:31.3371622Z   GH_TOKEN: ***
2026-10-07T07:59:31.3371931Z   pythonLocation: /opt/hostedtoolcache/Python/3.12.14/x64
2026-10-07T07:59:31.3372373Z   PKG_CONFIG_PATH: /opt/hostedtoolcache/Python/3.12.14/x64/lib/pkgconfig
2026-10-07T07:59:31.3372803Z   Python_ROOT_DIR: /opt/hostedtoolcache/Python/3.12.14/x64
2026-10-07T07:59:31.3373186Z   Python2_ROOT_DIR: /opt/hostedtoolcache/Python/3.12.14/x64
2026-10-07T07:59:31.3373566Z   Python3_ROOT_DIR: /opt/hostedtoolcache/Python/3.12.14/x64
2026-10-07T07:59:31.3373947Z   LD_LIBRARY_PATH: /opt/hostedtoolcache/Python/3.12.14/x64/lib
2026-10-07T07:59:31.3374298Z ##[endgroup]
2026-10-07T07:59:31.4921855Z Downloading single artifact
2026-10-07T07:59:31.5079135Z (node:2368) [DEP0040] DeprecationWarning: The `punycode` module is deprecated. Please use a userland alternative instead.
2026-10-07T07:59:31.5080588Z (Use `node --trace-deprecation ...` to show where the warning was created)
2026-10-07T07:59:31.6538423Z Preparing to download the following artifacts:
2026-10-07T07:59:31.6539764Z - daily-breakdown-account-v26-dev (ID: 11467809709, Size: 1837362, Expected Digest: sha256:549675a67849cd53b44997cd16bba32635b4fc220845c211920bd89da2501567)
2026-10-07T07:59:31.8333266Z Redirecting to blob download url: https://productionresultssa19.blob.core.windows.net/actions-results/95714451-083c-8a1a-b853-04df24e45e3b/workflow-job-run-5619d520-335f-5c37-a98d-70b2f985c17a/artifacts/6852b8f429cc154ce3c95335c249ed3f9411f73ce002274a755cf82bddbd90f2.zip
2026-10-07T07:59:31.8334917Z Starting download of artifact to: /home/runner/work/bb-scanner/bb-scanner/parts/dev
2026-10-07T07:59:32.0172741Z (node:2368) [DEP0005] DeprecationWarning: Buffer() is deprecated due to security and usability issues. Please use the Buffer.alloc(), Buffer.allocUnsafe(), or Buffer.from() methods instead.
2026-10-07T07:59:32.2901652Z SHA256 digest of downloaded artifact is 549675a67849cd53b44997cd16bba32635b4fc220845c211920bd89da2501567
2026-10-07T07:59:32.2902690Z Artifact download completed successfully.
2026-10-07T07:59:32.2903050Z Total of 1 artifact(s) downloaded
2026-10-07T07:59:32.2909523Z Download artifact has finished successfully
2026-10-07T07:59:32.3050550Z ##[group]Run actions/download-artifact@v4
2026-10-07T07:59:32.3051246Z with:
2026-10-07T07:59:32.3051497Z   pattern: daily-breakdown-account-v26-gate-*
2026-10-07T07:59:32.3051803Z   path: parts/gate
2026-10-07T07:59:32.3052025Z   merge-multiple: false
2026-10-07T07:59:32.3052280Z   repository: duuu-hub/bb-scanner
2026-10-07T07:59:32.3052533Z   run-id: 37590305587
2026-10-07T07:59:32.3052739Z env:
2026-10-07T07:59:32.3055637Z   GH_TOKEN: ***
2026-10-07T07:59:32.3055941Z   pythonLocation: /opt/hostedtoolcache/Python/3.12.14/x64
2026-10-07T07:59:32.3056388Z   PKG_CONFIG_PATH: /opt/hostedtoolcache/Python/3.12.14/x64/lib/pkgconfig
2026-10-07T07:59:32.3056826Z   Python_ROOT_DIR: /opt/hostedtoolcache/Python/3.12.14/x64
2026-10-07T07:59:32.3057225Z   Python2_ROOT_DIR: /opt/hostedtoolcache/Python/3.12.14/x64
2026-10-07T07:59:32.3057613Z   Python3_ROOT_DIR: /opt/hostedtoolcache/Python/3.12.14/x64
2026-10-07T07:59:32.3058034Z   LD_LIBRARY_PATH: /opt/hostedtoolcache/Python/3.12.14/x64/lib
2026-10-07T07:59:32.3058397Z ##[endgroup]
2026-10-07T07:59:32.4804683Z (node:2380) [DEP0040] DeprecationWarning: The `punycode` module is deprecated. Please use a userland alternative instead.
2026-10-07T07:59:32.4806219Z (Use `node --trace-deprecation ...` to show where the warning was created)
2026-10-07T07:59:32.6155721Z Found 12 artifact(s)
2026-10-07T07:59:32.6157102Z Filtering artifacts by pattern 'daily-breakdown-account-v26-gate-*'
2026-10-07T07:59:32.6180178Z Preparing to download the following artifacts:
2026-10-07T07:59:32.6188201Z - daily-breakdown-account-v26-gate-4 (ID: 11468825713, Size: 175583, Expected Digest: sha256:040a4eca0e9eed557838afd35827caaf08ff33eb19e5ba7a01d27ceb65c050a2)
2026-10-07T07:59:32.6190410Z - daily-breakdown-account-v26-gate-1 (ID: 11468761121, Size: 198353, Expected Digest: sha256:b1acedc3c8ebbe529004f995d4d9ba5b12e9bcff8a7d82b28c48fff744b47f86)
2026-10-07T07:59:32.6192660Z - daily-breakdown-account-v26-gate-5 (ID: 11468336460, Size: 178311, Expected Digest: sha256:532918cc74905d53d40c932fff9df5275b819bebd87d20d816e3dab511620e42)
2026-10-07T07:59:32.6194341Z - daily-breakdown-account-v26-gate-0 (ID: 11468187943, Size: 211870, Expected Digest: sha256:57e2fed7b96db53de6a426b6346552202d9f69b1325170fe1ef88b9326a98ba4)
2026-10-07T07:59:32.6195472Z - daily-breakdown-account-v26-gate-2 (ID: 11468088685, Size: 204655, Expected Digest: sha256:8af06c57f3061359e2ddf9aad8d4d59c86818868fcac46eaafcf5874bc2c1fa4)
2026-10-07T07:59:32.6196574Z - daily-breakdown-account-v26-gate-7 (ID: 11468009120, Size: 168311, Expected Digest: sha256:2506317e17c755b3525851318e7742093bb83f979fc0d6775160edfc4dfcb8a1)
2026-10-07T07:59:32.6197654Z - daily-breakdown-account-v26-gate-6 (ID: 11467934531, Size: 147632, Expected Digest: sha256:43451d47db0ecfb7a0dd6e26f1851f62b6dc0f69ceb4f06653083fe7938f3a40)
2026-10-07T07:59:32.6198744Z - daily-breakdown-account-v26-gate-3 (ID: 11467829744, Size: 171938, Expected Digest: sha256:6f55a781b0e0f1544ebba023ab868e001b522f3d53400b1d60bc2f1ce4bdd85f)
2026-10-07T07:59:32.7773999Z Redirecting to blob download url: https://productionresultssa19.blob.core.windows.net/actions-results/95714451-083c-8a1a-b853-04df24e45e3b/workflow-job-run-9c7cab1f-567b-5d7b-8a9b-8221cf2def98/artifacts/9aa4dd22b3867d8190746360c338d2981125ac69a727111f88ec0f6d155adacd.zip
2026-10-07T07:59:32.7776384Z Starting download of artifact to: /home/runner/work/bb-scanner/bb-scanner/parts/gate/daily-breakdown-account-v26-gate-5
2026-10-07T07:59:32.8552636Z Redirecting to blob download url: https://productionresultssa19.blob.core.windows.net/actions-results/95714451-083c-8a1a-b853-04df24e45e3b/workflow-job-run-b7c3308d-b8d0-558d-858b-a9faf7bf2eaf/artifacts/6fcbd9d235ee85e1756c3985228b929f23d972178492f4e1bdd2a89449093ba8.zip
2026-10-07T07:59:32.8555465Z Starting download of artifact to: /home/runner/work/bb-scanner/bb-scanner/parts/gate/daily-breakdown-account-v26-gate-2
2026-10-07T07:59:32.8606098Z Redirecting to blob download url: https://productionresultssa19.blob.core.windows.net/actions-results/95714451-083c-8a1a-b853-04df24e45e3b/workflow-job-run-82dd6d74-e654-585e-ae14-9c8d5eef2a98/artifacts/0ab3ca05beaf2936a8613e15f0558909b6c3f025fabf9ec56dfdd845059f9391.zip
2026-10-07T07:59:32.8607887Z Starting download of artifact to: /home/runner/work/bb-scanner/bb-scanner/parts/gate/daily-breakdown-account-v26-gate-3
2026-10-07T07:59:32.8750324Z Redirecting to blob download url: https://productionresultssa19.blob.core.windows.net/actions-results/95714451-083c-8a1a-b853-04df24e45e3b/workflow-job-run-b3fcd6a8-60c4-53a6-b0a4-acc0fa8c0daf/artifacts/b222b168e26814f39395085e349e1a37b5b6ecb069deb1080623bd91ed372f2d.zip
2026-10-07T07:59:32.8753600Z Starting download of artifact to: /home/runner/work/bb-scanner/bb-scanner/parts/gate/daily-breakdown-account-v26-gate-6
2026-10-07T07:59:32.8782125Z Redirecting to blob download url: https://productionresultssa19.blob.core.windows.net/actions-results/95714451-083c-8a1a-b853-04df24e45e3b/workflow-job-run-0f0fe56f-d30d-5ddc-9041-03f3c0531efb/artifacts/79c05b2117ca62130470579daae8a7d05974e2c42f433b1c04ee7c699e91282c.zip
2026-10-07T07:59:32.8784966Z Starting download of artifact to: /home/runner/work/bb-scanner/bb-scanner/parts/gate/daily-breakdown-account-v26-gate-7
2026-10-07T07:59:32.8816695Z Redirecting to blob download url: https://productionresultssa19.blob.core.windows.net/actions-results/95714451-083c-8a1a-b853-04df24e45e3b/workflow-job-run-5a38c708-8263-56dc-922f-ede282f43c44/artifacts/dde1a1f84026021392dab5fc6029905a381dac0f3866fb42a7f0d662743ec90c.zip
2026-10-07T07:59:32.8819574Z Starting download of artifact to: /home/runner/work/bb-scanner/bb-scanner/parts/gate/daily-breakdown-account-v26-gate-4
2026-10-07T07:59:32.8879719Z Redirecting to blob download url: https://productionresultssa19.blob.core.windows.net/actions-results/95714451-083c-8a1a-b853-04df24e45e3b/workflow-job-run-8165d55c-4796-591e-adb9-a5d4d9cb30c5/artifacts/850cbde3fe4c93f7894b38c1ffd9639f526abd187657a2c59c69088fb073fbb4.zip
2026-10-07T07:59:32.8882841Z Starting download of artifact to: /home/runner/work/bb-scanner/bb-scanner/parts/gate/daily-breakdown-account-v26-gate-1
2026-10-07T07:59:32.9055722Z (node:2380) [DEP0005] DeprecationWarning: Buffer() is deprecated due to security and usability issues. Please use the Buffer.alloc(), Buffer.allocUnsafe(), or Buffer.from() methods instead.
2026-10-07T07:59:32.9077150Z Redirecting to blob download url: https://productionresultssa19.blob.core.windows.net/actions-results/95714451-083c-8a1a-b853-04df24e45e3b/workflow-job-run-c6afb5a1-1339-5b11-b6fe-e9f54cb7f4d5/artifacts/f3f6a2e9f1a390f9d8b174f0036b2349952181ba6ddd51adc5566f33748991a9.zip
2026-10-07T07:59:32.9079727Z Starting download of artifact to: /home/runner/work/bb-scanner/bb-scanner/parts/gate/daily-breakdown-account-v26-gate-0
2026-10-07T07:59:32.9896092Z SHA256 digest of downloaded artifact is 532918cc74905d53d40c932fff9df5275b819bebd87d20d816e3dab511620e42
2026-10-07T07:59:32.9897199Z Artifact download completed successfully.
2026-10-07T07:59:33.0813899Z SHA256 digest of downloaded artifact is 6f55a781b0e0f1544ebba023ab868e001b522f3d53400b1d60bc2f1ce4bdd85f
2026-10-07T07:59:33.0814683Z Artifact download completed successfully.
2026-10-07T07:59:33.0926276Z SHA256 digest of downloaded artifact is 8af06c57f3061359e2ddf9aad8d4d59c86818868fcac46eaafcf5874bc2c1fa4
2026-10-07T07:59:33.0926984Z Artifact download completed successfully.
2026-10-07T07:59:33.0965384Z SHA256 digest of downloaded artifact is b1acedc3c8ebbe529004f995d4d9ba5b12e9bcff8a7d82b28c48fff744b47f86
2026-10-07T07:59:33.0966112Z Artifact download completed successfully.
2026-10-07T07:59:33.1138962Z SHA256 digest of downloaded artifact is 57e2fed7b96db53de6a426b6346552202d9f69b1325170fe1ef88b9326a98ba4
2026-10-07T07:59:33.1139743Z Artifact download completed successfully.
2026-10-07T07:59:33.1169277Z SHA256 digest of downloaded artifact is 040a4eca0e9eed557838afd35827caaf08ff33eb19e5ba7a01d27ceb65c050a2
2026-10-07T07:59:33.1170010Z Artifact download completed successfully.
2026-10-07T07:59:33.1300561Z SHA256 digest of downloaded artifact is 43451d47db0ecfb7a0dd6e26f1851f62b6dc0f69ceb4f06653083fe7938f3a40
2026-10-07T07:59:33.1301905Z Artifact download completed successfully.
2026-10-07T07:59:33.1481704Z SHA256 digest of downloaded artifact is 2506317e17c755b3525851318e7742093bb83f979fc0d6775160edfc4dfcb8a1
2026-10-07T07:59:33.1482852Z Artifact download completed successfully.
2026-10-07T07:59:33.1483522Z Total of 8 artifact(s) downloaded
2026-10-07T07:59:33.1488849Z Download artifact has finished successfully
2026-10-07T07:59:33.1646998Z ##[group]Run actions/download-artifact@v4
2026-10-07T07:59:33.1647385Z with:
2026-10-07T07:59:33.1647656Z   name: daily-breakdown-account-v26-market
2026-10-07T07:59:33.1648004Z   path: account-market
2026-10-07T07:59:33.1648291Z   merge-multiple: false
2026-10-07T07:59:33.1648579Z   repository: duuu-hub/bb-scanner
2026-10-07T07:59:33.1648887Z   run-id: 37590305587
2026-10-07T07:59:33.1649143Z env:
2026-10-07T07:59:33.1652179Z   GH_TOKEN: ***
2026-10-07T07:59:33.1652553Z   pythonLocation: /opt/hostedtoolcache/Python/3.12.14/x64
2026-10-07T07:59:33.1653058Z   PKG_CONFIG_PATH: /opt/hostedtoolcache/Python/3.12.14/x64/lib/pkgconfig
2026-10-07T07:59:33.1653563Z   Python_ROOT_DIR: /opt/hostedtoolcache/Python/3.12.14/x64
2026-10-07T07:59:33.1654013Z   Python2_ROOT_DIR: /opt/hostedtoolcache/Python/3.12.14/x64
2026-10-07T07:59:33.1654459Z   Python3_ROOT_DIR: /opt/hostedtoolcache/Python/3.12.14/x64
2026-10-07T07:59:33.1654914Z   LD_LIBRARY_PATH: /opt/hostedtoolcache/Python/3.12.14/x64/lib
2026-10-07T07:59:33.1655327Z ##[endgroup]
2026-10-07T07:59:33.3166433Z Downloading single artifact
2026-10-07T07:59:33.3323522Z (node:2395) [DEP0040] DeprecationWarning: The `punycode` module is deprecated. Please use a userland alternative instead.
2026-10-07T07:59:33.3324960Z (Use `node --trace-deprecation ...` to show where the warning was created)
2026-10-07T07:59:33.4917359Z Preparing to download the following artifacts:
2026-10-07T07:59:33.4919052Z - daily-breakdown-account-v26-market (ID: 11468396430, Size: 1378253288, Expected Digest: sha256:084e4988de70813b5c591ddce4698466966a2da7370c6a9cb38d1733fe1cebd0)
2026-10-07T07:59:33.7093843Z Redirecting to blob download url: https://productionresultssa19.blob.core.windows.net/actions-results/95714451-083c-8a1a-b853-04df24e45e3b/workflow-job-run-3ac5d93d-4238-55b4-bc16-47f319c4eced/artifacts/a9419f2b29f889cb369543bf2803e80c825a2e4eb4fb7a5fe6a5fa58feeb9f4c.zip
2026-10-07T07:59:33.7096833Z Starting download of artifact to: /home/runner/work/bb-scanner/bb-scanner/account-market
2026-10-07T07:59:33.9351396Z (node:2395) [DEP0005] DeprecationWarning: Buffer() is deprecated due to security and usability issues. Please use the Buffer.alloc(), Buffer.allocUnsafe(), or Buffer.from() methods instead.
2026-10-07T07:59:51.5621959Z SHA256 digest of downloaded artifact is 084e4988de70813b5c591ddce4698466966a2da7370c6a9cb38d1733fe1cebd0
2026-10-07T07:59:51.5622846Z Artifact download completed successfully.
2026-10-07T07:59:51.5623230Z Total of 1 artifact(s) downloaded
2026-10-07T07:59:51.5629282Z Download artifact has finished successfully
2026-10-07T07:59:51.5814499Z ##[group]Run set -euo pipefail
2026-10-07T07:59:51.5814916Z [36;1mset -euo pipefail[0m
2026-10-07T07:59:51.5815634Z [36;1mpython scripts/daily_breakdown_account_v26.py accounts --data account-market --parts parts/dev parts/gate --probe-index 5 --out result-5[0m
2026-10-07T07:59:51.5883801Z shell: /usr/bin/bash --noprofile --norc -e -o pipefail {0}
2026-10-07T07:59:51.5884217Z env:
2026-10-07T07:59:51.5886930Z   GH_TOKEN: ***
2026-10-07T07:59:51.5887294Z   pythonLocation: /opt/hostedtoolcache/Python/3.12.14/x64
2026-10-07T07:59:51.5887816Z   PKG_CONFIG_PATH: /opt/hostedtoolcache/Python/3.12.14/x64/lib/pkgconfig
2026-10-07T07:59:51.5888338Z   Python_ROOT_DIR: /opt/hostedtoolcache/Python/3.12.14/x64
2026-10-07T07:59:51.5888799Z   Python2_ROOT_DIR: /opt/hostedtoolcache/Python/3.12.14/x64
2026-10-07T07:59:51.5889248Z   Python3_ROOT_DIR: /opt/hostedtoolcache/Python/3.12.14/x64
2026-10-07T07:59:51.5889727Z   LD_LIBRARY_PATH: /opt/hostedtoolcache/Python/3.12.14/x64/lib
2026-10-07T07:59:51.5890158Z ##[endgroup]
2026-10-07T08:00:55.2228085Z V26_ACCOUNT DEV__DAILY_S-1_D20_ANY_A25__H672__R20__20bp__guarded {"trades": 268, "net_return_pct": 14.31050070673001, "mdd_15m_pct": 6.397764380208602, "pf": 1.521113587880213, "day_ge_0_7_pct": 2.5791324736225087}
2026-10-07T08:00:58.3377058Z V26_ACCOUNT DEV__DAILY_S-1_D20_ANY_A25__H672__R20__20bp__unguarded_diagnostic {"trades": 268, "net_return_pct": 14.31050070673001, "mdd_15m_pct": 6.397764380208602, "pf": 1.521113587880213, "day_ge_0_7_pct": 2.5791324736225087}
2026-10-07T08:01:01.4606187Z V26_ACCOUNT DEV__DAILY_S-1_D20_ANY_A25__H672__R20__40bp__guarded {"trades": 267, "net_return_pct": 12.643702520753086, "mdd_15m_pct": 6.521294234786186, "pf": 1.4587784856907895, "day_ge_0_7_pct": 2.2274325908558033}
2026-10-07T08:01:04.5943246Z V26_ACCOUNT DEV__DAILY_S-1_D20_ANY_A25__H672__R20__40bp__unguarded_diagnostic {"trades": 267, "net_return_pct": 12.643702520753086, "mdd_15m_pct": 6.521294234786186, "pf": 1.4587784856907895, "day_ge_0_7_pct": 2.2274325908558033}
2026-10-07T08:01:05.9773796Z V26_ACCOUNT GATE__DAILY_S-1_D20_ANY_A25__H672__R20__20bp__guarded {"trades": 115, "net_return_pct": 2.5380421388681462, "mdd_15m_pct": 3.90814878789594, "pf": 1.221016175873058, "day_ge_0_7_pct": 1.6348773841961852}
2026-10-07T08:01:07.3499225Z V26_ACCOUNT GATE__DAILY_S-1_D20_ANY_A25__H672__R20__20bp__unguarded_diagnostic {"trades": 115, "net_return_pct": 2.5380421388681462, "mdd_15m_pct": 3.90814878789594, "pf": 1.221016175873058, "day_ge_0_7_pct": 1.6348773841961852}
2026-10-07T08:01:08.7421900Z V26_ACCOUNT GATE__DAILY_S-1_D20_ANY_A25__H672__R20__40bp__guarded {"trades": 115, "net_return_pct": 1.94242264103901, "mdd_15m_pct": 4.057288983699596, "pf": 1.1677207690364149, "day_ge_0_7_pct": 1.6348773841961852}
2026-10-07T08:01:10.1128986Z V26_ACCOUNT GATE__DAILY_S-1_D20_ANY_A25__H672__R20__40bp__unguarded_diagnostic {"trades": 115, "net_return_pct": 1.94242264103901, "mdd_15m_pct": 4.057288983699596, "pf": 1.1677207690364149, "day_ge_0_7_pct": 1.6348773841961852}
2026-10-07T08:01:10.2055791Z ##[group]Run actions/upload-artifact@v4
2026-10-07T08:01:10.2056192Z with:
2026-10-07T08:01:10.2056488Z   name: daily-breakdown-account-v26-results-5
2026-10-07T08:01:10.2056864Z   path: result-5/
2026-10-07T08:01:10.2057136Z   retention-days: 30
2026-10-07T08:01:10.2057419Z   compression-level: 0
2026-10-07T08:01:10.2057699Z   if-no-files-found: warn
2026-10-07T08:01:10.2057994Z   overwrite: false
2026-10-07T08:01:10.2058265Z   include-hidden-files: false
2026-10-07T08:01:10.2058559Z env:
2026-10-07T08:01:10.2061757Z   GH_TOKEN: ***
2026-10-07T08:01:10.2062128Z   pythonLocation: /opt/hostedtoolcache/Python/3.12.14/x64
2026-10-07T08:01:10.2062648Z   PKG_CONFIG_PATH: /opt/hostedtoolcache/Python/3.12.14/x64/lib/pkgconfig
2026-10-07T08:01:10.2063145Z   Python_ROOT_DIR: /opt/hostedtoolcache/Python/3.12.14/x64
2026-10-07T08:01:10.2063599Z   Python2_ROOT_DIR: /opt/hostedtoolcache/Python/3.12.14/x64
2026-10-07T08:01:10.2064294Z   Python3_ROOT_DIR: /opt/hostedtoolcache/Python/3.12.14/x64
2026-10-07T08:01:10.2064789Z   LD_LIBRARY_PATH: /opt/hostedtoolcache/Python/3.12.14/x64/lib
2026-10-07T08:01:10.2065174Z ##[endgroup]
2026-10-07T08:01:10.3718362Z (node:2435) [DEP0040] DeprecationWarning: The `punycode` module is deprecated. Please use a userland alternative instead.
2026-10-07T08:01:10.3719276Z (Use `node --trace-deprecation ...` to show where the warning was created)
2026-10-07T08:01:10.3902961Z With the provided path, there will be 30 files uploaded
2026-10-07T08:01:10.3903970Z Artifact name is valid!
2026-10-07T08:01:10.3904471Z Root directory input is valid!
2026-10-07T08:01:10.6739167Z Beginning upload of artifact content to blob storage
2026-10-07T08:01:10.7605421Z (node:2435) [DEP0169] DeprecationWarning: `url.parse()` behavior is not standardized and prone to errors that have security implications. Use the WHATWG URL API instead. CVEs are not issued for `url.parse()` vulnerabilities.
2026-10-07T08:01:11.4353946Z Uploaded bytes 7849715
2026-10-07T08:01:11.4819859Z Finished uploading artifact content to blob storage!
2026-10-07T08:01:11.4821674Z SHA256 digest of uploaded artifact zip is 1e86621ee62702d1f8da7796c7394284362cc8f8d20ba70b4192db79e471d1c6
2026-10-07T08:01:11.4822755Z Finalizing artifact upload
2026-10-07T08:01:11.7278481Z Artifact daily-breakdown-account-v26-results-5.zip successfully finalized. Artifact ID 11468990664
2026-10-07T08:01:11.7279791Z Artifact daily-breakdown-account-v26-results-5 has been successfully uploaded! Final size is 7849715 bytes. Artifact ID is 11468990664
2026-10-07T08:01:11.7285870Z Artifact download URL: https://github.com/duuu-hub/bb-scanner/actions/runs/37590305587/artifacts/11468990664
2026-10-07T08:01:11.7464432Z Post job cleanup.
2026-10-07T08:01:11.8667719Z (node:2448) [DEP0040] DeprecationWarning: The `punycode` module is deprecated. Please use a userland alternative instead.
2026-10-07T08:01:11.8668703Z (Use `node --trace-deprecation ...` to show where the warning was created)
2026-10-07T08:01:11.8895574Z Post job cleanup.
2026-10-07T08:01:11.9873475Z [command]/usr/bin/git version
2026-10-07T08:01:11.9916782Z git version 2.55.0
2026-10-07T08:01:11.9957370Z Temporarily overriding HOME='/home/runner/work/_temp/da987776-0994-4233-98eb-cd0a434734bd' before making global git config changes
2026-10-07T08:01:11.9958980Z Adding repository directory to the temporary git global config as a safe directory
2026-10-07T08:01:11.9963999Z [command]/usr/bin/git config --global --add safe.directory /home/runner/work/bb-scanner/bb-scanner
2026-10-07T08:01:12.0005246Z [command]/usr/bin/git config --local --name-only --get-regexp core\.sshCommand
2026-10-07T08:01:12.0042286Z [command]/usr/bin/git submodule foreach --recursive sh -c "git config --local --name-only --get-regexp 'core\.sshCommand' && git config --local --unset-all 'core.sshCommand' || :"
2026-10-07T08:01:12.0305911Z [command]/usr/bin/git config --local --name-only --get-regexp http\.https\:\/\/github\.com\/\.extraheader
2026-10-07T08:01:12.0339720Z http.https://github.com/.extraheader
2026-10-07T08:01:12.0352706Z [command]/usr/bin/git config --local --unset-all http.https://github.com/.extraheader
2026-10-07T08:01:12.0389903Z [command]/usr/bin/git submodule foreach --recursive sh -c "git config --local --name-only --get-regexp 'http\.https\:\/\/github\.com\/\.extraheader' && git config --local --unset-all 'http.https://github.com/.extraheader' || :"
2026-10-07T08:01:12.0676914Z [command]/usr/bin/git config --local --name-only --get-regexp ^includeIf\.gitdir:
2026-10-07T08:01:12.0723442Z [command]/usr/bin/git submodule foreach --recursive git config --local --show-origin --name-only --get-regexp remote.origin.url
2026-10-07T08:01:12.1138656Z Cleaning up orphan processes
2026-10-07T08:01:12.1455853Z ##[warning]Node.js 20 is deprecated. The following actions target Node.js 20 but are being forced to run on Node.js 24: actions/checkout@v4, actions/download-artifact@v4, actions/setup-python@v5, actions/upload-artifact@v4. For more information see: https://github.blog/changelog/2025-09-19-deprecation-of-node-20-on-github-actions-runners/
