2026-10-03T05:37:15.6715770Z Current runner version: '2.337.0'
2026-10-03T05:37:15.6736665Z ##[group]Runner Image Provisioner
2026-10-03T05:37:15.6737532Z Hosted Compute Agent
2026-10-03T05:37:15.6738100Z Version: 20260901.588
2026-10-03T05:37:15.6738694Z Commit: f88ec8081b781fac6c440065ac7ff9e710ce3d0b
2026-10-03T05:37:15.6739326Z Build Date: 2026-09-01T19:56:44Z
2026-10-03T05:37:15.6739901Z Worker ID: {a74a9022-e1e5-432e-ba5a-887c847745a6}
2026-10-03T05:37:15.6740478Z Azure Region: westcentralus
2026-10-03T05:37:15.6741048Z ##[endgroup]
2026-10-03T05:37:15.6742276Z ##[group]Operating System
2026-10-03T05:37:15.6742825Z Ubuntu
2026-10-03T05:37:15.6743278Z 24.04.5
2026-10-03T05:37:15.6743699Z LTS
2026-10-03T05:37:15.6744474Z ##[endgroup]
2026-10-03T05:37:15.6744993Z ##[group]Runner Image
2026-10-03T05:37:15.6745516Z Image: ubuntu-24.04
2026-10-03T05:37:15.6745996Z Version: 20260927.320.1
2026-10-03T05:37:15.6747329Z Included Software: https://github.com/actions/runner-images/blob/ubuntu24/20260927.320/images/ubuntu/Ubuntu2404-Readme.md
2026-10-03T05:37:15.6748628Z Image Release: https://github.com/actions/runner-images/releases/tag/ubuntu24%2F20260927.320
2026-10-03T05:37:15.6749431Z ##[endgroup]
2026-10-03T05:37:15.6750377Z ##[group]GITHUB_TOKEN Permissions
2026-10-03T05:37:15.6752177Z Actions: read
2026-10-03T05:37:15.6752709Z Contents: read
2026-10-03T05:37:15.6753228Z Metadata: read
2026-10-03T05:37:15.6753734Z ##[endgroup]
2026-10-03T05:37:15.6755412Z Secret source: Actions
2026-10-03T05:37:15.6756283Z Cache mode: write
2026-10-03T05:37:15.6757099Z Prepare workflow directory
2026-10-03T05:37:15.7166505Z Prepare all required actions
2026-10-03T05:37:15.7205830Z Getting action download info
2026-10-03T05:37:16.0034275Z Download action repository 'actions/checkout@v4' (SHA:11d5960a326750d5838078e36cf38b85af677262)
2026-10-03T05:37:16.3171124Z Download action repository 'actions/setup-python@v5' (SHA:a26af69be951a213d495a4c3e4e4022e16d87065)
2026-10-03T05:37:16.6075611Z Download action repository 'actions/cache@v4' (SHA:0057852bfaa89a56745cba8c7296529d2fc39830)
2026-10-03T05:37:16.8629737Z Download action repository 'actions/download-artifact@v4' (SHA:d3f86a106a0bac45b974a628896c90dbdf5c8093)
2026-10-03T05:37:17.4539627Z Download action repository 'actions/upload-artifact@v4' (SHA:ea165f8d65b6e75b540449e92b4886f43607fa02)
2026-10-03T05:37:17.7068799Z Complete job name: development (3)
2026-10-03T05:37:17.7757901Z ##[group]Run actions/checkout@v4
2026-10-03T05:37:17.7759032Z with:
2026-10-03T05:37:17.7759703Z   repository: duuu-hub/bb-scanner
2026-10-03T05:37:17.7767230Z   token: ***
2026-10-03T05:37:17.7767912Z   ssh-strict: true
2026-10-03T05:37:17.7768595Z   ssh-user: git
2026-10-03T05:37:17.7769315Z   persist-credentials: true
2026-10-03T05:37:17.7770080Z   clean: true
2026-10-03T05:37:17.7770795Z   sparse-checkout-cone-mode: true
2026-10-03T05:37:17.7771623Z   fetch-depth: 1
2026-10-03T05:37:17.7772314Z   fetch-tags: false
2026-10-03T05:37:17.7773022Z   show-progress: true
2026-10-03T05:37:17.7773718Z   lfs: false
2026-10-03T05:37:17.7774406Z   submodules: false
2026-10-03T05:37:17.7775125Z   set-safe-directory: true
2026-10-03T05:37:17.7775929Z   allow-unsafe-pr-checkout: false
2026-10-03T05:37:17.7777197Z env:
2026-10-03T05:37:17.7784303Z   GH_TOKEN: ***
2026-10-03T05:37:17.7784978Z ##[endgroup]
2026-10-03T05:37:17.8595091Z Syncing repository: duuu-hub/bb-scanner
2026-10-03T05:37:17.8597577Z ##[group]Getting Git version info
2026-10-03T05:37:17.8598697Z Working directory is '/home/runner/work/bb-scanner/bb-scanner'
2026-10-03T05:37:17.8627251Z [command]/usr/bin/git version
2026-10-03T05:37:17.8719961Z git version 2.55.0
2026-10-03T05:37:17.8739939Z ##[endgroup]
2026-10-03T05:37:17.8752292Z Temporarily overriding HOME='/home/runner/work/_temp/3c9ce404-4a56-4307-8d88-a886ee73cea3' before making global git config changes
2026-10-03T05:37:17.8835026Z Adding repository directory to the temporary git global config as a safe directory
2026-10-03T05:37:17.8837954Z [command]/usr/bin/git config --global --add safe.directory /home/runner/work/bb-scanner/bb-scanner
2026-10-03T05:37:17.8841803Z Deleting the contents of '/home/runner/work/bb-scanner/bb-scanner'
2026-10-03T05:37:17.8843658Z ##[group]Initializing the repository
2026-10-03T05:37:17.8845071Z [command]/usr/bin/git init /home/runner/work/bb-scanner/bb-scanner
2026-10-03T05:37:17.8890786Z hint: Using 'master' as the name for the initial branch. This default branch name
2026-10-03T05:37:17.8893589Z hint: will change to "main" in Git 3.0. To configure the initial branch name
2026-10-03T05:37:17.8897295Z hint: to use in all of your new repositories, which will suppress this warning,
2026-10-03T05:37:17.8899325Z hint: call:
2026-10-03T05:37:17.8900978Z hint:
2026-10-03T05:37:17.8902599Z hint: 	git config --global init.defaultBranch <name>
2026-10-03T05:37:17.8904242Z hint:
2026-10-03T05:37:17.8905769Z hint: Names commonly chosen instead of 'master' are 'main', 'trunk' and
2026-10-03T05:37:17.8908011Z hint: 'development'. The just-created branch can be renamed via this command:
2026-10-03T05:37:17.8909894Z hint:
2026-10-03T05:37:17.8910860Z hint: 	git branch -m <name>
2026-10-03T05:37:17.8911955Z hint:
2026-10-03T05:37:17.8913451Z hint: Disable this message with "git config set advice.defaultBranchName false"
2026-10-03T05:37:17.8915884Z Initialized empty Git repository in /home/runner/work/bb-scanner/bb-scanner/.git/
2026-10-03T05:37:17.8919910Z [command]/usr/bin/git remote add origin https://github.com/duuu-hub/bb-scanner
2026-10-03T05:37:17.8978193Z ##[endgroup]
2026-10-03T05:37:17.8979411Z ##[group]Disabling automatic garbage collection
2026-10-03T05:37:17.8980492Z [command]/usr/bin/git config --local gc.auto 0
2026-10-03T05:37:17.9007209Z ##[endgroup]
2026-10-03T05:37:17.9008569Z ##[group]Setting up auth
2026-10-03T05:37:17.9012524Z [command]/usr/bin/git config --local --name-only --get-regexp core\.sshCommand
2026-10-03T05:37:17.9045730Z [command]/usr/bin/git submodule foreach --recursive sh -c "git config --local --name-only --get-regexp 'core\.sshCommand' && git config --local --unset-all 'core.sshCommand' || :"
2026-10-03T05:37:17.9411422Z [command]/usr/bin/git config --local --name-only --get-regexp http\.https\:\/\/github\.com\/\.extraheader
2026-10-03T05:37:17.9444846Z [command]/usr/bin/git submodule foreach --recursive sh -c "git config --local --name-only --get-regexp 'http\.https\:\/\/github\.com\/\.extraheader' && git config --local --unset-all 'http.https://github.com/.extraheader' || :"
2026-10-03T05:37:17.9633936Z [command]/usr/bin/git config --local --name-only --get-regexp ^includeIf\.gitdir:
2026-10-03T05:37:17.9665171Z [command]/usr/bin/git submodule foreach --recursive git config --local --show-origin --name-only --get-regexp remote.origin.url
2026-10-03T05:37:17.9854291Z [command]/usr/bin/git config --local http.https://github.com/.extraheader AUTHORIZATION: basic ***
2026-10-03T05:37:17.9890247Z ##[endgroup]
2026-10-03T05:37:17.9892053Z ##[group]Fetching the repository
2026-10-03T05:37:17.9900274Z [command]/usr/bin/git -c protocol.version=2 fetch --no-tags --prune --no-recurse-submodules --depth=1 origin +bc72e1d7d90ba3eff0e9b1efe4107750c8c61d2a:refs/remotes/origin/research-session-opening-impulse-v18
2026-10-03T05:37:19.5483394Z From https://github.com/duuu-hub/bb-scanner
2026-10-03T05:37:19.5484285Z  * [new ref]         bc72e1d7d90ba3eff0e9b1efe4107750c8c61d2a -> origin/research-session-opening-impulse-v18
2026-10-03T05:37:19.5487003Z ##[endgroup]
2026-10-03T05:37:19.5487607Z ##[group]Determining the checkout info
2026-10-03T05:37:19.5489999Z ##[endgroup]
2026-10-03T05:37:19.5495092Z [command]/usr/bin/git sparse-checkout disable
2026-10-03T05:37:19.5553080Z [command]/usr/bin/git config --local --unset-all extensions.worktreeConfig
2026-10-03T05:37:19.5609552Z ##[group]Checking out the ref
2026-10-03T05:37:19.5629547Z [command]/usr/bin/git checkout --progress --force -B research-session-opening-impulse-v18 refs/remotes/origin/research-session-opening-impulse-v18
2026-10-03T05:37:19.7532003Z Switched to a new branch 'research-session-opening-impulse-v18'
2026-10-03T05:37:19.7585838Z branch 'research-session-opening-impulse-v18' set up to track 'origin/research-session-opening-impulse-v18'.
2026-10-03T05:37:19.7594525Z ##[endgroup]
2026-10-03T05:37:19.7647934Z [command]/usr/bin/git log -1 --format=%H
2026-10-03T05:37:19.7661799Z bc72e1d7d90ba3eff0e9b1efe4107750c8c61d2a
2026-10-03T05:37:19.7872714Z ##[group]Run actions/setup-python@v5
2026-10-03T05:37:19.7872970Z with:
2026-10-03T05:37:19.7873136Z   python-version: 3.12
2026-10-03T05:37:19.7873321Z   check-latest: false
2026-10-03T05:37:19.7875368Z   token: ***
2026-10-03T05:37:19.7875555Z   update-environment: true
2026-10-03T05:37:19.7875762Z   allow-prereleases: false
2026-10-03T05:37:19.7875963Z   freethreaded: false
2026-10-03T05:37:19.7876136Z env:
2026-10-03T05:37:19.7878467Z   GH_TOKEN: ***
2026-10-03T05:37:19.7878644Z ##[endgroup]
2026-10-03T05:37:19.8912590Z ##[group]Installed versions
2026-10-03T05:37:19.9102802Z (node:2192) [DEP0040] DeprecationWarning: The `punycode` module is deprecated. Please use a userland alternative instead.
2026-10-03T05:37:19.9103930Z (Use `node --trace-deprecation ...` to show where the warning was created)
2026-10-03T05:37:19.9104421Z Successfully set up CPython (3.12.14)
2026-10-03T05:37:19.9105035Z ##[endgroup]
2026-10-03T05:37:19.9268932Z ##[group]Run pip install pandas==2.3.3 numpy==2.3.3
2026-10-03T05:37:19.9269480Z [36;1mpip install pandas==2.3.3 numpy==2.3.3[0m
2026-10-03T05:37:19.9520331Z shell: /usr/bin/bash -e {0}
2026-10-03T05:37:19.9520611Z env:
2026-10-03T05:37:19.9522841Z   GH_TOKEN: ***
2026-10-03T05:37:19.9523095Z   pythonLocation: /opt/hostedtoolcache/Python/3.12.14/x64
2026-10-03T05:37:19.9523482Z   PKG_CONFIG_PATH: /opt/hostedtoolcache/Python/3.12.14/x64/lib/pkgconfig
2026-10-03T05:37:19.9523836Z   Python_ROOT_DIR: /opt/hostedtoolcache/Python/3.12.14/x64
2026-10-03T05:37:19.9524147Z   Python2_ROOT_DIR: /opt/hostedtoolcache/Python/3.12.14/x64
2026-10-03T05:37:19.9524444Z   Python3_ROOT_DIR: /opt/hostedtoolcache/Python/3.12.14/x64
2026-10-03T05:37:19.9524743Z   LD_LIBRARY_PATH: /opt/hostedtoolcache/Python/3.12.14/x64/lib
2026-10-03T05:37:19.9525032Z ##[endgroup]
2026-10-03T05:37:21.0059741Z Collecting pandas==2.3.3
2026-10-03T05:37:21.0933897Z   Downloading pandas-2.3.3-cp312-cp312-manylinux_2_24_x86_64.manylinux_2_28_x86_64.whl.metadata (91 kB)
2026-10-03T05:37:21.3307779Z Collecting numpy==2.3.3
2026-10-03T05:37:21.3518778Z   Downloading numpy-2.3.3-cp312-cp312-manylinux_2_27_x86_64.manylinux_2_28_x86_64.whl.metadata (62 kB)
2026-10-03T05:37:21.3919334Z Collecting python-dateutil>=2.8.2 (from pandas==2.3.3)
2026-10-03T05:37:21.4110377Z   Downloading python_dateutil-2.9.0.post0-py2.py3-none-any.whl.metadata (8.4 kB)
2026-10-03T05:37:21.4604607Z Collecting pytz>=2020.1 (from pandas==2.3.3)
2026-10-03T05:37:21.4817171Z   Downloading pytz-2026.4-py2.py3-none-any.whl.metadata (22 kB)
2026-10-03T05:37:21.5746010Z Collecting tzdata>=2022.7 (from pandas==2.3.3)
2026-10-03T05:37:21.5934965Z   Downloading tzdata-2026.4-py2.py3-none-any.whl.metadata (1.4 kB)
2026-10-03T05:37:21.6217903Z Collecting six>=1.5 (from python-dateutil>=2.8.2->pandas==2.3.3)
2026-10-03T05:37:21.6407624Z   Downloading six-1.17.0-py2.py3-none-any.whl.metadata (1.7 kB)
2026-10-03T05:37:21.6631467Z Downloading pandas-2.3.3-cp312-cp312-manylinux_2_24_x86_64.manylinux_2_28_x86_64.whl (12.4 MB)
2026-10-03T05:37:22.0282471Z    ━━━━━━━━━━━━━━━━━━━━━━━━━━━━━━━━━━━━━━━━ 12.4/12.4 MB 37.0 MB/s  0:00:00
2026-10-03T05:37:22.0502372Z Downloading numpy-2.3.3-cp312-cp312-manylinux_2_27_x86_64.manylinux_2_28_x86_64.whl (16.6 MB)
2026-10-03T05:37:22.2145095Z    ━━━━━━━━━━━━━━━━━━━━━━━━━━━━━━━━━━━━━━━━ 16.6/16.6 MB 101.1 MB/s  0:00:00
2026-10-03T05:37:22.2338207Z Downloading python_dateutil-2.9.0.post0-py2.py3-none-any.whl (229 kB)
2026-10-03T05:37:22.2554234Z Downloading pytz-2026.4-py2.py3-none-any.whl (506 kB)
2026-10-03T05:37:22.2783758Z Downloading six-1.17.0-py2.py3-none-any.whl (11 kB)
2026-10-03T05:37:22.3006251Z Downloading tzdata-2026.4-py2.py3-none-any.whl (347 kB)
2026-10-03T05:37:22.7233571Z Installing collected packages: pytz, tzdata, six, numpy, python-dateutil, pandas
2026-10-03T05:37:28.6083255Z 
2026-10-03T05:37:28.6094170Z Successfully installed numpy-2.3.3 pandas-2.3.3 python-dateutil-2.9.0.post0 pytz-2026.4 six-1.17.0 tzdata-2026.4
2026-10-03T05:37:28.6695950Z ##[group]Run actions/cache@v4
2026-10-03T05:37:28.6696163Z with:
2026-10-03T05:37:28.6696318Z   path: data
2026-10-03T05:37:28.6696500Z   key: frozen-source-36095439671-15m-shard-3
2026-10-03T05:37:28.6696878Z   enableCrossOsArchive: false
2026-10-03T05:37:28.6697077Z   fail-on-cache-miss: false
2026-10-03T05:37:28.6697263Z   lookup-only: false
2026-10-03T05:37:28.6697430Z   save-always: false
2026-10-03T05:37:28.6697600Z env:
2026-10-03T05:37:28.6699826Z   GH_TOKEN: ***
2026-10-03T05:37:28.6700068Z   pythonLocation: /opt/hostedtoolcache/Python/3.12.14/x64
2026-10-03T05:37:28.6700408Z   PKG_CONFIG_PATH: /opt/hostedtoolcache/Python/3.12.14/x64/lib/pkgconfig
2026-10-03T05:37:28.6700733Z   Python_ROOT_DIR: /opt/hostedtoolcache/Python/3.12.14/x64
2026-10-03T05:37:28.6701032Z   Python2_ROOT_DIR: /opt/hostedtoolcache/Python/3.12.14/x64
2026-10-03T05:37:28.6701350Z   Python3_ROOT_DIR: /opt/hostedtoolcache/Python/3.12.14/x64
2026-10-03T05:37:28.6701668Z   LD_LIBRARY_PATH: /opt/hostedtoolcache/Python/3.12.14/x64/lib
2026-10-03T05:37:28.6701927Z ##[endgroup]
2026-10-03T05:37:28.7546560Z (node:2227) [DEP0040] DeprecationWarning: The `punycode` module is deprecated. Please use a userland alternative instead.
2026-10-03T05:37:28.7547292Z (Use `node --trace-deprecation ...` to show where the warning was created)
2026-10-03T05:37:28.9211605Z Cache hit for: frozen-source-36095439671-15m-shard-3
2026-10-03T05:37:28.9292868Z (node:2227) [DEP0169] DeprecationWarning: `url.parse()` behavior is not standardized and prone to errors that have security implications. Use the WHATWG URL API instead. CVEs are not issued for `url.parse()` vulnerabilities.
2026-10-03T05:37:30.1311565Z Received 54525952 of 229873151 (23.7%), 52.1 MBs/sec
2026-10-03T05:37:30.9871041Z Received 229873151 of 229873151 (100.0%), 118.2 MBs/sec
2026-10-03T05:37:30.9872942Z Cache Size: ~219 MB (229873151 B)
2026-10-03T05:37:30.9928114Z [command]/usr/bin/tar -xf /home/runner/work/_temp/3ec8cbf4-ded3-4dd3-9106-1aa29b9f49da/cache.tzst -P -C /home/runner/work/bb-scanner/bb-scanner --use-compress-program unzstd
2026-10-03T05:37:31.2998362Z Cache restored successfully
2026-10-03T05:37:31.3148471Z Cache restored from key: frozen-source-36095439671-15m-shard-3
2026-10-03T05:37:31.3289294Z ##[group]Run set -euo pipefail
2026-10-03T05:37:31.3289591Z [36;1mset -euo pipefail[0m
2026-10-03T05:37:31.3289807Z [36;1mif [ 'true' != 'true' ]; then[0m
2026-10-03T05:37:31.3290211Z [36;1m  gh run download 36095439671 -R duuu-hub/bb-scanner -n rank5-binance-um-15m-5y-data-shard-3 -D data[0m
2026-10-03T05:37:31.3290613Z [36;1mfi[0m
2026-10-03T05:37:31.3290886Z [36;1mgh run download 36858492497 -R duuu-hub/bb-scanner -n day-edge-v2-btc -D btc[0m
2026-10-03T05:37:31.3291405Z [36;1mgh run download 36095439671 -R duuu-hub/bb-scanner -n rank5-binance-um-15m-5y-manifest-shard-3 -D source-manifest[0m
2026-10-03T05:37:31.3292267Z [36;1mpython scripts/research_evidence_archive.py verify-source --data data --manifests source-manifest --baseline research/session-opening-impulse-v18/FROZEN_INPUT_HASHES.json --out source-check.json[0m
2026-10-03T05:37:31.3348933Z shell: /usr/bin/bash -e {0}
2026-10-03T05:37:31.3349152Z env:
2026-10-03T05:37:31.3351270Z   GH_TOKEN: ***
2026-10-03T05:37:31.3351561Z   pythonLocation: /opt/hostedtoolcache/Python/3.12.14/x64
2026-10-03T05:37:31.3351906Z   PKG_CONFIG_PATH: /opt/hostedtoolcache/Python/3.12.14/x64/lib/pkgconfig
2026-10-03T05:37:31.3352244Z   Python_ROOT_DIR: /opt/hostedtoolcache/Python/3.12.14/x64
2026-10-03T05:37:31.3352551Z   Python2_ROOT_DIR: /opt/hostedtoolcache/Python/3.12.14/x64
2026-10-03T05:37:31.3352858Z   Python3_ROOT_DIR: /opt/hostedtoolcache/Python/3.12.14/x64
2026-10-03T05:37:31.3353167Z   LD_LIBRARY_PATH: /opt/hostedtoolcache/Python/3.12.14/x64/lib
2026-10-03T05:37:31.3353432Z ##[endgroup]
2026-10-03T05:37:38.9349551Z FROZEN_SOURCE_VERIFIED 106 files 31 prior SHA256 matches
2026-10-03T05:37:38.9804174Z ##[group]Run actions/download-artifact@v4
2026-10-03T05:37:38.9804420Z with:
2026-10-03T05:37:38.9804620Z   name: session-opening-impulse-v18-dev-breadth
2026-10-03T05:37:38.9804864Z   path: dev-breadth
2026-10-03T05:37:38.9805039Z   merge-multiple: false
2026-10-03T05:37:38.9805232Z   repository: duuu-hub/bb-scanner
2026-10-03T05:37:38.9805442Z   run-id: 37100246454
2026-10-03T05:37:38.9805615Z env:
2026-10-03T05:37:38.9808030Z   GH_TOKEN: ***
2026-10-03T05:37:38.9808279Z   pythonLocation: /opt/hostedtoolcache/Python/3.12.14/x64
2026-10-03T05:37:38.9808623Z   PKG_CONFIG_PATH: /opt/hostedtoolcache/Python/3.12.14/x64/lib/pkgconfig
2026-10-03T05:37:38.9808961Z   Python_ROOT_DIR: /opt/hostedtoolcache/Python/3.12.14/x64
2026-10-03T05:37:38.9809269Z   Python2_ROOT_DIR: /opt/hostedtoolcache/Python/3.12.14/x64
2026-10-03T05:37:38.9809563Z   Python3_ROOT_DIR: /opt/hostedtoolcache/Python/3.12.14/x64
2026-10-03T05:37:38.9809904Z   LD_LIBRARY_PATH: /opt/hostedtoolcache/Python/3.12.14/x64/lib
2026-10-03T05:37:38.9810166Z ##[endgroup]
2026-10-03T05:37:39.1000558Z Downloading single artifact
2026-10-03T05:37:39.1112128Z (node:2265) [DEP0040] DeprecationWarning: The `punycode` module is deprecated. Please use a userland alternative instead.
2026-10-03T05:37:39.1112847Z (Use `node --trace-deprecation ...` to show where the warning was created)
2026-10-03T05:37:39.2957240Z Preparing to download the following artifacts:
2026-10-03T05:37:39.2958175Z - session-opening-impulse-v18-dev-breadth (ID: 11266045768, Size: 323127, Expected Digest: sha256:0f5f65b60ca6be63b17f4986806ca58a5b245c3dc49576ade4ce295b9d94686e)
2026-10-03T05:37:39.4901781Z Redirecting to blob download url: https://productionresultssa1.blob.core.windows.net/actions-results/9e55719b-f855-8c76-a9b9-9f62f00e1ee9/workflow-job-run-70c506a1-2544-5edc-8ec3-a589784dd6ce/artifacts/8feedfb07e983193d780c8a391ad7e410f244345c803d58a4da734091eacc90f.zip
2026-10-03T05:37:39.4902835Z Starting download of artifact to: /home/runner/work/bb-scanner/bb-scanner/dev-breadth
2026-10-03T05:37:39.6893484Z (node:2265) [DEP0005] DeprecationWarning: Buffer() is deprecated due to security and usability issues. Please use the Buffer.alloc(), Buffer.allocUnsafe(), or Buffer.from() methods instead.
2026-10-03T05:37:39.9031313Z SHA256 digest of downloaded artifact is 0f5f65b60ca6be63b17f4986806ca58a5b245c3dc49576ade4ce295b9d94686e
2026-10-03T05:37:39.9031888Z Artifact download completed successfully.
2026-10-03T05:37:39.9032151Z Total of 1 artifact(s) downloaded
2026-10-03T05:37:39.9035898Z Download artifact has finished successfully
2026-10-03T05:37:39.9153265Z ##[group]Run actions/cache@v4
2026-10-03T05:37:39.9153489Z with:
2026-10-03T05:37:39.9153664Z   path: cache/verified-1m
2026-10-03T05:37:39.9153903Z   key: session-opening-impulse-v18-dev-1m-shard-3
2026-10-03T05:37:39.9154379Z   restore-keys: session-vwap-failed-auction-v17-dev-1m-shard-3
breadth-pullback-reclaim-v16-dev-1m-shard-3

2026-10-03T05:37:39.9154845Z   enableCrossOsArchive: false
2026-10-03T05:37:39.9155059Z   fail-on-cache-miss: false
2026-10-03T05:37:39.9155267Z   lookup-only: false
2026-10-03T05:37:39.9155448Z   save-always: false
2026-10-03T05:37:39.9155615Z env:
2026-10-03T05:37:39.9158061Z   GH_TOKEN: ***
2026-10-03T05:37:39.9158320Z   pythonLocation: /opt/hostedtoolcache/Python/3.12.14/x64
2026-10-03T05:37:39.9158681Z   PKG_CONFIG_PATH: /opt/hostedtoolcache/Python/3.12.14/x64/lib/pkgconfig
2026-10-03T05:37:39.9159046Z   Python_ROOT_DIR: /opt/hostedtoolcache/Python/3.12.14/x64
2026-10-03T05:37:39.9159395Z   Python2_ROOT_DIR: /opt/hostedtoolcache/Python/3.12.14/x64
2026-10-03T05:37:39.9159707Z   Python3_ROOT_DIR: /opt/hostedtoolcache/Python/3.12.14/x64
2026-10-03T05:37:39.9160016Z   LD_LIBRARY_PATH: /opt/hostedtoolcache/Python/3.12.14/x64/lib
2026-10-03T05:37:39.9160289Z ##[endgroup]
2026-10-03T05:37:39.9982100Z (node:2277) [DEP0040] DeprecationWarning: The `punycode` module is deprecated. Please use a userland alternative instead.
2026-10-03T05:37:39.9983269Z (Use `node --trace-deprecation ...` to show where the warning was created)
2026-10-03T05:37:40.1625018Z Cache not found for input keys: session-opening-impulse-v18-dev-1m-shard-3, session-vwap-failed-auction-v17-dev-1m-shard-3, breadth-pullback-reclaim-v16-dev-1m-shard-3
2026-10-03T05:37:40.1699091Z ##[group]Run python scripts/session_opening_impulse_v18.py scan --stage DEV --data data --btc btc/BTCUSDT.csv.gz --breadth dev-breadth --source-check source-check.json --out dev-3 --minute-cache cache/verified-1m
2026-10-03T05:37:40.1700250Z [36;1mpython scripts/session_opening_impulse_v18.py scan --stage DEV --data data --btc btc/BTCUSDT.csv.gz --breadth dev-breadth --source-check source-check.json --out dev-3 --minute-cache cache/verified-1m[0m
2026-10-03T05:37:40.1756671Z shell: /usr/bin/bash -e {0}
2026-10-03T05:37:40.1757114Z env:
2026-10-03T05:37:40.1759271Z   GH_TOKEN: ***
2026-10-03T05:37:40.1759543Z   pythonLocation: /opt/hostedtoolcache/Python/3.12.14/x64
2026-10-03T05:37:40.1759912Z   PKG_CONFIG_PATH: /opt/hostedtoolcache/Python/3.12.14/x64/lib/pkgconfig
2026-10-03T05:37:40.1760258Z   Python_ROOT_DIR: /opt/hostedtoolcache/Python/3.12.14/x64
2026-10-03T05:37:40.1760569Z   Python2_ROOT_DIR: /opt/hostedtoolcache/Python/3.12.14/x64
2026-10-03T05:37:40.1760921Z   Python3_ROOT_DIR: /opt/hostedtoolcache/Python/3.12.14/x64
2026-10-03T05:37:40.1761234Z   LD_LIBRARY_PATH: /opt/hostedtoolcache/Python/3.12.14/x64/lib
2026-10-03T05:37:40.1761504Z ##[endgroup]
2026-10-03T05:37:41.4028445Z /home/runner/work/bb-scanner/bb-scanner/scripts/session_opening_impulse_v18.py:79: RuntimeWarning: invalid value encountered in divide
2026-10-03T05:37:41.4029563Z   f['session_vwap'][k:z]=np.where(valid,numer/denom,np.nan)
2026-10-03T05:39:10.0957823Z /home/runner/work/bb-scanner/bb-scanner/scripts/session_opening_impulse_v18.py:79: RuntimeWarning: invalid value encountered in divide
2026-10-03T05:39:10.0958770Z   f['session_vwap'][k:z]=np.where(valid,numer/denom,np.nan)
2026-10-03T05:40:23.9753195Z V18_OPENING_IMPULSE_SCAN DEV 32 / 106 parameterized_outcomes 7158
2026-10-03T05:41:31.5991740Z /home/runner/work/bb-scanner/bb-scanner/scripts/session_opening_impulse_v18.py:79: RuntimeWarning: invalid value encountered in divide
2026-10-03T05:41:31.5992563Z   f['session_vwap'][k:z]=np.where(valid,numer/denom,np.nan)
2026-10-03T05:41:32.1182135Z V18_OPENING_IMPULSE_SCAN DEV 40 / 106 parameterized_outcomes 10254
2026-10-03T05:41:32.6716505Z /home/runner/work/bb-scanner/bb-scanner/scripts/session_opening_impulse_v18.py:79: RuntimeWarning: invalid value encountered in divide
2026-10-03T05:41:32.6717702Z   f['session_vwap'][k:z]=np.where(valid,numer/denom,np.nan)
2026-10-03T05:42:13.9010266Z V18_OPENING_IMPULSE_SCAN DEV 48 / 106 parameterized_outcomes 11382
2026-10-03T05:44:21.9476004Z /home/runner/work/bb-scanner/bb-scanner/scripts/session_opening_impulse_v18.py:79: RuntimeWarning: invalid value encountered in divide
2026-10-03T05:44:21.9476605Z   f['session_vwap'][k:z]=np.where(valid,numer/denom,np.nan)
2026-10-03T05:44:47.3797954Z /home/runner/work/bb-scanner/bb-scanner/scripts/session_opening_impulse_v18.py:79: RuntimeWarning: invalid value encountered in divide
2026-10-03T05:44:47.3798530Z   f['session_vwap'][k:z]=np.where(valid,numer/denom,np.nan)
2026-10-03T05:45:02.1549794Z V18_OPENING_IMPULSE_SCAN_DONE DEV 18432 chronology_exclusions 0
2026-10-03T05:45:02.2144166Z ##[group]Run actions/upload-artifact@v4
2026-10-03T05:45:02.2144404Z with:
2026-10-03T05:45:02.2144591Z   name: session-opening-impulse-v18-dev-3
2026-10-03T05:45:02.2144822Z   path: dev-3/
2026-10-03T05:45:02.2144990Z   retention-days: 30
2026-10-03T05:45:02.2145177Z   compression-level: 0
2026-10-03T05:45:02.2145362Z   if-no-files-found: warn
2026-10-03T05:45:02.2145550Z   overwrite: false
2026-10-03T05:45:02.2145732Z   include-hidden-files: false
2026-10-03T05:45:02.2145928Z env:
2026-10-03T05:45:02.2148443Z   GH_TOKEN: ***
2026-10-03T05:45:02.2148691Z   pythonLocation: /opt/hostedtoolcache/Python/3.12.14/x64
2026-10-03T05:45:02.2149042Z   PKG_CONFIG_PATH: /opt/hostedtoolcache/Python/3.12.14/x64/lib/pkgconfig
2026-10-03T05:45:02.2149550Z   Python_ROOT_DIR: /opt/hostedtoolcache/Python/3.12.14/x64
2026-10-03T05:45:02.2149855Z   Python2_ROOT_DIR: /opt/hostedtoolcache/Python/3.12.14/x64
2026-10-03T05:45:02.2150157Z   Python3_ROOT_DIR: /opt/hostedtoolcache/Python/3.12.14/x64
2026-10-03T05:45:02.2150479Z   LD_LIBRARY_PATH: /opt/hostedtoolcache/Python/3.12.14/x64/lib
2026-10-03T05:45:02.2150739Z ##[endgroup]
2026-10-03T05:45:02.3486664Z (node:2464) [DEP0040] DeprecationWarning: The `punycode` module is deprecated. Please use a userland alternative instead.
2026-10-03T05:45:02.3487745Z (Use `node --trace-deprecation ...` to show where the warning was created)
2026-10-03T05:45:02.4085319Z With the provided path, there will be 452 files uploaded
2026-10-03T05:45:02.4086393Z Artifact name is valid!
2026-10-03T05:45:02.4087139Z Root directory input is valid!
2026-10-03T05:45:02.7315985Z Beginning upload of artifact content to blob storage
2026-10-03T05:45:02.8624897Z (node:2464) [DEP0169] DeprecationWarning: `url.parse()` behavior is not standardized and prone to errors that have security implications. Use the WHATWG URL API instead. CVEs are not issued for `url.parse()` vulnerabilities.
2026-10-03T05:45:03.5287584Z Uploaded bytes 8388608
2026-10-03T05:45:03.5491708Z Uploaded bytes 16777216
2026-10-03T05:45:03.5761516Z Uploaded bytes 25165824
2026-10-03T05:45:03.5914853Z Uploaded bytes 33554432
2026-10-03T05:45:03.7754915Z Uploaded bytes 41943040
2026-10-03T05:45:03.7835712Z Uploaded bytes 50331648
2026-10-03T05:45:03.8097206Z Uploaded bytes 58720256
2026-10-03T05:45:03.8414052Z Uploaded bytes 67108864
2026-10-03T05:45:03.9612292Z Uploaded bytes 75497472
2026-10-03T05:45:04.0325571Z Uploaded bytes 83886080
2026-10-03T05:45:04.0707750Z Uploaded bytes 92274688
2026-10-03T05:45:04.0989754Z Uploaded bytes 100663296
2026-10-03T05:45:04.1742272Z Uploaded bytes 109051904
2026-10-03T05:45:04.2894470Z Uploaded bytes 117440512
2026-10-03T05:45:04.2968699Z Uploaded bytes 125829120
2026-10-03T05:45:04.3835655Z Uploaded bytes 134217728
2026-10-03T05:45:04.4250162Z Uploaded bytes 142606336
2026-10-03T05:45:04.4897690Z Uploaded bytes 150994944
2026-10-03T05:45:04.5158568Z Uploaded bytes 159383552
2026-10-03T05:45:04.6504147Z Uploaded bytes 167772160
2026-10-03T05:45:04.6618429Z Uploaded bytes 176160768
2026-10-03T05:45:04.7258686Z Uploaded bytes 184549376
2026-10-03T05:45:04.7486991Z Uploaded bytes 192937984
2026-10-03T05:45:04.8869907Z Uploaded bytes 201326592
2026-10-03T05:45:04.9630416Z Uploaded bytes 202599800
2026-10-03T05:45:05.0167924Z Finished uploading artifact content to blob storage!
2026-10-03T05:45:05.0170341Z SHA256 digest of uploaded artifact zip is 111ed5346a41659656d1dd77dcf705c088b843cd503d5e506c1d8455d1b9efc0
2026-10-03T05:45:05.0172588Z Finalizing artifact upload
2026-10-03T05:45:05.2473127Z Artifact session-opening-impulse-v18-dev-3.zip successfully finalized. Artifact ID 11266705115
2026-10-03T05:45:05.2474236Z Artifact session-opening-impulse-v18-dev-3 has been successfully uploaded! Final size is 202599800 bytes. Artifact ID is 11266705115
2026-10-03T05:45:05.2480045Z Artifact download URL: https://github.com/duuu-hub/bb-scanner/actions/runs/37100246454/artifacts/11266705115
2026-10-03T05:45:05.2687919Z Post job cleanup.
2026-10-03T05:45:05.3565950Z (node:2485) [DEP0040] DeprecationWarning: The `punycode` module is deprecated. Please use a userland alternative instead.
2026-10-03T05:45:05.3566694Z (Use `node --trace-deprecation ...` to show where the warning was created)
2026-10-03T05:45:05.3743607Z [command]/usr/bin/tar --posix -cf cache.tzst --exclude cache.tzst -P -C /home/runner/work/bb-scanner/bb-scanner --files-from manifest.txt --use-compress-program zstdmt
2026-10-03T05:45:05.8100956Z (node:2485) [DEP0169] DeprecationWarning: `url.parse()` behavior is not standardized and prone to errors that have security implications. Use the WHATWG URL API instead. CVEs are not issued for `url.parse()` vulnerabilities.
2026-10-03T05:45:06.8047832Z Sent 0 of 245988715 (0.0%), 0.0 MBs/sec
2026-10-03T05:45:07.3543891Z Sent 245988715 of 245988715 (100.0%), 151.0 MBs/sec
2026-10-03T05:45:07.4713357Z Cache saved with key: session-opening-impulse-v18-dev-1m-shard-3
2026-10-03T05:45:07.4835039Z Post job cleanup.
2026-10-03T05:45:07.5738871Z Cache hit occurred on the primary key frozen-source-36095439671-15m-shard-3, not saving cache.
2026-10-03T05:45:07.5740050Z (node:2505) [DEP0040] DeprecationWarning: The `punycode` module is deprecated. Please use a userland alternative instead.
2026-10-03T05:45:07.5740918Z (Use `node --trace-deprecation ...` to show where the warning was created)
2026-10-03T05:45:07.5828660Z Post job cleanup.
2026-10-03T05:45:07.6794905Z (node:2513) [DEP0040] DeprecationWarning: The `punycode` module is deprecated. Please use a userland alternative instead.
2026-10-03T05:45:07.6795809Z (Use `node --trace-deprecation ...` to show where the warning was created)
2026-10-03T05:45:07.6974218Z Post job cleanup.
2026-10-03T05:45:07.7687434Z [command]/usr/bin/git version
2026-10-03T05:45:07.7709980Z git version 2.55.0
2026-10-03T05:45:07.7739447Z Temporarily overriding HOME='/home/runner/work/_temp/1bad0cdf-ecc4-44bc-932d-791685aea568' before making global git config changes
2026-10-03T05:45:07.7740477Z Adding repository directory to the temporary git global config as a safe directory
2026-10-03T05:45:07.7743541Z [command]/usr/bin/git config --global --add safe.directory /home/runner/work/bb-scanner/bb-scanner
2026-10-03T05:45:07.7775548Z [command]/usr/bin/git config --local --name-only --get-regexp core\.sshCommand
2026-10-03T05:45:07.7804613Z [command]/usr/bin/git submodule foreach --recursive sh -c "git config --local --name-only --get-regexp 'core\.sshCommand' && git config --local --unset-all 'core.sshCommand' || :"
2026-10-03T05:45:07.8014374Z [command]/usr/bin/git config --local --name-only --get-regexp http\.https\:\/\/github\.com\/\.extraheader
2026-10-03T05:45:07.8103751Z http.https://github.com/.extraheader
2026-10-03T05:45:07.8106211Z [command]/usr/bin/git config --local --unset-all http.https://github.com/.extraheader
2026-10-03T05:45:07.8138283Z [command]/usr/bin/git submodule foreach --recursive sh -c "git config --local --name-only --get-regexp 'http\.https\:\/\/github\.com\/\.extraheader' && git config --local --unset-all 'http.https://github.com/.extraheader' || :"
2026-10-03T05:45:07.8349217Z [command]/usr/bin/git config --local --name-only --get-regexp ^includeIf\.gitdir:
2026-10-03T05:45:07.8390134Z [command]/usr/bin/git submodule foreach --recursive git config --local --show-origin --name-only --get-regexp remote.origin.url
2026-10-03T05:45:07.8713149Z Cleaning up orphan processes
2026-10-03T05:45:07.8957988Z ##[warning]Node.js 20 is deprecated. The following actions target Node.js 20 but are being forced to run on Node.js 24: actions/cache@v4, actions/checkout@v4, actions/download-artifact@v4, actions/setup-python@v5, actions/upload-artifact@v4. For more information see: https://github.blog/changelog/2025-09-19-deprecation-of-node-20-on-github-actions-runners/
