2026-10-03T05:35:56.2749970Z Current runner version: '2.337.0'
2026-10-03T05:35:56.2775284Z ##[group]Runner Image Provisioner
2026-10-03T05:35:56.2776168Z Hosted Compute Agent
2026-10-03T05:35:56.2776878Z Version: 20260901.588
2026-10-03T05:35:56.2777502Z Commit: f88ec8081b781fac6c440065ac7ff9e710ce3d0b
2026-10-03T05:35:56.2778283Z Build Date: 2026-09-01T19:56:44Z
2026-10-03T05:35:56.2778980Z Worker ID: {ef4346a2-a61c-49cd-b82c-68f4437cc57e}
2026-10-03T05:35:56.2779720Z Azure Region: eastus
2026-10-03T05:35:56.2780363Z ##[endgroup]
2026-10-03T05:35:56.2781833Z ##[group]Operating System
2026-10-03T05:35:56.2782532Z Ubuntu
2026-10-03T05:35:56.2783077Z 24.04.5
2026-10-03T05:35:56.2784007Z LTS
2026-10-03T05:35:56.2785009Z ##[endgroup]
2026-10-03T05:35:56.2785589Z ##[group]Runner Image
2026-10-03T05:35:56.2786228Z Image: ubuntu-24.04
2026-10-03T05:35:56.2786799Z Version: 20260927.320.1
2026-10-03T05:35:56.2788143Z Included Software: https://github.com/actions/runner-images/blob/ubuntu24/20260927.320/images/ubuntu/Ubuntu2404-Readme.md
2026-10-03T05:35:56.2789691Z Image Release: https://github.com/actions/runner-images/releases/tag/ubuntu24%2F20260927.320
2026-10-03T05:35:56.2790705Z ##[endgroup]
2026-10-03T05:35:56.2791883Z ##[group]GITHUB_TOKEN Permissions
2026-10-03T05:35:56.2794395Z Actions: read
2026-10-03T05:35:56.2795011Z Contents: read
2026-10-03T05:35:56.2795694Z Metadata: read
2026-10-03T05:35:56.2796251Z ##[endgroup]
2026-10-03T05:35:56.2798349Z Secret source: Actions
2026-10-03T05:35:56.2799423Z Cache mode: write
2026-10-03T05:35:56.2800426Z Prepare workflow directory
2026-10-03T05:35:56.3313171Z Prepare all required actions
2026-10-03T05:35:56.3362218Z Getting action download info
2026-10-03T05:35:56.5409840Z Download action repository 'actions/checkout@v4' (SHA:11d5960a326750d5838078e36cf38b85af677262)
2026-10-03T05:35:56.6419653Z Download action repository 'actions/setup-python@v5' (SHA:a26af69be951a213d495a4c3e4e4022e16d87065)
2026-10-03T05:35:56.7207115Z Download action repository 'actions/cache@v4' (SHA:0057852bfaa89a56745cba8c7296529d2fc39830)
2026-10-03T05:35:56.8164818Z Download action repository 'actions/upload-artifact@v4' (SHA:ea165f8d65b6e75b540449e92b4886f43607fa02)
2026-10-03T05:35:57.0252927Z Complete job name: dev_breadth_map (7)
2026-10-03T05:35:57.0952476Z ##[group]Run actions/checkout@v4
2026-10-03T05:35:57.0953555Z with:
2026-10-03T05:35:57.0954018Z   repository: duuu-hub/bb-scanner
2026-10-03T05:35:57.0958048Z   token: ***
2026-10-03T05:35:57.0958478Z   ssh-strict: true
2026-10-03T05:35:57.0958922Z   ssh-user: git
2026-10-03T05:35:57.0959366Z   persist-credentials: true
2026-10-03T05:35:57.0959854Z   clean: true
2026-10-03T05:35:57.0960309Z   sparse-checkout-cone-mode: true
2026-10-03T05:35:57.0960827Z   fetch-depth: 1
2026-10-03T05:35:57.0961254Z   fetch-tags: false
2026-10-03T05:35:57.0961700Z   show-progress: true
2026-10-03T05:35:57.0962145Z   lfs: false
2026-10-03T05:35:57.0962560Z   submodules: false
2026-10-03T05:35:57.0963004Z   set-safe-directory: true
2026-10-03T05:35:57.0963712Z   allow-unsafe-pr-checkout: false
2026-10-03T05:35:57.0964528Z env:
2026-10-03T05:35:57.0968400Z   GH_TOKEN: ***
2026-10-03T05:35:57.0968827Z ##[endgroup]
2026-10-03T05:35:57.2024585Z Syncing repository: duuu-hub/bb-scanner
2026-10-03T05:35:57.2027469Z ##[group]Getting Git version info
2026-10-03T05:35:57.2028461Z Working directory is '/home/runner/work/bb-scanner/bb-scanner'
2026-10-03T05:35:57.2029523Z [command]/usr/bin/git version
2026-10-03T05:35:57.2092638Z git version 2.55.0
2026-10-03T05:35:57.2117566Z ##[endgroup]
2026-10-03T05:35:57.2135387Z Temporarily overriding HOME='/home/runner/work/_temp/e7bbf97f-6f39-4d8e-a28f-40c4de6a46af' before making global git config changes
2026-10-03T05:35:57.2137899Z Adding repository directory to the temporary git global config as a safe directory
2026-10-03T05:35:57.2142742Z [command]/usr/bin/git config --global --add safe.directory /home/runner/work/bb-scanner/bb-scanner
2026-10-03T05:35:57.2200603Z Deleting the contents of '/home/runner/work/bb-scanner/bb-scanner'
2026-10-03T05:35:57.2204460Z ##[group]Initializing the repository
2026-10-03T05:35:57.2209814Z [command]/usr/bin/git init /home/runner/work/bb-scanner/bb-scanner
2026-10-03T05:35:57.2320029Z hint: Using 'master' as the name for the initial branch. This default branch name
2026-10-03T05:35:57.2321518Z hint: will change to "main" in Git 3.0. To configure the initial branch name
2026-10-03T05:35:57.2322514Z hint: to use in all of your new repositories, which will suppress this warning,
2026-10-03T05:35:57.2323297Z hint: call:
2026-10-03T05:35:57.2324036Z hint:
2026-10-03T05:35:57.2324616Z hint: 	git config --global init.defaultBranch <name>
2026-10-03T05:35:57.2325277Z hint:
2026-10-03T05:35:57.2325909Z hint: Names commonly chosen instead of 'master' are 'main', 'trunk' and
2026-10-03T05:35:57.2326882Z hint: 'development'. The just-created branch can be renamed via this command:
2026-10-03T05:35:57.2327667Z hint:
2026-10-03T05:35:57.2328132Z hint: 	git branch -m <name>
2026-10-03T05:35:57.2328666Z hint:
2026-10-03T05:35:57.2329328Z hint: Disable this message with "git config set advice.defaultBranchName false"
2026-10-03T05:35:57.2336042Z Initialized empty Git repository in /home/runner/work/bb-scanner/bb-scanner/.git/
2026-10-03T05:35:57.2384950Z [command]/usr/bin/git remote add origin https://github.com/duuu-hub/bb-scanner
2026-10-03T05:35:57.2434901Z ##[endgroup]
2026-10-03T05:35:57.2436543Z ##[group]Disabling automatic garbage collection
2026-10-03T05:35:57.2439904Z [command]/usr/bin/git config --local gc.auto 0
2026-10-03T05:35:57.2479897Z ##[endgroup]
2026-10-03T05:35:57.2481722Z ##[group]Setting up auth
2026-10-03T05:35:57.2494619Z [command]/usr/bin/git config --local --name-only --get-regexp core\.sshCommand
2026-10-03T05:35:57.2530799Z [command]/usr/bin/git submodule foreach --recursive sh -c "git config --local --name-only --get-regexp 'core\.sshCommand' && git config --local --unset-all 'core.sshCommand' || :"
2026-10-03T05:35:57.2950656Z [command]/usr/bin/git config --local --name-only --get-regexp http\.https\:\/\/github\.com\/\.extraheader
2026-10-03T05:35:57.2991436Z [command]/usr/bin/git submodule foreach --recursive sh -c "git config --local --name-only --get-regexp 'http\.https\:\/\/github\.com\/\.extraheader' && git config --local --unset-all 'http.https://github.com/.extraheader' || :"
2026-10-03T05:35:57.3245371Z [command]/usr/bin/git config --local --name-only --get-regexp ^includeIf\.gitdir:
2026-10-03T05:35:57.3289381Z [command]/usr/bin/git submodule foreach --recursive git config --local --show-origin --name-only --get-regexp remote.origin.url
2026-10-03T05:35:57.3533830Z [command]/usr/bin/git config --local http.https://github.com/.extraheader AUTHORIZATION: basic ***
2026-10-03T05:35:57.3578430Z ##[endgroup]
2026-10-03T05:35:57.3579243Z ##[group]Fetching the repository
2026-10-03T05:35:57.3594128Z [command]/usr/bin/git -c protocol.version=2 fetch --no-tags --prune --no-recurse-submodules --depth=1 origin +bc72e1d7d90ba3eff0e9b1efe4107750c8c61d2a:refs/remotes/origin/research-session-opening-impulse-v18
2026-10-03T05:35:58.3245380Z From https://github.com/duuu-hub/bb-scanner
2026-10-03T05:35:58.3247789Z  * [new ref]         bc72e1d7d90ba3eff0e9b1efe4107750c8c61d2a -> origin/research-session-opening-impulse-v18
2026-10-03T05:35:58.3252962Z ##[endgroup]
2026-10-03T05:35:58.3254799Z ##[group]Determining the checkout info
2026-10-03T05:35:58.3256883Z ##[endgroup]
2026-10-03T05:35:58.3259177Z [command]/usr/bin/git sparse-checkout disable
2026-10-03T05:35:58.3316487Z [command]/usr/bin/git config --local --unset-all extensions.worktreeConfig
2026-10-03T05:35:58.3351701Z ##[group]Checking out the ref
2026-10-03T05:35:58.3356499Z [command]/usr/bin/git checkout --progress --force -B research-session-opening-impulse-v18 refs/remotes/origin/research-session-opening-impulse-v18
2026-10-03T05:35:58.5648988Z Switched to a new branch 'research-session-opening-impulse-v18'
2026-10-03T05:35:58.5655606Z branch 'research-session-opening-impulse-v18' set up to track 'origin/research-session-opening-impulse-v18'.
2026-10-03T05:35:58.5666235Z ##[endgroup]
2026-10-03T05:35:58.5712374Z [command]/usr/bin/git log -1 --format=%H
2026-10-03T05:35:58.5739253Z bc72e1d7d90ba3eff0e9b1efe4107750c8c61d2a
2026-10-03T05:35:58.6170087Z ##[group]Run actions/setup-python@v5
2026-10-03T05:35:58.6171422Z with:
2026-10-03T05:35:58.6172388Z   python-version: 3.12
2026-10-03T05:35:58.6173653Z   check-latest: false
2026-10-03T05:35:58.6183216Z   token: ***
2026-10-03T05:35:58.6184644Z   update-environment: true
2026-10-03T05:35:58.6185825Z   allow-prereleases: false
2026-10-03T05:35:58.6186958Z   freethreaded: false
2026-10-03T05:35:58.6187987Z env:
2026-10-03T05:35:58.6197360Z   GH_TOKEN: ***
2026-10-03T05:35:58.6198356Z ##[endgroup]
2026-10-03T05:35:58.7584639Z ##[group]Installed versions
2026-10-03T05:35:58.7668260Z (node:2313) [DEP0040] DeprecationWarning: The `punycode` module is deprecated. Please use a userland alternative instead.
2026-10-03T05:35:58.7672380Z (Use `node --trace-deprecation ...` to show where the warning was created)
2026-10-03T05:35:58.7675335Z Successfully set up CPython (3.12.14)
2026-10-03T05:35:58.7678502Z ##[endgroup]
2026-10-03T05:35:58.7889958Z ##[group]Run pip install pandas==2.3.3 numpy==2.3.3
2026-10-03T05:35:58.7891474Z [36;1mpip install pandas==2.3.3 numpy==2.3.3[0m
2026-10-03T05:35:58.8211554Z shell: /usr/bin/bash -e {0}
2026-10-03T05:35:58.8212705Z env:
2026-10-03T05:35:58.8222339Z   GH_TOKEN: ***
2026-10-03T05:35:58.8223638Z   pythonLocation: /opt/hostedtoolcache/Python/3.12.14/x64
2026-10-03T05:35:58.8225380Z   PKG_CONFIG_PATH: /opt/hostedtoolcache/Python/3.12.14/x64/lib/pkgconfig
2026-10-03T05:35:58.8227103Z   Python_ROOT_DIR: /opt/hostedtoolcache/Python/3.12.14/x64
2026-10-03T05:35:58.8228653Z   Python2_ROOT_DIR: /opt/hostedtoolcache/Python/3.12.14/x64
2026-10-03T05:35:58.8230225Z   Python3_ROOT_DIR: /opt/hostedtoolcache/Python/3.12.14/x64
2026-10-03T05:35:58.8231799Z   LD_LIBRARY_PATH: /opt/hostedtoolcache/Python/3.12.14/x64/lib
2026-10-03T05:35:58.8233133Z ##[endgroup]
2026-10-03T05:35:59.7949352Z Collecting pandas==2.3.3
2026-10-03T05:35:59.8564141Z   Downloading pandas-2.3.3-cp312-cp312-manylinux_2_24_x86_64.manylinux_2_28_x86_64.whl.metadata (91 kB)
2026-10-03T05:36:00.1005168Z Collecting numpy==2.3.3
2026-10-03T05:36:00.1053870Z   Downloading numpy-2.3.3-cp312-cp312-manylinux_2_27_x86_64.manylinux_2_28_x86_64.whl.metadata (62 kB)
2026-10-03T05:36:00.1295620Z Collecting python-dateutil>=2.8.2 (from pandas==2.3.3)
2026-10-03T05:36:00.1326391Z   Downloading python_dateutil-2.9.0.post0-py2.py3-none-any.whl.metadata (8.4 kB)
2026-10-03T05:36:00.1676952Z Collecting pytz>=2020.1 (from pandas==2.3.3)
2026-10-03T05:36:00.1711644Z   Downloading pytz-2026.4-py2.py3-none-any.whl.metadata (22 kB)
2026-10-03T05:36:00.1864138Z Collecting tzdata>=2022.7 (from pandas==2.3.3)
2026-10-03T05:36:00.1894298Z   Downloading tzdata-2026.4-py2.py3-none-any.whl.metadata (1.4 kB)
2026-10-03T05:36:00.2030013Z Collecting six>=1.5 (from python-dateutil>=2.8.2->pandas==2.3.3)
2026-10-03T05:36:00.2060287Z   Downloading six-1.17.0-py2.py3-none-any.whl.metadata (1.7 kB)
2026-10-03T05:36:00.2129792Z Downloading pandas-2.3.3-cp312-cp312-manylinux_2_24_x86_64.manylinux_2_28_x86_64.whl (12.4 MB)
2026-10-03T05:36:00.2637326Z    ━━━━━━━━━━━━━━━━━━━━━━━━━━━━━━━━━━━━━━━━ 12.4/12.4 MB 266.5 MB/s  0:00:00
2026-10-03T05:36:00.2672466Z Downloading numpy-2.3.3-cp312-cp312-manylinux_2_27_x86_64.manylinux_2_28_x86_64.whl (16.6 MB)
2026-10-03T05:36:00.3659209Z    ━━━━━━━━━━━━━━━━━━━━━━━━━━━━━━━━━━━━━━━━ 16.6/16.6 MB 172.1 MB/s  0:00:00
2026-10-03T05:36:00.3693790Z Downloading python_dateutil-2.9.0.post0-py2.py3-none-any.whl (229 kB)
2026-10-03T05:36:00.3753357Z Downloading pytz-2026.4-py2.py3-none-any.whl (506 kB)
2026-10-03T05:36:00.3822300Z Downloading six-1.17.0-py2.py3-none-any.whl (11 kB)
2026-10-03T05:36:00.3876723Z Downloading tzdata-2026.4-py2.py3-none-any.whl (347 kB)
2026-10-03T05:36:00.5480167Z Installing collected packages: pytz, tzdata, six, numpy, python-dateutil, pandas
2026-10-03T05:36:07.4284650Z 
2026-10-03T05:36:07.4298445Z Successfully installed numpy-2.3.3 pandas-2.3.3 python-dateutil-2.9.0.post0 pytz-2026.4 six-1.17.0 tzdata-2026.4
2026-10-03T05:36:07.4958242Z ##[group]Run actions/cache@v4
2026-10-03T05:36:07.4958537Z with:
2026-10-03T05:36:07.4958746Z   path: data
2026-10-03T05:36:07.4958982Z   key: frozen-source-36095439671-15m-shard-7
2026-10-03T05:36:07.4959290Z   enableCrossOsArchive: false
2026-10-03T05:36:07.4959551Z   fail-on-cache-miss: false
2026-10-03T05:36:07.4959808Z   lookup-only: false
2026-10-03T05:36:07.4960025Z   save-always: false
2026-10-03T05:36:07.4960261Z env:
2026-10-03T05:36:07.4963008Z   GH_TOKEN: ***
2026-10-03T05:36:07.4963309Z   pythonLocation: /opt/hostedtoolcache/Python/3.12.14/x64
2026-10-03T05:36:07.4964130Z   PKG_CONFIG_PATH: /opt/hostedtoolcache/Python/3.12.14/x64/lib/pkgconfig
2026-10-03T05:36:07.4964570Z   Python_ROOT_DIR: /opt/hostedtoolcache/Python/3.12.14/x64
2026-10-03T05:36:07.4964959Z   Python2_ROOT_DIR: /opt/hostedtoolcache/Python/3.12.14/x64
2026-10-03T05:36:07.4965339Z   Python3_ROOT_DIR: /opt/hostedtoolcache/Python/3.12.14/x64
2026-10-03T05:36:07.4965789Z   LD_LIBRARY_PATH: /opt/hostedtoolcache/Python/3.12.14/x64/lib
2026-10-03T05:36:07.4966125Z ##[endgroup]
2026-10-03T05:36:07.6018910Z (node:2349) [DEP0040] DeprecationWarning: The `punycode` module is deprecated. Please use a userland alternative instead.
2026-10-03T05:36:07.6019749Z (Use `node --trace-deprecation ...` to show where the warning was created)
2026-10-03T05:36:07.6586554Z Cache not found for input keys: frozen-source-36095439671-15m-shard-7
2026-10-03T05:36:07.6676069Z ##[group]Run set -euo pipefail
2026-10-03T05:36:07.6676429Z [36;1mset -euo pipefail[0m
2026-10-03T05:36:07.6676683Z [36;1mif [ '' != 'true' ]; then[0m
2026-10-03T05:36:07.6677186Z [36;1m  gh run download 36095439671 -R duuu-hub/bb-scanner -n rank5-binance-um-15m-5y-data-shard-7 -D data[0m
2026-10-03T05:36:07.6677702Z [36;1mfi[0m
2026-10-03T05:36:07.6678068Z [36;1mgh run download 36858492497 -R duuu-hub/bb-scanner -n day-edge-v2-btc -D btc[0m
2026-10-03T05:36:07.6678770Z [36;1mgh run download 36095439671 -R duuu-hub/bb-scanner -n rank5-binance-um-15m-5y-manifest-shard-7 -D source-manifest[0m
2026-10-03T05:36:07.6679932Z [36;1mpython scripts/research_evidence_archive.py verify-source --data data --manifests source-manifest --baseline research/session-opening-impulse-v18/FROZEN_INPUT_HASHES.json --out source-check.json[0m
2026-10-03T05:36:07.6681233Z [36;1mpython scripts/session_opening_breadth_v18.py map --stage DEV --data data --btc btc/BTCUSDT.csv.gz --source-check source-check.json --out breadth-map-7[0m
2026-10-03T05:36:07.6749717Z shell: /usr/bin/bash -e {0}
2026-10-03T05:36:07.6749976Z env:
2026-10-03T05:36:07.6752715Z   GH_TOKEN: ***
2026-10-03T05:36:07.6753010Z   pythonLocation: /opt/hostedtoolcache/Python/3.12.14/x64
2026-10-03T05:36:07.6753749Z   PKG_CONFIG_PATH: /opt/hostedtoolcache/Python/3.12.14/x64/lib/pkgconfig
2026-10-03T05:36:07.6754214Z   Python_ROOT_DIR: /opt/hostedtoolcache/Python/3.12.14/x64
2026-10-03T05:36:07.6754617Z   Python2_ROOT_DIR: /opt/hostedtoolcache/Python/3.12.14/x64
2026-10-03T05:36:07.6755019Z   Python3_ROOT_DIR: /opt/hostedtoolcache/Python/3.12.14/x64
2026-10-03T05:36:07.6755402Z   LD_LIBRARY_PATH: /opt/hostedtoolcache/Python/3.12.14/x64/lib
2026-10-03T05:36:07.6755730Z ##[endgroup]
2026-10-03T05:36:15.9508316Z FROZEN_SOURCE_VERIFIED 107 files 28 prior SHA256 matches
2026-10-03T05:36:17.5796879Z V18_OPENING_BREADTH_MAP DEV 8 / 107
2026-10-03T05:36:20.6235870Z V18_OPENING_BREADTH_MAP DEV 24 / 107
2026-10-03T05:36:22.7469750Z V18_OPENING_BREADTH_MAP DEV 40 / 107
2026-10-03T05:36:23.6844117Z V18_OPENING_BREADTH_MAP DEV 48 / 107
2026-10-03T05:36:25.1336896Z V18_OPENING_BREADTH_MAP DEV 56 / 107
2026-10-03T05:36:28.2607651Z V18_OPENING_BREADTH_MAP DEV 80 / 107
2026-10-03T05:36:29.0124256Z V18_OPENING_BREADTH_MAP DEV 88 / 107
2026-10-03T05:36:31.4567353Z V18_OPENING_BREADTH_MAP DEV 104 / 107
2026-10-03T05:36:31.9051100Z V18_OPENING_BREADTH_MAP_DONE DEV shard 7
2026-10-03T05:36:31.9546068Z ##[group]Run actions/upload-artifact@v4
2026-10-03T05:36:31.9546381Z with:
2026-10-03T05:36:31.9546831Z   name: session-opening-impulse-v18-dev-breadth-map-7
2026-10-03T05:36:31.9547171Z   path: breadth-map-7/
2026-10-03T05:36:31.9547430Z   retention-days: 30
2026-10-03T05:36:31.9547645Z   compression-level: 0
2026-10-03T05:36:31.9547881Z   if-no-files-found: warn
2026-10-03T05:36:31.9548107Z   overwrite: false
2026-10-03T05:36:31.9548320Z   include-hidden-files: false
2026-10-03T05:36:31.9548556Z env:
2026-10-03T05:36:31.9551303Z   GH_TOKEN: ***
2026-10-03T05:36:31.9551597Z   pythonLocation: /opt/hostedtoolcache/Python/3.12.14/x64
2026-10-03T05:36:31.9552037Z   PKG_CONFIG_PATH: /opt/hostedtoolcache/Python/3.12.14/x64/lib/pkgconfig
2026-10-03T05:36:31.9552459Z   Python_ROOT_DIR: /opt/hostedtoolcache/Python/3.12.14/x64
2026-10-03T05:36:31.9552838Z   Python2_ROOT_DIR: /opt/hostedtoolcache/Python/3.12.14/x64
2026-10-03T05:36:31.9553246Z   Python3_ROOT_DIR: /opt/hostedtoolcache/Python/3.12.14/x64
2026-10-03T05:36:31.9553993Z   LD_LIBRARY_PATH: /opt/hostedtoolcache/Python/3.12.14/x64/lib
2026-10-03T05:36:31.9554329Z ##[endgroup]
2026-10-03T05:36:32.1167198Z (node:2394) [DEP0040] DeprecationWarning: The `punycode` module is deprecated. Please use a userland alternative instead.
2026-10-03T05:36:32.1168013Z (Use `node --trace-deprecation ...` to show where the warning was created)
2026-10-03T05:36:32.1225617Z With the provided path, there will be 3 files uploaded
2026-10-03T05:36:32.1231552Z Artifact name is valid!
2026-10-03T05:36:32.1232843Z Root directory input is valid!
2026-10-03T05:36:32.3686376Z Beginning upload of artifact content to blob storage
2026-10-03T05:36:32.3927779Z (node:2394) [DEP0169] DeprecationWarning: `url.parse()` behavior is not standardized and prone to errors that have security implications. Use the WHATWG URL API instead. CVEs are not issued for `url.parse()` vulnerabilities.
2026-10-03T05:36:32.4282015Z Uploaded bytes 310245
2026-10-03T05:36:32.4418125Z Finished uploading artifact content to blob storage!
2026-10-03T05:36:32.4419087Z SHA256 digest of uploaded artifact zip is 84e82ba5d5c4192054da69e4dcfcc2ee8be6333c9a4dd3dc698e8c33587e25a8
2026-10-03T05:36:32.4421578Z Finalizing artifact upload
2026-10-03T05:36:32.6588271Z Artifact session-opening-impulse-v18-dev-breadth-map-7.zip successfully finalized. Artifact ID 11265985754
2026-10-03T05:36:32.6589397Z Artifact session-opening-impulse-v18-dev-breadth-map-7 has been successfully uploaded! Final size is 310245 bytes. Artifact ID is 11265985754
2026-10-03T05:36:32.6595562Z Artifact download URL: https://github.com/duuu-hub/bb-scanner/actions/runs/37100246454/artifacts/11265985754
2026-10-03T05:36:32.6769321Z Post job cleanup.
2026-10-03T05:36:32.7836817Z (node:2408) [DEP0040] DeprecationWarning: The `punycode` module is deprecated. Please use a userland alternative instead.
2026-10-03T05:36:32.7837568Z (Use `node --trace-deprecation ...` to show where the warning was created)
2026-10-03T05:36:32.8022961Z [command]/usr/bin/tar --posix -cf cache.tzst --exclude cache.tzst -P -C /home/runner/work/bb-scanner/bb-scanner --files-from manifest.txt --use-compress-program zstdmt
2026-10-03T05:36:33.1416871Z (node:2408) [DEP0169] DeprecationWarning: `url.parse()` behavior is not standardized and prone to errors that have security implications. Use the WHATWG URL API instead. CVEs are not issued for `url.parse()` vulnerabilities.
2026-10-03T05:36:34.1235161Z Sent 209330646 of 209330646 (100.0%), 200.6 MBs/sec
2026-10-03T05:36:34.2428178Z Cache saved with key: frozen-source-36095439671-15m-shard-7
2026-10-03T05:36:34.2590746Z Post job cleanup.
2026-10-03T05:36:34.3791360Z (node:2428) [DEP0040] DeprecationWarning: The `punycode` module is deprecated. Please use a userland alternative instead.
2026-10-03T05:36:34.3792285Z (Use `node --trace-deprecation ...` to show where the warning was created)
2026-10-03T05:36:34.3945937Z Post job cleanup.
2026-10-03T05:36:34.4820848Z [command]/usr/bin/git version
2026-10-03T05:36:34.4865964Z git version 2.55.0
2026-10-03T05:36:34.4905551Z Temporarily overriding HOME='/home/runner/work/_temp/9a19f05f-42e5-454e-8d54-8cef44bd392c' before making global git config changes
2026-10-03T05:36:34.4907157Z Adding repository directory to the temporary git global config as a safe directory
2026-10-03T05:36:34.4912713Z [command]/usr/bin/git config --global --add safe.directory /home/runner/work/bb-scanner/bb-scanner
2026-10-03T05:36:34.4953204Z [command]/usr/bin/git config --local --name-only --get-regexp core\.sshCommand
2026-10-03T05:36:34.4988936Z [command]/usr/bin/git submodule foreach --recursive sh -c "git config --local --name-only --get-regexp 'core\.sshCommand' && git config --local --unset-all 'core.sshCommand' || :"
2026-10-03T05:36:34.5251189Z [command]/usr/bin/git config --local --name-only --get-regexp http\.https\:\/\/github\.com\/\.extraheader
2026-10-03T05:36:34.5283745Z http.https://github.com/.extraheader
2026-10-03T05:36:34.5296030Z [command]/usr/bin/git config --local --unset-all http.https://github.com/.extraheader
2026-10-03T05:36:34.5331263Z [command]/usr/bin/git submodule foreach --recursive sh -c "git config --local --name-only --get-regexp 'http\.https\:\/\/github\.com\/\.extraheader' && git config --local --unset-all 'http.https://github.com/.extraheader' || :"
2026-10-03T05:36:34.5610146Z [command]/usr/bin/git config --local --name-only --get-regexp ^includeIf\.gitdir:
2026-10-03T05:36:34.5663632Z [command]/usr/bin/git submodule foreach --recursive git config --local --show-origin --name-only --get-regexp remote.origin.url
2026-10-03T05:36:34.6167751Z Cleaning up orphan processes
2026-10-03T05:36:34.6455615Z ##[warning]Node.js 20 is deprecated. The following actions target Node.js 20 but are being forced to run on Node.js 24: actions/cache@v4, actions/checkout@v4, actions/setup-python@v5, actions/upload-artifact@v4. For more information see: https://github.blog/changelog/2025-09-19-deprecation-of-node-20-on-github-actions-runners/
