2026-10-03T05:37:17.2286100Z Current runner version: '2.337.0'
2026-10-03T05:37:17.2311634Z ##[group]Runner Image Provisioner
2026-10-03T05:37:17.2312496Z Hosted Compute Agent
2026-10-03T05:37:17.2313220Z Version: 20260901.588
2026-10-03T05:37:17.2313853Z Commit: f88ec8081b781fac6c440065ac7ff9e710ce3d0b
2026-10-03T05:37:17.2314612Z Build Date: 2026-09-01T19:56:44Z
2026-10-03T05:37:17.2315331Z Worker ID: {4950e955-7dd1-44b1-8944-3ee2d0685330}
2026-10-03T05:37:17.2316031Z Azure Region: westus
2026-10-03T05:37:17.2316680Z ##[endgroup]
2026-10-03T05:37:17.2318459Z ##[group]Operating System
2026-10-03T05:37:17.2319189Z Ubuntu
2026-10-03T05:37:17.2319722Z 24.04.5
2026-10-03T05:37:17.2320233Z LTS
2026-10-03T05:37:17.2321188Z ##[endgroup]
2026-10-03T05:37:17.2321812Z ##[group]Runner Image
2026-10-03T05:37:17.2322377Z Image: ubuntu-24.04
2026-10-03T05:37:17.2323012Z Version: 20260927.320.1
2026-10-03T05:37:17.2324260Z Included Software: https://github.com/actions/runner-images/blob/ubuntu24/20260927.320/images/ubuntu/Ubuntu2404-Readme.md
2026-10-03T05:37:17.2325900Z Image Release: https://github.com/actions/runner-images/releases/tag/ubuntu24%2F20260927.320
2026-10-03T05:37:17.2326841Z ##[endgroup]
2026-10-03T05:37:17.2328251Z ##[group]GITHUB_TOKEN Permissions
2026-10-03T05:37:17.2330333Z Actions: read
2026-10-03T05:37:17.2331067Z Contents: read
2026-10-03T05:37:17.2331664Z Metadata: read
2026-10-03T05:37:17.2332255Z ##[endgroup]
2026-10-03T05:37:17.2334340Z Secret source: Actions
2026-10-03T05:37:17.2335350Z Cache mode: write
2026-10-03T05:37:17.2336065Z Prepare workflow directory
2026-10-03T05:37:17.2853972Z Prepare all required actions
2026-10-03T05:37:17.2901927Z Getting action download info
2026-10-03T05:37:17.6857431Z Download action repository 'actions/checkout@v4' (SHA:11d5960a326750d5838078e36cf38b85af677262)
2026-10-03T05:37:17.7909574Z Download action repository 'actions/setup-python@v5' (SHA:a26af69be951a213d495a4c3e4e4022e16d87065)
2026-10-03T05:37:17.8678376Z Download action repository 'actions/cache@v4' (SHA:0057852bfaa89a56745cba8c7296529d2fc39830)
2026-10-03T05:37:17.9606600Z Download action repository 'actions/download-artifact@v4' (SHA:d3f86a106a0bac45b974a628896c90dbdf5c8093)
2026-10-03T05:37:18.3737646Z Download action repository 'actions/upload-artifact@v4' (SHA:ea165f8d65b6e75b540449e92b4886f43607fa02)
2026-10-03T05:37:18.5810334Z Complete job name: development (6)
2026-10-03T05:37:18.6518270Z ##[group]Run actions/checkout@v4
2026-10-03T05:37:18.6519201Z with:
2026-10-03T05:37:18.6519645Z   repository: duuu-hub/bb-scanner
2026-10-03T05:37:18.6523333Z   token: ***
2026-10-03T05:37:18.6523762Z   ssh-strict: true
2026-10-03T05:37:18.6524192Z   ssh-user: git
2026-10-03T05:37:18.6524630Z   persist-credentials: true
2026-10-03T05:37:18.6525110Z   clean: true
2026-10-03T05:37:18.6525548Z   sparse-checkout-cone-mode: true
2026-10-03T05:37:18.6526076Z   fetch-depth: 1
2026-10-03T05:37:18.6526506Z   fetch-tags: false
2026-10-03T05:37:18.6526933Z   show-progress: true
2026-10-03T05:37:18.6527381Z   lfs: false
2026-10-03T05:37:18.6527785Z   submodules: false
2026-10-03T05:37:18.6528482Z   set-safe-directory: true
2026-10-03T05:37:18.6528994Z   allow-unsafe-pr-checkout: false
2026-10-03T05:37:18.6529756Z env:
2026-10-03T05:37:18.6533327Z   GH_TOKEN: ***
2026-10-03T05:37:18.6533743Z ##[endgroup]
2026-10-03T05:37:18.7580539Z Syncing repository: duuu-hub/bb-scanner
2026-10-03T05:37:18.7583287Z ##[group]Getting Git version info
2026-10-03T05:37:18.7584600Z Working directory is '/home/runner/work/bb-scanner/bb-scanner'
2026-10-03T05:37:18.7586249Z [command]/usr/bin/git version
2026-10-03T05:37:18.7650066Z git version 2.55.0
2026-10-03T05:37:18.7679188Z ##[endgroup]
2026-10-03T05:37:18.7685874Z Temporarily overriding HOME='/home/runner/work/_temp/93ad2880-61fd-476c-adfe-f4717ad8d5b9' before making global git config changes
2026-10-03T05:37:18.7688837Z Adding repository directory to the temporary git global config as a safe directory
2026-10-03T05:37:18.7691068Z [command]/usr/bin/git config --global --add safe.directory /home/runner/work/bb-scanner/bb-scanner
2026-10-03T05:37:18.7749764Z Deleting the contents of '/home/runner/work/bb-scanner/bb-scanner'
2026-10-03T05:37:18.7759525Z ##[group]Initializing the repository
2026-10-03T05:37:18.7760726Z [command]/usr/bin/git init /home/runner/work/bb-scanner/bb-scanner
2026-10-03T05:37:18.7917382Z hint: Using 'master' as the name for the initial branch. This default branch name
2026-10-03T05:37:18.7919590Z hint: will change to "main" in Git 3.0. To configure the initial branch name
2026-10-03T05:37:18.7921088Z hint: to use in all of your new repositories, which will suppress this warning,
2026-10-03T05:37:18.7922492Z hint: call:
2026-10-03T05:37:18.7923186Z hint:
2026-10-03T05:37:18.7924004Z hint: 	git config --global init.defaultBranch <name>
2026-10-03T05:37:18.8011684Z hint:
2026-10-03T05:37:18.8012884Z hint: Names commonly chosen instead of 'master' are 'main', 'trunk' and
2026-10-03T05:37:18.8014466Z hint: 'development'. The just-created branch can be renamed via this command:
2026-10-03T05:37:18.8015819Z hint:
2026-10-03T05:37:18.8016690Z hint: 	git branch -m <name>
2026-10-03T05:37:18.8017479Z hint:
2026-10-03T05:37:18.8018794Z hint: Disable this message with "git config set advice.defaultBranchName false"
2026-10-03T05:37:18.8020544Z Initialized empty Git repository in /home/runner/work/bb-scanner/bb-scanner/.git/
2026-10-03T05:37:18.8028768Z [command]/usr/bin/git remote add origin https://github.com/duuu-hub/bb-scanner
2026-10-03T05:37:18.8031765Z ##[endgroup]
2026-10-03T05:37:18.8033213Z ##[group]Disabling automatic garbage collection
2026-10-03T05:37:18.8034050Z [command]/usr/bin/git config --local gc.auto 0
2026-10-03T05:37:18.8035453Z ##[endgroup]
2026-10-03T05:37:18.8036145Z ##[group]Setting up auth
2026-10-03T05:37:18.8038979Z [command]/usr/bin/git config --local --name-only --get-regexp core\.sshCommand
2026-10-03T05:37:18.8074699Z [command]/usr/bin/git submodule foreach --recursive sh -c "git config --local --name-only --get-regexp 'core\.sshCommand' && git config --local --unset-all 'core.sshCommand' || :"
2026-10-03T05:37:18.8489731Z [command]/usr/bin/git config --local --name-only --get-regexp http\.https\:\/\/github\.com\/\.extraheader
2026-10-03T05:37:18.8512246Z [command]/usr/bin/git submodule foreach --recursive sh -c "git config --local --name-only --get-regexp 'http\.https\:\/\/github\.com\/\.extraheader' && git config --local --unset-all 'http.https://github.com/.extraheader' || :"
2026-10-03T05:37:18.8741922Z [command]/usr/bin/git config --local --name-only --get-regexp ^includeIf\.gitdir:
2026-10-03T05:37:18.8780018Z [command]/usr/bin/git submodule foreach --recursive git config --local --show-origin --name-only --get-regexp remote.origin.url
2026-10-03T05:37:18.9008818Z [command]/usr/bin/git config --local http.https://github.com/.extraheader AUTHORIZATION: basic ***
2026-10-03T05:37:18.9049068Z ##[endgroup]
2026-10-03T05:37:18.9050524Z ##[group]Fetching the repository
2026-10-03T05:37:18.9061142Z [command]/usr/bin/git -c protocol.version=2 fetch --no-tags --prune --no-recurse-submodules --depth=1 origin +bc72e1d7d90ba3eff0e9b1efe4107750c8c61d2a:refs/remotes/origin/research-session-opening-impulse-v18
2026-10-03T05:37:19.8708605Z From https://github.com/duuu-hub/bb-scanner
2026-10-03T05:37:19.8710637Z  * [new ref]         bc72e1d7d90ba3eff0e9b1efe4107750c8c61d2a -> origin/research-session-opening-impulse-v18
2026-10-03T05:37:19.8714352Z ##[endgroup]
2026-10-03T05:37:19.8715578Z ##[group]Determining the checkout info
2026-10-03T05:37:19.8717880Z ##[endgroup]
2026-10-03T05:37:19.8727827Z [command]/usr/bin/git sparse-checkout disable
2026-10-03T05:37:19.8790032Z [command]/usr/bin/git config --local --unset-all extensions.worktreeConfig
2026-10-03T05:37:19.8830941Z ##[group]Checking out the ref
2026-10-03T05:37:19.8837561Z [command]/usr/bin/git checkout --progress --force -B research-session-opening-impulse-v18 refs/remotes/origin/research-session-opening-impulse-v18
2026-10-03T05:37:20.1122364Z Switched to a new branch 'research-session-opening-impulse-v18'
2026-10-03T05:37:20.1130549Z branch 'research-session-opening-impulse-v18' set up to track 'origin/research-session-opening-impulse-v18'.
2026-10-03T05:37:20.1142756Z ##[endgroup]
2026-10-03T05:37:20.1188514Z [command]/usr/bin/git log -1 --format=%H
2026-10-03T05:37:20.1215437Z bc72e1d7d90ba3eff0e9b1efe4107750c8c61d2a
2026-10-03T05:37:20.1580277Z ##[group]Run actions/setup-python@v5
2026-10-03T05:37:20.1581574Z with:
2026-10-03T05:37:20.1582515Z   python-version: 3.12
2026-10-03T05:37:20.1583606Z   check-latest: false
2026-10-03T05:37:20.1593833Z   token: ***
2026-10-03T05:37:20.1594879Z   update-environment: true
2026-10-03T05:37:20.1596060Z   allow-prereleases: false
2026-10-03T05:37:20.1597198Z   freethreaded: false
2026-10-03T05:37:20.1598410Z env:
2026-10-03T05:37:20.1607840Z   GH_TOKEN: ***
2026-10-03T05:37:20.1608943Z ##[endgroup]
2026-10-03T05:37:20.3013505Z ##[group]Installed versions
2026-10-03T05:37:20.3112471Z (node:2282) [DEP0040] DeprecationWarning: The `punycode` module is deprecated. Please use a userland alternative instead.
2026-10-03T05:37:20.3116344Z (Use `node --trace-deprecation ...` to show where the warning was created)
2026-10-03T05:37:20.3118670Z Successfully set up CPython (3.12.14)
2026-10-03T05:37:20.3120986Z ##[endgroup]
2026-10-03T05:37:20.3326159Z ##[group]Run pip install pandas==2.3.3 numpy==2.3.3
2026-10-03T05:37:20.3327764Z [36;1mpip install pandas==2.3.3 numpy==2.3.3[0m
2026-10-03T05:37:20.3642037Z shell: /usr/bin/bash -e {0}
2026-10-03T05:37:20.3643219Z env:
2026-10-03T05:37:20.3652708Z   GH_TOKEN: ***
2026-10-03T05:37:20.3653926Z   pythonLocation: /opt/hostedtoolcache/Python/3.12.14/x64
2026-10-03T05:37:20.3655825Z   PKG_CONFIG_PATH: /opt/hostedtoolcache/Python/3.12.14/x64/lib/pkgconfig
2026-10-03T05:37:20.3657688Z   Python_ROOT_DIR: /opt/hostedtoolcache/Python/3.12.14/x64
2026-10-03T05:37:20.3659664Z   Python2_ROOT_DIR: /opt/hostedtoolcache/Python/3.12.14/x64
2026-10-03T05:37:20.3661370Z   Python3_ROOT_DIR: /opt/hostedtoolcache/Python/3.12.14/x64
2026-10-03T05:37:20.3663095Z   LD_LIBRARY_PATH: /opt/hostedtoolcache/Python/3.12.14/x64/lib
2026-10-03T05:37:20.3664582Z ##[endgroup]
2026-10-03T05:37:21.3931691Z Collecting pandas==2.3.3
2026-10-03T05:37:21.4689533Z   Downloading pandas-2.3.3-cp312-cp312-manylinux_2_24_x86_64.manylinux_2_28_x86_64.whl.metadata (91 kB)
2026-10-03T05:37:21.7674977Z Collecting numpy==2.3.3
2026-10-03T05:37:21.7809416Z   Downloading numpy-2.3.3-cp312-cp312-manylinux_2_27_x86_64.manylinux_2_28_x86_64.whl.metadata (62 kB)
2026-10-03T05:37:21.8175802Z Collecting python-dateutil>=2.8.2 (from pandas==2.3.3)
2026-10-03T05:37:21.8294071Z   Downloading python_dateutil-2.9.0.post0-py2.py3-none-any.whl.metadata (8.4 kB)
2026-10-03T05:37:21.8719086Z Collecting pytz>=2020.1 (from pandas==2.3.3)
2026-10-03T05:37:21.8838175Z   Downloading pytz-2026.4-py2.py3-none-any.whl.metadata (22 kB)
2026-10-03T05:37:21.9064175Z Collecting tzdata>=2022.7 (from pandas==2.3.3)
2026-10-03T05:37:21.9182945Z   Downloading tzdata-2026.4-py2.py3-none-any.whl.metadata (1.4 kB)
2026-10-03T05:37:21.9418578Z Collecting six>=1.5 (from python-dateutil>=2.8.2->pandas==2.3.3)
2026-10-03T05:37:21.9542282Z   Downloading six-1.17.0-py2.py3-none-any.whl.metadata (1.7 kB)
2026-10-03T05:37:21.9745425Z Downloading pandas-2.3.3-cp312-cp312-manylinux_2_24_x86_64.manylinux_2_28_x86_64.whl (12.4 MB)
2026-10-03T05:37:22.5734048Z    ━━━━━━━━━━━━━━━━━━━━━━━━━━━━━━━━━━━━━━━━ 12.4/12.4 MB 21.5 MB/s  0:00:00
2026-10-03T05:37:22.5886461Z Downloading numpy-2.3.3-cp312-cp312-manylinux_2_27_x86_64.manylinux_2_28_x86_64.whl (16.6 MB)
2026-10-03T05:37:22.7894423Z    ━━━━━━━━━━━━━━━━━━━━━━━━━━━━━━━━━━━━━━━━ 16.6/16.6 MB 83.3 MB/s  0:00:00
2026-10-03T05:37:22.8024621Z Downloading python_dateutil-2.9.0.post0-py2.py3-none-any.whl (229 kB)
2026-10-03T05:37:22.8189049Z Downloading pytz-2026.4-py2.py3-none-any.whl (506 kB)
2026-10-03T05:37:22.8344309Z Downloading six-1.17.0-py2.py3-none-any.whl (11 kB)
2026-10-03T05:37:22.8506264Z Downloading tzdata-2026.4-py2.py3-none-any.whl (347 kB)
2026-10-03T05:37:23.0098331Z Installing collected packages: pytz, tzdata, six, numpy, python-dateutil, pandas
2026-10-03T05:37:29.9554243Z 
2026-10-03T05:37:29.9568804Z Successfully installed numpy-2.3.3 pandas-2.3.3 python-dateutil-2.9.0.post0 pytz-2026.4 six-1.17.0 tzdata-2026.4
2026-10-03T05:37:30.0206591Z ##[group]Run actions/cache@v4
2026-10-03T05:37:30.0206871Z with:
2026-10-03T05:37:30.0207067Z   path: data
2026-10-03T05:37:30.0207291Z   key: frozen-source-36095439671-15m-shard-6
2026-10-03T05:37:30.0207591Z   enableCrossOsArchive: false
2026-10-03T05:37:30.0207842Z   fail-on-cache-miss: false
2026-10-03T05:37:30.0208301Z   lookup-only: false
2026-10-03T05:37:30.0208516Z   save-always: false
2026-10-03T05:37:30.0208739Z env:
2026-10-03T05:37:30.0211224Z   GH_TOKEN: ***
2026-10-03T05:37:30.0211507Z   pythonLocation: /opt/hostedtoolcache/Python/3.12.14/x64
2026-10-03T05:37:30.0211944Z   PKG_CONFIG_PATH: /opt/hostedtoolcache/Python/3.12.14/x64/lib/pkgconfig
2026-10-03T05:37:30.0212374Z   Python_ROOT_DIR: /opt/hostedtoolcache/Python/3.12.14/x64
2026-10-03T05:37:30.0212758Z   Python2_ROOT_DIR: /opt/hostedtoolcache/Python/3.12.14/x64
2026-10-03T05:37:30.0213149Z   Python3_ROOT_DIR: /opt/hostedtoolcache/Python/3.12.14/x64
2026-10-03T05:37:30.0213563Z   LD_LIBRARY_PATH: /opt/hostedtoolcache/Python/3.12.14/x64/lib
2026-10-03T05:37:30.0213890Z ##[endgroup]
2026-10-03T05:37:30.1349743Z (node:2349) [DEP0040] DeprecationWarning: The `punycode` module is deprecated. Please use a userland alternative instead.
2026-10-03T05:37:30.1351134Z (Use `node --trace-deprecation ...` to show where the warning was created)
2026-10-03T05:37:30.3775871Z Cache hit for: frozen-source-36095439671-15m-shard-6
2026-10-03T05:37:30.3887249Z (node:2349) [DEP0169] DeprecationWarning: `url.parse()` behavior is not standardized and prone to errors that have security implications. Use the WHATWG URL API instead. CVEs are not issued for `url.parse()` vulnerabilities.
2026-10-03T05:37:31.6645847Z Received 4194304 of 210129116 (2.0%), 4.0 MBs/sec
2026-10-03T05:37:32.6679473Z Received 125829120 of 210129116 (59.9%), 60.0 MBs/sec
2026-10-03T05:37:33.2763075Z Received 210129116 of 210129116 (100.0%), 76.8 MBs/sec
2026-10-03T05:37:33.2765911Z Cache Size: ~200 MB (210129116 B)
2026-10-03T05:37:33.2827559Z [command]/usr/bin/tar -xf /home/runner/work/_temp/06e82578-99f0-40e2-a20f-3038e5f7a0c5/cache.tzst -P -C /home/runner/work/bb-scanner/bb-scanner --use-compress-program unzstd
2026-10-03T05:37:33.5402453Z Cache restored successfully
2026-10-03T05:37:33.5577305Z Cache restored from key: frozen-source-36095439671-15m-shard-6
2026-10-03T05:37:33.5723535Z ##[group]Run set -euo pipefail
2026-10-03T05:37:33.5723902Z [36;1mset -euo pipefail[0m
2026-10-03T05:37:33.5724169Z [36;1mif [ 'true' != 'true' ]; then[0m
2026-10-03T05:37:33.5724694Z [36;1m  gh run download 36095439671 -R duuu-hub/bb-scanner -n rank5-binance-um-15m-5y-data-shard-6 -D data[0m
2026-10-03T05:37:33.5725226Z [36;1mfi[0m
2026-10-03T05:37:33.5725598Z [36;1mgh run download 36858492497 -R duuu-hub/bb-scanner -n day-edge-v2-btc -D btc[0m
2026-10-03T05:37:33.5726332Z [36;1mgh run download 36095439671 -R duuu-hub/bb-scanner -n rank5-binance-um-15m-5y-manifest-shard-6 -D source-manifest[0m
2026-10-03T05:37:33.5727534Z [36;1mpython scripts/research_evidence_archive.py verify-source --data data --manifests source-manifest --baseline research/session-opening-impulse-v18/FROZEN_INPUT_HASHES.json --out source-check.json[0m
2026-10-03T05:37:33.5794923Z shell: /usr/bin/bash -e {0}
2026-10-03T05:37:33.5795190Z env:
2026-10-03T05:37:33.5797675Z   GH_TOKEN: ***
2026-10-03T05:37:33.5798286Z   pythonLocation: /opt/hostedtoolcache/Python/3.12.14/x64
2026-10-03T05:37:33.5798770Z   PKG_CONFIG_PATH: /opt/hostedtoolcache/Python/3.12.14/x64/lib/pkgconfig
2026-10-03T05:37:33.5799205Z   Python_ROOT_DIR: /opt/hostedtoolcache/Python/3.12.14/x64
2026-10-03T05:37:33.5799605Z   Python2_ROOT_DIR: /opt/hostedtoolcache/Python/3.12.14/x64
2026-10-03T05:37:33.5799999Z   Python3_ROOT_DIR: /opt/hostedtoolcache/Python/3.12.14/x64
2026-10-03T05:37:33.5800393Z   LD_LIBRARY_PATH: /opt/hostedtoolcache/Python/3.12.14/x64/lib
2026-10-03T05:37:33.5800922Z ##[endgroup]
2026-10-03T05:37:42.0758688Z FROZEN_SOURCE_VERIFIED 107 files 28 prior SHA256 matches
2026-10-03T05:37:42.1254780Z ##[group]Run actions/download-artifact@v4
2026-10-03T05:37:42.1255093Z with:
2026-10-03T05:37:42.1255344Z   name: session-opening-impulse-v18-dev-breadth
2026-10-03T05:37:42.1255655Z   path: dev-breadth
2026-10-03T05:37:42.1255877Z   merge-multiple: false
2026-10-03T05:37:42.1256115Z   repository: duuu-hub/bb-scanner
2026-10-03T05:37:42.1256361Z   run-id: 37100246454
2026-10-03T05:37:42.1256565Z env:
2026-10-03T05:37:42.1259395Z   GH_TOKEN: ***
2026-10-03T05:37:42.1259692Z   pythonLocation: /opt/hostedtoolcache/Python/3.12.14/x64
2026-10-03T05:37:42.1260144Z   PKG_CONFIG_PATH: /opt/hostedtoolcache/Python/3.12.14/x64/lib/pkgconfig
2026-10-03T05:37:42.1260590Z   Python_ROOT_DIR: /opt/hostedtoolcache/Python/3.12.14/x64
2026-10-03T05:37:42.1260978Z   Python2_ROOT_DIR: /opt/hostedtoolcache/Python/3.12.14/x64
2026-10-03T05:37:42.1261363Z   Python3_ROOT_DIR: /opt/hostedtoolcache/Python/3.12.14/x64
2026-10-03T05:37:42.1261792Z   LD_LIBRARY_PATH: /opt/hostedtoolcache/Python/3.12.14/x64/lib
2026-10-03T05:37:42.1262122Z ##[endgroup]
2026-10-03T05:37:42.2740273Z Downloading single artifact
2026-10-03T05:37:42.2893478Z (node:2388) [DEP0040] DeprecationWarning: The `punycode` module is deprecated. Please use a userland alternative instead.
2026-10-03T05:37:42.2894368Z (Use `node --trace-deprecation ...` to show where the warning was created)
2026-10-03T05:37:42.5505244Z Preparing to download the following artifacts:
2026-10-03T05:37:42.5506683Z - session-opening-impulse-v18-dev-breadth (ID: 11266045768, Size: 323127, Expected Digest: sha256:0f5f65b60ca6be63b17f4986806ca58a5b245c3dc49576ade4ce295b9d94686e)
2026-10-03T05:37:42.7845588Z Redirecting to blob download url: https://productionresultssa1.blob.core.windows.net/actions-results/9e55719b-f855-8c76-a9b9-9f62f00e1ee9/workflow-job-run-70c506a1-2544-5edc-8ec3-a589784dd6ce/artifacts/8feedfb07e983193d780c8a391ad7e410f244345c803d58a4da734091eacc90f.zip
2026-10-03T05:37:42.7848457Z Starting download of artifact to: /home/runner/work/bb-scanner/bb-scanner/dev-breadth
2026-10-03T05:37:43.0710888Z (node:2388) [DEP0005] DeprecationWarning: Buffer() is deprecated due to security and usability issues. Please use the Buffer.alloc(), Buffer.allocUnsafe(), or Buffer.from() methods instead.
2026-10-03T05:37:43.3933354Z SHA256 digest of downloaded artifact is 0f5f65b60ca6be63b17f4986806ca58a5b245c3dc49576ade4ce295b9d94686e
2026-10-03T05:37:43.3934428Z Artifact download completed successfully.
2026-10-03T05:37:43.3934989Z Total of 1 artifact(s) downloaded
2026-10-03T05:37:43.3940254Z Download artifact has finished successfully
2026-10-03T05:37:43.4076329Z ##[group]Run actions/cache@v4
2026-10-03T05:37:43.4076613Z with:
2026-10-03T05:37:43.4076824Z   path: cache/verified-1m
2026-10-03T05:37:43.4077115Z   key: session-opening-impulse-v18-dev-1m-shard-6
2026-10-03T05:37:43.4077713Z   restore-keys: session-vwap-failed-auction-v17-dev-1m-shard-6
breadth-pullback-reclaim-v16-dev-1m-shard-6

2026-10-03T05:37:43.4078650Z   enableCrossOsArchive: false
2026-10-03T05:37:43.4078917Z   fail-on-cache-miss: false
2026-10-03T05:37:43.4079167Z   lookup-only: false
2026-10-03T05:37:43.4079392Z   save-always: false
2026-10-03T05:37:43.4079601Z env:
2026-10-03T05:37:43.4082039Z   GH_TOKEN: ***
2026-10-03T05:37:43.4082333Z   pythonLocation: /opt/hostedtoolcache/Python/3.12.14/x64
2026-10-03T05:37:43.4082786Z   PKG_CONFIG_PATH: /opt/hostedtoolcache/Python/3.12.14/x64/lib/pkgconfig
2026-10-03T05:37:43.4083223Z   Python_ROOT_DIR: /opt/hostedtoolcache/Python/3.12.14/x64
2026-10-03T05:37:43.4083645Z   Python2_ROOT_DIR: /opt/hostedtoolcache/Python/3.12.14/x64
2026-10-03T05:37:43.4084044Z   Python3_ROOT_DIR: /opt/hostedtoolcache/Python/3.12.14/x64
2026-10-03T05:37:43.4084448Z   LD_LIBRARY_PATH: /opt/hostedtoolcache/Python/3.12.14/x64/lib
2026-10-03T05:37:43.4084784Z ##[endgroup]
2026-10-03T05:37:43.5134488Z (node:2400) [DEP0040] DeprecationWarning: The `punycode` module is deprecated. Please use a userland alternative instead.
2026-10-03T05:37:43.5135656Z (Use `node --trace-deprecation ...` to show where the warning was created)
2026-10-03T05:37:43.7529970Z Cache not found for input keys: session-opening-impulse-v18-dev-1m-shard-6, session-vwap-failed-auction-v17-dev-1m-shard-6, breadth-pullback-reclaim-v16-dev-1m-shard-6
2026-10-03T05:37:43.7614608Z ##[group]Run python scripts/session_opening_impulse_v18.py scan --stage DEV --data data --btc btc/BTCUSDT.csv.gz --breadth dev-breadth --source-check source-check.json --out dev-6 --minute-cache cache/verified-1m
2026-10-03T05:37:43.7616111Z [36;1mpython scripts/session_opening_impulse_v18.py scan --stage DEV --data data --btc btc/BTCUSDT.csv.gz --breadth dev-breadth --source-check source-check.json --out dev-6 --minute-cache cache/verified-1m[0m
2026-10-03T05:37:43.7681563Z shell: /usr/bin/bash -e {0}
2026-10-03T05:37:43.7681829Z env:
2026-10-03T05:37:43.7684374Z   GH_TOKEN: ***
2026-10-03T05:37:43.7684676Z   pythonLocation: /opt/hostedtoolcache/Python/3.12.14/x64
2026-10-03T05:37:43.7685159Z   PKG_CONFIG_PATH: /opt/hostedtoolcache/Python/3.12.14/x64/lib/pkgconfig
2026-10-03T05:37:43.7685606Z   Python_ROOT_DIR: /opt/hostedtoolcache/Python/3.12.14/x64
2026-10-03T05:37:43.7686033Z   Python2_ROOT_DIR: /opt/hostedtoolcache/Python/3.12.14/x64
2026-10-03T05:37:43.7686479Z   Python3_ROOT_DIR: /opt/hostedtoolcache/Python/3.12.14/x64
2026-10-03T05:37:43.7686882Z   LD_LIBRARY_PATH: /opt/hostedtoolcache/Python/3.12.14/x64/lib
2026-10-03T05:37:43.7687226Z ##[endgroup]
2026-10-03T05:37:44.9869263Z /home/runner/work/bb-scanner/bb-scanner/scripts/session_opening_impulse_v18.py:79: RuntimeWarning: invalid value encountered in divide
2026-10-03T05:37:44.9870604Z   f['session_vwap'][k:z]=np.where(valid,numer/denom,np.nan)
2026-10-03T05:38:57.7012733Z V18_OPENING_IMPULSE_SCAN DEV 16 / 107 parameterized_outcomes 4116
2026-10-03T05:38:57.9221367Z /home/runner/work/bb-scanner/bb-scanner/scripts/session_opening_impulse_v18.py:79: RuntimeWarning: invalid value encountered in divide
2026-10-03T05:38:57.9222712Z   f['session_vwap'][k:z]=np.where(valid,numer/denom,np.nan)
2026-10-03T05:39:45.2491054Z V18_OPENING_IMPULSE_SCAN DEV 24 / 107 parameterized_outcomes 7080
2026-10-03T05:39:45.3321101Z /home/runner/work/bb-scanner/bb-scanner/scripts/session_opening_impulse_v18.py:79: RuntimeWarning: invalid value encountered in divide
2026-10-03T05:39:45.3322405Z   f['session_vwap'][k:z]=np.where(valid,numer/denom,np.nan)
2026-10-03T05:40:51.8830671Z V18_OPENING_IMPULSE_SCAN DEV 72 / 107 parameterized_outcomes 11178
2026-10-03T05:41:12.6709304Z /home/runner/work/bb-scanner/bb-scanner/scripts/session_opening_impulse_v18.py:79: RuntimeWarning: invalid value encountered in divide
2026-10-03T05:41:12.6710835Z   f['session_vwap'][k:z]=np.where(valid,numer/denom,np.nan)
2026-10-03T05:42:24.1122030Z V18_OPENING_IMPULSE_SCAN DEV 80 / 107 parameterized_outcomes 17460
2026-10-03T05:43:50.3907169Z V18_OPENING_IMPULSE_SCAN DEV 96 / 107 parameterized_outcomes 23346
2026-10-03T05:44:22.0511698Z V18_OPENING_IMPULSE_SCAN DEV 104 / 107 parameterized_outcomes 24696
2026-10-03T05:44:28.2647571Z V18_OPENING_IMPULSE_SCAN_DONE DEV 25044 chronology_exclusions 0
2026-10-03T05:44:28.3328658Z ##[group]Run actions/upload-artifact@v4
2026-10-03T05:44:28.3328988Z with:
2026-10-03T05:44:28.3329221Z   name: session-opening-impulse-v18-dev-6
2026-10-03T05:44:28.3329523Z   path: dev-6/
2026-10-03T05:44:28.3329732Z   retention-days: 30
2026-10-03T05:44:28.3329962Z   compression-level: 0
2026-10-03T05:44:28.3330193Z   if-no-files-found: warn
2026-10-03T05:44:28.3330427Z   overwrite: false
2026-10-03T05:44:28.3330655Z   include-hidden-files: false
2026-10-03T05:44:28.3330897Z env:
2026-10-03T05:44:28.3333389Z   GH_TOKEN: ***
2026-10-03T05:44:28.3333690Z   pythonLocation: /opt/hostedtoolcache/Python/3.12.14/x64
2026-10-03T05:44:28.3334155Z   PKG_CONFIG_PATH: /opt/hostedtoolcache/Python/3.12.14/x64/lib/pkgconfig
2026-10-03T05:44:28.3334600Z   Python_ROOT_DIR: /opt/hostedtoolcache/Python/3.12.14/x64
2026-10-03T05:44:28.3335215Z   Python2_ROOT_DIR: /opt/hostedtoolcache/Python/3.12.14/x64
2026-10-03T05:44:28.3335611Z   Python3_ROOT_DIR: /opt/hostedtoolcache/Python/3.12.14/x64
2026-10-03T05:44:28.3336029Z   LD_LIBRARY_PATH: /opt/hostedtoolcache/Python/3.12.14/x64/lib
2026-10-03T05:44:28.3336361Z ##[endgroup]
2026-10-03T05:44:28.4983874Z (node:2576) [DEP0040] DeprecationWarning: The `punycode` module is deprecated. Please use a userland alternative instead.
2026-10-03T05:44:28.4985323Z (Use `node --trace-deprecation ...` to show where the warning was created)
2026-10-03T05:44:28.6066075Z With the provided path, there will be 591 files uploaded
2026-10-03T05:44:28.6078626Z Artifact name is valid!
2026-10-03T05:44:28.6079142Z Root directory input is valid!
2026-10-03T05:44:28.9818286Z Beginning upload of artifact content to blob storage
2026-10-03T05:44:29.2301557Z (node:2576) [DEP0169] DeprecationWarning: `url.parse()` behavior is not standardized and prone to errors that have security implications. Use the WHATWG URL API instead. CVEs are not issued for `url.parse()` vulnerabilities.
2026-10-03T05:44:30.1568434Z Uploaded bytes 8388608
2026-10-03T05:44:30.1798897Z Uploaded bytes 16777216
2026-10-03T05:44:30.2026743Z Uploaded bytes 25165824
2026-10-03T05:44:30.2577061Z Uploaded bytes 33554432
2026-10-03T05:44:30.4257603Z Uploaded bytes 41943040
2026-10-03T05:44:30.4589267Z Uploaded bytes 50331648
2026-10-03T05:44:30.4696964Z Uploaded bytes 58720256
2026-10-03T05:44:30.5326548Z Uploaded bytes 67108864
2026-10-03T05:44:30.7141394Z Uploaded bytes 75497472
2026-10-03T05:44:30.7453938Z Uploaded bytes 83886080
2026-10-03T05:44:30.7553083Z Uploaded bytes 92274688
2026-10-03T05:44:30.8149276Z Uploaded bytes 100663296
2026-10-03T05:44:30.9716721Z Uploaded bytes 109051904
2026-10-03T05:44:31.0418307Z Uploaded bytes 117440512
2026-10-03T05:44:31.0524559Z Uploaded bytes 125829120
2026-10-03T05:44:31.0916650Z Uploaded bytes 134217728
2026-10-03T05:44:31.2686950Z Uploaded bytes 142606336
2026-10-03T05:44:31.3023067Z Uploaded bytes 150994944
2026-10-03T05:44:31.3574889Z Uploaded bytes 159383552
2026-10-03T05:44:31.4040370Z Uploaded bytes 167772160
2026-10-03T05:44:31.5938576Z Uploaded bytes 176160768
2026-10-03T05:44:31.6257549Z Uploaded bytes 184549376
2026-10-03T05:44:31.6430824Z Uploaded bytes 192937984
2026-10-03T05:44:31.6533080Z Uploaded bytes 201326592
2026-10-03T05:44:31.8747016Z Uploaded bytes 209715200
2026-10-03T05:44:31.9024203Z Uploaded bytes 218103808
2026-10-03T05:44:31.9076804Z Uploaded bytes 226492416
2026-10-03T05:44:31.9484387Z Uploaded bytes 234881024
2026-10-03T05:44:32.1403982Z Uploaded bytes 243269632
2026-10-03T05:44:32.1683764Z Uploaded bytes 251658240
2026-10-03T05:44:32.3908523Z Uploaded bytes 258108737
2026-10-03T05:44:32.4697274Z Finished uploading artifact content to blob storage!
2026-10-03T05:44:32.4701720Z SHA256 digest of uploaded artifact zip is 34e96d07c63e2e31c8df2ecbbbaf6d28a785ef970c48920e14f9a01d32bbd9c7
2026-10-03T05:44:32.4703744Z Finalizing artifact upload
2026-10-03T05:44:32.7147526Z Artifact session-opening-impulse-v18-dev-6.zip successfully finalized. Artifact ID 11265966467
2026-10-03T05:44:32.7149593Z Artifact session-opening-impulse-v18-dev-6 has been successfully uploaded! Final size is 258108737 bytes. Artifact ID is 11265966467
2026-10-03T05:44:32.7155756Z Artifact download URL: https://github.com/duuu-hub/bb-scanner/actions/runs/37100246454/artifacts/11265966467
2026-10-03T05:44:32.7376517Z Post job cleanup.
2026-10-03T05:44:32.8422684Z (node:2591) [DEP0040] DeprecationWarning: The `punycode` module is deprecated. Please use a userland alternative instead.
2026-10-03T05:44:32.8423651Z (Use `node --trace-deprecation ...` to show where the warning was created)
2026-10-03T05:44:32.8674043Z [command]/usr/bin/tar --posix -cf cache.tzst --exclude cache.tzst -P -C /home/runner/work/bb-scanner/bb-scanner --files-from manifest.txt --use-compress-program zstdmt
2026-10-03T05:44:33.5788176Z (node:2591) [DEP0169] DeprecationWarning: `url.parse()` behavior is not standardized and prone to errors that have security implications. Use the WHATWG URL API instead. CVEs are not issued for `url.parse()` vulnerabilities.
2026-10-03T05:44:34.5625165Z Sent 0 of 313904103 (0.0%), 0.0 MBs/sec
2026-10-03T05:44:35.5630501Z Sent 246795239 of 313904103 (78.6%), 117.6 MBs/sec
2026-10-03T05:44:35.6907363Z Sent 313904103 of 313904103 (100.0%), 140.6 MBs/sec
2026-10-03T05:44:35.8331610Z Cache saved with key: session-opening-impulse-v18-dev-1m-shard-6
2026-10-03T05:44:35.8525541Z Post job cleanup.
2026-10-03T05:44:35.9639794Z Cache hit occurred on the primary key frozen-source-36095439671-15m-shard-6, not saving cache.
2026-10-03T05:44:35.9641793Z (node:2611) [DEP0040] DeprecationWarning: The `punycode` module is deprecated. Please use a userland alternative instead.
2026-10-03T05:44:35.9643597Z (Use `node --trace-deprecation ...` to show where the warning was created)
2026-10-03T05:44:35.9753208Z Post job cleanup.
2026-10-03T05:44:36.0933440Z (node:2619) [DEP0040] DeprecationWarning: The `punycode` module is deprecated. Please use a userland alternative instead.
2026-10-03T05:44:36.0934816Z (Use `node --trace-deprecation ...` to show where the warning was created)
2026-10-03T05:44:36.1091587Z Post job cleanup.
2026-10-03T05:44:36.2012704Z [command]/usr/bin/git version
2026-10-03T05:44:36.2065277Z git version 2.55.0
2026-10-03T05:44:36.2106653Z Temporarily overriding HOME='/home/runner/work/_temp/bd194832-3bd2-43d2-834e-9878a3b08da7' before making global git config changes
2026-10-03T05:44:36.2108245Z Adding repository directory to the temporary git global config as a safe directory
2026-10-03T05:44:36.2112556Z [command]/usr/bin/git config --global --add safe.directory /home/runner/work/bb-scanner/bb-scanner
2026-10-03T05:44:36.2153702Z [command]/usr/bin/git config --local --name-only --get-regexp core\.sshCommand
2026-10-03T05:44:36.2190017Z [command]/usr/bin/git submodule foreach --recursive sh -c "git config --local --name-only --get-regexp 'core\.sshCommand' && git config --local --unset-all 'core.sshCommand' || :"
2026-10-03T05:44:36.2445950Z [command]/usr/bin/git config --local --name-only --get-regexp http\.https\:\/\/github\.com\/\.extraheader
2026-10-03T05:44:36.2479583Z http.https://github.com/.extraheader
2026-10-03T05:44:36.2490190Z [command]/usr/bin/git config --local --unset-all http.https://github.com/.extraheader
2026-10-03T05:44:36.2525445Z [command]/usr/bin/git submodule foreach --recursive sh -c "git config --local --name-only --get-regexp 'http\.https\:\/\/github\.com\/\.extraheader' && git config --local --unset-all 'http.https://github.com/.extraheader' || :"
2026-10-03T05:44:36.2802717Z [command]/usr/bin/git config --local --name-only --get-regexp ^includeIf\.gitdir:
2026-10-03T05:44:36.2844118Z [command]/usr/bin/git submodule foreach --recursive git config --local --show-origin --name-only --get-regexp remote.origin.url
2026-10-03T05:44:36.3239032Z Cleaning up orphan processes
2026-10-03T05:44:36.3670777Z ##[warning]Node.js 20 is deprecated. The following actions target Node.js 20 but are being forced to run on Node.js 24: actions/cache@v4, actions/checkout@v4, actions/download-artifact@v4, actions/setup-python@v5, actions/upload-artifact@v4. For more information see: https://github.blog/changelog/2025-09-19-deprecation-of-node-20-on-github-actions-runners/
