2026-10-03T05:50:17.1843843Z Current runner version: '2.337.0'
2026-10-03T05:50:17.1866825Z ##[group]Runner Image Provisioner
2026-10-03T05:50:17.1868019Z Hosted Compute Agent
2026-10-03T05:50:17.1868574Z Version: 20260901.588
2026-10-03T05:50:17.1869174Z Commit: f88ec8081b781fac6c440065ac7ff9e710ce3d0b
2026-10-03T05:50:17.1869843Z Build Date: 2026-09-01T19:56:44Z
2026-10-03T05:50:17.1870458Z Worker ID: {8012686d-290c-41db-a850-2f98852b2d76}
2026-10-03T05:50:17.1871134Z Azure Region: westus3
2026-10-03T05:50:17.1871655Z ##[endgroup]
2026-10-03T05:50:17.1872914Z ##[group]Operating System
2026-10-03T05:50:17.1873543Z Ubuntu
2026-10-03T05:50:17.1874044Z 24.04.5
2026-10-03T05:50:17.1874525Z LTS
2026-10-03T05:50:17.1874995Z ##[endgroup]
2026-10-03T05:50:17.1875491Z ##[group]Runner Image
2026-10-03T05:50:17.1876127Z Image: ubuntu-24.04
2026-10-03T05:50:17.1876674Z Version: 20260927.320.1
2026-10-03T05:50:17.1878317Z Included Software: https://github.com/actions/runner-images/blob/ubuntu24/20260927.320/images/ubuntu/Ubuntu2404-Readme.md
2026-10-03T05:50:17.1879723Z Image Release: https://github.com/actions/runner-images/releases/tag/ubuntu24%2F20260927.320
2026-10-03T05:50:17.1880688Z ##[endgroup]
2026-10-03T05:50:17.1881825Z ##[group]GITHUB_TOKEN Permissions
2026-10-03T05:50:17.1884000Z Actions: read
2026-10-03T05:50:17.1884553Z Contents: write
2026-10-03T05:50:17.1885035Z Metadata: read
2026-10-03T05:50:17.1885559Z ##[endgroup]
2026-10-03T05:50:17.1887478Z Secret source: Actions
2026-10-03T05:50:17.1888279Z Cache mode: write
2026-10-03T05:50:17.1888874Z Prepare workflow directory
2026-10-03T05:50:17.2178440Z Prepare all required actions
2026-10-03T05:50:17.2225225Z Getting action download info
2026-10-03T05:50:17.5383814Z Download action repository 'actions/checkout@v4' (SHA:11d5960a326750d5838078e36cf38b85af677262)
2026-10-03T05:50:17.6419232Z Download action repository 'actions/setup-python@v5' (SHA:a26af69be951a213d495a4c3e4e4022e16d87065)
2026-10-03T05:50:17.7400088Z Download action repository 'actions/download-artifact@v4' (SHA:d3f86a106a0bac45b974a628896c90dbdf5c8093)
2026-10-03T05:50:18.4727635Z Download action repository 'actions/upload-artifact@v4' (SHA:ea165f8d65b6e75b540449e92b4886f43607fa02)
2026-10-03T05:50:18.7463047Z Complete job name: selection
2026-10-03T05:50:18.8252420Z ##[group]Run actions/checkout@v4
2026-10-03T05:50:18.8253771Z with:
2026-10-03T05:50:18.8254785Z   repository: duuu-hub/bb-scanner
2026-10-03T05:50:18.8263191Z   token: ***
2026-10-03T05:50:18.8264323Z   ssh-strict: true
2026-10-03T05:50:18.8265259Z   ssh-user: git
2026-10-03T05:50:18.8266196Z   persist-credentials: true
2026-10-03T05:50:18.8267351Z   clean: true
2026-10-03T05:50:18.8268348Z   sparse-checkout-cone-mode: true
2026-10-03T05:50:18.8269435Z   fetch-depth: 1
2026-10-03T05:50:18.8270368Z   fetch-tags: false
2026-10-03T05:50:18.8271326Z   show-progress: true
2026-10-03T05:50:18.8272367Z   lfs: false
2026-10-03T05:50:18.8273299Z   submodules: false
2026-10-03T05:50:18.8274262Z   set-safe-directory: true
2026-10-03T05:50:18.8275350Z   allow-unsafe-pr-checkout: false
2026-10-03T05:50:18.8276716Z ##[endgroup]
2026-10-03T05:50:18.9258165Z Syncing repository: duuu-hub/bb-scanner
2026-10-03T05:50:18.9261476Z ##[group]Getting Git version info
2026-10-03T05:50:18.9263664Z Working directory is '/home/runner/work/bb-scanner/bb-scanner'
2026-10-03T05:50:18.9265819Z [command]/usr/bin/git version
2026-10-03T05:50:18.9326932Z git version 2.55.0
2026-10-03T05:50:18.9360638Z ##[endgroup]
2026-10-03T05:50:18.9370702Z Temporarily overriding HOME='/home/runner/work/_temp/731d5519-93d4-49ad-adac-4b9fd2d7c2a1' before making global git config changes
2026-10-03T05:50:18.9374472Z Adding repository directory to the temporary git global config as a safe directory
2026-10-03T05:50:18.9377030Z [command]/usr/bin/git config --global --add safe.directory /home/runner/work/bb-scanner/bb-scanner
2026-10-03T05:50:18.9427468Z Deleting the contents of '/home/runner/work/bb-scanner/bb-scanner'
2026-10-03T05:50:18.9438812Z ##[group]Initializing the repository
2026-10-03T05:50:18.9446343Z [command]/usr/bin/git init /home/runner/work/bb-scanner/bb-scanner
2026-10-03T05:50:18.9553161Z hint: Using 'master' as the name for the initial branch. This default branch name
2026-10-03T05:50:18.9555663Z hint: will change to "main" in Git 3.0. To configure the initial branch name
2026-10-03T05:50:18.9558770Z hint: to use in all of your new repositories, which will suppress this warning,
2026-10-03T05:50:18.9560885Z hint: call:
2026-10-03T05:50:18.9562139Z hint:
2026-10-03T05:50:18.9563893Z hint: 	git config --global init.defaultBranch <name>
2026-10-03T05:50:18.9565442Z hint:
2026-10-03T05:50:18.9566641Z hint: Names commonly chosen instead of 'master' are 'main', 'trunk' and
2026-10-03T05:50:18.9568875Z hint: 'development'. The just-created branch can be renamed via this command:
2026-10-03T05:50:18.9570349Z hint:
2026-10-03T05:50:18.9571272Z hint: 	git branch -m <name>
2026-10-03T05:50:18.9572327Z hint:
2026-10-03T05:50:18.9573566Z hint: Disable this message with "git config set advice.defaultBranchName false"
2026-10-03T05:50:18.9576157Z Initialized empty Git repository in /home/runner/work/bb-scanner/bb-scanner/.git/
2026-10-03T05:50:18.9581289Z [command]/usr/bin/git remote add origin https://github.com/duuu-hub/bb-scanner
2026-10-03T05:50:18.9629585Z ##[endgroup]
2026-10-03T05:50:18.9637494Z ##[group]Disabling automatic garbage collection
2026-10-03T05:50:18.9639564Z [command]/usr/bin/git config --local gc.auto 0
2026-10-03T05:50:18.9660851Z ##[endgroup]
2026-10-03T05:50:18.9662634Z ##[group]Setting up auth
2026-10-03T05:50:18.9667921Z [command]/usr/bin/git config --local --name-only --get-regexp core\.sshCommand
2026-10-03T05:50:18.9698786Z [command]/usr/bin/git submodule foreach --recursive sh -c "git config --local --name-only --get-regexp 'core\.sshCommand' && git config --local --unset-all 'core.sshCommand' || :"
2026-10-03T05:50:19.0024746Z [command]/usr/bin/git config --local --name-only --get-regexp http\.https\:\/\/github\.com\/\.extraheader
2026-10-03T05:50:19.0056729Z [command]/usr/bin/git submodule foreach --recursive sh -c "git config --local --name-only --get-regexp 'http\.https\:\/\/github\.com\/\.extraheader' && git config --local --unset-all 'http.https://github.com/.extraheader' || :"
2026-10-03T05:50:19.0243150Z [command]/usr/bin/git config --local --name-only --get-regexp ^includeIf\.gitdir:
2026-10-03T05:50:19.0271639Z [command]/usr/bin/git submodule foreach --recursive git config --local --show-origin --name-only --get-regexp remote.origin.url
2026-10-03T05:50:19.0441977Z [command]/usr/bin/git config --local http.https://github.com/.extraheader AUTHORIZATION: basic ***
2026-10-03T05:50:19.0476575Z ##[endgroup]
2026-10-03T05:50:19.0478749Z ##[group]Fetching the repository
2026-10-03T05:50:19.0487019Z [command]/usr/bin/git -c protocol.version=2 fetch --no-tags --prune --no-recurse-submodules --depth=1 origin +bc72e1d7d90ba3eff0e9b1efe4107750c8c61d2a:refs/remotes/origin/research-session-opening-impulse-v18
2026-10-03T05:50:20.6217480Z From https://github.com/duuu-hub/bb-scanner
2026-10-03T05:50:20.6219941Z  * [new ref]         bc72e1d7d90ba3eff0e9b1efe4107750c8c61d2a -> origin/research-session-opening-impulse-v18
2026-10-03T05:50:20.6222398Z ##[endgroup]
2026-10-03T05:50:20.6223281Z ##[group]Determining the checkout info
2026-10-03T05:50:20.6224322Z ##[endgroup]
2026-10-03T05:50:20.6231209Z [command]/usr/bin/git sparse-checkout disable
2026-10-03T05:50:20.6279611Z [command]/usr/bin/git config --local --unset-all extensions.worktreeConfig
2026-10-03T05:50:20.6308072Z ##[group]Checking out the ref
2026-10-03T05:50:20.6312735Z [command]/usr/bin/git checkout --progress --force -B research-session-opening-impulse-v18 refs/remotes/origin/research-session-opening-impulse-v18
2026-10-03T05:50:20.8611516Z Switched to a new branch 'research-session-opening-impulse-v18'
2026-10-03T05:50:20.8615312Z branch 'research-session-opening-impulse-v18' set up to track 'origin/research-session-opening-impulse-v18'.
2026-10-03T05:50:20.8622744Z ##[endgroup]
2026-10-03T05:50:20.8667849Z [command]/usr/bin/git log -1 --format=%H
2026-10-03T05:50:20.8690140Z bc72e1d7d90ba3eff0e9b1efe4107750c8c61d2a
2026-10-03T05:50:20.8935350Z ##[group]Run actions/setup-python@v5
2026-10-03T05:50:20.8935742Z with:
2026-10-03T05:50:20.8936048Z   python-version: 3.12
2026-10-03T05:50:20.8936404Z   check-latest: false
2026-10-03T05:50:20.8939068Z   token: ***
2026-10-03T05:50:20.8939397Z   update-environment: true
2026-10-03T05:50:20.8939726Z   allow-prereleases: false
2026-10-03T05:50:20.8940063Z   freethreaded: false
2026-10-03T05:50:20.8940378Z ##[endgroup]
2026-10-03T05:50:21.0142615Z ##[group]Installed versions
2026-10-03T05:50:21.0230667Z (node:2079) [DEP0040] DeprecationWarning: The `punycode` module is deprecated. Please use a userland alternative instead.
2026-10-03T05:50:21.0231613Z (Use `node --trace-deprecation ...` to show where the warning was created)
2026-10-03T05:50:21.0232321Z Successfully set up CPython (3.12.14)
2026-10-03T05:50:21.0233072Z ##[endgroup]
2026-10-03T05:50:21.0366844Z ##[group]Run pip install pandas==2.3.3 numpy==2.3.3
2026-10-03T05:50:21.0367924Z [36;1mpip install pandas==2.3.3 numpy==2.3.3[0m
2026-10-03T05:50:21.0628309Z shell: /usr/bin/bash -e {0}
2026-10-03T05:50:21.0628847Z env:
2026-10-03T05:50:21.0629327Z   pythonLocation: /opt/hostedtoolcache/Python/3.12.14/x64
2026-10-03T05:50:21.0630042Z   PKG_CONFIG_PATH: /opt/hostedtoolcache/Python/3.12.14/x64/lib/pkgconfig
2026-10-03T05:50:21.0630621Z   Python_ROOT_DIR: /opt/hostedtoolcache/Python/3.12.14/x64
2026-10-03T05:50:21.0631234Z   Python2_ROOT_DIR: /opt/hostedtoolcache/Python/3.12.14/x64
2026-10-03T05:50:21.0631830Z   Python3_ROOT_DIR: /opt/hostedtoolcache/Python/3.12.14/x64
2026-10-03T05:50:21.0632490Z   LD_LIBRARY_PATH: /opt/hostedtoolcache/Python/3.12.14/x64/lib
2026-10-03T05:50:21.0633079Z ##[endgroup]
2026-10-03T05:50:22.0238368Z Collecting pandas==2.3.3
2026-10-03T05:50:22.0729748Z   Downloading pandas-2.3.3-cp312-cp312-manylinux_2_24_x86_64.manylinux_2_28_x86_64.whl.metadata (91 kB)
2026-10-03T05:50:22.3092846Z Collecting numpy==2.3.3
2026-10-03T05:50:22.3136051Z   Downloading numpy-2.3.3-cp312-cp312-manylinux_2_27_x86_64.manylinux_2_28_x86_64.whl.metadata (62 kB)
2026-10-03T05:50:22.3410663Z Collecting python-dateutil>=2.8.2 (from pandas==2.3.3)
2026-10-03T05:50:22.3440189Z   Downloading python_dateutil-2.9.0.post0-py2.py3-none-any.whl.metadata (8.4 kB)
2026-10-03T05:50:22.3805257Z Collecting pytz>=2020.1 (from pandas==2.3.3)
2026-10-03T05:50:22.3837066Z   Downloading pytz-2026.4-py2.py3-none-any.whl.metadata (22 kB)
2026-10-03T05:50:22.4028736Z Collecting tzdata>=2022.7 (from pandas==2.3.3)
2026-10-03T05:50:22.4059027Z   Downloading tzdata-2026.4-py2.py3-none-any.whl.metadata (1.4 kB)
2026-10-03T05:50:22.4239192Z Collecting six>=1.5 (from python-dateutil>=2.8.2->pandas==2.3.3)
2026-10-03T05:50:22.4272808Z   Downloading six-1.17.0-py2.py3-none-any.whl.metadata (1.7 kB)
2026-10-03T05:50:22.4336377Z Downloading pandas-2.3.3-cp312-cp312-manylinux_2_24_x86_64.manylinux_2_28_x86_64.whl (12.4 MB)
2026-10-03T05:50:22.5345486Z    ━━━━━━━━━━━━━━━━━━━━━━━━━━━━━━━━━━━━━━━━ 12.4/12.4 MB 126.8 MB/s  0:00:00
2026-10-03T05:50:22.5380525Z Downloading numpy-2.3.3-cp312-cp312-manylinux_2_27_x86_64.manylinux_2_28_x86_64.whl (16.6 MB)
2026-10-03T05:50:22.7143181Z    ━━━━━━━━━━━━━━━━━━━━━━━━━━━━━━━━━━━━━━━━ 16.6/16.6 MB 94.9 MB/s  0:00:00
2026-10-03T05:50:22.7188952Z Downloading python_dateutil-2.9.0.post0-py2.py3-none-any.whl (229 kB)
2026-10-03T05:50:22.7248940Z Downloading pytz-2026.4-py2.py3-none-any.whl (506 kB)
2026-10-03T05:50:22.7314541Z Downloading six-1.17.0-py2.py3-none-any.whl (11 kB)
2026-10-03T05:50:22.7360598Z Downloading tzdata-2026.4-py2.py3-none-any.whl (347 kB)
2026-10-03T05:50:22.8761056Z Installing collected packages: pytz, tzdata, six, numpy, python-dateutil, pandas
2026-10-03T05:50:28.4019752Z 
2026-10-03T05:50:28.4031963Z Successfully installed numpy-2.3.3 pandas-2.3.3 python-dateutil-2.9.0.post0 pytz-2026.4 six-1.17.0 tzdata-2026.4
2026-10-03T05:50:28.4712384Z ##[group]Run actions/download-artifact@v4
2026-10-03T05:50:28.4712748Z with:
2026-10-03T05:50:28.4713232Z   pattern: session-opening-impulse-v18-dev-[0-7]
2026-10-03T05:50:28.4713588Z   path: dev-parts
2026-10-03T05:50:28.4713859Z   merge-multiple: false
2026-10-03T05:50:28.4714195Z   repository: duuu-hub/bb-scanner
2026-10-03T05:50:28.4714506Z   run-id: 37100246454
2026-10-03T05:50:28.4714775Z env:
2026-10-03T05:50:28.4715123Z   pythonLocation: /opt/hostedtoolcache/Python/3.12.14/x64
2026-10-03T05:50:28.4715613Z   PKG_CONFIG_PATH: /opt/hostedtoolcache/Python/3.12.14/x64/lib/pkgconfig
2026-10-03T05:50:28.4716099Z   Python_ROOT_DIR: /opt/hostedtoolcache/Python/3.12.14/x64
2026-10-03T05:50:28.4716515Z   Python2_ROOT_DIR: /opt/hostedtoolcache/Python/3.12.14/x64
2026-10-03T05:50:28.4716956Z   Python3_ROOT_DIR: /opt/hostedtoolcache/Python/3.12.14/x64
2026-10-03T05:50:28.4717507Z   LD_LIBRARY_PATH: /opt/hostedtoolcache/Python/3.12.14/x64/lib
2026-10-03T05:50:28.4717891Z ##[endgroup]
2026-10-03T05:50:28.6210975Z (node:2115) [DEP0040] DeprecationWarning: The `punycode` module is deprecated. Please use a userland alternative instead.
2026-10-03T05:50:28.6211879Z (Use `node --trace-deprecation ...` to show where the warning was created)
2026-10-03T05:50:28.8526445Z Found 18 artifact(s)
2026-10-03T05:50:28.8528460Z Filtering artifacts by pattern 'session-opening-impulse-v18-dev-[0-7]'
2026-10-03T05:50:28.8549449Z Preparing to download the following artifacts:
2026-10-03T05:50:28.8550570Z - session-opening-impulse-v18-dev-5 (ID: 11266855304, Size: 384171321, Expected Digest: sha256:da1023256aa1351a47a958c870cd87854ed56e25a5e07968454ea7db17d4b512)
2026-10-03T05:50:28.8552014Z - session-opening-impulse-v18-dev-3 (ID: 11266705115, Size: 202599800, Expected Digest: sha256:111ed5346a41659656d1dd77dcf705c088b843cd503d5e506c1d8455d1b9efc0)
2026-10-03T05:50:28.8553567Z - session-opening-impulse-v18-dev-1 (ID: 11266460817, Size: 368293313, Expected Digest: sha256:fd507040baa5b6c68f81b974568e06d2091bcbd3ce550052f1a79454f15432b6)
2026-10-03T05:50:28.8555244Z - session-opening-impulse-v18-dev-2 (ID: 11266216074, Size: 266806970, Expected Digest: sha256:b5e250dbcd467da4326f37756fb660aebcb50510e289b7e072f50a89d1122cd6)
2026-10-03T05:50:28.8556704Z - session-opening-impulse-v18-dev-7 (ID: 11266210953, Size: 251923743, Expected Digest: sha256:b75f6faea790e1addbba82e0f4ca14876fe8117052255453c37dbc649667e5d5)
2026-10-03T05:50:28.8558421Z - session-opening-impulse-v18-dev-0 (ID: 11266151215, Size: 338002040, Expected Digest: sha256:8815f8d96969881415d43c56b1546f73b5a134c2348d326b1e6b919ab12be1aa)
2026-10-03T05:50:28.8559903Z - session-opening-impulse-v18-dev-6 (ID: 11265966467, Size: 258108737, Expected Digest: sha256:34e96d07c63e2e31c8df2ecbbbaf6d28a785ef970c48920e14f9a01d32bbd9c7)
2026-10-03T05:50:28.8561383Z - session-opening-impulse-v18-dev-4 (ID: 11265659857, Size: 198334267, Expected Digest: sha256:cc1f8709a34bed9b1f1904bd7b36893234c64fe6212fc50b12dd3f3aa1e051ca)
2026-10-03T05:50:29.0650385Z Redirecting to blob download url: https://productionresultssa1.blob.core.windows.net/actions-results/9e55719b-f855-8c76-a9b9-9f62f00e1ee9/workflow-job-run-7574a1b6-8c9d-5df4-871c-a3fe60a9bdbb/artifacts/9c778ebedca9ec26645229d83751a775eed1a57f6a4b9b07d9b364997c2374d6.zip
2026-10-03T05:50:29.0652928Z Starting download of artifact to: /home/runner/work/bb-scanner/bb-scanner/dev-parts/session-opening-impulse-v18-dev-5
2026-10-03T05:50:29.1988610Z Redirecting to blob download url: https://productionresultssa1.blob.core.windows.net/actions-results/9e55719b-f855-8c76-a9b9-9f62f00e1ee9/workflow-job-run-9fbe16a7-d9a0-5cfe-9224-d851b37f8608/artifacts/f39dba4f76828e4415aad57613b0224aff01674c9ef69d9861a1a7d6e26b0f69.zip
2026-10-03T05:50:29.1990606Z Starting download of artifact to: /home/runner/work/bb-scanner/bb-scanner/dev-parts/session-opening-impulse-v18-dev-2
2026-10-03T05:50:29.2002111Z Redirecting to blob download url: https://productionresultssa1.blob.core.windows.net/actions-results/9e55719b-f855-8c76-a9b9-9f62f00e1ee9/workflow-job-run-7e421685-7747-53c4-ad16-8bbd2f4aa4c1/artifacts/9f631a97957e3b4d2fcf53548bc7effd7d028fd31badf374f0f2e3a1413bc401.zip
2026-10-03T05:50:29.2004727Z Starting download of artifact to: /home/runner/work/bb-scanner/bb-scanner/dev-parts/session-opening-impulse-v18-dev-3
2026-10-03T05:50:29.2027478Z Redirecting to blob download url: https://productionresultssa1.blob.core.windows.net/actions-results/9e55719b-f855-8c76-a9b9-9f62f00e1ee9/workflow-job-run-fc1a84f9-b22f-5788-bb4e-2c264f500044/artifacts/371c821027dd4c5d334c498691fd7e24a94ed2ec1f2ef53ca57973e34d510492.zip
2026-10-03T05:50:29.2029469Z Starting download of artifact to: /home/runner/work/bb-scanner/bb-scanner/dev-parts/session-opening-impulse-v18-dev-7
2026-10-03T05:50:29.2062824Z Redirecting to blob download url: https://productionresultssa1.blob.core.windows.net/actions-results/9e55719b-f855-8c76-a9b9-9f62f00e1ee9/workflow-job-run-9532123e-ad4f-549e-9773-88613cca7ba5/artifacts/c88a4d3b442174116eba55152f1e917a19d003bd2d6a061c743655a185ee912d.zip
2026-10-03T05:50:29.2064283Z Starting download of artifact to: /home/runner/work/bb-scanner/bb-scanner/dev-parts/session-opening-impulse-v18-dev-0
2026-10-03T05:50:29.2152854Z Redirecting to blob download url: https://productionresultssa1.blob.core.windows.net/actions-results/9e55719b-f855-8c76-a9b9-9f62f00e1ee9/workflow-job-run-423df6ff-dbc4-54b0-9e72-b3f5ceac5478/artifacts/830522af574f634f1093f840c3e24b36747b72a385e5322a95050c013d5e07ee.zip
2026-10-03T05:50:29.2155133Z Starting download of artifact to: /home/runner/work/bb-scanner/bb-scanner/dev-parts/session-opening-impulse-v18-dev-6
2026-10-03T05:50:29.2161784Z Redirecting to blob download url: https://productionresultssa1.blob.core.windows.net/actions-results/9e55719b-f855-8c76-a9b9-9f62f00e1ee9/workflow-job-run-a4d4f40d-1875-5dd4-8c68-2ab99012e942/artifacts/477e362833e62864faa3569e6a475ac767470d56f0c85722fa64674a6fc796c2.zip
2026-10-03T05:50:29.2163200Z Starting download of artifact to: /home/runner/work/bb-scanner/bb-scanner/dev-parts/session-opening-impulse-v18-dev-4
2026-10-03T05:50:29.2226610Z Redirecting to blob download url: https://productionresultssa1.blob.core.windows.net/actions-results/9e55719b-f855-8c76-a9b9-9f62f00e1ee9/workflow-job-run-a84a32de-4258-520b-8a59-a2bf0111d3ae/artifacts/4f1237d06ca26ea51d818960eef5d2e2d736e7e35c0ee0297dd1dda9a517e206.zip
2026-10-03T05:50:29.2228189Z Starting download of artifact to: /home/runner/work/bb-scanner/bb-scanner/dev-parts/session-opening-impulse-v18-dev-1
2026-10-03T05:50:29.3367680Z (node:2115) [DEP0005] DeprecationWarning: Buffer() is deprecated due to security and usability issues. Please use the Buffer.alloc(), Buffer.allocUnsafe(), or Buffer.from() methods instead.
2026-10-03T05:50:35.8959354Z SHA256 digest of downloaded artifact is cc1f8709a34bed9b1f1904bd7b36893234c64fe6212fc50b12dd3f3aa1e051ca
2026-10-03T05:50:35.8966961Z Artifact download completed successfully.
2026-10-03T05:50:36.2268999Z SHA256 digest of downloaded artifact is 111ed5346a41659656d1dd77dcf705c088b843cd503d5e506c1d8455d1b9efc0
2026-10-03T05:50:36.2270303Z Artifact download completed successfully.
2026-10-03T05:50:37.5369879Z SHA256 digest of downloaded artifact is b75f6faea790e1addbba82e0f4ca14876fe8117052255453c37dbc649667e5d5
2026-10-03T05:50:37.5371565Z Artifact download completed successfully.
2026-10-03T05:50:38.0203735Z SHA256 digest of downloaded artifact is b5e250dbcd467da4326f37756fb660aebcb50510e289b7e072f50a89d1122cd6
2026-10-03T05:50:38.0205244Z Artifact download completed successfully.
2026-10-03T05:50:38.4474425Z SHA256 digest of downloaded artifact is 8815f8d96969881415d43c56b1546f73b5a134c2348d326b1e6b919ab12be1aa
2026-10-03T05:50:38.4475109Z Artifact download completed successfully.
2026-10-03T05:50:40.3840622Z SHA256 digest of downloaded artifact is 34e96d07c63e2e31c8df2ecbbbaf6d28a785ef970c48920e14f9a01d32bbd9c7
2026-10-03T05:50:40.3841427Z Artifact download completed successfully.
2026-10-03T05:50:41.6572703Z SHA256 digest of downloaded artifact is fd507040baa5b6c68f81b974568e06d2091bcbd3ce550052f1a79454f15432b6
2026-10-03T05:50:41.6588233Z Artifact download completed successfully.
2026-10-03T05:50:41.9315721Z SHA256 digest of downloaded artifact is da1023256aa1351a47a958c870cd87854ed56e25a5e07968454ea7db17d4b512
2026-10-03T05:50:41.9317355Z Artifact download completed successfully.
2026-10-03T05:50:41.9318119Z Total of 8 artifact(s) downloaded
2026-10-03T05:50:41.9323102Z Download artifact has finished successfully
2026-10-03T05:50:41.9503813Z ##[group]Run set -euo pipefail
2026-10-03T05:50:41.9504365Z [36;1mset -euo pipefail[0m
2026-10-03T05:50:41.9504980Z [36;1mpython scripts/session_opening_impulse_v18.py select --parts dev-parts --out selected-input[0m
2026-10-03T05:50:41.9505587Z [36;1mpython - <<'PY'[0m
2026-10-03T05:50:41.9505966Z [36;1mimport json,os[0m
2026-10-03T05:50:41.9506529Z [36;1mn=len(json.load(open('selected-input/selection.json'))['policies'])[0m
2026-10-03T05:50:41.9507584Z [36;1mwith open(os.environ['GITHUB_OUTPUT'],'a') as f:f.write('selected_count='+str(n)+'\n')[0m
2026-10-03T05:50:41.9508166Z [36;1mPY[0m
2026-10-03T05:50:41.9547105Z shell: /usr/bin/bash -e {0}
2026-10-03T05:50:41.9547803Z env:
2026-10-03T05:50:41.9548230Z   pythonLocation: /opt/hostedtoolcache/Python/3.12.14/x64
2026-10-03T05:50:41.9548795Z   PKG_CONFIG_PATH: /opt/hostedtoolcache/Python/3.12.14/x64/lib/pkgconfig
2026-10-03T05:50:41.9549342Z   Python_ROOT_DIR: /opt/hostedtoolcache/Python/3.12.14/x64
2026-10-03T05:50:41.9549916Z   Python2_ROOT_DIR: /opt/hostedtoolcache/Python/3.12.14/x64
2026-10-03T05:50:41.9550394Z   Python3_ROOT_DIR: /opt/hostedtoolcache/Python/3.12.14/x64
2026-10-03T05:50:41.9550893Z   LD_LIBRARY_PATH: /opt/hostedtoolcache/Python/3.12.14/x64/lib
2026-10-03T05:50:41.9551298Z ##[endgroup]
2026-10-03T05:50:46.4126501Z V18_OPENING_IMPULSE_SELECT {"status": "NO_DEVELOPMENT_POLICY_SURVIVOR", "cells_examined": 96, "selected": [], "policies": [], "union_name": "SESSION_OPENING_IMPULSE_ACCEPTANCE_UNION", "source_context_sha256": "4cbf469c0c0d4efa9c63d19c9650bbaf1e8ded8f38bc4195ec2d702d2eea9614", "source_symbols": 856, "economic_surviving_cells": 0, "rejection_counts": {"NET40_MEAN_BP_NONPOSITIVE": 96, "NET40_R_MEAN_NONPOSITIVE": 96, "2021_net40_R_NONPOSITIVE": 96, "2021_net40_mean_bp_NONPOSITIVE": 96, "2021_day_R_NONPOSITIVE": 96, "2022_net40_R_NONPOSITIVE": 96, "2022_net40_mean_bp_NONPOSITIVE": 96, "2022_day_R_NONPOSITIVE": 96, "2023_net40_R_NONPOSITIVE": 96, "2023_net40_mean_bp_NONPOSITIVE": 96, "2023_day_R_NONPOSITIVE": 96, "TOP_SYMBOL_GT_30PCT": 1}, "note": "Frozen session-opening impulse acceptance experiment. Overlapping diagnostics are not executable account growth."}
2026-10-03T05:50:46.5035931Z ##[group]Run set -euo pipefail
2026-10-03T05:50:46.5036411Z [36;1mset -euo pipefail[0m
2026-10-03T05:50:46.5036990Z [36;1mtarget=research/session-opening-impulse-v18/run-${GITHUB_RUN_ID}/development[0m
2026-10-03T05:50:46.5037757Z [36;1mmkdir -p "$target"[0m
2026-10-03T05:50:46.5038259Z [36;1mcp -r selected-input/. "$target/"[0m
2026-10-03T05:50:46.5038896Z [36;1mfor name in scan_meta.json exclusions.csv frozen_context.json source_check.json breadth_manifest.json; do[0m
2026-10-03T05:50:46.5039527Z [36;1m  i=0[0m
2026-10-03T05:50:46.5040130Z [36;1m  while IFS= read -r f; do cp "$f" "$target/full_dev_shard_${i}_${name}"; i=$((i+1)); done < <(find dev-parts -name "$name" | sort)[0m
2026-10-03T05:50:46.5040761Z [36;1mdone[0m
2026-10-03T05:50:46.5041108Z [36;1mpython - <<'PY'[0m
2026-10-03T05:50:46.5041503Z [36;1mfrom pathlib import Path[0m
2026-10-03T05:50:46.5041909Z [36;1mimport json,os,hashlib[0m
2026-10-03T05:50:46.5042551Z [36;1mp=Path('research/session-opening-impulse-v18/run-'+os.environ['GITHUB_RUN_ID']+'/development')[0m
2026-10-03T05:50:46.5043856Z [36;1m(p/'provenance.json').write_text(json.dumps({'run':int(os.environ['GITHUB_RUN_ID']),'code_commit':os.environ['GITHUB_SHA'],'source_data_run':36095439671,'cells':96,'sha256':{str(f.relative_to(p)):hashlib.sha256(f.read_bytes()).hexdigest() for f in p.rglob('*') if f.is_file()}},indent=2))[0m
2026-10-03T05:50:46.5044873Z [36;1mPY[0m
2026-10-03T05:50:46.5045245Z [36;1mgit config user.name 'github-actions[bot]'[0m
2026-10-03T05:50:46.5045857Z [36;1mgit config user.email '41898282+github-actions[bot]@users.noreply.github.com'[0m
2026-10-03T05:50:46.5046624Z [36;1mgit checkout -b research-session-opening-impulse-v18-dev-${GITHUB_RUN_ID}[0m
2026-10-03T05:50:46.5047171Z [36;1mgit add "$target"[0m
2026-10-03T05:50:46.5047793Z [36;1mgit commit -m 'Preserve V18 DEV result before subsequent stages'[0m
2026-10-03T05:50:46.5048336Z [36;1mgit push origin HEAD[0m
2026-10-03T05:50:46.5086236Z shell: /usr/bin/bash -e {0}
2026-10-03T05:50:46.5086629Z env:
2026-10-03T05:50:46.5087137Z   pythonLocation: /opt/hostedtoolcache/Python/3.12.14/x64
2026-10-03T05:50:46.5087860Z   PKG_CONFIG_PATH: /opt/hostedtoolcache/Python/3.12.14/x64/lib/pkgconfig
2026-10-03T05:50:46.5088404Z   Python_ROOT_DIR: /opt/hostedtoolcache/Python/3.12.14/x64
2026-10-03T05:50:46.5088937Z   Python2_ROOT_DIR: /opt/hostedtoolcache/Python/3.12.14/x64
2026-10-03T05:50:46.5089471Z   Python3_ROOT_DIR: /opt/hostedtoolcache/Python/3.12.14/x64
2026-10-03T05:50:46.5089978Z   LD_LIBRARY_PATH: /opt/hostedtoolcache/Python/3.12.14/x64/lib
2026-10-03T05:50:46.5093007Z   GH_TOKEN: ***
2026-10-03T05:50:46.5093364Z ##[endgroup]
2026-10-03T05:50:46.6237087Z Switched to a new branch 'research-session-opening-impulse-v18-dev-37100246454'
2026-10-03T05:50:46.8054788Z [research-session-opening-impulse-v18-dev-37100246454 be55501] Preserve V18 DEV result before subsequent stages
2026-10-03T05:50:46.8055807Z  59 files changed, 46782 insertions(+)
2026-10-03T05:50:46.8056892Z  create mode 100644 research/session-opening-impulse-v18/run-37100246454/development/dev-0/independent_candidates.csv.gz
2026-10-03T05:50:46.8058205Z  create mode 100644 research/session-opening-impulse-v18/run-37100246454/development/dev-0/scan_meta.json
2026-10-03T05:50:46.8059708Z  create mode 100644 research/session-opening-impulse-v18/run-37100246454/development/dev-1/independent_candidates.csv.gz
2026-10-03T05:50:46.8060554Z  create mode 100644 research/session-opening-impulse-v18/run-37100246454/development/dev-1/scan_meta.json
2026-10-03T05:50:46.8061451Z  create mode 100644 research/session-opening-impulse-v18/run-37100246454/development/dev-2/independent_candidates.csv.gz
2026-10-03T05:50:46.8062307Z  create mode 100644 research/session-opening-impulse-v18/run-37100246454/development/dev-2/scan_meta.json
2026-10-03T05:50:46.8063117Z  create mode 100644 research/session-opening-impulse-v18/run-37100246454/development/dev-3/independent_candidates.csv.gz
2026-10-03T05:50:46.8064260Z  create mode 100644 research/session-opening-impulse-v18/run-37100246454/development/dev-3/scan_meta.json
2026-10-03T05:50:46.8065074Z  create mode 100644 research/session-opening-impulse-v18/run-37100246454/development/dev-4/independent_candidates.csv.gz
2026-10-03T05:50:46.8066054Z  create mode 100644 research/session-opening-impulse-v18/run-37100246454/development/dev-4/scan_meta.json
2026-10-03T05:50:46.8066843Z  create mode 100644 research/session-opening-impulse-v18/run-37100246454/development/dev-5/independent_candidates.csv.gz
2026-10-03T05:50:46.8067886Z  create mode 100644 research/session-opening-impulse-v18/run-37100246454/development/dev-5/scan_meta.json
2026-10-03T05:50:46.8068683Z  create mode 100644 research/session-opening-impulse-v18/run-37100246454/development/dev-6/independent_candidates.csv.gz
2026-10-03T05:50:46.8069515Z  create mode 100644 research/session-opening-impulse-v18/run-37100246454/development/dev-6/scan_meta.json
2026-10-03T05:50:46.8070390Z  create mode 100644 research/session-opening-impulse-v18/run-37100246454/development/dev-7/independent_candidates.csv.gz
2026-10-03T05:50:46.8071194Z  create mode 100644 research/session-opening-impulse-v18/run-37100246454/development/dev-7/scan_meta.json
2026-10-03T05:50:46.8071970Z  create mode 100644 research/session-opening-impulse-v18/run-37100246454/development/development_policy_cells.csv
2026-10-03T05:50:46.8072862Z  create mode 100644 research/session-opening-impulse-v18/run-37100246454/development/full_dev_shard_0_breadth_manifest.json
2026-10-03T05:50:46.8073758Z  create mode 100644 research/session-opening-impulse-v18/run-37100246454/development/full_dev_shard_0_exclusions.csv
2026-10-03T05:50:46.8074745Z  create mode 100644 research/session-opening-impulse-v18/run-37100246454/development/full_dev_shard_0_frozen_context.json
2026-10-03T05:50:46.8075596Z  create mode 100644 research/session-opening-impulse-v18/run-37100246454/development/full_dev_shard_0_scan_meta.json
2026-10-03T05:50:46.8076498Z  create mode 100644 research/session-opening-impulse-v18/run-37100246454/development/full_dev_shard_0_source_check.json
2026-10-03T05:50:46.8077583Z  create mode 100644 research/session-opening-impulse-v18/run-37100246454/development/full_dev_shard_1_breadth_manifest.json
2026-10-03T05:50:46.8078748Z  create mode 100644 research/session-opening-impulse-v18/run-37100246454/development/full_dev_shard_1_exclusions.csv
2026-10-03T05:50:46.8079655Z  create mode 100644 research/session-opening-impulse-v18/run-37100246454/development/full_dev_shard_1_frozen_context.json
2026-10-03T05:50:46.8080557Z  create mode 100644 research/session-opening-impulse-v18/run-37100246454/development/full_dev_shard_1_scan_meta.json
2026-10-03T05:50:46.8081426Z  create mode 100644 research/session-opening-impulse-v18/run-37100246454/development/full_dev_shard_1_source_check.json
2026-10-03T05:50:46.8082314Z  create mode 100644 research/session-opening-impulse-v18/run-37100246454/development/full_dev_shard_2_breadth_manifest.json
2026-10-03T05:50:46.8083199Z  create mode 100644 research/session-opening-impulse-v18/run-37100246454/development/full_dev_shard_2_exclusions.csv
2026-10-03T05:50:46.8084045Z  create mode 100644 research/session-opening-impulse-v18/run-37100246454/development/full_dev_shard_2_frozen_context.json
2026-10-03T05:50:46.8084937Z  create mode 100644 research/session-opening-impulse-v18/run-37100246454/development/full_dev_shard_2_scan_meta.json
2026-10-03T05:50:46.8085764Z  create mode 100644 research/session-opening-impulse-v18/run-37100246454/development/full_dev_shard_2_source_check.json
2026-10-03T05:50:46.8086642Z  create mode 100644 research/session-opening-impulse-v18/run-37100246454/development/full_dev_shard_3_breadth_manifest.json
2026-10-03T05:50:46.8087678Z  create mode 100644 research/session-opening-impulse-v18/run-37100246454/development/full_dev_shard_3_exclusions.csv
2026-10-03T05:50:46.8088526Z  create mode 100644 research/session-opening-impulse-v18/run-37100246454/development/full_dev_shard_3_frozen_context.json
2026-10-03T05:50:46.8089495Z  create mode 100644 research/session-opening-impulse-v18/run-37100246454/development/full_dev_shard_3_scan_meta.json
2026-10-03T05:50:46.8090313Z  create mode 100644 research/session-opening-impulse-v18/run-37100246454/development/full_dev_shard_3_source_check.json
2026-10-03T05:50:46.8091210Z  create mode 100644 research/session-opening-impulse-v18/run-37100246454/development/full_dev_shard_4_breadth_manifest.json
2026-10-03T05:50:46.8092388Z  create mode 100644 research/session-opening-impulse-v18/run-37100246454/development/full_dev_shard_4_exclusions.csv
2026-10-03T05:50:46.8093308Z  create mode 100644 research/session-opening-impulse-v18/run-37100246454/development/full_dev_shard_4_frozen_context.json
2026-10-03T05:50:46.8094182Z  create mode 100644 research/session-opening-impulse-v18/run-37100246454/development/full_dev_shard_4_scan_meta.json
2026-10-03T05:50:46.8095026Z  create mode 100644 research/session-opening-impulse-v18/run-37100246454/development/full_dev_shard_4_source_check.json
2026-10-03T05:50:46.8095875Z  create mode 100644 research/session-opening-impulse-v18/run-37100246454/development/full_dev_shard_5_breadth_manifest.json
2026-10-03T05:50:46.8096783Z  create mode 100644 research/session-opening-impulse-v18/run-37100246454/development/full_dev_shard_5_exclusions.csv
2026-10-03T05:50:46.8097882Z  create mode 100644 research/session-opening-impulse-v18/run-37100246454/development/full_dev_shard_5_frozen_context.json
2026-10-03T05:50:46.8098719Z  create mode 100644 research/session-opening-impulse-v18/run-37100246454/development/full_dev_shard_5_scan_meta.json
2026-10-03T05:50:46.8099678Z  create mode 100644 research/session-opening-impulse-v18/run-37100246454/development/full_dev_shard_5_source_check.json
2026-10-03T05:50:46.8100570Z  create mode 100644 research/session-opening-impulse-v18/run-37100246454/development/full_dev_shard_6_breadth_manifest.json
2026-10-03T05:50:46.8101409Z  create mode 100644 research/session-opening-impulse-v18/run-37100246454/development/full_dev_shard_6_exclusions.csv
2026-10-03T05:50:46.8102258Z  create mode 100644 research/session-opening-impulse-v18/run-37100246454/development/full_dev_shard_6_frozen_context.json
2026-10-03T05:50:46.8103173Z  create mode 100644 research/session-opening-impulse-v18/run-37100246454/development/full_dev_shard_6_scan_meta.json
2026-10-03T05:50:46.8104000Z  create mode 100644 research/session-opening-impulse-v18/run-37100246454/development/full_dev_shard_6_source_check.json
2026-10-03T05:50:46.8105336Z  create mode 100644 research/session-opening-impulse-v18/run-37100246454/development/full_dev_shard_7_breadth_manifest.json
2026-10-03T05:50:46.8106248Z  create mode 100644 research/session-opening-impulse-v18/run-37100246454/development/full_dev_shard_7_exclusions.csv
2026-10-03T05:50:46.8107092Z  create mode 100644 research/session-opening-impulse-v18/run-37100246454/development/full_dev_shard_7_frozen_context.json
2026-10-03T05:50:46.8108050Z  create mode 100644 research/session-opening-impulse-v18/run-37100246454/development/full_dev_shard_7_scan_meta.json
2026-10-03T05:50:46.8108882Z  create mode 100644 research/session-opening-impulse-v18/run-37100246454/development/full_dev_shard_7_source_check.json
2026-10-03T05:50:46.8109742Z  create mode 100644 research/session-opening-impulse-v18/run-37100246454/development/provenance.json
2026-10-03T05:50:46.8110488Z  create mode 100644 research/session-opening-impulse-v18/run-37100246454/development/selection.json
2026-10-03T05:50:49.7224594Z remote: 
2026-10-03T05:50:49.7225613Z remote: Create a pull request for 'research-session-opening-impulse-v18-dev-37100246454' on GitHub by visiting:        
2026-10-03T05:50:49.7226903Z remote:      https://github.com/duuu-hub/bb-scanner/pull/new/research-session-opening-impulse-v18-dev-37100246454        
2026-10-03T05:50:49.7228043Z remote: 
2026-10-03T05:50:49.7233953Z To https://github.com/duuu-hub/bb-scanner
2026-10-03T05:50:49.7234863Z  * [new branch]      HEAD -> research-session-opening-impulse-v18-dev-37100246454
2026-10-03T05:50:49.7323401Z ##[group]Run actions/upload-artifact@v4
2026-10-03T05:50:49.7323820Z with:
2026-10-03T05:50:49.7324191Z   name: session-opening-impulse-v18-selected
2026-10-03T05:50:49.7324643Z   path: selected-input/
2026-10-03T05:50:49.7324973Z   retention-days: 30
2026-10-03T05:50:49.7325335Z   compression-level: 0
2026-10-03T05:50:49.7325713Z   if-no-files-found: warn
2026-10-03T05:50:49.7326089Z   overwrite: false
2026-10-03T05:50:49.7326415Z   include-hidden-files: false
2026-10-03T05:50:49.7326774Z env:
2026-10-03T05:50:49.7327154Z   pythonLocation: /opt/hostedtoolcache/Python/3.12.14/x64
2026-10-03T05:50:49.7327873Z   PKG_CONFIG_PATH: /opt/hostedtoolcache/Python/3.12.14/x64/lib/pkgconfig
2026-10-03T05:50:49.7328389Z   Python_ROOT_DIR: /opt/hostedtoolcache/Python/3.12.14/x64
2026-10-03T05:50:49.7328857Z   Python2_ROOT_DIR: /opt/hostedtoolcache/Python/3.12.14/x64
2026-10-03T05:50:49.7329380Z   Python3_ROOT_DIR: /opt/hostedtoolcache/Python/3.12.14/x64
2026-10-03T05:50:49.7329961Z   LD_LIBRARY_PATH: /opt/hostedtoolcache/Python/3.12.14/x64/lib
2026-10-03T05:50:49.7330395Z ##[endgroup]
2026-10-03T05:50:49.8814222Z (node:2212) [DEP0040] DeprecationWarning: The `punycode` module is deprecated. Please use a userland alternative instead.
2026-10-03T05:50:49.8815101Z (Use `node --trace-deprecation ...` to show where the warning was created)
2026-10-03T05:50:49.8922207Z With the provided path, there will be 18 files uploaded
2026-10-03T05:50:49.8926526Z Artifact name is valid!
2026-10-03T05:50:49.8927089Z Root directory input is valid!
2026-10-03T05:50:50.2395828Z Beginning upload of artifact content to blob storage
2026-10-03T05:50:50.2722922Z (node:2212) [DEP0169] DeprecationWarning: `url.parse()` behavior is not standardized and prone to errors that have security implications. Use the WHATWG URL API instead. CVEs are not issued for `url.parse()` vulnerabilities.
2026-10-03T05:50:50.6958118Z Uploaded bytes 229911
2026-10-03T05:50:50.7587073Z Finished uploading artifact content to blob storage!
2026-10-03T05:50:50.7588604Z SHA256 digest of uploaded artifact zip is 8c7f65318dcc850c5623d37ac17f1915e986c8717e8d813f83ac37b376bd96d2
2026-10-03T05:50:50.7589562Z Finalizing artifact upload
2026-10-03T05:50:51.0005322Z Artifact session-opening-impulse-v18-selected.zip successfully finalized. Artifact ID 11266081447
2026-10-03T05:50:51.0006609Z Artifact session-opening-impulse-v18-selected has been successfully uploaded! Final size is 229911 bytes. Artifact ID is 11266081447
2026-10-03T05:50:51.0012058Z Artifact download URL: https://github.com/duuu-hub/bb-scanner/actions/runs/37100246454/artifacts/11266081447
2026-10-03T05:50:51.0156248Z Post job cleanup.
2026-10-03T05:50:51.1253259Z (node:2224) [DEP0040] DeprecationWarning: The `punycode` module is deprecated. Please use a userland alternative instead.
2026-10-03T05:50:51.1254116Z (Use `node --trace-deprecation ...` to show where the warning was created)
2026-10-03T05:50:51.1431306Z Post job cleanup.
2026-10-03T05:50:51.2296907Z [command]/usr/bin/git version
2026-10-03T05:50:51.2342220Z git version 2.55.0
2026-10-03T05:50:51.2381675Z Temporarily overriding HOME='/home/runner/work/_temp/9e3cc95c-2492-43bb-b9a5-53bfad5c4b8c' before making global git config changes
2026-10-03T05:50:51.2383196Z Adding repository directory to the temporary git global config as a safe directory
2026-10-03T05:50:51.2392597Z [command]/usr/bin/git config --global --add safe.directory /home/runner/work/bb-scanner/bb-scanner
2026-10-03T05:50:51.2436983Z [command]/usr/bin/git config --local --name-only --get-regexp core\.sshCommand
2026-10-03T05:50:51.2510397Z [command]/usr/bin/git submodule foreach --recursive sh -c "git config --local --name-only --get-regexp 'core\.sshCommand' && git config --local --unset-all 'core.sshCommand' || :"
2026-10-03T05:50:51.2758758Z [command]/usr/bin/git config --local --name-only --get-regexp http\.https\:\/\/github\.com\/\.extraheader
2026-10-03T05:50:51.2789730Z http.https://github.com/.extraheader
2026-10-03T05:50:51.2809446Z [command]/usr/bin/git config --local --unset-all http.https://github.com/.extraheader
2026-10-03T05:50:51.2845679Z [command]/usr/bin/git submodule foreach --recursive sh -c "git config --local --name-only --get-regexp 'http\.https\:\/\/github\.com\/\.extraheader' && git config --local --unset-all 'http.https://github.com/.extraheader' || :"
2026-10-03T05:50:51.3032188Z [command]/usr/bin/git config --local --name-only --get-regexp ^includeIf\.gitdir:
2026-10-03T05:50:51.3066548Z [command]/usr/bin/git submodule foreach --recursive git config --local --show-origin --name-only --get-regexp remote.origin.url
2026-10-03T05:50:51.3396203Z Evaluate and set job outputs
2026-10-03T05:50:51.3402865Z Set output 'selected_count'
2026-10-03T05:50:51.3404853Z Cleaning up orphan processes
2026-10-03T05:50:51.3626746Z ##[warning]Node.js 20 is deprecated. The following actions target Node.js 20 but are being forced to run on Node.js 24: actions/checkout@v4, actions/download-artifact@v4, actions/setup-python@v5, actions/upload-artifact@v4. For more information see: https://github.blog/changelog/2025-09-19-deprecation-of-node-20-on-github-actions-runners/
