2026-10-02T22:50:28.1341717Z Current runner version: '2.337.0'
2026-10-02T22:50:28.1376887Z ##[group]Runner Image Provisioner
2026-10-02T22:50:28.1378469Z Hosted Compute Agent
2026-10-02T22:50:28.1379429Z Version: 20260901.588
2026-10-02T22:50:28.1380568Z Commit: f88ec8081b781fac6c440065ac7ff9e710ce3d0b
2026-10-02T22:50:28.1381882Z Build Date: 2026-09-01T19:56:44Z
2026-10-02T22:50:28.1383006Z Worker ID: {be5b8f64-bc15-4ae0-936d-19e2a1e0dd71}
2026-10-02T22:50:28.1384578Z Azure Region: eastus2
2026-10-02T22:50:28.1385567Z ##[endgroup]
2026-10-02T22:50:28.1388151Z ##[group]Operating System
2026-10-02T22:50:28.1389328Z Ubuntu
2026-10-02T22:50:28.1390145Z 24.04.5
2026-10-02T22:50:28.1391704Z LTS
2026-10-02T22:50:28.1392574Z ##[endgroup]
2026-10-02T22:50:28.1393525Z ##[group]Runner Image
2026-10-02T22:50:28.1394876Z Image: ubuntu-24.04
2026-10-02T22:50:28.1395879Z Version: 20260927.320.1
2026-10-02T22:50:28.1398067Z Included Software: https://github.com/actions/runner-images/blob/ubuntu24/20260927.320/images/ubuntu/Ubuntu2404-Readme.md
2026-10-02T22:50:28.1400953Z Image Release: https://github.com/actions/runner-images/releases/tag/ubuntu24%2F20260927.320
2026-10-02T22:50:28.1402706Z ##[endgroup]
2026-10-02T22:50:28.1405089Z ##[group]GITHUB_TOKEN Permissions
2026-10-02T22:50:28.1407982Z Actions: read
2026-10-02T22:50:28.1409029Z Contents: write
2026-10-02T22:50:28.1410080Z Metadata: read
2026-10-02T22:50:28.1410972Z ##[endgroup]
2026-10-02T22:50:28.1414052Z Secret source: Actions
2026-10-02T22:50:28.1415769Z Cache mode: write
2026-10-02T22:50:28.1417406Z Prepare workflow directory
2026-10-02T22:50:28.2160579Z Prepare all required actions
2026-10-02T22:50:28.2233230Z Getting action download info
2026-10-02T22:50:28.4413068Z Download action repository 'actions/checkout@v4' (SHA:11d5960a326750d5838078e36cf38b85af677262)
2026-10-02T22:50:28.5483200Z Download action repository 'actions/setup-python@v5' (SHA:a26af69be951a213d495a4c3e4e4022e16d87065)
2026-10-02T22:50:28.6275864Z Download action repository 'actions/download-artifact@v4' (SHA:d3f86a106a0bac45b974a628896c90dbdf5c8093)
2026-10-02T22:50:28.8704795Z Download action repository 'actions/upload-artifact@v4' (SHA:ea165f8d65b6e75b540449e92b4886f43607fa02)
2026-10-02T22:50:29.0803114Z Complete job name: breadth_development
2026-10-02T22:50:29.1517490Z ##[group]Run actions/checkout@v4
2026-10-02T22:50:29.1518399Z with:
2026-10-02T22:50:29.1518881Z   repository: duuu-hub/bb-scanner
2026-10-02T22:50:29.1522882Z   token: ***
2026-10-02T22:50:29.1523334Z   ssh-strict: true
2026-10-02T22:50:29.1523785Z   ssh-user: git
2026-10-02T22:50:29.1524478Z   persist-credentials: true
2026-10-02T22:50:29.1525003Z   clean: true
2026-10-02T22:50:29.1525504Z   sparse-checkout-cone-mode: true
2026-10-02T22:50:29.1526049Z   fetch-depth: 1
2026-10-02T22:50:29.1526514Z   fetch-tags: false
2026-10-02T22:50:29.1526987Z   show-progress: true
2026-10-02T22:50:29.1527453Z   lfs: false
2026-10-02T22:50:29.1527901Z   submodules: false
2026-10-02T22:50:29.1528381Z   set-safe-directory: true
2026-10-02T22:50:29.1528910Z   allow-unsafe-pr-checkout: false
2026-10-02T22:50:29.1529732Z env:
2026-10-02T22:50:29.1533580Z   GH_TOKEN: ***
2026-10-02T22:50:29.1534040Z ##[endgroup]
2026-10-02T22:50:29.2583569Z Syncing repository: duuu-hub/bb-scanner
2026-10-02T22:50:29.2586021Z ##[group]Getting Git version info
2026-10-02T22:50:29.2586801Z Working directory is '/home/runner/work/bb-scanner/bb-scanner'
2026-10-02T22:50:29.2587869Z [command]/usr/bin/git version
2026-10-02T22:50:29.2671726Z git version 2.55.0
2026-10-02T22:50:29.2701890Z ##[endgroup]
2026-10-02T22:50:29.2722349Z Temporarily overriding HOME='/home/runner/work/_temp/72f02369-7927-43bf-98fd-23186d9e7bdb' before making global git config changes
2026-10-02T22:50:29.2723822Z Adding repository directory to the temporary git global config as a safe directory
2026-10-02T22:50:29.2725442Z [command]/usr/bin/git config --global --add safe.directory /home/runner/work/bb-scanner/bb-scanner
2026-10-02T22:50:29.2784549Z Deleting the contents of '/home/runner/work/bb-scanner/bb-scanner'
2026-10-02T22:50:29.2790604Z ##[group]Initializing the repository
2026-10-02T22:50:29.2796395Z [command]/usr/bin/git init /home/runner/work/bb-scanner/bb-scanner
2026-10-02T22:50:29.2889774Z hint: Using 'master' as the name for the initial branch. This default branch name
2026-10-02T22:50:29.2891680Z hint: will change to "main" in Git 3.0. To configure the initial branch name
2026-10-02T22:50:29.2893885Z hint: to use in all of your new repositories, which will suppress this warning,
2026-10-02T22:50:29.2895529Z hint: call:
2026-10-02T22:50:29.2906640Z hint:
2026-10-02T22:50:29.2918881Z hint: 	git config --global init.defaultBranch <name>
2026-10-02T22:50:29.2919946Z hint:
2026-10-02T22:50:29.2920986Z hint: Names commonly chosen instead of 'master' are 'main', 'trunk' and
2026-10-02T22:50:29.2922628Z hint: 'development'. The just-created branch can be renamed via this command:
2026-10-02T22:50:29.2924071Z hint:
2026-10-02T22:50:29.2925113Z hint: 	git branch -m <name>
2026-10-02T22:50:29.2925968Z hint:
2026-10-02T22:50:29.2927184Z hint: Disable this message with "git config set advice.defaultBranchName false"
2026-10-02T22:50:29.2929222Z Initialized empty Git repository in /home/runner/work/bb-scanner/bb-scanner/.git/
2026-10-02T22:50:29.2932750Z [command]/usr/bin/git remote add origin https://github.com/duuu-hub/bb-scanner
2026-10-02T22:50:29.2962982Z ##[endgroup]
2026-10-02T22:50:29.2964375Z ##[group]Disabling automatic garbage collection
2026-10-02T22:50:29.2967834Z [command]/usr/bin/git config --local gc.auto 0
2026-10-02T22:50:29.3001622Z ##[endgroup]
2026-10-02T22:50:29.3002691Z ##[group]Setting up auth
2026-10-02T22:50:29.3009552Z [command]/usr/bin/git config --local --name-only --get-regexp core\.sshCommand
2026-10-02T22:50:29.3055503Z [command]/usr/bin/git submodule foreach --recursive sh -c "git config --local --name-only --get-regexp 'core\.sshCommand' && git config --local --unset-all 'core.sshCommand' || :"
2026-10-02T22:50:29.3426265Z [command]/usr/bin/git config --local --name-only --get-regexp http\.https\:\/\/github\.com\/\.extraheader
2026-10-02T22:50:29.3460605Z [command]/usr/bin/git submodule foreach --recursive sh -c "git config --local --name-only --get-regexp 'http\.https\:\/\/github\.com\/\.extraheader' && git config --local --unset-all 'http.https://github.com/.extraheader' || :"
2026-10-02T22:50:29.3710663Z [command]/usr/bin/git config --local --name-only --get-regexp ^includeIf\.gitdir:
2026-10-02T22:50:29.3751234Z [command]/usr/bin/git submodule foreach --recursive git config --local --show-origin --name-only --get-regexp remote.origin.url
2026-10-02T22:50:29.3979587Z [command]/usr/bin/git config --local http.https://github.com/.extraheader AUTHORIZATION: basic ***
2026-10-02T22:50:29.4021473Z ##[endgroup]
2026-10-02T22:50:29.4022747Z ##[group]Fetching the repository
2026-10-02T22:50:29.4031994Z [command]/usr/bin/git -c protocol.version=2 fetch --no-tags --prune --no-recurse-submodules --depth=1 origin +217a46b0e752800b70115eb9a63528d809242ce6:refs/remotes/origin/research-breadth-pullback-reclaim-v16
2026-10-02T22:50:30.3473986Z From https://github.com/duuu-hub/bb-scanner
2026-10-02T22:50:30.3476648Z  * [new ref]         217a46b0e752800b70115eb9a63528d809242ce6 -> origin/research-breadth-pullback-reclaim-v16
2026-10-02T22:50:30.3481317Z ##[endgroup]
2026-10-02T22:50:30.3482953Z ##[group]Determining the checkout info
2026-10-02T22:50:30.3484876Z ##[endgroup]
2026-10-02T22:50:30.3488777Z [command]/usr/bin/git sparse-checkout disable
2026-10-02T22:50:30.3544956Z [command]/usr/bin/git config --local --unset-all extensions.worktreeConfig
2026-10-02T22:50:30.3589365Z ##[group]Checking out the ref
2026-10-02T22:50:30.3592055Z [command]/usr/bin/git checkout --progress --force -B research-breadth-pullback-reclaim-v16 refs/remotes/origin/research-breadth-pullback-reclaim-v16
2026-10-02T22:50:30.5976644Z Switched to a new branch 'research-breadth-pullback-reclaim-v16'
2026-10-02T22:50:30.5981741Z branch 'research-breadth-pullback-reclaim-v16' set up to track 'origin/research-breadth-pullback-reclaim-v16'.
2026-10-02T22:50:30.5992954Z ##[endgroup]
2026-10-02T22:50:30.6041673Z [command]/usr/bin/git log -1 --format=%H
2026-10-02T22:50:30.6068968Z 217a46b0e752800b70115eb9a63528d809242ce6
2026-10-02T22:50:30.6425307Z ##[group]Run actions/setup-python@v5
2026-10-02T22:50:30.6425918Z with:
2026-10-02T22:50:30.6426346Z   python-version: 3.12
2026-10-02T22:50:30.6426808Z   check-latest: false
2026-10-02T22:50:30.6429786Z   token: ***
2026-10-02T22:50:30.6430237Z   update-environment: true
2026-10-02T22:50:30.6430717Z   allow-prereleases: false
2026-10-02T22:50:30.6431180Z   freethreaded: false
2026-10-02T22:50:30.6431605Z env:
2026-10-02T22:50:30.6434775Z   GH_TOKEN: ***
2026-10-02T22:50:30.6435195Z ##[endgroup]
2026-10-02T22:50:30.7762857Z ##[group]Installed versions
2026-10-02T22:50:30.7848784Z (node:2273) [DEP0040] DeprecationWarning: The `punycode` module is deprecated. Please use a userland alternative instead.
2026-10-02T22:50:30.7850491Z (Use `node --trace-deprecation ...` to show where the warning was created)
2026-10-02T22:50:30.7851675Z Successfully set up CPython (3.12.14)
2026-10-02T22:50:30.7852969Z ##[endgroup]
2026-10-02T22:50:30.8071293Z ##[group]Run set -euo pipefail
2026-10-02T22:50:30.8072219Z [36;1mset -euo pipefail[0m
2026-10-02T22:50:30.8073035Z [36;1mpip install pandas==2.3.3 numpy==2.3.3[0m
2026-10-02T22:50:30.8385360Z shell: /usr/bin/bash --noprofile --norc -e -o pipefail {0}
2026-10-02T22:50:30.8386057Z env:
2026-10-02T22:50:30.8389232Z   GH_TOKEN: ***
2026-10-02T22:50:30.8389740Z   pythonLocation: /opt/hostedtoolcache/Python/3.12.14/x64
2026-10-02T22:50:30.8390424Z   PKG_CONFIG_PATH: /opt/hostedtoolcache/Python/3.12.14/x64/lib/pkgconfig
2026-10-02T22:50:30.8391092Z   Python_ROOT_DIR: /opt/hostedtoolcache/Python/3.12.14/x64
2026-10-02T22:50:30.8391721Z   Python2_ROOT_DIR: /opt/hostedtoolcache/Python/3.12.14/x64
2026-10-02T22:50:30.8392335Z   Python3_ROOT_DIR: /opt/hostedtoolcache/Python/3.12.14/x64
2026-10-02T22:50:30.8392963Z   LD_LIBRARY_PATH: /opt/hostedtoolcache/Python/3.12.14/x64/lib
2026-10-02T22:50:30.8393554Z ##[endgroup]
2026-10-02T22:50:31.8219516Z Collecting pandas==2.3.3
2026-10-02T22:50:31.8847609Z   Downloading pandas-2.3.3-cp312-cp312-manylinux_2_24_x86_64.manylinux_2_28_x86_64.whl.metadata (91 kB)
2026-10-02T22:50:32.1522320Z Collecting numpy==2.3.3
2026-10-02T22:50:32.1645170Z   Downloading numpy-2.3.3-cp312-cp312-manylinux_2_27_x86_64.manylinux_2_28_x86_64.whl.metadata (62 kB)
2026-10-02T22:50:32.1961119Z Collecting python-dateutil>=2.8.2 (from pandas==2.3.3)
2026-10-02T22:50:32.2035441Z   Downloading python_dateutil-2.9.0.post0-py2.py3-none-any.whl.metadata (8.4 kB)
2026-10-02T22:50:32.2424768Z Collecting pytz>=2020.1 (from pandas==2.3.3)
2026-10-02T22:50:32.2507569Z   Downloading pytz-2026.4-py2.py3-none-any.whl.metadata (22 kB)
2026-10-02T22:50:32.2695953Z Collecting tzdata>=2022.7 (from pandas==2.3.3)
2026-10-02T22:50:32.2770956Z   Downloading tzdata-2026.4-py2.py3-none-any.whl.metadata (1.4 kB)
2026-10-02T22:50:32.2953754Z Collecting six>=1.5 (from python-dateutil>=2.8.2->pandas==2.3.3)
2026-10-02T22:50:32.3029256Z   Downloading six-1.17.0-py2.py3-none-any.whl.metadata (1.7 kB)
2026-10-02T22:50:32.3145274Z Downloading pandas-2.3.3-cp312-cp312-manylinux_2_24_x86_64.manylinux_2_28_x86_64.whl (12.4 MB)
2026-10-02T22:50:32.6187737Z    ━━━━━━━━━━━━━━━━━━━━━━━━━━━━━━━━━━━━━━━━ 12.4/12.4 MB 43.1 MB/s  0:00:00
2026-10-02T22:50:32.6268295Z Downloading numpy-2.3.3-cp312-cp312-manylinux_2_27_x86_64.manylinux_2_28_x86_64.whl (16.6 MB)
2026-10-02T22:50:32.7418191Z    ━━━━━━━━━━━━━━━━━━━━━━━━━━━━━━━━━━━━━━━━ 16.6/16.6 MB 146.7 MB/s  0:00:00
2026-10-02T22:50:32.7499764Z Downloading python_dateutil-2.9.0.post0-py2.py3-none-any.whl (229 kB)
2026-10-02T22:50:32.7606379Z Downloading pytz-2026.4-py2.py3-none-any.whl (506 kB)
2026-10-02T22:50:32.7712210Z Downloading six-1.17.0-py2.py3-none-any.whl (11 kB)
2026-10-02T22:50:32.7809642Z Downloading tzdata-2026.4-py2.py3-none-any.whl (347 kB)
2026-10-02T22:50:32.9402222Z Installing collected packages: pytz, tzdata, six, numpy, python-dateutil, pandas
2026-10-02T22:50:40.0737648Z 
2026-10-02T22:50:40.0752907Z Successfully installed numpy-2.3.3 pandas-2.3.3 python-dateutil-2.9.0.post0 pytz-2026.4 six-1.17.0 tzdata-2026.4
2026-10-02T22:50:40.1560424Z ##[group]Run actions/download-artifact@v4
2026-10-02T22:50:40.1560758Z with:
2026-10-02T22:50:40.1561060Z   pattern: breadth-pullback-reclaim-v16-map-development-[0-7]
2026-10-02T22:50:40.1561422Z   path: maps
2026-10-02T22:50:40.1561636Z   merge-multiple: false
2026-10-02T22:50:40.1561874Z   repository: duuu-hub/bb-scanner
2026-10-02T22:50:40.1562136Z   run-id: 37074366568
2026-10-02T22:50:40.1562341Z env:
2026-10-02T22:50:40.1565110Z   GH_TOKEN: ***
2026-10-02T22:50:40.1565424Z   pythonLocation: /opt/hostedtoolcache/Python/3.12.14/x64
2026-10-02T22:50:40.1565867Z   PKG_CONFIG_PATH: /opt/hostedtoolcache/Python/3.12.14/x64/lib/pkgconfig
2026-10-02T22:50:40.1566295Z   Python_ROOT_DIR: /opt/hostedtoolcache/Python/3.12.14/x64
2026-10-02T22:50:40.1566673Z   Python2_ROOT_DIR: /opt/hostedtoolcache/Python/3.12.14/x64
2026-10-02T22:50:40.1567068Z   Python3_ROOT_DIR: /opt/hostedtoolcache/Python/3.12.14/x64
2026-10-02T22:50:40.1567501Z   LD_LIBRARY_PATH: /opt/hostedtoolcache/Python/3.12.14/x64/lib
2026-10-02T22:50:40.1567824Z ##[endgroup]
2026-10-02T22:50:40.3261645Z (node:2310) [DEP0040] DeprecationWarning: The `punycode` module is deprecated. Please use a userland alternative instead.
2026-10-02T22:50:40.3263033Z (Use `node --trace-deprecation ...` to show where the warning was created)
2026-10-02T22:50:40.4212545Z Found 9 artifact(s)
2026-10-02T22:50:40.4214808Z Filtering artifacts by pattern 'breadth-pullback-reclaim-v16-map-development-[0-7]'
2026-10-02T22:50:40.4242600Z Preparing to download the following artifacts:
2026-10-02T22:50:40.4243661Z - breadth-pullback-reclaim-v16-map-development-4 (ID: 11256243743, Size: 461099, Expected Digest: sha256:93c5b3bfe9625ed2c4553a8355326a6041897b4d2f59cec001f8562635d7d588)
2026-10-02T22:50:40.4246041Z - breadth-pullback-reclaim-v16-map-development-6 (ID: 11256218733, Size: 471805, Expected Digest: sha256:2d1b4db567e1ce119d4510ca0b6dc35920331f1d6ba68583304df6026f16bb7b)
2026-10-02T22:50:40.4247426Z - breadth-pullback-reclaim-v16-map-development-2 (ID: 11256203754, Size: 478534, Expected Digest: sha256:df1fe94bf368fba2617b06b1f5d99e35df1c428d2f11442d2a8d2b2f0a7aa8d5)
2026-10-02T22:50:40.4248638Z - breadth-pullback-reclaim-v16-map-development-3 (ID: 11255904230, Size: 441166, Expected Digest: sha256:1797b5b6ef385bb7ce8a263cfd4e158f8629c90743528f1e2ad830cce7a3c79e)
2026-10-02T22:50:40.4249808Z - breadth-pullback-reclaim-v16-map-development-0 (ID: 11255849268, Size: 489771, Expected Digest: sha256:db6cdb8963c9622ca28c18be95f9272a24f537a68860e8d372b1fb303c8a5096)
2026-10-02T22:50:40.4250989Z - breadth-pullback-reclaim-v16-map-development-5 (ID: 11255464757, Size: 510439, Expected Digest: sha256:8c9c426adcef4736944cfbdbd04ae36c89151a354b2b5c15f888305b6428d84e)
2026-10-02T22:50:40.4252481Z - breadth-pullback-reclaim-v16-map-development-1 (ID: 11255248192, Size: 486462, Expected Digest: sha256:894ff72a382ad4db9f09a16339b467c6e7fe3c286da65e7a916cd0fb8b704b9d)
2026-10-02T22:50:40.4254028Z - breadth-pullback-reclaim-v16-map-development-7 (ID: 11255198291, Size: 459896, Expected Digest: sha256:534cc36802f11e03f4cc9f0636d35f08211b5fa2df51f1a35aa42e49d70f1072)
2026-10-02T22:50:40.5620251Z Redirecting to blob download url: https://productionresultssa3.blob.core.windows.net/actions-results/94ef6dda-632c-8820-be7d-306cc5118a36/workflow-job-run-5ce4f2eb-982d-53eb-9fed-869db62d6ac5/artifacts/05c2ee96d42c32e51e838db67620bd662e2ccbaf38c630a5617460a8b79091a9.zip
2026-10-02T22:50:40.5623041Z Starting download of artifact to: /home/runner/work/bb-scanner/bb-scanner/maps/breadth-pullback-reclaim-v16-map-development-4
2026-10-02T22:50:40.5776054Z Redirecting to blob download url: https://productionresultssa3.blob.core.windows.net/actions-results/94ef6dda-632c-8820-be7d-306cc5118a36/workflow-job-run-8be841b3-e3fc-53c1-b7c3-b937279a6c9f/artifacts/00486b34ea25726bcbcad660c4f4b55b8a307044f724aa1898b6bb96b28ecd1e.zip
2026-10-02T22:50:40.5778077Z Starting download of artifact to: /home/runner/work/bb-scanner/bb-scanner/maps/breadth-pullback-reclaim-v16-map-development-2
2026-10-02T22:50:40.5813245Z Redirecting to blob download url: https://productionresultssa3.blob.core.windows.net/actions-results/94ef6dda-632c-8820-be7d-306cc5118a36/workflow-job-run-50050c67-3a26-53eb-95f8-2e7368f8c9c4/artifacts/d9c735bfcc7b3733d3abbe3d3f65b92f132697d93a0bb61c5db09401fdf7392f.zip
2026-10-02T22:50:40.5815268Z Starting download of artifact to: /home/runner/work/bb-scanner/bb-scanner/maps/breadth-pullback-reclaim-v16-map-development-0
2026-10-02T22:50:40.5843544Z Redirecting to blob download url: https://productionresultssa3.blob.core.windows.net/actions-results/94ef6dda-632c-8820-be7d-306cc5118a36/workflow-job-run-2ab9748a-ce56-50d7-afe1-33dbd3922393/artifacts/b99638791d7d421d3e0ec0cbae44e1fd23be04f64caef2a57c3a87a81f3cb828.zip
2026-10-02T22:50:40.5845544Z Starting download of artifact to: /home/runner/work/bb-scanner/bb-scanner/maps/breadth-pullback-reclaim-v16-map-development-6
2026-10-02T22:50:40.5878231Z Redirecting to blob download url: https://productionresultssa3.blob.core.windows.net/actions-results/94ef6dda-632c-8820-be7d-306cc5118a36/workflow-job-run-fbfa81de-7404-50f6-b868-43476d935e62/artifacts/44b16bd488eaa0ba425c19b17db0f7b194b41c574e28adbd1d9a56b445b8211f.zip
2026-10-02T22:50:40.5880758Z Starting download of artifact to: /home/runner/work/bb-scanner/bb-scanner/maps/breadth-pullback-reclaim-v16-map-development-7
2026-10-02T22:50:40.5921465Z Redirecting to blob download url: https://productionresultssa3.blob.core.windows.net/actions-results/94ef6dda-632c-8820-be7d-306cc5118a36/workflow-job-run-db2bdd8e-3dfe-51ad-85cf-1ceaffba82a7/artifacts/78b9da01698d60bb9669f6d398c349e286b43050365d4d92b820e92ac6336594.zip
2026-10-02T22:50:40.5922998Z Starting download of artifact to: /home/runner/work/bb-scanner/bb-scanner/maps/breadth-pullback-reclaim-v16-map-development-5
2026-10-02T22:50:40.5951827Z Redirecting to blob download url: https://productionresultssa3.blob.core.windows.net/actions-results/94ef6dda-632c-8820-be7d-306cc5118a36/workflow-job-run-c8c431d1-eb96-5e9a-a555-29be851f26c2/artifacts/6d939694da8f22a637b544d6506d68ded6694ea4c4f95b97a976302e0eabedd6.zip
2026-10-02T22:50:40.5954939Z Starting download of artifact to: /home/runner/work/bb-scanner/bb-scanner/maps/breadth-pullback-reclaim-v16-map-development-3
2026-10-02T22:50:40.6296003Z Redirecting to blob download url: https://productionresultssa3.blob.core.windows.net/actions-results/94ef6dda-632c-8820-be7d-306cc5118a36/workflow-job-run-112d49e6-156a-5bb4-8a30-9dfc4953278b/artifacts/75c399e4bcdb998820e38a7b14a3dfb2710a056f1dfa91ce84aaa843d017ea7d.zip
2026-10-02T22:50:40.6298835Z Starting download of artifact to: /home/runner/work/bb-scanner/bb-scanner/maps/breadth-pullback-reclaim-v16-map-development-1
2026-10-02T22:50:40.6354549Z (node:2310) [DEP0005] DeprecationWarning: Buffer() is deprecated due to security and usability issues. Please use the Buffer.alloc(), Buffer.allocUnsafe(), or Buffer.from() methods instead.
2026-10-02T22:50:40.6662279Z SHA256 digest of downloaded artifact is 93c5b3bfe9625ed2c4553a8355326a6041897b4d2f59cec001f8562635d7d588
2026-10-02T22:50:40.6663367Z Artifact download completed successfully.
2026-10-02T22:50:40.6812211Z SHA256 digest of downloaded artifact is 534cc36802f11e03f4cc9f0636d35f08211b5fa2df51f1a35aa42e49d70f1072
2026-10-02T22:50:40.6813637Z Artifact download completed successfully.
2026-10-02T22:50:40.6952035Z SHA256 digest of downloaded artifact is 2d1b4db567e1ce119d4510ca0b6dc35920331f1d6ba68583304df6026f16bb7b
2026-10-02T22:50:40.6953163Z Artifact download completed successfully.
2026-10-02T22:50:40.6954388Z SHA256 digest of downloaded artifact is db6cdb8963c9622ca28c18be95f9272a24f537a68860e8d372b1fb303c8a5096
2026-10-02T22:50:40.6955432Z Artifact download completed successfully.
2026-10-02T22:50:40.6963623Z SHA256 digest of downloaded artifact is 1797b5b6ef385bb7ce8a263cfd4e158f8629c90743528f1e2ad830cce7a3c79e
2026-10-02T22:50:40.6965196Z Artifact download completed successfully.
2026-10-02T22:50:40.7035674Z SHA256 digest of downloaded artifact is 8c9c426adcef4736944cfbdbd04ae36c89151a354b2b5c15f888305b6428d84e
2026-10-02T22:50:40.7037332Z Artifact download completed successfully.
2026-10-02T22:50:40.7197732Z SHA256 digest of downloaded artifact is df1fe94bf368fba2617b06b1f5d99e35df1c428d2f11442d2a8d2b2f0a7aa8d5
2026-10-02T22:50:40.7199093Z Artifact download completed successfully.
2026-10-02T22:50:40.8031081Z SHA256 digest of downloaded artifact is 894ff72a382ad4db9f09a16339b467c6e7fe3c286da65e7a916cd0fb8b704b9d
2026-10-02T22:50:40.8032350Z Artifact download completed successfully.
2026-10-02T22:50:40.8033054Z Total of 8 artifact(s) downloaded
2026-10-02T22:50:40.8037684Z Download artifact has finished successfully
2026-10-02T22:50:40.8211274Z ##[group]Run set -euo pipefail
2026-10-02T22:50:40.8211689Z [36;1mset -euo pipefail[0m
2026-10-02T22:50:40.8212253Z [36;1mpython scripts/breadth_pullback_v16.py reduce --stage DEV --parts maps --out frozen-breadth[0m
2026-10-02T22:50:40.8213015Z [36;1mmkdir -p research/breadth-pullback-reclaim-v16/run-37074366568/breadth-development[0m
2026-10-02T22:50:40.8213761Z [36;1mcp frozen-breadth/* research/breadth-pullback-reclaim-v16/run-37074366568/breadth-development/[0m
2026-10-02T22:50:40.8214926Z [36;1mcp -r maps research/breadth-pullback-reclaim-v16/run-37074366568/breadth-development/original-map-shards[0m
2026-10-02T22:50:40.8280610Z shell: /usr/bin/bash --noprofile --norc -e -o pipefail {0}
2026-10-02T22:50:40.8281019Z env:
2026-10-02T22:50:40.8283672Z   GH_TOKEN: ***
2026-10-02T22:50:40.8284027Z   pythonLocation: /opt/hostedtoolcache/Python/3.12.14/x64
2026-10-02T22:50:40.8284833Z   PKG_CONFIG_PATH: /opt/hostedtoolcache/Python/3.12.14/x64/lib/pkgconfig
2026-10-02T22:50:40.8285368Z   Python_ROOT_DIR: /opt/hostedtoolcache/Python/3.12.14/x64
2026-10-02T22:50:40.8285823Z   Python2_ROOT_DIR: /opt/hostedtoolcache/Python/3.12.14/x64
2026-10-02T22:50:40.8286259Z   Python3_ROOT_DIR: /opt/hostedtoolcache/Python/3.12.14/x64
2026-10-02T22:50:40.8286726Z   LD_LIBRARY_PATH: /opt/hostedtoolcache/Python/3.12.14/x64/lib
2026-10-02T22:50:40.8287109Z ##[endgroup]
2026-10-02T22:50:42.5730282Z V16_GLOBAL_BREADTH_FROZEN DEV sources 856 rows 81793 sha256 781a0b0482a075a9ca70871f77d83711eb2ea75e9a514d2ef0feef129d143b0a
2026-10-02T22:50:42.6360633Z ##[group]Run set -euo pipefail
2026-10-02T22:50:42.6361030Z [36;1mset -euo pipefail[0m
2026-10-02T22:50:42.6361379Z [36;1mgit config user.name "github-actions[bot]"[0m
2026-10-02T22:50:42.6361902Z [36;1mgit config user.email "41898282+github-actions[bot]@users.noreply.github.com"[0m
2026-10-02T22:50:42.6362625Z [36;1mgit checkout -b "research-breadth-pullback-reclaim-v16-breadth-development-37074366568"[0m
2026-10-02T22:50:42.6363389Z [36;1mgit add "research/breadth-pullback-reclaim-v16/run-37074366568/breadth-development"[0m
2026-10-02T22:50:42.6364052Z [36;1mgit commit -m "Preserve V16 breadth-development before subsequent research stages"[0m
2026-10-02T22:50:42.6364842Z [36;1mgit push origin HEAD[0m
2026-10-02T22:50:42.6428310Z shell: /usr/bin/bash --noprofile --norc -e -o pipefail {0}
2026-10-02T22:50:42.6428700Z env:
2026-10-02T22:50:42.6431299Z   GH_TOKEN: ***
2026-10-02T22:50:42.6431647Z   pythonLocation: /opt/hostedtoolcache/Python/3.12.14/x64
2026-10-02T22:50:42.6432175Z   PKG_CONFIG_PATH: /opt/hostedtoolcache/Python/3.12.14/x64/lib/pkgconfig
2026-10-02T22:50:42.6432669Z   Python_ROOT_DIR: /opt/hostedtoolcache/Python/3.12.14/x64
2026-10-02T22:50:42.6433105Z   Python2_ROOT_DIR: /opt/hostedtoolcache/Python/3.12.14/x64
2026-10-02T22:50:42.6433534Z   Python3_ROOT_DIR: /opt/hostedtoolcache/Python/3.12.14/x64
2026-10-02T22:50:42.6434017Z   LD_LIBRARY_PATH: /opt/hostedtoolcache/Python/3.12.14/x64/lib
2026-10-02T22:50:42.6434682Z ##[endgroup]
2026-10-02T22:50:42.6570362Z Switched to a new branch 'research-breadth-pullback-reclaim-v16-breadth-development-37074366568'
2026-10-02T22:50:42.9631873Z [research-breadth-pullback-reclaim-v16-breadth-development-37074366568 a5c083a] Preserve V16 breadth-development before subsequent research stages
2026-10-02T22:50:42.9633724Z  34 files changed, 26712 insertions(+)
2026-10-02T22:50:42.9634854Z  create mode 100644 research/breadth-pullback-reclaim-v16/run-37074366568/breadth-development/breadth.csv.gz
2026-10-02T22:50:42.9636043Z  create mode 100644 research/breadth-pullback-reclaim-v16/run-37074366568/breadth-development/breadth_manifest.json
2026-10-02T22:50:42.9637183Z  create mode 100644 research/breadth-pullback-reclaim-v16/run-37074366568/breadth-development/original-map-shards/breadth-pullback-reclaim-v16-map-development-0/breadth_map.csv.gz
2026-10-02T22:50:42.9638562Z  create mode 100644 research/breadth-pullback-reclaim-v16/run-37074366568/breadth-development/original-map-shards/breadth-pullback-reclaim-v16-map-development-0/map_meta.json
2026-10-02T22:50:42.9639946Z  create mode 100644 research/breadth-pullback-reclaim-v16/run-37074366568/breadth-development/original-map-shards/breadth-pullback-reclaim-v16-map-development-0/source_check.json
2026-10-02T22:50:42.9641344Z  create mode 100644 research/breadth-pullback-reclaim-v16/run-37074366568/breadth-development/original-map-shards/breadth-pullback-reclaim-v16-map-development-0/verified_source.json
2026-10-02T22:50:42.9642717Z  create mode 100644 research/breadth-pullback-reclaim-v16/run-37074366568/breadth-development/original-map-shards/breadth-pullback-reclaim-v16-map-development-1/breadth_map.csv.gz
2026-10-02T22:50:42.9644363Z  create mode 100644 research/breadth-pullback-reclaim-v16/run-37074366568/breadth-development/original-map-shards/breadth-pullback-reclaim-v16-map-development-1/map_meta.json
2026-10-02T22:50:42.9645799Z  create mode 100644 research/breadth-pullback-reclaim-v16/run-37074366568/breadth-development/original-map-shards/breadth-pullback-reclaim-v16-map-development-1/source_check.json
2026-10-02T22:50:42.9647178Z  create mode 100644 research/breadth-pullback-reclaim-v16/run-37074366568/breadth-development/original-map-shards/breadth-pullback-reclaim-v16-map-development-1/verified_source.json
2026-10-02T22:50:42.9648575Z  create mode 100644 research/breadth-pullback-reclaim-v16/run-37074366568/breadth-development/original-map-shards/breadth-pullback-reclaim-v16-map-development-2/breadth_map.csv.gz
2026-10-02T22:50:42.9650171Z  create mode 100644 research/breadth-pullback-reclaim-v16/run-37074366568/breadth-development/original-map-shards/breadth-pullback-reclaim-v16-map-development-2/map_meta.json
2026-10-02T22:50:42.9651571Z  create mode 100644 research/breadth-pullback-reclaim-v16/run-37074366568/breadth-development/original-map-shards/breadth-pullback-reclaim-v16-map-development-2/source_check.json
2026-10-02T22:50:42.9653094Z  create mode 100644 research/breadth-pullback-reclaim-v16/run-37074366568/breadth-development/original-map-shards/breadth-pullback-reclaim-v16-map-development-2/verified_source.json
2026-10-02T22:50:42.9654804Z  create mode 100644 research/breadth-pullback-reclaim-v16/run-37074366568/breadth-development/original-map-shards/breadth-pullback-reclaim-v16-map-development-3/breadth_map.csv.gz
2026-10-02T22:50:42.9656188Z  create mode 100644 research/breadth-pullback-reclaim-v16/run-37074366568/breadth-development/original-map-shards/breadth-pullback-reclaim-v16-map-development-3/map_meta.json
2026-10-02T22:50:42.9657531Z  create mode 100644 research/breadth-pullback-reclaim-v16/run-37074366568/breadth-development/original-map-shards/breadth-pullback-reclaim-v16-map-development-3/source_check.json
2026-10-02T22:50:42.9658883Z  create mode 100644 research/breadth-pullback-reclaim-v16/run-37074366568/breadth-development/original-map-shards/breadth-pullback-reclaim-v16-map-development-3/verified_source.json
2026-10-02T22:50:42.9660246Z  create mode 100644 research/breadth-pullback-reclaim-v16/run-37074366568/breadth-development/original-map-shards/breadth-pullback-reclaim-v16-map-development-4/breadth_map.csv.gz
2026-10-02T22:50:42.9661575Z  create mode 100644 research/breadth-pullback-reclaim-v16/run-37074366568/breadth-development/original-map-shards/breadth-pullback-reclaim-v16-map-development-4/map_meta.json
2026-10-02T22:50:42.9663067Z  create mode 100644 research/breadth-pullback-reclaim-v16/run-37074366568/breadth-development/original-map-shards/breadth-pullback-reclaim-v16-map-development-4/source_check.json
2026-10-02T22:50:42.9664918Z  create mode 100644 research/breadth-pullback-reclaim-v16/run-37074366568/breadth-development/original-map-shards/breadth-pullback-reclaim-v16-map-development-4/verified_source.json
2026-10-02T22:50:42.9666358Z  create mode 100644 research/breadth-pullback-reclaim-v16/run-37074366568/breadth-development/original-map-shards/breadth-pullback-reclaim-v16-map-development-5/breadth_map.csv.gz
2026-10-02T22:50:42.9667685Z  create mode 100644 research/breadth-pullback-reclaim-v16/run-37074366568/breadth-development/original-map-shards/breadth-pullback-reclaim-v16-map-development-5/map_meta.json
2026-10-02T22:50:42.9669011Z  create mode 100644 research/breadth-pullback-reclaim-v16/run-37074366568/breadth-development/original-map-shards/breadth-pullback-reclaim-v16-map-development-5/source_check.json
2026-10-02T22:50:42.9670363Z  create mode 100644 research/breadth-pullback-reclaim-v16/run-37074366568/breadth-development/original-map-shards/breadth-pullback-reclaim-v16-map-development-5/verified_source.json
2026-10-02T22:50:42.9671716Z  create mode 100644 research/breadth-pullback-reclaim-v16/run-37074366568/breadth-development/original-map-shards/breadth-pullback-reclaim-v16-map-development-6/breadth_map.csv.gz
2026-10-02T22:50:42.9673046Z  create mode 100644 research/breadth-pullback-reclaim-v16/run-37074366568/breadth-development/original-map-shards/breadth-pullback-reclaim-v16-map-development-6/map_meta.json
2026-10-02T22:50:42.9674766Z  create mode 100644 research/breadth-pullback-reclaim-v16/run-37074366568/breadth-development/original-map-shards/breadth-pullback-reclaim-v16-map-development-6/source_check.json
2026-10-02T22:50:42.9676135Z  create mode 100644 research/breadth-pullback-reclaim-v16/run-37074366568/breadth-development/original-map-shards/breadth-pullback-reclaim-v16-map-development-6/verified_source.json
2026-10-02T22:50:42.9677674Z  create mode 100644 research/breadth-pullback-reclaim-v16/run-37074366568/breadth-development/original-map-shards/breadth-pullback-reclaim-v16-map-development-7/breadth_map.csv.gz
2026-10-02T22:50:42.9679013Z  create mode 100644 research/breadth-pullback-reclaim-v16/run-37074366568/breadth-development/original-map-shards/breadth-pullback-reclaim-v16-map-development-7/map_meta.json
2026-10-02T22:50:42.9680333Z  create mode 100644 research/breadth-pullback-reclaim-v16/run-37074366568/breadth-development/original-map-shards/breadth-pullback-reclaim-v16-map-development-7/source_check.json
2026-10-02T22:50:42.9681690Z  create mode 100644 research/breadth-pullback-reclaim-v16/run-37074366568/breadth-development/original-map-shards/breadth-pullback-reclaim-v16-map-development-7/verified_source.json
2026-10-02T22:50:46.3006391Z remote: 
2026-10-02T22:50:46.3008120Z remote: Create a pull request for 'research-breadth-pullback-reclaim-v16-breadth-development-37074366568' on GitHub by visiting:        
2026-10-02T22:50:46.3010559Z remote:      https://github.com/duuu-hub/bb-scanner/pull/new/research-breadth-pullback-reclaim-v16-breadth-development-37074366568        
2026-10-02T22:50:46.3011700Z remote: 
2026-10-02T22:50:46.3013393Z To https://github.com/duuu-hub/bb-scanner
2026-10-02T22:50:46.3014742Z  * [new branch]      HEAD -> research-breadth-pullback-reclaim-v16-breadth-development-37074366568
2026-10-02T22:50:46.3113510Z ##[group]Run actions/upload-artifact@v4
2026-10-02T22:50:46.3113867Z with:
2026-10-02T22:50:46.3114504Z   name: breadth-pullback-reclaim-v16-breadth-development
2026-10-02T22:50:46.3114917Z   path: frozen-breadth/
2026-10-02T22:50:46.3115197Z   retention-days: 30
2026-10-02T22:50:46.3115469Z   compression-level: 0
2026-10-02T22:50:46.3115736Z   if-no-files-found: warn
2026-10-02T22:50:46.3116005Z   overwrite: false
2026-10-02T22:50:46.3116266Z   include-hidden-files: false
2026-10-02T22:50:46.3116735Z env:
2026-10-02T22:50:46.3119281Z   GH_TOKEN: ***
2026-10-02T22:50:46.3119620Z   pythonLocation: /opt/hostedtoolcache/Python/3.12.14/x64
2026-10-02T22:50:46.3120104Z   PKG_CONFIG_PATH: /opt/hostedtoolcache/Python/3.12.14/x64/lib/pkgconfig
2026-10-02T22:50:46.3120593Z   Python_ROOT_DIR: /opt/hostedtoolcache/Python/3.12.14/x64
2026-10-02T22:50:46.3121025Z   Python2_ROOT_DIR: /opt/hostedtoolcache/Python/3.12.14/x64
2026-10-02T22:50:46.3121478Z   Python3_ROOT_DIR: /opt/hostedtoolcache/Python/3.12.14/x64
2026-10-02T22:50:46.3121913Z   LD_LIBRARY_PATH: /opt/hostedtoolcache/Python/3.12.14/x64/lib
2026-10-02T22:50:46.3122282Z ##[endgroup]
2026-10-02T22:50:46.4828297Z (node:2355) [DEP0040] DeprecationWarning: The `punycode` module is deprecated. Please use a userland alternative instead.
2026-10-02T22:50:46.4829087Z (Use `node --trace-deprecation ...` to show where the warning was created)
2026-10-02T22:50:46.4907753Z With the provided path, there will be 2 files uploaded
2026-10-02T22:50:46.4908800Z Artifact name is valid!
2026-10-02T22:50:46.4909346Z Root directory input is valid!
2026-10-02T22:50:46.7217260Z Beginning upload of artifact content to blob storage
2026-10-02T22:50:46.7500522Z (node:2355) [DEP0169] DeprecationWarning: `url.parse()` behavior is not standardized and prone to errors that have security implications. Use the WHATWG URL API instead. CVEs are not issued for `url.parse()` vulnerabilities.
2026-10-02T22:50:46.9149038Z Uploaded bytes 711496
2026-10-02T22:50:46.9351820Z Finished uploading artifact content to blob storage!
2026-10-02T22:50:46.9353534Z SHA256 digest of uploaded artifact zip is cda99dcac900f17f14d6e9180855285669fec62a9a3d4c8fbfe531296a95f0e2
2026-10-02T22:50:46.9355352Z Finalizing artifact upload
2026-10-02T22:50:47.1366059Z Artifact breadth-pullback-reclaim-v16-breadth-development.zip successfully finalized. Artifact ID 11255659544
2026-10-02T22:50:47.1367437Z Artifact breadth-pullback-reclaim-v16-breadth-development has been successfully uploaded! Final size is 711496 bytes. Artifact ID is 11255659544
2026-10-02T22:50:47.1373699Z Artifact download URL: https://github.com/duuu-hub/bb-scanner/actions/runs/37074366568/artifacts/11255659544
2026-10-02T22:50:47.1547919Z Post job cleanup.
2026-10-02T22:50:47.2766944Z (node:2367) [DEP0040] DeprecationWarning: The `punycode` module is deprecated. Please use a userland alternative instead.
2026-10-02T22:50:47.2767980Z (Use `node --trace-deprecation ...` to show where the warning was created)
2026-10-02T22:50:47.2941664Z Post job cleanup.
2026-10-02T22:50:47.4055191Z [command]/usr/bin/git version
2026-10-02T22:50:47.4095000Z git version 2.55.0
2026-10-02T22:50:47.4165479Z Temporarily overriding HOME='/home/runner/work/_temp/53cedaa1-c763-492c-aecd-210f804a7fd7' before making global git config changes
2026-10-02T22:50:47.4167039Z Adding repository directory to the temporary git global config as a safe directory
2026-10-02T22:50:47.4168327Z [command]/usr/bin/git config --global --add safe.directory /home/runner/work/bb-scanner/bb-scanner
2026-10-02T22:50:47.4205780Z [command]/usr/bin/git config --local --name-only --get-regexp core\.sshCommand
2026-10-02T22:50:47.4255766Z [command]/usr/bin/git submodule foreach --recursive sh -c "git config --local --name-only --get-regexp 'core\.sshCommand' && git config --local --unset-all 'core.sshCommand' || :"
2026-10-02T22:50:47.4507784Z [command]/usr/bin/git config --local --name-only --get-regexp http\.https\:\/\/github\.com\/\.extraheader
2026-10-02T22:50:47.4546977Z http.https://github.com/.extraheader
2026-10-02T22:50:47.4559586Z [command]/usr/bin/git config --local --unset-all http.https://github.com/.extraheader
2026-10-02T22:50:47.4596213Z [command]/usr/bin/git submodule foreach --recursive sh -c "git config --local --name-only --get-regexp 'http\.https\:\/\/github\.com\/\.extraheader' && git config --local --unset-all 'http.https://github.com/.extraheader' || :"
2026-10-02T22:50:47.4902059Z [command]/usr/bin/git config --local --name-only --get-regexp ^includeIf\.gitdir:
2026-10-02T22:50:47.4951580Z [command]/usr/bin/git submodule foreach --recursive git config --local --show-origin --name-only --get-regexp remote.origin.url
2026-10-02T22:50:47.5384868Z Cleaning up orphan processes
2026-10-02T22:50:47.5687039Z ##[warning]Node.js 20 is deprecated. The following actions target Node.js 20 but are being forced to run on Node.js 24: actions/checkout@v4, actions/download-artifact@v4, actions/setup-python@v5, actions/upload-artifact@v4. For more information see: https://github.blog/changelog/2025-09-19-deprecation-of-node-20-on-github-actions-runners/
