2026-10-02T22:49:25.9319054Z Current runner version: '2.337.0'
2026-10-02T22:49:25.9339234Z ##[group]Runner Image Provisioner
2026-10-02T22:49:25.9339820Z Hosted Compute Agent
2026-10-02T22:49:25.9340319Z Version: 20260901.588
2026-10-02T22:49:25.9340872Z Commit: f88ec8081b781fac6c440065ac7ff9e710ce3d0b
2026-10-02T22:49:25.9341404Z Build Date: 2026-09-01T19:56:44Z
2026-10-02T22:49:25.9341858Z Worker ID: {fedfdc24-ec7e-4e4f-8a86-aef7751b7faf}
2026-10-02T22:49:25.9342305Z Azure Region: westus3
2026-10-02T22:49:25.9342767Z ##[endgroup]
2026-10-02T22:49:25.9343713Z ##[group]Operating System
2026-10-02T22:49:25.9344141Z Ubuntu
2026-10-02T22:49:25.9344499Z 24.04.5
2026-10-02T22:49:25.9344834Z LTS
2026-10-02T22:49:25.9345245Z ##[endgroup]
2026-10-02T22:49:25.9345612Z ##[group]Runner Image
2026-10-02T22:49:25.9346356Z Image: ubuntu-24.04
2026-10-02T22:49:25.9346745Z Version: 20260927.320.1
2026-10-02T22:49:25.9347643Z Included Software: https://github.com/actions/runner-images/blob/ubuntu24/20260927.320/images/ubuntu/Ubuntu2404-Readme.md
2026-10-02T22:49:25.9348610Z Image Release: https://github.com/actions/runner-images/releases/tag/ubuntu24%2F20260927.320
2026-10-02T22:49:25.9349248Z ##[endgroup]
2026-10-02T22:49:25.9350018Z ##[group]GITHUB_TOKEN Permissions
2026-10-02T22:49:25.9351695Z Actions: read
2026-10-02T22:49:25.9352083Z Contents: read
2026-10-02T22:49:25.9352452Z Metadata: read
2026-10-02T22:49:25.9352853Z ##[endgroup]
2026-10-02T22:49:25.9354328Z Secret source: Actions
2026-10-02T22:49:25.9355020Z Cache mode: write
2026-10-02T22:49:25.9355486Z Prepare workflow directory
2026-10-02T22:49:25.9707725Z Prepare all required actions
2026-10-02T22:49:25.9748033Z Getting action download info
2026-10-02T22:49:26.2968258Z Download action repository 'actions/checkout@v4' (SHA:11d5960a326750d5838078e36cf38b85af677262)
2026-10-02T22:49:26.3769244Z Download action repository 'actions/setup-python@v5' (SHA:a26af69be951a213d495a4c3e4e4022e16d87065)
2026-10-02T22:49:26.4644923Z Download action repository 'actions/cache@v4' (SHA:0057852bfaa89a56745cba8c7296529d2fc39830)
2026-10-02T22:49:26.6317318Z Download action repository 'actions/upload-artifact@v4' (SHA:ea165f8d65b6e75b540449e92b4886f43607fa02)
2026-10-02T22:49:26.8330190Z Complete job name: map_development (0)
2026-10-02T22:49:26.8804744Z ##[group]Run actions/checkout@v4
2026-10-02T22:49:26.8805230Z with:
2026-10-02T22:49:26.8805516Z   repository: duuu-hub/bb-scanner
2026-10-02T22:49:26.8807979Z   token: ***
2026-10-02T22:49:26.8808251Z   ssh-strict: true
2026-10-02T22:49:26.8808530Z   ssh-user: git
2026-10-02T22:49:26.8808816Z   persist-credentials: true
2026-10-02T22:49:26.8809124Z   clean: true
2026-10-02T22:49:26.8809411Z   sparse-checkout-cone-mode: true
2026-10-02T22:49:26.8809742Z   fetch-depth: 1
2026-10-02T22:49:26.8810016Z   fetch-tags: false
2026-10-02T22:49:26.8810294Z   show-progress: true
2026-10-02T22:49:26.8810716Z   lfs: false
2026-10-02T22:49:26.8810998Z   submodules: false
2026-10-02T22:49:26.8811298Z   set-safe-directory: true
2026-10-02T22:49:26.8811619Z   allow-unsafe-pr-checkout: false
2026-10-02T22:49:26.8812057Z env:
2026-10-02T22:49:26.8814276Z   GH_TOKEN: ***
2026-10-02T22:49:26.8814550Z ##[endgroup]
2026-10-02T22:49:26.9546123Z Syncing repository: duuu-hub/bb-scanner
2026-10-02T22:49:26.9548097Z ##[group]Getting Git version info
2026-10-02T22:49:26.9548836Z Working directory is '/home/runner/work/bb-scanner/bb-scanner'
2026-10-02T22:49:26.9549973Z [command]/usr/bin/git version
2026-10-02T22:49:26.9586236Z git version 2.55.0
2026-10-02T22:49:26.9608909Z ##[endgroup]
2026-10-02T22:49:26.9616174Z Temporarily overriding HOME='/home/runner/work/_temp/c7bd570e-6f2f-4ee1-b642-3de9ec6f458d' before making global git config changes
2026-10-02T22:49:26.9618115Z Adding repository directory to the temporary git global config as a safe directory
2026-10-02T22:49:26.9619554Z [command]/usr/bin/git config --global --add safe.directory /home/runner/work/bb-scanner/bb-scanner
2026-10-02T22:49:26.9675876Z Deleting the contents of '/home/runner/work/bb-scanner/bb-scanner'
2026-10-02T22:49:26.9679633Z ##[group]Initializing the repository
2026-10-02T22:49:26.9683927Z [command]/usr/bin/git init /home/runner/work/bb-scanner/bb-scanner
2026-10-02T22:49:26.9769854Z hint: Using 'master' as the name for the initial branch. This default branch name
2026-10-02T22:49:26.9771371Z hint: will change to "main" in Git 3.0. To configure the initial branch name
2026-10-02T22:49:26.9772048Z hint: to use in all of your new repositories, which will suppress this warning,
2026-10-02T22:49:26.9772519Z hint: call:
2026-10-02T22:49:26.9772785Z hint:
2026-10-02T22:49:26.9773154Z hint: 	git config --global init.defaultBranch <name>
2026-10-02T22:49:26.9773542Z hint:
2026-10-02T22:49:26.9773911Z hint: Names commonly chosen instead of 'master' are 'main', 'trunk' and
2026-10-02T22:49:26.9774498Z hint: 'development'. The just-created branch can be renamed via this command:
2026-10-02T22:49:26.9774986Z hint:
2026-10-02T22:49:26.9775252Z hint: 	git branch -m <name>
2026-10-02T22:49:26.9775549Z hint:
2026-10-02T22:49:26.9775944Z hint: Disable this message with "git config set advice.defaultBranchName false"
2026-10-02T22:49:26.9776898Z Initialized empty Git repository in /home/runner/work/bb-scanner/bb-scanner/.git/
2026-10-02T22:49:26.9780292Z [command]/usr/bin/git remote add origin https://github.com/duuu-hub/bb-scanner
2026-10-02T22:49:26.9825125Z ##[endgroup]
2026-10-02T22:49:26.9825633Z ##[group]Disabling automatic garbage collection
2026-10-02T22:49:26.9828880Z [command]/usr/bin/git config --local gc.auto 0
2026-10-02T22:49:26.9863406Z ##[endgroup]
2026-10-02T22:49:26.9864272Z ##[group]Setting up auth
2026-10-02T22:49:26.9870276Z [command]/usr/bin/git config --local --name-only --get-regexp core\.sshCommand
2026-10-02T22:49:26.9908206Z [command]/usr/bin/git submodule foreach --recursive sh -c "git config --local --name-only --get-regexp 'core\.sshCommand' && git config --local --unset-all 'core.sshCommand' || :"
2026-10-02T22:49:27.0289634Z [command]/usr/bin/git config --local --name-only --get-regexp http\.https\:\/\/github\.com\/\.extraheader
2026-10-02T22:49:27.0324609Z [command]/usr/bin/git submodule foreach --recursive sh -c "git config --local --name-only --get-regexp 'http\.https\:\/\/github\.com\/\.extraheader' && git config --local --unset-all 'http.https://github.com/.extraheader' || :"
2026-10-02T22:49:27.0522497Z [command]/usr/bin/git config --local --name-only --get-regexp ^includeIf\.gitdir:
2026-10-02T22:49:27.0554371Z [command]/usr/bin/git submodule foreach --recursive git config --local --show-origin --name-only --get-regexp remote.origin.url
2026-10-02T22:49:27.0749316Z [command]/usr/bin/git config --local http.https://github.com/.extraheader AUTHORIZATION: basic ***
2026-10-02T22:49:27.0786935Z ##[endgroup]
2026-10-02T22:49:27.0787523Z ##[group]Fetching the repository
2026-10-02T22:49:27.0794643Z [command]/usr/bin/git -c protocol.version=2 fetch --no-tags --prune --no-recurse-submodules --depth=1 origin +217a46b0e752800b70115eb9a63528d809242ce6:refs/remotes/origin/research-breadth-pullback-reclaim-v16
2026-10-02T22:49:28.6140954Z From https://github.com/duuu-hub/bb-scanner
2026-10-02T22:49:28.6143078Z  * [new ref]         217a46b0e752800b70115eb9a63528d809242ce6 -> origin/research-breadth-pullback-reclaim-v16
2026-10-02T22:49:28.6147362Z ##[endgroup]
2026-10-02T22:49:28.6148534Z ##[group]Determining the checkout info
2026-10-02T22:49:28.6149930Z ##[endgroup]
2026-10-02T22:49:28.6150865Z [command]/usr/bin/git sparse-checkout disable
2026-10-02T22:49:28.6200170Z [command]/usr/bin/git config --local --unset-all extensions.worktreeConfig
2026-10-02T22:49:28.6231681Z ##[group]Checking out the ref
2026-10-02T22:49:28.6235187Z [command]/usr/bin/git checkout --progress --force -B research-breadth-pullback-reclaim-v16 refs/remotes/origin/research-breadth-pullback-reclaim-v16
2026-10-02T22:49:28.8006178Z Switched to a new branch 'research-breadth-pullback-reclaim-v16'
2026-10-02T22:49:28.8008520Z branch 'research-breadth-pullback-reclaim-v16' set up to track 'origin/research-breadth-pullback-reclaim-v16'.
2026-10-02T22:49:28.8018617Z ##[endgroup]
2026-10-02T22:49:28.8057442Z [command]/usr/bin/git log -1 --format=%H
2026-10-02T22:49:28.8081748Z 217a46b0e752800b70115eb9a63528d809242ce6
2026-10-02T22:49:28.8417439Z ##[group]Run actions/setup-python@v5
2026-10-02T22:49:28.8418232Z with:
2026-10-02T22:49:28.8418806Z   python-version: 3.12
2026-10-02T22:49:28.8419442Z   check-latest: false
2026-10-02T22:49:28.8425462Z   token: ***
2026-10-02T22:49:28.8426063Z   update-environment: true
2026-10-02T22:49:28.8426754Z   allow-prereleases: false
2026-10-02T22:49:28.8427445Z   freethreaded: false
2026-10-02T22:49:28.8428044Z env:
2026-10-02T22:49:28.8433757Z   GH_TOKEN: ***
2026-10-02T22:49:28.8434324Z ##[endgroup]
2026-10-02T22:49:28.9366778Z ##[group]Installed versions
2026-10-02T22:49:28.9424335Z (node:2086) [DEP0040] DeprecationWarning: The `punycode` module is deprecated. Please use a userland alternative instead.
2026-10-02T22:49:28.9426253Z (Use `node --trace-deprecation ...` to show where the warning was created)
2026-10-02T22:49:28.9427383Z Successfully set up CPython (3.12.14)
2026-10-02T22:49:28.9428521Z ##[endgroup]
2026-10-02T22:49:28.9702128Z ##[group]Run set -euo pipefail
2026-10-02T22:49:28.9703402Z [36;1mset -euo pipefail[0m
2026-10-02T22:49:28.9704563Z [36;1mpip install pandas==2.3.3 numpy==2.3.3[0m
2026-10-02T22:49:28.9932553Z shell: /usr/bin/bash --noprofile --norc -e -o pipefail {0}
2026-10-02T22:49:28.9933514Z env:
2026-10-02T22:49:28.9939154Z   GH_TOKEN: ***
2026-10-02T22:49:28.9939891Z   pythonLocation: /opt/hostedtoolcache/Python/3.12.14/x64
2026-10-02T22:49:28.9941139Z   PKG_CONFIG_PATH: /opt/hostedtoolcache/Python/3.12.14/x64/lib/pkgconfig
2026-10-02T22:49:28.9942277Z   Python_ROOT_DIR: /opt/hostedtoolcache/Python/3.12.14/x64
2026-10-02T22:49:28.9943293Z   Python2_ROOT_DIR: /opt/hostedtoolcache/Python/3.12.14/x64
2026-10-02T22:49:28.9944316Z   Python3_ROOT_DIR: /opt/hostedtoolcache/Python/3.12.14/x64
2026-10-02T22:49:28.9945355Z   LD_LIBRARY_PATH: /opt/hostedtoolcache/Python/3.12.14/x64/lib
2026-10-02T22:49:28.9946240Z ##[endgroup]
2026-10-02T22:49:29.7484036Z Collecting pandas==2.3.3
2026-10-02T22:49:29.8196411Z   Downloading pandas-2.3.3-cp312-cp312-manylinux_2_24_x86_64.manylinux_2_28_x86_64.whl.metadata (91 kB)
2026-10-02T22:49:29.9989777Z Collecting numpy==2.3.3
2026-10-02T22:49:30.0098016Z   Downloading numpy-2.3.3-cp312-cp312-manylinux_2_27_x86_64.manylinux_2_28_x86_64.whl.metadata (62 kB)
2026-10-02T22:49:30.0391529Z Collecting python-dateutil>=2.8.2 (from pandas==2.3.3)
2026-10-02T22:49:30.0494755Z   Downloading python_dateutil-2.9.0.post0-py2.py3-none-any.whl.metadata (8.4 kB)
2026-10-02T22:49:30.0799137Z Collecting pytz>=2020.1 (from pandas==2.3.3)
2026-10-02T22:49:30.0901568Z   Downloading pytz-2026.4-py2.py3-none-any.whl.metadata (22 kB)
2026-10-02T22:49:30.1084529Z Collecting tzdata>=2022.7 (from pandas==2.3.3)
2026-10-02T22:49:30.1186106Z   Downloading tzdata-2026.4-py2.py3-none-any.whl.metadata (1.4 kB)
2026-10-02T22:49:30.1361185Z Collecting six>=1.5 (from python-dateutil>=2.8.2->pandas==2.3.3)
2026-10-02T22:49:30.1465199Z   Downloading six-1.17.0-py2.py3-none-any.whl.metadata (1.7 kB)
2026-10-02T22:49:30.1596229Z Downloading pandas-2.3.3-cp312-cp312-manylinux_2_24_x86_64.manylinux_2_28_x86_64.whl (12.4 MB)
2026-10-02T22:49:30.6104502Z    ━━━━━━━━━━━━━━━━━━━━━━━━━━━━━━━━━━━━━━━━ 12.4/12.4 MB 28.7 MB/s  0:00:00
2026-10-02T22:49:30.6219520Z Downloading numpy-2.3.3-cp312-cp312-manylinux_2_27_x86_64.manylinux_2_28_x86_64.whl (16.6 MB)
2026-10-02T22:49:30.8406053Z    ━━━━━━━━━━━━━━━━━━━━━━━━━━━━━━━━━━━━━━━━ 16.6/16.6 MB 76.0 MB/s  0:00:00
2026-10-02T22:49:30.8511145Z Downloading python_dateutil-2.9.0.post0-py2.py3-none-any.whl (229 kB)
2026-10-02T22:49:30.8633911Z Downloading pytz-2026.4-py2.py3-none-any.whl (506 kB)
2026-10-02T22:49:30.8771088Z Downloading six-1.17.0-py2.py3-none-any.whl (11 kB)
2026-10-02T22:49:30.8886409Z Downloading tzdata-2026.4-py2.py3-none-any.whl (347 kB)
2026-10-02T22:49:30.9957664Z Installing collected packages: pytz, tzdata, six, numpy, python-dateutil, pandas
2026-10-02T22:49:35.9019453Z 
2026-10-02T22:49:35.9029395Z Successfully installed numpy-2.3.3 pandas-2.3.3 python-dateutil-2.9.0.post0 pytz-2026.4 six-1.17.0 tzdata-2026.4
2026-10-02T22:49:35.9777548Z ##[group]Run actions/cache@v4
2026-10-02T22:49:35.9777708Z with:
2026-10-02T22:49:35.9777822Z   path: data
2026-10-02T22:49:35.9777955Z   key: frozen-source-36095439671-15m-shard-0
2026-10-02T22:49:35.9778127Z   enableCrossOsArchive: false
2026-10-02T22:49:35.9778267Z   fail-on-cache-miss: false
2026-10-02T22:49:35.9778403Z   lookup-only: false
2026-10-02T22:49:35.9778522Z   save-always: false
2026-10-02T22:49:35.9778644Z env:
2026-10-02T22:49:35.9780061Z   GH_TOKEN: ***
2026-10-02T22:49:35.9780222Z   pythonLocation: /opt/hostedtoolcache/Python/3.12.14/x64
2026-10-02T22:49:35.9780585Z   PKG_CONFIG_PATH: /opt/hostedtoolcache/Python/3.12.14/x64/lib/pkgconfig
2026-10-02T22:49:35.9780830Z   Python_ROOT_DIR: /opt/hostedtoolcache/Python/3.12.14/x64
2026-10-02T22:49:35.9781049Z   Python2_ROOT_DIR: /opt/hostedtoolcache/Python/3.12.14/x64
2026-10-02T22:49:35.9781287Z   Python3_ROOT_DIR: /opt/hostedtoolcache/Python/3.12.14/x64
2026-10-02T22:49:35.9781533Z   LD_LIBRARY_PATH: /opt/hostedtoolcache/Python/3.12.14/x64/lib
2026-10-02T22:49:35.9781719Z ##[endgroup]
2026-10-02T22:49:36.0512922Z (node:2121) [DEP0040] DeprecationWarning: The `punycode` module is deprecated. Please use a userland alternative instead.
2026-10-02T22:49:36.0513436Z (Use `node --trace-deprecation ...` to show where the warning was created)
2026-10-02T22:49:36.2625359Z Cache not found for input keys: frozen-source-36095439671-15m-shard-0
2026-10-02T22:49:36.2702224Z ##[group]Run set -euo pipefail
2026-10-02T22:49:36.2702428Z [36;1mset -euo pipefail[0m
2026-10-02T22:49:36.2702572Z [36;1mif [ '' != 'true' ]; then[0m
2026-10-02T22:49:36.2702892Z [36;1m  gh run download 36095439671 -R duuu-hub/bb-scanner -n rank5-binance-um-15m-5y-data-shard-0 -D data[0m
2026-10-02T22:49:36.2703170Z [36;1mfi[0m
2026-10-02T22:49:36.2703369Z [36;1mgh run download 36858492497 -R duuu-hub/bb-scanner -n day-edge-v2-btc -D btc[0m
2026-10-02T22:49:36.2703789Z [36;1mgh run download 36095439671 -R duuu-hub/bb-scanner -n rank5-binance-um-15m-5y-manifest-shard-0 -D source-manifest[0m
2026-10-02T22:49:36.2704445Z [36;1mpython scripts/research_evidence_archive.py verify-source --data data --manifests source-manifest --baseline research/breadth-pullback-reclaim-v16/FROZEN_INPUT_HASHES.json --out map-development-0/source_check.json[0m
2026-10-02T22:49:36.2762604Z shell: /usr/bin/bash --noprofile --norc -e -o pipefail {0}
2026-10-02T22:49:36.2762813Z env:
2026-10-02T22:49:36.2764277Z   GH_TOKEN: ***
2026-10-02T22:49:36.2764444Z   pythonLocation: /opt/hostedtoolcache/Python/3.12.14/x64
2026-10-02T22:49:36.2764693Z   PKG_CONFIG_PATH: /opt/hostedtoolcache/Python/3.12.14/x64/lib/pkgconfig
2026-10-02T22:49:36.2764935Z   Python_ROOT_DIR: /opt/hostedtoolcache/Python/3.12.14/x64
2026-10-02T22:49:36.2765155Z   Python2_ROOT_DIR: /opt/hostedtoolcache/Python/3.12.14/x64
2026-10-02T22:49:36.2765372Z   Python3_ROOT_DIR: /opt/hostedtoolcache/Python/3.12.14/x64
2026-10-02T22:49:36.2765613Z   LD_LIBRARY_PATH: /opt/hostedtoolcache/Python/3.12.14/x64/lib
2026-10-02T22:49:36.2765797Z ##[endgroup]
2026-10-02T22:49:52.8034130Z FROZEN_SOURCE_VERIFIED 107 files 28 prior SHA256 matches
2026-10-02T22:49:52.8554837Z ##[group]Run set -euo pipefail
2026-10-02T22:49:52.8555037Z [36;1mset -euo pipefail[0m
2026-10-02T22:49:52.8555442Z [36;1mpython scripts/breadth_pullback_v16.py map --stage DEV --data data --btc btc/BTCUSDT.csv.gz --source-check map-development-0/source_check.json --out map-development-0[0m
2026-10-02T22:49:52.8609312Z shell: /usr/bin/bash --noprofile --norc -e -o pipefail {0}
2026-10-02T22:49:52.8609508Z env:
2026-10-02T22:49:52.8611057Z   GH_TOKEN: ***
2026-10-02T22:49:52.8611222Z   pythonLocation: /opt/hostedtoolcache/Python/3.12.14/x64
2026-10-02T22:49:52.8611465Z   PKG_CONFIG_PATH: /opt/hostedtoolcache/Python/3.12.14/x64/lib/pkgconfig
2026-10-02T22:49:52.8611701Z   Python_ROOT_DIR: /opt/hostedtoolcache/Python/3.12.14/x64
2026-10-02T22:49:52.8612088Z   Python2_ROOT_DIR: /opt/hostedtoolcache/Python/3.12.14/x64
2026-10-02T22:49:52.8612307Z   Python3_ROOT_DIR: /opt/hostedtoolcache/Python/3.12.14/x64
2026-10-02T22:49:52.8612555Z   LD_LIBRARY_PATH: /opt/hostedtoolcache/Python/3.12.14/x64/lib
2026-10-02T22:49:52.8612741Z ##[endgroup]
2026-10-02T22:49:54.9384089Z V16_BREADTH_MAP DEV 8 / 107
2026-10-02T22:49:58.0608668Z V16_BREADTH_MAP DEV 40 / 107
2026-10-02T22:49:59.5063895Z V16_BREADTH_MAP DEV 48 / 107
2026-10-02T22:50:00.8044896Z V16_BREADTH_MAP DEV 56 / 107
2026-10-02T22:50:03.6697472Z V16_BREADTH_MAP DEV 88 / 107
2026-10-02T22:50:05.8634240Z V16_BREADTH_MAP DEV 104 / 107
2026-10-02T22:50:07.0071218Z V16_BREADTH_MAP_DONE DEV shard 0 sources 107 rows 81793
2026-10-02T22:50:07.0716529Z ##[group]Run actions/upload-artifact@v4
2026-10-02T22:50:07.0716707Z with:
2026-10-02T22:50:07.0716867Z   name: breadth-pullback-reclaim-v16-map-development-0
2026-10-02T22:50:07.0717066Z   path: map-development-0/
2026-10-02T22:50:07.0717201Z   retention-days: 30
2026-10-02T22:50:07.0717340Z   compression-level: 0
2026-10-02T22:50:07.0717470Z   if-no-files-found: warn
2026-10-02T22:50:07.0717600Z   overwrite: false
2026-10-02T22:50:07.0734408Z   include-hidden-files: false
2026-10-02T22:50:07.0734580Z env:
2026-10-02T22:50:07.0736245Z   GH_TOKEN: ***
2026-10-02T22:50:07.0736419Z   pythonLocation: /opt/hostedtoolcache/Python/3.12.14/x64
2026-10-02T22:50:07.0736668Z   PKG_CONFIG_PATH: /opt/hostedtoolcache/Python/3.12.14/x64/lib/pkgconfig
2026-10-02T22:50:07.0736907Z   Python_ROOT_DIR: /opt/hostedtoolcache/Python/3.12.14/x64
2026-10-02T22:50:07.0737125Z   Python2_ROOT_DIR: /opt/hostedtoolcache/Python/3.12.14/x64
2026-10-02T22:50:07.0737365Z   Python3_ROOT_DIR: /opt/hostedtoolcache/Python/3.12.14/x64
2026-10-02T22:50:07.0737582Z   LD_LIBRARY_PATH: /opt/hostedtoolcache/Python/3.12.14/x64/lib
2026-10-02T22:50:07.0737768Z ##[endgroup]
2026-10-02T22:50:07.1924662Z (node:2171) [DEP0040] DeprecationWarning: The `punycode` module is deprecated. Please use a userland alternative instead.
2026-10-02T22:50:07.1925125Z (Use `node --trace-deprecation ...` to show where the warning was created)
2026-10-02T22:50:07.1977870Z With the provided path, there will be 4 files uploaded
2026-10-02T22:50:07.1978696Z Artifact name is valid!
2026-10-02T22:50:07.1979058Z Root directory input is valid!
2026-10-02T22:50:07.5564418Z Beginning upload of artifact content to blob storage
2026-10-02T22:50:07.5749490Z (node:2171) [DEP0169] DeprecationWarning: `url.parse()` behavior is not standardized and prone to errors that have security implications. Use the WHATWG URL API instead. CVEs are not issued for `url.parse()` vulnerabilities.
2026-10-02T22:50:08.1067175Z Uploaded bytes 489771
2026-10-02T22:50:08.1725874Z Finished uploading artifact content to blob storage!
2026-10-02T22:50:08.1726610Z SHA256 digest of uploaded artifact zip is db6cdb8963c9622ca28c18be95f9272a24f537a68860e8d372b1fb303c8a5096
2026-10-02T22:50:08.1727251Z Finalizing artifact upload
2026-10-02T22:50:08.4238743Z Artifact breadth-pullback-reclaim-v16-map-development-0.zip successfully finalized. Artifact ID 11255849268
2026-10-02T22:50:08.4239362Z Artifact breadth-pullback-reclaim-v16-map-development-0 has been successfully uploaded! Final size is 489771 bytes. Artifact ID is 11255849268
2026-10-02T22:50:08.4244580Z Artifact download URL: https://github.com/duuu-hub/bb-scanner/actions/runs/37074366568/artifacts/11255849268
2026-10-02T22:50:08.4397926Z Post job cleanup.
2026-10-02T22:50:08.5161707Z (node:2183) [DEP0040] DeprecationWarning: The `punycode` module is deprecated. Please use a userland alternative instead.
2026-10-02T22:50:08.5162154Z (Use `node --trace-deprecation ...` to show where the warning was created)
2026-10-02T22:50:08.5285946Z [command]/usr/bin/tar --posix -cf cache.tzst --exclude cache.tzst -P -C /home/runner/work/bb-scanner/bb-scanner --files-from manifest.txt --use-compress-program zstdmt
2026-10-02T22:50:08.9200224Z (node:2183) [DEP0169] DeprecationWarning: `url.parse()` behavior is not standardized and prone to errors that have security implications. Use the WHATWG URL API instead. CVEs are not issued for `url.parse()` vulnerabilities.
2026-10-02T22:50:09.9120116Z Sent 0 of 242832398 (0.0%), 0.0 MBs/sec
2026-10-02T22:50:10.7225806Z Sent 242832398 of 242832398 (100.0%), 127.9 MBs/sec
2026-10-02T22:50:10.8480157Z Cache saved with key: frozen-source-36095439671-15m-shard-0
2026-10-02T22:50:10.8591710Z Post job cleanup.
2026-10-02T22:50:10.9402870Z (node:2204) [DEP0040] DeprecationWarning: The `punycode` module is deprecated. Please use a userland alternative instead.
2026-10-02T22:50:10.9403334Z (Use `node --trace-deprecation ...` to show where the warning was created)
2026-10-02T22:50:10.9555658Z Post job cleanup.
2026-10-02T22:50:11.0201562Z [command]/usr/bin/git version
2026-10-02T22:50:11.0228818Z git version 2.55.0
2026-10-02T22:50:11.0254847Z Temporarily overriding HOME='/home/runner/work/_temp/1e84e4de-a522-431e-bfa8-ab21537df0e5' before making global git config changes
2026-10-02T22:50:11.0255558Z Adding repository directory to the temporary git global config as a safe directory
2026-10-02T22:50:11.0259065Z [command]/usr/bin/git config --global --add safe.directory /home/runner/work/bb-scanner/bb-scanner
2026-10-02T22:50:11.0297465Z [command]/usr/bin/git config --local --name-only --get-regexp core\.sshCommand
2026-10-02T22:50:11.0346178Z [command]/usr/bin/git submodule foreach --recursive sh -c "git config --local --name-only --get-regexp 'core\.sshCommand' && git config --local --unset-all 'core.sshCommand' || :"
2026-10-02T22:50:11.0554243Z [command]/usr/bin/git config --local --name-only --get-regexp http\.https\:\/\/github\.com\/\.extraheader
2026-10-02T22:50:11.0583351Z http.https://github.com/.extraheader
2026-10-02T22:50:11.0594104Z [command]/usr/bin/git config --local --unset-all http.https://github.com/.extraheader
2026-10-02T22:50:11.0630006Z [command]/usr/bin/git submodule foreach --recursive sh -c "git config --local --name-only --get-regexp 'http\.https\:\/\/github\.com\/\.extraheader' && git config --local --unset-all 'http.https://github.com/.extraheader' || :"
2026-10-02T22:50:11.0854955Z [command]/usr/bin/git config --local --name-only --get-regexp ^includeIf\.gitdir:
2026-10-02T22:50:11.0887622Z [command]/usr/bin/git submodule foreach --recursive git config --local --show-origin --name-only --get-regexp remote.origin.url
2026-10-02T22:50:11.1200396Z Cleaning up orphan processes
2026-10-02T22:50:11.1443289Z ##[warning]Node.js 20 is deprecated. The following actions target Node.js 20 but are being forced to run on Node.js 24: actions/cache@v4, actions/checkout@v4, actions/setup-python@v5, actions/upload-artifact@v4. For more information see: https://github.blog/changelog/2025-09-19-deprecation-of-node-20-on-github-actions-runners/
