2026-10-02T22:50:51.1760839Z Current runner version: '2.337.0'
2026-10-02T22:50:51.1784848Z ##[group]Runner Image Provisioner
2026-10-02T22:50:51.1785674Z Hosted Compute Agent
2026-10-02T22:50:51.1786162Z Version: 20260901.588
2026-10-02T22:50:51.1786665Z Commit: f88ec8081b781fac6c440065ac7ff9e710ce3d0b
2026-10-02T22:50:51.1787358Z Build Date: 2026-09-01T19:56:44Z
2026-10-02T22:50:51.1788131Z Worker ID: {1bd119a3-3b3f-46f1-9178-d05fa47488fe}
2026-10-02T22:50:51.1788788Z Azure Region: eastus
2026-10-02T22:50:51.1789252Z ##[endgroup]
2026-10-02T22:50:51.1790346Z ##[group]Operating System
2026-10-02T22:50:51.1791308Z Ubuntu
2026-10-02T22:50:51.1791746Z 24.04.5
2026-10-02T22:50:51.1792196Z LTS
2026-10-02T22:50:51.1792632Z ##[endgroup]
2026-10-02T22:50:51.1793095Z ##[group]Runner Image
2026-10-02T22:50:51.1793640Z Image: ubuntu-24.04
2026-10-02T22:50:51.1794139Z Version: 20260927.320.1
2026-10-02T22:50:51.1795184Z Included Software: https://github.com/actions/runner-images/blob/ubuntu24/20260927.320/images/ubuntu/Ubuntu2404-Readme.md
2026-10-02T22:50:51.1796421Z Image Release: https://github.com/actions/runner-images/releases/tag/ubuntu24%2F20260927.320
2026-10-02T22:50:51.1797266Z ##[endgroup]
2026-10-02T22:50:51.1798368Z ##[group]GITHUB_TOKEN Permissions
2026-10-02T22:50:51.1800179Z Actions: read
2026-10-02T22:50:51.1800673Z Contents: read
2026-10-02T22:50:51.1801215Z Metadata: read
2026-10-02T22:50:51.1801684Z ##[endgroup]
2026-10-02T22:50:51.1803408Z Secret source: Actions
2026-10-02T22:50:51.1804262Z Cache mode: write
2026-10-02T22:50:51.1805015Z Prepare workflow directory
2026-10-02T22:50:51.2352741Z Prepare all required actions
2026-10-02T22:50:51.2408440Z Getting action download info
2026-10-02T22:50:51.4289472Z Download action repository 'actions/checkout@v4' (SHA:11d5960a326750d5838078e36cf38b85af677262)
2026-10-02T22:50:51.5422288Z Download action repository 'actions/setup-python@v5' (SHA:a26af69be951a213d495a4c3e4e4022e16d87065)
2026-10-02T22:50:51.6346806Z Download action repository 'actions/cache@v4' (SHA:0057852bfaa89a56745cba8c7296529d2fc39830)
2026-10-02T22:50:51.7629550Z Download action repository 'actions/download-artifact@v4' (SHA:d3f86a106a0bac45b974a628896c90dbdf5c8093)
2026-10-02T22:50:51.9421399Z Download action repository 'actions/upload-artifact@v4' (SHA:ea165f8d65b6e75b540449e92b4886f43607fa02)
2026-10-02T22:50:52.1717734Z Complete job name: development (7)
2026-10-02T22:50:52.2303523Z ##[group]Run actions/checkout@v4
2026-10-02T22:50:52.2304245Z with:
2026-10-02T22:50:52.2304642Z   repository: duuu-hub/bb-scanner
2026-10-02T22:50:52.2308211Z   token: ***
2026-10-02T22:50:52.2308586Z   ssh-strict: true
2026-10-02T22:50:52.2308966Z   ssh-user: git
2026-10-02T22:50:52.2309350Z   persist-credentials: true
2026-10-02T22:50:52.2309768Z   clean: true
2026-10-02T22:50:52.2310151Z   sparse-checkout-cone-mode: true
2026-10-02T22:50:52.2310591Z   fetch-depth: 1
2026-10-02T22:50:52.2310957Z   fetch-tags: false
2026-10-02T22:50:52.2311343Z   show-progress: true
2026-10-02T22:50:52.2311729Z   lfs: false
2026-10-02T22:50:52.2312095Z   submodules: false
2026-10-02T22:50:52.2312513Z   set-safe-directory: true
2026-10-02T22:50:52.2312940Z   allow-unsafe-pr-checkout: false
2026-10-02T22:50:52.2313540Z env:
2026-10-02T22:50:52.2316721Z   GH_TOKEN: ***
2026-10-02T22:50:52.2317098Z ##[endgroup]
2026-10-02T22:50:52.3119329Z Syncing repository: duuu-hub/bb-scanner
2026-10-02T22:50:52.3121576Z ##[group]Getting Git version info
2026-10-02T22:50:52.3122589Z Working directory is '/home/runner/work/bb-scanner/bb-scanner'
2026-10-02T22:50:52.3124057Z [command]/usr/bin/git version
2026-10-02T22:50:52.3177571Z git version 2.55.0
2026-10-02T22:50:52.3193909Z ##[endgroup]
2026-10-02T22:50:52.3205958Z Temporarily overriding HOME='/home/runner/work/_temp/e6329df9-2920-4b68-ba0d-0b7479fdb959' before making global git config changes
2026-10-02T22:50:52.3208183Z Adding repository directory to the temporary git global config as a safe directory
2026-10-02T22:50:52.3286571Z [command]/usr/bin/git config --global --add safe.directory /home/runner/work/bb-scanner/bb-scanner
2026-10-02T22:50:52.3291263Z Deleting the contents of '/home/runner/work/bb-scanner/bb-scanner'
2026-10-02T22:50:52.3292664Z ##[group]Initializing the repository
2026-10-02T22:50:52.3293272Z [command]/usr/bin/git init /home/runner/work/bb-scanner/bb-scanner
2026-10-02T22:50:52.3348823Z hint: Using 'master' as the name for the initial branch. This default branch name
2026-10-02T22:50:52.3350663Z hint: will change to "main" in Git 3.0. To configure the initial branch name
2026-10-02T22:50:52.3351999Z hint: to use in all of your new repositories, which will suppress this warning,
2026-10-02T22:50:52.3353094Z hint: call:
2026-10-02T22:50:52.3353635Z hint:
2026-10-02T22:50:52.3354380Z hint: 	git config --global init.defaultBranch <name>
2026-10-02T22:50:52.3355318Z hint:
2026-10-02T22:50:52.3356179Z hint: Names commonly chosen instead of 'master' are 'main', 'trunk' and
2026-10-02T22:50:52.3357516Z hint: 'development'. The just-created branch can be renamed via this command:
2026-10-02T22:50:52.3358816Z hint:
2026-10-02T22:50:52.3359508Z hint: 	git branch -m <name>
2026-10-02T22:50:52.3360183Z hint:
2026-10-02T22:50:52.3361125Z hint: Disable this message with "git config set advice.defaultBranchName false"
2026-10-02T22:50:52.3362591Z Initialized empty Git repository in /home/runner/work/bb-scanner/bb-scanner/.git/
2026-10-02T22:50:52.3365614Z [command]/usr/bin/git remote add origin https://github.com/duuu-hub/bb-scanner
2026-10-02T22:50:52.3409403Z ##[endgroup]
2026-10-02T22:50:52.3410555Z ##[group]Disabling automatic garbage collection
2026-10-02T22:50:52.3413282Z [command]/usr/bin/git config --local gc.auto 0
2026-10-02T22:50:52.3442402Z ##[endgroup]
2026-10-02T22:50:52.3443494Z ##[group]Setting up auth
2026-10-02T22:50:52.3448589Z [command]/usr/bin/git config --local --name-only --get-regexp core\.sshCommand
2026-10-02T22:50:52.3477016Z [command]/usr/bin/git submodule foreach --recursive sh -c "git config --local --name-only --get-regexp 'core\.sshCommand' && git config --local --unset-all 'core.sshCommand' || :"
2026-10-02T22:50:52.3879162Z [command]/usr/bin/git config --local --name-only --get-regexp http\.https\:\/\/github\.com\/\.extraheader
2026-10-02T22:50:52.3912747Z [command]/usr/bin/git submodule foreach --recursive sh -c "git config --local --name-only --get-regexp 'http\.https\:\/\/github\.com\/\.extraheader' && git config --local --unset-all 'http.https://github.com/.extraheader' || :"
2026-10-02T22:50:52.4103274Z [command]/usr/bin/git config --local --name-only --get-regexp ^includeIf\.gitdir:
2026-10-02T22:50:52.4133810Z [command]/usr/bin/git submodule foreach --recursive git config --local --show-origin --name-only --get-regexp remote.origin.url
2026-10-02T22:50:52.4320664Z [command]/usr/bin/git config --local http.https://github.com/.extraheader AUTHORIZATION: basic ***
2026-10-02T22:50:52.4354026Z ##[endgroup]
2026-10-02T22:50:52.4354805Z ##[group]Fetching the repository
2026-10-02T22:50:52.4362026Z [command]/usr/bin/git -c protocol.version=2 fetch --no-tags --prune --no-recurse-submodules --depth=1 origin +217a46b0e752800b70115eb9a63528d809242ce6:refs/remotes/origin/research-breadth-pullback-reclaim-v16
2026-10-02T22:50:53.5666242Z From https://github.com/duuu-hub/bb-scanner
2026-10-02T22:50:53.5669035Z  * [new ref]         217a46b0e752800b70115eb9a63528d809242ce6 -> origin/research-breadth-pullback-reclaim-v16
2026-10-02T22:50:53.5673185Z ##[endgroup]
2026-10-02T22:50:53.5674493Z ##[group]Determining the checkout info
2026-10-02T22:50:53.5676289Z ##[endgroup]
2026-10-02T22:50:53.5676999Z [command]/usr/bin/git sparse-checkout disable
2026-10-02T22:50:53.5716449Z [command]/usr/bin/git config --local --unset-all extensions.worktreeConfig
2026-10-02T22:50:53.5744220Z ##[group]Checking out the ref
2026-10-02T22:50:53.5748825Z [command]/usr/bin/git checkout --progress --force -B research-breadth-pullback-reclaim-v16 refs/remotes/origin/research-breadth-pullback-reclaim-v16
2026-10-02T22:50:53.7655881Z Switched to a new branch 'research-breadth-pullback-reclaim-v16'
2026-10-02T22:50:53.7660866Z branch 'research-breadth-pullback-reclaim-v16' set up to track 'origin/research-breadth-pullback-reclaim-v16'.
2026-10-02T22:50:53.7670168Z ##[endgroup]
2026-10-02T22:50:53.8306259Z [command]/usr/bin/git log -1 --format=%H
2026-10-02T22:50:53.8332042Z 217a46b0e752800b70115eb9a63528d809242ce6
2026-10-02T22:50:53.8627159Z ##[group]Run actions/setup-python@v5
2026-10-02T22:50:53.8628206Z with:
2026-10-02T22:50:53.8628889Z   python-version: 3.12
2026-10-02T22:50:53.8629666Z   check-latest: false
2026-10-02T22:50:53.8636896Z   token: ***
2026-10-02T22:50:53.8637736Z   update-environment: true
2026-10-02T22:50:53.8638564Z   allow-prereleases: false
2026-10-02T22:50:53.8639365Z   freethreaded: false
2026-10-02T22:50:53.8640094Z env:
2026-10-02T22:50:53.8647117Z   GH_TOKEN: ***
2026-10-02T22:50:53.8647897Z ##[endgroup]
2026-10-02T22:50:53.9728467Z ##[group]Installed versions
2026-10-02T22:50:53.9792984Z (node:2133) [DEP0040] DeprecationWarning: The `punycode` module is deprecated. Please use a userland alternative instead.
2026-10-02T22:50:53.9795669Z (Use `node --trace-deprecation ...` to show where the warning was created)
2026-10-02T22:50:53.9797755Z Successfully set up CPython (3.12.14)
2026-10-02T22:50:53.9799864Z ##[endgroup]
2026-10-02T22:50:54.0004948Z ##[group]Run set -euo pipefail
2026-10-02T22:50:54.0006292Z [36;1mset -euo pipefail[0m
2026-10-02T22:50:54.0007762Z [36;1mpip install pandas==2.3.3 numpy==2.3.3[0m
2026-10-02T22:50:54.0266418Z shell: /usr/bin/bash --noprofile --norc -e -o pipefail {0}
2026-10-02T22:50:54.0267552Z env:
2026-10-02T22:50:54.0274667Z   GH_TOKEN: ***
2026-10-02T22:50:54.0275555Z   pythonLocation: /opt/hostedtoolcache/Python/3.12.14/x64
2026-10-02T22:50:54.0276942Z   PKG_CONFIG_PATH: /opt/hostedtoolcache/Python/3.12.14/x64/lib/pkgconfig
2026-10-02T22:50:54.0278458Z   Python_ROOT_DIR: /opt/hostedtoolcache/Python/3.12.14/x64
2026-10-02T22:50:54.0279710Z   Python2_ROOT_DIR: /opt/hostedtoolcache/Python/3.12.14/x64
2026-10-02T22:50:54.0280956Z   Python3_ROOT_DIR: /opt/hostedtoolcache/Python/3.12.14/x64
2026-10-02T22:50:54.0282241Z   LD_LIBRARY_PATH: /opt/hostedtoolcache/Python/3.12.14/x64/lib
2026-10-02T22:50:54.0283336Z ##[endgroup]
2026-10-02T22:50:54.8147428Z Collecting pandas==2.3.3
2026-10-02T22:50:54.8540874Z   Downloading pandas-2.3.3-cp312-cp312-manylinux_2_24_x86_64.manylinux_2_28_x86_64.whl.metadata (91 kB)
2026-10-02T22:50:55.0346830Z Collecting numpy==2.3.3
2026-10-02T22:50:55.0399884Z   Downloading numpy-2.3.3-cp312-cp312-manylinux_2_27_x86_64.manylinux_2_28_x86_64.whl.metadata (62 kB)
2026-10-02T22:50:55.0628403Z Collecting python-dateutil>=2.8.2 (from pandas==2.3.3)
2026-10-02T22:50:55.0663601Z   Downloading python_dateutil-2.9.0.post0-py2.py3-none-any.whl.metadata (8.4 kB)
2026-10-02T22:50:55.0926037Z Collecting pytz>=2020.1 (from pandas==2.3.3)
2026-10-02T22:50:55.0972827Z   Downloading pytz-2026.4-py2.py3-none-any.whl.metadata (22 kB)
2026-10-02T22:50:55.1088856Z Collecting tzdata>=2022.7 (from pandas==2.3.3)
2026-10-02T22:50:55.1120756Z   Downloading tzdata-2026.4-py2.py3-none-any.whl.metadata (1.4 kB)
2026-10-02T22:50:55.1224978Z Collecting six>=1.5 (from python-dateutil>=2.8.2->pandas==2.3.3)
2026-10-02T22:50:55.1256698Z   Downloading six-1.17.0-py2.py3-none-any.whl.metadata (1.7 kB)
2026-10-02T22:50:55.1328121Z Downloading pandas-2.3.3-cp312-cp312-manylinux_2_24_x86_64.manylinux_2_28_x86_64.whl (12.4 MB)
2026-10-02T22:50:55.2709690Z    ━━━━━━━━━━━━━━━━━━━━━━━━━━━━━━━━━━━━━━━━ 12.4/12.4 MB 92.5 MB/s  0:00:00
2026-10-02T22:50:55.2787589Z Downloading numpy-2.3.3-cp312-cp312-manylinux_2_27_x86_64.manylinux_2_28_x86_64.whl (16.6 MB)
2026-10-02T22:50:55.5042643Z    ━━━━━━━━━━━━━━━━━━━━━━━━━━━━━━━━━━━━━━━━ 16.6/16.6 MB 73.5 MB/s  0:00:00
2026-10-02T22:50:55.5078563Z Downloading python_dateutil-2.9.0.post0-py2.py3-none-any.whl (229 kB)
2026-10-02T22:50:55.5141876Z Downloading pytz-2026.4-py2.py3-none-any.whl (506 kB)
2026-10-02T22:50:55.5196500Z Downloading six-1.17.0-py2.py3-none-any.whl (11 kB)
2026-10-02T22:50:55.5242044Z Downloading tzdata-2026.4-py2.py3-none-any.whl (347 kB)
2026-10-02T22:50:55.6527785Z Installing collected packages: pytz, tzdata, six, numpy, python-dateutil, pandas
2026-10-02T22:51:01.1443145Z 
2026-10-02T22:51:01.1454562Z Successfully installed numpy-2.3.3 pandas-2.3.3 python-dateutil-2.9.0.post0 pytz-2026.4 six-1.17.0 tzdata-2026.4
2026-10-02T22:51:01.2033273Z ##[group]Run actions/cache@v4
2026-10-02T22:51:01.2033500Z with:
2026-10-02T22:51:01.2033666Z   path: data
2026-10-02T22:51:01.2033856Z   key: frozen-source-36095439671-15m-shard-7
2026-10-02T22:51:01.2034105Z   enableCrossOsArchive: false
2026-10-02T22:51:01.2034306Z   fail-on-cache-miss: false
2026-10-02T22:51:01.2034518Z   lookup-only: false
2026-10-02T22:51:01.2034702Z   save-always: false
2026-10-02T22:51:01.2034888Z env:
2026-10-02T22:51:01.2036878Z   GH_TOKEN: ***
2026-10-02T22:51:01.2037130Z   pythonLocation: /opt/hostedtoolcache/Python/3.12.14/x64
2026-10-02T22:51:01.2037476Z   PKG_CONFIG_PATH: /opt/hostedtoolcache/Python/3.12.14/x64/lib/pkgconfig
2026-10-02T22:51:01.2037994Z   Python_ROOT_DIR: /opt/hostedtoolcache/Python/3.12.14/x64
2026-10-02T22:51:01.2038315Z   Python2_ROOT_DIR: /opt/hostedtoolcache/Python/3.12.14/x64
2026-10-02T22:51:01.2038628Z   Python3_ROOT_DIR: /opt/hostedtoolcache/Python/3.12.14/x64
2026-10-02T22:51:01.2038966Z   LD_LIBRARY_PATH: /opt/hostedtoolcache/Python/3.12.14/x64/lib
2026-10-02T22:51:01.2039250Z ##[endgroup]
2026-10-02T22:51:01.2873060Z (node:2168) [DEP0040] DeprecationWarning: The `punycode` module is deprecated. Please use a userland alternative instead.
2026-10-02T22:51:01.2873769Z (Use `node --trace-deprecation ...` to show where the warning was created)
2026-10-02T22:51:01.3489033Z Cache hit for: frozen-source-36095439671-15m-shard-7
2026-10-02T22:51:01.3596461Z (node:2168) [DEP0169] DeprecationWarning: `url.parse()` behavior is not standardized and prone to errors that have security implications. Use the WHATWG URL API instead. CVEs are not issued for `url.parse()` vulnerabilities.
2026-10-02T22:51:02.1303460Z Received 209330784 of 209330784 (100.0%), 267.2 MBs/sec
2026-10-02T22:51:02.1304643Z Cache Size: ~200 MB (209330784 B)
2026-10-02T22:51:02.1395217Z [command]/usr/bin/tar -xf /home/runner/work/_temp/3ac48a60-7205-4c3c-9a55-e801265f0232/cache.tzst -P -C /home/runner/work/bb-scanner/bb-scanner --use-compress-program unzstd
2026-10-02T22:51:02.3658078Z Cache restored successfully
2026-10-02T22:51:02.3800343Z Cache restored from key: frozen-source-36095439671-15m-shard-7
2026-10-02T22:51:02.3959951Z ##[group]Run set -euo pipefail
2026-10-02T22:51:02.3960221Z [36;1mset -euo pipefail[0m
2026-10-02T22:51:02.3960428Z [36;1mif [ 'true' != 'true' ]; then[0m
2026-10-02T22:51:02.3960844Z [36;1m  gh run download 36095439671 -R duuu-hub/bb-scanner -n rank5-binance-um-15m-5y-data-shard-7 -D data[0m
2026-10-02T22:51:02.3961241Z [36;1mfi[0m
2026-10-02T22:51:02.3961535Z [36;1mgh run download 36858492497 -R duuu-hub/bb-scanner -n day-edge-v2-btc -D btc[0m
2026-10-02T22:51:02.3962083Z [36;1mgh run download 36095439671 -R duuu-hub/bb-scanner -n rank5-binance-um-15m-5y-manifest-shard-7 -D source-manifest[0m
2026-10-02T22:51:02.3962978Z [36;1mpython scripts/research_evidence_archive.py verify-source --data data --manifests source-manifest --baseline research/breadth-pullback-reclaim-v16/FROZEN_INPUT_HASHES.json --out dev-7/source_check.json[0m
2026-10-02T22:51:02.4019081Z shell: /usr/bin/bash --noprofile --norc -e -o pipefail {0}
2026-10-02T22:51:02.4019368Z env:
2026-10-02T22:51:02.4021369Z   GH_TOKEN: ***
2026-10-02T22:51:02.4021630Z   pythonLocation: /opt/hostedtoolcache/Python/3.12.14/x64
2026-10-02T22:51:02.4021980Z   PKG_CONFIG_PATH: /opt/hostedtoolcache/Python/3.12.14/x64/lib/pkgconfig
2026-10-02T22:51:02.4022321Z   Python_ROOT_DIR: /opt/hostedtoolcache/Python/3.12.14/x64
2026-10-02T22:51:02.4022635Z   Python2_ROOT_DIR: /opt/hostedtoolcache/Python/3.12.14/x64
2026-10-02T22:51:02.4022932Z   Python3_ROOT_DIR: /opt/hostedtoolcache/Python/3.12.14/x64
2026-10-02T22:51:02.4023229Z   LD_LIBRARY_PATH: /opt/hostedtoolcache/Python/3.12.14/x64/lib
2026-10-02T22:51:02.4023486Z ##[endgroup]
2026-10-02T22:51:07.8413862Z FROZEN_SOURCE_VERIFIED 107 files 28 prior SHA256 matches
2026-10-02T22:51:07.8886514Z ##[group]Run actions/download-artifact@v4
2026-10-02T22:51:07.8886768Z with:
2026-10-02T22:51:07.8887001Z   name: breadth-pullback-reclaim-v16-breadth-development
2026-10-02T22:51:07.8887290Z   path: frozen-breadth
2026-10-02T22:51:07.8887485Z   merge-multiple: false
2026-10-02T22:51:07.8887887Z   repository: duuu-hub/bb-scanner
2026-10-02T22:51:07.8888103Z   run-id: 37074366568
2026-10-02T22:51:07.8888279Z env:
2026-10-02T22:51:07.8890268Z   GH_TOKEN: ***
2026-10-02T22:51:07.8890515Z   pythonLocation: /opt/hostedtoolcache/Python/3.12.14/x64
2026-10-02T22:51:07.8890867Z   PKG_CONFIG_PATH: /opt/hostedtoolcache/Python/3.12.14/x64/lib/pkgconfig
2026-10-02T22:51:07.8891218Z   Python_ROOT_DIR: /opt/hostedtoolcache/Python/3.12.14/x64
2026-10-02T22:51:07.8891535Z   Python2_ROOT_DIR: /opt/hostedtoolcache/Python/3.12.14/x64
2026-10-02T22:51:07.8891834Z   Python3_ROOT_DIR: /opt/hostedtoolcache/Python/3.12.14/x64
2026-10-02T22:51:07.8892180Z   LD_LIBRARY_PATH: /opt/hostedtoolcache/Python/3.12.14/x64/lib
2026-10-02T22:51:07.8892442Z ##[endgroup]
2026-10-02T22:51:08.0038415Z Downloading single artifact
2026-10-02T22:51:08.0179179Z (node:2204) [DEP0040] DeprecationWarning: The `punycode` module is deprecated. Please use a userland alternative instead.
2026-10-02T22:51:08.0180091Z (Use `node --trace-deprecation ...` to show where the warning was created)
2026-10-02T22:51:08.1150978Z Preparing to download the following artifacts:
2026-10-02T22:51:08.1152048Z - breadth-pullback-reclaim-v16-breadth-development (ID: 11255659544, Size: 711496, Expected Digest: sha256:cda99dcac900f17f14d6e9180855285669fec62a9a3d4c8fbfe531296a95f0e2)
2026-10-02T22:51:08.2388804Z Redirecting to blob download url: https://productionresultssa3.blob.core.windows.net/actions-results/94ef6dda-632c-8820-be7d-306cc5118a36/workflow-job-run-9006ff4f-ccb2-5a37-8a20-1732fd2244b6/artifacts/46016c83f27f00eefcaeb97be973e2f429aba20d42ba533287b521573b5cca34.zip
2026-10-02T22:51:08.2390613Z Starting download of artifact to: /home/runner/work/bb-scanner/bb-scanner/frozen-breadth
2026-10-02T22:51:08.2863874Z (node:2204) [DEP0005] DeprecationWarning: Buffer() is deprecated due to security and usability issues. Please use the Buffer.alloc(), Buffer.allocUnsafe(), or Buffer.from() methods instead.
2026-10-02T22:51:08.2965285Z SHA256 digest of downloaded artifact is cda99dcac900f17f14d6e9180855285669fec62a9a3d4c8fbfe531296a95f0e2
2026-10-02T22:51:08.2966023Z Artifact download completed successfully.
2026-10-02T22:51:08.2966438Z Total of 1 artifact(s) downloaded
2026-10-02T22:51:08.2970764Z Download artifact has finished successfully
2026-10-02T22:51:08.3088276Z ##[group]Run actions/cache@v4
2026-10-02T22:51:08.3088524Z with:
2026-10-02T22:51:08.3088704Z   path: cache/verified-1m
2026-10-02T22:51:08.3088963Z   key: breadth-pullback-reclaim-v16-dev-1m-shard-7
2026-10-02T22:51:08.3089354Z   restore-keys: premium-absorption-v8-dev-1m-shard-7
factor-lag-v6-dev-1m-shard-7
2026-10-02T22:51:08.3089723Z   enableCrossOsArchive: false
2026-10-02T22:51:08.3089936Z   fail-on-cache-miss: false
2026-10-02T22:51:08.3090134Z   lookup-only: false
2026-10-02T22:51:08.3090335Z   save-always: false
2026-10-02T22:51:08.3090507Z env:
2026-10-02T22:51:08.3092663Z   GH_TOKEN: ***
2026-10-02T22:51:08.3092914Z   pythonLocation: /opt/hostedtoolcache/Python/3.12.14/x64
2026-10-02T22:51:08.3093277Z   PKG_CONFIG_PATH: /opt/hostedtoolcache/Python/3.12.14/x64/lib/pkgconfig
2026-10-02T22:51:08.3093617Z   Python_ROOT_DIR: /opt/hostedtoolcache/Python/3.12.14/x64
2026-10-02T22:51:08.3093921Z   Python2_ROOT_DIR: /opt/hostedtoolcache/Python/3.12.14/x64
2026-10-02T22:51:08.3094257Z   Python3_ROOT_DIR: /opt/hostedtoolcache/Python/3.12.14/x64
2026-10-02T22:51:08.3094564Z   LD_LIBRARY_PATH: /opt/hostedtoolcache/Python/3.12.14/x64/lib
2026-10-02T22:51:08.3094820Z ##[endgroup]
2026-10-02T22:51:08.3908124Z (node:2216) [DEP0040] DeprecationWarning: The `punycode` module is deprecated. Please use a userland alternative instead.
2026-10-02T22:51:08.3908971Z (Use `node --trace-deprecation ...` to show where the warning was created)
2026-10-02T22:51:08.4429884Z Cache not found for input keys: breadth-pullback-reclaim-v16-dev-1m-shard-7, premium-absorption-v8-dev-1m-shard-7, factor-lag-v6-dev-1m-shard-7
2026-10-02T22:51:08.4510699Z ##[group]Run set -euo pipefail
2026-10-02T22:51:08.4511117Z [36;1mset -euo pipefail[0m
2026-10-02T22:51:08.4512227Z [36;1mpython scripts/breadth_pullback_reclaim_v16.py scan --stage DEV --data data --btc btc/BTCUSDT.csv.gz --breadth-dir frozen-breadth --source-check dev-7/source_check.json --out dev-7 --minute-cache cache/verified-1m[0m
2026-10-02T22:51:08.4590665Z shell: /usr/bin/bash --noprofile --norc -e -o pipefail {0}
2026-10-02T22:51:08.4591117Z env:
2026-10-02T22:51:08.4594594Z   GH_TOKEN: ***
2026-10-02T22:51:08.4595009Z   pythonLocation: /opt/hostedtoolcache/Python/3.12.14/x64
2026-10-02T22:51:08.4595599Z   PKG_CONFIG_PATH: /opt/hostedtoolcache/Python/3.12.14/x64/lib/pkgconfig
2026-10-02T22:51:08.4596186Z   Python_ROOT_DIR: /opt/hostedtoolcache/Python/3.12.14/x64
2026-10-02T22:51:08.4596713Z   Python2_ROOT_DIR: /opt/hostedtoolcache/Python/3.12.14/x64
2026-10-02T22:51:08.4597232Z   Python3_ROOT_DIR: /opt/hostedtoolcache/Python/3.12.14/x64
2026-10-02T22:51:08.4598019Z   LD_LIBRARY_PATH: /opt/hostedtoolcache/Python/3.12.14/x64/lib
2026-10-02T22:51:08.4598459Z ##[endgroup]
2026-10-02T22:51:11.8572238Z V16_BREADTH_RECOVERY_SCAN DEV 8 / 107 parameterized_outcomes 426
2026-10-02T22:51:23.6060071Z V16_BREADTH_RECOVERY_SCAN DEV 24 / 107 parameterized_outcomes 3078
2026-10-02T22:51:36.7484089Z V16_BREADTH_RECOVERY_SCAN DEV 40 / 107 parameterized_outcomes 5064
2026-10-02T22:51:37.5058194Z V16_BREADTH_RECOVERY_SCAN DEV 48 / 107 parameterized_outcomes 5304
2026-10-02T22:51:45.1643522Z V16_BREADTH_RECOVERY_SCAN DEV 56 / 107 parameterized_outcomes 7236
2026-10-02T22:51:47.7508601Z V16_BREADTH_RECOVERY_SCAN DEV 80 / 107 parameterized_outcomes 8088
2026-10-02T22:51:48.4984127Z V16_BREADTH_RECOVERY_SCAN DEV 88 / 107 parameterized_outcomes 8088
2026-10-02T22:52:01.7670304Z V16_BREADTH_RECOVERY_SCAN DEV 104 / 107 parameterized_outcomes 11010
2026-10-02T22:52:02.4422804Z V16_BREADTH_RECOVERY_SCAN_DONE DEV 11010 chronology_exclusions 0
2026-10-02T22:52:02.4997088Z ##[group]Run actions/upload-artifact@v4
2026-10-02T22:52:02.4997351Z with:
2026-10-02T22:52:02.4997553Z   name: breadth-pullback-reclaim-v16-dev-7
2026-10-02T22:52:02.4998397Z   path: dev-7/
2026-10-02T22:52:02.4998587Z   retention-days: 30
2026-10-02T22:52:02.4998776Z   compression-level: 0
2026-10-02T22:52:02.4998969Z   if-no-files-found: warn
2026-10-02T22:52:02.4999175Z   overwrite: false
2026-10-02T22:52:02.4999364Z   include-hidden-files: false
2026-10-02T22:52:02.4999569Z env:
2026-10-02T22:52:02.5001593Z   GH_TOKEN: ***
2026-10-02T22:52:02.5001856Z   pythonLocation: /opt/hostedtoolcache/Python/3.12.14/x64
2026-10-02T22:52:02.5002218Z   PKG_CONFIG_PATH: /opt/hostedtoolcache/Python/3.12.14/x64/lib/pkgconfig
2026-10-02T22:52:02.5002573Z   Python_ROOT_DIR: /opt/hostedtoolcache/Python/3.12.14/x64
2026-10-02T22:52:02.5002906Z   Python2_ROOT_DIR: /opt/hostedtoolcache/Python/3.12.14/x64
2026-10-02T22:52:02.5003207Z   Python3_ROOT_DIR: /opt/hostedtoolcache/Python/3.12.14/x64
2026-10-02T22:52:02.5003536Z   LD_LIBRARY_PATH: /opt/hostedtoolcache/Python/3.12.14/x64/lib
2026-10-02T22:52:02.5003812Z ##[endgroup]
2026-10-02T22:52:02.6274594Z (node:2244) [DEP0040] DeprecationWarning: The `punycode` module is deprecated. Please use a userland alternative instead.
2026-10-02T22:52:02.6275531Z (Use `node --trace-deprecation ...` to show where the warning was created)
2026-10-02T22:52:02.6392074Z With the provided path, there will be 60 files uploaded
2026-10-02T22:52:02.6396697Z Artifact name is valid!
2026-10-02T22:52:02.6397087Z Root directory input is valid!
2026-10-02T22:52:02.8491595Z Beginning upload of artifact content to blob storage
2026-10-02T22:52:02.9046083Z (node:2244) [DEP0169] DeprecationWarning: `url.parse()` behavior is not standardized and prone to errors that have security implications. Use the WHATWG URL API instead. CVEs are not issued for `url.parse()` vulnerabilities.
2026-10-02T22:52:03.0947734Z Uploaded bytes 8388608
2026-10-02T22:52:03.1313254Z Uploaded bytes 16777216
2026-10-02T22:52:03.1599404Z Uploaded bytes 25165824
2026-10-02T22:52:03.2114564Z Uploaded bytes 26839850
2026-10-02T22:52:03.2260779Z Finished uploading artifact content to blob storage!
2026-10-02T22:52:03.2261553Z SHA256 digest of uploaded artifact zip is a4909f3895bbe4beca6856ffe937581daa969af113cfe8eb3e1f324a62be15a0
2026-10-02T22:52:03.2263188Z Finalizing artifact upload
2026-10-02T22:52:03.4448103Z Artifact breadth-pullback-reclaim-v16-dev-7.zip successfully finalized. Artifact ID 11255784572
2026-10-02T22:52:03.4449180Z Artifact breadth-pullback-reclaim-v16-dev-7 has been successfully uploaded! Final size is 26839850 bytes. Artifact ID is 11255784572
2026-10-02T22:52:03.4454137Z Artifact download URL: https://github.com/duuu-hub/bb-scanner/actions/runs/37074366568/artifacts/11255784572
2026-10-02T22:52:03.4617862Z Post job cleanup.
2026-10-02T22:52:03.5423944Z (node:2257) [DEP0040] DeprecationWarning: The `punycode` module is deprecated. Please use a userland alternative instead.
2026-10-02T22:52:03.5424541Z (Use `node --trace-deprecation ...` to show where the warning was created)
2026-10-02T22:52:03.5561103Z [command]/usr/bin/tar --posix -cf cache.tzst --exclude cache.tzst -P -C /home/runner/work/bb-scanner/bb-scanner --files-from manifest.txt --use-compress-program zstdmt
2026-10-02T22:52:03.6783317Z (node:2257) [DEP0169] DeprecationWarning: `url.parse()` behavior is not standardized and prone to errors that have security implications. Use the WHATWG URL API instead. CVEs are not issued for `url.parse()` vulnerabilities.
2026-10-02T22:52:04.0407416Z Sent 30743914 of 30743914 (100.0%), 79.7 MBs/sec
2026-10-02T22:52:04.1249814Z Cache saved with key: breadth-pullback-reclaim-v16-dev-1m-shard-7
2026-10-02T22:52:04.1348330Z Post job cleanup.
2026-10-02T22:52:04.2216352Z Cache hit occurred on the primary key frozen-source-36095439671-15m-shard-7, not saving cache.
2026-10-02T22:52:04.2217873Z (node:2278) [DEP0040] DeprecationWarning: The `punycode` module is deprecated. Please use a userland alternative instead.
2026-10-02T22:52:04.2218824Z (Use `node --trace-deprecation ...` to show where the warning was created)
2026-10-02T22:52:04.2305546Z Post job cleanup.
2026-10-02T22:52:04.3231798Z (node:2286) [DEP0040] DeprecationWarning: The `punycode` module is deprecated. Please use a userland alternative instead.
2026-10-02T22:52:04.3232396Z (Use `node --trace-deprecation ...` to show where the warning was created)
2026-10-02T22:52:04.3394658Z Post job cleanup.
2026-10-02T22:52:04.4091112Z [command]/usr/bin/git version
2026-10-02T22:52:04.4125866Z git version 2.55.0
2026-10-02T22:52:04.4154701Z Temporarily overriding HOME='/home/runner/work/_temp/ca34cd7b-9682-4ab1-86c9-c95728ba5348' before making global git config changes
2026-10-02T22:52:04.4155861Z Adding repository directory to the temporary git global config as a safe directory
2026-10-02T22:52:04.4158627Z [command]/usr/bin/git config --global --add safe.directory /home/runner/work/bb-scanner/bb-scanner
2026-10-02T22:52:04.4190810Z [command]/usr/bin/git config --local --name-only --get-regexp core\.sshCommand
2026-10-02T22:52:04.4218327Z [command]/usr/bin/git submodule foreach --recursive sh -c "git config --local --name-only --get-regexp 'core\.sshCommand' && git config --local --unset-all 'core.sshCommand' || :"
2026-10-02T22:52:04.4423479Z [command]/usr/bin/git config --local --name-only --get-regexp http\.https\:\/\/github\.com\/\.extraheader
2026-10-02T22:52:04.4451190Z http.https://github.com/.extraheader
2026-10-02T22:52:04.4461744Z [command]/usr/bin/git config --local --unset-all http.https://github.com/.extraheader
2026-10-02T22:52:04.4493022Z [command]/usr/bin/git submodule foreach --recursive sh -c "git config --local --name-only --get-regexp 'http\.https\:\/\/github\.com\/\.extraheader' && git config --local --unset-all 'http.https://github.com/.extraheader' || :"
2026-10-02T22:52:04.4705313Z [command]/usr/bin/git config --local --name-only --get-regexp ^includeIf\.gitdir:
2026-10-02T22:52:04.4738903Z [command]/usr/bin/git submodule foreach --recursive git config --local --show-origin --name-only --get-regexp remote.origin.url
2026-10-02T22:52:04.5169285Z Cleaning up orphan processes
2026-10-02T22:52:04.5416694Z ##[warning]Node.js 20 is deprecated. The following actions target Node.js 20 but are being forced to run on Node.js 24: actions/cache@v4, actions/checkout@v4, actions/download-artifact@v4, actions/setup-python@v5, actions/upload-artifact@v4. For more information see: https://github.blog/changelog/2025-09-19-deprecation-of-node-20-on-github-actions-runners/
