2026-10-02T22:49:26.5634717Z Current runner version: '2.337.0'
2026-10-02T22:49:26.5659383Z ##[group]Runner Image Provisioner
2026-10-02T22:49:26.5660255Z Hosted Compute Agent
2026-10-02T22:49:26.5660967Z Version: 20260901.588
2026-10-02T22:49:26.5661625Z Commit: f88ec8081b781fac6c440065ac7ff9e710ce3d0b
2026-10-02T22:49:26.5662491Z Build Date: 2026-09-01T19:56:44Z
2026-10-02T22:49:26.5663196Z Worker ID: {cbe01af4-9265-4fcb-81a7-e852fe82227d}
2026-10-02T22:49:26.5663905Z Azure Region: westus
2026-10-02T22:49:26.5664547Z ##[endgroup]
2026-10-02T22:49:26.5666378Z ##[group]Operating System
2026-10-02T22:49:26.5667159Z Ubuntu
2026-10-02T22:49:26.5667721Z 24.04.5
2026-10-02T22:49:26.5668245Z LTS
2026-10-02T22:49:26.5668818Z ##[endgroup]
2026-10-02T22:49:26.5669383Z ##[group]Runner Image
2026-10-02T22:49:26.5670405Z Image: ubuntu-24.04
2026-10-02T22:49:26.5671048Z Version: 20260927.320.1
2026-10-02T22:49:26.5672352Z Included Software: https://github.com/actions/runner-images/blob/ubuntu24/20260927.320/images/ubuntu/Ubuntu2404-Readme.md
2026-10-02T22:49:26.5673935Z Image Release: https://github.com/actions/runner-images/releases/tag/ubuntu24%2F20260927.320
2026-10-02T22:49:26.5675065Z ##[endgroup]
2026-10-02T22:49:26.5676725Z ##[group]GITHUB_TOKEN Permissions
2026-10-02T22:49:26.5678961Z Actions: read
2026-10-02T22:49:26.5679625Z Contents: read
2026-10-02T22:49:26.5680245Z Metadata: read
2026-10-02T22:49:26.5680872Z ##[endgroup]
2026-10-02T22:49:26.5682902Z Secret source: Actions
2026-10-02T22:49:26.5683976Z Cache mode: write
2026-10-02T22:49:26.5684696Z Prepare workflow directory
2026-10-02T22:49:26.6268121Z Prepare all required actions
2026-10-02T22:49:26.6316407Z Getting action download info
2026-10-02T22:49:26.9926433Z Download action repository 'actions/checkout@v4' (SHA:11d5960a326750d5838078e36cf38b85af677262)
2026-10-02T22:49:27.1174417Z Download action repository 'actions/setup-python@v5' (SHA:a26af69be951a213d495a4c3e4e4022e16d87065)
2026-10-02T22:49:27.1953839Z Download action repository 'actions/cache@v4' (SHA:0057852bfaa89a56745cba8c7296529d2fc39830)
2026-10-02T22:49:27.3449051Z Download action repository 'actions/upload-artifact@v4' (SHA:ea165f8d65b6e75b540449e92b4886f43607fa02)
2026-10-02T22:49:27.5580951Z Complete job name: map_development (5)
2026-10-02T22:49:27.6296228Z ##[group]Run actions/checkout@v4
2026-10-02T22:49:27.6297184Z with:
2026-10-02T22:49:27.6297653Z   repository: duuu-hub/bb-scanner
2026-10-02T22:49:27.6301700Z   token: ***
2026-10-02T22:49:27.6302128Z   ssh-strict: true
2026-10-02T22:49:27.6302564Z   ssh-user: git
2026-10-02T22:49:27.6303009Z   persist-credentials: true
2026-10-02T22:49:27.6303490Z   clean: true
2026-10-02T22:49:27.6303934Z   sparse-checkout-cone-mode: true
2026-10-02T22:49:27.6304453Z   fetch-depth: 1
2026-10-02T22:49:27.6304879Z   fetch-tags: false
2026-10-02T22:49:27.6305317Z   show-progress: true
2026-10-02T22:49:27.6305997Z   lfs: false
2026-10-02T22:49:27.6306421Z   submodules: false
2026-10-02T22:49:27.6306868Z   set-safe-directory: true
2026-10-02T22:49:27.6307370Z   allow-unsafe-pr-checkout: false
2026-10-02T22:49:27.6308156Z env:
2026-10-02T22:49:27.6312042Z   GH_TOKEN: ***
2026-10-02T22:49:27.6312483Z ##[endgroup]
2026-10-02T22:49:27.7350526Z Syncing repository: duuu-hub/bb-scanner
2026-10-02T22:49:27.7353168Z ##[group]Getting Git version info
2026-10-02T22:49:27.7354389Z Working directory is '/home/runner/work/bb-scanner/bb-scanner'
2026-10-02T22:49:27.7356283Z [command]/usr/bin/git version
2026-10-02T22:49:27.7462811Z git version 2.55.0
2026-10-02T22:49:27.7488361Z ##[endgroup]
2026-10-02T22:49:27.7494619Z Temporarily overriding HOME='/home/runner/work/_temp/a6fd6233-79f9-42c0-aa00-8a4c7dc6e475' before making global git config changes
2026-10-02T22:49:27.7496393Z Adding repository directory to the temporary git global config as a safe directory
2026-10-02T22:49:27.7500382Z [command]/usr/bin/git config --global --add safe.directory /home/runner/work/bb-scanner/bb-scanner
2026-10-02T22:49:27.7561278Z Deleting the contents of '/home/runner/work/bb-scanner/bb-scanner'
2026-10-02T22:49:27.7565215Z ##[group]Initializing the repository
2026-10-02T22:49:27.7569539Z [command]/usr/bin/git init /home/runner/work/bb-scanner/bb-scanner
2026-10-02T22:49:27.7721464Z hint: Using 'master' as the name for the initial branch. This default branch name
2026-10-02T22:49:27.7723433Z hint: will change to "main" in Git 3.0. To configure the initial branch name
2026-10-02T22:49:27.7725122Z hint: to use in all of your new repositories, which will suppress this warning,
2026-10-02T22:49:27.7727187Z hint: call:
2026-10-02T22:49:27.7728102Z hint:
2026-10-02T22:49:27.7729109Z hint: 	git config --global init.defaultBranch <name>
2026-10-02T22:49:27.7730258Z hint:
2026-10-02T22:49:27.7731345Z hint: Names commonly chosen instead of 'master' are 'main', 'trunk' and
2026-10-02T22:49:27.7733129Z hint: 'development'. The just-created branch can be renamed via this command:
2026-10-02T22:49:27.7734519Z hint:
2026-10-02T22:49:27.7735331Z hint: 	git branch -m <name>
2026-10-02T22:49:27.7736485Z hint:
2026-10-02T22:49:27.7737794Z hint: Disable this message with "git config set advice.defaultBranchName false"
2026-10-02T22:49:27.7739829Z Initialized empty Git repository in /home/runner/work/bb-scanner/bb-scanner/.git/
2026-10-02T22:49:27.7778092Z [command]/usr/bin/git remote add origin https://github.com/duuu-hub/bb-scanner
2026-10-02T22:49:27.7792004Z ##[endgroup]
2026-10-02T22:49:27.7793367Z ##[group]Disabling automatic garbage collection
2026-10-02T22:49:27.7802569Z [command]/usr/bin/git config --local gc.auto 0
2026-10-02T22:49:27.7832958Z ##[endgroup]
2026-10-02T22:49:27.7834199Z ##[group]Setting up auth
2026-10-02T22:49:27.7840443Z [command]/usr/bin/git config --local --name-only --get-regexp core\.sshCommand
2026-10-02T22:49:27.7877546Z [command]/usr/bin/git submodule foreach --recursive sh -c "git config --local --name-only --get-regexp 'core\.sshCommand' && git config --local --unset-all 'core.sshCommand' || :"
2026-10-02T22:49:27.8306837Z [command]/usr/bin/git config --local --name-only --get-regexp http\.https\:\/\/github\.com\/\.extraheader
2026-10-02T22:49:27.8346779Z [command]/usr/bin/git submodule foreach --recursive sh -c "git config --local --name-only --get-regexp 'http\.https\:\/\/github\.com\/\.extraheader' && git config --local --unset-all 'http.https://github.com/.extraheader' || :"
2026-10-02T22:49:27.8571468Z [command]/usr/bin/git config --local --name-only --get-regexp ^includeIf\.gitdir:
2026-10-02T22:49:27.8607474Z [command]/usr/bin/git submodule foreach --recursive git config --local --show-origin --name-only --get-regexp remote.origin.url
2026-10-02T22:49:27.8829682Z [command]/usr/bin/git config --local http.https://github.com/.extraheader AUTHORIZATION: basic ***
2026-10-02T22:49:27.8870517Z ##[endgroup]
2026-10-02T22:49:27.8871960Z ##[group]Fetching the repository
2026-10-02T22:49:27.8882685Z [command]/usr/bin/git -c protocol.version=2 fetch --no-tags --prune --no-recurse-submodules --depth=1 origin +217a46b0e752800b70115eb9a63528d809242ce6:refs/remotes/origin/research-breadth-pullback-reclaim-v16
2026-10-02T22:49:29.1503939Z From https://github.com/duuu-hub/bb-scanner
2026-10-02T22:49:29.1506493Z  * [new ref]         217a46b0e752800b70115eb9a63528d809242ce6 -> origin/research-breadth-pullback-reclaim-v16
2026-10-02T22:49:29.1511317Z ##[endgroup]
2026-10-02T22:49:29.1512589Z ##[group]Determining the checkout info
2026-10-02T22:49:29.1513950Z ##[endgroup]
2026-10-02T22:49:29.1520026Z [command]/usr/bin/git sparse-checkout disable
2026-10-02T22:49:29.1576811Z [command]/usr/bin/git config --local --unset-all extensions.worktreeConfig
2026-10-02T22:49:29.1609254Z ##[group]Checking out the ref
2026-10-02T22:49:29.1615555Z [command]/usr/bin/git checkout --progress --force -B research-breadth-pullback-reclaim-v16 refs/remotes/origin/research-breadth-pullback-reclaim-v16
2026-10-02T22:49:29.3887334Z Switched to a new branch 'research-breadth-pullback-reclaim-v16'
2026-10-02T22:49:29.3895162Z branch 'research-breadth-pullback-reclaim-v16' set up to track 'origin/research-breadth-pullback-reclaim-v16'.
2026-10-02T22:49:29.3906181Z ##[endgroup]
2026-10-02T22:49:29.3954089Z [command]/usr/bin/git log -1 --format=%H
2026-10-02T22:49:29.3981710Z 217a46b0e752800b70115eb9a63528d809242ce6
2026-10-02T22:49:29.4339981Z ##[group]Run actions/setup-python@v5
2026-10-02T22:49:29.4340508Z with:
2026-10-02T22:49:29.4340894Z   python-version: 3.12
2026-10-02T22:49:29.4341308Z   check-latest: false
2026-10-02T22:49:29.4344614Z   token: ***
2026-10-02T22:49:29.4345032Z   update-environment: true
2026-10-02T22:49:29.4345466Z   allow-prereleases: false
2026-10-02T22:49:29.4346148Z   freethreaded: false
2026-10-02T22:49:29.4346545Z env:
2026-10-02T22:49:29.4349782Z   GH_TOKEN: ***
2026-10-02T22:49:29.4350167Z ##[endgroup]
2026-10-02T22:49:29.5661538Z ##[group]Installed versions
2026-10-02T22:49:29.5762329Z (node:2272) [DEP0040] DeprecationWarning: The `punycode` module is deprecated. Please use a userland alternative instead.
2026-10-02T22:49:29.5763738Z Successfully set up CPython (3.12.14)
2026-10-02T22:49:29.5764821Z ##[endgroup]
2026-10-02T22:49:29.5784176Z (Use `node --trace-deprecation ...` to show where the warning was created)
2026-10-02T22:49:29.5964346Z ##[group]Run set -euo pipefail
2026-10-02T22:49:29.5964856Z [36;1mset -euo pipefail[0m
2026-10-02T22:49:29.5965295Z [36;1mpip install pandas==2.3.3 numpy==2.3.3[0m
2026-10-02T22:49:29.6287900Z shell: /usr/bin/bash --noprofile --norc -e -o pipefail {0}
2026-10-02T22:49:29.6288568Z env:
2026-10-02T22:49:29.6293261Z   GH_TOKEN: ***
2026-10-02T22:49:29.6293770Z   pythonLocation: /opt/hostedtoolcache/Python/3.12.14/x64
2026-10-02T22:49:29.6294505Z   PKG_CONFIG_PATH: /opt/hostedtoolcache/Python/3.12.14/x64/lib/pkgconfig
2026-10-02T22:49:29.6295231Z   Python_ROOT_DIR: /opt/hostedtoolcache/Python/3.12.14/x64
2026-10-02T22:49:29.6296072Z   Python2_ROOT_DIR: /opt/hostedtoolcache/Python/3.12.14/x64
2026-10-02T22:49:29.6296742Z   Python3_ROOT_DIR: /opt/hostedtoolcache/Python/3.12.14/x64
2026-10-02T22:49:29.6297416Z   LD_LIBRARY_PATH: /opt/hostedtoolcache/Python/3.12.14/x64/lib
2026-10-02T22:49:29.6297921Z ##[endgroup]
2026-10-02T22:49:30.6805052Z Collecting pandas==2.3.3
2026-10-02T22:49:30.7259360Z   Downloading pandas-2.3.3-cp312-cp312-manylinux_2_24_x86_64.manylinux_2_28_x86_64.whl.metadata (91 kB)
2026-10-02T22:49:30.9658775Z Collecting numpy==2.3.3
2026-10-02T22:49:30.9714993Z   Downloading numpy-2.3.3-cp312-cp312-manylinux_2_27_x86_64.manylinux_2_28_x86_64.whl.metadata (62 kB)
2026-10-02T22:49:30.9953227Z Collecting python-dateutil>=2.8.2 (from pandas==2.3.3)
2026-10-02T22:49:30.9988491Z   Downloading python_dateutil-2.9.0.post0-py2.py3-none-any.whl.metadata (8.4 kB)
2026-10-02T22:49:31.0326710Z Collecting pytz>=2020.1 (from pandas==2.3.3)
2026-10-02T22:49:31.0356731Z   Downloading pytz-2026.4-py2.py3-none-any.whl.metadata (22 kB)
2026-10-02T22:49:31.0491416Z Collecting tzdata>=2022.7 (from pandas==2.3.3)
2026-10-02T22:49:31.0519408Z   Downloading tzdata-2026.4-py2.py3-none-any.whl.metadata (1.4 kB)
2026-10-02T22:49:31.0645874Z Collecting six>=1.5 (from python-dateutil>=2.8.2->pandas==2.3.3)
2026-10-02T22:49:31.0675158Z   Downloading six-1.17.0-py2.py3-none-any.whl.metadata (1.7 kB)
2026-10-02T22:49:31.0738513Z Downloading pandas-2.3.3-cp312-cp312-manylinux_2_24_x86_64.manylinux_2_28_x86_64.whl (12.4 MB)
2026-10-02T22:49:31.1173621Z    ━━━━━━━━━━━━━━━━━━━━━━━━━━━━━━━━━━━━━━━━ 12.4/12.4 MB 310.5 MB/s  0:00:00
2026-10-02T22:49:31.1268987Z Downloading numpy-2.3.3-cp312-cp312-manylinux_2_27_x86_64.manylinux_2_28_x86_64.whl (16.6 MB)
2026-10-02T22:49:31.2401079Z    ━━━━━━━━━━━━━━━━━━━━━━━━━━━━━━━━━━━━━━━━ 16.6/16.6 MB 148.4 MB/s  0:00:00
2026-10-02T22:49:31.2434630Z Downloading python_dateutil-2.9.0.post0-py2.py3-none-any.whl (229 kB)
2026-10-02T22:49:31.2491708Z Downloading pytz-2026.4-py2.py3-none-any.whl (506 kB)
2026-10-02T22:49:31.2555721Z Downloading six-1.17.0-py2.py3-none-any.whl (11 kB)
2026-10-02T22:49:31.2602785Z Downloading tzdata-2026.4-py2.py3-none-any.whl (347 kB)
2026-10-02T22:49:31.4246790Z Installing collected packages: pytz, tzdata, six, numpy, python-dateutil, pandas
2026-10-02T22:49:38.4325538Z 
2026-10-02T22:49:38.4341976Z Successfully installed numpy-2.3.3 pandas-2.3.3 python-dateutil-2.9.0.post0 pytz-2026.4 six-1.17.0 tzdata-2026.4
2026-10-02T22:49:38.5042021Z ##[group]Run actions/cache@v4
2026-10-02T22:49:38.5042323Z with:
2026-10-02T22:49:38.5042521Z   path: data
2026-10-02T22:49:38.5042765Z   key: frozen-source-36095439671-15m-shard-5
2026-10-02T22:49:38.5043083Z   enableCrossOsArchive: false
2026-10-02T22:49:38.5043345Z   fail-on-cache-miss: false
2026-10-02T22:49:38.5043612Z   lookup-only: false
2026-10-02T22:49:38.5043837Z   save-always: false
2026-10-02T22:49:38.5044062Z env:
2026-10-02T22:49:38.5047526Z   GH_TOKEN: ***
2026-10-02T22:49:38.5047843Z   pythonLocation: /opt/hostedtoolcache/Python/3.12.14/x64
2026-10-02T22:49:38.5048292Z   PKG_CONFIG_PATH: /opt/hostedtoolcache/Python/3.12.14/x64/lib/pkgconfig
2026-10-02T22:49:38.5048724Z   Python_ROOT_DIR: /opt/hostedtoolcache/Python/3.12.14/x64
2026-10-02T22:49:38.5049133Z   Python2_ROOT_DIR: /opt/hostedtoolcache/Python/3.12.14/x64
2026-10-02T22:49:38.5049533Z   Python3_ROOT_DIR: /opt/hostedtoolcache/Python/3.12.14/x64
2026-10-02T22:49:38.5049967Z   LD_LIBRARY_PATH: /opt/hostedtoolcache/Python/3.12.14/x64/lib
2026-10-02T22:49:38.5050295Z ##[endgroup]
2026-10-02T22:49:38.6095371Z (node:2312) [DEP0040] DeprecationWarning: The `punycode` module is deprecated. Please use a userland alternative instead.
2026-10-02T22:49:38.6097040Z (Use `node --trace-deprecation ...` to show where the warning was created)
2026-10-02T22:49:38.8526038Z Cache not found for input keys: frozen-source-36095439671-15m-shard-5
2026-10-02T22:49:38.8613374Z ##[group]Run set -euo pipefail
2026-10-02T22:49:38.8613708Z [36;1mset -euo pipefail[0m
2026-10-02T22:49:38.8613960Z [36;1mif [ '' != 'true' ]; then[0m
2026-10-02T22:49:38.8614475Z [36;1m  gh run download 36095439671 -R duuu-hub/bb-scanner -n rank5-binance-um-15m-5y-data-shard-5 -D data[0m
2026-10-02T22:49:38.8614985Z [36;1mfi[0m
2026-10-02T22:49:38.8615335Z [36;1mgh run download 36858492497 -R duuu-hub/bb-scanner -n day-edge-v2-btc -D btc[0m
2026-10-02T22:49:38.8616648Z [36;1mgh run download 36095439671 -R duuu-hub/bb-scanner -n rank5-binance-um-15m-5y-manifest-shard-5 -D source-manifest[0m
2026-10-02T22:49:38.8618118Z [36;1mpython scripts/research_evidence_archive.py verify-source --data data --manifests source-manifest --baseline research/breadth-pullback-reclaim-v16/FROZEN_INPUT_HASHES.json --out map-development-5/source_check.json[0m
2026-10-02T22:49:38.8685116Z shell: /usr/bin/bash --noprofile --norc -e -o pipefail {0}
2026-10-02T22:49:38.8685467Z env:
2026-10-02T22:49:38.8688729Z   GH_TOKEN: ***
2026-10-02T22:49:38.8689033Z   pythonLocation: /opt/hostedtoolcache/Python/3.12.14/x64
2026-10-02T22:49:38.8689474Z   PKG_CONFIG_PATH: /opt/hostedtoolcache/Python/3.12.14/x64/lib/pkgconfig
2026-10-02T22:49:38.8689926Z   Python_ROOT_DIR: /opt/hostedtoolcache/Python/3.12.14/x64
2026-10-02T22:49:38.8690311Z   Python2_ROOT_DIR: /opt/hostedtoolcache/Python/3.12.14/x64
2026-10-02T22:49:38.8690691Z   Python3_ROOT_DIR: /opt/hostedtoolcache/Python/3.12.14/x64
2026-10-02T22:49:38.8691082Z   LD_LIBRARY_PATH: /opt/hostedtoolcache/Python/3.12.14/x64/lib
2026-10-02T22:49:38.8691408Z ##[endgroup]
2026-10-02T22:49:58.4502541Z FROZEN_SOURCE_VERIFIED 107 files 37 prior SHA256 matches
2026-10-02T22:49:58.4948558Z ##[group]Run set -euo pipefail
2026-10-02T22:49:58.4948896Z [36;1mset -euo pipefail[0m
2026-10-02T22:49:58.4949636Z [36;1mpython scripts/breadth_pullback_v16.py map --stage DEV --data data --btc btc/BTCUSDT.csv.gz --source-check map-development-5/source_check.json --out map-development-5[0m
2026-10-02T22:49:58.5015043Z shell: /usr/bin/bash --noprofile --norc -e -o pipefail {0}
2026-10-02T22:49:58.5015427Z env:
2026-10-02T22:49:58.5019262Z   GH_TOKEN: ***
2026-10-02T22:49:58.5019583Z   pythonLocation: /opt/hostedtoolcache/Python/3.12.14/x64
2026-10-02T22:49:58.5020082Z   PKG_CONFIG_PATH: /opt/hostedtoolcache/Python/3.12.14/x64/lib/pkgconfig
2026-10-02T22:49:58.5020570Z   Python_ROOT_DIR: /opt/hostedtoolcache/Python/3.12.14/x64
2026-10-02T22:49:58.5021238Z   Python2_ROOT_DIR: /opt/hostedtoolcache/Python/3.12.14/x64
2026-10-02T22:49:58.5021669Z   Python3_ROOT_DIR: /opt/hostedtoolcache/Python/3.12.14/x64
2026-10-02T22:49:58.5022139Z   LD_LIBRARY_PATH: /opt/hostedtoolcache/Python/3.12.14/x64/lib
2026-10-02T22:49:58.5022506Z ##[endgroup]
2026-10-02T22:50:06.9622569Z V16_BREADTH_MAP DEV 48 / 107
2026-10-02T22:50:12.0967744Z V16_BREADTH_MAP DEV 80 / 107
2026-10-02T22:50:16.7024747Z V16_BREADTH_MAP_DONE DEV shard 5 sources 107 rows 81793
2026-10-02T22:50:16.7550709Z ##[group]Run actions/upload-artifact@v4
2026-10-02T22:50:16.7551018Z with:
2026-10-02T22:50:16.7551298Z   name: breadth-pullback-reclaim-v16-map-development-5
2026-10-02T22:50:16.7551653Z   path: map-development-5/
2026-10-02T22:50:16.7551895Z   retention-days: 30
2026-10-02T22:50:16.7552113Z   compression-level: 0
2026-10-02T22:50:16.7552345Z   if-no-files-found: warn
2026-10-02T22:50:16.7552575Z   overwrite: false
2026-10-02T22:50:16.7552789Z   include-hidden-files: false
2026-10-02T22:50:16.7553032Z env:
2026-10-02T22:50:16.7556412Z   GH_TOKEN: ***
2026-10-02T22:50:16.7556721Z   pythonLocation: /opt/hostedtoolcache/Python/3.12.14/x64
2026-10-02T22:50:16.7557167Z   PKG_CONFIG_PATH: /opt/hostedtoolcache/Python/3.12.14/x64/lib/pkgconfig
2026-10-02T22:50:16.7557598Z   Python_ROOT_DIR: /opt/hostedtoolcache/Python/3.12.14/x64
2026-10-02T22:50:16.7557982Z   Python2_ROOT_DIR: /opt/hostedtoolcache/Python/3.12.14/x64
2026-10-02T22:50:16.7577568Z   Python3_ROOT_DIR: /opt/hostedtoolcache/Python/3.12.14/x64
2026-10-02T22:50:16.7578277Z   LD_LIBRARY_PATH: /opt/hostedtoolcache/Python/3.12.14/x64/lib
2026-10-02T22:50:16.7578819Z ##[endgroup]
2026-10-02T22:50:16.9201413Z (node:2391) [DEP0040] DeprecationWarning: The `punycode` module is deprecated. Please use a userland alternative instead.
2026-10-02T22:50:16.9202315Z (Use `node --trace-deprecation ...` to show where the warning was created)
2026-10-02T22:50:16.9268982Z With the provided path, there will be 4 files uploaded
2026-10-02T22:50:16.9273170Z Artifact name is valid!
2026-10-02T22:50:16.9274297Z Root directory input is valid!
2026-10-02T22:50:17.3411153Z Beginning upload of artifact content to blob storage
2026-10-02T22:50:17.3712570Z (node:2391) [DEP0169] DeprecationWarning: `url.parse()` behavior is not standardized and prone to errors that have security implications. Use the WHATWG URL API instead. CVEs are not issued for `url.parse()` vulnerabilities.
2026-10-02T22:50:17.9893993Z Uploaded bytes 510439
2026-10-02T22:50:18.0705530Z Finished uploading artifact content to blob storage!
2026-10-02T22:50:18.0707383Z SHA256 digest of uploaded artifact zip is 8c9c426adcef4736944cfbdbd04ae36c89151a354b2b5c15f888305b6428d84e
2026-10-02T22:50:18.0708976Z Finalizing artifact upload
2026-10-02T22:50:18.3478301Z Artifact breadth-pullback-reclaim-v16-map-development-5.zip successfully finalized. Artifact ID 11255464757
2026-10-02T22:50:18.3479870Z Artifact breadth-pullback-reclaim-v16-map-development-5 has been successfully uploaded! Final size is 510439 bytes. Artifact ID is 11255464757
2026-10-02T22:50:18.3486945Z Artifact download URL: https://github.com/duuu-hub/bb-scanner/actions/runs/37074366568/artifacts/11255464757
2026-10-02T22:50:18.3649155Z Post job cleanup.
2026-10-02T22:50:18.4696287Z (node:2404) [DEP0040] DeprecationWarning: The `punycode` module is deprecated. Please use a userland alternative instead.
2026-10-02T22:50:18.4697682Z (Use `node --trace-deprecation ...` to show where the warning was created)
2026-10-02T22:50:18.4883957Z [command]/usr/bin/tar --posix -cf cache.tzst --exclude cache.tzst -P -C /home/runner/work/bb-scanner/bb-scanner --files-from manifest.txt --use-compress-program zstdmt
2026-10-02T22:50:19.1103415Z (node:2404) [DEP0169] DeprecationWarning: `url.parse()` behavior is not standardized and prone to errors that have security implications. Use the WHATWG URL API instead. CVEs are not issued for `url.parse()` vulnerabilities.
2026-10-02T22:50:20.0969822Z Sent 0 of 252769247 (0.0%), 0.0 MBs/sec
2026-10-02T22:50:21.0978780Z Sent 185660383 of 252769247 (73.5%), 88.5 MBs/sec
2026-10-02T22:50:21.3015639Z Sent 252769247 of 252769247 (100.0%), 109.4 MBs/sec
2026-10-02T22:50:21.4480389Z Cache saved with key: frozen-source-36095439671-15m-shard-5
2026-10-02T22:50:21.4647956Z Post job cleanup.
2026-10-02T22:50:21.5847363Z (node:2424) [DEP0040] DeprecationWarning: The `punycode` module is deprecated. Please use a userland alternative instead.
2026-10-02T22:50:21.5848490Z (Use `node --trace-deprecation ...` to show where the warning was created)
2026-10-02T22:50:21.6022457Z Post job cleanup.
2026-10-02T22:50:21.6905430Z [command]/usr/bin/git version
2026-10-02T22:50:21.6949626Z git version 2.55.0
2026-10-02T22:50:21.6989067Z Temporarily overriding HOME='/home/runner/work/_temp/04945c91-09ec-4fba-a603-713561f34aea' before making global git config changes
2026-10-02T22:50:21.6990513Z Adding repository directory to the temporary git global config as a safe directory
2026-10-02T22:50:21.6994325Z [command]/usr/bin/git config --global --add safe.directory /home/runner/work/bb-scanner/bb-scanner
2026-10-02T22:50:21.7035733Z [command]/usr/bin/git config --local --name-only --get-regexp core\.sshCommand
2026-10-02T22:50:21.7079920Z [command]/usr/bin/git submodule foreach --recursive sh -c "git config --local --name-only --get-regexp 'core\.sshCommand' && git config --local --unset-all 'core.sshCommand' || :"
2026-10-02T22:50:21.7328582Z [command]/usr/bin/git config --local --name-only --get-regexp http\.https\:\/\/github\.com\/\.extraheader
2026-10-02T22:50:21.7363016Z http.https://github.com/.extraheader
2026-10-02T22:50:21.7377589Z [command]/usr/bin/git config --local --unset-all http.https://github.com/.extraheader
2026-10-02T22:50:21.7413290Z [command]/usr/bin/git submodule foreach --recursive sh -c "git config --local --name-only --get-regexp 'http\.https\:\/\/github\.com\/\.extraheader' && git config --local --unset-all 'http.https://github.com/.extraheader' || :"
2026-10-02T22:50:21.7674223Z [command]/usr/bin/git config --local --name-only --get-regexp ^includeIf\.gitdir:
2026-10-02T22:50:21.7704597Z [command]/usr/bin/git submodule foreach --recursive git config --local --show-origin --name-only --get-regexp remote.origin.url
2026-10-02T22:50:21.8141547Z Cleaning up orphan processes
2026-10-02T22:50:21.8562558Z ##[warning]Node.js 20 is deprecated. The following actions target Node.js 20 but are being forced to run on Node.js 24: actions/cache@v4, actions/checkout@v4, actions/setup-python@v5, actions/upload-artifact@v4. For more information see: https://github.blog/changelog/2025-09-19-deprecation-of-node-20-on-github-actions-runners/
