2026-10-02T22:50:52.0803061Z Current runner version: '2.337.0'
2026-10-02T22:50:52.0821604Z ##[group]Runner Image Provisioner
2026-10-02T22:50:52.0822307Z Hosted Compute Agent
2026-10-02T22:50:52.0822977Z Version: 20260901.588
2026-10-02T22:50:52.0823568Z Commit: f88ec8081b781fac6c440065ac7ff9e710ce3d0b
2026-10-02T22:50:52.0824210Z Build Date: 2026-09-01T19:56:44Z
2026-10-02T22:50:52.0824768Z Worker ID: {ff64d13d-989b-4336-8034-13de37a96a55}
2026-10-02T22:50:52.0825331Z Azure Region: centralus
2026-10-02T22:50:52.0825794Z ##[endgroup]
2026-10-02T22:50:52.0826993Z ##[group]Operating System
2026-10-02T22:50:52.0827553Z Ubuntu
2026-10-02T22:50:52.0828275Z 24.04.5
2026-10-02T22:50:52.0828760Z LTS
2026-10-02T22:50:52.0829173Z ##[endgroup]
2026-10-02T22:50:52.0829616Z ##[group]Runner Image
2026-10-02T22:50:52.0830159Z Image: ubuntu-24.04
2026-10-02T22:50:52.0830596Z Version: 20260927.320.1
2026-10-02T22:50:52.0831614Z Included Software: https://github.com/actions/runner-images/blob/ubuntu24/20260927.320/images/ubuntu/Ubuntu2404-Readme.md
2026-10-02T22:50:52.0833063Z Image Release: https://github.com/actions/runner-images/releases/tag/ubuntu24%2F20260927.320
2026-10-02T22:50:52.0833824Z ##[endgroup]
2026-10-02T22:50:52.0834785Z ##[group]GITHUB_TOKEN Permissions
2026-10-02T22:50:52.0836809Z Actions: read
2026-10-02T22:50:52.0837250Z Contents: read
2026-10-02T22:50:52.0837767Z Metadata: read
2026-10-02T22:50:52.0838216Z ##[endgroup]
2026-10-02T22:50:52.0839915Z Secret source: Actions
2026-10-02T22:50:52.0840671Z Cache mode: write
2026-10-02T22:50:52.0841253Z Prepare workflow directory
2026-10-02T22:50:52.1173832Z Prepare all required actions
2026-10-02T22:50:52.1217425Z Getting action download info
2026-10-02T22:50:52.3960406Z Download action repository 'actions/checkout@v4' (SHA:11d5960a326750d5838078e36cf38b85af677262)
2026-10-02T22:50:52.6072171Z Download action repository 'actions/setup-python@v5' (SHA:a26af69be951a213d495a4c3e4e4022e16d87065)
2026-10-02T22:50:52.7383131Z Download action repository 'actions/cache@v4' (SHA:0057852bfaa89a56745cba8c7296529d2fc39830)
2026-10-02T22:50:53.0096811Z Download action repository 'actions/download-artifact@v4' (SHA:d3f86a106a0bac45b974a628896c90dbdf5c8093)
2026-10-02T22:50:53.5644808Z Download action repository 'actions/upload-artifact@v4' (SHA:ea165f8d65b6e75b540449e92b4886f43607fa02)
2026-10-02T22:50:53.9703214Z Complete job name: development (2)
2026-10-02T22:50:54.0270172Z ##[group]Run actions/checkout@v4
2026-10-02T22:50:54.0271040Z with:
2026-10-02T22:50:54.0271714Z   repository: duuu-hub/bb-scanner
2026-10-02T22:50:54.0277470Z   token: ***
2026-10-02T22:50:54.0278155Z   ssh-strict: true
2026-10-02T22:50:54.0278770Z   ssh-user: git
2026-10-02T22:50:54.0279386Z   persist-credentials: true
2026-10-02T22:50:54.0280159Z   clean: true
2026-10-02T22:50:54.0280803Z   sparse-checkout-cone-mode: true
2026-10-02T22:50:54.0281528Z   fetch-depth: 1
2026-10-02T22:50:54.0282142Z   fetch-tags: false
2026-10-02T22:50:54.0282854Z   show-progress: true
2026-10-02T22:50:54.0283512Z   lfs: false
2026-10-02T22:50:54.0284147Z   submodules: false
2026-10-02T22:50:54.0284794Z   set-safe-directory: true
2026-10-02T22:50:54.0285532Z   allow-unsafe-pr-checkout: false
2026-10-02T22:50:54.0286402Z env:
2026-10-02T22:50:54.0291628Z   GH_TOKEN: ***
2026-10-02T22:50:54.0292230Z ##[endgroup]
2026-10-02T22:50:54.1039586Z Syncing repository: duuu-hub/bb-scanner
2026-10-02T22:50:54.1042353Z ##[group]Getting Git version info
2026-10-02T22:50:54.1043668Z Working directory is '/home/runner/work/bb-scanner/bb-scanner'
2026-10-02T22:50:54.1045198Z [command]/usr/bin/git version
2026-10-02T22:50:54.2593958Z git version 2.55.0
2026-10-02T22:50:54.2607937Z ##[endgroup]
2026-10-02T22:50:54.2618974Z Temporarily overriding HOME='/home/runner/work/_temp/907cbc2b-128c-4272-aa31-ff58cb0d20e8' before making global git config changes
2026-10-02T22:50:54.2621140Z Adding repository directory to the temporary git global config as a safe directory
2026-10-02T22:50:54.2623101Z [command]/usr/bin/git config --global --add safe.directory /home/runner/work/bb-scanner/bb-scanner
2026-10-02T22:50:54.2663328Z Deleting the contents of '/home/runner/work/bb-scanner/bb-scanner'
2026-10-02T22:50:54.2666104Z ##[group]Initializing the repository
2026-10-02T22:50:54.2669025Z [command]/usr/bin/git init /home/runner/work/bb-scanner/bb-scanner
2026-10-02T22:50:54.2757711Z hint: Using 'master' as the name for the initial branch. This default branch name
2026-10-02T22:50:54.2759703Z hint: will change to "main" in Git 3.0. To configure the initial branch name
2026-10-02T22:50:54.2761477Z hint: to use in all of your new repositories, which will suppress this warning,
2026-10-02T22:50:54.2763027Z hint: call:
2026-10-02T22:50:54.2764620Z hint:
2026-10-02T22:50:54.2765693Z hint: 	git config --global init.defaultBranch <name>
2026-10-02T22:50:54.2766758Z hint:
2026-10-02T22:50:54.2767722Z hint: Names commonly chosen instead of 'master' are 'main', 'trunk' and
2026-10-02T22:50:54.2769427Z hint: 'development'. The just-created branch can be renamed via this command:
2026-10-02T22:50:54.2770872Z hint:
2026-10-02T22:50:54.2771551Z hint: 	git branch -m <name>
2026-10-02T22:50:54.2772200Z hint:
2026-10-02T22:50:54.2773256Z hint: Disable this message with "git config set advice.defaultBranchName false"
2026-10-02T22:50:54.2774911Z Initialized empty Git repository in /home/runner/work/bb-scanner/bb-scanner/.git/
2026-10-02T22:50:54.2777592Z [command]/usr/bin/git remote add origin https://github.com/duuu-hub/bb-scanner
2026-10-02T22:50:54.2807690Z ##[endgroup]
2026-10-02T22:50:54.2809101Z ##[group]Disabling automatic garbage collection
2026-10-02T22:50:54.2810401Z [command]/usr/bin/git config --local gc.auto 0
2026-10-02T22:50:54.3146736Z ##[endgroup]
2026-10-02T22:50:54.3148138Z ##[group]Setting up auth
2026-10-02T22:50:54.3152092Z [command]/usr/bin/git config --local --name-only --get-regexp core\.sshCommand
2026-10-02T22:50:54.3174441Z [command]/usr/bin/git submodule foreach --recursive sh -c "git config --local --name-only --get-regexp 'core\.sshCommand' && git config --local --unset-all 'core.sshCommand' || :"
2026-10-02T22:50:54.4839040Z [command]/usr/bin/git config --local --name-only --get-regexp http\.https\:\/\/github\.com\/\.extraheader
2026-10-02T22:50:54.4866039Z [command]/usr/bin/git submodule foreach --recursive sh -c "git config --local --name-only --get-regexp 'http\.https\:\/\/github\.com\/\.extraheader' && git config --local --unset-all 'http.https://github.com/.extraheader' || :"
2026-10-02T22:50:54.5009445Z [command]/usr/bin/git config --local --name-only --get-regexp ^includeIf\.gitdir:
2026-10-02T22:50:54.5032525Z [command]/usr/bin/git submodule foreach --recursive git config --local --show-origin --name-only --get-regexp remote.origin.url
2026-10-02T22:50:54.5174681Z [command]/usr/bin/git config --local http.https://github.com/.extraheader AUTHORIZATION: basic ***
2026-10-02T22:50:54.5206783Z ##[endgroup]
2026-10-02T22:50:54.5208275Z ##[group]Fetching the repository
2026-10-02T22:50:54.5215076Z [command]/usr/bin/git -c protocol.version=2 fetch --no-tags --prune --no-recurse-submodules --depth=1 origin +217a46b0e752800b70115eb9a63528d809242ce6:refs/remotes/origin/research-breadth-pullback-reclaim-v16
2026-10-02T22:50:55.7037938Z From https://github.com/duuu-hub/bb-scanner
2026-10-02T22:50:55.7038737Z  * [new ref]         217a46b0e752800b70115eb9a63528d809242ce6 -> origin/research-breadth-pullback-reclaim-v16
2026-10-02T22:50:55.7041296Z ##[endgroup]
2026-10-02T22:50:55.7042017Z ##[group]Determining the checkout info
2026-10-02T22:50:55.7044250Z ##[endgroup]
2026-10-02T22:50:55.7049168Z [command]/usr/bin/git sparse-checkout disable
2026-10-02T22:50:55.7091936Z [command]/usr/bin/git config --local --unset-all extensions.worktreeConfig
2026-10-02T22:50:55.7115869Z ##[group]Checking out the ref
2026-10-02T22:50:55.7118261Z [command]/usr/bin/git checkout --progress --force -B research-breadth-pullback-reclaim-v16 refs/remotes/origin/research-breadth-pullback-reclaim-v16
2026-10-02T22:50:55.8894041Z Switched to a new branch 'research-breadth-pullback-reclaim-v16'
2026-10-02T22:50:55.8897962Z branch 'research-breadth-pullback-reclaim-v16' set up to track 'origin/research-breadth-pullback-reclaim-v16'.
2026-10-02T22:50:55.8902161Z ##[endgroup]
2026-10-02T22:50:55.8953381Z [command]/usr/bin/git log -1 --format=%H
2026-10-02T22:50:55.8968729Z 217a46b0e752800b70115eb9a63528d809242ce6
2026-10-02T22:50:55.9164932Z ##[group]Run actions/setup-python@v5
2026-10-02T22:50:55.9165295Z with:
2026-10-02T22:50:55.9165534Z   python-version: 3.12
2026-10-02T22:50:55.9165752Z   check-latest: false
2026-10-02T22:50:55.9167496Z   token: ***
2026-10-02T22:50:55.9167726Z   update-environment: true
2026-10-02T22:50:55.9168009Z   allow-prereleases: false
2026-10-02T22:50:55.9168261Z   freethreaded: false
2026-10-02T22:50:55.9168464Z env:
2026-10-02T22:50:55.9170125Z   GH_TOKEN: ***
2026-10-02T22:50:55.9170334Z ##[endgroup]
2026-10-02T22:50:56.0089677Z ##[group]Installed versions
2026-10-02T22:50:56.0922772Z (node:2093) [DEP0040] DeprecationWarning: The `punycode` module is deprecated. Please use a userland alternative instead.
2026-10-02T22:50:56.0923492Z (Use `node --trace-deprecation ...` to show where the warning was created)
2026-10-02T22:50:56.0924006Z Successfully set up CPython (3.12.14)
2026-10-02T22:50:56.0924633Z ##[endgroup]
2026-10-02T22:50:56.1073945Z ##[group]Run set -euo pipefail
2026-10-02T22:50:56.1074301Z [36;1mset -euo pipefail[0m
2026-10-02T22:50:56.1074589Z [36;1mpip install pandas==2.3.3 numpy==2.3.3[0m
2026-10-02T22:50:56.3114629Z shell: /usr/bin/bash --noprofile --norc -e -o pipefail {0}
2026-10-02T22:50:56.3115000Z env:
2026-10-02T22:50:56.3116909Z   GH_TOKEN: ***
2026-10-02T22:50:56.3117183Z   pythonLocation: /opt/hostedtoolcache/Python/3.12.14/x64
2026-10-02T22:50:56.3117588Z   PKG_CONFIG_PATH: /opt/hostedtoolcache/Python/3.12.14/x64/lib/pkgconfig
2026-10-02T22:50:56.3117952Z   Python_ROOT_DIR: /opt/hostedtoolcache/Python/3.12.14/x64
2026-10-02T22:50:56.3118292Z   Python2_ROOT_DIR: /opt/hostedtoolcache/Python/3.12.14/x64
2026-10-02T22:50:56.3118649Z   Python3_ROOT_DIR: /opt/hostedtoolcache/Python/3.12.14/x64
2026-10-02T22:50:56.3118986Z   LD_LIBRARY_PATH: /opt/hostedtoolcache/Python/3.12.14/x64/lib
2026-10-02T22:50:56.3119265Z ##[endgroup]
2026-10-02T22:51:00.4664730Z Collecting pandas==2.3.3
2026-10-02T22:51:00.5524727Z   Downloading pandas-2.3.3-cp312-cp312-manylinux_2_24_x86_64.manylinux_2_28_x86_64.whl.metadata (91 kB)
2026-10-02T22:51:00.8228906Z Collecting numpy==2.3.3
2026-10-02T22:51:00.8392268Z   Downloading numpy-2.3.3-cp312-cp312-manylinux_2_27_x86_64.manylinux_2_28_x86_64.whl.metadata (62 kB)
2026-10-02T22:51:00.8897404Z Collecting python-dateutil>=2.8.2 (from pandas==2.3.3)
2026-10-02T22:51:00.9021791Z   Downloading python_dateutil-2.9.0.post0-py2.py3-none-any.whl.metadata (8.4 kB)
2026-10-02T22:51:00.9920424Z Collecting pytz>=2020.1 (from pandas==2.3.3)
2026-10-02T22:51:01.0044027Z   Downloading pytz-2026.4-py2.py3-none-any.whl.metadata (22 kB)
2026-10-02T22:51:01.0532257Z Collecting tzdata>=2022.7 (from pandas==2.3.3)
2026-10-02T22:51:01.0656721Z   Downloading tzdata-2026.4-py2.py3-none-any.whl.metadata (1.4 kB)
2026-10-02T22:51:01.1536351Z Collecting six>=1.5 (from python-dateutil>=2.8.2->pandas==2.3.3)
2026-10-02T22:51:01.1660562Z   Downloading six-1.17.0-py2.py3-none-any.whl.metadata (1.7 kB)
2026-10-02T22:51:01.2377765Z Downloading pandas-2.3.3-cp312-cp312-manylinux_2_24_x86_64.manylinux_2_28_x86_64.whl (12.4 MB)
2026-10-02T22:51:01.7906613Z    ━━━━━━━━━━━━━━━━━━━━━━━━━━━━━━━━━━━━━━━━ 12.4/12.4 MB 23.4 MB/s  0:00:00
2026-10-02T22:51:01.8035865Z Downloading numpy-2.3.3-cp312-cp312-manylinux_2_27_x86_64.manylinux_2_28_x86_64.whl (16.6 MB)
2026-10-02T22:51:02.1788385Z    ━━━━━━━━━━━━━━━━━━━━━━━━━━━━━━━━━━━━━━━━ 16.6/16.6 MB 44.1 MB/s  0:00:00
2026-10-02T22:51:02.1914031Z Downloading python_dateutil-2.9.0.post0-py2.py3-none-any.whl (229 kB)
2026-10-02T22:51:02.2069682Z Downloading pytz-2026.4-py2.py3-none-any.whl (506 kB)
2026-10-02T22:51:02.2239413Z Downloading six-1.17.0-py2.py3-none-any.whl (11 kB)
2026-10-02T22:51:02.2382445Z Downloading tzdata-2026.4-py2.py3-none-any.whl (347 kB)
2026-10-02T22:51:02.3995574Z Installing collected packages: pytz, tzdata, six, numpy, python-dateutil, pandas
2026-10-02T22:51:06.7410632Z 
2026-10-02T22:51:06.7420503Z Successfully installed numpy-2.3.3 pandas-2.3.3 python-dateutil-2.9.0.post0 pytz-2026.4 six-1.17.0 tzdata-2026.4
2026-10-02T22:51:06.8069033Z ##[group]Run actions/cache@v4
2026-10-02T22:51:06.8069326Z with:
2026-10-02T22:51:06.8069569Z   path: data
2026-10-02T22:51:06.8069811Z   key: frozen-source-36095439671-15m-shard-2
2026-10-02T22:51:06.8070091Z   enableCrossOsArchive: false
2026-10-02T22:51:06.8070393Z   fail-on-cache-miss: false
2026-10-02T22:51:06.8070641Z   lookup-only: false
2026-10-02T22:51:06.8070886Z   save-always: false
2026-10-02T22:51:06.8071114Z env:
2026-10-02T22:51:06.8073352Z   GH_TOKEN: ***
2026-10-02T22:51:06.8073673Z   pythonLocation: /opt/hostedtoolcache/Python/3.12.14/x64
2026-10-02T22:51:06.8074059Z   PKG_CONFIG_PATH: /opt/hostedtoolcache/Python/3.12.14/x64/lib/pkgconfig
2026-10-02T22:51:06.8074449Z   Python_ROOT_DIR: /opt/hostedtoolcache/Python/3.12.14/x64
2026-10-02T22:51:06.8074818Z   Python2_ROOT_DIR: /opt/hostedtoolcache/Python/3.12.14/x64
2026-10-02T22:51:06.8075160Z   Python3_ROOT_DIR: /opt/hostedtoolcache/Python/3.12.14/x64
2026-10-02T22:51:06.8075628Z   LD_LIBRARY_PATH: /opt/hostedtoolcache/Python/3.12.14/x64/lib
2026-10-02T22:51:06.8075949Z ##[endgroup]
2026-10-02T22:51:06.8796000Z (node:2128) [DEP0040] DeprecationWarning: The `punycode` module is deprecated. Please use a userland alternative instead.
2026-10-02T22:51:06.8796861Z (Use `node --trace-deprecation ...` to show where the warning was created)
2026-10-02T22:51:07.1253362Z Cache hit for: frozen-source-36095439671-15m-shard-2
2026-10-02T22:51:07.1315610Z (node:2128) [DEP0169] DeprecationWarning: `url.parse()` behavior is not standardized and prone to errors that have security implications. Use the WHATWG URL API instead. CVEs are not issued for `url.parse()` vulnerabilities.
2026-10-02T22:51:08.2815339Z Received 113246208 of 248656526 (45.5%), 107.9 MBs/sec
2026-10-02T22:51:09.3006604Z Received 248656526 of 248656526 (100.0%), 117.4 MBs/sec
2026-10-02T22:51:09.3008104Z Cache Size: ~237 MB (248656526 B)
2026-10-02T22:51:09.3065923Z [command]/usr/bin/tar -xf /home/runner/work/_temp/80b0c3bc-95ba-48cd-9d1e-7f81a8207ab5/cache.tzst -P -C /home/runner/work/bb-scanner/bb-scanner --use-compress-program unzstd
2026-10-02T22:51:09.4815557Z Cache restored successfully
2026-10-02T22:51:09.4953454Z Cache restored from key: frozen-source-36095439671-15m-shard-2
2026-10-02T22:51:09.5050409Z ##[group]Run set -euo pipefail
2026-10-02T22:51:09.5050759Z [36;1mset -euo pipefail[0m
2026-10-02T22:51:09.5051006Z [36;1mif [ 'true' != 'true' ]; then[0m
2026-10-02T22:51:09.5051438Z [36;1m  gh run download 36095439671 -R duuu-hub/bb-scanner -n rank5-binance-um-15m-5y-data-shard-2 -D data[0m
2026-10-02T22:51:09.5051869Z [36;1mfi[0m
2026-10-02T22:51:09.5052172Z [36;1mgh run download 36858492497 -R duuu-hub/bb-scanner -n day-edge-v2-btc -D btc[0m
2026-10-02T22:51:09.5052938Z [36;1mgh run download 36095439671 -R duuu-hub/bb-scanner -n rank5-binance-um-15m-5y-manifest-shard-2 -D source-manifest[0m
2026-10-02T22:51:09.5053775Z [36;1mpython scripts/research_evidence_archive.py verify-source --data data --manifests source-manifest --baseline research/breadth-pullback-reclaim-v16/FROZEN_INPUT_HASHES.json --out dev-2/source_check.json[0m
2026-10-02T22:51:09.5087456Z shell: /usr/bin/bash --noprofile --norc -e -o pipefail {0}
2026-10-02T22:51:09.5087799Z env:
2026-10-02T22:51:09.5089726Z   GH_TOKEN: ***
2026-10-02T22:51:09.5090007Z   pythonLocation: /opt/hostedtoolcache/Python/3.12.14/x64
2026-10-02T22:51:09.5090374Z   PKG_CONFIG_PATH: /opt/hostedtoolcache/Python/3.12.14/x64/lib/pkgconfig
2026-10-02T22:51:09.5090764Z   Python_ROOT_DIR: /opt/hostedtoolcache/Python/3.12.14/x64
2026-10-02T22:51:09.5091098Z   Python2_ROOT_DIR: /opt/hostedtoolcache/Python/3.12.14/x64
2026-10-02T22:51:09.5091422Z   Python3_ROOT_DIR: /opt/hostedtoolcache/Python/3.12.14/x64
2026-10-02T22:51:09.5091787Z   LD_LIBRARY_PATH: /opt/hostedtoolcache/Python/3.12.14/x64/lib
2026-10-02T22:51:09.5092234Z ##[endgroup]
2026-10-02T22:51:21.1515512Z FROZEN_SOURCE_VERIFIED 107 files 31 prior SHA256 matches
2026-10-02T22:51:21.2020302Z ##[group]Run actions/download-artifact@v4
2026-10-02T22:51:21.2020587Z with:
2026-10-02T22:51:21.2020906Z   name: breadth-pullback-reclaim-v16-breadth-development
2026-10-02T22:51:21.2021252Z   path: frozen-breadth
2026-10-02T22:51:21.2021479Z   merge-multiple: false
2026-10-02T22:51:21.2021741Z   repository: duuu-hub/bb-scanner
2026-10-02T22:51:21.2022004Z   run-id: 37074366568
2026-10-02T22:51:21.2022254Z env:
2026-10-02T22:51:21.2024615Z   GH_TOKEN: ***
2026-10-02T22:51:21.2024927Z   pythonLocation: /opt/hostedtoolcache/Python/3.12.14/x64
2026-10-02T22:51:21.2025296Z   PKG_CONFIG_PATH: /opt/hostedtoolcache/Python/3.12.14/x64/lib/pkgconfig
2026-10-02T22:51:21.2025671Z   Python_ROOT_DIR: /opt/hostedtoolcache/Python/3.12.14/x64
2026-10-02T22:51:21.2026021Z   Python2_ROOT_DIR: /opt/hostedtoolcache/Python/3.12.14/x64
2026-10-02T22:51:21.2026397Z   Python3_ROOT_DIR: /opt/hostedtoolcache/Python/3.12.14/x64
2026-10-02T22:51:21.2026821Z   LD_LIBRARY_PATH: /opt/hostedtoolcache/Python/3.12.14/x64/lib
2026-10-02T22:51:21.2027134Z ##[endgroup]
2026-10-02T22:51:21.3063544Z Downloading single artifact
2026-10-02T22:51:21.3166657Z (node:2164) [DEP0040] DeprecationWarning: The `punycode` module is deprecated. Please use a userland alternative instead.
2026-10-02T22:51:21.3167194Z (Use `node --trace-deprecation ...` to show where the warning was created)
2026-10-02T22:51:21.4808685Z Preparing to download the following artifacts:
2026-10-02T22:51:21.4809488Z - breadth-pullback-reclaim-v16-breadth-development (ID: 11255659544, Size: 711496, Expected Digest: sha256:cda99dcac900f17f14d6e9180855285669fec62a9a3d4c8fbfe531296a95f0e2)
2026-10-02T22:51:21.6494830Z Redirecting to blob download url: https://productionresultssa3.blob.core.windows.net/actions-results/94ef6dda-632c-8820-be7d-306cc5118a36/workflow-job-run-9006ff4f-ccb2-5a37-8a20-1732fd2244b6/artifacts/46016c83f27f00eefcaeb97be973e2f429aba20d42ba533287b521573b5cca34.zip
2026-10-02T22:51:21.6495936Z Starting download of artifact to: /home/runner/work/bb-scanner/bb-scanner/frozen-breadth
2026-10-02T22:51:21.7968518Z (node:2164) [DEP0005] DeprecationWarning: Buffer() is deprecated due to security and usability issues. Please use the Buffer.alloc(), Buffer.allocUnsafe(), or Buffer.from() methods instead.
2026-10-02T22:51:21.9342170Z SHA256 digest of downloaded artifact is cda99dcac900f17f14d6e9180855285669fec62a9a3d4c8fbfe531296a95f0e2
2026-10-02T22:51:21.9343052Z Artifact download completed successfully.
2026-10-02T22:51:21.9343538Z Total of 1 artifact(s) downloaded
2026-10-02T22:51:21.9346976Z Download artifact has finished successfully
2026-10-02T22:51:21.9462088Z ##[group]Run actions/cache@v4
2026-10-02T22:51:21.9462509Z with:
2026-10-02T22:51:21.9463004Z   path: cache/verified-1m
2026-10-02T22:51:21.9463396Z   key: breadth-pullback-reclaim-v16-dev-1m-shard-2
2026-10-02T22:51:21.9463992Z   restore-keys: premium-absorption-v8-dev-1m-shard-2
factor-lag-v6-dev-1m-shard-2
2026-10-02T22:51:21.9464535Z   enableCrossOsArchive: false
2026-10-02T22:51:21.9464957Z   fail-on-cache-miss: false
2026-10-02T22:51:21.9465305Z   lookup-only: false
2026-10-02T22:51:21.9465649Z   save-always: false
2026-10-02T22:51:21.9465942Z env:
2026-10-02T22:51:21.9468708Z   GH_TOKEN: ***
2026-10-02T22:51:21.9469144Z   pythonLocation: /opt/hostedtoolcache/Python/3.12.14/x64
2026-10-02T22:51:21.9469722Z   PKG_CONFIG_PATH: /opt/hostedtoolcache/Python/3.12.14/x64/lib/pkgconfig
2026-10-02T22:51:21.9470420Z   Python_ROOT_DIR: /opt/hostedtoolcache/Python/3.12.14/x64
2026-10-02T22:51:21.9470913Z   Python2_ROOT_DIR: /opt/hostedtoolcache/Python/3.12.14/x64
2026-10-02T22:51:21.9471594Z   Python3_ROOT_DIR: /opt/hostedtoolcache/Python/3.12.14/x64
2026-10-02T22:51:21.9472091Z   LD_LIBRARY_PATH: /opt/hostedtoolcache/Python/3.12.14/x64/lib
2026-10-02T22:51:21.9472516Z ##[endgroup]
2026-10-02T22:51:22.0214759Z (node:2176) [DEP0040] DeprecationWarning: The `punycode` module is deprecated. Please use a userland alternative instead.
2026-10-02T22:51:22.0215676Z (Use `node --trace-deprecation ...` to show where the warning was created)
2026-10-02T22:51:22.1571352Z Cache not found for input keys: breadth-pullback-reclaim-v16-dev-1m-shard-2, premium-absorption-v8-dev-1m-shard-2, factor-lag-v6-dev-1m-shard-2
2026-10-02T22:51:22.1647621Z ##[group]Run set -euo pipefail
2026-10-02T22:51:22.1648119Z [36;1mset -euo pipefail[0m
2026-10-02T22:51:22.1649088Z [36;1mpython scripts/breadth_pullback_reclaim_v16.py scan --stage DEV --data data --btc btc/BTCUSDT.csv.gz --breadth-dir frozen-breadth --source-check dev-2/source_check.json --out dev-2 --minute-cache cache/verified-1m[0m
2026-10-02T22:51:22.1697143Z shell: /usr/bin/bash --noprofile --norc -e -o pipefail {0}
2026-10-02T22:51:22.1697491Z env:
2026-10-02T22:51:22.1699357Z   GH_TOKEN: ***
2026-10-02T22:51:22.1699690Z   pythonLocation: /opt/hostedtoolcache/Python/3.12.14/x64
2026-10-02T22:51:22.1700061Z   PKG_CONFIG_PATH: /opt/hostedtoolcache/Python/3.12.14/x64/lib/pkgconfig
2026-10-02T22:51:22.1700485Z   Python_ROOT_DIR: /opt/hostedtoolcache/Python/3.12.14/x64
2026-10-02T22:51:22.1700824Z   Python2_ROOT_DIR: /opt/hostedtoolcache/Python/3.12.14/x64
2026-10-02T22:51:22.1701407Z   Python3_ROOT_DIR: /opt/hostedtoolcache/Python/3.12.14/x64
2026-10-02T22:51:22.1701858Z   LD_LIBRARY_PATH: /opt/hostedtoolcache/Python/3.12.14/x64/lib
2026-10-02T22:51:22.1702190Z ##[endgroup]
2026-10-02T22:51:27.1780912Z V16_BREADTH_RECOVERY_SCAN DEV 16 / 107 parameterized_outcomes 846
2026-10-02T22:51:36.2297200Z V16_BREADTH_RECOVERY_SCAN DEV 32 / 107 parameterized_outcomes 1314
2026-10-02T22:51:50.0018584Z V16_BREADTH_RECOVERY_SCAN DEV 40 / 107 parameterized_outcomes 4128
2026-10-02T22:52:19.2603876Z V16_BREADTH_RECOVERY_SCAN DEV 72 / 107 parameterized_outcomes 14384
2026-10-02T22:52:23.4211552Z V16_BREADTH_RECOVERY_SCAN DEV 88 / 107 parameterized_outcomes 14876
2026-10-02T22:52:34.9473383Z V16_BREADTH_RECOVERY_SCAN_DONE DEV 17459 chronology_exclusions 7
2026-10-02T22:52:35.0156596Z ##[group]Run actions/upload-artifact@v4
2026-10-02T22:52:35.0156932Z with:
2026-10-02T22:52:35.0157169Z   name: breadth-pullback-reclaim-v16-dev-2
2026-10-02T22:52:35.0157472Z   path: dev-2/
2026-10-02T22:52:35.0157735Z   retention-days: 30
2026-10-02T22:52:35.0158005Z   compression-level: 0
2026-10-02T22:52:35.0158285Z   if-no-files-found: warn
2026-10-02T22:52:35.0158538Z   overwrite: false
2026-10-02T22:52:35.0158790Z   include-hidden-files: false
2026-10-02T22:52:35.0159062Z env:
2026-10-02T22:52:35.0161430Z   GH_TOKEN: ***
2026-10-02T22:52:35.0161716Z   pythonLocation: /opt/hostedtoolcache/Python/3.12.14/x64
2026-10-02T22:52:35.0162119Z   PKG_CONFIG_PATH: /opt/hostedtoolcache/Python/3.12.14/x64/lib/pkgconfig
2026-10-02T22:52:35.0162526Z   Python_ROOT_DIR: /opt/hostedtoolcache/Python/3.12.14/x64
2026-10-02T22:52:35.0163112Z   Python2_ROOT_DIR: /opt/hostedtoolcache/Python/3.12.14/x64
2026-10-02T22:52:35.0163507Z   Python3_ROOT_DIR: /opt/hostedtoolcache/Python/3.12.14/x64
2026-10-02T22:52:35.0163986Z   LD_LIBRARY_PATH: /opt/hostedtoolcache/Python/3.12.14/x64/lib
2026-10-02T22:52:35.0164337Z ##[endgroup]
2026-10-02T22:52:35.1330567Z (node:2209) [DEP0040] DeprecationWarning: The `punycode` module is deprecated. Please use a userland alternative instead.
2026-10-02T22:52:35.1331372Z (Use `node --trace-deprecation ...` to show where the warning was created)
2026-10-02T22:52:35.1518832Z With the provided path, there will be 83 files uploaded
2026-10-02T22:52:35.1519724Z Artifact name is valid!
2026-10-02T22:52:35.1520167Z Root directory input is valid!
2026-10-02T22:52:35.4140183Z Beginning upload of artifact content to blob storage
2026-10-02T22:52:35.4767385Z (node:2209) [DEP0169] DeprecationWarning: `url.parse()` behavior is not standardized and prone to errors that have security implications. Use the WHATWG URL API instead. CVEs are not issued for `url.parse()` vulnerabilities.
2026-10-02T22:52:36.0049103Z Uploaded bytes 8388608
2026-10-02T22:52:36.0545564Z Uploaded bytes 16777216
2026-10-02T22:52:36.0745709Z Uploaded bytes 25165824
2026-10-02T22:52:36.0999871Z Uploaded bytes 33554432
2026-10-02T22:52:36.3423689Z Uploaded bytes 39366041
2026-10-02T22:52:36.3886175Z Finished uploading artifact content to blob storage!
2026-10-02T22:52:36.3887347Z SHA256 digest of uploaded artifact zip is dc72d4637d211bbd12b08f1712c287b25c3336727f9acc66656e4b8e68dc8efe
2026-10-02T22:52:36.3888387Z Finalizing artifact upload
2026-10-02T22:52:36.6536482Z Artifact breadth-pullback-reclaim-v16-dev-2.zip successfully finalized. Artifact ID 11256159208
2026-10-02T22:52:36.6537819Z Artifact breadth-pullback-reclaim-v16-dev-2 has been successfully uploaded! Final size is 39366041 bytes. Artifact ID is 11256159208
2026-10-02T22:52:36.6543750Z Artifact download URL: https://github.com/duuu-hub/bb-scanner/actions/runs/37074366568/artifacts/11256159208
2026-10-02T22:52:36.6692532Z Post job cleanup.
2026-10-02T22:52:36.7437726Z (node:2223) [DEP0040] DeprecationWarning: The `punycode` module is deprecated. Please use a userland alternative instead.
2026-10-02T22:52:36.7438402Z (Use `node --trace-deprecation ...` to show where the warning was created)
2026-10-02T22:52:36.7561629Z [command]/usr/bin/tar --posix -cf cache.tzst --exclude cache.tzst -P -C /home/runner/work/bb-scanner/bb-scanner --files-from manifest.txt --use-compress-program zstdmt
2026-10-02T22:52:36.9857357Z (node:2223) [DEP0169] DeprecationWarning: `url.parse()` behavior is not standardized and prone to errors that have security implications. Use the WHATWG URL API instead. CVEs are not issued for `url.parse()` vulnerabilities.
2026-10-02T22:52:37.9811712Z Sent 46892691 of 46892691 (100.0%), 44.7 MBs/sec
2026-10-02T22:52:38.1061093Z Cache saved with key: breadth-pullback-reclaim-v16-dev-1m-shard-2
2026-10-02T22:52:38.1149633Z Post job cleanup.
2026-10-02T22:52:38.1928370Z Cache hit occurred on the primary key frozen-source-36095439671-15m-shard-2, not saving cache.
2026-10-02T22:52:38.1929410Z (node:2243) [DEP0040] DeprecationWarning: The `punycode` module is deprecated. Please use a userland alternative instead.
2026-10-02T22:52:38.1930131Z (Use `node --trace-deprecation ...` to show where the warning was created)
2026-10-02T22:52:38.2005077Z Post job cleanup.
2026-10-02T22:52:38.2854327Z (node:2251) [DEP0040] DeprecationWarning: The `punycode` module is deprecated. Please use a userland alternative instead.
2026-10-02T22:52:38.2855135Z (Use `node --trace-deprecation ...` to show where the warning was created)
2026-10-02T22:52:38.2961259Z Post job cleanup.
2026-10-02T22:52:38.3595435Z [command]/usr/bin/git version
2026-10-02T22:52:38.3623400Z git version 2.55.0
2026-10-02T22:52:38.3649251Z Temporarily overriding HOME='/home/runner/work/_temp/ae7960cb-4fa7-4218-a037-11af701a14e3' before making global git config changes
2026-10-02T22:52:38.3650353Z Adding repository directory to the temporary git global config as a safe directory
2026-10-02T22:52:38.3653341Z [command]/usr/bin/git config --global --add safe.directory /home/runner/work/bb-scanner/bb-scanner
2026-10-02T22:52:38.3681055Z [command]/usr/bin/git config --local --name-only --get-regexp core\.sshCommand
2026-10-02T22:52:38.3705632Z [command]/usr/bin/git submodule foreach --recursive sh -c "git config --local --name-only --get-regexp 'core\.sshCommand' && git config --local --unset-all 'core.sshCommand' || :"
2026-10-02T22:52:38.3860395Z [command]/usr/bin/git config --local --name-only --get-regexp http\.https\:\/\/github\.com\/\.extraheader
2026-10-02T22:52:38.3879921Z http.https://github.com/.extraheader
2026-10-02T22:52:38.3887503Z [command]/usr/bin/git config --local --unset-all http.https://github.com/.extraheader
2026-10-02T22:52:38.3916472Z [command]/usr/bin/git submodule foreach --recursive sh -c "git config --local --name-only --get-regexp 'http\.https\:\/\/github\.com\/\.extraheader' && git config --local --unset-all 'http.https://github.com/.extraheader' || :"
2026-10-02T22:52:38.4083715Z [command]/usr/bin/git config --local --name-only --get-regexp ^includeIf\.gitdir:
2026-10-02T22:52:38.4106179Z [command]/usr/bin/git submodule foreach --recursive git config --local --show-origin --name-only --get-regexp remote.origin.url
2026-10-02T22:52:38.4407777Z Cleaning up orphan processes
2026-10-02T22:52:38.4690718Z ##[warning]Node.js 20 is deprecated. The following actions target Node.js 20 but are being forced to run on Node.js 24: actions/cache@v4, actions/checkout@v4, actions/download-artifact@v4, actions/setup-python@v5, actions/upload-artifact@v4. For more information see: https://github.blog/changelog/2025-09-19-deprecation-of-node-20-on-github-actions-runners/
