2026-10-02T22:49:26.8430405Z Current runner version: '2.337.0'
2026-10-02T22:49:26.8452547Z ##[group]Runner Image Provisioner
2026-10-02T22:49:26.8453280Z Hosted Compute Agent
2026-10-02T22:49:26.8453846Z Version: 20260901.588
2026-10-02T22:49:26.8454394Z Commit: f88ec8081b781fac6c440065ac7ff9e710ce3d0b
2026-10-02T22:49:26.8455076Z Build Date: 2026-09-01T19:56:44Z
2026-10-02T22:49:26.8455629Z Worker ID: {17168c0d-faa5-44d5-b964-f5c25f56a94a}
2026-10-02T22:49:26.8456183Z Azure Region: westus
2026-10-02T22:49:26.8456705Z ##[endgroup]
2026-10-02T22:49:26.8458182Z ##[group]Operating System
2026-10-02T22:49:26.8458744Z Ubuntu
2026-10-02T22:49:26.8459188Z 24.04.5
2026-10-02T22:49:26.8459608Z LTS
2026-10-02T22:49:26.8460082Z ##[endgroup]
2026-10-02T22:49:26.8460576Z ##[group]Runner Image
2026-10-02T22:49:26.8461445Z Image: ubuntu-24.04
2026-10-02T22:49:26.8461934Z Version: 20260927.320.1
2026-10-02T22:49:26.8463001Z Included Software: https://github.com/actions/runner-images/blob/ubuntu24/20260927.320/images/ubuntu/Ubuntu2404-Readme.md
2026-10-02T22:49:26.8464296Z Image Release: https://github.com/actions/runner-images/releases/tag/ubuntu24%2F20260927.320
2026-10-02T22:49:26.8465097Z ##[endgroup]
2026-10-02T22:49:26.8466030Z ##[group]GITHUB_TOKEN Permissions
2026-10-02T22:49:26.8468120Z Actions: read
2026-10-02T22:49:26.8468665Z Contents: read
2026-10-02T22:49:26.8469131Z Metadata: read
2026-10-02T22:49:26.8469634Z ##[endgroup]
2026-10-02T22:49:26.8471496Z Secret source: Actions
2026-10-02T22:49:26.8472362Z Cache mode: write
2026-10-02T22:49:26.8472930Z Prepare workflow directory
2026-10-02T22:49:26.9089105Z Prepare all required actions
2026-10-02T22:49:26.9128144Z Getting action download info
2026-10-02T22:49:27.2642918Z Download action repository 'actions/checkout@v4' (SHA:11d5960a326750d5838078e36cf38b85af677262)
2026-10-02T22:49:27.4892413Z Download action repository 'actions/setup-python@v5' (SHA:a26af69be951a213d495a4c3e4e4022e16d87065)
2026-10-02T22:49:27.6019132Z Download action repository 'actions/cache@v4' (SHA:0057852bfaa89a56745cba8c7296529d2fc39830)
2026-10-02T22:49:27.7360278Z Download action repository 'actions/upload-artifact@v4' (SHA:ea165f8d65b6e75b540449e92b4886f43607fa02)
2026-10-02T22:49:27.9587598Z Complete job name: map_development (3)
2026-10-02T22:49:28.0190987Z ##[group]Run actions/checkout@v4
2026-10-02T22:49:28.0191716Z with:
2026-10-02T22:49:28.0192093Z   repository: duuu-hub/bb-scanner
2026-10-02T22:49:28.0195989Z   token: ***
2026-10-02T22:49:28.0196351Z   ssh-strict: true
2026-10-02T22:49:28.0196719Z   ssh-user: git
2026-10-02T22:49:28.0197248Z   persist-credentials: true
2026-10-02T22:49:28.0197671Z   clean: true
2026-10-02T22:49:28.0198058Z   sparse-checkout-cone-mode: true
2026-10-02T22:49:28.0198522Z   fetch-depth: 1
2026-10-02T22:49:28.0198885Z   fetch-tags: false
2026-10-02T22:49:28.0199255Z   show-progress: true
2026-10-02T22:49:28.0199640Z   lfs: false
2026-10-02T22:49:28.0199989Z   submodules: false
2026-10-02T22:49:28.0200368Z   set-safe-directory: true
2026-10-02T22:49:28.0200798Z   allow-unsafe-pr-checkout: false
2026-10-02T22:49:28.0201460Z env:
2026-10-02T22:49:28.0205129Z   GH_TOKEN: ***
2026-10-02T22:49:28.0205489Z ##[endgroup]
2026-10-02T22:49:28.1025671Z Syncing repository: duuu-hub/bb-scanner
2026-10-02T22:49:28.1027890Z ##[group]Getting Git version info
2026-10-02T22:49:28.1028619Z Working directory is '/home/runner/work/bb-scanner/bb-scanner'
2026-10-02T22:49:28.1029565Z [command]/usr/bin/git version
2026-10-02T22:49:28.1087551Z git version 2.55.0
2026-10-02T22:49:28.1120145Z ##[endgroup]
2026-10-02T22:49:28.1127245Z Temporarily overriding HOME='/home/runner/work/_temp/9026a1e5-ee57-4060-9765-f30267ded77c' before making global git config changes
2026-10-02T22:49:28.1129329Z Adding repository directory to the temporary git global config as a safe directory
2026-10-02T22:49:28.1131181Z [command]/usr/bin/git config --global --add safe.directory /home/runner/work/bb-scanner/bb-scanner
2026-10-02T22:49:28.1174082Z Deleting the contents of '/home/runner/work/bb-scanner/bb-scanner'
2026-10-02T22:49:28.1176050Z ##[group]Initializing the repository
2026-10-02T22:49:28.1181435Z [command]/usr/bin/git init /home/runner/work/bb-scanner/bb-scanner
2026-10-02T22:49:28.1353992Z hint: Using 'master' as the name for the initial branch. This default branch name
2026-10-02T22:49:28.1355463Z hint: will change to "main" in Git 3.0. To configure the initial branch name
2026-10-02T22:49:28.1356486Z hint: to use in all of your new repositories, which will suppress this warning,
2026-10-02T22:49:28.1357439Z hint: call:
2026-10-02T22:49:28.1357783Z hint:
2026-10-02T22:49:28.1358245Z hint: 	git config --global init.defaultBranch <name>
2026-10-02T22:49:28.1358809Z hint:
2026-10-02T22:49:28.1359319Z hint: Names commonly chosen instead of 'master' are 'main', 'trunk' and
2026-10-02T22:49:28.1360230Z hint: 'development'. The just-created branch can be renamed via this command:
2026-10-02T22:49:28.1361061Z hint:
2026-10-02T22:49:28.1361497Z hint: 	git branch -m <name>
2026-10-02T22:49:28.1362053Z hint:
2026-10-02T22:49:28.1362611Z hint: Disable this message with "git config set advice.defaultBranchName false"
2026-10-02T22:49:28.1363705Z Initialized empty Git repository in /home/runner/work/bb-scanner/bb-scanner/.git/
2026-10-02T22:49:28.1365482Z [command]/usr/bin/git remote add origin https://github.com/duuu-hub/bb-scanner
2026-10-02T22:49:28.1437153Z ##[endgroup]
2026-10-02T22:49:28.1437885Z ##[group]Disabling automatic garbage collection
2026-10-02T22:49:28.1442181Z [command]/usr/bin/git config --local gc.auto 0
2026-10-02T22:49:28.1475922Z ##[endgroup]
2026-10-02T22:49:28.1476663Z ##[group]Setting up auth
2026-10-02T22:49:28.1487208Z [command]/usr/bin/git config --local --name-only --get-regexp core\.sshCommand
2026-10-02T22:49:28.1515500Z [command]/usr/bin/git submodule foreach --recursive sh -c "git config --local --name-only --get-regexp 'core\.sshCommand' && git config --local --unset-all 'core.sshCommand' || :"
2026-10-02T22:49:28.1936724Z [command]/usr/bin/git config --local --name-only --get-regexp http\.https\:\/\/github\.com\/\.extraheader
2026-10-02T22:49:28.1969822Z [command]/usr/bin/git submodule foreach --recursive sh -c "git config --local --name-only --get-regexp 'http\.https\:\/\/github\.com\/\.extraheader' && git config --local --unset-all 'http.https://github.com/.extraheader' || :"
2026-10-02T22:49:28.2164307Z [command]/usr/bin/git config --local --name-only --get-regexp ^includeIf\.gitdir:
2026-10-02T22:49:28.2196988Z [command]/usr/bin/git submodule foreach --recursive git config --local --show-origin --name-only --get-regexp remote.origin.url
2026-10-02T22:49:28.2391156Z [command]/usr/bin/git config --local http.https://github.com/.extraheader AUTHORIZATION: basic ***
2026-10-02T22:49:28.2428366Z ##[endgroup]
2026-10-02T22:49:28.2436978Z ##[group]Fetching the repository
2026-10-02T22:49:28.2444853Z [command]/usr/bin/git -c protocol.version=2 fetch --no-tags --prune --no-recurse-submodules --depth=1 origin +217a46b0e752800b70115eb9a63528d809242ce6:refs/remotes/origin/research-breadth-pullback-reclaim-v16
2026-10-02T22:49:29.2335548Z From https://github.com/duuu-hub/bb-scanner
2026-10-02T22:49:29.2337206Z  * [new ref]         217a46b0e752800b70115eb9a63528d809242ce6 -> origin/research-breadth-pullback-reclaim-v16
2026-10-02T22:49:29.2340446Z ##[endgroup]
2026-10-02T22:49:29.2341552Z ##[group]Determining the checkout info
2026-10-02T22:49:29.2342676Z ##[endgroup]
2026-10-02T22:49:29.2348587Z [command]/usr/bin/git sparse-checkout disable
2026-10-02T22:49:29.2398183Z [command]/usr/bin/git config --local --unset-all extensions.worktreeConfig
2026-10-02T22:49:29.2426922Z ##[group]Checking out the ref
2026-10-02T22:49:29.2431017Z [command]/usr/bin/git checkout --progress --force -B research-breadth-pullback-reclaim-v16 refs/remotes/origin/research-breadth-pullback-reclaim-v16
2026-10-02T22:49:29.4337496Z Switched to a new branch 'research-breadth-pullback-reclaim-v16'
2026-10-02T22:49:29.4340474Z branch 'research-breadth-pullback-reclaim-v16' set up to track 'origin/research-breadth-pullback-reclaim-v16'.
2026-10-02T22:49:29.4351321Z ##[endgroup]
2026-10-02T22:49:29.4393928Z [command]/usr/bin/git log -1 --format=%H
2026-10-02T22:49:29.4417815Z 217a46b0e752800b70115eb9a63528d809242ce6
2026-10-02T22:49:29.4747835Z ##[group]Run actions/setup-python@v5
2026-10-02T22:49:29.4748569Z with:
2026-10-02T22:49:29.4749193Z   python-version: 3.12
2026-10-02T22:49:29.4749839Z   check-latest: false
2026-10-02T22:49:29.4752516Z   token: ***
2026-10-02T22:49:29.4753179Z   update-environment: true
2026-10-02T22:49:29.4753848Z   allow-prereleases: false
2026-10-02T22:49:29.4754516Z   freethreaded: false
2026-10-02T22:49:29.4755134Z env:
2026-10-02T22:49:29.4757887Z   GH_TOKEN: ***
2026-10-02T22:49:29.4758512Z ##[endgroup]
2026-10-02T22:49:29.5836749Z ##[group]Installed versions
2026-10-02T22:49:29.5963609Z (node:2069) [DEP0040] DeprecationWarning: The `punycode` module is deprecated. Please use a userland alternative instead.
2026-10-02T22:49:29.5964948Z (Use `node --trace-deprecation ...` to show where the warning was created)
2026-10-02T22:49:29.5966176Z Successfully set up CPython (3.12.14)
2026-10-02T22:49:29.5967900Z ##[endgroup]
2026-10-02T22:49:29.6157454Z ##[group]Run set -euo pipefail
2026-10-02T22:49:29.6158597Z [36;1mset -euo pipefail[0m
2026-10-02T22:49:29.6159658Z [36;1mpip install pandas==2.3.3 numpy==2.3.3[0m
2026-10-02T22:49:29.6440169Z shell: /usr/bin/bash --noprofile --norc -e -o pipefail {0}
2026-10-02T22:49:29.6441083Z env:
2026-10-02T22:49:29.6443909Z   GH_TOKEN: ***
2026-10-02T22:49:29.6444644Z   pythonLocation: /opt/hostedtoolcache/Python/3.12.14/x64
2026-10-02T22:49:29.6445536Z   PKG_CONFIG_PATH: /opt/hostedtoolcache/Python/3.12.14/x64/lib/pkgconfig
2026-10-02T22:49:29.6446450Z   Python_ROOT_DIR: /opt/hostedtoolcache/Python/3.12.14/x64
2026-10-02T22:49:29.6447505Z   Python2_ROOT_DIR: /opt/hostedtoolcache/Python/3.12.14/x64
2026-10-02T22:49:29.6448328Z   Python3_ROOT_DIR: /opt/hostedtoolcache/Python/3.12.14/x64
2026-10-02T22:49:29.6449154Z   LD_LIBRARY_PATH: /opt/hostedtoolcache/Python/3.12.14/x64/lib
2026-10-02T22:49:29.6449941Z ##[endgroup]
2026-10-02T22:49:30.4842343Z Collecting pandas==2.3.3
2026-10-02T22:49:30.5316552Z   Downloading pandas-2.3.3-cp312-cp312-manylinux_2_24_x86_64.manylinux_2_28_x86_64.whl.metadata (91 kB)
2026-10-02T22:49:30.7143036Z Collecting numpy==2.3.3
2026-10-02T22:49:30.7189726Z   Downloading numpy-2.3.3-cp312-cp312-manylinux_2_27_x86_64.manylinux_2_28_x86_64.whl.metadata (62 kB)
2026-10-02T22:49:30.7380935Z Collecting python-dateutil>=2.8.2 (from pandas==2.3.3)
2026-10-02T22:49:30.7411860Z   Downloading python_dateutil-2.9.0.post0-py2.py3-none-any.whl.metadata (8.4 kB)
2026-10-02T22:49:30.7728067Z Collecting pytz>=2020.1 (from pandas==2.3.3)
2026-10-02T22:49:30.7759392Z   Downloading pytz-2026.4-py2.py3-none-any.whl.metadata (22 kB)
2026-10-02T22:49:30.7912153Z Collecting tzdata>=2022.7 (from pandas==2.3.3)
2026-10-02T22:49:30.7941903Z   Downloading tzdata-2026.4-py2.py3-none-any.whl.metadata (1.4 kB)
2026-10-02T22:49:30.8067907Z Collecting six>=1.5 (from python-dateutil>=2.8.2->pandas==2.3.3)
2026-10-02T22:49:30.8096544Z   Downloading six-1.17.0-py2.py3-none-any.whl.metadata (1.7 kB)
2026-10-02T22:49:30.8255780Z Downloading pandas-2.3.3-cp312-cp312-manylinux_2_24_x86_64.manylinux_2_28_x86_64.whl (12.4 MB)
2026-10-02T22:49:30.9129565Z    ━━━━━━━━━━━━━━━━━━━━━━━━━━━━━━━━━━━━━━━━ 12.4/12.4 MB 146.4 MB/s  0:00:00
2026-10-02T22:49:30.9188381Z Downloading numpy-2.3.3-cp312-cp312-manylinux_2_27_x86_64.manylinux_2_28_x86_64.whl (16.6 MB)
2026-10-02T22:49:31.0914922Z    ━━━━━━━━━━━━━━━━━━━━━━━━━━━━━━━━━━━━━━━━ 16.6/16.6 MB 96.1 MB/s  0:00:00
2026-10-02T22:49:31.0951625Z Downloading python_dateutil-2.9.0.post0-py2.py3-none-any.whl (229 kB)
2026-10-02T22:49:31.1001973Z Downloading pytz-2026.4-py2.py3-none-any.whl (506 kB)
2026-10-02T22:49:31.1062668Z Downloading six-1.17.0-py2.py3-none-any.whl (11 kB)
2026-10-02T22:49:31.1107327Z Downloading tzdata-2026.4-py2.py3-none-any.whl (347 kB)
2026-10-02T22:49:31.2496498Z Installing collected packages: pytz, tzdata, six, numpy, python-dateutil, pandas
2026-10-02T22:49:36.8812521Z 
2026-10-02T22:49:36.8823912Z Successfully installed numpy-2.3.3 pandas-2.3.3 python-dateutil-2.9.0.post0 pytz-2026.4 six-1.17.0 tzdata-2026.4
2026-10-02T22:49:36.9423632Z ##[group]Run actions/cache@v4
2026-10-02T22:49:36.9423845Z with:
2026-10-02T22:49:36.9424008Z   path: data
2026-10-02T22:49:36.9424193Z   key: frozen-source-36095439671-15m-shard-3
2026-10-02T22:49:36.9424437Z   enableCrossOsArchive: false
2026-10-02T22:49:36.9424639Z   fail-on-cache-miss: false
2026-10-02T22:49:36.9424830Z   lookup-only: false
2026-10-02T22:49:36.9424999Z   save-always: false
2026-10-02T22:49:36.9425166Z env:
2026-10-02T22:49:36.9427370Z   GH_TOKEN: ***
2026-10-02T22:49:36.9427616Z   pythonLocation: /opt/hostedtoolcache/Python/3.12.14/x64
2026-10-02T22:49:36.9427960Z   PKG_CONFIG_PATH: /opt/hostedtoolcache/Python/3.12.14/x64/lib/pkgconfig
2026-10-02T22:49:36.9428286Z   Python_ROOT_DIR: /opt/hostedtoolcache/Python/3.12.14/x64
2026-10-02T22:49:36.9428592Z   Python2_ROOT_DIR: /opt/hostedtoolcache/Python/3.12.14/x64
2026-10-02T22:49:36.9428907Z   Python3_ROOT_DIR: /opt/hostedtoolcache/Python/3.12.14/x64
2026-10-02T22:49:36.9429256Z   LD_LIBRARY_PATH: /opt/hostedtoolcache/Python/3.12.14/x64/lib
2026-10-02T22:49:36.9429520Z ##[endgroup]
2026-10-02T22:49:37.0266346Z (node:2106) [DEP0040] DeprecationWarning: The `punycode` module is deprecated. Please use a userland alternative instead.
2026-10-02T22:49:37.0266912Z (Use `node --trace-deprecation ...` to show where the warning was created)
2026-10-02T22:49:37.2879951Z Cache not found for input keys: frozen-source-36095439671-15m-shard-3
2026-10-02T22:49:37.2961402Z ##[group]Run set -euo pipefail
2026-10-02T22:49:37.2961670Z [36;1mset -euo pipefail[0m
2026-10-02T22:49:37.2961873Z [36;1mif [ '' != 'true' ]; then[0m
2026-10-02T22:49:37.2962279Z [36;1m  gh run download 36095439671 -R duuu-hub/bb-scanner -n rank5-binance-um-15m-5y-data-shard-3 -D data[0m
2026-10-02T22:49:37.2962673Z [36;1mfi[0m
2026-10-02T22:49:37.2962950Z [36;1mgh run download 36858492497 -R duuu-hub/bb-scanner -n day-edge-v2-btc -D btc[0m
2026-10-02T22:49:37.2963497Z [36;1mgh run download 36095439671 -R duuu-hub/bb-scanner -n rank5-binance-um-15m-5y-manifest-shard-3 -D source-manifest[0m
2026-10-02T22:49:37.2964402Z [36;1mpython scripts/research_evidence_archive.py verify-source --data data --manifests source-manifest --baseline research/breadth-pullback-reclaim-v16/FROZEN_INPUT_HASHES.json --out map-development-3/source_check.json[0m
2026-10-02T22:49:37.3022018Z shell: /usr/bin/bash --noprofile --norc -e -o pipefail {0}
2026-10-02T22:49:37.3022291Z env:
2026-10-02T22:49:37.3024343Z   GH_TOKEN: ***
2026-10-02T22:49:37.3024590Z   pythonLocation: /opt/hostedtoolcache/Python/3.12.14/x64
2026-10-02T22:49:37.3024940Z   PKG_CONFIG_PATH: /opt/hostedtoolcache/Python/3.12.14/x64/lib/pkgconfig
2026-10-02T22:49:37.3025275Z   Python_ROOT_DIR: /opt/hostedtoolcache/Python/3.12.14/x64
2026-10-02T22:49:37.3025571Z   Python2_ROOT_DIR: /opt/hostedtoolcache/Python/3.12.14/x64
2026-10-02T22:49:37.3025858Z   Python3_ROOT_DIR: /opt/hostedtoolcache/Python/3.12.14/x64
2026-10-02T22:49:37.3026157Z   LD_LIBRARY_PATH: /opt/hostedtoolcache/Python/3.12.14/x64/lib
2026-10-02T22:49:37.3026406Z ##[endgroup]
2026-10-02T22:49:54.9230369Z FROZEN_SOURCE_VERIFIED 106 files 31 prior SHA256 matches
2026-10-02T22:49:54.9881168Z ##[group]Run set -euo pipefail
2026-10-02T22:49:54.9881432Z [36;1mset -euo pipefail[0m
2026-10-02T22:49:54.9881991Z [36;1mpython scripts/breadth_pullback_v16.py map --stage DEV --data data --btc btc/BTCUSDT.csv.gz --source-check map-development-3/source_check.json --out map-development-3[0m
2026-10-02T22:49:54.9938183Z shell: /usr/bin/bash --noprofile --norc -e -o pipefail {0}
2026-10-02T22:49:54.9938468Z env:
2026-10-02T22:49:54.9940729Z   GH_TOKEN: ***
2026-10-02T22:49:54.9940969Z   pythonLocation: /opt/hostedtoolcache/Python/3.12.14/x64
2026-10-02T22:49:54.9941326Z   PKG_CONFIG_PATH: /opt/hostedtoolcache/Python/3.12.14/x64/lib/pkgconfig
2026-10-02T22:49:54.9941670Z   Python_ROOT_DIR: /opt/hostedtoolcache/Python/3.12.14/x64
2026-10-02T22:49:54.9942184Z   Python2_ROOT_DIR: /opt/hostedtoolcache/Python/3.12.14/x64
2026-10-02T22:49:54.9942474Z   Python3_ROOT_DIR: /opt/hostedtoolcache/Python/3.12.14/x64
2026-10-02T22:49:54.9942811Z   LD_LIBRARY_PATH: /opt/hostedtoolcache/Python/3.12.14/x64/lib
2026-10-02T22:49:54.9943068Z ##[endgroup]
2026-10-02T22:49:59.7168250Z V16_BREADTH_MAP DEV 32 / 106
2026-10-02T22:50:01.5570978Z V16_BREADTH_MAP DEV 40 / 106
2026-10-02T22:50:02.9125079Z V16_BREADTH_MAP DEV 48 / 106
2026-10-02T22:50:09.0497231Z V16_BREADTH_MAP_DONE DEV shard 3 sources 106 rows 81793
2026-10-02T22:50:09.1134095Z ##[group]Run actions/upload-artifact@v4
2026-10-02T22:50:09.1134332Z with:
2026-10-02T22:50:09.1134544Z   name: breadth-pullback-reclaim-v16-map-development-3
2026-10-02T22:50:09.1134814Z   path: map-development-3/
2026-10-02T22:50:09.1135005Z   retention-days: 30
2026-10-02T22:50:09.1135184Z   compression-level: 0
2026-10-02T22:50:09.1135376Z   if-no-files-found: warn
2026-10-02T22:50:09.1135558Z   overwrite: false
2026-10-02T22:50:09.1152101Z   include-hidden-files: false
2026-10-02T22:50:09.1152343Z env:
2026-10-02T22:50:09.1154557Z   GH_TOKEN: ***
2026-10-02T22:50:09.1154810Z   pythonLocation: /opt/hostedtoolcache/Python/3.12.14/x64
2026-10-02T22:50:09.1155154Z   PKG_CONFIG_PATH: /opt/hostedtoolcache/Python/3.12.14/x64/lib/pkgconfig
2026-10-02T22:50:09.1155484Z   Python_ROOT_DIR: /opt/hostedtoolcache/Python/3.12.14/x64
2026-10-02T22:50:09.1155780Z   Python2_ROOT_DIR: /opt/hostedtoolcache/Python/3.12.14/x64
2026-10-02T22:50:09.1156108Z   Python3_ROOT_DIR: /opt/hostedtoolcache/Python/3.12.14/x64
2026-10-02T22:50:09.1156405Z   LD_LIBRARY_PATH: /opt/hostedtoolcache/Python/3.12.14/x64/lib
2026-10-02T22:50:09.1156658Z ##[endgroup]
2026-10-02T22:50:09.2505616Z (node:2158) [DEP0040] DeprecationWarning: The `punycode` module is deprecated. Please use a userland alternative instead.
2026-10-02T22:50:09.2506194Z (Use `node --trace-deprecation ...` to show where the warning was created)
2026-10-02T22:50:09.2586722Z With the provided path, there will be 4 files uploaded
2026-10-02T22:50:09.2607755Z Artifact name is valid!
2026-10-02T22:50:09.2608406Z Root directory input is valid!
2026-10-02T22:50:09.6222034Z Beginning upload of artifact content to blob storage
2026-10-02T22:50:09.6415940Z (node:2158) [DEP0169] DeprecationWarning: `url.parse()` behavior is not standardized and prone to errors that have security implications. Use the WHATWG URL API instead. CVEs are not issued for `url.parse()` vulnerabilities.
2026-10-02T22:50:10.2835070Z Uploaded bytes 441166
2026-10-02T22:50:10.3658700Z Finished uploading artifact content to blob storage!
2026-10-02T22:50:10.3659513Z SHA256 digest of uploaded artifact zip is 1797b5b6ef385bb7ce8a263cfd4e158f8629c90743528f1e2ad830cce7a3c79e
2026-10-02T22:50:10.3660277Z Finalizing artifact upload
2026-10-02T22:50:10.6443632Z Artifact breadth-pullback-reclaim-v16-map-development-3.zip successfully finalized. Artifact ID 11255904230
2026-10-02T22:50:10.6444542Z Artifact breadth-pullback-reclaim-v16-map-development-3 has been successfully uploaded! Final size is 441166 bytes. Artifact ID is 11255904230
2026-10-02T22:50:10.6450461Z Artifact download URL: https://github.com/duuu-hub/bb-scanner/actions/runs/37074366568/artifacts/11255904230
2026-10-02T22:50:10.6585609Z Post job cleanup.
2026-10-02T22:50:10.7451288Z (node:2171) [DEP0040] DeprecationWarning: The `punycode` module is deprecated. Please use a userland alternative instead.
2026-10-02T22:50:10.7452221Z (Use `node --trace-deprecation ...` to show where the warning was created)
2026-10-02T22:50:10.7596136Z [command]/usr/bin/tar --posix -cf cache.tzst --exclude cache.tzst -P -C /home/runner/work/bb-scanner/bb-scanner --files-from manifest.txt --use-compress-program zstdmt
2026-10-02T22:50:11.2085382Z (node:2171) [DEP0169] DeprecationWarning: `url.parse()` behavior is not standardized and prone to errors that have security implications. Use the WHATWG URL API instead. CVEs are not issued for `url.parse()` vulnerabilities.
2026-10-02T22:50:12.1991345Z Sent 0 of 229873298 (0.0%), 0.0 MBs/sec
2026-10-02T22:50:13.2004288Z Sent 95655570 of 229873298 (41.6%), 45.6 MBs/sec
2026-10-02T22:50:13.5704113Z Sent 229873298 of 229873298 (100.0%), 92.4 MBs/sec
2026-10-02T22:50:13.6948672Z Cache saved with key: frozen-source-36095439671-15m-shard-3
2026-10-02T22:50:13.7058525Z Post job cleanup.
2026-10-02T22:50:13.8009317Z (node:2191) [DEP0040] DeprecationWarning: The `punycode` module is deprecated. Please use a userland alternative instead.
2026-10-02T22:50:13.8009930Z (Use `node --trace-deprecation ...` to show where the warning was created)
2026-10-02T22:50:13.8164710Z Post job cleanup.
2026-10-02T22:50:13.8895984Z [command]/usr/bin/git version
2026-10-02T22:50:13.8930889Z git version 2.55.0
2026-10-02T22:50:13.8960800Z Temporarily overriding HOME='/home/runner/work/_temp/b43167a8-4018-43fd-9c68-f8edee7ec277' before making global git config changes
2026-10-02T22:50:13.8961816Z Adding repository directory to the temporary git global config as a safe directory
2026-10-02T22:50:13.8966754Z [command]/usr/bin/git config --global --add safe.directory /home/runner/work/bb-scanner/bb-scanner
2026-10-02T22:50:13.9000657Z [command]/usr/bin/git config --local --name-only --get-regexp core\.sshCommand
2026-10-02T22:50:13.9031941Z [command]/usr/bin/git submodule foreach --recursive sh -c "git config --local --name-only --get-regexp 'core\.sshCommand' && git config --local --unset-all 'core.sshCommand' || :"
2026-10-02T22:50:13.9244673Z [command]/usr/bin/git config --local --name-only --get-regexp http\.https\:\/\/github\.com\/\.extraheader
2026-10-02T22:50:13.9269898Z http.https://github.com/.extraheader
2026-10-02T22:50:13.9280438Z [command]/usr/bin/git config --local --unset-all http.https://github.com/.extraheader
2026-10-02T22:50:13.9311027Z [command]/usr/bin/git submodule foreach --recursive sh -c "git config --local --name-only --get-regexp 'http\.https\:\/\/github\.com\/\.extraheader' && git config --local --unset-all 'http.https://github.com/.extraheader' || :"
2026-10-02T22:50:13.9529960Z [command]/usr/bin/git config --local --name-only --get-regexp ^includeIf\.gitdir:
2026-10-02T22:50:13.9565174Z [command]/usr/bin/git submodule foreach --recursive git config --local --show-origin --name-only --get-regexp remote.origin.url
2026-10-02T22:50:13.9921851Z Cleaning up orphan processes
2026-10-02T22:50:14.0191708Z ##[warning]Node.js 20 is deprecated. The following actions target Node.js 20 but are being forced to run on Node.js 24: actions/cache@v4, actions/checkout@v4, actions/setup-python@v5, actions/upload-artifact@v4. For more information see: https://github.blog/changelog/2025-09-19-deprecation-of-node-20-on-github-actions-runners/
