2026-10-03T22:18:02.8182031Z Current runner version: '2.337.0'
2026-10-03T22:18:02.8207953Z ##[group]Runner Image Provisioner
2026-10-03T22:18:02.8209167Z Hosted Compute Agent
2026-10-03T22:18:02.8209879Z Version: 20260901.588
2026-10-03T22:18:02.8210512Z Commit: f88ec8081b781fac6c440065ac7ff9e710ce3d0b
2026-10-03T22:18:02.8211275Z Build Date: 2026-09-01T19:56:44Z
2026-10-03T22:18:02.8211966Z Worker ID: {56bc4603-fdd9-49e2-9e19-8624f166e667}
2026-10-03T22:18:02.8212771Z Azure Region: eastus
2026-10-03T22:18:02.8213359Z ##[endgroup]
2026-10-03T22:18:02.8214860Z ##[group]Operating System
2026-10-03T22:18:02.8215948Z Ubuntu
2026-10-03T22:18:02.8216498Z 24.04.5
2026-10-03T22:18:02.8217026Z LTS
2026-10-03T22:18:02.8217606Z ##[endgroup]
2026-10-03T22:18:02.8218445Z ##[group]Runner Image
2026-10-03T22:18:02.8219441Z Image: ubuntu-24.04
2026-10-03T22:18:02.8220042Z Version: 20260927.320.1
2026-10-03T22:18:02.8221391Z Included Software: https://github.com/actions/runner-images/blob/ubuntu24/20260927.320/images/ubuntu/Ubuntu2404-Readme.md
2026-10-03T22:18:02.8222962Z Image Release: https://github.com/actions/runner-images/releases/tag/ubuntu24%2F20260927.320
2026-10-03T22:18:02.8223986Z ##[endgroup]
2026-10-03T22:18:02.8225255Z ##[group]GITHUB_TOKEN Permissions
2026-10-03T22:18:02.8227575Z Actions: read
2026-10-03T22:18:02.8228530Z Contents: read
2026-10-03T22:18:02.8229176Z Metadata: read
2026-10-03T22:18:02.8229813Z ##[endgroup]
2026-10-03T22:18:02.8232034Z Secret source: Actions
2026-10-03T22:18:02.8233033Z Cache mode: write
2026-10-03T22:18:02.8234105Z Prepare workflow directory
2026-10-03T22:18:02.8747712Z Prepare all required actions
2026-10-03T22:18:02.8796495Z Getting action download info
2026-10-03T22:18:03.0799363Z Download action repository 'actions/checkout@v4' (SHA:11d5960a326750d5838078e36cf38b85af677262)
2026-10-03T22:18:03.1996826Z Download action repository 'actions/setup-python@v5' (SHA:a26af69be951a213d495a4c3e4e4022e16d87065)
2026-10-03T22:18:03.2768944Z Download action repository 'actions/cache@v4' (SHA:0057852bfaa89a56745cba8c7296529d2fc39830)
2026-10-03T22:18:03.4240003Z Download action repository 'actions/upload-artifact@v4' (SHA:ea165f8d65b6e75b540449e92b4886f43607fa02)
2026-10-03T22:18:03.6355005Z Complete job name: development (6)
2026-10-03T22:18:03.7075079Z ##[group]Run actions/checkout@v4
2026-10-03T22:18:03.7075945Z with:
2026-10-03T22:18:03.7076389Z   repository: duuu-hub/bb-scanner
2026-10-03T22:18:03.7080828Z   token: ***
2026-10-03T22:18:03.7081282Z   ssh-strict: true
2026-10-03T22:18:03.7081710Z   ssh-user: git
2026-10-03T22:18:03.7082144Z   persist-credentials: true
2026-10-03T22:18:03.7082623Z   clean: true
2026-10-03T22:18:03.7083065Z   sparse-checkout-cone-mode: true
2026-10-03T22:18:03.7083582Z   fetch-depth: 1
2026-10-03T22:18:03.7084003Z   fetch-tags: false
2026-10-03T22:18:03.7084439Z   show-progress: true
2026-10-03T22:18:03.7084875Z   lfs: false
2026-10-03T22:18:03.7085281Z   submodules: false
2026-10-03T22:18:03.7085722Z   set-safe-directory: true
2026-10-03T22:18:03.7086223Z   allow-unsafe-pr-checkout: false
2026-10-03T22:18:03.7087016Z env:
2026-10-03T22:18:03.7091339Z   GH_TOKEN: ***
2026-10-03T22:18:03.7091775Z ##[endgroup]
2026-10-03T22:18:03.8179756Z Syncing repository: duuu-hub/bb-scanner
2026-10-03T22:18:03.8182652Z ##[group]Getting Git version info
2026-10-03T22:18:03.8183968Z Working directory is '/home/runner/work/bb-scanner/bb-scanner'
2026-10-03T22:18:03.8185846Z [command]/usr/bin/git version
2026-10-03T22:18:03.8308864Z git version 2.55.0
2026-10-03T22:18:03.8332235Z ##[endgroup]
2026-10-03T22:18:03.8358397Z Temporarily overriding HOME='/home/runner/work/_temp/bca6aa4e-1371-4d81-94bd-c57b9d5cd581' before making global git config changes
2026-10-03T22:18:03.8374758Z Adding repository directory to the temporary git global config as a safe directory
2026-10-03T22:18:03.8377122Z [command]/usr/bin/git config --global --add safe.directory /home/runner/work/bb-scanner/bb-scanner
2026-10-03T22:18:03.8445490Z Deleting the contents of '/home/runner/work/bb-scanner/bb-scanner'
2026-10-03T22:18:03.8447818Z ##[group]Initializing the repository
2026-10-03T22:18:03.8450078Z [command]/usr/bin/git init /home/runner/work/bb-scanner/bb-scanner
2026-10-03T22:18:03.8596015Z hint: Using 'master' as the name for the initial branch. This default branch name
2026-10-03T22:18:03.8598277Z hint: will change to "main" in Git 3.0. To configure the initial branch name
2026-10-03T22:18:03.8600281Z hint: to use in all of your new repositories, which will suppress this warning,
2026-10-03T22:18:03.8601803Z hint: call:
2026-10-03T22:18:03.8602667Z hint:
2026-10-03T22:18:03.8603728Z hint: 	git config --global init.defaultBranch <name>
2026-10-03T22:18:03.8605171Z hint:
2026-10-03T22:18:03.8606525Z hint: Names commonly chosen instead of 'master' are 'main', 'trunk' and
2026-10-03T22:18:03.8608851Z hint: 'development'. The just-created branch can be renamed via this command:
2026-10-03T22:18:03.8610499Z hint:
2026-10-03T22:18:03.8611518Z hint: 	git branch -m <name>
2026-10-03T22:18:03.8612634Z hint:
2026-10-03T22:18:03.8613921Z hint: Disable this message with "git config set advice.defaultBranchName false"
2026-10-03T22:18:03.8616031Z Initialized empty Git repository in /home/runner/work/bb-scanner/bb-scanner/.git/
2026-10-03T22:18:03.8620947Z [command]/usr/bin/git remote add origin https://github.com/duuu-hub/bb-scanner
2026-10-03T22:18:03.8684136Z ##[endgroup]
2026-10-03T22:18:03.8685704Z ##[group]Disabling automatic garbage collection
2026-10-03T22:18:03.8688840Z [command]/usr/bin/git config --local gc.auto 0
2026-10-03T22:18:03.8726290Z ##[endgroup]
2026-10-03T22:18:03.8728548Z ##[group]Setting up auth
2026-10-03T22:18:03.8740184Z [command]/usr/bin/git config --local --name-only --get-regexp core\.sshCommand
2026-10-03T22:18:03.8779140Z [command]/usr/bin/git submodule foreach --recursive sh -c "git config --local --name-only --get-regexp 'core\.sshCommand' && git config --local --unset-all 'core.sshCommand' || :"
2026-10-03T22:18:03.9194338Z [command]/usr/bin/git config --local --name-only --get-regexp http\.https\:\/\/github\.com\/\.extraheader
2026-10-03T22:18:03.9246643Z [command]/usr/bin/git submodule foreach --recursive sh -c "git config --local --name-only --get-regexp 'http\.https\:\/\/github\.com\/\.extraheader' && git config --local --unset-all 'http.https://github.com/.extraheader' || :"
2026-10-03T22:18:03.9522725Z [command]/usr/bin/git config --local --name-only --get-regexp ^includeIf\.gitdir:
2026-10-03T22:18:03.9560746Z [command]/usr/bin/git submodule foreach --recursive git config --local --show-origin --name-only --get-regexp remote.origin.url
2026-10-03T22:18:03.9791999Z [command]/usr/bin/git config --local http.https://github.com/.extraheader AUTHORIZATION: basic ***
2026-10-03T22:18:03.9833255Z ##[endgroup]
2026-10-03T22:18:03.9834667Z ##[group]Fetching the repository
2026-10-03T22:18:03.9845712Z [command]/usr/bin/git -c protocol.version=2 fetch --no-tags --prune --no-recurse-submodules --depth=1 origin +0706d1447116b3ae3370ae73f99480d7b5eb9c9b:refs/remotes/origin/research-fragmented-chase-exhaustion-v22
2026-10-03T22:18:04.7208790Z From https://github.com/duuu-hub/bb-scanner
2026-10-03T22:18:04.7211326Z  * [new ref]         0706d1447116b3ae3370ae73f99480d7b5eb9c9b -> origin/research-fragmented-chase-exhaustion-v22
2026-10-03T22:18:04.7216957Z ##[endgroup]
2026-10-03T22:18:04.7218761Z ##[group]Determining the checkout info
2026-10-03T22:18:04.7220378Z ##[endgroup]
2026-10-03T22:18:04.7295001Z [command]/usr/bin/git sparse-checkout disable
2026-10-03T22:18:04.7299260Z [command]/usr/bin/git config --local --unset-all extensions.worktreeConfig
2026-10-03T22:18:04.7313899Z ##[group]Checking out the ref
2026-10-03T22:18:04.7320372Z [command]/usr/bin/git checkout --progress --force -B research-fragmented-chase-exhaustion-v22 refs/remotes/origin/research-fragmented-chase-exhaustion-v22
2026-10-03T22:18:04.9632896Z Switched to a new branch 'research-fragmented-chase-exhaustion-v22'
2026-10-03T22:18:04.9637217Z branch 'research-fragmented-chase-exhaustion-v22' set up to track 'origin/research-fragmented-chase-exhaustion-v22'.
2026-10-03T22:18:04.9650730Z ##[endgroup]
2026-10-03T22:18:04.9695781Z [command]/usr/bin/git log -1 --format=%H
2026-10-03T22:18:04.9721989Z 0706d1447116b3ae3370ae73f99480d7b5eb9c9b
2026-10-03T22:18:05.0102345Z ##[group]Run actions/setup-python@v5
2026-10-03T22:18:05.0103722Z with:
2026-10-03T22:18:05.0104680Z   python-version: 3.12
2026-10-03T22:18:05.0105788Z   check-latest: false
2026-10-03T22:18:05.0116976Z   token: ***
2026-10-03T22:18:05.0118003Z   update-environment: true
2026-10-03T22:18:05.0119311Z   allow-prereleases: false
2026-10-03T22:18:05.0120465Z   freethreaded: false
2026-10-03T22:18:05.0121484Z env:
2026-10-03T22:18:05.0132465Z   GH_TOKEN: ***
2026-10-03T22:18:05.0133488Z ##[endgroup]
2026-10-03T22:18:05.1487573Z ##[group]Installed versions
2026-10-03T22:18:05.1625082Z (node:2299) [DEP0040] DeprecationWarning: The `punycode` module is deprecated. Please use a userland alternative instead.
2026-10-03T22:18:05.1628824Z (Use `node --trace-deprecation ...` to show where the warning was created)
2026-10-03T22:18:05.1631833Z Successfully set up CPython (3.12.14)
2026-10-03T22:18:05.1635200Z ##[endgroup]
2026-10-03T22:18:05.1825137Z ##[group]Run set -euo pipefail
2026-10-03T22:18:05.1826449Z [36;1mset -euo pipefail[0m
2026-10-03T22:18:05.1827688Z [36;1mpip install pandas==2.3.3 numpy==2.3.3[0m
2026-10-03T22:18:05.2156349Z shell: /usr/bin/bash --noprofile --norc -e -o pipefail {0}
2026-10-03T22:18:05.2157923Z env:
2026-10-03T22:18:05.2168991Z   GH_TOKEN: ***
2026-10-03T22:18:05.2170215Z   pythonLocation: /opt/hostedtoolcache/Python/3.12.14/x64
2026-10-03T22:18:05.2172117Z   PKG_CONFIG_PATH: /opt/hostedtoolcache/Python/3.12.14/x64/lib/pkgconfig
2026-10-03T22:18:05.2174014Z   Python_ROOT_DIR: /opt/hostedtoolcache/Python/3.12.14/x64
2026-10-03T22:18:05.2175717Z   Python2_ROOT_DIR: /opt/hostedtoolcache/Python/3.12.14/x64
2026-10-03T22:18:05.2177428Z   Python3_ROOT_DIR: /opt/hostedtoolcache/Python/3.12.14/x64
2026-10-03T22:18:05.2179290Z   LD_LIBRARY_PATH: /opt/hostedtoolcache/Python/3.12.14/x64/lib
2026-10-03T22:18:05.2180785Z ##[endgroup]
2026-10-03T22:18:06.2725181Z Collecting pandas==2.3.3
2026-10-03T22:18:06.3224317Z   Downloading pandas-2.3.3-cp312-cp312-manylinux_2_24_x86_64.manylinux_2_28_x86_64.whl.metadata (91 kB)
2026-10-03T22:18:06.5704102Z Collecting numpy==2.3.3
2026-10-03T22:18:06.5755205Z   Downloading numpy-2.3.3-cp312-cp312-manylinux_2_27_x86_64.manylinux_2_28_x86_64.whl.metadata (62 kB)
2026-10-03T22:18:06.6135614Z Collecting python-dateutil>=2.8.2 (from pandas==2.3.3)
2026-10-03T22:18:06.6172643Z   Downloading python_dateutil-2.9.0.post0-py2.py3-none-any.whl.metadata (8.4 kB)
2026-10-03T22:18:06.6514895Z Collecting pytz>=2020.1 (from pandas==2.3.3)
2026-10-03T22:18:06.6552987Z   Downloading pytz-2026.4-py2.py3-none-any.whl.metadata (22 kB)
2026-10-03T22:18:06.6718329Z Collecting tzdata>=2022.7 (from pandas==2.3.3)
2026-10-03T22:18:06.6754303Z   Downloading tzdata-2026.5-py2.py3-none-any.whl.metadata (1.4 kB)
2026-10-03T22:18:06.6894791Z Collecting six>=1.5 (from python-dateutil>=2.8.2->pandas==2.3.3)
2026-10-03T22:18:06.6931811Z   Downloading six-1.17.0-py2.py3-none-any.whl.metadata (1.7 kB)
2026-10-03T22:18:06.7049252Z Downloading pandas-2.3.3-cp312-cp312-manylinux_2_24_x86_64.manylinux_2_28_x86_64.whl (12.4 MB)
2026-10-03T22:18:06.7607383Z    ━━━━━━━━━━━━━━━━━━━━━━━━━━━━━━━━━━━━━━━━ 12.4/12.4 MB 240.7 MB/s  0:00:00
2026-10-03T22:18:06.7681322Z Downloading numpy-2.3.3-cp312-cp312-manylinux_2_27_x86_64.manylinux_2_28_x86_64.whl (16.6 MB)
2026-10-03T22:18:06.9089062Z    ━━━━━━━━━━━━━━━━━━━━━━━━━━━━━━━━━━━━━━━━ 16.6/16.6 MB 119.9 MB/s  0:00:00
2026-10-03T22:18:06.9126819Z Downloading python_dateutil-2.9.0.post0-py2.py3-none-any.whl (229 kB)
2026-10-03T22:18:06.9192874Z Downloading pytz-2026.4-py2.py3-none-any.whl (506 kB)
2026-10-03T22:18:06.9256372Z Downloading six-1.17.0-py2.py3-none-any.whl (11 kB)
2026-10-03T22:18:06.9340077Z Downloading tzdata-2026.5-py2.py3-none-any.whl (347 kB)
2026-10-03T22:18:07.0977718Z Installing collected packages: pytz, tzdata, six, numpy, python-dateutil, pandas
2026-10-03T22:18:14.3938284Z 
2026-10-03T22:18:14.3952846Z Successfully installed numpy-2.3.3 pandas-2.3.3 python-dateutil-2.9.0.post0 pytz-2026.4 six-1.17.0 tzdata-2026.5
2026-10-03T22:18:14.4577647Z ##[group]Run actions/cache@v4
2026-10-03T22:18:14.4577937Z with:
2026-10-03T22:18:14.4578326Z   path: data
2026-10-03T22:18:14.4578571Z   key: frozen-source-36095439671-15m-shard-6
2026-10-03T22:18:14.4578874Z   enableCrossOsArchive: false
2026-10-03T22:18:14.4579132Z   fail-on-cache-miss: false
2026-10-03T22:18:14.4579402Z   lookup-only: false
2026-10-03T22:18:14.4579619Z   save-always: false
2026-10-03T22:18:14.4579841Z env:
2026-10-03T22:18:14.4582613Z   GH_TOKEN: ***
2026-10-03T22:18:14.4582914Z   pythonLocation: /opt/hostedtoolcache/Python/3.12.14/x64
2026-10-03T22:18:14.4583350Z   PKG_CONFIG_PATH: /opt/hostedtoolcache/Python/3.12.14/x64/lib/pkgconfig
2026-10-03T22:18:14.4583774Z   Python_ROOT_DIR: /opt/hostedtoolcache/Python/3.12.14/x64
2026-10-03T22:18:14.4584155Z   Python2_ROOT_DIR: /opt/hostedtoolcache/Python/3.12.14/x64
2026-10-03T22:18:14.4584546Z   Python3_ROOT_DIR: /opt/hostedtoolcache/Python/3.12.14/x64
2026-10-03T22:18:14.4584960Z   LD_LIBRARY_PATH: /opt/hostedtoolcache/Python/3.12.14/x64/lib
2026-10-03T22:18:14.4585286Z ##[endgroup]
2026-10-03T22:18:14.5647426Z (node:2337) [DEP0040] DeprecationWarning: The `punycode` module is deprecated. Please use a userland alternative instead.
2026-10-03T22:18:14.5648510Z (Use `node --trace-deprecation ...` to show where the warning was created)
2026-10-03T22:18:14.6195453Z Cache not found for input keys: frozen-source-36095439671-15m-shard-6
2026-10-03T22:18:14.6292404Z ##[group]Run set -euo pipefail
2026-10-03T22:18:14.6292738Z [36;1mset -euo pipefail[0m
2026-10-03T22:18:14.6292983Z [36;1mif [ '' != 'true' ]; then[0m
2026-10-03T22:18:14.6293496Z [36;1m  gh run download 36095439671 -R duuu-hub/bb-scanner -n rank5-binance-um-15m-5y-data-shard-6 -D data[0m
2026-10-03T22:18:14.6293997Z [36;1mfi[0m
2026-10-03T22:18:14.6294338Z [36;1mgh run download 36858492497 -R duuu-hub/bb-scanner -n day-edge-v2-btc -D btc[0m
2026-10-03T22:18:14.6295074Z [36;1mgh run download 36095439671 -R duuu-hub/bb-scanner -n rank5-binance-um-15m-5y-manifest-shard-6 -D source-manifest[0m
2026-10-03T22:18:14.6296222Z [36;1mpython scripts/research_evidence_archive.py verify-source --data data --manifests source-manifest --baseline research/fragmented-chase-exhaustion-v22/FROZEN_INPUT_HASHES.json --out source-check.json[0m
2026-10-03T22:18:14.6364108Z shell: /usr/bin/bash --noprofile --norc -e -o pipefail {0}
2026-10-03T22:18:14.6364468Z env:
2026-10-03T22:18:14.6367262Z   GH_TOKEN: ***
2026-10-03T22:18:14.6367564Z   pythonLocation: /opt/hostedtoolcache/Python/3.12.14/x64
2026-10-03T22:18:14.6368012Z   PKG_CONFIG_PATH: /opt/hostedtoolcache/Python/3.12.14/x64/lib/pkgconfig
2026-10-03T22:18:14.6368798Z   Python_ROOT_DIR: /opt/hostedtoolcache/Python/3.12.14/x64
2026-10-03T22:18:14.6369191Z   Python2_ROOT_DIR: /opt/hostedtoolcache/Python/3.12.14/x64
2026-10-03T22:18:14.6369581Z   Python3_ROOT_DIR: /opt/hostedtoolcache/Python/3.12.14/x64
2026-10-03T22:18:14.6369977Z   LD_LIBRARY_PATH: /opt/hostedtoolcache/Python/3.12.14/x64/lib
2026-10-03T22:18:14.6370300Z ##[endgroup]
2026-10-03T22:18:23.1819792Z FROZEN_SOURCE_VERIFIED 107 files 28 prior SHA256 matches
2026-10-03T22:18:23.2290214Z ##[group]Run actions/cache@v4
2026-10-03T22:18:23.2290497Z with:
2026-10-03T22:18:23.2290704Z   path: cache/verified-1m
2026-10-03T22:18:23.2291016Z   key: fragmented-chase-exhaustion-v22-dev-1m-shard-6
2026-10-03T22:18:23.2292171Z   restore-keys: taker-absorption-release-v12-dev-1m-shard-6
aggressive-flow-cascade-v11-dev-1m-shard-6
residual-reversion-v10-dev-1m-shard-6
cross-sectional-leader-v9-dev-1m-shard-6
premium-absorption-v8-dev-1m-shard-6
factor-lag-v6-dev-1m-shard-6
2026-10-03T22:18:23.2293265Z   enableCrossOsArchive: false
2026-10-03T22:18:23.2293520Z   fail-on-cache-miss: false
2026-10-03T22:18:23.2293755Z   lookup-only: false
2026-10-03T22:18:23.2293965Z   save-always: false
2026-10-03T22:18:23.2294163Z env:
2026-10-03T22:18:23.2297137Z   GH_TOKEN: ***
2026-10-03T22:18:23.2297438Z   pythonLocation: /opt/hostedtoolcache/Python/3.12.14/x64
2026-10-03T22:18:23.2297874Z   PKG_CONFIG_PATH: /opt/hostedtoolcache/Python/3.12.14/x64/lib/pkgconfig
2026-10-03T22:18:23.2298737Z   Python_ROOT_DIR: /opt/hostedtoolcache/Python/3.12.14/x64
2026-10-03T22:18:23.2299134Z   Python2_ROOT_DIR: /opt/hostedtoolcache/Python/3.12.14/x64
2026-10-03T22:18:23.2299512Z   Python3_ROOT_DIR: /opt/hostedtoolcache/Python/3.12.14/x64
2026-10-03T22:18:23.2299892Z   LD_LIBRARY_PATH: /opt/hostedtoolcache/Python/3.12.14/x64/lib
2026-10-03T22:18:23.2300220Z ##[endgroup]
2026-10-03T22:18:23.3371137Z (node:2378) [DEP0040] DeprecationWarning: The `punycode` module is deprecated. Please use a userland alternative instead.
2026-10-03T22:18:23.3392991Z (Use `node --trace-deprecation ...` to show where the warning was created)
2026-10-03T22:18:23.3949824Z Cache not found for input keys: fragmented-chase-exhaustion-v22-dev-1m-shard-6, taker-absorption-release-v12-dev-1m-shard-6, aggressive-flow-cascade-v11-dev-1m-shard-6, residual-reversion-v10-dev-1m-shard-6, cross-sectional-leader-v9-dev-1m-shard-6, premium-absorption-v8-dev-1m-shard-6, factor-lag-v6-dev-1m-shard-6
2026-10-03T22:18:23.4030527Z ##[group]Run set -euo pipefail
2026-10-03T22:18:23.4030853Z [36;1mset -euo pipefail[0m
2026-10-03T22:18:23.4031622Z [36;1mpython scripts/fragmented_chase_exhaustion_v22.py scan --stage DEV --data data --btc btc/BTCUSDT.csv.gz --source-check source-check.json --out dev-6 --minute-cache cache/verified-1m[0m
2026-10-03T22:18:23.4097117Z shell: /usr/bin/bash --noprofile --norc -e -o pipefail {0}
2026-10-03T22:18:23.4097463Z env:
2026-10-03T22:18:23.4100589Z   GH_TOKEN: ***
2026-10-03T22:18:23.4100901Z   pythonLocation: /opt/hostedtoolcache/Python/3.12.14/x64
2026-10-03T22:18:23.4101343Z   PKG_CONFIG_PATH: /opt/hostedtoolcache/Python/3.12.14/x64/lib/pkgconfig
2026-10-03T22:18:23.4101774Z   Python_ROOT_DIR: /opt/hostedtoolcache/Python/3.12.14/x64
2026-10-03T22:18:23.4102162Z   Python2_ROOT_DIR: /opt/hostedtoolcache/Python/3.12.14/x64
2026-10-03T22:18:23.4102568Z   Python3_ROOT_DIR: /opt/hostedtoolcache/Python/3.12.14/x64
2026-10-03T22:18:23.4102982Z   LD_LIBRARY_PATH: /opt/hostedtoolcache/Python/3.12.14/x64/lib
2026-10-03T22:18:23.4103312Z ##[endgroup]
2026-10-03T22:18:24.5725370Z /home/runner/work/bb-scanner/bb-scanner/scripts/session_opening_range_sweep_v20.py:80: RuntimeWarning: invalid value encountered in divide
2026-10-03T22:18:24.5726912Z   f['session_vwap'][k:z]=np.where(valid,numer/denom,np.nan)
2026-10-03T22:18:25.2200808Z Traceback (most recent call last):
2026-10-03T22:18:25.2210578Z   File "/home/runner/work/bb-scanner/bb-scanner/scripts/fragmented_chase_exhaustion_v22.py", line 291, in <module>
2026-10-03T22:18:25.2211528Z     main()
2026-10-03T22:18:25.2212297Z   File "/home/runner/work/bb-scanner/bb-scanner/scripts/fragmented_chase_exhaustion_v22.py", line 284, in main
2026-10-03T22:18:25.2213456Z     if a.command=="scan":scan(a.data,a.btc,a.out,a.minute_cache,a.stage,a.source_check,a.selection)
2026-10-03T22:18:25.2219340Z                          ^^^^^^^^^^^^^^^^^^^^^^^^^^^^^^^^^^^^^^^^^^^^^^^^^^^^^^^^^^^^^^^^^^^^^^^^^^
2026-10-03T22:18:25.2220411Z   File "/home/runner/work/bb-scanner/bb-scanner/scripts/fragmented_chase_exhaustion_v22.py", line 227, in scan
2026-10-03T22:18:25.2221306Z     bind_engine(); return engine.scan(*args, **kwargs)
2026-10-03T22:18:25.2221800Z                           ^^^^^^^^^^^^^^^^^^^^^^^^^^^^
2026-10-03T22:18:25.2222698Z   File "/home/runner/work/bb-scanner/bb-scanner/scripts/session_opening_range_sweep_v20.py", line 296, in scan
2026-10-03T22:18:25.2223597Z     symbol=path.name[:-7];raw,q,buy=load(path,end)
2026-10-03T22:18:25.2224075Z                                     ^^^^^^^^^^^^^^
2026-10-03T22:18:25.2225479Z   File "/home/runner/work/bb-scanner/bb-scanner/scripts/fragmented_chase_exhaustion_v22.py", line 70, in load
2026-10-03T22:18:25.2226511Z     raise ValueError(f"bad positive integer trade count {path}")
2026-10-03T22:18:25.2227219Z ValueError: bad positive integer trade count data/1000XECUSDT.csv.gz
2026-10-03T22:18:25.2675768Z ##[error]Process completed with exit code 1.
2026-10-03T22:18:25.2744936Z ##[group]Run actions/upload-artifact@v4
2026-10-03T22:18:25.2745240Z with:
2026-10-03T22:18:25.2745475Z   name: fragmented-chase-exhaustion-v22-dev-6
2026-10-03T22:18:25.2745775Z   path: dev-6/
2026-10-03T22:18:25.2745974Z   retention-days: 30
2026-10-03T22:18:25.2746193Z   compression-level: 0
2026-10-03T22:18:25.2746417Z   if-no-files-found: warn
2026-10-03T22:18:25.2746646Z   overwrite: false
2026-10-03T22:18:25.2746858Z   include-hidden-files: false
2026-10-03T22:18:25.2747085Z env:
2026-10-03T22:18:25.2750021Z   GH_TOKEN: ***
2026-10-03T22:18:25.2750332Z   pythonLocation: /opt/hostedtoolcache/Python/3.12.14/x64
2026-10-03T22:18:25.2750779Z   PKG_CONFIG_PATH: /opt/hostedtoolcache/Python/3.12.14/x64/lib/pkgconfig
2026-10-03T22:18:25.2751222Z   Python_ROOT_DIR: /opt/hostedtoolcache/Python/3.12.14/x64
2026-10-03T22:18:25.2751607Z   Python2_ROOT_DIR: /opt/hostedtoolcache/Python/3.12.14/x64
2026-10-03T22:18:25.2752006Z   Python3_ROOT_DIR: /opt/hostedtoolcache/Python/3.12.14/x64
2026-10-03T22:18:25.2752422Z   LD_LIBRARY_PATH: /opt/hostedtoolcache/Python/3.12.14/x64/lib
2026-10-03T22:18:25.2752747Z ##[endgroup]
2026-10-03T22:18:25.4499740Z (node:2396) [DEP0040] DeprecationWarning: The `punycode` module is deprecated. Please use a userland alternative instead.
2026-10-03T22:18:25.4500957Z (Use `node --trace-deprecation ...` to show where the warning was created)
2026-10-03T22:18:25.4623873Z With the provided path, there will be 7 files uploaded
2026-10-03T22:18:25.4630185Z Artifact name is valid!
2026-10-03T22:18:25.4630801Z Root directory input is valid!
2026-10-03T22:18:25.6777273Z Beginning upload of artifact content to blob storage
2026-10-03T22:18:25.7142712Z (node:2396) [DEP0169] DeprecationWarning: `url.parse()` behavior is not standardized and prone to errors that have security implications. Use the WHATWG URL API instead. CVEs are not issued for `url.parse()` vulnerabilities.
2026-10-03T22:18:25.7722686Z Uploaded bytes 155534
2026-10-03T22:18:25.7897516Z Finished uploading artifact content to blob storage!
2026-10-03T22:18:25.7898874Z SHA256 digest of uploaded artifact zip is ad51ae4ca0794d43d699cbb48f91d372abf1a625cdf0ba706dbf8abb48c1b9bb
2026-10-03T22:18:25.7901548Z Finalizing artifact upload
2026-10-03T22:18:25.9986616Z Artifact fragmented-chase-exhaustion-v22-dev-6.zip successfully finalized. Artifact ID 11286069848
2026-10-03T22:18:25.9988470Z Artifact fragmented-chase-exhaustion-v22-dev-6 has been successfully uploaded! Final size is 155534 bytes. Artifact ID is 11286069848
2026-10-03T22:18:25.9994869Z Artifact download URL: https://github.com/duuu-hub/bb-scanner/actions/runs/37157873856/artifacts/11286069848
2026-10-03T22:18:26.0182439Z Post job cleanup.
2026-10-03T22:18:26.1037370Z [command]/usr/bin/git version
2026-10-03T22:18:26.1084614Z git version 2.55.0
2026-10-03T22:18:26.1131679Z Temporarily overriding HOME='/home/runner/work/_temp/71c3d47d-9031-4c43-b0b3-fe3546a41a45' before making global git config changes
2026-10-03T22:18:26.1132990Z Adding repository directory to the temporary git global config as a safe directory
2026-10-03T22:18:26.1138454Z [command]/usr/bin/git config --global --add safe.directory /home/runner/work/bb-scanner/bb-scanner
2026-10-03T22:18:26.1183620Z [command]/usr/bin/git config --local --name-only --get-regexp core\.sshCommand
2026-10-03T22:18:26.1220489Z [command]/usr/bin/git submodule foreach --recursive sh -c "git config --local --name-only --get-regexp 'core\.sshCommand' && git config --local --unset-all 'core.sshCommand' || :"
2026-10-03T22:18:26.1478943Z [command]/usr/bin/git config --local --name-only --get-regexp http\.https\:\/\/github\.com\/\.extraheader
2026-10-03T22:18:26.1514529Z http.https://github.com/.extraheader
2026-10-03T22:18:26.1526839Z [command]/usr/bin/git config --local --unset-all http.https://github.com/.extraheader
2026-10-03T22:18:26.1565398Z [command]/usr/bin/git submodule foreach --recursive sh -c "git config --local --name-only --get-regexp 'http\.https\:\/\/github\.com\/\.extraheader' && git config --local --unset-all 'http.https://github.com/.extraheader' || :"
2026-10-03T22:18:26.1824946Z [command]/usr/bin/git config --local --name-only --get-regexp ^includeIf\.gitdir:
2026-10-03T22:18:26.1869590Z [command]/usr/bin/git submodule foreach --recursive git config --local --show-origin --name-only --get-regexp remote.origin.url
2026-10-03T22:18:26.2272511Z Cleaning up orphan processes
2026-10-03T22:18:26.2545408Z ##[warning]Node.js 20 is deprecated. The following actions target Node.js 20 but are being forced to run on Node.js 24: actions/cache@v4, actions/checkout@v4, actions/setup-python@v5, actions/upload-artifact@v4. For more information see: https://github.blog/changelog/2025-09-19-deprecation-of-node-20-on-github-actions-runners/
