2026-10-03T22:18:02.6476344Z Current runner version: '2.337.0'
2026-10-03T22:18:02.6495951Z ##[group]Runner Image Provisioner
2026-10-03T22:18:02.6496683Z Hosted Compute Agent
2026-10-03T22:18:02.6497181Z Version: 20260901.588
2026-10-03T22:18:02.6497954Z Commit: f88ec8081b781fac6c440065ac7ff9e710ce3d0b
2026-10-03T22:18:02.6498634Z Build Date: 2026-09-01T19:56:44Z
2026-10-03T22:18:02.6499190Z Worker ID: {089daf1f-b80d-4bd5-8243-10dfce5469ab}
2026-10-03T22:18:02.6499826Z Azure Region: northcentralus
2026-10-03T22:18:02.6500457Z ##[endgroup]
2026-10-03T22:18:02.6501590Z ##[group]Operating System
2026-10-03T22:18:02.6502145Z Ubuntu
2026-10-03T22:18:02.6502579Z 24.04.5
2026-10-03T22:18:02.6503275Z LTS
2026-10-03T22:18:02.6503765Z ##[endgroup]
2026-10-03T22:18:02.6504258Z ##[group]Runner Image
2026-10-03T22:18:02.6504780Z Image: ubuntu-24.04
2026-10-03T22:18:02.6505294Z Version: 20260927.320.1
2026-10-03T22:18:02.6506292Z Included Software: https://github.com/actions/runner-images/blob/ubuntu24/20260927.320/images/ubuntu/Ubuntu2404-Readme.md
2026-10-03T22:18:02.6507813Z Image Release: https://github.com/actions/runner-images/releases/tag/ubuntu24%2F20260927.320
2026-10-03T22:18:02.6508667Z ##[endgroup]
2026-10-03T22:18:02.6509604Z ##[group]GITHUB_TOKEN Permissions
2026-10-03T22:18:02.6511490Z Actions: read
2026-10-03T22:18:02.6512007Z Contents: read
2026-10-03T22:18:02.6512455Z Metadata: read
2026-10-03T22:18:02.6512964Z ##[endgroup]
2026-10-03T22:18:02.6514596Z Secret source: Actions
2026-10-03T22:18:02.6515436Z Cache mode: write
2026-10-03T22:18:02.6516293Z Prepare workflow directory
2026-10-03T22:18:02.7011685Z Prepare all required actions
2026-10-03T22:18:02.7064837Z Getting action download info
2026-10-03T22:18:02.9065464Z Download action repository 'actions/checkout@v4' (SHA:11d5960a326750d5838078e36cf38b85af677262)
2026-10-03T22:18:02.9860912Z Download action repository 'actions/setup-python@v5' (SHA:a26af69be951a213d495a4c3e4e4022e16d87065)
2026-10-03T22:18:03.1174112Z Download action repository 'actions/cache@v4' (SHA:0057852bfaa89a56745cba8c7296529d2fc39830)
2026-10-03T22:18:03.2561625Z Download action repository 'actions/upload-artifact@v4' (SHA:ea165f8d65b6e75b540449e92b4886f43607fa02)
2026-10-03T22:18:03.4911086Z Complete job name: development (7)
2026-10-03T22:18:03.5482813Z ##[group]Run actions/checkout@v4
2026-10-03T22:18:03.5483512Z with:
2026-10-03T22:18:03.5483913Z   repository: duuu-hub/bb-scanner
2026-10-03T22:18:03.5487135Z   token: ***
2026-10-03T22:18:03.5487661Z   ssh-strict: true
2026-10-03T22:18:03.5488043Z   ssh-user: git
2026-10-03T22:18:03.5488450Z   persist-credentials: true
2026-10-03T22:18:03.5488866Z   clean: true
2026-10-03T22:18:03.5489251Z   sparse-checkout-cone-mode: true
2026-10-03T22:18:03.5489696Z   fetch-depth: 1
2026-10-03T22:18:03.5490070Z   fetch-tags: false
2026-10-03T22:18:03.5490703Z   show-progress: true
2026-10-03T22:18:03.5491184Z   lfs: false
2026-10-03T22:18:03.5491535Z   submodules: false
2026-10-03T22:18:03.5491920Z   set-safe-directory: true
2026-10-03T22:18:03.5492367Z   allow-unsafe-pr-checkout: false
2026-10-03T22:18:03.5493095Z env:
2026-10-03T22:18:03.5496237Z   GH_TOKEN: ***
2026-10-03T22:18:03.5496616Z ##[endgroup]
2026-10-03T22:18:03.6346227Z Syncing repository: duuu-hub/bb-scanner
2026-10-03T22:18:03.6348549Z ##[group]Getting Git version info
2026-10-03T22:18:03.6349207Z Working directory is '/home/runner/work/bb-scanner/bb-scanner'
2026-10-03T22:18:03.6350100Z [command]/usr/bin/git version
2026-10-03T22:18:03.6351011Z git version 2.55.0
2026-10-03T22:18:03.6376214Z ##[endgroup]
2026-10-03T22:18:03.6381119Z Temporarily overriding HOME='/home/runner/work/_temp/69853c87-402f-4bc0-ac96-d13421cd6479' before making global git config changes
2026-10-03T22:18:03.6382333Z Adding repository directory to the temporary git global config as a safe directory
2026-10-03T22:18:03.6385844Z [command]/usr/bin/git config --global --add safe.directory /home/runner/work/bb-scanner/bb-scanner
2026-10-03T22:18:03.6430187Z Deleting the contents of '/home/runner/work/bb-scanner/bb-scanner'
2026-10-03T22:18:03.6436314Z ##[group]Initializing the repository
2026-10-03T22:18:03.6437513Z [command]/usr/bin/git init /home/runner/work/bb-scanner/bb-scanner
2026-10-03T22:18:03.6652781Z hint: Using 'master' as the name for the initial branch. This default branch name
2026-10-03T22:18:03.6655715Z hint: will change to "main" in Git 3.0. To configure the initial branch name
2026-10-03T22:18:03.6657696Z hint: to use in all of your new repositories, which will suppress this warning,
2026-10-03T22:18:03.6659179Z hint: call:
2026-10-03T22:18:03.6660060Z hint:
2026-10-03T22:18:03.6661071Z hint: 	git config --global init.defaultBranch <name>
2026-10-03T22:18:03.6662654Z hint:
2026-10-03T22:18:03.6663778Z hint: Names commonly chosen instead of 'master' are 'main', 'trunk' and
2026-10-03T22:18:03.6665771Z hint: 'development'. The just-created branch can be renamed via this command:
2026-10-03T22:18:03.6667021Z hint:
2026-10-03T22:18:03.6668003Z hint: 	git branch -m <name>
2026-10-03T22:18:03.6668815Z hint:
2026-10-03T22:18:03.6669915Z hint: Disable this message with "git config set advice.defaultBranchName false"
2026-10-03T22:18:03.6671859Z Initialized empty Git repository in /home/runner/work/bb-scanner/bb-scanner/.git/
2026-10-03T22:18:03.6680507Z [command]/usr/bin/git remote add origin https://github.com/duuu-hub/bb-scanner
2026-10-03T22:18:03.6742958Z ##[endgroup]
2026-10-03T22:18:03.6743993Z ##[group]Disabling automatic garbage collection
2026-10-03T22:18:03.6749750Z [command]/usr/bin/git config --local gc.auto 0
2026-10-03T22:18:03.6804845Z ##[endgroup]
2026-10-03T22:18:03.6806037Z ##[group]Setting up auth
2026-10-03T22:18:03.6807606Z [command]/usr/bin/git config --local --name-only --get-regexp core\.sshCommand
2026-10-03T22:18:03.6841463Z [command]/usr/bin/git submodule foreach --recursive sh -c "git config --local --name-only --get-regexp 'core\.sshCommand' && git config --local --unset-all 'core.sshCommand' || :"
2026-10-03T22:18:03.7148846Z [command]/usr/bin/git config --local --name-only --get-regexp http\.https\:\/\/github\.com\/\.extraheader
2026-10-03T22:18:03.7182744Z [command]/usr/bin/git submodule foreach --recursive sh -c "git config --local --name-only --get-regexp 'http\.https\:\/\/github\.com\/\.extraheader' && git config --local --unset-all 'http.https://github.com/.extraheader' || :"
2026-10-03T22:18:03.7373957Z [command]/usr/bin/git config --local --name-only --get-regexp ^includeIf\.gitdir:
2026-10-03T22:18:03.7405187Z [command]/usr/bin/git submodule foreach --recursive git config --local --show-origin --name-only --get-regexp remote.origin.url
2026-10-03T22:18:03.7596737Z [command]/usr/bin/git config --local http.https://github.com/.extraheader AUTHORIZATION: basic ***
2026-10-03T22:18:03.7632546Z ##[endgroup]
2026-10-03T22:18:03.7633695Z ##[group]Fetching the repository
2026-10-03T22:18:03.7641874Z [command]/usr/bin/git -c protocol.version=2 fetch --no-tags --prune --no-recurse-submodules --depth=1 origin +0706d1447116b3ae3370ae73f99480d7b5eb9c9b:refs/remotes/origin/research-fragmented-chase-exhaustion-v22
2026-10-03T22:18:04.8696141Z From https://github.com/duuu-hub/bb-scanner
2026-10-03T22:18:04.8698804Z  * [new ref]         0706d1447116b3ae3370ae73f99480d7b5eb9c9b -> origin/research-fragmented-chase-exhaustion-v22
2026-10-03T22:18:04.8702401Z ##[endgroup]
2026-10-03T22:18:04.8703367Z ##[group]Determining the checkout info
2026-10-03T22:18:04.8704426Z ##[endgroup]
2026-10-03T22:18:04.8763070Z [command]/usr/bin/git sparse-checkout disable
2026-10-03T22:18:04.8766239Z [command]/usr/bin/git config --local --unset-all extensions.worktreeConfig
2026-10-03T22:18:04.8785393Z ##[group]Checking out the ref
2026-10-03T22:18:04.8788270Z [command]/usr/bin/git checkout --progress --force -B research-fragmented-chase-exhaustion-v22 refs/remotes/origin/research-fragmented-chase-exhaustion-v22
2026-10-03T22:18:05.0700440Z Switched to a new branch 'research-fragmented-chase-exhaustion-v22'
2026-10-03T22:18:05.0707125Z branch 'research-fragmented-chase-exhaustion-v22' set up to track 'origin/research-fragmented-chase-exhaustion-v22'.
2026-10-03T22:18:05.0749754Z ##[endgroup]
2026-10-03T22:18:05.0751903Z [command]/usr/bin/git log -1 --format=%H
2026-10-03T22:18:05.0775319Z 0706d1447116b3ae3370ae73f99480d7b5eb9c9b
2026-10-03T22:18:05.1072291Z ##[group]Run actions/setup-python@v5
2026-10-03T22:18:05.1073271Z with:
2026-10-03T22:18:05.1073982Z   python-version: 3.12
2026-10-03T22:18:05.1074792Z   check-latest: false
2026-10-03T22:18:05.1082046Z   token: ***
2026-10-03T22:18:05.1082811Z   update-environment: true
2026-10-03T22:18:05.1083687Z   allow-prereleases: false
2026-10-03T22:18:05.1084543Z   freethreaded: false
2026-10-03T22:18:05.1085310Z env:
2026-10-03T22:18:05.1092500Z   GH_TOKEN: ***
2026-10-03T22:18:05.1093220Z ##[endgroup]
2026-10-03T22:18:05.2136698Z ##[group]Installed versions
2026-10-03T22:18:05.2198496Z (node:2101) [DEP0040] DeprecationWarning: The `punycode` module is deprecated. Please use a userland alternative instead.
2026-10-03T22:18:05.2201666Z (Use `node --trace-deprecation ...` to show where the warning was created)
2026-10-03T22:18:05.2203752Z Successfully set up CPython (3.12.14)
2026-10-03T22:18:05.2205939Z ##[endgroup]
2026-10-03T22:18:05.2401060Z ##[group]Run set -euo pipefail
2026-10-03T22:18:05.2402470Z [36;1mset -euo pipefail[0m
2026-10-03T22:18:05.2403857Z [36;1mpip install pandas==2.3.3 numpy==2.3.3[0m
2026-10-03T22:18:05.3212621Z shell: /usr/bin/bash --noprofile --norc -e -o pipefail {0}
2026-10-03T22:18:05.3213789Z env:
2026-10-03T22:18:05.3220697Z   GH_TOKEN: ***
2026-10-03T22:18:05.3221637Z   pythonLocation: /opt/hostedtoolcache/Python/3.12.14/x64
2026-10-03T22:18:05.3223042Z   PKG_CONFIG_PATH: /opt/hostedtoolcache/Python/3.12.14/x64/lib/pkgconfig
2026-10-03T22:18:05.3224456Z   Python_ROOT_DIR: /opt/hostedtoolcache/Python/3.12.14/x64
2026-10-03T22:18:05.3225743Z   Python2_ROOT_DIR: /opt/hostedtoolcache/Python/3.12.14/x64
2026-10-03T22:18:05.3227045Z   Python3_ROOT_DIR: /opt/hostedtoolcache/Python/3.12.14/x64
2026-10-03T22:18:05.3228444Z   LD_LIBRARY_PATH: /opt/hostedtoolcache/Python/3.12.14/x64/lib
2026-10-03T22:18:05.3229587Z ##[endgroup]
2026-10-03T22:18:06.1224800Z Collecting pandas==2.3.3
2026-10-03T22:18:06.1600996Z   Downloading pandas-2.3.3-cp312-cp312-manylinux_2_24_x86_64.manylinux_2_28_x86_64.whl.metadata (91 kB)
2026-10-03T22:18:06.3409566Z Collecting numpy==2.3.3
2026-10-03T22:18:06.3445224Z   Downloading numpy-2.3.3-cp312-cp312-manylinux_2_27_x86_64.manylinux_2_28_x86_64.whl.metadata (62 kB)
2026-10-03T22:18:06.3658090Z Collecting python-dateutil>=2.8.2 (from pandas==2.3.3)
2026-10-03T22:18:06.3698045Z   Downloading python_dateutil-2.9.0.post0-py2.py3-none-any.whl.metadata (8.4 kB)
2026-10-03T22:18:06.3937849Z Collecting pytz>=2020.1 (from pandas==2.3.3)
2026-10-03T22:18:06.3969638Z   Downloading pytz-2026.4-py2.py3-none-any.whl.metadata (22 kB)
2026-10-03T22:18:06.4079814Z Collecting tzdata>=2022.7 (from pandas==2.3.3)
2026-10-03T22:18:06.4111261Z   Downloading tzdata-2026.5-py2.py3-none-any.whl.metadata (1.4 kB)
2026-10-03T22:18:06.4213266Z Collecting six>=1.5 (from python-dateutil>=2.8.2->pandas==2.3.3)
2026-10-03T22:18:06.4243933Z   Downloading six-1.17.0-py2.py3-none-any.whl.metadata (1.7 kB)
2026-10-03T22:18:06.4304781Z Downloading pandas-2.3.3-cp312-cp312-manylinux_2_24_x86_64.manylinux_2_28_x86_64.whl (12.4 MB)
2026-10-03T22:18:06.5836178Z    ━━━━━━━━━━━━━━━━━━━━━━━━━━━━━━━━━━━━━━━━ 12.4/12.4 MB 82.5 MB/s  0:00:00
2026-10-03T22:18:06.5873378Z Downloading numpy-2.3.3-cp312-cp312-manylinux_2_27_x86_64.manylinux_2_28_x86_64.whl (16.6 MB)
2026-10-03T22:18:06.7746455Z    ━━━━━━━━━━━━━━━━━━━━━━━━━━━━━━━━━━━━━━━━ 16.6/16.6 MB 88.5 MB/s  0:00:00
2026-10-03T22:18:06.7785544Z Downloading python_dateutil-2.9.0.post0-py2.py3-none-any.whl (229 kB)
2026-10-03T22:18:06.7848287Z Downloading pytz-2026.4-py2.py3-none-any.whl (506 kB)
2026-10-03T22:18:06.7927981Z Downloading six-1.17.0-py2.py3-none-any.whl (11 kB)
2026-10-03T22:18:06.7980385Z Downloading tzdata-2026.5-py2.py3-none-any.whl (347 kB)
2026-10-03T22:18:06.9253073Z Installing collected packages: pytz, tzdata, six, numpy, python-dateutil, pandas
2026-10-03T22:18:12.2776870Z 
2026-10-03T22:18:12.2787996Z Successfully installed numpy-2.3.3 pandas-2.3.3 python-dateutil-2.9.0.post0 pytz-2026.4 six-1.17.0 tzdata-2026.5
2026-10-03T22:18:12.3352037Z ##[group]Run actions/cache@v4
2026-10-03T22:18:12.3352263Z with:
2026-10-03T22:18:12.3352430Z   path: data
2026-10-03T22:18:12.3352613Z   key: frozen-source-36095439671-15m-shard-7
2026-10-03T22:18:12.3352851Z   enableCrossOsArchive: false
2026-10-03T22:18:12.3353052Z   fail-on-cache-miss: false
2026-10-03T22:18:12.3353245Z   lookup-only: false
2026-10-03T22:18:12.3353420Z   save-always: false
2026-10-03T22:18:12.3353580Z env:
2026-10-03T22:18:12.3355459Z   GH_TOKEN: ***
2026-10-03T22:18:12.3355707Z   pythonLocation: /opt/hostedtoolcache/Python/3.12.14/x64
2026-10-03T22:18:12.3356052Z   PKG_CONFIG_PATH: /opt/hostedtoolcache/Python/3.12.14/x64/lib/pkgconfig
2026-10-03T22:18:12.3356387Z   Python_ROOT_DIR: /opt/hostedtoolcache/Python/3.12.14/x64
2026-10-03T22:18:12.3356689Z   Python2_ROOT_DIR: /opt/hostedtoolcache/Python/3.12.14/x64
2026-10-03T22:18:12.3356998Z   Python3_ROOT_DIR: /opt/hostedtoolcache/Python/3.12.14/x64
2026-10-03T22:18:12.3357548Z   LD_LIBRARY_PATH: /opt/hostedtoolcache/Python/3.12.14/x64/lib
2026-10-03T22:18:12.3357817Z ##[endgroup]
2026-10-03T22:18:12.4213981Z (node:2137) [DEP0040] DeprecationWarning: The `punycode` module is deprecated. Please use a userland alternative instead.
2026-10-03T22:18:12.4214549Z (Use `node --trace-deprecation ...` to show where the warning was created)
2026-10-03T22:18:12.5838531Z Cache not found for input keys: frozen-source-36095439671-15m-shard-7
2026-10-03T22:18:12.5910773Z ##[group]Run set -euo pipefail
2026-10-03T22:18:12.5911022Z [36;1mset -euo pipefail[0m
2026-10-03T22:18:12.5911224Z [36;1mif [ '' != 'true' ]; then[0m
2026-10-03T22:18:12.5911630Z [36;1m  gh run download 36095439671 -R duuu-hub/bb-scanner -n rank5-binance-um-15m-5y-data-shard-7 -D data[0m
2026-10-03T22:18:12.5912018Z [36;1mfi[0m
2026-10-03T22:18:12.5912288Z [36;1mgh run download 36858492497 -R duuu-hub/bb-scanner -n day-edge-v2-btc -D btc[0m
2026-10-03T22:18:12.5912844Z [36;1mgh run download 36095439671 -R duuu-hub/bb-scanner -n rank5-binance-um-15m-5y-manifest-shard-7 -D source-manifest[0m
2026-10-03T22:18:12.5913728Z [36;1mpython scripts/research_evidence_archive.py verify-source --data data --manifests source-manifest --baseline research/fragmented-chase-exhaustion-v22/FROZEN_INPUT_HASHES.json --out source-check.json[0m
2026-10-03T22:18:12.5970375Z shell: /usr/bin/bash --noprofile --norc -e -o pipefail {0}
2026-10-03T22:18:12.5970646Z env:
2026-10-03T22:18:12.5972560Z   GH_TOKEN: ***
2026-10-03T22:18:12.5972805Z   pythonLocation: /opt/hostedtoolcache/Python/3.12.14/x64
2026-10-03T22:18:12.5973157Z   PKG_CONFIG_PATH: /opt/hostedtoolcache/Python/3.12.14/x64/lib/pkgconfig
2026-10-03T22:18:12.5973486Z   Python_ROOT_DIR: /opt/hostedtoolcache/Python/3.12.14/x64
2026-10-03T22:18:12.5973788Z   Python2_ROOT_DIR: /opt/hostedtoolcache/Python/3.12.14/x64
2026-10-03T22:18:12.5974082Z   Python3_ROOT_DIR: /opt/hostedtoolcache/Python/3.12.14/x64
2026-10-03T22:18:12.5974395Z   LD_LIBRARY_PATH: /opt/hostedtoolcache/Python/3.12.14/x64/lib
2026-10-03T22:18:12.5974652Z ##[endgroup]
2026-10-03T22:18:21.5558761Z FROZEN_SOURCE_VERIFIED 107 files 28 prior SHA256 matches
2026-10-03T22:18:21.5965438Z ##[group]Run actions/cache@v4
2026-10-03T22:18:21.5965651Z with:
2026-10-03T22:18:21.5965822Z   path: cache/verified-1m
2026-10-03T22:18:21.5966062Z   key: fragmented-chase-exhaustion-v22-dev-1m-shard-7
2026-10-03T22:18:21.5966920Z   restore-keys: taker-absorption-release-v12-dev-1m-shard-7
aggressive-flow-cascade-v11-dev-1m-shard-7
residual-reversion-v10-dev-1m-shard-7
cross-sectional-leader-v9-dev-1m-shard-7
premium-absorption-v8-dev-1m-shard-7
factor-lag-v6-dev-1m-shard-7
2026-10-03T22:18:21.5967944Z   enableCrossOsArchive: false
2026-10-03T22:18:21.5968153Z   fail-on-cache-miss: false
2026-10-03T22:18:21.5968344Z   lookup-only: false
2026-10-03T22:18:21.5968516Z   save-always: false
2026-10-03T22:18:21.5968679Z env:
2026-10-03T22:18:21.5970845Z   GH_TOKEN: ***
2026-10-03T22:18:21.5971089Z   pythonLocation: /opt/hostedtoolcache/Python/3.12.14/x64
2026-10-03T22:18:21.5971432Z   PKG_CONFIG_PATH: /opt/hostedtoolcache/Python/3.12.14/x64/lib/pkgconfig
2026-10-03T22:18:21.5971787Z   Python_ROOT_DIR: /opt/hostedtoolcache/Python/3.12.14/x64
2026-10-03T22:18:21.5972094Z   Python2_ROOT_DIR: /opt/hostedtoolcache/Python/3.12.14/x64
2026-10-03T22:18:21.5972394Z   Python3_ROOT_DIR: /opt/hostedtoolcache/Python/3.12.14/x64
2026-10-03T22:18:21.5972689Z   LD_LIBRARY_PATH: /opt/hostedtoolcache/Python/3.12.14/x64/lib
2026-10-03T22:18:21.5972940Z ##[endgroup]
2026-10-03T22:18:21.6784418Z (node:2176) [DEP0040] DeprecationWarning: The `punycode` module is deprecated. Please use a userland alternative instead.
2026-10-03T22:18:21.6785110Z (Use `node --trace-deprecation ...` to show where the warning was created)
2026-10-03T22:18:21.7734022Z Cache not found for input keys: fragmented-chase-exhaustion-v22-dev-1m-shard-7, taker-absorption-release-v12-dev-1m-shard-7, aggressive-flow-cascade-v11-dev-1m-shard-7, residual-reversion-v10-dev-1m-shard-7, cross-sectional-leader-v9-dev-1m-shard-7, premium-absorption-v8-dev-1m-shard-7, factor-lag-v6-dev-1m-shard-7
2026-10-03T22:18:21.7822409Z ##[group]Run set -euo pipefail
2026-10-03T22:18:21.7822659Z [36;1mset -euo pipefail[0m
2026-10-03T22:18:21.7823242Z [36;1mpython scripts/fragmented_chase_exhaustion_v22.py scan --stage DEV --data data --btc btc/BTCUSDT.csv.gz --source-check source-check.json --out dev-7 --minute-cache cache/verified-1m[0m
2026-10-03T22:18:21.7879243Z shell: /usr/bin/bash --noprofile --norc -e -o pipefail {0}
2026-10-03T22:18:21.7879516Z env:
2026-10-03T22:18:21.7881400Z   GH_TOKEN: ***
2026-10-03T22:18:21.7881645Z   pythonLocation: /opt/hostedtoolcache/Python/3.12.14/x64
2026-10-03T22:18:21.7881983Z   PKG_CONFIG_PATH: /opt/hostedtoolcache/Python/3.12.14/x64/lib/pkgconfig
2026-10-03T22:18:21.7882309Z   Python_ROOT_DIR: /opt/hostedtoolcache/Python/3.12.14/x64
2026-10-03T22:18:21.7882607Z   Python2_ROOT_DIR: /opt/hostedtoolcache/Python/3.12.14/x64
2026-10-03T22:18:21.7882909Z   Python3_ROOT_DIR: /opt/hostedtoolcache/Python/3.12.14/x64
2026-10-03T22:18:21.7883226Z   LD_LIBRARY_PATH: /opt/hostedtoolcache/Python/3.12.14/x64/lib
2026-10-03T22:18:21.7883481Z ##[endgroup]
2026-10-03T22:18:22.6994364Z /home/runner/work/bb-scanner/bb-scanner/scripts/session_opening_range_sweep_v20.py:80: RuntimeWarning: invalid value encountered in divide
2026-10-03T22:18:22.6995273Z   f['session_vwap'][k:z]=np.where(valid,numer/denom,np.nan)
2026-10-03T22:18:23.2890256Z Traceback (most recent call last):
2026-10-03T22:18:23.2898127Z   File "/home/runner/work/bb-scanner/bb-scanner/scripts/fragmented_chase_exhaustion_v22.py", line 291, in <module>
2026-10-03T22:18:23.2898828Z     main()
2026-10-03T22:18:23.2899422Z   File "/home/runner/work/bb-scanner/bb-scanner/scripts/fragmented_chase_exhaustion_v22.py", line 284, in main
2026-10-03T22:18:23.2900032Z     if a.command=="scan":scan(a.data,a.btc,a.out,a.minute_cache,a.stage,a.source_check,a.selection)
2026-10-03T22:18:23.2900459Z                          ^^^^^^^^^^^^^^^^^^^^^^^^^^^^^^^^^^^^^^^^^^^^^^^^^^^^^^^^^^^^^^^^^^^^^^^^^^
2026-10-03T22:18:23.2900955Z   File "/home/runner/work/bb-scanner/bb-scanner/scripts/fragmented_chase_exhaustion_v22.py", line 227, in scan
2026-10-03T22:18:23.2901390Z     bind_engine(); return engine.scan(*args, **kwargs)
2026-10-03T22:18:23.2901646Z                           ^^^^^^^^^^^^^^^^^^^^^^^^^^^^
2026-10-03T22:18:23.2902059Z   File "/home/runner/work/bb-scanner/bb-scanner/scripts/session_opening_range_sweep_v20.py", line 296, in scan
2026-10-03T22:18:23.2902513Z     symbol=path.name[:-7];raw,q,buy=load(path,end)
2026-10-03T22:18:23.2902768Z                                     ^^^^^^^^^^^^^^
2026-10-03T22:18:23.2903176Z   File "/home/runner/work/bb-scanner/bb-scanner/scripts/fragmented_chase_exhaustion_v22.py", line 70, in load
2026-10-03T22:18:23.2903659Z     raise ValueError(f"bad positive integer trade count {path}")
2026-10-03T22:18:23.2904240Z ValueError: bad positive integer trade count data/AKROUSDT.csv.gz
2026-10-03T22:18:23.3318108Z ##[error]Process completed with exit code 1.
2026-10-03T22:18:23.3372266Z ##[group]Run actions/upload-artifact@v4
2026-10-03T22:18:23.3372504Z with:
2026-10-03T22:18:23.3372700Z   name: fragmented-chase-exhaustion-v22-dev-7
2026-10-03T22:18:23.3372929Z   path: dev-7/
2026-10-03T22:18:23.3373094Z   retention-days: 30
2026-10-03T22:18:23.3373272Z   compression-level: 0
2026-10-03T22:18:23.3373451Z   if-no-files-found: warn
2026-10-03T22:18:23.3373642Z   overwrite: false
2026-10-03T22:18:23.3373815Z   include-hidden-files: false
2026-10-03T22:18:23.3374000Z env:
2026-10-03T22:18:23.3375894Z   GH_TOKEN: ***
2026-10-03T22:18:23.3376131Z   pythonLocation: /opt/hostedtoolcache/Python/3.12.14/x64
2026-10-03T22:18:23.3376479Z   PKG_CONFIG_PATH: /opt/hostedtoolcache/Python/3.12.14/x64/lib/pkgconfig
2026-10-03T22:18:23.3376816Z   Python_ROOT_DIR: /opt/hostedtoolcache/Python/3.12.14/x64
2026-10-03T22:18:23.3377112Z   Python2_ROOT_DIR: /opt/hostedtoolcache/Python/3.12.14/x64
2026-10-03T22:18:23.3377607Z   Python3_ROOT_DIR: /opt/hostedtoolcache/Python/3.12.14/x64
2026-10-03T22:18:23.3377926Z   LD_LIBRARY_PATH: /opt/hostedtoolcache/Python/3.12.14/x64/lib
2026-10-03T22:18:23.3378185Z ##[endgroup]
2026-10-03T22:18:23.4677797Z (node:2196) [DEP0040] DeprecationWarning: The `punycode` module is deprecated. Please use a userland alternative instead.
2026-10-03T22:18:23.4678462Z (Use `node --trace-deprecation ...` to show where the warning was created)
2026-10-03T22:18:23.4774619Z With the provided path, there will be 7 files uploaded
2026-10-03T22:18:23.4781001Z Artifact name is valid!
2026-10-03T22:18:23.4781421Z Root directory input is valid!
2026-10-03T22:18:23.7285276Z Beginning upload of artifact content to blob storage
2026-10-03T22:18:23.7486385Z (node:2196) [DEP0169] DeprecationWarning: `url.parse()` behavior is not standardized and prone to errors that have security implications. Use the WHATWG URL API instead. CVEs are not issued for `url.parse()` vulnerabilities.
2026-10-03T22:18:23.9045127Z Uploaded bytes 156247
2026-10-03T22:18:23.9361599Z Finished uploading artifact content to blob storage!
2026-10-03T22:18:23.9362249Z SHA256 digest of uploaded artifact zip is d5f55b2aa25013ed342053cedbf09e3e7933378f39960ad1360351a19c45d6bd
2026-10-03T22:18:23.9363936Z Finalizing artifact upload
2026-10-03T22:18:24.1822377Z Artifact fragmented-chase-exhaustion-v22-dev-7.zip successfully finalized. Artifact ID 11286502194
2026-10-03T22:18:24.1823408Z Artifact fragmented-chase-exhaustion-v22-dev-7 has been successfully uploaded! Final size is 156247 bytes. Artifact ID is 11286502194
2026-10-03T22:18:24.1827920Z Artifact download URL: https://github.com/duuu-hub/bb-scanner/actions/runs/37157873856/artifacts/11286502194
2026-10-03T22:18:24.1983051Z Post job cleanup.
2026-10-03T22:18:24.2650366Z [command]/usr/bin/git version
2026-10-03T22:18:24.2683632Z git version 2.55.0
2026-10-03T22:18:24.2711022Z Temporarily overriding HOME='/home/runner/work/_temp/1fc0d691-14a1-45d9-827c-4b166659b0fc' before making global git config changes
2026-10-03T22:18:24.2712061Z Adding repository directory to the temporary git global config as a safe directory
2026-10-03T22:18:24.2714838Z [command]/usr/bin/git config --global --add safe.directory /home/runner/work/bb-scanner/bb-scanner
2026-10-03T22:18:24.2745975Z [command]/usr/bin/git config --local --name-only --get-regexp core\.sshCommand
2026-10-03T22:18:24.2774164Z [command]/usr/bin/git submodule foreach --recursive sh -c "git config --local --name-only --get-regexp 'core\.sshCommand' && git config --local --unset-all 'core.sshCommand' || :"
2026-10-03T22:18:24.2980147Z [command]/usr/bin/git config --local --name-only --get-regexp http\.https\:\/\/github\.com\/\.extraheader
2026-10-03T22:18:24.3003343Z http.https://github.com/.extraheader
2026-10-03T22:18:24.3011773Z [command]/usr/bin/git config --local --unset-all http.https://github.com/.extraheader
2026-10-03T22:18:24.3048493Z [command]/usr/bin/git submodule foreach --recursive sh -c "git config --local --name-only --get-regexp 'http\.https\:\/\/github\.com\/\.extraheader' && git config --local --unset-all 'http.https://github.com/.extraheader' || :"
2026-10-03T22:18:24.3252360Z [command]/usr/bin/git config --local --name-only --get-regexp ^includeIf\.gitdir:
2026-10-03T22:18:24.3284163Z [command]/usr/bin/git submodule foreach --recursive git config --local --show-origin --name-only --get-regexp remote.origin.url
2026-10-03T22:18:24.3610763Z Cleaning up orphan processes
2026-10-03T22:18:24.3831729Z ##[warning]Node.js 20 is deprecated. The following actions target Node.js 20 but are being forced to run on Node.js 24: actions/cache@v4, actions/checkout@v4, actions/setup-python@v5, actions/upload-artifact@v4. For more information see: https://github.blog/changelog/2025-09-19-deprecation-of-node-20-on-github-actions-runners/
