2026-10-03T22:18:02.3615268Z Current runner version: '2.337.0'
2026-10-03T22:18:02.3639653Z ##[group]Runner Image Provisioner
2026-10-03T22:18:02.3640388Z Hosted Compute Agent
2026-10-03T22:18:02.3640961Z Version: 20260901.588
2026-10-03T22:18:02.3641506Z Commit: f88ec8081b781fac6c440065ac7ff9e710ce3d0b
2026-10-03T22:18:02.3642095Z Build Date: 2026-09-01T19:56:44Z
2026-10-03T22:18:02.3642720Z Worker ID: {32d29d0e-f9ed-4a90-acfc-db97f079aafe}
2026-10-03T22:18:02.3643527Z Azure Region: eastus
2026-10-03T22:18:02.3644326Z ##[endgroup]
2026-10-03T22:18:02.3645517Z ##[group]Operating System
2026-10-03T22:18:02.3646106Z Ubuntu
2026-10-03T22:18:02.3646584Z 24.04.5
2026-10-03T22:18:02.3647044Z LTS
2026-10-03T22:18:02.3647559Z ##[endgroup]
2026-10-03T22:18:02.3648018Z ##[group]Runner Image
2026-10-03T22:18:02.3648488Z Image: ubuntu-24.04
2026-10-03T22:18:02.3649012Z Version: 20260927.320.1
2026-10-03T22:18:02.3650276Z Included Software: https://github.com/actions/runner-images/blob/ubuntu24/20260927.320/images/ubuntu/Ubuntu2404-Readme.md
2026-10-03T22:18:02.3651618Z Image Release: https://github.com/actions/runner-images/releases/tag/ubuntu24%2F20260927.320
2026-10-03T22:18:02.3652407Z ##[endgroup]
2026-10-03T22:18:02.3653636Z ##[group]GITHUB_TOKEN Permissions
2026-10-03T22:18:02.3655446Z Actions: read
2026-10-03T22:18:02.3655965Z Contents: read
2026-10-03T22:18:02.3656432Z Metadata: read
2026-10-03T22:18:02.3656939Z ##[endgroup]
2026-10-03T22:18:02.3658719Z Secret source: Actions
2026-10-03T22:18:02.3659554Z Cache mode: write
2026-10-03T22:18:02.3660318Z Prepare workflow directory
2026-10-03T22:18:02.4148889Z Prepare all required actions
2026-10-03T22:18:02.4188840Z Getting action download info
2026-10-03T22:18:02.6042233Z Download action repository 'actions/checkout@v4' (SHA:11d5960a326750d5838078e36cf38b85af677262)
2026-10-03T22:18:03.0411443Z Download action repository 'actions/setup-python@v5' (SHA:a26af69be951a213d495a4c3e4e4022e16d87065)
2026-10-03T22:18:03.4718134Z Download action repository 'actions/cache@v4' (SHA:0057852bfaa89a56745cba8c7296529d2fc39830)
2026-10-03T22:18:03.7737685Z Download action repository 'actions/upload-artifact@v4' (SHA:ea165f8d65b6e75b540449e92b4886f43607fa02)
2026-10-03T22:18:04.3336658Z Complete job name: development (4)
2026-10-03T22:18:04.3881562Z ##[group]Run actions/checkout@v4
2026-10-03T22:18:04.3882095Z with:
2026-10-03T22:18:04.3882392Z   repository: duuu-hub/bb-scanner
2026-10-03T22:18:04.3884838Z   token: ***
2026-10-03T22:18:04.3885119Z   ssh-strict: true
2026-10-03T22:18:04.3885402Z   ssh-user: git
2026-10-03T22:18:04.3885691Z   persist-credentials: true
2026-10-03T22:18:04.3885995Z   clean: true
2026-10-03T22:18:04.3886281Z   sparse-checkout-cone-mode: true
2026-10-03T22:18:04.3886602Z   fetch-depth: 1
2026-10-03T22:18:04.3886879Z   fetch-tags: false
2026-10-03T22:18:04.3887169Z   show-progress: true
2026-10-03T22:18:04.3887451Z   lfs: false
2026-10-03T22:18:04.3887723Z   submodules: false
2026-10-03T22:18:04.3888002Z   set-safe-directory: true
2026-10-03T22:18:04.3888323Z   allow-unsafe-pr-checkout: false
2026-10-03T22:18:04.3888823Z env:
2026-10-03T22:18:04.3890963Z   GH_TOKEN: ***
2026-10-03T22:18:04.3891241Z ##[endgroup]
2026-10-03T22:18:04.4705738Z Syncing repository: duuu-hub/bb-scanner
2026-10-03T22:18:04.4707527Z ##[group]Getting Git version info
2026-10-03T22:18:04.4708242Z Working directory is '/home/runner/work/bb-scanner/bb-scanner'
2026-10-03T22:18:04.4709191Z [command]/usr/bin/git version
2026-10-03T22:18:04.5095844Z git version 2.55.0
2026-10-03T22:18:04.5113010Z ##[endgroup]
2026-10-03T22:18:04.5125877Z Temporarily overriding HOME='/home/runner/work/_temp/43156a39-03b3-43c4-b1b7-dcfdb3e4f2e4' before making global git config changes
2026-10-03T22:18:04.5130599Z Adding repository directory to the temporary git global config as a safe directory
2026-10-03T22:18:04.5131593Z [command]/usr/bin/git config --global --add safe.directory /home/runner/work/bb-scanner/bb-scanner
2026-10-03T22:18:04.5185331Z Deleting the contents of '/home/runner/work/bb-scanner/bb-scanner'
2026-10-03T22:18:04.5189786Z ##[group]Initializing the repository
2026-10-03T22:18:04.5192431Z [command]/usr/bin/git init /home/runner/work/bb-scanner/bb-scanner
2026-10-03T22:18:04.5350693Z hint: Using 'master' as the name for the initial branch. This default branch name
2026-10-03T22:18:04.5352352Z hint: will change to "main" in Git 3.0. To configure the initial branch name
2026-10-03T22:18:04.5353587Z hint: to use in all of your new repositories, which will suppress this warning,
2026-10-03T22:18:04.5354435Z hint: call:
2026-10-03T22:18:04.5354982Z hint:
2026-10-03T22:18:04.5355644Z hint: 	git config --global init.defaultBranch <name>
2026-10-03T22:18:04.5356349Z hint:
2026-10-03T22:18:04.5357030Z hint: Names commonly chosen instead of 'master' are 'main', 'trunk' and
2026-10-03T22:18:04.5358819Z hint: 'development'. The just-created branch can be renamed via this command:
2026-10-03T22:18:04.5359656Z hint:
2026-10-03T22:18:04.5360265Z hint: 	git branch -m <name>
2026-10-03T22:18:04.5360872Z hint:
2026-10-03T22:18:04.5361667Z hint: Disable this message with "git config set advice.defaultBranchName false"
2026-10-03T22:18:04.5363066Z Initialized empty Git repository in /home/runner/work/bb-scanner/bb-scanner/.git/
2026-10-03T22:18:04.5365464Z [command]/usr/bin/git remote add origin https://github.com/duuu-hub/bb-scanner
2026-10-03T22:18:04.5600832Z ##[endgroup]
2026-10-03T22:18:04.5601551Z ##[group]Disabling automatic garbage collection
2026-10-03T22:18:04.5604704Z [command]/usr/bin/git config --local gc.auto 0
2026-10-03T22:18:04.5680531Z ##[endgroup]
2026-10-03T22:18:04.5681249Z ##[group]Setting up auth
2026-10-03T22:18:04.5686392Z [command]/usr/bin/git config --local --name-only --get-regexp core\.sshCommand
2026-10-03T22:18:04.5715433Z [command]/usr/bin/git submodule foreach --recursive sh -c "git config --local --name-only --get-regexp 'core\.sshCommand' && git config --local --unset-all 'core.sshCommand' || :"
2026-10-03T22:18:04.5990870Z [command]/usr/bin/git config --local --name-only --get-regexp http\.https\:\/\/github\.com\/\.extraheader
2026-10-03T22:18:04.6022234Z [command]/usr/bin/git submodule foreach --recursive sh -c "git config --local --name-only --get-regexp 'http\.https\:\/\/github\.com\/\.extraheader' && git config --local --unset-all 'http.https://github.com/.extraheader' || :"
2026-10-03T22:18:04.6216940Z [command]/usr/bin/git config --local --name-only --get-regexp ^includeIf\.gitdir:
2026-10-03T22:18:04.6246895Z [command]/usr/bin/git submodule foreach --recursive git config --local --show-origin --name-only --get-regexp remote.origin.url
2026-10-03T22:18:04.6434577Z [command]/usr/bin/git config --local http.https://github.com/.extraheader AUTHORIZATION: basic ***
2026-10-03T22:18:04.7197936Z ##[endgroup]
2026-10-03T22:18:04.7198772Z ##[group]Fetching the repository
2026-10-03T22:18:04.7206840Z [command]/usr/bin/git -c protocol.version=2 fetch --no-tags --prune --no-recurse-submodules --depth=1 origin +0706d1447116b3ae3370ae73f99480d7b5eb9c9b:refs/remotes/origin/research-fragmented-chase-exhaustion-v22
2026-10-03T22:18:05.8874981Z From https://github.com/duuu-hub/bb-scanner
2026-10-03T22:18:05.8875852Z  * [new ref]         0706d1447116b3ae3370ae73f99480d7b5eb9c9b -> origin/research-fragmented-chase-exhaustion-v22
2026-10-03T22:18:05.8878264Z ##[endgroup]
2026-10-03T22:18:05.8878792Z ##[group]Determining the checkout info
2026-10-03T22:18:05.8950954Z ##[endgroup]
2026-10-03T22:18:05.8951555Z [command]/usr/bin/git sparse-checkout disable
2026-10-03T22:18:05.8952576Z [command]/usr/bin/git config --local --unset-all extensions.worktreeConfig
2026-10-03T22:18:05.8975510Z ##[group]Checking out the ref
2026-10-03T22:18:05.8979902Z [command]/usr/bin/git checkout --progress --force -B research-fragmented-chase-exhaustion-v22 refs/remotes/origin/research-fragmented-chase-exhaustion-v22
2026-10-03T22:18:06.0937274Z Switched to a new branch 'research-fragmented-chase-exhaustion-v22'
2026-10-03T22:18:06.0943832Z branch 'research-fragmented-chase-exhaustion-v22' set up to track 'origin/research-fragmented-chase-exhaustion-v22'.
2026-10-03T22:18:06.0950391Z ##[endgroup]
2026-10-03T22:18:06.0990707Z [command]/usr/bin/git log -1 --format=%H
2026-10-03T22:18:06.1013460Z 0706d1447116b3ae3370ae73f99480d7b5eb9c9b
2026-10-03T22:18:06.1221282Z ##[group]Run actions/setup-python@v5
2026-10-03T22:18:06.1221539Z with:
2026-10-03T22:18:06.1221712Z   python-version: 3.12
2026-10-03T22:18:06.1221894Z   check-latest: false
2026-10-03T22:18:06.1224113Z   token: ***
2026-10-03T22:18:06.1224297Z   update-environment: true
2026-10-03T22:18:06.1224512Z   allow-prereleases: false
2026-10-03T22:18:06.1224718Z   freethreaded: false
2026-10-03T22:18:06.1224894Z env:
2026-10-03T22:18:06.1226909Z   GH_TOKEN: ***
2026-10-03T22:18:06.1227078Z ##[endgroup]
2026-10-03T22:18:06.2285460Z ##[group]Installed versions
2026-10-03T22:18:06.2345882Z (node:2092) [DEP0040] DeprecationWarning: The `punycode` module is deprecated. Please use a userland alternative instead.
2026-10-03T22:18:06.2346784Z (Use `node --trace-deprecation ...` to show where the warning was created)
2026-10-03T22:18:06.2347346Z Successfully set up CPython (3.12.14)
2026-10-03T22:18:06.2347958Z ##[endgroup]
2026-10-03T22:18:06.2495382Z ##[group]Run set -euo pipefail
2026-10-03T22:18:06.2495855Z [36;1mset -euo pipefail[0m
2026-10-03T22:18:06.2496223Z [36;1mpip install pandas==2.3.3 numpy==2.3.3[0m
2026-10-03T22:18:06.2737502Z shell: /usr/bin/bash --noprofile --norc -e -o pipefail {0}
2026-10-03T22:18:06.2737846Z env:
2026-10-03T22:18:06.2740122Z   GH_TOKEN: ***
2026-10-03T22:18:06.2740377Z   pythonLocation: /opt/hostedtoolcache/Python/3.12.14/x64
2026-10-03T22:18:06.2740738Z   PKG_CONFIG_PATH: /opt/hostedtoolcache/Python/3.12.14/x64/lib/pkgconfig
2026-10-03T22:18:06.2741079Z   Python_ROOT_DIR: /opt/hostedtoolcache/Python/3.12.14/x64
2026-10-03T22:18:06.2741391Z   Python2_ROOT_DIR: /opt/hostedtoolcache/Python/3.12.14/x64
2026-10-03T22:18:06.2741695Z   Python3_ROOT_DIR: /opt/hostedtoolcache/Python/3.12.14/x64
2026-10-03T22:18:06.2741993Z   LD_LIBRARY_PATH: /opt/hostedtoolcache/Python/3.12.14/x64/lib
2026-10-03T22:18:06.2742296Z ##[endgroup]
2026-10-03T22:18:07.1029367Z Collecting pandas==2.3.3
2026-10-03T22:18:07.1482538Z   Downloading pandas-2.3.3-cp312-cp312-manylinux_2_24_x86_64.manylinux_2_28_x86_64.whl.metadata (91 kB)
2026-10-03T22:18:07.3213038Z Collecting numpy==2.3.3
2026-10-03T22:18:07.3302128Z   Downloading numpy-2.3.3-cp312-cp312-manylinux_2_27_x86_64.manylinux_2_28_x86_64.whl.metadata (62 kB)
2026-10-03T22:18:07.3609753Z Collecting python-dateutil>=2.8.2 (from pandas==2.3.3)
2026-10-03T22:18:07.3701318Z   Downloading python_dateutil-2.9.0.post0-py2.py3-none-any.whl.metadata (8.4 kB)
2026-10-03T22:18:07.3945622Z Collecting pytz>=2020.1 (from pandas==2.3.3)
2026-10-03T22:18:07.3989525Z   Downloading pytz-2026.4-py2.py3-none-any.whl.metadata (22 kB)
2026-10-03T22:18:07.4114637Z Collecting tzdata>=2022.7 (from pandas==2.3.3)
2026-10-03T22:18:07.4146231Z   Downloading tzdata-2026.5-py2.py3-none-any.whl.metadata (1.4 kB)
2026-10-03T22:18:07.4250863Z Collecting six>=1.5 (from python-dateutil>=2.8.2->pandas==2.3.3)
2026-10-03T22:18:07.4283974Z   Downloading six-1.17.0-py2.py3-none-any.whl.metadata (1.7 kB)
2026-10-03T22:18:07.4349149Z Downloading pandas-2.3.3-cp312-cp312-manylinux_2_24_x86_64.manylinux_2_28_x86_64.whl (12.4 MB)
2026-10-03T22:18:07.6127544Z    ━━━━━━━━━━━━━━━━━━━━━━━━━━━━━━━━━━━━━━━━ 12.4/12.4 MB 73.1 MB/s  0:00:00
2026-10-03T22:18:07.6190686Z Downloading numpy-2.3.3-cp312-cp312-manylinux_2_27_x86_64.manylinux_2_28_x86_64.whl (16.6 MB)
2026-10-03T22:18:07.9187542Z    ━━━━━━━━━━━━━━━━━━━━━━━━━━━━━━━━━━━━━━━━ 16.6/16.6 MB 55.3 MB/s  0:00:00
2026-10-03T22:18:07.9244999Z Downloading python_dateutil-2.9.0.post0-py2.py3-none-any.whl (229 kB)
2026-10-03T22:18:07.9312748Z Downloading pytz-2026.4-py2.py3-none-any.whl (506 kB)
2026-10-03T22:18:07.9405724Z Downloading six-1.17.0-py2.py3-none-any.whl (11 kB)
2026-10-03T22:18:07.9458313Z Downloading tzdata-2026.5-py2.py3-none-any.whl (347 kB)
2026-10-03T22:18:08.0857714Z Installing collected packages: pytz, tzdata, six, numpy, python-dateutil, pandas
2026-10-03T22:18:13.6638959Z 
2026-10-03T22:18:13.6650180Z Successfully installed numpy-2.3.3 pandas-2.3.3 python-dateutil-2.9.0.post0 pytz-2026.4 six-1.17.0 tzdata-2026.5
2026-10-03T22:18:13.7239115Z ##[group]Run actions/cache@v4
2026-10-03T22:18:13.7239328Z with:
2026-10-03T22:18:13.7239486Z   path: data
2026-10-03T22:18:13.7239667Z   key: frozen-source-36095439671-15m-shard-4
2026-10-03T22:18:13.7239903Z   enableCrossOsArchive: false
2026-10-03T22:18:13.7240108Z   fail-on-cache-miss: false
2026-10-03T22:18:13.7240299Z   lookup-only: false
2026-10-03T22:18:13.7240474Z   save-always: false
2026-10-03T22:18:13.7240633Z env:
2026-10-03T22:18:13.7242714Z   GH_TOKEN: ***
2026-10-03T22:18:13.7243151Z   pythonLocation: /opt/hostedtoolcache/Python/3.12.14/x64
2026-10-03T22:18:13.7243497Z   PKG_CONFIG_PATH: /opt/hostedtoolcache/Python/3.12.14/x64/lib/pkgconfig
2026-10-03T22:18:13.7243827Z   Python_ROOT_DIR: /opt/hostedtoolcache/Python/3.12.14/x64
2026-10-03T22:18:13.7244124Z   Python2_ROOT_DIR: /opt/hostedtoolcache/Python/3.12.14/x64
2026-10-03T22:18:13.7244439Z   Python3_ROOT_DIR: /opt/hostedtoolcache/Python/3.12.14/x64
2026-10-03T22:18:13.7244757Z   LD_LIBRARY_PATH: /opt/hostedtoolcache/Python/3.12.14/x64/lib
2026-10-03T22:18:13.7245019Z ##[endgroup]
2026-10-03T22:18:13.8084737Z (node:2128) [DEP0040] DeprecationWarning: The `punycode` module is deprecated. Please use a userland alternative instead.
2026-10-03T22:18:13.8085449Z (Use `node --trace-deprecation ...` to show where the warning was created)
2026-10-03T22:18:13.8548483Z Cache not found for input keys: frozen-source-36095439671-15m-shard-4
2026-10-03T22:18:13.8622528Z ##[group]Run set -euo pipefail
2026-10-03T22:18:13.8623004Z [36;1mset -euo pipefail[0m
2026-10-03T22:18:13.8623287Z [36;1mif [ '' != 'true' ]; then[0m
2026-10-03T22:18:13.8623870Z [36;1m  gh run download 36095439671 -R duuu-hub/bb-scanner -n rank5-binance-um-15m-5y-data-shard-4 -D data[0m
2026-10-03T22:18:13.8624279Z [36;1mfi[0m
2026-10-03T22:18:13.8624555Z [36;1mgh run download 36858492497 -R duuu-hub/bb-scanner -n day-edge-v2-btc -D btc[0m
2026-10-03T22:18:13.8625097Z [36;1mgh run download 36095439671 -R duuu-hub/bb-scanner -n rank5-binance-um-15m-5y-manifest-shard-4 -D source-manifest[0m
2026-10-03T22:18:13.8625963Z [36;1mpython scripts/research_evidence_archive.py verify-source --data data --manifests source-manifest --baseline research/fragmented-chase-exhaustion-v22/FROZEN_INPUT_HASHES.json --out source-check.json[0m
2026-10-03T22:18:13.8681743Z shell: /usr/bin/bash --noprofile --norc -e -o pipefail {0}
2026-10-03T22:18:13.8682023Z env:
2026-10-03T22:18:13.8684338Z   GH_TOKEN: ***
2026-10-03T22:18:13.8684581Z   pythonLocation: /opt/hostedtoolcache/Python/3.12.14/x64
2026-10-03T22:18:13.8684926Z   PKG_CONFIG_PATH: /opt/hostedtoolcache/Python/3.12.14/x64/lib/pkgconfig
2026-10-03T22:18:13.8685258Z   Python_ROOT_DIR: /opt/hostedtoolcache/Python/3.12.14/x64
2026-10-03T22:18:13.8685558Z   Python2_ROOT_DIR: /opt/hostedtoolcache/Python/3.12.14/x64
2026-10-03T22:18:13.8685856Z   Python3_ROOT_DIR: /opt/hostedtoolcache/Python/3.12.14/x64
2026-10-03T22:18:13.8686170Z   LD_LIBRARY_PATH: /opt/hostedtoolcache/Python/3.12.14/x64/lib
2026-10-03T22:18:13.8686428Z ##[endgroup]
2026-10-03T22:18:21.8726232Z FROZEN_SOURCE_VERIFIED 107 files 37 prior SHA256 matches
2026-10-03T22:18:21.9145471Z ##[group]Run actions/cache@v4
2026-10-03T22:18:21.9145684Z with:
2026-10-03T22:18:21.9145847Z   path: cache/verified-1m
2026-10-03T22:18:21.9146086Z   key: fragmented-chase-exhaustion-v22-dev-1m-shard-4
2026-10-03T22:18:21.9146940Z   restore-keys: taker-absorption-release-v12-dev-1m-shard-4
aggressive-flow-cascade-v11-dev-1m-shard-4
residual-reversion-v10-dev-1m-shard-4
cross-sectional-leader-v9-dev-1m-shard-4
premium-absorption-v8-dev-1m-shard-4
factor-lag-v6-dev-1m-shard-4
2026-10-03T22:18:21.9147736Z   enableCrossOsArchive: false
2026-10-03T22:18:21.9147935Z   fail-on-cache-miss: false
2026-10-03T22:18:21.9148126Z   lookup-only: false
2026-10-03T22:18:21.9148296Z   save-always: false
2026-10-03T22:18:21.9148455Z env:
2026-10-03T22:18:21.9150996Z   GH_TOKEN: ***
2026-10-03T22:18:21.9151240Z   pythonLocation: /opt/hostedtoolcache/Python/3.12.14/x64
2026-10-03T22:18:21.9151579Z   PKG_CONFIG_PATH: /opt/hostedtoolcache/Python/3.12.14/x64/lib/pkgconfig
2026-10-03T22:18:21.9151932Z   Python_ROOT_DIR: /opt/hostedtoolcache/Python/3.12.14/x64
2026-10-03T22:18:21.9152231Z   Python2_ROOT_DIR: /opt/hostedtoolcache/Python/3.12.14/x64
2026-10-03T22:18:21.9152522Z   Python3_ROOT_DIR: /opt/hostedtoolcache/Python/3.12.14/x64
2026-10-03T22:18:21.9153054Z   LD_LIBRARY_PATH: /opt/hostedtoolcache/Python/3.12.14/x64/lib
2026-10-03T22:18:21.9153344Z ##[endgroup]
2026-10-03T22:18:22.0043283Z (node:2172) [DEP0040] DeprecationWarning: The `punycode` module is deprecated. Please use a userland alternative instead.
2026-10-03T22:18:22.0043976Z (Use `node --trace-deprecation ...` to show where the warning was created)
2026-10-03T22:18:22.0553583Z Cache not found for input keys: fragmented-chase-exhaustion-v22-dev-1m-shard-4, taker-absorption-release-v12-dev-1m-shard-4, aggressive-flow-cascade-v11-dev-1m-shard-4, residual-reversion-v10-dev-1m-shard-4, cross-sectional-leader-v9-dev-1m-shard-4, premium-absorption-v8-dev-1m-shard-4, factor-lag-v6-dev-1m-shard-4
2026-10-03T22:18:22.0636438Z ##[group]Run set -euo pipefail
2026-10-03T22:18:22.0636727Z [36;1mset -euo pipefail[0m
2026-10-03T22:18:22.0637347Z [36;1mpython scripts/fragmented_chase_exhaustion_v22.py scan --stage DEV --data data --btc btc/BTCUSDT.csv.gz --source-check source-check.json --out dev-4 --minute-cache cache/verified-1m[0m
2026-10-03T22:18:22.0696338Z shell: /usr/bin/bash --noprofile --norc -e -o pipefail {0}
2026-10-03T22:18:22.0696636Z env:
2026-10-03T22:18:22.0698762Z   GH_TOKEN: ***
2026-10-03T22:18:22.0699018Z   pythonLocation: /opt/hostedtoolcache/Python/3.12.14/x64
2026-10-03T22:18:22.0699397Z   PKG_CONFIG_PATH: /opt/hostedtoolcache/Python/3.12.14/x64/lib/pkgconfig
2026-10-03T22:18:22.0699755Z   Python_ROOT_DIR: /opt/hostedtoolcache/Python/3.12.14/x64
2026-10-03T22:18:22.0700068Z   Python2_ROOT_DIR: /opt/hostedtoolcache/Python/3.12.14/x64
2026-10-03T22:18:22.0700387Z   Python3_ROOT_DIR: /opt/hostedtoolcache/Python/3.12.14/x64
2026-10-03T22:18:22.0700716Z   LD_LIBRARY_PATH: /opt/hostedtoolcache/Python/3.12.14/x64/lib
2026-10-03T22:18:22.0700987Z ##[endgroup]
2026-10-03T22:18:23.2667680Z /home/runner/work/bb-scanner/bb-scanner/scripts/session_opening_range_sweep_v20.py:80: RuntimeWarning: invalid value encountered in divide
2026-10-03T22:18:23.2668623Z   f['session_vwap'][k:z]=np.where(valid,numer/denom,np.nan)
2026-10-03T22:18:23.3010512Z Traceback (most recent call last):
2026-10-03T22:18:23.3018100Z   File "/home/runner/work/bb-scanner/bb-scanner/scripts/fragmented_chase_exhaustion_v22.py", line 291, in <module>
2026-10-03T22:18:23.3018776Z     main()
2026-10-03T22:18:23.3019373Z   File "/home/runner/work/bb-scanner/bb-scanner/scripts/fragmented_chase_exhaustion_v22.py", line 284, in main
2026-10-03T22:18:23.3020186Z     if a.command=="scan":scan(a.data,a.btc,a.out,a.minute_cache,a.stage,a.source_check,a.selection)
2026-10-03T22:18:23.3020789Z                          ^^^^^^^^^^^^^^^^^^^^^^^^^^^^^^^^^^^^^^^^^^^^^^^^^^^^^^^^^^^^^^^^^^^^^^^^^^
2026-10-03T22:18:23.3021473Z   File "/home/runner/work/bb-scanner/bb-scanner/scripts/fragmented_chase_exhaustion_v22.py", line 227, in scan
2026-10-03T22:18:23.3022133Z     bind_engine(); return engine.scan(*args, **kwargs)
2026-10-03T22:18:23.3022511Z                           ^^^^^^^^^^^^^^^^^^^^^^^^^^^^
2026-10-03T22:18:23.3023345Z   File "/home/runner/work/bb-scanner/bb-scanner/scripts/session_opening_range_sweep_v20.py", line 296, in scan
2026-10-03T22:18:23.3024012Z     symbol=path.name[:-7];raw,q,buy=load(path,end)
2026-10-03T22:18:23.3024357Z                                     ^^^^^^^^^^^^^^
2026-10-03T22:18:23.3024952Z   File "/home/runner/work/bb-scanner/bb-scanner/scripts/fragmented_chase_exhaustion_v22.py", line 70, in load
2026-10-03T22:18:23.3025668Z     raise ValueError(f"bad positive integer trade count {path}")
2026-10-03T22:18:23.3026186Z ValueError: bad positive integer trade count data/1000BTTCUSDT.csv.gz
2026-10-03T22:18:23.3498031Z ##[error]Process completed with exit code 1.
2026-10-03T22:18:23.3553612Z ##[group]Run actions/upload-artifact@v4
2026-10-03T22:18:23.3553850Z with:
2026-10-03T22:18:23.3554047Z   name: fragmented-chase-exhaustion-v22-dev-4
2026-10-03T22:18:23.3554286Z   path: dev-4/
2026-10-03T22:18:23.3554458Z   retention-days: 30
2026-10-03T22:18:23.3554635Z   compression-level: 0
2026-10-03T22:18:23.3554816Z   if-no-files-found: warn
2026-10-03T22:18:23.3555008Z   overwrite: false
2026-10-03T22:18:23.3555182Z   include-hidden-files: false
2026-10-03T22:18:23.3555366Z env:
2026-10-03T22:18:23.3557459Z   GH_TOKEN: ***
2026-10-03T22:18:23.3557703Z   pythonLocation: /opt/hostedtoolcache/Python/3.12.14/x64
2026-10-03T22:18:23.3558049Z   PKG_CONFIG_PATH: /opt/hostedtoolcache/Python/3.12.14/x64/lib/pkgconfig
2026-10-03T22:18:23.3558390Z   Python_ROOT_DIR: /opt/hostedtoolcache/Python/3.12.14/x64
2026-10-03T22:18:23.3558687Z   Python2_ROOT_DIR: /opt/hostedtoolcache/Python/3.12.14/x64
2026-10-03T22:18:23.3559000Z   Python3_ROOT_DIR: /opt/hostedtoolcache/Python/3.12.14/x64
2026-10-03T22:18:23.3559317Z   LD_LIBRARY_PATH: /opt/hostedtoolcache/Python/3.12.14/x64/lib
2026-10-03T22:18:23.3559570Z ##[endgroup]
2026-10-03T22:18:23.4848342Z (node:2191) [DEP0040] DeprecationWarning: The `punycode` module is deprecated. Please use a userland alternative instead.
2026-10-03T22:18:23.4848918Z (Use `node --trace-deprecation ...` to show where the warning was created)
2026-10-03T22:18:23.4934372Z With the provided path, there will be 7 files uploaded
2026-10-03T22:18:23.4935059Z Artifact name is valid!
2026-10-03T22:18:23.4935370Z Root directory input is valid!
2026-10-03T22:18:23.7059087Z Beginning upload of artifact content to blob storage
2026-10-03T22:18:23.7295454Z (node:2191) [DEP0169] DeprecationWarning: `url.parse()` behavior is not standardized and prone to errors that have security implications. Use the WHATWG URL API instead. CVEs are not issued for `url.parse()` vulnerabilities.
2026-10-03T22:18:23.7863604Z Uploaded bytes 155452
2026-10-03T22:18:23.8015508Z Finished uploading artifact content to blob storage!
2026-10-03T22:18:23.8016359Z SHA256 digest of uploaded artifact zip is a18231ad382e7bb1906c246b340a4b896df7dc93dca3a7a16c9795aa0e948df6
2026-10-03T22:18:23.8017750Z Finalizing artifact upload
2026-10-03T22:18:23.9964839Z Artifact fragmented-chase-exhaustion-v22-dev-4.zip successfully finalized. Artifact ID 11285684023
2026-10-03T22:18:23.9965659Z Artifact fragmented-chase-exhaustion-v22-dev-4 has been successfully uploaded! Final size is 155452 bytes. Artifact ID is 11285684023
2026-10-03T22:18:23.9970181Z Artifact download URL: https://github.com/duuu-hub/bb-scanner/actions/runs/37157873856/artifacts/11285684023
2026-10-03T22:18:24.0130192Z Post job cleanup.
2026-10-03T22:18:24.0792339Z [command]/usr/bin/git version
2026-10-03T22:18:24.0824691Z git version 2.55.0
2026-10-03T22:18:24.0853408Z Temporarily overriding HOME='/home/runner/work/_temp/510fab3e-7015-4203-a692-074920dba0eb' before making global git config changes
2026-10-03T22:18:24.0854426Z Adding repository directory to the temporary git global config as a safe directory
2026-10-03T22:18:24.0857893Z [command]/usr/bin/git config --global --add safe.directory /home/runner/work/bb-scanner/bb-scanner
2026-10-03T22:18:24.1548133Z [command]/usr/bin/git config --local --name-only --get-regexp core\.sshCommand
2026-10-03T22:18:24.1583621Z [command]/usr/bin/git submodule foreach --recursive sh -c "git config --local --name-only --get-regexp 'core\.sshCommand' && git config --local --unset-all 'core.sshCommand' || :"
2026-10-03T22:18:24.1780267Z [command]/usr/bin/git config --local --name-only --get-regexp http\.https\:\/\/github\.com\/\.extraheader
2026-10-03T22:18:24.2332697Z http.https://github.com/.extraheader
2026-10-03T22:18:24.2344262Z [command]/usr/bin/git config --local --unset-all http.https://github.com/.extraheader
2026-10-03T22:18:24.2725090Z [command]/usr/bin/git submodule foreach --recursive sh -c "git config --local --name-only --get-regexp 'http\.https\:\/\/github\.com\/\.extraheader' && git config --local --unset-all 'http.https://github.com/.extraheader' || :"
2026-10-03T22:18:24.2926298Z [command]/usr/bin/git config --local --name-only --get-regexp ^includeIf\.gitdir:
2026-10-03T22:18:24.2957443Z [command]/usr/bin/git submodule foreach --recursive git config --local --show-origin --name-only --get-regexp remote.origin.url
2026-10-03T22:18:24.3266469Z Cleaning up orphan processes
2026-10-03T22:18:24.3498740Z ##[warning]Node.js 20 is deprecated. The following actions target Node.js 20 but are being forced to run on Node.js 24: actions/cache@v4, actions/checkout@v4, actions/setup-python@v5, actions/upload-artifact@v4. For more information see: https://github.blog/changelog/2025-09-19-deprecation-of-node-20-on-github-actions-runners/
