2026-10-04T05:51:18.9683588Z Current runner version: '2.337.0'
2026-10-04T05:51:18.9710277Z ##[group]Runner Image Provisioner
2026-10-04T05:51:18.9711162Z Hosted Compute Agent
2026-10-04T05:51:18.9711882Z Version: 20260901.588
2026-10-04T05:51:18.9712522Z Commit: f88ec8081b781fac6c440065ac7ff9e710ce3d0b
2026-10-04T05:51:18.9713264Z Build Date: 2026-09-01T19:56:44Z
2026-10-04T05:51:18.9714001Z Worker ID: {50dd0563-f918-4d0e-ad54-42476933eb6b}
2026-10-04T05:51:18.9714702Z Azure Region: centralus
2026-10-04T05:51:18.9715365Z ##[endgroup]
2026-10-04T05:51:18.9716802Z ##[group]Operating System
2026-10-04T05:51:18.9717461Z Ubuntu
2026-10-04T05:51:18.9718115Z 24.04.5
2026-10-04T05:51:18.9718616Z LTS
2026-10-04T05:51:18.9719966Z ##[endgroup]
2026-10-04T05:51:18.9720543Z ##[group]Runner Image
2026-10-04T05:51:18.9721153Z Image: ubuntu-24.04
2026-10-04T05:51:18.9721826Z Version: 20260927.320.1
2026-10-04T05:51:18.9723063Z Included Software: https://github.com/actions/runner-images/blob/ubuntu24/20260927.320/images/ubuntu/Ubuntu2404-Readme.md
2026-10-04T05:51:18.9724724Z Image Release: https://github.com/actions/runner-images/releases/tag/ubuntu24%2F20260927.320
2026-10-04T05:51:18.9725678Z ##[endgroup]
2026-10-04T05:51:18.9726936Z ##[group]GITHUB_TOKEN Permissions
2026-10-04T05:51:18.9729292Z Actions: read
2026-10-04T05:51:18.9730011Z Contents: read
2026-10-04T05:51:18.9730605Z Metadata: read
2026-10-04T05:51:18.9731194Z ##[endgroup]
2026-10-04T05:51:18.9733282Z Secret source: Actions
2026-10-04T05:51:18.9734314Z Cache mode: write
2026-10-04T05:51:18.9735384Z Prepare workflow directory
2026-10-04T05:51:19.0259511Z Prepare all required actions
2026-10-04T05:51:19.0306982Z Getting action download info
2026-10-04T05:51:19.3024794Z Download action repository 'actions/checkout@v4' (SHA:11d5960a326750d5838078e36cf38b85af677262)
2026-10-04T05:51:19.4183378Z Download action repository 'actions/setup-python@v5' (SHA:a26af69be951a213d495a4c3e4e4022e16d87065)
2026-10-04T05:51:19.5043001Z Download action repository 'actions/cache@v4' (SHA:0057852bfaa89a56745cba8c7296529d2fc39830)
2026-10-04T05:51:19.6037815Z Download action repository 'actions/upload-artifact@v4' (SHA:ea165f8d65b6e75b540449e92b4886f43607fa02)
2026-10-04T05:51:19.8175013Z Complete job name: development (7)
2026-10-04T05:51:19.8887441Z ##[group]Run actions/checkout@v4
2026-10-04T05:51:19.8888333Z with:
2026-10-04T05:51:19.8888780Z   repository: duuu-hub/bb-scanner
2026-10-04T05:51:19.8892631Z   token: ***
2026-10-04T05:51:19.8893056Z   ssh-strict: true
2026-10-04T05:51:19.8893729Z   ssh-user: git
2026-10-04T05:51:19.8894257Z   persist-credentials: true
2026-10-04T05:51:19.8894743Z   clean: true
2026-10-04T05:51:19.8895186Z   sparse-checkout-cone-mode: true
2026-10-04T05:51:19.8895697Z   fetch-depth: 1
2026-10-04T05:51:19.8896116Z   fetch-tags: false
2026-10-04T05:51:19.8896551Z   show-progress: true
2026-10-04T05:51:19.8896986Z   lfs: false
2026-10-04T05:51:19.8897388Z   submodules: false
2026-10-04T05:51:19.8897830Z   set-safe-directory: true
2026-10-04T05:51:19.8898317Z   allow-unsafe-pr-checkout: false
2026-10-04T05:51:19.8899458Z env:
2026-10-04T05:51:19.8902961Z   GH_TOKEN: ***
2026-10-04T05:51:19.8903380Z ##[endgroup]
2026-10-04T05:51:19.9979549Z Syncing repository: duuu-hub/bb-scanner
2026-10-04T05:51:19.9983407Z ##[group]Getting Git version info
2026-10-04T05:51:19.9984725Z Working directory is '/home/runner/work/bb-scanner/bb-scanner'
2026-10-04T05:51:19.9987710Z [command]/usr/bin/git version
2026-10-04T05:51:20.0124379Z git version 2.55.0
2026-10-04T05:51:20.0147263Z ##[endgroup]
2026-10-04T05:51:20.0165292Z Temporarily overriding HOME='/home/runner/work/_temp/cc10cb7f-907f-44e9-b86b-b8abaed454b9' before making global git config changes
2026-10-04T05:51:20.0168167Z Adding repository directory to the temporary git global config as a safe directory
2026-10-04T05:51:20.0172528Z [command]/usr/bin/git config --global --add safe.directory /home/runner/work/bb-scanner/bb-scanner
2026-10-04T05:51:20.0236118Z Deleting the contents of '/home/runner/work/bb-scanner/bb-scanner'
2026-10-04T05:51:20.0257612Z ##[group]Initializing the repository
2026-10-04T05:51:20.0273806Z [command]/usr/bin/git init /home/runner/work/bb-scanner/bb-scanner
2026-10-04T05:51:20.0446729Z hint: Using 'master' as the name for the initial branch. This default branch name
2026-10-04T05:51:20.0448953Z hint: will change to "main" in Git 3.0. To configure the initial branch name
2026-10-04T05:51:20.0451085Z hint: to use in all of your new repositories, which will suppress this warning,
2026-10-04T05:51:20.0452535Z hint: call:
2026-10-04T05:51:20.0453426Z hint:
2026-10-04T05:51:20.0454616Z hint: 	git config --global init.defaultBranch <name>
2026-10-04T05:51:20.0455772Z hint:
2026-10-04T05:51:20.0456893Z hint: Names commonly chosen instead of 'master' are 'main', 'trunk' and
2026-10-04T05:51:20.0459287Z hint: 'development'. The just-created branch can be renamed via this command:
2026-10-04T05:51:20.0460848Z hint:
2026-10-04T05:51:20.0461737Z hint: 	git branch -m <name>
2026-10-04T05:51:20.0462639Z hint:
2026-10-04T05:51:20.0463752Z hint: Disable this message with "git config set advice.defaultBranchName false"
2026-10-04T05:51:20.0465739Z Initialized empty Git repository in /home/runner/work/bb-scanner/bb-scanner/.git/
2026-10-04T05:51:20.0469600Z [command]/usr/bin/git remote add origin https://github.com/duuu-hub/bb-scanner
2026-10-04T05:51:20.0592171Z ##[endgroup]
2026-10-04T05:51:20.0593403Z ##[group]Disabling automatic garbage collection
2026-10-04T05:51:20.0594303Z [command]/usr/bin/git config --local gc.auto 0
2026-10-04T05:51:20.0608046Z ##[endgroup]
2026-10-04T05:51:20.0609473Z ##[group]Setting up auth
2026-10-04T05:51:20.0618165Z [command]/usr/bin/git config --local --name-only --get-regexp core\.sshCommand
2026-10-04T05:51:20.0660665Z [command]/usr/bin/git submodule foreach --recursive sh -c "git config --local --name-only --get-regexp 'core\.sshCommand' && git config --local --unset-all 'core.sshCommand' || :"
2026-10-04T05:51:20.1105466Z [command]/usr/bin/git config --local --name-only --get-regexp http\.https\:\/\/github\.com\/\.extraheader
2026-10-04T05:51:20.1146467Z [command]/usr/bin/git submodule foreach --recursive sh -c "git config --local --name-only --get-regexp 'http\.https\:\/\/github\.com\/\.extraheader' && git config --local --unset-all 'http.https://github.com/.extraheader' || :"
2026-10-04T05:51:20.1377994Z [command]/usr/bin/git config --local --name-only --get-regexp ^includeIf\.gitdir:
2026-10-04T05:51:20.1416552Z [command]/usr/bin/git submodule foreach --recursive git config --local --show-origin --name-only --get-regexp remote.origin.url
2026-10-04T05:51:20.1648570Z [command]/usr/bin/git config --local http.https://github.com/.extraheader AUTHORIZATION: basic ***
2026-10-04T05:51:20.1692483Z ##[endgroup]
2026-10-04T05:51:20.1693904Z ##[group]Fetching the repository
2026-10-04T05:51:20.1704004Z [command]/usr/bin/git -c protocol.version=2 fetch --no-tags --prune --no-recurse-submodules --depth=1 origin +588f7c00531231b0be9fdab6de8bc8c043479c9a:refs/remotes/origin/research-path-efficiency-resumption-v23
2026-10-04T05:51:21.3961687Z From https://github.com/duuu-hub/bb-scanner
2026-10-04T05:51:21.3964276Z  * [new ref]         588f7c00531231b0be9fdab6de8bc8c043479c9a -> origin/research-path-efficiency-resumption-v23
2026-10-04T05:51:21.3969656Z ##[endgroup]
2026-10-04T05:51:21.3971821Z ##[group]Determining the checkout info
2026-10-04T05:51:21.3974107Z ##[endgroup]
2026-10-04T05:51:21.4051145Z [command]/usr/bin/git sparse-checkout disable
2026-10-04T05:51:21.4054872Z [command]/usr/bin/git config --local --unset-all extensions.worktreeConfig
2026-10-04T05:51:21.4079282Z ##[group]Checking out the ref
2026-10-04T05:51:21.4084751Z [command]/usr/bin/git checkout --progress --force -B research-path-efficiency-resumption-v23 refs/remotes/origin/research-path-efficiency-resumption-v23
2026-10-04T05:51:21.6400469Z Switched to a new branch 'research-path-efficiency-resumption-v23'
2026-10-04T05:51:21.6410203Z branch 'research-path-efficiency-resumption-v23' set up to track 'origin/research-path-efficiency-resumption-v23'.
2026-10-04T05:51:21.6417001Z ##[endgroup]
2026-10-04T05:51:21.6467148Z [command]/usr/bin/git log -1 --format=%H
2026-10-04T05:51:21.6494786Z 588f7c00531231b0be9fdab6de8bc8c043479c9a
2026-10-04T05:51:21.6755575Z ##[group]Run actions/setup-python@v5
2026-10-04T05:51:21.6755999Z with:
2026-10-04T05:51:21.6756271Z   python-version: 3.12
2026-10-04T05:51:21.6756563Z   check-latest: false
2026-10-04T05:51:21.6759441Z   token: ***
2026-10-04T05:51:21.6759757Z   update-environment: true
2026-10-04T05:51:21.6760087Z   allow-prereleases: false
2026-10-04T05:51:21.6760382Z   freethreaded: false
2026-10-04T05:51:21.6760648Z env:
2026-10-04T05:51:21.6763090Z   GH_TOKEN: ***
2026-10-04T05:51:21.6763346Z ##[endgroup]
2026-10-04T05:51:21.8092495Z ##[group]Installed versions
2026-10-04T05:51:21.8181587Z (node:2281) [DEP0040] DeprecationWarning: The `punycode` module is deprecated. Please use a userland alternative instead.
2026-10-04T05:51:21.8182579Z (Use `node --trace-deprecation ...` to show where the warning was created)
2026-10-04T05:51:21.8183457Z Successfully set up CPython (3.12.14)
2026-10-04T05:51:21.8184493Z ##[endgroup]
2026-10-04T05:51:21.8390734Z ##[group]Run set -euo pipefail
2026-10-04T05:51:21.8391204Z [36;1mset -euo pipefail[0m
2026-10-04T05:51:21.8391568Z [36;1mpip install pandas==2.3.3 numpy==2.3.3[0m
2026-10-04T05:51:21.8764953Z shell: /usr/bin/bash --noprofile --norc -e -o pipefail {0}
2026-10-04T05:51:21.8765511Z env:
2026-10-04T05:51:21.8768635Z   GH_TOKEN: ***
2026-10-04T05:51:21.8769281Z   pythonLocation: /opt/hostedtoolcache/Python/3.12.14/x64
2026-10-04T05:51:21.8769836Z   PKG_CONFIG_PATH: /opt/hostedtoolcache/Python/3.12.14/x64/lib/pkgconfig
2026-10-04T05:51:21.8770353Z   Python_ROOT_DIR: /opt/hostedtoolcache/Python/3.12.14/x64
2026-10-04T05:51:21.8770825Z   Python2_ROOT_DIR: /opt/hostedtoolcache/Python/3.12.14/x64
2026-10-04T05:51:21.8771292Z   Python3_ROOT_DIR: /opt/hostedtoolcache/Python/3.12.14/x64
2026-10-04T05:51:21.8771771Z   LD_LIBRARY_PATH: /opt/hostedtoolcache/Python/3.12.14/x64/lib
2026-10-04T05:51:21.8772202Z ##[endgroup]
2026-10-04T05:51:22.9967830Z Collecting pandas==2.3.3
2026-10-04T05:51:23.0708466Z   Downloading pandas-2.3.3-cp312-cp312-manylinux_2_24_x86_64.manylinux_2_28_x86_64.whl.metadata (91 kB)
2026-10-04T05:51:23.3526507Z Collecting numpy==2.3.3
2026-10-04T05:51:23.3648358Z   Downloading numpy-2.3.3-cp312-cp312-manylinux_2_27_x86_64.manylinux_2_28_x86_64.whl.metadata (62 kB)
2026-10-04T05:51:23.4016821Z Collecting python-dateutil>=2.8.2 (from pandas==2.3.3)
2026-10-04T05:51:23.4122226Z   Downloading python_dateutil-2.9.0.post0-py2.py3-none-any.whl.metadata (8.4 kB)
2026-10-04T05:51:23.4545914Z Collecting pytz>=2020.1 (from pandas==2.3.3)
2026-10-04T05:51:23.4651223Z   Downloading pytz-2026.5-py2.py3-none-any.whl.metadata (22 kB)
2026-10-04T05:51:23.4868390Z Collecting tzdata>=2022.7 (from pandas==2.3.3)
2026-10-04T05:51:23.4972313Z   Downloading tzdata-2026.5-py2.py3-none-any.whl.metadata (1.4 kB)
2026-10-04T05:51:23.5205164Z Collecting six>=1.5 (from python-dateutil>=2.8.2->pandas==2.3.3)
2026-10-04T05:51:23.5311149Z   Downloading six-1.17.0-py2.py3-none-any.whl.metadata (1.7 kB)
2026-10-04T05:51:23.5450686Z Downloading pandas-2.3.3-cp312-cp312-manylinux_2_24_x86_64.manylinux_2_28_x86_64.whl (12.4 MB)
2026-10-04T05:51:23.9880874Z    ━━━━━━━━━━━━━━━━━━━━━━━━━━━━━━━━━━━━━━━━ 12.4/12.4 MB 29.5 MB/s  0:00:00
2026-10-04T05:51:23.9979570Z Downloading numpy-2.3.3-cp312-cp312-manylinux_2_27_x86_64.manylinux_2_28_x86_64.whl (16.6 MB)
2026-10-04T05:51:24.1646278Z    ━━━━━━━━━━━━━━━━━━━━━━━━━━━━━━━━━━━━━━━━ 16.6/16.6 MB 100.5 MB/s  0:00:00
2026-10-04T05:51:24.1751870Z Downloading python_dateutil-2.9.0.post0-py2.py3-none-any.whl (229 kB)
2026-10-04T05:51:24.1884647Z Downloading pytz-2026.5-py2.py3-none-any.whl (506 kB)
2026-10-04T05:51:24.2027260Z Downloading six-1.17.0-py2.py3-none-any.whl (11 kB)
2026-10-04T05:51:24.2150116Z Downloading tzdata-2026.5-py2.py3-none-any.whl (347 kB)
2026-10-04T05:51:24.5292481Z Installing collected packages: pytz, tzdata, six, numpy, python-dateutil, pandas
2026-10-04T05:51:31.5282533Z 
2026-10-04T05:51:31.5296303Z Successfully installed numpy-2.3.3 pandas-2.3.3 python-dateutil-2.9.0.post0 pytz-2026.5 six-1.17.0 tzdata-2026.5
2026-10-04T05:51:31.6004246Z ##[group]Run actions/cache@v4
2026-10-04T05:51:31.6004540Z with:
2026-10-04T05:51:31.6004741Z   path: data
2026-10-04T05:51:31.6004970Z   key: frozen-source-36095439671-15m-shard-7
2026-10-04T05:51:31.6005272Z   enableCrossOsArchive: false
2026-10-04T05:51:31.6005526Z   fail-on-cache-miss: false
2026-10-04T05:51:31.6005779Z   lookup-only: false
2026-10-04T05:51:31.6005997Z   save-always: false
2026-10-04T05:51:31.6006216Z env:
2026-10-04T05:51:31.6008641Z   GH_TOKEN: ***
2026-10-04T05:51:31.6009237Z   pythonLocation: /opt/hostedtoolcache/Python/3.12.14/x64
2026-10-04T05:51:31.6009689Z   PKG_CONFIG_PATH: /opt/hostedtoolcache/Python/3.12.14/x64/lib/pkgconfig
2026-10-04T05:51:31.6010120Z   Python_ROOT_DIR: /opt/hostedtoolcache/Python/3.12.14/x64
2026-10-04T05:51:31.6010524Z   Python2_ROOT_DIR: /opt/hostedtoolcache/Python/3.12.14/x64
2026-10-04T05:51:31.6010944Z   Python3_ROOT_DIR: /opt/hostedtoolcache/Python/3.12.14/x64
2026-10-04T05:51:31.6011394Z   LD_LIBRARY_PATH: /opt/hostedtoolcache/Python/3.12.14/x64/lib
2026-10-04T05:51:31.6011728Z ##[endgroup]
2026-10-04T05:51:31.7073109Z (node:2351) [DEP0040] DeprecationWarning: The `punycode` module is deprecated. Please use a userland alternative instead.
2026-10-04T05:51:31.7074458Z (Use `node --trace-deprecation ...` to show where the warning was created)
2026-10-04T05:51:31.8417420Z Cache hit for: frozen-source-36095439671-15m-shard-7
2026-10-04T05:51:31.8528579Z (node:2351) [DEP0169] DeprecationWarning: `url.parse()` behavior is not standardized and prone to errors that have security implications. Use the WHATWG URL API instead. CVEs are not issued for `url.parse()` vulnerabilities.
2026-10-04T05:51:32.9978716Z Received 117440512 of 209330744 (56.1%), 111.4 MBs/sec
2026-10-04T05:51:33.4934591Z Received 209330744 of 209330744 (100.0%), 133.0 MBs/sec
2026-10-04T05:51:33.4936973Z Cache Size: ~200 MB (209330744 B)
2026-10-04T05:51:33.5003377Z [command]/usr/bin/tar -xf /home/runner/work/_temp/7643f28a-700e-4d9a-8115-ce579621eb20/cache.tzst -P -C /home/runner/work/bb-scanner/bb-scanner --use-compress-program unzstd
2026-10-04T05:51:33.7587691Z Cache restored successfully
2026-10-04T05:51:33.7758888Z Cache restored from key: frozen-source-36095439671-15m-shard-7
2026-10-04T05:51:33.7922476Z ##[group]Run set -euo pipefail
2026-10-04T05:51:33.7922856Z [36;1mset -euo pipefail[0m
2026-10-04T05:51:33.7923126Z [36;1mif [ 'true' != 'true' ]; then[0m
2026-10-04T05:51:33.7923672Z [36;1m  gh run download 36095439671 -R duuu-hub/bb-scanner -n rank5-binance-um-15m-5y-data-shard-7 -D data[0m
2026-10-04T05:51:33.7924209Z [36;1mfi[0m
2026-10-04T05:51:33.7924568Z [36;1mgh run download 36858492497 -R duuu-hub/bb-scanner -n day-edge-v2-btc -D btc[0m
2026-10-04T05:51:33.7925285Z [36;1mgh run download 36095439671 -R duuu-hub/bb-scanner -n rank5-binance-um-15m-5y-manifest-shard-7 -D source-manifest[0m
2026-10-04T05:51:33.7926483Z [36;1mpython scripts/research_evidence_archive.py verify-source --data data --manifests source-manifest --baseline research/path-efficiency-resumption-v23/FROZEN_INPUT_HASHES.json --out source-check.json[0m
2026-10-04T05:51:33.7993814Z shell: /usr/bin/bash --noprofile --norc -e -o pipefail {0}
2026-10-04T05:51:33.7994171Z env:
2026-10-04T05:51:33.7996648Z   GH_TOKEN: ***
2026-10-04T05:51:33.7996956Z   pythonLocation: /opt/hostedtoolcache/Python/3.12.14/x64
2026-10-04T05:51:33.7997406Z   PKG_CONFIG_PATH: /opt/hostedtoolcache/Python/3.12.14/x64/lib/pkgconfig
2026-10-04T05:51:33.7997852Z   Python_ROOT_DIR: /opt/hostedtoolcache/Python/3.12.14/x64
2026-10-04T05:51:33.7998235Z   Python2_ROOT_DIR: /opt/hostedtoolcache/Python/3.12.14/x64
2026-10-04T05:51:33.7998613Z   Python3_ROOT_DIR: /opt/hostedtoolcache/Python/3.12.14/x64
2026-10-04T05:51:33.7999161Z   LD_LIBRARY_PATH: /opt/hostedtoolcache/Python/3.12.14/x64/lib
2026-10-04T05:51:33.7999493Z ##[endgroup]
2026-10-04T05:51:41.8016028Z FROZEN_SOURCE_VERIFIED 107 files 28 prior SHA256 matches
2026-10-04T05:51:41.8507422Z ##[group]Run actions/cache@v4
2026-10-04T05:51:41.8507728Z with:
2026-10-04T05:51:41.8507937Z   path: cache/verified-1m
2026-10-04T05:51:41.8508255Z   key: path-efficiency-resumption-v23-dev-1m-shard-7
2026-10-04T05:51:41.8509704Z   restore-keys: taker-absorption-release-v12-dev-1m-shard-7
aggressive-flow-cascade-v11-dev-1m-shard-7
residual-reversion-v10-dev-1m-shard-7
cross-sectional-leader-v9-dev-1m-shard-7
premium-absorption-v8-dev-1m-shard-7
factor-lag-v6-dev-1m-shard-7
2026-10-04T05:51:41.8510827Z   enableCrossOsArchive: false
2026-10-04T05:51:41.8511091Z   fail-on-cache-miss: false
2026-10-04T05:51:41.8511331Z   lookup-only: false
2026-10-04T05:51:41.8511543Z   save-always: false
2026-10-04T05:51:41.8511757Z env:
2026-10-04T05:51:41.8514196Z   GH_TOKEN: ***
2026-10-04T05:51:41.8514497Z   pythonLocation: /opt/hostedtoolcache/Python/3.12.14/x64
2026-10-04T05:51:41.8514944Z   PKG_CONFIG_PATH: /opt/hostedtoolcache/Python/3.12.14/x64/lib/pkgconfig
2026-10-04T05:51:41.8515422Z   Python_ROOT_DIR: /opt/hostedtoolcache/Python/3.12.14/x64
2026-10-04T05:51:41.8515819Z   Python2_ROOT_DIR: /opt/hostedtoolcache/Python/3.12.14/x64
2026-10-04T05:51:41.8516208Z   Python3_ROOT_DIR: /opt/hostedtoolcache/Python/3.12.14/x64
2026-10-04T05:51:41.8516614Z   LD_LIBRARY_PATH: /opt/hostedtoolcache/Python/3.12.14/x64/lib
2026-10-04T05:51:41.8516949Z ##[endgroup]
2026-10-04T05:51:41.9609716Z (node:2387) [DEP0040] DeprecationWarning: The `punycode` module is deprecated. Please use a userland alternative instead.
2026-10-04T05:51:41.9610724Z (Use `node --trace-deprecation ...` to show where the warning was created)
2026-10-04T05:51:42.1073947Z Cache hit for: path-efficiency-resumption-v23-dev-1m-shard-7
2026-10-04T05:51:42.1220763Z (node:2387) [DEP0169] DeprecationWarning: `url.parse()` behavior is not standardized and prone to errors that have security implications. Use the WHATWG URL API instead. CVEs are not issued for `url.parse()` vulnerabilities.
2026-10-04T05:51:43.2670017Z Received 96468992 of 188274673 (51.2%), 91.8 MBs/sec
2026-10-04T05:51:43.7924766Z Received 188274673 of 188274673 (100.0%), 117.3 MBs/sec
2026-10-04T05:51:43.7927311Z Cache Size: ~180 MB (188274673 B)
2026-10-04T05:51:43.7972462Z [command]/usr/bin/tar -xf /home/runner/work/_temp/aa109d8d-c3f3-4637-9a26-aa5ea18260c4/cache.tzst -P -C /home/runner/work/bb-scanner/bb-scanner --use-compress-program unzstd
2026-10-04T05:51:44.0398614Z Cache restored successfully
2026-10-04T05:51:44.0561386Z Cache restored from key: path-efficiency-resumption-v23-dev-1m-shard-7
2026-10-04T05:51:44.0692350Z ##[group]Run set -euo pipefail
2026-10-04T05:51:44.0692699Z [36;1mset -euo pipefail[0m
2026-10-04T05:51:44.0693487Z [36;1mpython scripts/path_efficiency_resumption_v23.py scan --stage DEV --data data --btc btc/BTCUSDT.csv.gz --source-check source-check.json --out dev-7 --minute-cache cache/verified-1m[0m
2026-10-04T05:51:44.0757259Z shell: /usr/bin/bash --noprofile --norc -e -o pipefail {0}
2026-10-04T05:51:44.0757640Z env:
2026-10-04T05:51:44.0760353Z   GH_TOKEN: ***
2026-10-04T05:51:44.0760666Z   pythonLocation: /opt/hostedtoolcache/Python/3.12.14/x64
2026-10-04T05:51:44.0761122Z   PKG_CONFIG_PATH: /opt/hostedtoolcache/Python/3.12.14/x64/lib/pkgconfig
2026-10-04T05:51:44.0761585Z   Python_ROOT_DIR: /opt/hostedtoolcache/Python/3.12.14/x64
2026-10-04T05:51:44.0762006Z   Python2_ROOT_DIR: /opt/hostedtoolcache/Python/3.12.14/x64
2026-10-04T05:51:44.0762400Z   Python3_ROOT_DIR: /opt/hostedtoolcache/Python/3.12.14/x64
2026-10-04T05:51:44.0762816Z   LD_LIBRARY_PATH: /opt/hostedtoolcache/Python/3.12.14/x64/lib
2026-10-04T05:51:44.0763156Z ##[endgroup]
2026-10-04T05:51:45.2790362Z /home/runner/work/bb-scanner/bb-scanner/scripts/session_opening_range_sweep_v20.py:80: RuntimeWarning: invalid value encountered in divide
2026-10-04T05:51:45.2791935Z   f['session_vwap'][k:z]=np.where(valid,numer/denom,np.nan)
2026-10-04T05:52:14.3294263Z V23_PATH_EFFICIENCY_SCAN DEV 8 / 107 parameterized_outcomes 432
2026-10-04T05:56:02.4361922Z V23_PATH_EFFICIENCY_SCAN DEV 24 / 107 parameterized_outcomes 4068
2026-10-04T05:57:49.2787824Z V23_PATH_EFFICIENCY_SCAN DEV 40 / 107 parameterized_outcomes 5748
2026-10-04T05:58:05.6886647Z V23_PATH_EFFICIENCY_SCAN DEV 48 / 107 parameterized_outcomes 6096
2026-10-04T05:59:55.2651204Z V23_PATH_EFFICIENCY_SCAN DEV 56 / 107 parameterized_outcomes 8496
2026-10-04T06:01:23.6035531Z V23_PATH_EFFICIENCY_SCAN DEV 80 / 107 parameterized_outcomes 9492
2026-10-04T06:01:26.6331505Z V23_PATH_EFFICIENCY_SCAN DEV 88 / 107 parameterized_outcomes 9492
2026-10-04T06:04:42.4698502Z V23_PATH_EFFICIENCY_SCAN DEV 104 / 107 parameterized_outcomes 14040
2026-10-04T06:04:43.3981633Z V23_PATH_EFFICIENCY_SCAN_DONE DEV 14040 chronology_exclusions 0
2026-10-04T06:04:43.4621574Z ##[group]Run actions/upload-artifact@v4
2026-10-04T06:04:43.4621890Z with:
2026-10-04T06:04:43.4622135Z   name: path-efficiency-resumption-v23-dev-7
2026-10-04T06:04:43.4622453Z   path: dev-7/
2026-10-04T06:04:43.4622664Z   retention-days: 30
2026-10-04T06:04:43.4622913Z   compression-level: 0
2026-10-04T06:04:43.4623139Z   if-no-files-found: warn
2026-10-04T06:04:43.4623368Z   overwrite: false
2026-10-04T06:04:43.4623588Z   include-hidden-files: false
2026-10-04T06:04:43.4623823Z env:
2026-10-04T06:04:43.4626262Z   GH_TOKEN: ***
2026-10-04T06:04:43.4626580Z   pythonLocation: /opt/hostedtoolcache/Python/3.12.14/x64
2026-10-04T06:04:43.4627024Z   PKG_CONFIG_PATH: /opt/hostedtoolcache/Python/3.12.14/x64/lib/pkgconfig
2026-10-04T06:04:43.4627462Z   Python_ROOT_DIR: /opt/hostedtoolcache/Python/3.12.14/x64
2026-10-04T06:04:43.4627851Z   Python2_ROOT_DIR: /opt/hostedtoolcache/Python/3.12.14/x64
2026-10-04T06:04:43.4628235Z   Python3_ROOT_DIR: /opt/hostedtoolcache/Python/3.12.14/x64
2026-10-04T06:04:43.4628648Z   LD_LIBRARY_PATH: /opt/hostedtoolcache/Python/3.12.14/x64/lib
2026-10-04T06:04:43.4629352Z ##[endgroup]
2026-10-04T06:04:43.6288026Z (node:2564) [DEP0040] DeprecationWarning: The `punycode` module is deprecated. Please use a userland alternative instead.
2026-10-04T06:04:43.6289759Z (Use `node --trace-deprecation ...` to show where the warning was created)
2026-10-04T06:04:43.7086753Z With the provided path, there will be 339 files uploaded
2026-10-04T06:04:43.7087692Z Artifact name is valid!
2026-10-04T06:04:43.7088165Z Root directory input is valid!
2026-10-04T06:04:44.0101600Z Beginning upload of artifact content to blob storage
2026-10-04T06:04:44.1658308Z (node:2564) [DEP0169] DeprecationWarning: `url.parse()` behavior is not standardized and prone to errors that have security implications. Use the WHATWG URL API instead. CVEs are not issued for `url.parse()` vulnerabilities.
2026-10-04T06:04:44.6743066Z Uploaded bytes 8388608
2026-10-04T06:04:44.7032142Z Uploaded bytes 16777216
2026-10-04T06:04:44.7238790Z Uploaded bytes 25165824
2026-10-04T06:04:44.8526484Z Uploaded bytes 33554432
2026-10-04T06:04:44.8631286Z Uploaded bytes 41943040
2026-10-04T06:04:44.8724679Z Uploaded bytes 50331648
2026-10-04T06:04:44.9670327Z Uploaded bytes 58720256
2026-10-04T06:04:45.0464868Z Uploaded bytes 67108864
2026-10-04T06:04:45.0560710Z Uploaded bytes 75497472
2026-10-04T06:04:45.0740545Z Uploaded bytes 83886080
2026-10-04T06:04:45.1611897Z Uploaded bytes 92274688
2026-10-04T06:04:45.2210970Z Uploaded bytes 100663296
2026-10-04T06:04:45.2318146Z Uploaded bytes 109051904
2026-10-04T06:04:45.2564262Z Uploaded bytes 117440512
2026-10-04T06:04:45.3612517Z Uploaded bytes 125829120
2026-10-04T06:04:45.3960620Z Uploaded bytes 134217728
2026-10-04T06:04:45.4355202Z Uploaded bytes 142606336
2026-10-04T06:04:45.4525254Z Uploaded bytes 150994944
2026-10-04T06:04:45.5794146Z Uploaded bytes 155553303
2026-10-04T06:04:45.6287619Z Finished uploading artifact content to blob storage!
2026-10-04T06:04:45.6291796Z SHA256 digest of uploaded artifact zip is 746df7a5c510521e38dd50f44547dac2d423799ed04a32839e3e6306198b544e
2026-10-04T06:04:45.6294185Z Finalizing artifact upload
2026-10-04T06:04:45.8617835Z Artifact path-efficiency-resumption-v23-dev-7.zip successfully finalized. Artifact ID 11295615978
2026-10-04T06:04:45.8619938Z Artifact path-efficiency-resumption-v23-dev-7 has been successfully uploaded! Final size is 155553303 bytes. Artifact ID is 11295615978
2026-10-04T06:04:45.8626813Z Artifact download URL: https://github.com/duuu-hub/bb-scanner/actions/runs/37181004354/artifacts/11295615978
2026-10-04T06:04:45.8917721Z Post job cleanup.
2026-10-04T06:04:46.0099199Z Cache hit occurred on the primary key path-efficiency-resumption-v23-dev-1m-shard-7, not saving cache.
2026-10-04T06:04:46.0120254Z (node:2577) [DEP0040] DeprecationWarning: The `punycode` module is deprecated. Please use a userland alternative instead.
2026-10-04T06:04:46.0129991Z (Use `node --trace-deprecation ...` to show where the warning was created)
2026-10-04T06:04:46.0213896Z Post job cleanup.
2026-10-04T06:04:46.1434889Z Cache hit occurred on the primary key frozen-source-36095439671-15m-shard-7, not saving cache.
2026-10-04T06:04:46.1436408Z (node:2585) [DEP0040] DeprecationWarning: The `punycode` module is deprecated. Please use a userland alternative instead.
2026-10-04T06:04:46.1437699Z (Use `node --trace-deprecation ...` to show where the warning was created)
2026-10-04T06:04:46.1578121Z Post job cleanup.
2026-10-04T06:04:46.2938437Z (node:2593) [DEP0040] DeprecationWarning: The `punycode` module is deprecated. Please use a userland alternative instead.
2026-10-04T06:04:46.2940047Z (Use `node --trace-deprecation ...` to show where the warning was created)
2026-10-04T06:04:46.3103348Z Post job cleanup.
2026-10-04T06:04:46.4156173Z [command]/usr/bin/git version
2026-10-04T06:04:46.4208068Z git version 2.55.0
2026-10-04T06:04:46.4256606Z Temporarily overriding HOME='/home/runner/work/_temp/ba25097b-0dd3-4acc-a607-67ddabf0ca81' before making global git config changes
2026-10-04T06:04:46.4260417Z Adding repository directory to the temporary git global config as a safe directory
2026-10-04T06:04:46.4263957Z [command]/usr/bin/git config --global --add safe.directory /home/runner/work/bb-scanner/bb-scanner
2026-10-04T06:04:46.4315005Z [command]/usr/bin/git config --local --name-only --get-regexp core\.sshCommand
2026-10-04T06:04:46.4360455Z [command]/usr/bin/git submodule foreach --recursive sh -c "git config --local --name-only --get-regexp 'core\.sshCommand' && git config --local --unset-all 'core.sshCommand' || :"
2026-10-04T06:04:46.4666477Z [command]/usr/bin/git config --local --name-only --get-regexp http\.https\:\/\/github\.com\/\.extraheader
2026-10-04T06:04:46.4713863Z http.https://github.com/.extraheader
2026-10-04T06:04:46.4741631Z [command]/usr/bin/git config --local --unset-all http.https://github.com/.extraheader
2026-10-04T06:04:46.4795936Z [command]/usr/bin/git submodule foreach --recursive sh -c "git config --local --name-only --get-regexp 'http\.https\:\/\/github\.com\/\.extraheader' && git config --local --unset-all 'http.https://github.com/.extraheader' || :"
2026-10-04T06:04:46.5128767Z [command]/usr/bin/git config --local --name-only --get-regexp ^includeIf\.gitdir:
2026-10-04T06:04:46.5213788Z [command]/usr/bin/git submodule foreach --recursive git config --local --show-origin --name-only --get-regexp remote.origin.url
2026-10-04T06:04:46.5747651Z Cleaning up orphan processes
2026-10-04T06:04:46.6169098Z ##[warning]Node.js 20 is deprecated. The following actions target Node.js 20 but are being forced to run on Node.js 24: actions/cache@v4, actions/checkout@v4, actions/setup-python@v5, actions/upload-artifact@v4. For more information see: https://github.blog/changelog/2025-09-19-deprecation-of-node-20-on-github-actions-runners/
