2026-10-04T06:12:42.7672802Z Current runner version: '2.337.0'
2026-10-04T06:12:42.7691112Z ##[group]Runner Image Provisioner
2026-10-04T06:12:42.7691857Z Hosted Compute Agent
2026-10-04T06:12:42.7692376Z Version: 20260901.588
2026-10-04T06:12:42.7692915Z Commit: f88ec8081b781fac6c440065ac7ff9e710ce3d0b
2026-10-04T06:12:42.7693551Z Build Date: 2026-09-01T19:56:44Z
2026-10-04T06:12:42.7694105Z Worker ID: {3681a93d-5d39-450d-a407-aa8b22b2b59a}
2026-10-04T06:12:42.7694686Z Azure Region: westus3
2026-10-04T06:12:42.7695194Z ##[endgroup]
2026-10-04T06:12:42.7696294Z ##[group]Operating System
2026-10-04T06:12:42.7696822Z Ubuntu
2026-10-04T06:12:42.7697437Z 24.04.5
2026-10-04T06:12:42.7698132Z LTS
2026-10-04T06:12:42.7698645Z ##[endgroup]
2026-10-04T06:12:42.7699135Z ##[group]Runner Image
2026-10-04T06:12:42.7699636Z Image: ubuntu-24.04
2026-10-04T06:12:42.7700100Z Version: 20260927.320.1
2026-10-04T06:12:42.7701152Z Included Software: https://github.com/actions/runner-images/blob/ubuntu24/20260927.320/images/ubuntu/Ubuntu2404-Readme.md
2026-10-04T06:12:42.7702394Z Image Release: https://github.com/actions/runner-images/releases/tag/ubuntu24%2F20260927.320
2026-10-04T06:12:42.7703186Z ##[endgroup]
2026-10-04T06:12:42.7704199Z ##[group]GITHUB_TOKEN Permissions
2026-10-04T06:12:42.7706092Z Actions: read
2026-10-04T06:12:42.7706567Z Contents: write
2026-10-04T06:12:42.7707013Z Metadata: read
2026-10-04T06:12:42.7707714Z ##[endgroup]
2026-10-04T06:12:42.7709353Z Secret source: Actions
2026-10-04T06:12:42.7710185Z Cache mode: write
2026-10-04T06:12:42.7710835Z Prepare workflow directory
2026-10-04T06:12:42.8105713Z Prepare all required actions
2026-10-04T06:12:42.8154055Z Getting action download info
2026-10-04T06:12:43.1094657Z Download action repository 'actions/checkout@v4' (SHA:11d5960a326750d5838078e36cf38b85af677262)
2026-10-04T06:12:43.1892110Z Download action repository 'actions/setup-python@v5' (SHA:a26af69be951a213d495a4c3e4e4022e16d87065)
2026-10-04T06:12:43.2822394Z Download action repository 'actions/download-artifact@v4' (SHA:d3f86a106a0bac45b974a628896c90dbdf5c8093)
2026-10-04T06:12:43.9897941Z Download action repository 'actions/upload-artifact@v4' (SHA:ea165f8d65b6e75b540449e92b4886f43607fa02)
2026-10-04T06:12:44.2342031Z Complete job name: selection
2026-10-04T06:12:44.3014395Z ##[group]Run actions/checkout@v4
2026-10-04T06:12:44.3015683Z with:
2026-10-04T06:12:44.3016594Z   repository: duuu-hub/bb-scanner
2026-10-04T06:12:44.3024440Z   token: ***
2026-10-04T06:12:44.3025370Z   ssh-strict: true
2026-10-04T06:12:44.3026272Z   ssh-user: git
2026-10-04T06:12:44.3027194Z   persist-credentials: true
2026-10-04T06:12:44.3028488Z   clean: true
2026-10-04T06:12:44.3029389Z   sparse-checkout-cone-mode: true
2026-10-04T06:12:44.3030498Z   fetch-depth: 1
2026-10-04T06:12:44.3031386Z   fetch-tags: false
2026-10-04T06:12:44.3032303Z   show-progress: true
2026-10-04T06:12:44.3033263Z   lfs: false
2026-10-04T06:12:44.3034108Z   submodules: false
2026-10-04T06:12:44.3035084Z   set-safe-directory: true
2026-10-04T06:12:44.3036124Z   allow-unsafe-pr-checkout: false
2026-10-04T06:12:44.3037540Z env:
2026-10-04T06:12:44.3045210Z   GH_TOKEN: ***
2026-10-04T06:12:44.3046116Z ##[endgroup]
2026-10-04T06:12:44.3962930Z Syncing repository: duuu-hub/bb-scanner
2026-10-04T06:12:44.3966473Z ##[group]Getting Git version info
2026-10-04T06:12:44.3968491Z Working directory is '/home/runner/work/bb-scanner/bb-scanner'
2026-10-04T06:12:44.3971269Z [command]/usr/bin/git version
2026-10-04T06:12:44.4003879Z git version 2.55.0
2026-10-04T06:12:44.4021121Z ##[endgroup]
2026-10-04T06:12:44.4030252Z Temporarily overriding HOME='/home/runner/work/_temp/63a9fa9a-bc8e-42cb-b785-a094949a2a35' before making global git config changes
2026-10-04T06:12:44.4033964Z Adding repository directory to the temporary git global config as a safe directory
2026-10-04T06:12:44.4037318Z [command]/usr/bin/git config --global --add safe.directory /home/runner/work/bb-scanner/bb-scanner
2026-10-04T06:12:44.4074604Z Deleting the contents of '/home/runner/work/bb-scanner/bb-scanner'
2026-10-04T06:12:44.4079593Z ##[group]Initializing the repository
2026-10-04T06:12:44.4082126Z [command]/usr/bin/git init /home/runner/work/bb-scanner/bb-scanner
2026-10-04T06:12:44.4181956Z hint: Using 'master' as the name for the initial branch. This default branch name
2026-10-04T06:12:44.4185251Z hint: will change to "main" in Git 3.0. To configure the initial branch name
2026-10-04T06:12:44.4188436Z hint: to use in all of your new repositories, which will suppress this warning,
2026-10-04T06:12:44.4190760Z hint: call:
2026-10-04T06:12:44.4192126Z hint:
2026-10-04T06:12:44.4193748Z hint: 	git config --global init.defaultBranch <name>
2026-10-04T06:12:44.4195567Z hint:
2026-10-04T06:12:44.4197928Z hint: Names commonly chosen instead of 'master' are 'main', 'trunk' and
2026-10-04T06:12:44.4200615Z hint: 'development'. The just-created branch can be renamed via this command:
2026-10-04T06:12:44.4203379Z hint:
2026-10-04T06:12:44.4204504Z hint: 	git branch -m <name>
2026-10-04T06:12:44.4205780Z hint:
2026-10-04T06:12:44.4207406Z hint: Disable this message with "git config set advice.defaultBranchName false"
2026-10-04T06:12:44.4209587Z Initialized empty Git repository in /home/runner/work/bb-scanner/bb-scanner/.git/
2026-10-04T06:12:44.4212635Z [command]/usr/bin/git remote add origin https://github.com/duuu-hub/bb-scanner
2026-10-04T06:12:44.4242268Z ##[endgroup]
2026-10-04T06:12:44.4244246Z ##[group]Disabling automatic garbage collection
2026-10-04T06:12:44.4245479Z [command]/usr/bin/git config --local gc.auto 0
2026-10-04T06:12:44.4271932Z ##[endgroup]
2026-10-04T06:12:44.4274332Z ##[group]Setting up auth
2026-10-04T06:12:44.4277546Z [command]/usr/bin/git config --local --name-only --get-regexp core\.sshCommand
2026-10-04T06:12:44.4303781Z [command]/usr/bin/git submodule foreach --recursive sh -c "git config --local --name-only --get-regexp 'core\.sshCommand' && git config --local --unset-all 'core.sshCommand' || :"
2026-10-04T06:12:44.4623937Z [command]/usr/bin/git config --local --name-only --get-regexp http\.https\:\/\/github\.com\/\.extraheader
2026-10-04T06:12:44.4650397Z [command]/usr/bin/git submodule foreach --recursive sh -c "git config --local --name-only --get-regexp 'http\.https\:\/\/github\.com\/\.extraheader' && git config --local --unset-all 'http.https://github.com/.extraheader' || :"
2026-10-04T06:12:44.4821611Z [command]/usr/bin/git config --local --name-only --get-regexp ^includeIf\.gitdir:
2026-10-04T06:12:44.4845961Z [command]/usr/bin/git submodule foreach --recursive git config --local --show-origin --name-only --get-regexp remote.origin.url
2026-10-04T06:12:44.5000115Z [command]/usr/bin/git config --local http.https://github.com/.extraheader AUTHORIZATION: basic ***
2026-10-04T06:12:44.5029396Z ##[endgroup]
2026-10-04T06:12:44.5030864Z ##[group]Fetching the repository
2026-10-04T06:12:44.5038672Z [command]/usr/bin/git -c protocol.version=2 fetch --no-tags --prune --no-recurse-submodules --depth=1 origin +588f7c00531231b0be9fdab6de8bc8c043479c9a:refs/remotes/origin/research-path-efficiency-resumption-v23
2026-10-04T06:12:46.1043958Z From https://github.com/duuu-hub/bb-scanner
2026-10-04T06:12:46.1045531Z  * [new ref]         588f7c00531231b0be9fdab6de8bc8c043479c9a -> origin/research-path-efficiency-resumption-v23
2026-10-04T06:12:46.1048622Z ##[endgroup]
2026-10-04T06:12:46.1049782Z ##[group]Determining the checkout info
2026-10-04T06:12:46.1051041Z ##[endgroup]
2026-10-04T06:12:46.1056853Z [command]/usr/bin/git sparse-checkout disable
2026-10-04T06:12:46.1101169Z [command]/usr/bin/git config --local --unset-all extensions.worktreeConfig
2026-10-04T06:12:46.1125851Z ##[group]Checking out the ref
2026-10-04T06:12:46.1129756Z [command]/usr/bin/git checkout --progress --force -B research-path-efficiency-resumption-v23 refs/remotes/origin/research-path-efficiency-resumption-v23
2026-10-04T06:12:46.3265625Z Switched to a new branch 'research-path-efficiency-resumption-v23'
2026-10-04T06:12:46.3269696Z branch 'research-path-efficiency-resumption-v23' set up to track 'origin/research-path-efficiency-resumption-v23'.
2026-10-04T06:12:46.3275540Z ##[endgroup]
2026-10-04T06:12:46.3305535Z [command]/usr/bin/git log -1 --format=%H
2026-10-04T06:12:46.3323350Z 588f7c00531231b0be9fdab6de8bc8c043479c9a
2026-10-04T06:12:46.3531383Z ##[group]Run actions/setup-python@v5
2026-10-04T06:12:46.3531769Z with:
2026-10-04T06:12:46.3532142Z   python-version: 3.12
2026-10-04T06:12:46.3532461Z   check-latest: false
2026-10-04T06:12:46.3534834Z   token: ***
2026-10-04T06:12:46.3535175Z   update-environment: true
2026-10-04T06:12:46.3535507Z   allow-prereleases: false
2026-10-04T06:12:46.3535902Z   freethreaded: false
2026-10-04T06:12:46.3536197Z env:
2026-10-04T06:12:46.3538612Z   GH_TOKEN: ***
2026-10-04T06:12:46.3538948Z ##[endgroup]
2026-10-04T06:12:46.4608678Z ##[group]Installed versions
2026-10-04T06:12:46.4674299Z (node:2088) [DEP0040] DeprecationWarning: The `punycode` module is deprecated. Please use a userland alternative instead.
2026-10-04T06:12:46.4675334Z (Use `node --trace-deprecation ...` to show where the warning was created)
2026-10-04T06:12:46.4675860Z Successfully set up CPython (3.12.14)
2026-10-04T06:12:46.4676764Z ##[endgroup]
2026-10-04T06:12:46.4778598Z ##[group]Run set -euo pipefail
2026-10-04T06:12:46.4779048Z [36;1mset -euo pipefail[0m
2026-10-04T06:12:46.4779455Z [36;1mpip install pandas==2.3.3 numpy==2.3.3[0m
2026-10-04T06:12:46.4999815Z shell: /usr/bin/bash --noprofile --norc -e -o pipefail {0}
2026-10-04T06:12:46.5000277Z env:
2026-10-04T06:12:46.5002691Z   GH_TOKEN: ***
2026-10-04T06:12:46.5003084Z   pythonLocation: /opt/hostedtoolcache/Python/3.12.14/x64
2026-10-04T06:12:46.5003548Z   PKG_CONFIG_PATH: /opt/hostedtoolcache/Python/3.12.14/x64/lib/pkgconfig
2026-10-04T06:12:46.5003986Z   Python_ROOT_DIR: /opt/hostedtoolcache/Python/3.12.14/x64
2026-10-04T06:12:46.5004448Z   Python2_ROOT_DIR: /opt/hostedtoolcache/Python/3.12.14/x64
2026-10-04T06:12:46.5004887Z   Python3_ROOT_DIR: /opt/hostedtoolcache/Python/3.12.14/x64
2026-10-04T06:12:46.5005340Z   LD_LIBRARY_PATH: /opt/hostedtoolcache/Python/3.12.14/x64/lib
2026-10-04T06:12:46.5005753Z ##[endgroup]
2026-10-04T06:12:47.3662371Z Collecting pandas==2.3.3
2026-10-04T06:12:47.4170081Z   Downloading pandas-2.3.3-cp312-cp312-manylinux_2_24_x86_64.manylinux_2_28_x86_64.whl.metadata (91 kB)
2026-10-04T06:12:47.6255227Z Collecting numpy==2.3.3
2026-10-04T06:12:47.6297022Z   Downloading numpy-2.3.3-cp312-cp312-manylinux_2_27_x86_64.manylinux_2_28_x86_64.whl.metadata (62 kB)
2026-10-04T06:12:47.6550684Z Collecting python-dateutil>=2.8.2 (from pandas==2.3.3)
2026-10-04T06:12:47.6583342Z   Downloading python_dateutil-2.9.0.post0-py2.py3-none-any.whl.metadata (8.4 kB)
2026-10-04T06:12:47.6932852Z Collecting pytz>=2020.1 (from pandas==2.3.3)
2026-10-04T06:12:47.6965292Z   Downloading pytz-2026.5-py2.py3-none-any.whl.metadata (22 kB)
2026-10-04T06:12:47.7145136Z Collecting tzdata>=2022.7 (from pandas==2.3.3)
2026-10-04T06:12:47.7177782Z   Downloading tzdata-2026.5-py2.py3-none-any.whl.metadata (1.4 kB)
2026-10-04T06:12:47.7349600Z Collecting six>=1.5 (from python-dateutil>=2.8.2->pandas==2.3.3)
2026-10-04T06:12:47.7382274Z   Downloading six-1.17.0-py2.py3-none-any.whl.metadata (1.7 kB)
2026-10-04T06:12:47.7445040Z Downloading pandas-2.3.3-cp312-cp312-manylinux_2_24_x86_64.manylinux_2_28_x86_64.whl (12.4 MB)
2026-10-04T06:12:47.8438775Z    ━━━━━━━━━━━━━━━━━━━━━━━━━━━━━━━━━━━━━━━━ 12.4/12.4 MB 129.4 MB/s  0:00:00
2026-10-04T06:12:47.8481985Z Downloading numpy-2.3.3-cp312-cp312-manylinux_2_27_x86_64.manylinux_2_28_x86_64.whl (16.6 MB)
2026-10-04T06:12:48.0064400Z    ━━━━━━━━━━━━━━━━━━━━━━━━━━━━━━━━━━━━━━━━ 16.6/16.6 MB 106.0 MB/s  0:00:00
2026-10-04T06:12:48.0094598Z Downloading python_dateutil-2.9.0.post0-py2.py3-none-any.whl (229 kB)
2026-10-04T06:12:48.0151039Z Downloading pytz-2026.5-py2.py3-none-any.whl (506 kB)
2026-10-04T06:12:48.0213880Z Downloading six-1.17.0-py2.py3-none-any.whl (11 kB)
2026-10-04T06:12:48.0267327Z Downloading tzdata-2026.5-py2.py3-none-any.whl (347 kB)
2026-10-04T06:12:48.1530820Z Installing collected packages: pytz, tzdata, six, numpy, python-dateutil, pandas
2026-10-04T06:12:53.1047523Z 
2026-10-04T06:12:53.1058233Z Successfully installed numpy-2.3.3 pandas-2.3.3 python-dateutil-2.9.0.post0 pytz-2026.5 six-1.17.0 tzdata-2026.5
2026-10-04T06:12:53.1669900Z ##[group]Run actions/download-artifact@v4
2026-10-04T06:12:53.1670217Z with:
2026-10-04T06:12:53.1670503Z   pattern: path-efficiency-resumption-v23-dev-[0-7]
2026-10-04T06:12:53.1670867Z   path: dev-parts
2026-10-04T06:12:53.1671222Z   merge-multiple: false
2026-10-04T06:12:53.1671492Z   repository: duuu-hub/bb-scanner
2026-10-04T06:12:53.1671775Z   run-id: 37181004354
2026-10-04T06:12:53.1672014Z env:
2026-10-04T06:12:53.1674118Z   GH_TOKEN: ***
2026-10-04T06:12:53.1674423Z   pythonLocation: /opt/hostedtoolcache/Python/3.12.14/x64
2026-10-04T06:12:53.1674871Z   PKG_CONFIG_PATH: /opt/hostedtoolcache/Python/3.12.14/x64/lib/pkgconfig
2026-10-04T06:12:53.1675285Z   Python_ROOT_DIR: /opt/hostedtoolcache/Python/3.12.14/x64
2026-10-04T06:12:53.1675670Z   Python2_ROOT_DIR: /opt/hostedtoolcache/Python/3.12.14/x64
2026-10-04T06:12:53.1676412Z   Python3_ROOT_DIR: /opt/hostedtoolcache/Python/3.12.14/x64
2026-10-04T06:12:53.1677002Z   LD_LIBRARY_PATH: /opt/hostedtoolcache/Python/3.12.14/x64/lib
2026-10-04T06:12:53.1677442Z ##[endgroup]
2026-10-04T06:12:53.3037140Z (node:2124) [DEP0040] DeprecationWarning: The `punycode` module is deprecated. Please use a userland alternative instead.
2026-10-04T06:12:53.3038227Z (Use `node --trace-deprecation ...` to show where the warning was created)
2026-10-04T06:12:53.5208240Z Found 9 artifact(s)
2026-10-04T06:12:53.5209075Z Filtering artifacts by pattern 'path-efficiency-resumption-v23-dev-[0-7]'
2026-10-04T06:12:53.5223696Z Preparing to download the following artifacts:
2026-10-04T06:12:53.5225033Z - path-efficiency-resumption-v23-dev-2 (ID: 11296015041, Size: 180048912, Expected Digest: sha256:afaef4cdd5059862dcb299870854f0d1afca10b2e3e104792a7ece1632cc549f)
2026-10-04T06:12:53.5226988Z - path-efficiency-resumption-v23-dev-1 (ID: 11295855717, Size: 226391800, Expected Digest: sha256:f9fbd39760a655ae15358fbdb0c695c3174e8bbffd257571ebf4e32a57e5da98)
2026-10-04T06:12:53.5228897Z - path-efficiency-resumption-v23-dev-3 (ID: 11295770560, Size: 126210442, Expected Digest: sha256:33cd106da90c099a6c604db9e3f3db98a4058856e2612c490568ca6bea41fd5e)
2026-10-04T06:12:53.5230713Z - path-efficiency-resumption-v23-dev-7 (ID: 11295615978, Size: 155553303, Expected Digest: sha256:746df7a5c510521e38dd50f44547dac2d423799ed04a32839e3e6306198b544e)
2026-10-04T06:12:53.5232473Z - path-efficiency-resumption-v23-dev-5 (ID: 11295267334, Size: 224902060, Expected Digest: sha256:c9225e67f32ce9a1dfafdb7d4827c374ab9705fa5d1c76d44ebe6f974d42d850)
2026-10-04T06:12:53.5234227Z - path-efficiency-resumption-v23-dev-6 (ID: 11295266667, Size: 169749094, Expected Digest: sha256:72e02d2690e2a965cedae03b97198fd2fdc63ff23c84f644daf4a08916810835)
2026-10-04T06:12:53.5235875Z - path-efficiency-resumption-v23-dev-0 (ID: 11295133106, Size: 223210024, Expected Digest: sha256:04fac760abec5df4e154f5b291de9b1f1a1dd7ab9f0bed571687a8f27b9899c1)
2026-10-04T06:12:53.5237680Z - path-efficiency-resumption-v23-dev-4 (ID: 11294973375, Size: 138488873, Expected Digest: sha256:c3d35913fff972cabdd59e46913099a7549bbbca945dd886ad2f02867acc0ba8)
2026-10-04T06:12:53.7349506Z Redirecting to blob download url: https://productionresultssa17.blob.core.windows.net/actions-results/dbc2073c-53bf-80c1-af5e-8fa1b13f5a23/workflow-job-run-b48dc79c-b33d-5a3e-93cc-a43652e07548/artifacts/cd2f9189204e3de1b7b7afad59014df77ad979cd64cfdf3c74843e53ab025ee4.zip
2026-10-04T06:12:53.7351368Z Starting download of artifact to: /home/runner/work/bb-scanner/bb-scanner/dev-parts/path-efficiency-resumption-v23-dev-2
2026-10-04T06:12:53.8442731Z Redirecting to blob download url: https://productionresultssa17.blob.core.windows.net/actions-results/dbc2073c-53bf-80c1-af5e-8fa1b13f5a23/workflow-job-run-e19fe7be-0218-56dd-9196-b215a8d5dc56/artifacts/8471ba0b19bf00a839a503d577d3f0240eca77671df27b10ec58c62f20359341.zip
2026-10-04T06:12:53.8444324Z Starting download of artifact to: /home/runner/work/bb-scanner/bb-scanner/dev-parts/path-efficiency-resumption-v23-dev-5
2026-10-04T06:12:53.8465676Z Redirecting to blob download url: https://productionresultssa17.blob.core.windows.net/actions-results/dbc2073c-53bf-80c1-af5e-8fa1b13f5a23/workflow-job-run-60ae8c8c-143f-55f7-8561-d9953a587778/artifacts/c9e9085f55d633308e3cf33b9bde97acec0b8e0f25c934ef8d36e8da0d248bd4.zip
2026-10-04T06:12:53.8466873Z Starting download of artifact to: /home/runner/work/bb-scanner/bb-scanner/dev-parts/path-efficiency-resumption-v23-dev-7
2026-10-04T06:12:53.8535107Z Redirecting to blob download url: https://productionresultssa17.blob.core.windows.net/actions-results/dbc2073c-53bf-80c1-af5e-8fa1b13f5a23/workflow-job-run-40c363ee-0109-5e3f-91bd-96ef391fa48c/artifacts/9b7d17b237e3bd0bc8ba5e5df18aee600ab40fce718d99a8c216f0a11fc643eb.zip
2026-10-04T06:12:53.8536399Z Starting download of artifact to: /home/runner/work/bb-scanner/bb-scanner/dev-parts/path-efficiency-resumption-v23-dev-3
2026-10-04T06:12:53.8658479Z Redirecting to blob download url: https://productionresultssa17.blob.core.windows.net/actions-results/dbc2073c-53bf-80c1-af5e-8fa1b13f5a23/workflow-job-run-766b2b92-c05d-5e4d-8c6c-151564657183/artifacts/f86a61737ea2ecbc387cdec0d3f8220c29b283f096c235e79b0145b4e08df4dc.zip
2026-10-04T06:12:53.8659724Z Starting download of artifact to: /home/runner/work/bb-scanner/bb-scanner/dev-parts/path-efficiency-resumption-v23-dev-6
2026-10-04T06:12:53.8703604Z Redirecting to blob download url: https://productionresultssa17.blob.core.windows.net/actions-results/dbc2073c-53bf-80c1-af5e-8fa1b13f5a23/workflow-job-run-0a65bf7c-b542-5ff6-b084-a1224f3ca656/artifacts/75134fc5e77b3c12a02efde1c783d8bf47ed8fed7218e9dec0458238b8f533e3.zip
2026-10-04T06:12:53.8704897Z Starting download of artifact to: /home/runner/work/bb-scanner/bb-scanner/dev-parts/path-efficiency-resumption-v23-dev-4
2026-10-04T06:12:53.8713031Z Redirecting to blob download url: https://productionresultssa17.blob.core.windows.net/actions-results/dbc2073c-53bf-80c1-af5e-8fa1b13f5a23/workflow-job-run-fbbbe69e-a75c-5936-91b2-2321b16bbfea/artifacts/28fb38faaea4fcc2b6c92d6d28ee17c32769b4ef1ae575b726d742c3c16df3be.zip
2026-10-04T06:12:53.8714427Z Starting download of artifact to: /home/runner/work/bb-scanner/bb-scanner/dev-parts/path-efficiency-resumption-v23-dev-0
2026-10-04T06:12:53.8858530Z Redirecting to blob download url: https://productionresultssa17.blob.core.windows.net/actions-results/dbc2073c-53bf-80c1-af5e-8fa1b13f5a23/workflow-job-run-837adf75-a580-5d86-84ad-325610f998aa/artifacts/547681eddad6bb16c916b892573bb5e3b7e72a14803fec8992dd497f6c47beca.zip
2026-10-04T06:12:53.8859886Z Starting download of artifact to: /home/runner/work/bb-scanner/bb-scanner/dev-parts/path-efficiency-resumption-v23-dev-1
2026-10-04T06:12:54.0120163Z (node:2124) [DEP0005] DeprecationWarning: Buffer() is deprecated due to security and usability issues. Please use the Buffer.alloc(), Buffer.allocUnsafe(), or Buffer.from() methods instead.
2026-10-04T06:12:57.7780685Z SHA256 digest of downloaded artifact is c3d35913fff972cabdd59e46913099a7549bbbca945dd886ad2f02867acc0ba8
2026-10-04T06:12:57.7782103Z Artifact download completed successfully.
2026-10-04T06:12:57.8843589Z SHA256 digest of downloaded artifact is 33cd106da90c099a6c604db9e3f3db98a4058856e2612c490568ca6bea41fd5e
2026-10-04T06:12:57.8844647Z Artifact download completed successfully.
2026-10-04T06:12:58.5342874Z SHA256 digest of downloaded artifact is afaef4cdd5059862dcb299870854f0d1afca10b2e3e104792a7ece1632cc549f
2026-10-04T06:12:58.5344119Z Artifact download completed successfully.
2026-10-04T06:12:58.7574975Z SHA256 digest of downloaded artifact is 746df7a5c510521e38dd50f44547dac2d423799ed04a32839e3e6306198b544e
2026-10-04T06:12:58.7593967Z Artifact download completed successfully.
2026-10-04T06:12:59.3486186Z SHA256 digest of downloaded artifact is 04fac760abec5df4e154f5b291de9b1f1a1dd7ab9f0bed571687a8f27b9899c1
2026-10-04T06:12:59.3487380Z Artifact download completed successfully.
2026-10-04T06:12:59.3895450Z SHA256 digest of downloaded artifact is c9225e67f32ce9a1dfafdb7d4827c374ab9705fa5d1c76d44ebe6f974d42d850
2026-10-04T06:12:59.3896235Z Artifact download completed successfully.
2026-10-04T06:13:00.7178835Z SHA256 digest of downloaded artifact is f9fbd39760a655ae15358fbdb0c695c3174e8bbffd257571ebf4e32a57e5da98
2026-10-04T06:13:00.7180096Z Artifact download completed successfully.
2026-10-04T06:13:00.7323644Z SHA256 digest of downloaded artifact is 72e02d2690e2a965cedae03b97198fd2fdc63ff23c84f644daf4a08916810835
2026-10-04T06:13:00.7324664Z Artifact download completed successfully.
2026-10-04T06:13:00.7325251Z Total of 8 artifact(s) downloaded
2026-10-04T06:13:00.7325908Z Download artifact has finished successfully
2026-10-04T06:13:00.7482809Z ##[group]Run set -euo pipefail
2026-10-04T06:13:00.7483246Z [36;1mset -euo pipefail[0m
2026-10-04T06:13:00.7483806Z [36;1mpython scripts/path_efficiency_resumption_v23.py select --parts dev-parts --out selected-input[0m
2026-10-04T06:13:00.7484397Z [36;1mpython - <<'SELECT'[0m
2026-10-04T06:13:00.7484735Z [36;1mimport json,os[0m
2026-10-04T06:13:00.7485212Z [36;1mn=len(json.load(open('selected-input/selection.json'))['policies'])[0m
2026-10-04T06:13:00.7485845Z [36;1mwith open(os.environ['GITHUB_OUTPUT'],'a') as f:f.write('selected_count='+str(n)+'\n')[0m
2026-10-04T06:13:00.7486333Z [36;1mSELECT[0m
2026-10-04T06:13:00.7521482Z shell: /usr/bin/bash --noprofile --norc -e -o pipefail {0}
2026-10-04T06:13:00.7521974Z env:
2026-10-04T06:13:00.7524438Z   GH_TOKEN: ***
2026-10-04T06:13:00.7524867Z   pythonLocation: /opt/hostedtoolcache/Python/3.12.14/x64
2026-10-04T06:13:00.7525398Z   PKG_CONFIG_PATH: /opt/hostedtoolcache/Python/3.12.14/x64/lib/pkgconfig
2026-10-04T06:13:00.7526018Z   Python_ROOT_DIR: /opt/hostedtoolcache/Python/3.12.14/x64
2026-10-04T06:13:00.7526515Z   Python2_ROOT_DIR: /opt/hostedtoolcache/Python/3.12.14/x64
2026-10-04T06:13:00.7526966Z   Python3_ROOT_DIR: /opt/hostedtoolcache/Python/3.12.14/x64
2026-10-04T06:13:00.7527623Z   LD_LIBRARY_PATH: /opt/hostedtoolcache/Python/3.12.14/x64/lib
2026-10-04T06:13:00.7528083Z ##[endgroup]
2026-10-04T06:13:03.2594863Z V23_PATH_EFFICIENCY_SELECT {"status": "NO_DEVELOPMENT_POLICY_SURVIVOR", "cells_examined": 96, "selected": [], "policies": [], "union_name": "SESSION_OPENING_RANGE_LIQUIDITY_SWEEP_UNION", "source_context_sha256": "23cf6114f0bfb32f98ed3ea4bde89fac3068ab5052ddcf3f0026cae3b2deea87", "source_symbols": 856, "economic_surviving_cells": 0, "rejection_counts": {"N_LT_300": 24, "NET40_MEAN_BP_NONPOSITIVE": 96, "NET40_R_MEAN_NONPOSITIVE": 96, "2021_N_LT_30": 18, "2021_DATES_LT_20": 24, "2021_day_R_NONPOSITIVE": 94, "2022_net40_R_NONPOSITIVE": 96, "2022_net40_mean_bp_NONPOSITIVE": 96, "2022_day_R_NONPOSITIVE": 96, "2023_net40_R_NONPOSITIVE": 96, "2023_net40_mean_bp_NONPOSITIVE": 96, "2023_day_R_NONPOSITIVE": 96, "2021_net40_R_NONPOSITIVE": 84, "2021_net40_mean_bp_NONPOSITIVE": 84}, "note": "Frozen session opening-range liquidity sweep reversal experiment. Overlapping diagnostics are not executable account growth."}
2026-10-04T06:13:03.3413876Z ##[group]Run set -euo pipefail
2026-10-04T06:13:03.3414325Z [36;1mset -euo pipefail[0m
2026-10-04T06:13:03.3414710Z [36;1mpython - <<'SAVE'[0m
2026-10-04T06:13:03.3415059Z [36;1mfrom pathlib import Path[0m
2026-10-04T06:13:03.3415481Z [36;1mimport shutil,json,os,hashlib[0m
2026-10-04T06:13:03.3416026Z [36;1mp=Path('research/path-efficiency-resumption-v23/run-'+os.environ['GITHUB_RUN_ID']+'/development')[0m
2026-10-04T06:13:03.3416637Z [36;1mshutil.copytree('selected-input',p)[0m
2026-10-04T06:13:03.3417194Z [36;1mfor name in ['scan_meta.json','exclusions.csv','frozen_context.json','source_check.json']:[0m
2026-10-04T06:13:03.3417946Z [36;1m for i,f in enumerate(sorted(Path('dev-parts').rglob(name))):[0m
2026-10-04T06:13:03.3418445Z [36;1m  shutil.copyfile(f,p/('full_dev_shard_'+str(i)+'_'+name))[0m
2026-10-04T06:13:03.3419100Z [36;1m(p/'provenance.json').write_text(json.dumps(dict(run=int(os.environ['GITHUB_RUN_ID']),code_commit=os.environ['GITHUB_SHA'],[0m
2026-10-04T06:13:03.3420056Z [36;1m source_data_run=36095439671,cells=96,sha256={str(f.relative_to(p)):hashlib.sha256(f.read_bytes()).hexdigest() for f in p.rglob('*') if f.is_file()}),indent=2))[0m
2026-10-04T06:13:03.3420749Z [36;1mSAVE[0m
2026-10-04T06:13:03.3455296Z shell: /usr/bin/bash --noprofile --norc -e -o pipefail {0}
2026-10-04T06:13:03.3455720Z env:
2026-10-04T06:13:03.3458372Z   GH_TOKEN: ***
2026-10-04T06:13:03.3458737Z   pythonLocation: /opt/hostedtoolcache/Python/3.12.14/x64
2026-10-04T06:13:03.3459242Z   PKG_CONFIG_PATH: /opt/hostedtoolcache/Python/3.12.14/x64/lib/pkgconfig
2026-10-04T06:13:03.3459733Z   Python_ROOT_DIR: /opt/hostedtoolcache/Python/3.12.14/x64
2026-10-04T06:13:03.3460179Z   Python2_ROOT_DIR: /opt/hostedtoolcache/Python/3.12.14/x64
2026-10-04T06:13:03.3460609Z   Python3_ROOT_DIR: /opt/hostedtoolcache/Python/3.12.14/x64
2026-10-04T06:13:03.3461088Z   LD_LIBRARY_PATH: /opt/hostedtoolcache/Python/3.12.14/x64/lib
2026-10-04T06:13:03.3461458Z ##[endgroup]
2026-10-04T06:13:03.3992957Z ##[group]Run set -euo pipefail
2026-10-04T06:13:03.3993415Z [36;1mset -euo pipefail[0m
2026-10-04T06:13:03.3993769Z [36;1mgit config user.name "github-actions[bot]"[0m
2026-10-04T06:13:03.3994277Z [36;1mgit config user.email "41898282+github-actions[bot]@users.noreply.github.com"[0m
2026-10-04T06:13:03.3994910Z [36;1mgit checkout -b "research-path-efficiency-resumption-v23-dev-37181004354"[0m
2026-10-04T06:13:03.3995524Z [36;1mgit add "research/path-efficiency-resumption-v23/run-37181004354/development"[0m
2026-10-04T06:13:03.3996061Z [36;1mgit commit -m "Preserve V23 dev before subsequent research stages"[0m
2026-10-04T06:13:03.3996487Z [36;1mgit push origin HEAD[0m
2026-10-04T06:13:03.4023855Z shell: /usr/bin/bash --noprofile --norc -e -o pipefail {0}
2026-10-04T06:13:03.4024307Z env:
2026-10-04T06:13:03.4026391Z   GH_TOKEN: ***
2026-10-04T06:13:03.4026778Z   pythonLocation: /opt/hostedtoolcache/Python/3.12.14/x64
2026-10-04T06:13:03.4027467Z   PKG_CONFIG_PATH: /opt/hostedtoolcache/Python/3.12.14/x64/lib/pkgconfig
2026-10-04T06:13:03.4028016Z   Python_ROOT_DIR: /opt/hostedtoolcache/Python/3.12.14/x64
2026-10-04T06:13:03.4028496Z   Python2_ROOT_DIR: /opt/hostedtoolcache/Python/3.12.14/x64
2026-10-04T06:13:03.4028924Z   Python3_ROOT_DIR: /opt/hostedtoolcache/Python/3.12.14/x64
2026-10-04T06:13:03.4029374Z   LD_LIBRARY_PATH: /opt/hostedtoolcache/Python/3.12.14/x64/lib
2026-10-04T06:13:03.4029815Z ##[endgroup]
2026-10-04T06:13:03.4116927Z Switched to a new branch 'research-path-efficiency-resumption-v23-dev-37181004354'
2026-10-04T06:13:03.5765035Z [research-path-efficiency-resumption-v23-dev-37181004354 3cc77f9] Preserve V23 dev before subsequent research stages
2026-10-04T06:13:03.5766138Z  51 files changed, 38426 insertions(+)
2026-10-04T06:13:03.5767137Z  create mode 100644 research/path-efficiency-resumption-v23/run-37181004354/development/dev-0/independent_candidates.csv.gz
2026-10-04T06:13:03.5768679Z  create mode 100644 research/path-efficiency-resumption-v23/run-37181004354/development/dev-0/scan_meta.json
2026-10-04T06:13:03.5770092Z  create mode 100644 research/path-efficiency-resumption-v23/run-37181004354/development/dev-1/independent_candidates.csv.gz
2026-10-04T06:13:03.5771374Z  create mode 100644 research/path-efficiency-resumption-v23/run-37181004354/development/dev-1/scan_meta.json
2026-10-04T06:13:03.5772601Z  create mode 100644 research/path-efficiency-resumption-v23/run-37181004354/development/dev-2/independent_candidates.csv.gz
2026-10-04T06:13:03.5773819Z  create mode 100644 research/path-efficiency-resumption-v23/run-37181004354/development/dev-2/scan_meta.json
2026-10-04T06:13:03.5775000Z  create mode 100644 research/path-efficiency-resumption-v23/run-37181004354/development/dev-3/independent_candidates.csv.gz
2026-10-04T06:13:03.5776258Z  create mode 100644 research/path-efficiency-resumption-v23/run-37181004354/development/dev-3/scan_meta.json
2026-10-04T06:13:03.5777461Z  create mode 100644 research/path-efficiency-resumption-v23/run-37181004354/development/dev-4/independent_candidates.csv.gz
2026-10-04T06:13:03.5778667Z  create mode 100644 research/path-efficiency-resumption-v23/run-37181004354/development/dev-4/scan_meta.json
2026-10-04T06:13:03.5780110Z  create mode 100644 research/path-efficiency-resumption-v23/run-37181004354/development/dev-5/independent_candidates.csv.gz
2026-10-04T06:13:03.5781252Z  create mode 100644 research/path-efficiency-resumption-v23/run-37181004354/development/dev-5/scan_meta.json
2026-10-04T06:13:03.5782435Z  create mode 100644 research/path-efficiency-resumption-v23/run-37181004354/development/dev-6/independent_candidates.csv.gz
2026-10-04T06:13:03.5783632Z  create mode 100644 research/path-efficiency-resumption-v23/run-37181004354/development/dev-6/scan_meta.json
2026-10-04T06:13:03.5784835Z  create mode 100644 research/path-efficiency-resumption-v23/run-37181004354/development/dev-7/independent_candidates.csv.gz
2026-10-04T06:13:03.5786217Z  create mode 100644 research/path-efficiency-resumption-v23/run-37181004354/development/dev-7/scan_meta.json
2026-10-04T06:13:03.5787600Z  create mode 100644 research/path-efficiency-resumption-v23/run-37181004354/development/development_policy_cells.csv
2026-10-04T06:13:03.5788812Z  create mode 100644 research/path-efficiency-resumption-v23/run-37181004354/development/full_dev_shard_0_exclusions.csv
2026-10-04T06:13:03.5790099Z  create mode 100644 research/path-efficiency-resumption-v23/run-37181004354/development/full_dev_shard_0_frozen_context.json
2026-10-04T06:13:03.5791343Z  create mode 100644 research/path-efficiency-resumption-v23/run-37181004354/development/full_dev_shard_0_scan_meta.json
2026-10-04T06:13:03.5792611Z  create mode 100644 research/path-efficiency-resumption-v23/run-37181004354/development/full_dev_shard_0_source_check.json
2026-10-04T06:13:03.5793799Z  create mode 100644 research/path-efficiency-resumption-v23/run-37181004354/development/full_dev_shard_1_exclusions.csv
2026-10-04T06:13:03.5795056Z  create mode 100644 research/path-efficiency-resumption-v23/run-37181004354/development/full_dev_shard_1_frozen_context.json
2026-10-04T06:13:03.5796343Z  create mode 100644 research/path-efficiency-resumption-v23/run-37181004354/development/full_dev_shard_1_scan_meta.json
2026-10-04T06:13:03.5797716Z  create mode 100644 research/path-efficiency-resumption-v23/run-37181004354/development/full_dev_shard_1_source_check.json
2026-10-04T06:13:03.5798920Z  create mode 100644 research/path-efficiency-resumption-v23/run-37181004354/development/full_dev_shard_2_exclusions.csv
2026-10-04T06:13:03.5800134Z  create mode 100644 research/path-efficiency-resumption-v23/run-37181004354/development/full_dev_shard_2_frozen_context.json
2026-10-04T06:13:03.5801448Z  create mode 100644 research/path-efficiency-resumption-v23/run-37181004354/development/full_dev_shard_2_scan_meta.json
2026-10-04T06:13:03.5802692Z  create mode 100644 research/path-efficiency-resumption-v23/run-37181004354/development/full_dev_shard_2_source_check.json
2026-10-04T06:13:03.5803978Z  create mode 100644 research/path-efficiency-resumption-v23/run-37181004354/development/full_dev_shard_3_exclusions.csv
2026-10-04T06:13:03.5805307Z  create mode 100644 research/path-efficiency-resumption-v23/run-37181004354/development/full_dev_shard_3_frozen_context.json
2026-10-04T06:13:03.5806563Z  create mode 100644 research/path-efficiency-resumption-v23/run-37181004354/development/full_dev_shard_3_scan_meta.json
2026-10-04T06:13:03.5807967Z  create mode 100644 research/path-efficiency-resumption-v23/run-37181004354/development/full_dev_shard_3_source_check.json
2026-10-04T06:13:03.5809276Z  create mode 100644 research/path-efficiency-resumption-v23/run-37181004354/development/full_dev_shard_4_exclusions.csv
2026-10-04T06:13:03.5810521Z  create mode 100644 research/path-efficiency-resumption-v23/run-37181004354/development/full_dev_shard_4_frozen_context.json
2026-10-04T06:13:03.5811772Z  create mode 100644 research/path-efficiency-resumption-v23/run-37181004354/development/full_dev_shard_4_scan_meta.json
2026-10-04T06:13:03.5813012Z  create mode 100644 research/path-efficiency-resumption-v23/run-37181004354/development/full_dev_shard_4_source_check.json
2026-10-04T06:13:03.5814371Z  create mode 100644 research/path-efficiency-resumption-v23/run-37181004354/development/full_dev_shard_5_exclusions.csv
2026-10-04T06:13:03.5815605Z  create mode 100644 research/path-efficiency-resumption-v23/run-37181004354/development/full_dev_shard_5_frozen_context.json
2026-10-04T06:13:03.5816827Z  create mode 100644 research/path-efficiency-resumption-v23/run-37181004354/development/full_dev_shard_5_scan_meta.json
2026-10-04T06:13:03.5818274Z  create mode 100644 research/path-efficiency-resumption-v23/run-37181004354/development/full_dev_shard_5_source_check.json
2026-10-04T06:13:03.5819433Z  create mode 100644 research/path-efficiency-resumption-v23/run-37181004354/development/full_dev_shard_6_exclusions.csv
2026-10-04T06:13:03.5820876Z  create mode 100644 research/path-efficiency-resumption-v23/run-37181004354/development/full_dev_shard_6_frozen_context.json
2026-10-04T06:13:03.5822106Z  create mode 100644 research/path-efficiency-resumption-v23/run-37181004354/development/full_dev_shard_6_scan_meta.json
2026-10-04T06:13:03.5823360Z  create mode 100644 research/path-efficiency-resumption-v23/run-37181004354/development/full_dev_shard_6_source_check.json
2026-10-04T06:13:03.5824547Z  create mode 100644 research/path-efficiency-resumption-v23/run-37181004354/development/full_dev_shard_7_exclusions.csv
2026-10-04T06:13:03.5825858Z  create mode 100644 research/path-efficiency-resumption-v23/run-37181004354/development/full_dev_shard_7_frozen_context.json
2026-10-04T06:13:03.5827093Z  create mode 100644 research/path-efficiency-resumption-v23/run-37181004354/development/full_dev_shard_7_scan_meta.json
2026-10-04T06:13:03.5828803Z  create mode 100644 research/path-efficiency-resumption-v23/run-37181004354/development/full_dev_shard_7_source_check.json
2026-10-04T06:13:03.5829993Z  create mode 100644 research/path-efficiency-resumption-v23/run-37181004354/development/provenance.json
2026-10-04T06:13:03.5831137Z  create mode 100644 research/path-efficiency-resumption-v23/run-37181004354/development/selection.json
2026-10-04T06:13:06.9428511Z remote: 
2026-10-04T06:13:06.9429741Z remote: Create a pull request for 'research-path-efficiency-resumption-v23-dev-37181004354' on GitHub by visiting:        
2026-10-04T06:13:06.9431384Z remote:      https://github.com/duuu-hub/bb-scanner/pull/new/research-path-efficiency-resumption-v23-dev-37181004354        
2026-10-04T06:13:06.9432575Z remote: 
2026-10-04T06:13:06.9437666Z To https://github.com/duuu-hub/bb-scanner
2026-10-04T06:13:06.9438503Z  * [new branch]      HEAD -> research-path-efficiency-resumption-v23-dev-37181004354
2026-10-04T06:13:07.0021734Z ##[group]Run actions/upload-artifact@v4
2026-10-04T06:13:07.0022172Z with:
2026-10-04T06:13:07.0022514Z   name: path-efficiency-resumption-v23-selected
2026-10-04T06:13:07.0022971Z   path: selected-input/
2026-10-04T06:13:07.0023294Z   retention-days: 30
2026-10-04T06:13:07.0023653Z   compression-level: 0
2026-10-04T06:13:07.0024034Z   if-no-files-found: warn
2026-10-04T06:13:07.0024412Z   overwrite: false
2026-10-04T06:13:07.0024748Z   include-hidden-files: false
2026-10-04T06:13:07.0025101Z env:
2026-10-04T06:13:07.0028300Z   GH_TOKEN: ***
2026-10-04T06:13:07.0028780Z   pythonLocation: /opt/hostedtoolcache/Python/3.12.14/x64
2026-10-04T06:13:07.0029339Z   PKG_CONFIG_PATH: /opt/hostedtoolcache/Python/3.12.14/x64/lib/pkgconfig
2026-10-04T06:13:07.0029832Z   Python_ROOT_DIR: /opt/hostedtoolcache/Python/3.12.14/x64
2026-10-04T06:13:07.0030327Z   Python2_ROOT_DIR: /opt/hostedtoolcache/Python/3.12.14/x64
2026-10-04T06:13:07.0030891Z   Python3_ROOT_DIR: /opt/hostedtoolcache/Python/3.12.14/x64
2026-10-04T06:13:07.0031354Z   LD_LIBRARY_PATH: /opt/hostedtoolcache/Python/3.12.14/x64/lib
2026-10-04T06:13:07.0031820Z ##[endgroup]
2026-10-04T06:13:07.1394597Z (node:2167) [DEP0040] DeprecationWarning: The `punycode` module is deprecated. Please use a userland alternative instead.
2026-10-04T06:13:07.1395297Z (Use `node --trace-deprecation ...` to show where the warning was created)
2026-10-04T06:13:07.1487161Z With the provided path, there will be 18 files uploaded
2026-10-04T06:13:07.1489397Z Artifact name is valid!
2026-10-04T06:13:07.1490123Z Root directory input is valid!
2026-10-04T06:13:07.5034529Z Beginning upload of artifact content to blob storage
2026-10-04T06:13:07.5361525Z (node:2167) [DEP0169] DeprecationWarning: `url.parse()` behavior is not standardized and prone to errors that have security implications. Use the WHATWG URL API instead. CVEs are not issued for `url.parse()` vulnerabilities.
2026-10-04T06:13:07.9174286Z Uploaded bytes 217206
2026-10-04T06:13:07.9727970Z Finished uploading artifact content to blob storage!
2026-10-04T06:13:07.9728997Z SHA256 digest of uploaded artifact zip is e566771ec86d8dde35798c5fa2b0075bbd790ec7d38e4b6f28cb2fe3e38d3c73
2026-10-04T06:13:07.9730657Z Finalizing artifact upload
2026-10-04T06:13:08.2529961Z Artifact path-efficiency-resumption-v23-selected.zip successfully finalized. Artifact ID 11295965750
2026-10-04T06:13:08.2531417Z Artifact path-efficiency-resumption-v23-selected has been successfully uploaded! Final size is 217206 bytes. Artifact ID is 11295965750
2026-10-04T06:13:08.2535368Z Artifact download URL: https://github.com/duuu-hub/bb-scanner/actions/runs/37181004354/artifacts/11295965750
2026-10-04T06:13:08.2664033Z Post job cleanup.
2026-10-04T06:13:08.3658111Z (node:2179) [DEP0040] DeprecationWarning: The `punycode` module is deprecated. Please use a userland alternative instead.
2026-10-04T06:13:08.3658886Z (Use `node --trace-deprecation ...` to show where the warning was created)
2026-10-04T06:13:08.3766104Z Post job cleanup.
2026-10-04T06:13:08.4494660Z [command]/usr/bin/git version
2026-10-04T06:13:08.4529793Z git version 2.55.0
2026-10-04T06:13:08.4563647Z Temporarily overriding HOME='/home/runner/work/_temp/41bd1d67-6163-4878-8d42-0387735cb9ea' before making global git config changes
2026-10-04T06:13:08.4564577Z Adding repository directory to the temporary git global config as a safe directory
2026-10-04T06:13:08.4569400Z [command]/usr/bin/git config --global --add safe.directory /home/runner/work/bb-scanner/bb-scanner
2026-10-04T06:13:08.5074407Z [command]/usr/bin/git config --local --name-only --get-regexp core\.sshCommand
2026-10-04T06:13:08.5106729Z [command]/usr/bin/git submodule foreach --recursive sh -c "git config --local --name-only --get-regexp 'core\.sshCommand' && git config --local --unset-all 'core.sshCommand' || :"
2026-10-04T06:13:08.5290343Z [command]/usr/bin/git config --local --name-only --get-regexp http\.https\:\/\/github\.com\/\.extraheader
2026-10-04T06:13:08.5314647Z http.https://github.com/.extraheader
2026-10-04T06:13:08.5323066Z [command]/usr/bin/git config --local --unset-all http.https://github.com/.extraheader
2026-10-04T06:13:08.6159160Z [command]/usr/bin/git submodule foreach --recursive sh -c "git config --local --name-only --get-regexp 'http\.https\:\/\/github\.com\/\.extraheader' && git config --local --unset-all 'http.https://github.com/.extraheader' || :"
2026-10-04T06:13:08.6315996Z [command]/usr/bin/git config --local --name-only --get-regexp ^includeIf\.gitdir:
2026-10-04T06:13:08.6341242Z [command]/usr/bin/git submodule foreach --recursive git config --local --show-origin --name-only --get-regexp remote.origin.url
2026-10-04T06:13:08.6595981Z Evaluate and set job outputs
2026-10-04T06:13:08.6601733Z Set output 'selected_count'
2026-10-04T06:13:08.6603494Z Cleaning up orphan processes
2026-10-04T06:13:08.6804696Z ##[warning]Node.js 20 is deprecated. The following actions target Node.js 20 but are being forced to run on Node.js 24: actions/checkout@v4, actions/download-artifact@v4, actions/setup-python@v5, actions/upload-artifact@v4. For more information see: https://github.blog/changelog/2025-09-19-deprecation-of-node-20-on-github-actions-runners/
