2026-10-02T15:21:16.2775456Z Current runner version: '2.337.0'
2026-10-02T15:21:16.2798797Z ##[group]Runner Image Provisioner
2026-10-02T15:21:16.2799639Z Hosted Compute Agent
2026-10-02T15:21:16.2800207Z Version: 20260901.588
2026-10-02T15:21:16.2801049Z Commit: f88ec8081b781fac6c440065ac7ff9e710ce3d0b
2026-10-02T15:21:16.2801875Z Build Date: 2026-09-01T19:56:44Z
2026-10-02T15:21:16.2802829Z Worker ID: {e52ead73-9415-4e9a-b34c-6cffbf9cb5d7}
2026-10-02T15:21:16.2803521Z Azure Region: westcentralus
2026-10-02T15:21:16.2804102Z ##[endgroup]
2026-10-02T15:21:16.2805633Z ##[group]Operating System
2026-10-02T15:21:16.2806217Z Ubuntu
2026-10-02T15:21:16.2807034Z 24.04.5
2026-10-02T15:21:16.2807563Z LTS
2026-10-02T15:21:16.2808072Z ##[endgroup]
2026-10-02T15:21:16.2808647Z ##[group]Runner Image
2026-10-02T15:21:16.2809194Z Image: ubuntu-24.04
2026-10-02T15:21:16.2809720Z Version: 20260927.320.1
2026-10-02T15:21:16.2810934Z Included Software: https://github.com/actions/runner-images/blob/ubuntu24/20260927.320/images/ubuntu/Ubuntu2404-Readme.md
2026-10-02T15:21:16.2812902Z Image Release: https://github.com/actions/runner-images/releases/tag/ubuntu24%2F20260927.320
2026-10-02T15:21:16.2813817Z ##[endgroup]
2026-10-02T15:21:16.2814931Z ##[group]GITHUB_TOKEN Permissions
2026-10-02T15:21:16.2818149Z Actions: read
2026-10-02T15:21:16.2818992Z Contents: read
2026-10-02T15:21:16.2819750Z Metadata: read
2026-10-02T15:21:16.2820445Z ##[endgroup]
2026-10-02T15:21:16.2823280Z Secret source: Actions
2026-10-02T15:21:16.2824566Z Cache mode: write
2026-10-02T15:21:16.2825887Z Prepare workflow directory
2026-10-02T15:21:16.3293420Z Prepare all required actions
2026-10-02T15:21:16.3341888Z Getting action download info
2026-10-02T15:21:16.7167800Z Download action repository 'actions/checkout@v4' (SHA:11d5960a326750d5838078e36cf38b85af677262)
2026-10-02T15:21:16.8533483Z Download action repository 'actions/setup-python@v5' (SHA:a26af69be951a213d495a4c3e4e4022e16d87065)
2026-10-02T15:21:17.0260487Z Download action repository 'actions/cache@v4' (SHA:0057852bfaa89a56745cba8c7296529d2fc39830)
2026-10-02T15:21:17.1864397Z Download action repository 'actions/download-artifact@v4' (SHA:d3f86a106a0bac45b974a628896c90dbdf5c8093)
2026-10-02T15:21:17.8460407Z Download action repository 'actions/upload-artifact@v4' (SHA:ea165f8d65b6e75b540449e92b4886f43607fa02)
2026-10-02T15:21:18.2262712Z Complete job name: development (7)
2026-10-02T15:21:18.3137210Z ##[group]Run actions/checkout@v4
2026-10-02T15:21:18.3138576Z with:
2026-10-02T15:21:18.3139529Z   repository: duuu-hub/bb-scanner
2026-10-02T15:21:18.3148223Z   token: ***
2026-10-02T15:21:18.3149165Z   ssh-strict: true
2026-10-02T15:21:18.3150142Z   ssh-user: git
2026-10-02T15:21:18.3151138Z   persist-credentials: true
2026-10-02T15:21:18.3152356Z   clean: true
2026-10-02T15:21:18.3153332Z   sparse-checkout-cone-mode: true
2026-10-02T15:21:18.3154450Z   fetch-depth: 1
2026-10-02T15:21:18.3155372Z   fetch-tags: false
2026-10-02T15:21:18.3156457Z   show-progress: true
2026-10-02T15:21:18.3157407Z   lfs: false
2026-10-02T15:21:18.3158351Z   submodules: false
2026-10-02T15:21:18.3159326Z   set-safe-directory: true
2026-10-02T15:21:18.3160394Z   allow-unsafe-pr-checkout: false
2026-10-02T15:21:18.3161854Z env:
2026-10-02T15:21:18.3170175Z   GH_TOKEN: ***
2026-10-02T15:21:18.3171098Z ##[endgroup]
2026-10-02T15:21:18.4244939Z Syncing repository: duuu-hub/bb-scanner
2026-10-02T15:21:18.4248974Z ##[group]Getting Git version info
2026-10-02T15:21:18.4250527Z Working directory is '/home/runner/work/bb-scanner/bb-scanner'
2026-10-02T15:21:18.4253204Z [command]/usr/bin/git version
2026-10-02T15:21:18.4307287Z git version 2.55.0
2026-10-02T15:21:18.4330193Z ##[endgroup]
2026-10-02T15:21:18.4352709Z Temporarily overriding HOME='/home/runner/work/_temp/c883db50-a6c2-4a4d-aed1-8b58ff53035c' before making global git config changes
2026-10-02T15:21:18.4357154Z Adding repository directory to the temporary git global config as a safe directory
2026-10-02T15:21:18.4359555Z [command]/usr/bin/git config --global --add safe.directory /home/runner/work/bb-scanner/bb-scanner
2026-10-02T15:21:18.4419302Z Deleting the contents of '/home/runner/work/bb-scanner/bb-scanner'
2026-10-02T15:21:18.4424013Z ##[group]Initializing the repository
2026-10-02T15:21:18.4427081Z [command]/usr/bin/git init /home/runner/work/bb-scanner/bb-scanner
2026-10-02T15:21:18.4521230Z hint: Using 'master' as the name for the initial branch. This default branch name
2026-10-02T15:21:18.4524637Z hint: will change to "main" in Git 3.0. To configure the initial branch name
2026-10-02T15:21:18.4527765Z hint: to use in all of your new repositories, which will suppress this warning,
2026-10-02T15:21:18.4530375Z hint: call:
2026-10-02T15:21:18.4533086Z hint:
2026-10-02T15:21:18.4535073Z hint: 	git config --global init.defaultBranch <name>
2026-10-02T15:21:18.4537703Z hint:
2026-10-02T15:21:18.4539759Z hint: Names commonly chosen instead of 'master' are 'main', 'trunk' and
2026-10-02T15:21:18.4543001Z hint: 'development'. The just-created branch can be renamed via this command:
2026-10-02T15:21:18.4545542Z hint:
2026-10-02T15:21:18.4547083Z hint: 	git branch -m <name>
2026-10-02T15:21:18.4548834Z hint:
2026-10-02T15:21:18.4550988Z hint: Disable this message with "git config set advice.defaultBranchName false"
2026-10-02T15:21:18.4554826Z Initialized empty Git repository in /home/runner/work/bb-scanner/bb-scanner/.git/
2026-10-02T15:21:18.4560517Z [command]/usr/bin/git remote add origin https://github.com/duuu-hub/bb-scanner
2026-10-02T15:21:18.4616704Z ##[endgroup]
2026-10-02T15:21:18.4619145Z ##[group]Disabling automatic garbage collection
2026-10-02T15:21:18.4621123Z [command]/usr/bin/git config --local gc.auto 0
2026-10-02T15:21:18.4650630Z ##[endgroup]
2026-10-02T15:21:18.4653490Z ##[group]Setting up auth
2026-10-02T15:21:18.4657646Z [command]/usr/bin/git config --local --name-only --get-regexp core\.sshCommand
2026-10-02T15:21:18.4690521Z [command]/usr/bin/git submodule foreach --recursive sh -c "git config --local --name-only --get-regexp 'core\.sshCommand' && git config --local --unset-all 'core.sshCommand' || :"
2026-10-02T15:21:18.5047507Z [command]/usr/bin/git config --local --name-only --get-regexp http\.https\:\/\/github\.com\/\.extraheader
2026-10-02T15:21:18.5084332Z [command]/usr/bin/git submodule foreach --recursive sh -c "git config --local --name-only --get-regexp 'http\.https\:\/\/github\.com\/\.extraheader' && git config --local --unset-all 'http.https://github.com/.extraheader' || :"
2026-10-02T15:21:18.5278986Z [command]/usr/bin/git config --local --name-only --get-regexp ^includeIf\.gitdir:
2026-10-02T15:21:18.5308055Z [command]/usr/bin/git submodule foreach --recursive git config --local --show-origin --name-only --get-regexp remote.origin.url
2026-10-02T15:21:18.5493662Z [command]/usr/bin/git config --local http.https://github.com/.extraheader AUTHORIZATION: basic ***
2026-10-02T15:21:18.5534603Z ##[endgroup]
2026-10-02T15:21:18.5537019Z ##[group]Fetching the repository
2026-10-02T15:21:18.5547502Z [command]/usr/bin/git -c protocol.version=2 fetch --no-tags --prune --no-recurse-submodules --depth=1 origin +fe7775f16203282a4574173202624dc70ca8acfa:refs/remotes/origin/research-breadth-expansion-continuation-v15
2026-10-02T15:21:20.2211290Z From https://github.com/duuu-hub/bb-scanner
2026-10-02T15:21:20.2213340Z  * [new ref]         fe7775f16203282a4574173202624dc70ca8acfa -> origin/research-breadth-expansion-continuation-v15
2026-10-02T15:21:20.2217052Z ##[endgroup]
2026-10-02T15:21:20.2218448Z ##[group]Determining the checkout info
2026-10-02T15:21:20.2219923Z ##[endgroup]
2026-10-02T15:21:20.2226954Z [command]/usr/bin/git sparse-checkout disable
2026-10-02T15:21:20.2326714Z [command]/usr/bin/git config --local --unset-all extensions.worktreeConfig
2026-10-02T15:21:20.2366838Z ##[group]Checking out the ref
2026-10-02T15:21:20.2368850Z [command]/usr/bin/git checkout --progress --force -B research-breadth-expansion-continuation-v15 refs/remotes/origin/research-breadth-expansion-continuation-v15
2026-10-02T15:21:20.4816240Z Switched to a new branch 'research-breadth-expansion-continuation-v15'
2026-10-02T15:21:20.4822899Z branch 'research-breadth-expansion-continuation-v15' set up to track 'origin/research-breadth-expansion-continuation-v15'.
2026-10-02T15:21:20.4830487Z ##[endgroup]
2026-10-02T15:21:20.4871533Z [command]/usr/bin/git log -1 --format=%H
2026-10-02T15:21:20.4893817Z fe7775f16203282a4574173202624dc70ca8acfa
2026-10-02T15:21:20.5139589Z ##[group]Run actions/setup-python@v5
2026-10-02T15:21:20.5140027Z with:
2026-10-02T15:21:20.5140364Z   python-version: 3.12
2026-10-02T15:21:20.5140709Z   check-latest: false
2026-10-02T15:21:20.5143703Z   token: ***
2026-10-02T15:21:20.5144077Z   update-environment: true
2026-10-02T15:21:20.5144445Z   allow-prereleases: false
2026-10-02T15:21:20.5144807Z   freethreaded: false
2026-10-02T15:21:20.5145133Z env:
2026-10-02T15:21:20.5147708Z   GH_TOKEN: ***
2026-10-02T15:21:20.5148023Z ##[endgroup]
2026-10-02T15:21:20.6444688Z ##[group]Installed versions
2026-10-02T15:21:20.6528383Z (node:2360) [DEP0040] DeprecationWarning: The `punycode` module is deprecated. Please use a userland alternative instead.
2026-10-02T15:21:20.6529796Z (Use `node --trace-deprecation ...` to show where the warning was created)
2026-10-02T15:21:20.6530558Z Successfully set up CPython (3.12.14)
2026-10-02T15:21:20.6531569Z ##[endgroup]
2026-10-02T15:21:20.6656924Z ##[group]Run set -euo pipefail
2026-10-02T15:21:20.6657409Z [36;1mset -euo pipefail[0m
2026-10-02T15:21:20.6657883Z [36;1mpip install pandas==2.3.3 numpy==2.3.3[0m
2026-10-02T15:21:20.6891723Z shell: /usr/bin/bash --noprofile --norc -e -o pipefail {0}
2026-10-02T15:21:20.6892559Z env:
2026-10-02T15:21:20.6896877Z   GH_TOKEN: ***
2026-10-02T15:21:20.6897447Z   pythonLocation: /opt/hostedtoolcache/Python/3.12.14/x64
2026-10-02T15:21:20.6898221Z   PKG_CONFIG_PATH: /opt/hostedtoolcache/Python/3.12.14/x64/lib/pkgconfig
2026-10-02T15:21:20.6899052Z   Python_ROOT_DIR: /opt/hostedtoolcache/Python/3.12.14/x64
2026-10-02T15:21:20.6899795Z   Python2_ROOT_DIR: /opt/hostedtoolcache/Python/3.12.14/x64
2026-10-02T15:21:20.6900248Z   Python3_ROOT_DIR: /opt/hostedtoolcache/Python/3.12.14/x64
2026-10-02T15:21:20.6900842Z   LD_LIBRARY_PATH: /opt/hostedtoolcache/Python/3.12.14/x64/lib
2026-10-02T15:21:20.6901269Z ##[endgroup]
2026-10-02T15:21:22.7709125Z Collecting pandas==2.3.3
2026-10-02T15:21:22.8730986Z   Downloading pandas-2.3.3-cp312-cp312-manylinux_2_24_x86_64.manylinux_2_28_x86_64.whl.metadata (91 kB)
2026-10-02T15:21:23.1379384Z Collecting numpy==2.3.3
2026-10-02T15:21:23.1585262Z   Downloading numpy-2.3.3-cp312-cp312-manylinux_2_27_x86_64.manylinux_2_28_x86_64.whl.metadata (62 kB)
2026-10-02T15:21:23.2002636Z Collecting python-dateutil>=2.8.2 (from pandas==2.3.3)
2026-10-02T15:21:23.2186879Z   Downloading python_dateutil-2.9.0.post0-py2.py3-none-any.whl.metadata (8.4 kB)
2026-10-02T15:21:23.2646720Z Collecting pytz>=2020.1 (from pandas==2.3.3)
2026-10-02T15:21:23.2833767Z   Downloading pytz-2026.4-py2.py3-none-any.whl.metadata (22 kB)
2026-10-02T15:21:23.3130283Z Collecting tzdata>=2022.7 (from pandas==2.3.3)
2026-10-02T15:21:23.3316193Z   Downloading tzdata-2026.4-py2.py3-none-any.whl.metadata (1.4 kB)
2026-10-02T15:21:23.3624872Z Collecting six>=1.5 (from python-dateutil>=2.8.2->pandas==2.3.3)
2026-10-02T15:21:23.3837763Z   Downloading six-1.17.0-py2.py3-none-any.whl.metadata (1.7 kB)
2026-10-02T15:21:23.4060880Z Downloading pandas-2.3.3-cp312-cp312-manylinux_2_24_x86_64.manylinux_2_28_x86_64.whl (12.4 MB)
2026-10-02T15:21:23.6917915Z    ━━━━━━━━━━━━━━━━━━━━━━━━━━━━━━━━━━━━━━━━ 12.4/12.4 MB 48.5 MB/s  0:00:00
2026-10-02T15:21:23.7149344Z Downloading numpy-2.3.3-cp312-cp312-manylinux_2_27_x86_64.manylinux_2_28_x86_64.whl (16.6 MB)
2026-10-02T15:21:23.8828745Z    ━━━━━━━━━━━━━━━━━━━━━━━━━━━━━━━━━━━━━━━━ 16.6/16.6 MB 99.1 MB/s  0:00:00
2026-10-02T15:21:23.9020796Z Downloading python_dateutil-2.9.0.post0-py2.py3-none-any.whl (229 kB)
2026-10-02T15:21:23.9248395Z Downloading pytz-2026.4-py2.py3-none-any.whl (506 kB)
2026-10-02T15:21:23.9489227Z Downloading six-1.17.0-py2.py3-none-any.whl (11 kB)
2026-10-02T15:21:23.9696930Z Downloading tzdata-2026.4-py2.py3-none-any.whl (347 kB)
2026-10-02T15:21:24.2056216Z Installing collected packages: pytz, tzdata, six, numpy, python-dateutil, pandas
2026-10-02T15:21:30.1591679Z 
2026-10-02T15:21:30.1604654Z Successfully installed numpy-2.3.3 pandas-2.3.3 python-dateutil-2.9.0.post0 pytz-2026.4 six-1.17.0 tzdata-2026.4
2026-10-02T15:21:30.2326948Z ##[group]Run actions/cache@v4
2026-10-02T15:21:30.2327309Z with:
2026-10-02T15:21:30.2327649Z   path: data
2026-10-02T15:21:30.2327960Z   key: frozen-source-36095439671-15m-shard-7
2026-10-02T15:21:30.2328332Z   enableCrossOsArchive: false
2026-10-02T15:21:30.2328666Z   fail-on-cache-miss: false
2026-10-02T15:21:30.2329002Z   lookup-only: false
2026-10-02T15:21:30.2329328Z   save-always: false
2026-10-02T15:21:30.2329614Z env:
2026-10-02T15:21:30.2332417Z   GH_TOKEN: ***
2026-10-02T15:21:30.2332812Z   pythonLocation: /opt/hostedtoolcache/Python/3.12.14/x64
2026-10-02T15:21:30.2333309Z   PKG_CONFIG_PATH: /opt/hostedtoolcache/Python/3.12.14/x64/lib/pkgconfig
2026-10-02T15:21:30.2333840Z   Python_ROOT_DIR: /opt/hostedtoolcache/Python/3.12.14/x64
2026-10-02T15:21:30.2334279Z   Python2_ROOT_DIR: /opt/hostedtoolcache/Python/3.12.14/x64
2026-10-02T15:21:30.2334723Z   Python3_ROOT_DIR: /opt/hostedtoolcache/Python/3.12.14/x64
2026-10-02T15:21:30.2335293Z   LD_LIBRARY_PATH: /opt/hostedtoolcache/Python/3.12.14/x64/lib
2026-10-02T15:21:30.2335672Z ##[endgroup]
2026-10-02T15:21:30.3391668Z (node:2395) [DEP0040] DeprecationWarning: The `punycode` module is deprecated. Please use a userland alternative instead.
2026-10-02T15:21:30.3392636Z (Use `node --trace-deprecation ...` to show where the warning was created)
2026-10-02T15:21:30.5119226Z Cache hit for: frozen-source-36095439671-15m-shard-7
2026-10-02T15:21:30.5231253Z (node:2395) [DEP0169] DeprecationWarning: `url.parse()` behavior is not standardized and prone to errors that have security implications. Use the WHATWG URL API instead. CVEs are not issued for `url.parse()` vulnerabilities.
2026-10-02T15:21:31.7462633Z Received 46137344 of 209330545 (22.0%), 44.0 MBs/sec
2026-10-02T15:21:32.6807532Z Received 209330545 of 209330545 (100.0%), 103.2 MBs/sec
2026-10-02T15:21:32.6809376Z Cache Size: ~200 MB (209330545 B)
2026-10-02T15:21:32.6884952Z [command]/usr/bin/tar -xf /home/runner/work/_temp/52b90e07-7583-47ac-87d6-3d38e4d6a429/cache.tzst -P -C /home/runner/work/bb-scanner/bb-scanner --use-compress-program unzstd
2026-10-02T15:21:32.8710224Z Cache restored successfully
2026-10-02T15:21:32.8861648Z Cache restored from key: frozen-source-36095439671-15m-shard-7
2026-10-02T15:21:32.8983925Z ##[group]Run set -euo pipefail
2026-10-02T15:21:32.8984338Z [36;1mset -euo pipefail[0m
2026-10-02T15:21:32.8984764Z [36;1mif [ 'true' != 'true' ]; then[0m
2026-10-02T15:21:32.8985359Z [36;1m  gh run download 36095439671 -R duuu-hub/bb-scanner -n rank5-binance-um-15m-5y-data-shard-7 -D data[0m
2026-10-02T15:21:32.8985919Z [36;1mfi[0m
2026-10-02T15:21:32.8986396Z [36;1mgh run download 36858492497 -R duuu-hub/bb-scanner -n day-edge-v2-btc -D btc[0m
2026-10-02T15:21:32.8987130Z [36;1mgh run download 36095439671 -R duuu-hub/bb-scanner -n rank5-binance-um-15m-5y-manifest-shard-7 -D source-manifest[0m
2026-10-02T15:21:32.8988746Z [36;1mpython scripts/research_evidence_archive.py verify-source --data data --manifests source-manifest --baseline research/breadth-expansion-continuation-v15/FROZEN_INPUT_HASHES.json --out dev-7/source_check.json[0m
2026-10-02T15:21:32.9030305Z shell: /usr/bin/bash --noprofile --norc -e -o pipefail {0}
2026-10-02T15:21:32.9030752Z env:
2026-10-02T15:21:32.9033543Z   GH_TOKEN: ***
2026-10-02T15:21:32.9033967Z   pythonLocation: /opt/hostedtoolcache/Python/3.12.14/x64
2026-10-02T15:21:32.9034542Z   PKG_CONFIG_PATH: /opt/hostedtoolcache/Python/3.12.14/x64/lib/pkgconfig
2026-10-02T15:21:32.9035059Z   Python_ROOT_DIR: /opt/hostedtoolcache/Python/3.12.14/x64
2026-10-02T15:21:32.9035580Z   Python2_ROOT_DIR: /opt/hostedtoolcache/Python/3.12.14/x64
2026-10-02T15:21:32.9036047Z   Python3_ROOT_DIR: /opt/hostedtoolcache/Python/3.12.14/x64
2026-10-02T15:21:32.9036649Z   LD_LIBRARY_PATH: /opt/hostedtoolcache/Python/3.12.14/x64/lib
2026-10-02T15:21:32.9037119Z ##[endgroup]
2026-10-02T15:21:43.3313826Z FROZEN_SOURCE_VERIFIED 107 files 28 prior SHA256 matches
2026-10-02T15:21:43.3868894Z ##[group]Run actions/download-artifact@v4
2026-10-02T15:21:43.3869298Z with:
2026-10-02T15:21:43.3869745Z   name: breadth-expansion-continuation-v15-breadth-development
2026-10-02T15:21:43.3870244Z   path: frozen-breadth
2026-10-02T15:21:43.3870578Z   merge-multiple: false
2026-10-02T15:21:43.3870931Z   repository: duuu-hub/bb-scanner
2026-10-02T15:21:43.3871286Z   run-id: 37025951533
2026-10-02T15:21:43.3871664Z env:
2026-10-02T15:21:43.3874431Z   GH_TOKEN: ***
2026-10-02T15:21:43.3874839Z   pythonLocation: /opt/hostedtoolcache/Python/3.12.14/x64
2026-10-02T15:21:43.3875405Z   PKG_CONFIG_PATH: /opt/hostedtoolcache/Python/3.12.14/x64/lib/pkgconfig
2026-10-02T15:21:43.3875928Z   Python_ROOT_DIR: /opt/hostedtoolcache/Python/3.12.14/x64
2026-10-02T15:21:43.3876457Z   Python2_ROOT_DIR: /opt/hostedtoolcache/Python/3.12.14/x64
2026-10-02T15:21:43.3876962Z   Python3_ROOT_DIR: /opt/hostedtoolcache/Python/3.12.14/x64
2026-10-02T15:21:43.3877549Z   LD_LIBRARY_PATH: /opt/hostedtoolcache/Python/3.12.14/x64/lib
2026-10-02T15:21:43.3877986Z ##[endgroup]
2026-10-02T15:21:43.5491977Z Downloading single artifact
2026-10-02T15:21:43.5639540Z (node:2432) [DEP0040] DeprecationWarning: The `punycode` module is deprecated. Please use a userland alternative instead.
2026-10-02T15:21:43.5640834Z (Use `node --trace-deprecation ...` to show where the warning was created)
2026-10-02T15:21:43.7822277Z Preparing to download the following artifacts:
2026-10-02T15:21:43.7823449Z - breadth-expansion-continuation-v15-breadth-development (ID: 11235078229, Size: 711496, Expected Digest: sha256:d2c3b357913e08d10edd9cff7c0ea77891872c721c6bea7b6e6909d75d0261c1)
2026-10-02T15:21:43.9831797Z Redirecting to blob download url: https://productionresultssa7.blob.core.windows.net/actions-results/7232c6c4-42be-8729-b469-79520192e21a/workflow-job-run-3a5e5e2c-c2de-5f84-b9b0-fa462e76d1cf/artifacts/3be9ba00ff7ebfe0ee065427370ef311534c9178978387a0842462ee645dd7fe.zip
2026-10-02T15:21:43.9834011Z Starting download of artifact to: /home/runner/work/bb-scanner/bb-scanner/frozen-breadth
2026-10-02T15:21:44.2445355Z (node:2432) [DEP0005] DeprecationWarning: Buffer() is deprecated due to security and usability issues. Please use the Buffer.alloc(), Buffer.allocUnsafe(), or Buffer.from() methods instead.
2026-10-02T15:21:44.5588283Z SHA256 digest of downloaded artifact is d2c3b357913e08d10edd9cff7c0ea77891872c721c6bea7b6e6909d75d0261c1
2026-10-02T15:21:44.5589323Z Artifact download completed successfully.
2026-10-02T15:21:44.5590192Z Total of 1 artifact(s) downloaded
2026-10-02T15:21:44.5594373Z Download artifact has finished successfully
2026-10-02T15:21:44.5717108Z ##[group]Run actions/cache@v4
2026-10-02T15:21:44.5717497Z with:
2026-10-02T15:21:44.5717883Z   path: cache/verified-1m
2026-10-02T15:21:44.5718303Z   key: breadth-expansion-continuation-v15-dev-1m-shard-7
2026-10-02T15:21:44.5718917Z   restore-keys: premium-absorption-v8-dev-1m-shard-7
factor-lag-v6-dev-1m-shard-7
2026-10-02T15:21:44.5719506Z   enableCrossOsArchive: false
2026-10-02T15:21:44.5719873Z   fail-on-cache-miss: false
2026-10-02T15:21:44.5720274Z   lookup-only: false
2026-10-02T15:21:44.5720582Z   save-always: false
2026-10-02T15:21:44.5720922Z env:
2026-10-02T15:21:44.5723876Z   GH_TOKEN: ***
2026-10-02T15:21:44.5724353Z   pythonLocation: /opt/hostedtoolcache/Python/3.12.14/x64
2026-10-02T15:21:44.5724916Z   PKG_CONFIG_PATH: /opt/hostedtoolcache/Python/3.12.14/x64/lib/pkgconfig
2026-10-02T15:21:44.5725529Z   Python_ROOT_DIR: /opt/hostedtoolcache/Python/3.12.14/x64
2026-10-02T15:21:44.5726143Z   Python2_ROOT_DIR: /opt/hostedtoolcache/Python/3.12.14/x64
2026-10-02T15:21:44.5726725Z   Python3_ROOT_DIR: /opt/hostedtoolcache/Python/3.12.14/x64
2026-10-02T15:21:44.5727209Z   LD_LIBRARY_PATH: /opt/hostedtoolcache/Python/3.12.14/x64/lib
2026-10-02T15:21:44.5727858Z ##[endgroup]
2026-10-02T15:21:44.6763797Z (node:2445) [DEP0040] DeprecationWarning: The `punycode` module is deprecated. Please use a userland alternative instead.
2026-10-02T15:21:44.6764618Z (Use `node --trace-deprecation ...` to show where the warning was created)
2026-10-02T15:21:44.8477569Z Cache not found for input keys: breadth-expansion-continuation-v15-dev-1m-shard-7, premium-absorption-v8-dev-1m-shard-7, factor-lag-v6-dev-1m-shard-7
2026-10-02T15:21:44.8579367Z ##[group]Run set -euo pipefail
2026-10-02T15:21:44.8580038Z [36;1mset -euo pipefail[0m
2026-10-02T15:21:44.8581470Z [36;1mpython scripts/breadth_expansion_continuation_v15.py scan --stage DEV --data data --btc btc/BTCUSDT.csv.gz --breadth-dir frozen-breadth --source-check dev-7/source_check.json --out dev-7 --minute-cache cache/verified-1m[0m
2026-10-02T15:21:44.8643735Z shell: /usr/bin/bash --noprofile --norc -e -o pipefail {0}
2026-10-02T15:21:44.8644524Z env:
2026-10-02T15:21:44.8648586Z   GH_TOKEN: ***
2026-10-02T15:21:44.8649144Z   pythonLocation: /opt/hostedtoolcache/Python/3.12.14/x64
2026-10-02T15:21:44.8650051Z   PKG_CONFIG_PATH: /opt/hostedtoolcache/Python/3.12.14/x64/lib/pkgconfig
2026-10-02T15:21:44.8650911Z   Python_ROOT_DIR: /opt/hostedtoolcache/Python/3.12.14/x64
2026-10-02T15:21:44.8651651Z   Python2_ROOT_DIR: /opt/hostedtoolcache/Python/3.12.14/x64
2026-10-02T15:21:44.8652673Z   Python3_ROOT_DIR: /opt/hostedtoolcache/Python/3.12.14/x64
2026-10-02T15:21:44.8653591Z   LD_LIBRARY_PATH: /opt/hostedtoolcache/Python/3.12.14/x64/lib
2026-10-02T15:21:44.8654261Z ##[endgroup]
2026-10-02T15:21:46.7292600Z V15_BREADTH_RECOVERY_SCAN DEV 8 / 107 parameterized_outcomes 1440
2026-10-02T15:22:03.1926424Z V15_BREADTH_RECOVERY_SCAN DEV 24 / 107 parameterized_outcomes 12414
2026-10-02T15:22:17.9363952Z V15_BREADTH_RECOVERY_SCAN DEV 40 / 107 parameterized_outcomes 20232
2026-10-02T15:22:20.3047356Z V15_BREADTH_RECOVERY_SCAN DEV 48 / 107 parameterized_outcomes 21474
2026-10-02T15:22:32.8595290Z V15_BREADTH_RECOVERY_SCAN DEV 56 / 107 parameterized_outcomes 29342
2026-10-02T15:22:44.6473910Z V15_BREADTH_RECOVERY_SCAN DEV 80 / 107 parameterized_outcomes 32522
2026-10-02T15:22:47.7125590Z V15_BREADTH_RECOVERY_SCAN DEV 88 / 107 parameterized_outcomes 32522
2026-10-02T15:23:17.0792546Z V15_BREADTH_RECOVERY_SCAN DEV 104 / 107 parameterized_outcomes 44032
2026-10-02T15:23:20.7996769Z V15_BREADTH_RECOVERY_SCAN_DONE DEV 44032 chronology_exclusions 14
2026-10-02T15:23:20.8855951Z ##[group]Run actions/upload-artifact@v4
2026-10-02T15:23:20.8856329Z with:
2026-10-02T15:23:20.8856708Z   name: breadth-expansion-continuation-v15-dev-7
2026-10-02T15:23:20.8857117Z   path: dev-7/
2026-10-02T15:23:20.8857417Z   retention-days: 30
2026-10-02T15:23:20.8857811Z   compression-level: 0
2026-10-02T15:23:20.8858130Z   if-no-files-found: warn
2026-10-02T15:23:20.8858449Z   overwrite: false
2026-10-02T15:23:20.8858806Z   include-hidden-files: false
2026-10-02T15:23:20.8859139Z env:
2026-10-02T15:23:20.8861588Z   GH_TOKEN: ***
2026-10-02T15:23:20.8861963Z   pythonLocation: /opt/hostedtoolcache/Python/3.12.14/x64
2026-10-02T15:23:20.8862735Z   PKG_CONFIG_PATH: /opt/hostedtoolcache/Python/3.12.14/x64/lib/pkgconfig
2026-10-02T15:23:20.8863237Z   Python_ROOT_DIR: /opt/hostedtoolcache/Python/3.12.14/x64
2026-10-02T15:23:20.8863766Z   Python2_ROOT_DIR: /opt/hostedtoolcache/Python/3.12.14/x64
2026-10-02T15:23:20.8864219Z   Python3_ROOT_DIR: /opt/hostedtoolcache/Python/3.12.14/x64
2026-10-02T15:23:20.8864791Z   LD_LIBRARY_PATH: /opt/hostedtoolcache/Python/3.12.14/x64/lib
2026-10-02T15:23:20.8865343Z ##[endgroup]
2026-10-02T15:23:21.0497435Z (node:2480) [DEP0040] DeprecationWarning: The `punycode` module is deprecated. Please use a userland alternative instead.
2026-10-02T15:23:21.0502233Z (Use `node --trace-deprecation ...` to show where the warning was created)
2026-10-02T15:23:21.0651509Z With the provided path, there will be 77 files uploaded
2026-10-02T15:23:21.0657930Z Artifact name is valid!
2026-10-02T15:23:21.0658637Z Root directory input is valid!
2026-10-02T15:23:21.4239554Z Beginning upload of artifact content to blob storage
2026-10-02T15:23:21.5054732Z (node:2480) [DEP0169] DeprecationWarning: `url.parse()` behavior is not standardized and prone to errors that have security implications. Use the WHATWG URL API instead. CVEs are not issued for `url.parse()` vulnerabilities.
2026-10-02T15:23:22.1823797Z Uploaded bytes 8388608
2026-10-02T15:23:22.2178183Z Uploaded bytes 16777216
2026-10-02T15:23:22.3753439Z Uploaded bytes 25165824
2026-10-02T15:23:22.4136349Z Uploaded bytes 33554432
2026-10-02T15:23:22.6724296Z Uploaded bytes 38210680
2026-10-02T15:23:22.7339772Z Finished uploading artifact content to blob storage!
2026-10-02T15:23:22.7341861Z SHA256 digest of uploaded artifact zip is 0f43046eb5cdcb08cee53aff69a35c52a5df304e7025b7b2e3003bc37552d725
2026-10-02T15:23:22.7343040Z Finalizing artifact upload
2026-10-02T15:23:23.0208281Z Artifact breadth-expansion-continuation-v15-dev-7.zip successfully finalized. Artifact ID 11235238615
2026-10-02T15:23:23.0209634Z Artifact breadth-expansion-continuation-v15-dev-7 has been successfully uploaded! Final size is 38210680 bytes. Artifact ID is 11235238615
2026-10-02T15:23:23.0215434Z Artifact download URL: https://github.com/duuu-hub/bb-scanner/actions/runs/37025951533/artifacts/11235238615
2026-10-02T15:23:23.0379606Z Post job cleanup.
2026-10-02T15:23:23.1428529Z (node:2495) [DEP0040] DeprecationWarning: The `punycode` module is deprecated. Please use a userland alternative instead.
2026-10-02T15:23:23.1429927Z (Use `node --trace-deprecation ...` to show where the warning was created)
2026-10-02T15:23:23.1588660Z [command]/usr/bin/tar --posix -cf cache.tzst --exclude cache.tzst -P -C /home/runner/work/bb-scanner/bb-scanner --files-from manifest.txt --use-compress-program zstdmt
2026-10-02T15:23:23.4071707Z (node:2495) [DEP0169] DeprecationWarning: `url.parse()` behavior is not standardized and prone to errors that have security implications. Use the WHATWG URL API instead. CVEs are not issued for `url.parse()` vulnerabilities.
2026-10-02T15:23:24.4007355Z Sent 38411752 of 38411752 (100.0%), 36.6 MBs/sec
2026-10-02T15:23:24.5590847Z Cache saved with key: breadth-expansion-continuation-v15-dev-1m-shard-7
2026-10-02T15:23:24.5697230Z Post job cleanup.
2026-10-02T15:23:24.6738797Z Cache hit occurred on the primary key frozen-source-36095439671-15m-shard-7, not saving cache.
2026-10-02T15:23:24.6740156Z (node:2515) [DEP0040] DeprecationWarning: The `punycode` module is deprecated. Please use a userland alternative instead.
2026-10-02T15:23:24.6741269Z (Use `node --trace-deprecation ...` to show where the warning was created)
2026-10-02T15:23:24.6843645Z Post job cleanup.
2026-10-02T15:23:24.8002813Z (node:2523) [DEP0040] DeprecationWarning: The `punycode` module is deprecated. Please use a userland alternative instead.
2026-10-02T15:23:24.8003979Z (Use `node --trace-deprecation ...` to show where the warning was created)
2026-10-02T15:23:24.8217250Z Post job cleanup.
2026-10-02T15:23:24.9072224Z [command]/usr/bin/git version
2026-10-02T15:23:24.9110635Z git version 2.55.0
2026-10-02T15:23:24.9144341Z Temporarily overriding HOME='/home/runner/work/_temp/404928ee-4f24-4305-88d5-0d81d6f31b05' before making global git config changes
2026-10-02T15:23:24.9145966Z Adding repository directory to the temporary git global config as a safe directory
2026-10-02T15:23:24.9150269Z [command]/usr/bin/git config --global --add safe.directory /home/runner/work/bb-scanner/bb-scanner
2026-10-02T15:23:24.9186834Z [command]/usr/bin/git config --local --name-only --get-regexp core\.sshCommand
2026-10-02T15:23:24.9218833Z [command]/usr/bin/git submodule foreach --recursive sh -c "git config --local --name-only --get-regexp 'core\.sshCommand' && git config --local --unset-all 'core.sshCommand' || :"
2026-10-02T15:23:24.9435451Z [command]/usr/bin/git config --local --name-only --get-regexp http\.https\:\/\/github\.com\/\.extraheader
2026-10-02T15:23:24.9464388Z http.https://github.com/.extraheader
2026-10-02T15:23:24.9474665Z [command]/usr/bin/git config --local --unset-all http.https://github.com/.extraheader
2026-10-02T15:23:24.9508499Z [command]/usr/bin/git submodule foreach --recursive sh -c "git config --local --name-only --get-regexp 'http\.https\:\/\/github\.com\/\.extraheader' && git config --local --unset-all 'http.https://github.com/.extraheader' || :"
2026-10-02T15:23:24.9745593Z [command]/usr/bin/git config --local --name-only --get-regexp ^includeIf\.gitdir:
2026-10-02T15:23:24.9779458Z [command]/usr/bin/git submodule foreach --recursive git config --local --show-origin --name-only --get-regexp remote.origin.url
2026-10-02T15:23:25.0127883Z Cleaning up orphan processes
2026-10-02T15:23:25.0507883Z ##[warning]Node.js 20 is deprecated. The following actions target Node.js 20 but are being forced to run on Node.js 24: actions/cache@v4, actions/checkout@v4, actions/download-artifact@v4, actions/setup-python@v5, actions/upload-artifact@v4. For more information see: https://github.blog/changelog/2025-09-19-deprecation-of-node-20-on-github-actions-runners/
