2026-10-02T15:21:16.6334036Z Current runner version: '2.337.0'
2026-10-02T15:21:16.6354787Z ##[group]Runner Image Provisioner
2026-10-02T15:21:16.6355531Z Hosted Compute Agent
2026-10-02T15:21:16.6356189Z Version: 20260901.588
2026-10-02T15:21:16.6356760Z Commit: f88ec8081b781fac6c440065ac7ff9e710ce3d0b
2026-10-02T15:21:16.6357357Z Build Date: 2026-09-01T19:56:44Z
2026-10-02T15:21:16.6357970Z Worker ID: {b2ffa70e-5a35-48aa-ac1e-e0356d491b7c}
2026-10-02T15:21:16.6358558Z Azure Region: northcentralus
2026-10-02T15:21:16.6359041Z ##[endgroup]
2026-10-02T15:21:16.6360261Z ##[group]Operating System
2026-10-02T15:21:16.6360784Z Ubuntu
2026-10-02T15:21:16.6361603Z 24.04.5
2026-10-02T15:21:16.6362037Z LTS
2026-10-02T15:21:16.6362449Z ##[endgroup]
2026-10-02T15:21:16.6363026Z ##[group]Runner Image
2026-10-02T15:21:16.6363522Z Image: ubuntu-24.04
2026-10-02T15:21:16.6364011Z Version: 20260927.320.1
2026-10-02T15:21:16.6365049Z Included Software: https://github.com/actions/runner-images/blob/ubuntu24/20260927.320/images/ubuntu/Ubuntu2404-Readme.md
2026-10-02T15:21:16.6366642Z Image Release: https://github.com/actions/runner-images/releases/tag/ubuntu24%2F20260927.320
2026-10-02T15:21:16.6367425Z ##[endgroup]
2026-10-02T15:21:16.6368503Z ##[group]GITHUB_TOKEN Permissions
2026-10-02T15:21:16.6370297Z Actions: read
2026-10-02T15:21:16.6370892Z Contents: read
2026-10-02T15:21:16.6371364Z Metadata: read
2026-10-02T15:21:16.6371805Z ##[endgroup]
2026-10-02T15:21:16.6373575Z Secret source: Actions
2026-10-02T15:21:16.6374298Z Cache mode: write
2026-10-02T15:21:16.6375254Z Prepare workflow directory
2026-10-02T15:21:16.6800748Z Prepare all required actions
2026-10-02T15:21:16.6841696Z Getting action download info
2026-10-02T15:21:16.9190641Z Download action repository 'actions/checkout@v4' (SHA:11d5960a326750d5838078e36cf38b85af677262)
2026-10-02T15:21:17.0064971Z Download action repository 'actions/setup-python@v5' (SHA:a26af69be951a213d495a4c3e4e4022e16d87065)
2026-10-02T15:21:17.0985054Z Download action repository 'actions/cache@v4' (SHA:0057852bfaa89a56745cba8c7296529d2fc39830)
2026-10-02T15:21:17.2559813Z Download action repository 'actions/download-artifact@v4' (SHA:d3f86a106a0bac45b974a628896c90dbdf5c8093)
2026-10-02T15:21:17.6938122Z Download action repository 'actions/upload-artifact@v4' (SHA:ea165f8d65b6e75b540449e92b4886f43607fa02)
2026-10-02T15:21:17.9359283Z Complete job name: development (5)
2026-10-02T15:21:18.0039143Z ##[group]Run actions/checkout@v4
2026-10-02T15:21:18.0040146Z with:
2026-10-02T15:21:18.0040761Z   repository: duuu-hub/bb-scanner
2026-10-02T15:21:18.0047103Z   token: ***
2026-10-02T15:21:18.0047708Z   ssh-strict: true
2026-10-02T15:21:18.0048324Z   ssh-user: git
2026-10-02T15:21:18.0048959Z   persist-credentials: true
2026-10-02T15:21:18.0049641Z   clean: true
2026-10-02T15:21:18.0050260Z   sparse-checkout-cone-mode: true
2026-10-02T15:21:18.0051008Z   fetch-depth: 1
2026-10-02T15:21:18.0051631Z   fetch-tags: false
2026-10-02T15:21:18.0052267Z   show-progress: true
2026-10-02T15:21:18.0052920Z   lfs: false
2026-10-02T15:21:18.0053548Z   submodules: false
2026-10-02T15:21:18.0054189Z   set-safe-directory: true
2026-10-02T15:21:18.0054922Z   allow-unsafe-pr-checkout: false
2026-10-02T15:21:18.0055837Z env:
2026-10-02T15:21:18.0061860Z   GH_TOKEN: ***
2026-10-02T15:21:18.0062462Z ##[endgroup]
2026-10-02T15:21:18.0930575Z Syncing repository: duuu-hub/bb-scanner
2026-10-02T15:21:18.0932795Z ##[group]Getting Git version info
2026-10-02T15:21:18.0933800Z Working directory is '/home/runner/work/bb-scanner/bb-scanner'
2026-10-02T15:21:18.0935303Z [command]/usr/bin/git version
2026-10-02T15:21:18.1039121Z git version 2.55.0
2026-10-02T15:21:18.1057107Z ##[endgroup]
2026-10-02T15:21:18.1069558Z Temporarily overriding HOME='/home/runner/work/_temp/4fcab037-1a72-44af-a8a4-9df059cc9c7a' before making global git config changes
2026-10-02T15:21:18.1072922Z Adding repository directory to the temporary git global config as a safe directory
2026-10-02T15:21:18.1075623Z [command]/usr/bin/git config --global --add safe.directory /home/runner/work/bb-scanner/bb-scanner
2026-10-02T15:21:18.1117074Z Deleting the contents of '/home/runner/work/bb-scanner/bb-scanner'
2026-10-02T15:21:18.1121454Z ##[group]Initializing the repository
2026-10-02T15:21:18.1123212Z [command]/usr/bin/git init /home/runner/work/bb-scanner/bb-scanner
2026-10-02T15:21:18.1267168Z hint: Using 'master' as the name for the initial branch. This default branch name
2026-10-02T15:21:18.1269589Z hint: will change to "main" in Git 3.0. To configure the initial branch name
2026-10-02T15:21:18.1270998Z hint: to use in all of your new repositories, which will suppress this warning,
2026-10-02T15:21:18.1272090Z hint: call:
2026-10-02T15:21:18.1272754Z hint:
2026-10-02T15:21:18.1273625Z hint: 	git config --global init.defaultBranch <name>
2026-10-02T15:21:18.1274512Z hint:
2026-10-02T15:21:18.1275327Z hint: Names commonly chosen instead of 'master' are 'main', 'trunk' and
2026-10-02T15:21:18.1277251Z hint: 'development'. The just-created branch can be renamed via this command:
2026-10-02T15:21:18.1278847Z hint:
2026-10-02T15:21:18.1279654Z hint: 	git branch -m <name>
2026-10-02T15:21:18.1280438Z hint:
2026-10-02T15:21:18.1281370Z hint: Disable this message with "git config set advice.defaultBranchName false"
2026-10-02T15:21:18.1282862Z Initialized empty Git repository in /home/runner/work/bb-scanner/bb-scanner/.git/
2026-10-02T15:21:18.1285423Z [command]/usr/bin/git remote add origin https://github.com/duuu-hub/bb-scanner
2026-10-02T15:21:18.1288319Z ##[endgroup]
2026-10-02T15:21:18.1289797Z ##[group]Disabling automatic garbage collection
2026-10-02T15:21:18.1291133Z [command]/usr/bin/git config --local gc.auto 0
2026-10-02T15:21:18.1319488Z ##[endgroup]
2026-10-02T15:21:18.1321397Z ##[group]Setting up auth
2026-10-02T15:21:18.1325502Z [command]/usr/bin/git config --local --name-only --get-regexp core\.sshCommand
2026-10-02T15:21:18.1355715Z [command]/usr/bin/git submodule foreach --recursive sh -c "git config --local --name-only --get-regexp 'core\.sshCommand' && git config --local --unset-all 'core.sshCommand' || :"
2026-10-02T15:21:18.1644114Z [command]/usr/bin/git config --local --name-only --get-regexp http\.https\:\/\/github\.com\/\.extraheader
2026-10-02T15:21:18.1676932Z [command]/usr/bin/git submodule foreach --recursive sh -c "git config --local --name-only --get-regexp 'http\.https\:\/\/github\.com\/\.extraheader' && git config --local --unset-all 'http.https://github.com/.extraheader' || :"
2026-10-02T15:21:18.1869346Z [command]/usr/bin/git config --local --name-only --get-regexp ^includeIf\.gitdir:
2026-10-02T15:21:18.1902013Z [command]/usr/bin/git submodule foreach --recursive git config --local --show-origin --name-only --get-regexp remote.origin.url
2026-10-02T15:21:18.2095195Z [command]/usr/bin/git config --local http.https://github.com/.extraheader AUTHORIZATION: basic ***
2026-10-02T15:21:18.2130948Z ##[endgroup]
2026-10-02T15:21:18.2132583Z ##[group]Fetching the repository
2026-10-02T15:21:18.2141384Z [command]/usr/bin/git -c protocol.version=2 fetch --no-tags --prune --no-recurse-submodules --depth=1 origin +fe7775f16203282a4574173202624dc70ca8acfa:refs/remotes/origin/research-breadth-expansion-continuation-v15
2026-10-02T15:21:19.2947598Z From https://github.com/duuu-hub/bb-scanner
2026-10-02T15:21:19.2948290Z  * [new ref]         fe7775f16203282a4574173202624dc70ca8acfa -> origin/research-breadth-expansion-continuation-v15
2026-10-02T15:21:19.2958810Z ##[endgroup]
2026-10-02T15:21:19.2959486Z ##[group]Determining the checkout info
2026-10-02T15:21:19.2960143Z ##[endgroup]
2026-10-02T15:21:19.2962102Z [command]/usr/bin/git sparse-checkout disable
2026-10-02T15:21:19.3011514Z [command]/usr/bin/git config --local --unset-all extensions.worktreeConfig
2026-10-02T15:21:19.3045742Z ##[group]Checking out the ref
2026-10-02T15:21:19.3047070Z [command]/usr/bin/git checkout --progress --force -B research-breadth-expansion-continuation-v15 refs/remotes/origin/research-breadth-expansion-continuation-v15
2026-10-02T15:21:19.5010054Z Switched to a new branch 'research-breadth-expansion-continuation-v15'
2026-10-02T15:21:19.5013398Z branch 'research-breadth-expansion-continuation-v15' set up to track 'origin/research-breadth-expansion-continuation-v15'.
2026-10-02T15:21:19.5023101Z ##[endgroup]
2026-10-02T15:21:19.5064501Z [command]/usr/bin/git log -1 --format=%H
2026-10-02T15:21:19.5088558Z fe7775f16203282a4574173202624dc70ca8acfa
2026-10-02T15:21:19.5305889Z ##[group]Run actions/setup-python@v5
2026-10-02T15:21:19.5306306Z with:
2026-10-02T15:21:19.5306481Z   python-version: 3.12
2026-10-02T15:21:19.5306678Z   check-latest: false
2026-10-02T15:21:19.5308547Z   token: ***
2026-10-02T15:21:19.5308741Z   update-environment: true
2026-10-02T15:21:19.5308951Z   allow-prereleases: false
2026-10-02T15:21:19.5309141Z   freethreaded: false
2026-10-02T15:21:19.5309317Z env:
2026-10-02T15:21:19.5311082Z   GH_TOKEN: ***
2026-10-02T15:21:19.5311256Z ##[endgroup]
2026-10-02T15:21:19.6365007Z ##[group]Installed versions
2026-10-02T15:21:19.6472737Z (node:2083) [DEP0040] DeprecationWarning: The `punycode` module is deprecated. Please use a userland alternative instead.
2026-10-02T15:21:19.6473764Z (Use `node --trace-deprecation ...` to show where the warning was created)
2026-10-02T15:21:19.6474252Z Successfully set up CPython (3.12.14)
2026-10-02T15:21:19.6474891Z ##[endgroup]
2026-10-02T15:21:19.6617266Z ##[group]Run set -euo pipefail
2026-10-02T15:21:19.6617702Z [36;1mset -euo pipefail[0m
2026-10-02T15:21:19.6618075Z [36;1mpip install pandas==2.3.3 numpy==2.3.3[0m
2026-10-02T15:21:19.6864497Z shell: /usr/bin/bash --noprofile --norc -e -o pipefail {0}
2026-10-02T15:21:19.6864859Z env:
2026-10-02T15:21:19.6867082Z   GH_TOKEN: ***
2026-10-02T15:21:19.6867330Z   pythonLocation: /opt/hostedtoolcache/Python/3.12.14/x64
2026-10-02T15:21:19.6867680Z   PKG_CONFIG_PATH: /opt/hostedtoolcache/Python/3.12.14/x64/lib/pkgconfig
2026-10-02T15:21:19.6868030Z   Python_ROOT_DIR: /opt/hostedtoolcache/Python/3.12.14/x64
2026-10-02T15:21:19.6868334Z   Python2_ROOT_DIR: /opt/hostedtoolcache/Python/3.12.14/x64
2026-10-02T15:21:19.6868633Z   Python3_ROOT_DIR: /opt/hostedtoolcache/Python/3.12.14/x64
2026-10-02T15:21:19.6868948Z   LD_LIBRARY_PATH: /opt/hostedtoolcache/Python/3.12.14/x64/lib
2026-10-02T15:21:19.6869218Z ##[endgroup]
2026-10-02T15:21:20.5676217Z Collecting pandas==2.3.3
2026-10-02T15:21:20.6050485Z   Downloading pandas-2.3.3-cp312-cp312-manylinux_2_24_x86_64.manylinux_2_28_x86_64.whl.metadata (91 kB)
2026-10-02T15:21:20.7864955Z Collecting numpy==2.3.3
2026-10-02T15:21:20.7897647Z   Downloading numpy-2.3.3-cp312-cp312-manylinux_2_27_x86_64.manylinux_2_28_x86_64.whl.metadata (62 kB)
2026-10-02T15:21:20.8087351Z Collecting python-dateutil>=2.8.2 (from pandas==2.3.3)
2026-10-02T15:21:20.8118033Z   Downloading python_dateutil-2.9.0.post0-py2.py3-none-any.whl.metadata (8.4 kB)
2026-10-02T15:21:20.8553107Z Collecting pytz>=2020.1 (from pandas==2.3.3)
2026-10-02T15:21:20.8583456Z   Downloading pytz-2026.4-py2.py3-none-any.whl.metadata (22 kB)
2026-10-02T15:21:20.8698927Z Collecting tzdata>=2022.7 (from pandas==2.3.3)
2026-10-02T15:21:20.8729469Z   Downloading tzdata-2026.4-py2.py3-none-any.whl.metadata (1.4 kB)
2026-10-02T15:21:20.8829710Z Collecting six>=1.5 (from python-dateutil>=2.8.2->pandas==2.3.3)
2026-10-02T15:21:20.8858039Z   Downloading six-1.17.0-py2.py3-none-any.whl.metadata (1.7 kB)
2026-10-02T15:21:20.8914056Z Downloading pandas-2.3.3-cp312-cp312-manylinux_2_24_x86_64.manylinux_2_28_x86_64.whl (12.4 MB)
2026-10-02T15:21:20.9816304Z    ━━━━━━━━━━━━━━━━━━━━━━━━━━━━━━━━━━━━━━━━ 12.4/12.4 MB 142.2 MB/s  0:00:00
2026-10-02T15:21:20.9877349Z Downloading numpy-2.3.3-cp312-cp312-manylinux_2_27_x86_64.manylinux_2_28_x86_64.whl (16.6 MB)
2026-10-02T15:21:21.1460390Z    ━━━━━━━━━━━━━━━━━━━━━━━━━━━━━━━━━━━━━━━━ 16.6/16.6 MB 104.8 MB/s  0:00:00
2026-10-02T15:21:21.1495222Z Downloading python_dateutil-2.9.0.post0-py2.py3-none-any.whl (229 kB)
2026-10-02T15:21:21.1574950Z Downloading pytz-2026.4-py2.py3-none-any.whl (506 kB)
2026-10-02T15:21:21.1634638Z Downloading six-1.17.0-py2.py3-none-any.whl (11 kB)
2026-10-02T15:21:21.1682304Z Downloading tzdata-2026.4-py2.py3-none-any.whl (347 kB)
2026-10-02T15:21:21.2954736Z Installing collected packages: pytz, tzdata, six, numpy, python-dateutil, pandas
2026-10-02T15:21:27.1713574Z 
2026-10-02T15:21:27.1724714Z Successfully installed numpy-2.3.3 pandas-2.3.3 python-dateutil-2.9.0.post0 pytz-2026.4 six-1.17.0 tzdata-2026.4
2026-10-02T15:21:27.2396884Z ##[group]Run actions/cache@v4
2026-10-02T15:21:27.2397099Z with:
2026-10-02T15:21:27.2397267Z   path: data
2026-10-02T15:21:27.2397457Z   key: frozen-source-36095439671-15m-shard-5
2026-10-02T15:21:27.2397697Z   enableCrossOsArchive: false
2026-10-02T15:21:27.2397902Z   fail-on-cache-miss: false
2026-10-02T15:21:27.2398092Z   lookup-only: false
2026-10-02T15:21:27.2398269Z   save-always: false
2026-10-02T15:21:27.2398436Z env:
2026-10-02T15:21:27.2400302Z   GH_TOKEN: ***
2026-10-02T15:21:27.2400546Z   pythonLocation: /opt/hostedtoolcache/Python/3.12.14/x64
2026-10-02T15:21:27.2400888Z   PKG_CONFIG_PATH: /opt/hostedtoolcache/Python/3.12.14/x64/lib/pkgconfig
2026-10-02T15:21:27.2401235Z   Python_ROOT_DIR: /opt/hostedtoolcache/Python/3.12.14/x64
2026-10-02T15:21:27.2401532Z   Python2_ROOT_DIR: /opt/hostedtoolcache/Python/3.12.14/x64
2026-10-02T15:21:27.2401822Z   Python3_ROOT_DIR: /opt/hostedtoolcache/Python/3.12.14/x64
2026-10-02T15:21:27.2402146Z   LD_LIBRARY_PATH: /opt/hostedtoolcache/Python/3.12.14/x64/lib
2026-10-02T15:21:27.2402400Z ##[endgroup]
2026-10-02T15:21:27.3252478Z (node:2118) [DEP0040] DeprecationWarning: The `punycode` module is deprecated. Please use a userland alternative instead.
2026-10-02T15:21:27.3253169Z (Use `node --trace-deprecation ...` to show where the warning was created)
2026-10-02T15:21:27.4376264Z Cache hit for: frozen-source-36095439671-15m-shard-5
2026-10-02T15:21:27.4462990Z (node:2118) [DEP0169] DeprecationWarning: `url.parse()` behavior is not standardized and prone to errors that have security implications. Use the WHATWG URL API instead. CVEs are not issued for `url.parse()` vulnerabilities.
2026-10-02T15:21:28.5303047Z Received 163577856 of 252769342 (64.7%), 156.0 MBs/sec
2026-10-02T15:21:28.8293970Z Received 252769342 of 252769342 (100.0%), 185.3 MBs/sec
2026-10-02T15:21:28.8295109Z Cache Size: ~241 MB (252769342 B)
2026-10-02T15:21:28.8386663Z [command]/usr/bin/tar -xf /home/runner/work/_temp/3918b76f-38bb-42cd-8a2c-9923d53fae57/cache.tzst -P -C /home/runner/work/bb-scanner/bb-scanner --use-compress-program unzstd
2026-10-02T15:21:29.1185514Z Cache restored successfully
2026-10-02T15:21:29.1346469Z Cache restored from key: frozen-source-36095439671-15m-shard-5
2026-10-02T15:21:29.1481776Z ##[group]Run set -euo pipefail
2026-10-02T15:21:29.1482041Z [36;1mset -euo pipefail[0m
2026-10-02T15:21:29.1482260Z [36;1mif [ 'true' != 'true' ]; then[0m
2026-10-02T15:21:29.1482674Z [36;1m  gh run download 36095439671 -R duuu-hub/bb-scanner -n rank5-binance-um-15m-5y-data-shard-5 -D data[0m
2026-10-02T15:21:29.1483069Z [36;1mfi[0m
2026-10-02T15:21:29.1483353Z [36;1mgh run download 36858492497 -R duuu-hub/bb-scanner -n day-edge-v2-btc -D btc[0m
2026-10-02T15:21:29.1483909Z [36;1mgh run download 36095439671 -R duuu-hub/bb-scanner -n rank5-binance-um-15m-5y-manifest-shard-5 -D source-manifest[0m
2026-10-02T15:21:29.1484813Z [36;1mpython scripts/research_evidence_archive.py verify-source --data data --manifests source-manifest --baseline research/breadth-expansion-continuation-v15/FROZEN_INPUT_HASHES.json --out dev-5/source_check.json[0m
2026-10-02T15:21:29.1541920Z shell: /usr/bin/bash --noprofile --norc -e -o pipefail {0}
2026-10-02T15:21:29.1542196Z env:
2026-10-02T15:21:29.1544094Z   GH_TOKEN: ***
2026-10-02T15:21:29.1544340Z   pythonLocation: /opt/hostedtoolcache/Python/3.12.14/x64
2026-10-02T15:21:29.1544684Z   PKG_CONFIG_PATH: /opt/hostedtoolcache/Python/3.12.14/x64/lib/pkgconfig
2026-10-02T15:21:29.1545027Z   Python_ROOT_DIR: /opt/hostedtoolcache/Python/3.12.14/x64
2026-10-02T15:21:29.1545326Z   Python2_ROOT_DIR: /opt/hostedtoolcache/Python/3.12.14/x64
2026-10-02T15:21:29.1545618Z   Python3_ROOT_DIR: /opt/hostedtoolcache/Python/3.12.14/x64
2026-10-02T15:21:29.1546287Z   LD_LIBRARY_PATH: /opt/hostedtoolcache/Python/3.12.14/x64/lib
2026-10-02T15:21:29.1546565Z ##[endgroup]
2026-10-02T15:21:37.0305235Z FROZEN_SOURCE_VERIFIED 107 files 37 prior SHA256 matches
2026-10-02T15:21:37.0792710Z ##[group]Run actions/download-artifact@v4
2026-10-02T15:21:37.0792959Z with:
2026-10-02T15:21:37.0793209Z   name: breadth-expansion-continuation-v15-breadth-development
2026-10-02T15:21:37.0793505Z   path: frozen-breadth
2026-10-02T15:21:37.0793697Z   merge-multiple: false
2026-10-02T15:21:37.0793895Z   repository: duuu-hub/bb-scanner
2026-10-02T15:21:37.0794109Z   run-id: 37025951533
2026-10-02T15:21:37.0794280Z env:
2026-10-02T15:21:37.0796531Z   GH_TOKEN: ***
2026-10-02T15:21:37.0796785Z   pythonLocation: /opt/hostedtoolcache/Python/3.12.14/x64
2026-10-02T15:21:37.0797138Z   PKG_CONFIG_PATH: /opt/hostedtoolcache/Python/3.12.14/x64/lib/pkgconfig
2026-10-02T15:21:37.0797480Z   Python_ROOT_DIR: /opt/hostedtoolcache/Python/3.12.14/x64
2026-10-02T15:21:37.0797810Z   Python2_ROOT_DIR: /opt/hostedtoolcache/Python/3.12.14/x64
2026-10-02T15:21:37.0798108Z   Python3_ROOT_DIR: /opt/hostedtoolcache/Python/3.12.14/x64
2026-10-02T15:21:37.0798441Z   LD_LIBRARY_PATH: /opt/hostedtoolcache/Python/3.12.14/x64/lib
2026-10-02T15:21:37.0798703Z ##[endgroup]
2026-10-02T15:21:37.2006590Z Downloading single artifact
2026-10-02T15:21:37.2122204Z (node:2154) [DEP0040] DeprecationWarning: The `punycode` module is deprecated. Please use a userland alternative instead.
2026-10-02T15:21:37.2122888Z (Use `node --trace-deprecation ...` to show where the warning was created)
2026-10-02T15:21:37.3310924Z Preparing to download the following artifacts:
2026-10-02T15:21:37.3312029Z - breadth-expansion-continuation-v15-breadth-development (ID: 11235078229, Size: 711496, Expected Digest: sha256:d2c3b357913e08d10edd9cff7c0ea77891872c721c6bea7b6e6909d75d0261c1)
2026-10-02T15:21:37.4940589Z Redirecting to blob download url: https://productionresultssa7.blob.core.windows.net/actions-results/7232c6c4-42be-8729-b469-79520192e21a/workflow-job-run-3a5e5e2c-c2de-5f84-b9b0-fa462e76d1cf/artifacts/3be9ba00ff7ebfe0ee065427370ef311534c9178978387a0842462ee645dd7fe.zip
2026-10-02T15:21:37.4941684Z Starting download of artifact to: /home/runner/work/bb-scanner/bb-scanner/frozen-breadth
2026-10-02T15:21:37.6252880Z (node:2154) [DEP0005] DeprecationWarning: Buffer() is deprecated due to security and usability issues. Please use the Buffer.alloc(), Buffer.allocUnsafe(), or Buffer.from() methods instead.
2026-10-02T15:21:37.7647157Z SHA256 digest of downloaded artifact is d2c3b357913e08d10edd9cff7c0ea77891872c721c6bea7b6e6909d75d0261c1
2026-10-02T15:21:37.7647910Z Artifact download completed successfully.
2026-10-02T15:21:37.7648291Z Total of 1 artifact(s) downloaded
2026-10-02T15:21:37.7656807Z Download artifact has finished successfully
2026-10-02T15:21:37.7771500Z ##[group]Run actions/cache@v4
2026-10-02T15:21:37.7771732Z with:
2026-10-02T15:21:37.7771919Z   path: cache/verified-1m
2026-10-02T15:21:37.7772181Z   key: breadth-expansion-continuation-v15-dev-1m-shard-5
2026-10-02T15:21:37.7772588Z   restore-keys: premium-absorption-v8-dev-1m-shard-5
factor-lag-v6-dev-1m-shard-5
2026-10-02T15:21:37.7772942Z   enableCrossOsArchive: false
2026-10-02T15:21:37.7773156Z   fail-on-cache-miss: false
2026-10-02T15:21:37.7773359Z   lookup-only: false
2026-10-02T15:21:37.7773549Z   save-always: false
2026-10-02T15:21:37.7773722Z env:
2026-10-02T15:21:37.7775589Z   GH_TOKEN: ***
2026-10-02T15:21:37.7775837Z   pythonLocation: /opt/hostedtoolcache/Python/3.12.14/x64
2026-10-02T15:21:37.7776453Z   PKG_CONFIG_PATH: /opt/hostedtoolcache/Python/3.12.14/x64/lib/pkgconfig
2026-10-02T15:21:37.7776803Z   Python_ROOT_DIR: /opt/hostedtoolcache/Python/3.12.14/x64
2026-10-02T15:21:37.7777125Z   Python2_ROOT_DIR: /opt/hostedtoolcache/Python/3.12.14/x64
2026-10-02T15:21:37.7777459Z   Python3_ROOT_DIR: /opt/hostedtoolcache/Python/3.12.14/x64
2026-10-02T15:21:37.7777766Z   LD_LIBRARY_PATH: /opt/hostedtoolcache/Python/3.12.14/x64/lib
2026-10-02T15:21:37.7778191Z ##[endgroup]
2026-10-02T15:21:37.8637755Z (node:2166) [DEP0040] DeprecationWarning: The `punycode` module is deprecated. Please use a userland alternative instead.
2026-10-02T15:21:37.8638612Z (Use `node --trace-deprecation ...` to show where the warning was created)
2026-10-02T15:21:37.9693150Z Cache not found for input keys: breadth-expansion-continuation-v15-dev-1m-shard-5, premium-absorption-v8-dev-1m-shard-5, factor-lag-v6-dev-1m-shard-5
2026-10-02T15:21:37.9763149Z ##[group]Run set -euo pipefail
2026-10-02T15:21:37.9763404Z [36;1mset -euo pipefail[0m
2026-10-02T15:21:37.9764096Z [36;1mpython scripts/breadth_expansion_continuation_v15.py scan --stage DEV --data data --btc btc/BTCUSDT.csv.gz --breadth-dir frozen-breadth --source-check dev-5/source_check.json --out dev-5 --minute-cache cache/verified-1m[0m
2026-10-02T15:21:37.9820997Z shell: /usr/bin/bash --noprofile --norc -e -o pipefail {0}
2026-10-02T15:21:37.9821292Z env:
2026-10-02T15:21:37.9823203Z   GH_TOKEN: ***
2026-10-02T15:21:37.9823473Z   pythonLocation: /opt/hostedtoolcache/Python/3.12.14/x64
2026-10-02T15:21:37.9823827Z   PKG_CONFIG_PATH: /opt/hostedtoolcache/Python/3.12.14/x64/lib/pkgconfig
2026-10-02T15:21:37.9824168Z   Python_ROOT_DIR: /opt/hostedtoolcache/Python/3.12.14/x64
2026-10-02T15:21:37.9824483Z   Python2_ROOT_DIR: /opt/hostedtoolcache/Python/3.12.14/x64
2026-10-02T15:21:37.9824784Z   Python3_ROOT_DIR: /opt/hostedtoolcache/Python/3.12.14/x64
2026-10-02T15:21:37.9825138Z   LD_LIBRARY_PATH: /opt/hostedtoolcache/Python/3.12.14/x64/lib
2026-10-02T15:21:37.9825420Z ##[endgroup]
2026-10-02T15:22:50.1315972Z V15_BREADTH_RECOVERY_SCAN DEV 48 / 107 parameterized_outcomes 35922
2026-10-02T15:23:30.0814912Z V15_BREADTH_RECOVERY_SCAN DEV 80 / 107 parameterized_outcomes 58910
2026-10-02T15:24:10.2966935Z V15_BREADTH_RECOVERY_SCAN_DONE DEV 80677 chronology_exclusions 29
2026-10-02T15:24:10.3951380Z ##[group]Run actions/upload-artifact@v4
2026-10-02T15:24:10.3951623Z with:
2026-10-02T15:24:10.3951833Z   name: breadth-expansion-continuation-v15-dev-5
2026-10-02T15:24:10.3952096Z   path: dev-5/
2026-10-02T15:24:10.3952266Z   retention-days: 30
2026-10-02T15:24:10.3952454Z   compression-level: 0
2026-10-02T15:24:10.3952644Z   if-no-files-found: warn
2026-10-02T15:24:10.3952838Z   overwrite: false
2026-10-02T15:24:10.3953018Z   include-hidden-files: false
2026-10-02T15:24:10.3953213Z env:
2026-10-02T15:24:10.3955132Z   GH_TOKEN: ***
2026-10-02T15:24:10.3955382Z   pythonLocation: /opt/hostedtoolcache/Python/3.12.14/x64
2026-10-02T15:24:10.3955741Z   PKG_CONFIG_PATH: /opt/hostedtoolcache/Python/3.12.14/x64/lib/pkgconfig
2026-10-02T15:24:10.3956764Z   Python_ROOT_DIR: /opt/hostedtoolcache/Python/3.12.14/x64
2026-10-02T15:24:10.3957092Z   Python2_ROOT_DIR: /opt/hostedtoolcache/Python/3.12.14/x64
2026-10-02T15:24:10.3957394Z   Python3_ROOT_DIR: /opt/hostedtoolcache/Python/3.12.14/x64
2026-10-02T15:24:10.3957722Z   LD_LIBRARY_PATH: /opt/hostedtoolcache/Python/3.12.14/x64/lib
2026-10-02T15:24:10.3957987Z ##[endgroup]
2026-10-02T15:24:10.5299122Z (node:2211) [DEP0040] DeprecationWarning: The `punycode` module is deprecated. Please use a userland alternative instead.
2026-10-02T15:24:10.5300074Z (Use `node --trace-deprecation ...` to show where the warning was created)
2026-10-02T15:24:10.5529265Z With the provided path, there will be 167 files uploaded
2026-10-02T15:24:10.5544250Z Artifact name is valid!
2026-10-02T15:24:10.5545907Z Root directory input is valid!
2026-10-02T15:24:10.7927467Z Beginning upload of artifact content to blob storage
2026-10-02T15:24:10.8440111Z (node:2211) [DEP0169] DeprecationWarning: `url.parse()` behavior is not standardized and prone to errors that have security implications. Use the WHATWG URL API instead. CVEs are not issued for `url.parse()` vulnerabilities.
2026-10-02T15:24:11.2553125Z Uploaded bytes 8388608
2026-10-02T15:24:11.2761778Z Uploaded bytes 16777216
2026-10-02T15:24:11.2926764Z Uploaded bytes 25165824
2026-10-02T15:24:11.3083457Z Uploaded bytes 33554432
2026-10-02T15:24:11.4129110Z Uploaded bytes 41943040
2026-10-02T15:24:11.4409501Z Uploaded bytes 50331648
2026-10-02T15:24:11.4765422Z Uploaded bytes 58720256
2026-10-02T15:24:11.5716651Z Uploaded bytes 67108864
2026-10-02T15:24:11.5892852Z Uploaded bytes 75497472
2026-10-02T15:24:11.6555292Z Uploaded bytes 83886080
2026-10-02T15:24:11.9193606Z Uploaded bytes 89819537
2026-10-02T15:24:11.9505824Z Finished uploading artifact content to blob storage!
2026-10-02T15:24:11.9506920Z SHA256 digest of uploaded artifact zip is 28d7922ecfda6bddd46d2b2ba114c3a74d47d9293c13d46ea221f28727feb6f4
2026-10-02T15:24:11.9508001Z Finalizing artifact upload
2026-10-02T15:24:12.2185427Z Artifact breadth-expansion-continuation-v15-dev-5.zip successfully finalized. Artifact ID 11235099839
2026-10-02T15:24:12.2186486Z Artifact breadth-expansion-continuation-v15-dev-5 has been successfully uploaded! Final size is 89819537 bytes. Artifact ID is 11235099839
2026-10-02T15:24:12.2187194Z Artifact download URL: https://github.com/duuu-hub/bb-scanner/actions/runs/37025951533/artifacts/11235099839
2026-10-02T15:24:12.2362915Z Post job cleanup.
2026-10-02T15:24:12.3210291Z (node:2225) [DEP0040] DeprecationWarning: The `punycode` module is deprecated. Please use a userland alternative instead.
2026-10-02T15:24:12.3211009Z (Use `node --trace-deprecation ...` to show where the warning was created)
2026-10-02T15:24:12.3365392Z [command]/usr/bin/tar --posix -cf cache.tzst --exclude cache.tzst -P -C /home/runner/work/bb-scanner/bb-scanner --files-from manifest.txt --use-compress-program zstdmt
2026-10-02T15:24:12.5590903Z (node:2225) [DEP0169] DeprecationWarning: `url.parse()` behavior is not standardized and prone to errors that have security implications. Use the WHATWG URL API instead. CVEs are not issued for `url.parse()` vulnerabilities.
2026-10-02T15:24:13.5533940Z Sent 65994752 of 93958884 (70.2%), 62.9 MBs/sec
2026-10-02T15:24:14.1170967Z Sent 93958884 of 93958884 (100.0%), 57.3 MBs/sec
2026-10-02T15:24:14.2159236Z Cache saved with key: breadth-expansion-continuation-v15-dev-1m-shard-5
2026-10-02T15:24:14.2270816Z Post job cleanup.
2026-10-02T15:24:14.3144575Z Cache hit occurred on the primary key frozen-source-36095439671-15m-shard-5, not saving cache.
2026-10-02T15:24:14.3146016Z (node:2245) [DEP0040] DeprecationWarning: The `punycode` module is deprecated. Please use a userland alternative instead.
2026-10-02T15:24:14.3146991Z (Use `node --trace-deprecation ...` to show where the warning was created)
2026-10-02T15:24:14.3242374Z Post job cleanup.
2026-10-02T15:24:14.4241205Z (node:2253) [DEP0040] DeprecationWarning: The `punycode` module is deprecated. Please use a userland alternative instead.
2026-10-02T15:24:14.4241818Z (Use `node --trace-deprecation ...` to show where the warning was created)
2026-10-02T15:24:14.4389573Z Post job cleanup.
2026-10-02T15:24:14.5154496Z [command]/usr/bin/git version
2026-10-02T15:24:14.5189976Z git version 2.55.0
2026-10-02T15:24:14.5221418Z Temporarily overriding HOME='/home/runner/work/_temp/4456d26d-bf86-42d6-b0f9-ca706aa4970f' before making global git config changes
2026-10-02T15:24:14.5222709Z Adding repository directory to the temporary git global config as a safe directory
2026-10-02T15:24:14.5225947Z [command]/usr/bin/git config --global --add safe.directory /home/runner/work/bb-scanner/bb-scanner
2026-10-02T15:24:14.5257424Z [command]/usr/bin/git config --local --name-only --get-regexp core\.sshCommand
2026-10-02T15:24:14.5285566Z [command]/usr/bin/git submodule foreach --recursive sh -c "git config --local --name-only --get-regexp 'core\.sshCommand' && git config --local --unset-all 'core.sshCommand' || :"
2026-10-02T15:24:14.5494953Z [command]/usr/bin/git config --local --name-only --get-regexp http\.https\:\/\/github\.com\/\.extraheader
2026-10-02T15:24:14.5521688Z http.https://github.com/.extraheader
2026-10-02T15:24:14.5530263Z [command]/usr/bin/git config --local --unset-all http.https://github.com/.extraheader
2026-10-02T15:24:14.5561592Z [command]/usr/bin/git submodule foreach --recursive sh -c "git config --local --name-only --get-regexp 'http\.https\:\/\/github\.com\/\.extraheader' && git config --local --unset-all 'http.https://github.com/.extraheader' || :"
2026-10-02T15:24:14.5779346Z [command]/usr/bin/git config --local --name-only --get-regexp ^includeIf\.gitdir:
2026-10-02T15:24:14.5812906Z [command]/usr/bin/git submodule foreach --recursive git config --local --show-origin --name-only --get-regexp remote.origin.url
2026-10-02T15:24:14.6193091Z Cleaning up orphan processes
2026-10-02T15:24:14.6439071Z ##[warning]Node.js 20 is deprecated. The following actions target Node.js 20 but are being forced to run on Node.js 24: actions/cache@v4, actions/checkout@v4, actions/download-artifact@v4, actions/setup-python@v5, actions/upload-artifact@v4. For more information see: https://github.blog/changelog/2025-09-19-deprecation-of-node-20-on-github-actions-runners/
