2026-10-02T15:21:16.7537951Z Current runner version: '2.337.0'
2026-10-02T15:21:16.7564619Z ##[group]Runner Image Provisioner
2026-10-02T15:21:16.7565500Z Hosted Compute Agent
2026-10-02T15:21:16.7566165Z Version: 20260901.588
2026-10-02T15:21:16.7566806Z Commit: f88ec8081b781fac6c440065ac7ff9e710ce3d0b
2026-10-02T15:21:16.7567558Z Build Date: 2026-09-01T19:56:44Z
2026-10-02T15:21:16.7568366Z Worker ID: {fa1652fe-7018-461d-b7b3-c7c1067e3503}
2026-10-02T15:21:16.7569081Z Azure Region: westus
2026-10-02T15:21:16.7569706Z ##[endgroup]
2026-10-02T15:21:16.7571364Z ##[group]Operating System
2026-10-02T15:21:16.7572259Z Ubuntu
2026-10-02T15:21:16.7573316Z 24.04.5
2026-10-02T15:21:16.7573832Z LTS
2026-10-02T15:21:16.7574375Z ##[endgroup]
2026-10-02T15:21:16.7574946Z ##[group]Runner Image
2026-10-02T15:21:16.7575598Z Image: ubuntu-24.04
2026-10-02T15:21:16.7576221Z Version: 20260927.320.1
2026-10-02T15:21:16.7577469Z Included Software: https://github.com/actions/runner-images/blob/ubuntu24/20260927.320/images/ubuntu/Ubuntu2404-Readme.md
2026-10-02T15:21:16.7579119Z Image Release: https://github.com/actions/runner-images/releases/tag/ubuntu24%2F20260927.320
2026-10-02T15:21:16.7580189Z ##[endgroup]
2026-10-02T15:21:16.7581835Z ##[group]GITHUB_TOKEN Permissions
2026-10-02T15:21:16.7584109Z Actions: read
2026-10-02T15:21:16.7584898Z Contents: read
2026-10-02T15:21:16.7585569Z Metadata: read
2026-10-02T15:21:16.7586159Z ##[endgroup]
2026-10-02T15:21:16.7588315Z Secret source: Actions
2026-10-02T15:21:16.7589356Z Cache mode: write
2026-10-02T15:21:16.7590121Z Prepare workflow directory
2026-10-02T15:21:16.8185960Z Prepare all required actions
2026-10-02T15:21:16.8235208Z Getting action download info
2026-10-02T15:21:17.2360830Z Download action repository 'actions/checkout@v4' (SHA:11d5960a326750d5838078e36cf38b85af677262)
2026-10-02T15:21:17.3584670Z Download action repository 'actions/setup-python@v5' (SHA:a26af69be951a213d495a4c3e4e4022e16d87065)
2026-10-02T15:21:17.4388876Z Download action repository 'actions/cache@v4' (SHA:0057852bfaa89a56745cba8c7296529d2fc39830)
2026-10-02T15:21:17.5320969Z Download action repository 'actions/download-artifact@v4' (SHA:d3f86a106a0bac45b974a628896c90dbdf5c8093)
2026-10-02T15:21:18.0127192Z Download action repository 'actions/upload-artifact@v4' (SHA:ea165f8d65b6e75b540449e92b4886f43607fa02)
2026-10-02T15:21:18.2455815Z Complete job name: development (4)
2026-10-02T15:21:18.3278712Z ##[group]Run actions/checkout@v4
2026-10-02T15:21:18.3279892Z with:
2026-10-02T15:21:18.3280448Z   repository: duuu-hub/bb-scanner
2026-10-02T15:21:18.3289499Z   token: ***
2026-10-02T15:21:18.3290045Z   ssh-strict: true
2026-10-02T15:21:18.3290605Z   ssh-user: git
2026-10-02T15:21:18.3291172Z   persist-credentials: true
2026-10-02T15:21:18.3291986Z   clean: true
2026-10-02T15:21:18.3292558Z   sparse-checkout-cone-mode: true
2026-10-02T15:21:18.3293294Z   fetch-depth: 1
2026-10-02T15:21:18.3293851Z   fetch-tags: false
2026-10-02T15:21:18.3294425Z   show-progress: true
2026-10-02T15:21:18.3295000Z   lfs: false
2026-10-02T15:21:18.3295516Z   submodules: false
2026-10-02T15:21:18.3296136Z   set-safe-directory: true
2026-10-02T15:21:18.3296825Z   allow-unsafe-pr-checkout: false
2026-10-02T15:21:18.3297870Z env:
2026-10-02T15:21:18.3306501Z   GH_TOKEN: ***
2026-10-02T15:21:18.3307040Z ##[endgroup]
2026-10-02T15:21:18.4362360Z Syncing repository: duuu-hub/bb-scanner
2026-10-02T15:21:18.4366319Z ##[group]Getting Git version info
2026-10-02T15:21:18.4368096Z Working directory is '/home/runner/work/bb-scanner/bb-scanner'
2026-10-02T15:21:18.4370319Z [command]/usr/bin/git version
2026-10-02T15:21:18.4486431Z git version 2.55.0
2026-10-02T15:21:18.4514393Z ##[endgroup]
2026-10-02T15:21:18.4531168Z Temporarily overriding HOME='/home/runner/work/_temp/00c954df-4a27-49a0-a6bb-bb073b8da5dc' before making global git config changes
2026-10-02T15:21:18.4535597Z Adding repository directory to the temporary git global config as a safe directory
2026-10-02T15:21:18.4539009Z [command]/usr/bin/git config --global --add safe.directory /home/runner/work/bb-scanner/bb-scanner
2026-10-02T15:21:18.4591222Z Deleting the contents of '/home/runner/work/bb-scanner/bb-scanner'
2026-10-02T15:21:18.4603617Z ##[group]Initializing the repository
2026-10-02T15:21:18.4606079Z [command]/usr/bin/git init /home/runner/work/bb-scanner/bb-scanner
2026-10-02T15:21:18.4716692Z hint: Using 'master' as the name for the initial branch. This default branch name
2026-10-02T15:21:18.4805297Z hint: will change to "main" in Git 3.0. To configure the initial branch name
2026-10-02T15:21:18.4807584Z hint: to use in all of your new repositories, which will suppress this warning,
2026-10-02T15:21:18.4809805Z hint: call:
2026-10-02T15:21:18.4810739Z hint:
2026-10-02T15:21:18.4811803Z hint: 	git config --global init.defaultBranch <name>
2026-10-02T15:21:18.4812908Z hint:
2026-10-02T15:21:18.4813806Z hint: Names commonly chosen instead of 'master' are 'main', 'trunk' and
2026-10-02T15:21:18.4815564Z hint: 'development'. The just-created branch can be renamed via this command:
2026-10-02T15:21:18.4816875Z hint:
2026-10-02T15:21:18.4817626Z hint: 	git branch -m <name>
2026-10-02T15:21:18.4818303Z hint:
2026-10-02T15:21:18.4819390Z hint: Disable this message with "git config set advice.defaultBranchName false"
2026-10-02T15:21:18.4822103Z Initialized empty Git repository in /home/runner/work/bb-scanner/bb-scanner/.git/
2026-10-02T15:21:18.4840590Z [command]/usr/bin/git remote add origin https://github.com/duuu-hub/bb-scanner
2026-10-02T15:21:18.4847698Z ##[endgroup]
2026-10-02T15:21:18.4850152Z ##[group]Disabling automatic garbage collection
2026-10-02T15:21:18.4852902Z [command]/usr/bin/git config --local gc.auto 0
2026-10-02T15:21:18.4857286Z ##[endgroup]
2026-10-02T15:21:18.4859071Z ##[group]Setting up auth
2026-10-02T15:21:18.4862079Z [command]/usr/bin/git config --local --name-only --get-regexp core\.sshCommand
2026-10-02T15:21:18.4899670Z [command]/usr/bin/git submodule foreach --recursive sh -c "git config --local --name-only --get-regexp 'core\.sshCommand' && git config --local --unset-all 'core.sshCommand' || :"
2026-10-02T15:21:18.5297425Z [command]/usr/bin/git config --local --name-only --get-regexp http\.https\:\/\/github\.com\/\.extraheader
2026-10-02T15:21:18.5341186Z [command]/usr/bin/git submodule foreach --recursive sh -c "git config --local --name-only --get-regexp 'http\.https\:\/\/github\.com\/\.extraheader' && git config --local --unset-all 'http.https://github.com/.extraheader' || :"
2026-10-02T15:21:18.5579910Z [command]/usr/bin/git config --local --name-only --get-regexp ^includeIf\.gitdir:
2026-10-02T15:21:18.5620299Z [command]/usr/bin/git submodule foreach --recursive git config --local --show-origin --name-only --get-regexp remote.origin.url
2026-10-02T15:21:18.5853699Z [command]/usr/bin/git config --local http.https://github.com/.extraheader AUTHORIZATION: basic ***
2026-10-02T15:21:18.5897668Z ##[endgroup]
2026-10-02T15:21:18.5898797Z ##[group]Fetching the repository
2026-10-02T15:21:18.5909997Z [command]/usr/bin/git -c protocol.version=2 fetch --no-tags --prune --no-recurse-submodules --depth=1 origin +fe7775f16203282a4574173202624dc70ca8acfa:refs/remotes/origin/research-breadth-expansion-continuation-v15
2026-10-02T15:21:19.9165756Z From https://github.com/duuu-hub/bb-scanner
2026-10-02T15:21:19.9174459Z  * [new ref]         fe7775f16203282a4574173202624dc70ca8acfa -> origin/research-breadth-expansion-continuation-v15
2026-10-02T15:21:19.9180497Z ##[endgroup]
2026-10-02T15:21:19.9182781Z ##[group]Determining the checkout info
2026-10-02T15:21:19.9185142Z ##[endgroup]
2026-10-02T15:21:19.9186585Z [command]/usr/bin/git sparse-checkout disable
2026-10-02T15:21:19.9246735Z [command]/usr/bin/git config --local --unset-all extensions.worktreeConfig
2026-10-02T15:21:19.9284418Z ##[group]Checking out the ref
2026-10-02T15:21:19.9289260Z [command]/usr/bin/git checkout --progress --force -B research-breadth-expansion-continuation-v15 refs/remotes/origin/research-breadth-expansion-continuation-v15
2026-10-02T15:21:20.1579773Z Switched to a new branch 'research-breadth-expansion-continuation-v15'
2026-10-02T15:21:20.1588196Z branch 'research-breadth-expansion-continuation-v15' set up to track 'origin/research-breadth-expansion-continuation-v15'.
2026-10-02T15:21:20.1599311Z ##[endgroup]
2026-10-02T15:21:20.1648223Z [command]/usr/bin/git log -1 --format=%H
2026-10-02T15:21:20.1677082Z fe7775f16203282a4574173202624dc70ca8acfa
2026-10-02T15:21:20.2028185Z ##[group]Run actions/setup-python@v5
2026-10-02T15:21:20.2029232Z with:
2026-10-02T15:21:20.2029983Z   python-version: 3.12
2026-10-02T15:21:20.2030841Z   check-latest: false
2026-10-02T15:21:20.2039604Z   token: ***
2026-10-02T15:21:20.2040419Z   update-environment: true
2026-10-02T15:21:20.2041344Z   allow-prereleases: false
2026-10-02T15:21:20.2042402Z   freethreaded: false
2026-10-02T15:21:20.2043206Z env:
2026-10-02T15:21:20.2051446Z   GH_TOKEN: ***
2026-10-02T15:21:20.2052342Z ##[endgroup]
2026-10-02T15:21:20.3444925Z ##[group]Installed versions
2026-10-02T15:21:20.3542146Z (node:2199) [DEP0040] DeprecationWarning: The `punycode` module is deprecated. Please use a userland alternative instead.
2026-10-02T15:21:20.3545698Z (Use `node --trace-deprecation ...` to show where the warning was created)
2026-10-02T15:21:20.3547121Z Successfully set up CPython (3.12.14)
2026-10-02T15:21:20.3548801Z ##[endgroup]
2026-10-02T15:21:20.3791368Z ##[group]Run set -euo pipefail
2026-10-02T15:21:20.3792597Z [36;1mset -euo pipefail[0m
2026-10-02T15:21:20.3793619Z [36;1mpip install pandas==2.3.3 numpy==2.3.3[0m
2026-10-02T15:21:20.4111951Z shell: /usr/bin/bash --noprofile --norc -e -o pipefail {0}
2026-10-02T15:21:20.4113334Z env:
2026-10-02T15:21:20.4123379Z   GH_TOKEN: ***
2026-10-02T15:21:20.4124389Z   pythonLocation: /opt/hostedtoolcache/Python/3.12.14/x64
2026-10-02T15:21:20.4125848Z   PKG_CONFIG_PATH: /opt/hostedtoolcache/Python/3.12.14/x64/lib/pkgconfig
2026-10-02T15:21:20.4127552Z   Python_ROOT_DIR: /opt/hostedtoolcache/Python/3.12.14/x64
2026-10-02T15:21:20.4129320Z   Python2_ROOT_DIR: /opt/hostedtoolcache/Python/3.12.14/x64
2026-10-02T15:21:20.4130818Z   Python3_ROOT_DIR: /opt/hostedtoolcache/Python/3.12.14/x64
2026-10-02T15:21:20.4132362Z   LD_LIBRARY_PATH: /opt/hostedtoolcache/Python/3.12.14/x64/lib
2026-10-02T15:21:20.4133528Z ##[endgroup]
2026-10-02T15:21:21.4385652Z Collecting pandas==2.3.3
2026-10-02T15:21:21.4842256Z   Downloading pandas-2.3.3-cp312-cp312-manylinux_2_24_x86_64.manylinux_2_28_x86_64.whl.metadata (91 kB)
2026-10-02T15:21:21.7288771Z Collecting numpy==2.3.3
2026-10-02T15:21:21.7351927Z   Downloading numpy-2.3.3-cp312-cp312-manylinux_2_27_x86_64.manylinux_2_28_x86_64.whl.metadata (62 kB)
2026-10-02T15:21:21.7608716Z Collecting python-dateutil>=2.8.2 (from pandas==2.3.3)
2026-10-02T15:21:21.7637505Z   Downloading python_dateutil-2.9.0.post0-py2.py3-none-any.whl.metadata (8.4 kB)
2026-10-02T15:21:21.7962848Z Collecting pytz>=2020.1 (from pandas==2.3.3)
2026-10-02T15:21:21.7994725Z   Downloading pytz-2026.4-py2.py3-none-any.whl.metadata (22 kB)
2026-10-02T15:21:21.8141059Z Collecting tzdata>=2022.7 (from pandas==2.3.3)
2026-10-02T15:21:21.8168219Z   Downloading tzdata-2026.4-py2.py3-none-any.whl.metadata (1.4 kB)
2026-10-02T15:21:21.8303048Z Collecting six>=1.5 (from python-dateutil>=2.8.2->pandas==2.3.3)
2026-10-02T15:21:21.8330993Z   Downloading six-1.17.0-py2.py3-none-any.whl.metadata (1.7 kB)
2026-10-02T15:21:21.8395640Z Downloading pandas-2.3.3-cp312-cp312-manylinux_2_24_x86_64.manylinux_2_28_x86_64.whl (12.4 MB)
2026-10-02T15:21:21.8939298Z    ━━━━━━━━━━━━━━━━━━━━━━━━━━━━━━━━━━━━━━━━ 12.4/12.4 MB 246.7 MB/s  0:00:00
2026-10-02T15:21:21.8970099Z Downloading numpy-2.3.3-cp312-cp312-manylinux_2_27_x86_64.manylinux_2_28_x86_64.whl (16.6 MB)
2026-10-02T15:21:22.0102869Z    ━━━━━━━━━━━━━━━━━━━━━━━━━━━━━━━━━━━━━━━━ 16.6/16.6 MB 150.4 MB/s  0:00:00
2026-10-02T15:21:22.0134508Z Downloading python_dateutil-2.9.0.post0-py2.py3-none-any.whl (229 kB)
2026-10-02T15:21:22.0184482Z Downloading pytz-2026.4-py2.py3-none-any.whl (506 kB)
2026-10-02T15:21:22.0244973Z Downloading six-1.17.0-py2.py3-none-any.whl (11 kB)
2026-10-02T15:21:22.0290250Z Downloading tzdata-2026.4-py2.py3-none-any.whl (347 kB)
2026-10-02T15:21:22.1943752Z Installing collected packages: pytz, tzdata, six, numpy, python-dateutil, pandas
2026-10-02T15:21:29.9025362Z 
2026-10-02T15:21:29.9040899Z Successfully installed numpy-2.3.3 pandas-2.3.3 python-dateutil-2.9.0.post0 pytz-2026.4 six-1.17.0 tzdata-2026.4
2026-10-02T15:21:29.9804488Z ##[group]Run actions/cache@v4
2026-10-02T15:21:29.9804796Z with:
2026-10-02T15:21:29.9804998Z   path: data
2026-10-02T15:21:29.9805251Z   key: frozen-source-36095439671-15m-shard-4
2026-10-02T15:21:29.9805564Z   enableCrossOsArchive: false
2026-10-02T15:21:29.9805828Z   fail-on-cache-miss: false
2026-10-02T15:21:29.9806086Z   lookup-only: false
2026-10-02T15:21:29.9806319Z   save-always: false
2026-10-02T15:21:29.9806553Z env:
2026-10-02T15:21:29.9809590Z   GH_TOKEN: ***
2026-10-02T15:21:29.9809906Z   pythonLocation: /opt/hostedtoolcache/Python/3.12.14/x64
2026-10-02T15:21:29.9810351Z   PKG_CONFIG_PATH: /opt/hostedtoolcache/Python/3.12.14/x64/lib/pkgconfig
2026-10-02T15:21:29.9810798Z   Python_ROOT_DIR: /opt/hostedtoolcache/Python/3.12.14/x64
2026-10-02T15:21:29.9811180Z   Python2_ROOT_DIR: /opt/hostedtoolcache/Python/3.12.14/x64
2026-10-02T15:21:29.9811809Z   Python3_ROOT_DIR: /opt/hostedtoolcache/Python/3.12.14/x64
2026-10-02T15:21:29.9812238Z   LD_LIBRARY_PATH: /opt/hostedtoolcache/Python/3.12.14/x64/lib
2026-10-02T15:21:29.9812573Z ##[endgroup]
2026-10-02T15:21:30.0936873Z (node:2237) [DEP0040] DeprecationWarning: The `punycode` module is deprecated. Please use a userland alternative instead.
2026-10-02T15:21:30.0937904Z (Use `node --trace-deprecation ...` to show where the warning was created)
2026-10-02T15:21:30.3521638Z Cache hit for: frozen-source-36095439671-15m-shard-4
2026-10-02T15:21:30.3684244Z (node:2237) [DEP0169] DeprecationWarning: `url.parse()` behavior is not standardized and prone to errors that have security implications. Use the WHATWG URL API instead. CVEs are not issued for `url.parse()` vulnerabilities.
2026-10-02T15:21:31.6652313Z Received 0 of 240222493 (0.0%), 0.0 MBs/sec
2026-10-02T15:21:32.6655471Z Received 100663296 of 240222493 (41.9%), 48.0 MBs/sec
2026-10-02T15:21:33.6663410Z Received 218103808 of 240222493 (90.8%), 69.3 MBs/sec
2026-10-02T15:21:33.7945118Z Received 240222493 of 240222493 (100.0%), 73.2 MBs/sec
2026-10-02T15:21:33.7947793Z Cache Size: ~229 MB (240222493 B)
2026-10-02T15:21:33.8067178Z [command]/usr/bin/tar -xf /home/runner/work/_temp/5832c740-de11-431f-8a2a-06664855bf04/cache.tzst -P -C /home/runner/work/bb-scanner/bb-scanner --use-compress-program unzstd
2026-10-02T15:21:34.1142058Z Cache restored successfully
2026-10-02T15:21:34.1339067Z Cache restored from key: frozen-source-36095439671-15m-shard-4
2026-10-02T15:21:34.1486750Z ##[group]Run set -euo pipefail
2026-10-02T15:21:34.1487122Z [36;1mset -euo pipefail[0m
2026-10-02T15:21:34.1487404Z [36;1mif [ 'true' != 'true' ]; then[0m
2026-10-02T15:21:34.1487936Z [36;1m  gh run download 36095439671 -R duuu-hub/bb-scanner -n rank5-binance-um-15m-5y-data-shard-4 -D data[0m
2026-10-02T15:21:34.1488493Z [36;1mfi[0m
2026-10-02T15:21:34.1488849Z [36;1mgh run download 36858492497 -R duuu-hub/bb-scanner -n day-edge-v2-btc -D btc[0m
2026-10-02T15:21:34.1489567Z [36;1mgh run download 36095439671 -R duuu-hub/bb-scanner -n rank5-binance-um-15m-5y-manifest-shard-4 -D source-manifest[0m
2026-10-02T15:21:34.1490759Z [36;1mpython scripts/research_evidence_archive.py verify-source --data data --manifests source-manifest --baseline research/breadth-expansion-continuation-v15/FROZEN_INPUT_HASHES.json --out dev-4/source_check.json[0m
2026-10-02T15:21:34.1556972Z shell: /usr/bin/bash --noprofile --norc -e -o pipefail {0}
2026-10-02T15:21:34.1557352Z env:
2026-10-02T15:21:34.1560586Z   GH_TOKEN: ***
2026-10-02T15:21:34.1560897Z   pythonLocation: /opt/hostedtoolcache/Python/3.12.14/x64
2026-10-02T15:21:34.1561370Z   PKG_CONFIG_PATH: /opt/hostedtoolcache/Python/3.12.14/x64/lib/pkgconfig
2026-10-02T15:21:34.1562184Z   Python_ROOT_DIR: /opt/hostedtoolcache/Python/3.12.14/x64
2026-10-02T15:21:34.1562854Z   Python2_ROOT_DIR: /opt/hostedtoolcache/Python/3.12.14/x64
2026-10-02T15:21:34.1563281Z   Python3_ROOT_DIR: /opt/hostedtoolcache/Python/3.12.14/x64
2026-10-02T15:21:34.1563728Z   LD_LIBRARY_PATH: /opt/hostedtoolcache/Python/3.12.14/x64/lib
2026-10-02T15:21:34.1564090Z ##[endgroup]
2026-10-02T15:21:45.8873202Z FROZEN_SOURCE_VERIFIED 107 files 37 prior SHA256 matches
2026-10-02T15:21:45.9455144Z ##[group]Run actions/download-artifact@v4
2026-10-02T15:21:45.9455479Z with:
2026-10-02T15:21:45.9455808Z   name: breadth-expansion-continuation-v15-breadth-development
2026-10-02T15:21:45.9456195Z   path: frozen-breadth
2026-10-02T15:21:45.9456437Z   merge-multiple: false
2026-10-02T15:21:45.9456685Z   repository: duuu-hub/bb-scanner
2026-10-02T15:21:45.9456948Z   run-id: 37025951533
2026-10-02T15:21:45.9457164Z env:
2026-10-02T15:21:45.9460102Z   GH_TOKEN: ***
2026-10-02T15:21:45.9460408Z   pythonLocation: /opt/hostedtoolcache/Python/3.12.14/x64
2026-10-02T15:21:45.9460852Z   PKG_CONFIG_PATH: /opt/hostedtoolcache/Python/3.12.14/x64/lib/pkgconfig
2026-10-02T15:21:45.9461311Z   Python_ROOT_DIR: /opt/hostedtoolcache/Python/3.12.14/x64
2026-10-02T15:21:45.9462036Z   Python2_ROOT_DIR: /opt/hostedtoolcache/Python/3.12.14/x64
2026-10-02T15:21:45.9462451Z   Python3_ROOT_DIR: /opt/hostedtoolcache/Python/3.12.14/x64
2026-10-02T15:21:45.9462884Z   LD_LIBRARY_PATH: /opt/hostedtoolcache/Python/3.12.14/x64/lib
2026-10-02T15:21:45.9463217Z ##[endgroup]
2026-10-02T15:21:46.1008716Z Downloading single artifact
2026-10-02T15:21:46.1162933Z (node:2277) [DEP0040] DeprecationWarning: The `punycode` module is deprecated. Please use a userland alternative instead.
2026-10-02T15:21:46.1164093Z (Use `node --trace-deprecation ...` to show where the warning was created)
2026-10-02T15:21:46.3816631Z Preparing to download the following artifacts:
2026-10-02T15:21:46.3818174Z - breadth-expansion-continuation-v15-breadth-development (ID: 11235078229, Size: 711496, Expected Digest: sha256:d2c3b357913e08d10edd9cff7c0ea77891872c721c6bea7b6e6909d75d0261c1)
2026-10-02T15:21:46.6410609Z Redirecting to blob download url: https://productionresultssa7.blob.core.windows.net/actions-results/7232c6c4-42be-8729-b469-79520192e21a/workflow-job-run-3a5e5e2c-c2de-5f84-b9b0-fa462e76d1cf/artifacts/3be9ba00ff7ebfe0ee065427370ef311534c9178978387a0842462ee645dd7fe.zip
2026-10-02T15:21:46.6413651Z Starting download of artifact to: /home/runner/work/bb-scanner/bb-scanner/frozen-breadth
2026-10-02T15:21:46.9013594Z (node:2277) [DEP0005] DeprecationWarning: Buffer() is deprecated due to security and usability issues. Please use the Buffer.alloc(), Buffer.allocUnsafe(), or Buffer.from() methods instead.
2026-10-02T15:21:47.3671187Z SHA256 digest of downloaded artifact is d2c3b357913e08d10edd9cff7c0ea77891872c721c6bea7b6e6909d75d0261c1
2026-10-02T15:21:47.3672394Z Artifact download completed successfully.
2026-10-02T15:21:47.3672858Z Total of 1 artifact(s) downloaded
2026-10-02T15:21:47.3677026Z Download artifact has finished successfully
2026-10-02T15:21:47.3822283Z ##[group]Run actions/cache@v4
2026-10-02T15:21:47.3822614Z with:
2026-10-02T15:21:47.3822840Z   path: cache/verified-1m
2026-10-02T15:21:47.3823171Z   key: breadth-expansion-continuation-v15-dev-1m-shard-4
2026-10-02T15:21:47.3823689Z   restore-keys: premium-absorption-v8-dev-1m-shard-4
factor-lag-v6-dev-1m-shard-4
2026-10-02T15:21:47.3824150Z   enableCrossOsArchive: false
2026-10-02T15:21:47.3824417Z   fail-on-cache-miss: false
2026-10-02T15:21:47.3824665Z   lookup-only: false
2026-10-02T15:21:47.3824905Z   save-always: false
2026-10-02T15:21:47.3825117Z env:
2026-10-02T15:21:47.3828022Z   GH_TOKEN: ***
2026-10-02T15:21:47.3828334Z   pythonLocation: /opt/hostedtoolcache/Python/3.12.14/x64
2026-10-02T15:21:47.3828791Z   PKG_CONFIG_PATH: /opt/hostedtoolcache/Python/3.12.14/x64/lib/pkgconfig
2026-10-02T15:21:47.3829230Z   Python_ROOT_DIR: /opt/hostedtoolcache/Python/3.12.14/x64
2026-10-02T15:21:47.3829637Z   Python2_ROOT_DIR: /opt/hostedtoolcache/Python/3.12.14/x64
2026-10-02T15:21:47.3830069Z   Python3_ROOT_DIR: /opt/hostedtoolcache/Python/3.12.14/x64
2026-10-02T15:21:47.3830665Z   LD_LIBRARY_PATH: /opt/hostedtoolcache/Python/3.12.14/x64/lib
2026-10-02T15:21:47.3831010Z ##[endgroup]
2026-10-02T15:21:47.4909648Z (node:2289) [DEP0040] DeprecationWarning: The `punycode` module is deprecated. Please use a userland alternative instead.
2026-10-02T15:21:47.4910797Z (Use `node --trace-deprecation ...` to show where the warning was created)
2026-10-02T15:21:47.7474053Z Cache not found for input keys: breadth-expansion-continuation-v15-dev-1m-shard-4, premium-absorption-v8-dev-1m-shard-4, factor-lag-v6-dev-1m-shard-4
2026-10-02T15:21:47.7576315Z ##[group]Run set -euo pipefail
2026-10-02T15:21:47.7576906Z [36;1mset -euo pipefail[0m
2026-10-02T15:21:47.7578639Z [36;1mpython scripts/breadth_expansion_continuation_v15.py scan --stage DEV --data data --btc btc/BTCUSDT.csv.gz --breadth-dir frozen-breadth --source-check dev-4/source_check.json --out dev-4 --minute-cache cache/verified-1m[0m
2026-10-02T15:21:47.7666263Z shell: /usr/bin/bash --noprofile --norc -e -o pipefail {0}
2026-10-02T15:21:47.7666662Z env:
2026-10-02T15:21:47.7669708Z   GH_TOKEN: ***
2026-10-02T15:21:47.7670044Z   pythonLocation: /opt/hostedtoolcache/Python/3.12.14/x64
2026-10-02T15:21:47.7670514Z   PKG_CONFIG_PATH: /opt/hostedtoolcache/Python/3.12.14/x64/lib/pkgconfig
2026-10-02T15:21:47.7670978Z   Python_ROOT_DIR: /opt/hostedtoolcache/Python/3.12.14/x64
2026-10-02T15:21:47.7671398Z   Python2_ROOT_DIR: /opt/hostedtoolcache/Python/3.12.14/x64
2026-10-02T15:21:47.7672144Z   Python3_ROOT_DIR: /opt/hostedtoolcache/Python/3.12.14/x64
2026-10-02T15:21:47.7672591Z   LD_LIBRARY_PATH: /opt/hostedtoolcache/Python/3.12.14/x64/lib
2026-10-02T15:21:47.7672950Z ##[endgroup]
2026-10-02T15:22:07.7280666Z V15_BREADTH_RECOVERY_SCAN DEV 8 / 107 parameterized_outcomes 6954
2026-10-02T15:22:16.6578613Z V15_BREADTH_RECOVERY_SCAN DEV 16 / 107 parameterized_outcomes 14910
2026-10-02T15:22:38.7522702Z V15_BREADTH_RECOVERY_SCAN DEV 48 / 107 parameterized_outcomes 29706
2026-10-02T15:22:57.1744136Z V15_BREADTH_RECOVERY_SCAN DEV 56 / 107 parameterized_outcomes 37237
2026-10-02T15:23:13.9480662Z V15_BREADTH_RECOVERY_SCAN DEV 96 / 107 parameterized_outcomes 42643
2026-10-02T15:23:21.3274290Z V15_BREADTH_RECOVERY_SCAN_DONE DEV 45145 chronology_exclusions 11
2026-10-02T15:23:21.4221374Z ##[group]Run actions/upload-artifact@v4
2026-10-02T15:23:21.4222022Z with:
2026-10-02T15:23:21.4222295Z   name: breadth-expansion-continuation-v15-dev-4
2026-10-02T15:23:21.4222621Z   path: dev-4/
2026-10-02T15:23:21.4222835Z   retention-days: 30
2026-10-02T15:23:21.4223078Z   compression-level: 0
2026-10-02T15:23:21.4223319Z   if-no-files-found: warn
2026-10-02T15:23:21.4223558Z   overwrite: false
2026-10-02T15:23:21.4223793Z   include-hidden-files: false
2026-10-02T15:23:21.4224041Z env:
2026-10-02T15:23:21.4227055Z   GH_TOKEN: ***
2026-10-02T15:23:21.4227370Z   pythonLocation: /opt/hostedtoolcache/Python/3.12.14/x64
2026-10-02T15:23:21.4227842Z   PKG_CONFIG_PATH: /opt/hostedtoolcache/Python/3.12.14/x64/lib/pkgconfig
2026-10-02T15:23:21.4228307Z   Python_ROOT_DIR: /opt/hostedtoolcache/Python/3.12.14/x64
2026-10-02T15:23:21.4228708Z   Python2_ROOT_DIR: /opt/hostedtoolcache/Python/3.12.14/x64
2026-10-02T15:23:21.4229112Z   Python3_ROOT_DIR: /opt/hostedtoolcache/Python/3.12.14/x64
2026-10-02T15:23:21.4229544Z   LD_LIBRARY_PATH: /opt/hostedtoolcache/Python/3.12.14/x64/lib
2026-10-02T15:23:21.4229893Z ##[endgroup]
2026-10-02T15:23:21.5967742Z (node:2357) [DEP0040] DeprecationWarning: The `punycode` module is deprecated. Please use a userland alternative instead.
2026-10-02T15:23:21.5968850Z (Use `node --trace-deprecation ...` to show where the warning was created)
2026-10-02T15:23:21.6271168Z With the provided path, there will be 94 files uploaded
2026-10-02T15:23:21.6278946Z Artifact name is valid!
2026-10-02T15:23:21.6279755Z Root directory input is valid!
2026-10-02T15:23:22.0105657Z Beginning upload of artifact content to blob storage
2026-10-02T15:23:22.0978325Z (node:2357) [DEP0169] DeprecationWarning: `url.parse()` behavior is not standardized and prone to errors that have security implications. Use the WHATWG URL API instead. CVEs are not issued for `url.parse()` vulnerabilities.
2026-10-02T15:23:22.9686998Z Uploaded bytes 8388608
2026-10-02T15:23:22.9716928Z Uploaded bytes 16777216
2026-10-02T15:23:23.0852802Z Uploaded bytes 25165824
2026-10-02T15:23:23.0934240Z Uploaded bytes 33554432
2026-10-02T15:23:23.2909946Z Uploaded bytes 41943040
2026-10-02T15:23:23.5435057Z Uploaded bytes 49660414
2026-10-02T15:23:23.6180067Z Finished uploading artifact content to blob storage!
2026-10-02T15:23:23.6181469Z SHA256 digest of uploaded artifact zip is 421b206ddc71da0690cca5d84195fb40a607779b00f135a6db3cd3e5893cc44d
2026-10-02T15:23:23.6182997Z Finalizing artifact upload
2026-10-02T15:23:23.8762888Z Artifact breadth-expansion-continuation-v15-dev-4.zip successfully finalized. Artifact ID 11235133671
2026-10-02T15:23:23.8765518Z Artifact breadth-expansion-continuation-v15-dev-4 has been successfully uploaded! Final size is 49660414 bytes. Artifact ID is 11235133671
2026-10-02T15:23:23.8771204Z Artifact download URL: https://github.com/duuu-hub/bb-scanner/actions/runs/37025951533/artifacts/11235133671
2026-10-02T15:23:23.8969330Z Post job cleanup.
2026-10-02T15:23:24.0044874Z (node:2369) [DEP0040] DeprecationWarning: The `punycode` module is deprecated. Please use a userland alternative instead.
2026-10-02T15:23:24.0046429Z (Use `node --trace-deprecation ...` to show where the warning was created)
2026-10-02T15:23:24.0270135Z [command]/usr/bin/tar --posix -cf cache.tzst --exclude cache.tzst -P -C /home/runner/work/bb-scanner/bb-scanner --files-from manifest.txt --use-compress-program zstdmt
2026-10-02T15:23:24.3867470Z (node:2369) [DEP0169] DeprecationWarning: `url.parse()` behavior is not standardized and prone to errors that have security implications. Use the WHATWG URL API instead. CVEs are not issued for `url.parse()` vulnerabilities.
2026-10-02T15:23:25.3776016Z Sent 26148864 of 52721104 (49.6%), 24.9 MBs/sec
2026-10-02T15:23:26.1381011Z Sent 52721104 of 52721104 (100.0%), 28.6 MBs/sec
2026-10-02T15:23:26.2650300Z Cache saved with key: breadth-expansion-continuation-v15-dev-1m-shard-4
2026-10-02T15:23:26.2823199Z Post job cleanup.
2026-10-02T15:23:26.4059117Z Cache hit occurred on the primary key frozen-source-36095439671-15m-shard-4, not saving cache.
2026-10-02T15:23:26.4060741Z (node:2390) [DEP0040] DeprecationWarning: The `punycode` module is deprecated. Please use a userland alternative instead.
2026-10-02T15:23:26.4063457Z (Use `node --trace-deprecation ...` to show where the warning was created)
2026-10-02T15:23:26.4176838Z Post job cleanup.
2026-10-02T15:23:26.5419954Z (node:2398) [DEP0040] DeprecationWarning: The `punycode` module is deprecated. Please use a userland alternative instead.
2026-10-02T15:23:26.5421339Z (Use `node --trace-deprecation ...` to show where the warning was created)
2026-10-02T15:23:26.5615824Z Post job cleanup.
2026-10-02T15:23:26.6572653Z [command]/usr/bin/git version
2026-10-02T15:23:26.6611922Z git version 2.55.0
2026-10-02T15:23:26.6657349Z Temporarily overriding HOME='/home/runner/work/_temp/24809d2b-0c8e-4027-b7e3-b685a5286fd3' before making global git config changes
2026-10-02T15:23:26.6658906Z Adding repository directory to the temporary git global config as a safe directory
2026-10-02T15:23:26.6664198Z [command]/usr/bin/git config --global --add safe.directory /home/runner/work/bb-scanner/bb-scanner
2026-10-02T15:23:26.6706739Z [command]/usr/bin/git config --local --name-only --get-regexp core\.sshCommand
2026-10-02T15:23:26.6746460Z [command]/usr/bin/git submodule foreach --recursive sh -c "git config --local --name-only --get-regexp 'core\.sshCommand' && git config --local --unset-all 'core.sshCommand' || :"
2026-10-02T15:23:26.7008253Z [command]/usr/bin/git config --local --name-only --get-regexp http\.https\:\/\/github\.com\/\.extraheader
2026-10-02T15:23:26.7040522Z http.https://github.com/.extraheader
2026-10-02T15:23:26.7062183Z [command]/usr/bin/git config --local --unset-all http.https://github.com/.extraheader
2026-10-02T15:23:26.7094546Z [command]/usr/bin/git submodule foreach --recursive sh -c "git config --local --name-only --get-regexp 'http\.https\:\/\/github\.com\/\.extraheader' && git config --local --unset-all 'http.https://github.com/.extraheader' || :"
2026-10-02T15:23:26.7367579Z [command]/usr/bin/git config --local --name-only --get-regexp ^includeIf\.gitdir:
2026-10-02T15:23:26.7410272Z [command]/usr/bin/git submodule foreach --recursive git config --local --show-origin --name-only --get-regexp remote.origin.url
2026-10-02T15:23:26.7816900Z Cleaning up orphan processes
2026-10-02T15:23:26.8208882Z ##[warning]Node.js 20 is deprecated. The following actions target Node.js 20 but are being forced to run on Node.js 24: actions/cache@v4, actions/checkout@v4, actions/download-artifact@v4, actions/setup-python@v5, actions/upload-artifact@v4. For more information see: https://github.blog/changelog/2025-09-19-deprecation-of-node-20-on-github-actions-runners/
