2026-10-02T15:19:28.7783571Z Current runner version: '2.337.0'
2026-10-02T15:19:28.7808384Z ##[group]Runner Image Provisioner
2026-10-02T15:19:28.7809278Z Hosted Compute Agent
2026-10-02T15:19:28.7810215Z Version: 20260901.588
2026-10-02T15:19:28.7810885Z Commit: f88ec8081b781fac6c440065ac7ff9e710ce3d0b
2026-10-02T15:19:28.7811671Z Build Date: 2026-09-01T19:56:44Z
2026-10-02T15:19:28.7812379Z Worker ID: {235685f7-70e0-41a6-a494-027e1d1a4549}
2026-10-02T15:19:28.7813104Z Azure Region: westus
2026-10-02T15:19:28.7813737Z ##[endgroup]
2026-10-02T15:19:28.7815358Z ##[group]Operating System
2026-10-02T15:19:28.7816066Z Ubuntu
2026-10-02T15:19:28.7816601Z 24.04.5
2026-10-02T15:19:28.7817141Z LTS
2026-10-02T15:19:28.7817739Z ##[endgroup]
2026-10-02T15:19:28.7818296Z ##[group]Runner Image
2026-10-02T15:19:28.7819286Z Image: ubuntu-24.04
2026-10-02T15:19:28.7819898Z Version: 20260927.320.1
2026-10-02T15:19:28.7821680Z Included Software: https://github.com/actions/runner-images/blob/ubuntu24/20260927.320/images/ubuntu/Ubuntu2404-Readme.md
2026-10-02T15:19:28.7823310Z Image Release: https://github.com/actions/runner-images/releases/tag/ubuntu24%2F20260927.320
2026-10-02T15:19:28.7824318Z ##[endgroup]
2026-10-02T15:19:28.7825508Z ##[group]GITHUB_TOKEN Permissions
2026-10-02T15:19:28.7827745Z Actions: read
2026-10-02T15:19:28.7828373Z Contents: read
2026-10-02T15:19:28.7828926Z Metadata: read
2026-10-02T15:19:28.7829520Z ##[endgroup]
2026-10-02T15:19:28.7832039Z Secret source: Actions
2026-10-02T15:19:28.7833102Z Cache mode: write
2026-10-02T15:19:28.7833960Z Prepare workflow directory
2026-10-02T15:19:28.8378540Z Prepare all required actions
2026-10-02T15:19:28.8428282Z Getting action download info
2026-10-02T15:19:29.2317489Z Download action repository 'actions/checkout@v4' (SHA:11d5960a326750d5838078e36cf38b85af677262)
2026-10-02T15:19:29.3414333Z Download action repository 'actions/setup-python@v5' (SHA:a26af69be951a213d495a4c3e4e4022e16d87065)
2026-10-02T15:19:29.4238365Z Download action repository 'actions/cache@v4' (SHA:0057852bfaa89a56745cba8c7296529d2fc39830)
2026-10-02T15:19:29.5175323Z Download action repository 'actions/upload-artifact@v4' (SHA:ea165f8d65b6e75b540449e92b4886f43607fa02)
2026-10-02T15:19:29.7258260Z Complete job name: map_development (0)
2026-10-02T15:19:29.7962789Z ##[group]Run actions/checkout@v4
2026-10-02T15:19:29.7963673Z with:
2026-10-02T15:19:29.7964116Z   repository: duuu-hub/bb-scanner
2026-10-02T15:19:29.7968062Z   token: ***
2026-10-02T15:19:29.7968529Z   ssh-strict: true
2026-10-02T15:19:29.7968966Z   ssh-user: git
2026-10-02T15:19:29.7969401Z   persist-credentials: true
2026-10-02T15:19:29.7969944Z   clean: true
2026-10-02T15:19:29.7970670Z   sparse-checkout-cone-mode: true
2026-10-02T15:19:29.7971190Z   fetch-depth: 1
2026-10-02T15:19:29.7971617Z   fetch-tags: false
2026-10-02T15:19:29.7972048Z   show-progress: true
2026-10-02T15:19:29.7972487Z   lfs: false
2026-10-02T15:19:29.7972889Z   submodules: false
2026-10-02T15:19:29.7973328Z   set-safe-directory: true
2026-10-02T15:19:29.7973865Z   allow-unsafe-pr-checkout: false
2026-10-02T15:19:29.7974669Z env:
2026-10-02T15:19:29.7978391Z   GH_TOKEN: ***
2026-10-02T15:19:29.7978820Z ##[endgroup]
2026-10-02T15:19:29.9054744Z Syncing repository: duuu-hub/bb-scanner
2026-10-02T15:19:29.9057734Z ##[group]Getting Git version info
2026-10-02T15:19:29.9058920Z Working directory is '/home/runner/work/bb-scanner/bb-scanner'
2026-10-02T15:19:29.9061145Z [command]/usr/bin/git version
2026-10-02T15:19:29.9139255Z git version 2.55.0
2026-10-02T15:19:29.9161857Z ##[endgroup]
2026-10-02T15:19:29.9178669Z Temporarily overriding HOME='/home/runner/work/_temp/cdca9925-3bc7-4964-b145-374368866b70' before making global git config changes
2026-10-02T15:19:29.9181634Z Adding repository directory to the temporary git global config as a safe directory
2026-10-02T15:19:29.9185941Z [command]/usr/bin/git config --global --add safe.directory /home/runner/work/bb-scanner/bb-scanner
2026-10-02T15:19:29.9244747Z Deleting the contents of '/home/runner/work/bb-scanner/bb-scanner'
2026-10-02T15:19:29.9249105Z ##[group]Initializing the repository
2026-10-02T15:19:29.9253788Z [command]/usr/bin/git init /home/runner/work/bb-scanner/bb-scanner
2026-10-02T15:19:29.9355252Z hint: Using 'master' as the name for the initial branch. This default branch name
2026-10-02T15:19:29.9356949Z hint: will change to "main" in Git 3.0. To configure the initial branch name
2026-10-02T15:19:29.9358609Z hint: to use in all of your new repositories, which will suppress this warning,
2026-10-02T15:19:29.9359968Z hint: call:
2026-10-02T15:19:29.9361473Z hint:
2026-10-02T15:19:29.9362593Z hint: 	git config --global init.defaultBranch <name>
2026-10-02T15:19:29.9363798Z hint:
2026-10-02T15:19:29.9364899Z hint: Names commonly chosen instead of 'master' are 'main', 'trunk' and
2026-10-02T15:19:29.9366596Z hint: 'development'. The just-created branch can be renamed via this command:
2026-10-02T15:19:29.9367950Z hint:
2026-10-02T15:19:29.9368679Z hint: 	git branch -m <name>
2026-10-02T15:19:29.9369489Z hint:
2026-10-02T15:19:29.9370800Z hint: Disable this message with "git config set advice.defaultBranchName false"
2026-10-02T15:19:29.9372710Z Initialized empty Git repository in /home/runner/work/bb-scanner/bb-scanner/.git/
2026-10-02T15:19:29.9374971Z [command]/usr/bin/git remote add origin https://github.com/duuu-hub/bb-scanner
2026-10-02T15:19:29.9425535Z ##[endgroup]
2026-10-02T15:19:29.9426879Z ##[group]Disabling automatic garbage collection
2026-10-02T15:19:29.9430513Z [command]/usr/bin/git config --local gc.auto 0
2026-10-02T15:19:29.9464775Z ##[endgroup]
2026-10-02T15:19:29.9466222Z ##[group]Setting up auth
2026-10-02T15:19:29.9474595Z [command]/usr/bin/git config --local --name-only --get-regexp core\.sshCommand
2026-10-02T15:19:29.9510667Z [command]/usr/bin/git submodule foreach --recursive sh -c "git config --local --name-only --get-regexp 'core\.sshCommand' && git config --local --unset-all 'core.sshCommand' || :"
2026-10-02T15:19:29.9917033Z [command]/usr/bin/git config --local --name-only --get-regexp http\.https\:\/\/github\.com\/\.extraheader
2026-10-02T15:19:29.9958589Z [command]/usr/bin/git submodule foreach --recursive sh -c "git config --local --name-only --get-regexp 'http\.https\:\/\/github\.com\/\.extraheader' && git config --local --unset-all 'http.https://github.com/.extraheader' || :"
2026-10-02T15:19:30.0193310Z [command]/usr/bin/git config --local --name-only --get-regexp ^includeIf\.gitdir:
2026-10-02T15:19:30.0229226Z [command]/usr/bin/git submodule foreach --recursive git config --local --show-origin --name-only --get-regexp remote.origin.url
2026-10-02T15:19:30.0459401Z [command]/usr/bin/git config --local http.https://github.com/.extraheader AUTHORIZATION: basic ***
2026-10-02T15:19:30.0502479Z ##[endgroup]
2026-10-02T15:19:30.0503889Z ##[group]Fetching the repository
2026-10-02T15:19:30.0515730Z [command]/usr/bin/git -c protocol.version=2 fetch --no-tags --prune --no-recurse-submodules --depth=1 origin +fe7775f16203282a4574173202624dc70ca8acfa:refs/remotes/origin/research-breadth-expansion-continuation-v15
2026-10-02T15:19:31.0774145Z From https://github.com/duuu-hub/bb-scanner
2026-10-02T15:19:31.0777044Z  * [new ref]         fe7775f16203282a4574173202624dc70ca8acfa -> origin/research-breadth-expansion-continuation-v15
2026-10-02T15:19:31.0783379Z ##[endgroup]
2026-10-02T15:19:31.0785355Z ##[group]Determining the checkout info
2026-10-02T15:19:31.0787616Z ##[endgroup]
2026-10-02T15:19:31.0789103Z [command]/usr/bin/git sparse-checkout disable
2026-10-02T15:19:31.0857855Z [command]/usr/bin/git config --local --unset-all extensions.worktreeConfig
2026-10-02T15:19:31.0891601Z ##[group]Checking out the ref
2026-10-02T15:19:31.0899447Z [command]/usr/bin/git checkout --progress --force -B research-breadth-expansion-continuation-v15 refs/remotes/origin/research-breadth-expansion-continuation-v15
2026-10-02T15:19:31.3352139Z Switched to a new branch 'research-breadth-expansion-continuation-v15'
2026-10-02T15:19:31.3356604Z branch 'research-breadth-expansion-continuation-v15' set up to track 'origin/research-breadth-expansion-continuation-v15'.
2026-10-02T15:19:31.3368002Z ##[endgroup]
2026-10-02T15:19:31.3415792Z [command]/usr/bin/git log -1 --format=%H
2026-10-02T15:19:31.3445877Z fe7775f16203282a4574173202624dc70ca8acfa
2026-10-02T15:19:31.3898244Z ##[group]Run actions/setup-python@v5
2026-10-02T15:19:31.3899419Z with:
2026-10-02T15:19:31.3900524Z   python-version: 3.12
2026-10-02T15:19:31.3901509Z   check-latest: false
2026-10-02T15:19:31.3911763Z   token: ***
2026-10-02T15:19:31.3912640Z   update-environment: true
2026-10-02T15:19:31.3913668Z   allow-prereleases: false
2026-10-02T15:19:31.3914670Z   freethreaded: false
2026-10-02T15:19:31.3915539Z env:
2026-10-02T15:19:31.3925595Z   GH_TOKEN: ***
2026-10-02T15:19:31.3926425Z ##[endgroup]
2026-10-02T15:19:31.5385996Z ##[group]Installed versions
2026-10-02T15:19:31.5471970Z (node:2278) [DEP0040] DeprecationWarning: The `punycode` module is deprecated. Please use a userland alternative instead.
2026-10-02T15:19:31.5476524Z (Use `node --trace-deprecation ...` to show where the warning was created)
2026-10-02T15:19:31.5479281Z Successfully set up CPython (3.12.14)
2026-10-02T15:19:31.5482297Z ##[endgroup]
2026-10-02T15:19:31.5681821Z ##[group]Run set -euo pipefail
2026-10-02T15:19:31.5683590Z [36;1mset -euo pipefail[0m
2026-10-02T15:19:31.5685371Z [36;1mpip install pandas==2.3.3 numpy==2.3.3[0m
2026-10-02T15:19:31.6013995Z shell: /usr/bin/bash --noprofile --norc -e -o pipefail {0}
2026-10-02T15:19:31.6015439Z env:
2026-10-02T15:19:31.6025088Z   GH_TOKEN: ***
2026-10-02T15:19:31.6026228Z   pythonLocation: /opt/hostedtoolcache/Python/3.12.14/x64
2026-10-02T15:19:31.6028034Z   PKG_CONFIG_PATH: /opt/hostedtoolcache/Python/3.12.14/x64/lib/pkgconfig
2026-10-02T15:19:31.6029802Z   Python_ROOT_DIR: /opt/hostedtoolcache/Python/3.12.14/x64
2026-10-02T15:19:31.6031663Z   Python2_ROOT_DIR: /opt/hostedtoolcache/Python/3.12.14/x64
2026-10-02T15:19:31.6033293Z   Python3_ROOT_DIR: /opt/hostedtoolcache/Python/3.12.14/x64
2026-10-02T15:19:31.6034929Z   LD_LIBRARY_PATH: /opt/hostedtoolcache/Python/3.12.14/x64/lib
2026-10-02T15:19:31.6036341Z ##[endgroup]
2026-10-02T15:19:33.3867040Z Collecting pandas==2.3.3
2026-10-02T15:19:33.4321009Z   Downloading pandas-2.3.3-cp312-cp312-manylinux_2_24_x86_64.manylinux_2_28_x86_64.whl.metadata (91 kB)
2026-10-02T15:19:33.6916976Z Collecting numpy==2.3.3
2026-10-02T15:19:33.6947544Z   Downloading numpy-2.3.3-cp312-cp312-manylinux_2_27_x86_64.manylinux_2_28_x86_64.whl.metadata (62 kB)
2026-10-02T15:19:33.7465835Z Collecting python-dateutil>=2.8.2 (from pandas==2.3.3)
2026-10-02T15:19:33.7492996Z   Downloading python_dateutil-2.9.0.post0-py2.py3-none-any.whl.metadata (8.4 kB)
2026-10-02T15:19:33.7808651Z Collecting pytz>=2020.1 (from pandas==2.3.3)
2026-10-02T15:19:33.7836839Z   Downloading pytz-2026.4-py2.py3-none-any.whl.metadata (22 kB)
2026-10-02T15:19:33.7974118Z Collecting tzdata>=2022.7 (from pandas==2.3.3)
2026-10-02T15:19:33.7999328Z   Downloading tzdata-2026.4-py2.py3-none-any.whl.metadata (1.4 kB)
2026-10-02T15:19:33.8125247Z Collecting six>=1.5 (from python-dateutil>=2.8.2->pandas==2.3.3)
2026-10-02T15:19:33.8149254Z   Downloading six-1.17.0-py2.py3-none-any.whl.metadata (1.7 kB)
2026-10-02T15:19:33.8236578Z Downloading pandas-2.3.3-cp312-cp312-manylinux_2_24_x86_64.manylinux_2_28_x86_64.whl (12.4 MB)
2026-10-02T15:19:33.8675644Z    ━━━━━━━━━━━━━━━━━━━━━━━━━━━━━━━━━━━━━━━━ 12.4/12.4 MB 303.9 MB/s  0:00:00
2026-10-02T15:19:33.8710521Z Downloading numpy-2.3.3-cp312-cp312-manylinux_2_27_x86_64.manylinux_2_28_x86_64.whl (16.6 MB)
2026-10-02T15:19:33.9693469Z    ━━━━━━━━━━━━━━━━━━━━━━━━━━━━━━━━━━━━━━━━ 16.6/16.6 MB 175.0 MB/s  0:00:00
2026-10-02T15:19:33.9722636Z Downloading python_dateutil-2.9.0.post0-py2.py3-none-any.whl (229 kB)
2026-10-02T15:19:33.9776039Z Downloading pytz-2026.4-py2.py3-none-any.whl (506 kB)
2026-10-02T15:19:33.9835300Z Downloading six-1.17.0-py2.py3-none-any.whl (11 kB)
2026-10-02T15:19:33.9882013Z Downloading tzdata-2026.4-py2.py3-none-any.whl (347 kB)
2026-10-02T15:19:34.2189977Z Installing collected packages: pytz, tzdata, six, numpy, python-dateutil, pandas
2026-10-02T15:19:41.1077419Z 
2026-10-02T15:19:41.1091356Z Successfully installed numpy-2.3.3 pandas-2.3.3 python-dateutil-2.9.0.post0 pytz-2026.4 six-1.17.0 tzdata-2026.4
2026-10-02T15:19:41.1845843Z ##[group]Run actions/cache@v4
2026-10-02T15:19:41.1846128Z with:
2026-10-02T15:19:41.1846329Z   path: data
2026-10-02T15:19:41.1846565Z   key: frozen-source-36095439671-15m-shard-0
2026-10-02T15:19:41.1846864Z   enableCrossOsArchive: false
2026-10-02T15:19:41.1847120Z   fail-on-cache-miss: false
2026-10-02T15:19:41.1847380Z   lookup-only: false
2026-10-02T15:19:41.1847597Z   save-always: false
2026-10-02T15:19:41.1847959Z env:
2026-10-02T15:19:41.1851740Z   GH_TOKEN: ***
2026-10-02T15:19:41.1852072Z   pythonLocation: /opt/hostedtoolcache/Python/3.12.14/x64
2026-10-02T15:19:41.1852531Z   PKG_CONFIG_PATH: /opt/hostedtoolcache/Python/3.12.14/x64/lib/pkgconfig
2026-10-02T15:19:41.1852978Z   Python_ROOT_DIR: /opt/hostedtoolcache/Python/3.12.14/x64
2026-10-02T15:19:41.1853378Z   Python2_ROOT_DIR: /opt/hostedtoolcache/Python/3.12.14/x64
2026-10-02T15:19:41.1853792Z   Python3_ROOT_DIR: /opt/hostedtoolcache/Python/3.12.14/x64
2026-10-02T15:19:41.1854270Z   LD_LIBRARY_PATH: /opt/hostedtoolcache/Python/3.12.14/x64/lib
2026-10-02T15:19:41.1854615Z ##[endgroup]
2026-10-02T15:19:41.2955161Z (node:2346) [DEP0040] DeprecationWarning: The `punycode` module is deprecated. Please use a userland alternative instead.
2026-10-02T15:19:41.2956357Z (Use `node --trace-deprecation ...` to show where the warning was created)
2026-10-02T15:19:41.5497965Z Cache not found for input keys: frozen-source-36095439671-15m-shard-0
2026-10-02T15:19:41.5608013Z ##[group]Run set -euo pipefail
2026-10-02T15:19:41.5608338Z [36;1mset -euo pipefail[0m
2026-10-02T15:19:41.5608585Z [36;1mif [ '' != 'true' ]; then[0m
2026-10-02T15:19:41.5609093Z [36;1m  gh run download 36095439671 -R duuu-hub/bb-scanner -n rank5-binance-um-15m-5y-data-shard-0 -D data[0m
2026-10-02T15:19:41.5609599Z [36;1mfi[0m
2026-10-02T15:19:41.5609941Z [36;1mgh run download 36858492497 -R duuu-hub/bb-scanner -n day-edge-v2-btc -D btc[0m
2026-10-02T15:19:41.5611125Z [36;1mgh run download 36095439671 -R duuu-hub/bb-scanner -n rank5-binance-um-15m-5y-manifest-shard-0 -D source-manifest[0m
2026-10-02T15:19:41.5612363Z [36;1mpython scripts/research_evidence_archive.py verify-source --data data --manifests source-manifest --baseline research/breadth-expansion-continuation-v15/FROZEN_INPUT_HASHES.json --out map-development-0/source_check.json[0m
2026-10-02T15:19:41.5680354Z shell: /usr/bin/bash --noprofile --norc -e -o pipefail {0}
2026-10-02T15:19:41.5680710Z env:
2026-10-02T15:19:41.5683414Z   GH_TOKEN: ***
2026-10-02T15:19:41.5683709Z   pythonLocation: /opt/hostedtoolcache/Python/3.12.14/x64
2026-10-02T15:19:41.5684150Z   PKG_CONFIG_PATH: /opt/hostedtoolcache/Python/3.12.14/x64/lib/pkgconfig
2026-10-02T15:19:41.5684595Z   Python_ROOT_DIR: /opt/hostedtoolcache/Python/3.12.14/x64
2026-10-02T15:19:41.5684984Z   Python2_ROOT_DIR: /opt/hostedtoolcache/Python/3.12.14/x64
2026-10-02T15:19:41.5685382Z   Python3_ROOT_DIR: /opt/hostedtoolcache/Python/3.12.14/x64
2026-10-02T15:19:41.5685775Z   LD_LIBRARY_PATH: /opt/hostedtoolcache/Python/3.12.14/x64/lib
2026-10-02T15:19:41.5686105Z ##[endgroup]
2026-10-02T15:20:02.4025800Z FROZEN_SOURCE_VERIFIED 107 files 28 prior SHA256 matches
2026-10-02T15:20:02.4496750Z ##[group]Run set -euo pipefail
2026-10-02T15:20:02.4497081Z [36;1mset -euo pipefail[0m
2026-10-02T15:20:02.4497813Z [36;1mpython scripts/breadth_expansion_v15.py map --stage DEV --data data --btc btc/BTCUSDT.csv.gz --source-check map-development-0/source_check.json --out map-development-0[0m
2026-10-02T15:20:02.4562954Z shell: /usr/bin/bash --noprofile --norc -e -o pipefail {0}
2026-10-02T15:20:02.4563312Z env:
2026-10-02T15:20:02.4566135Z   GH_TOKEN: ***
2026-10-02T15:20:02.4566434Z   pythonLocation: /opt/hostedtoolcache/Python/3.12.14/x64
2026-10-02T15:20:02.4566889Z   PKG_CONFIG_PATH: /opt/hostedtoolcache/Python/3.12.14/x64/lib/pkgconfig
2026-10-02T15:20:02.4567359Z   Python_ROOT_DIR: /opt/hostedtoolcache/Python/3.12.14/x64
2026-10-02T15:20:02.4567963Z   Python2_ROOT_DIR: /opt/hostedtoolcache/Python/3.12.14/x64
2026-10-02T15:20:02.4568359Z   Python3_ROOT_DIR: /opt/hostedtoolcache/Python/3.12.14/x64
2026-10-02T15:20:02.4568795Z   LD_LIBRARY_PATH: /opt/hostedtoolcache/Python/3.12.14/x64/lib
2026-10-02T15:20:02.4569137Z ##[endgroup]
2026-10-02T15:20:05.5921487Z V15_BREADTH_MAP DEV 8 / 107
2026-10-02T15:20:10.5468894Z V15_BREADTH_MAP DEV 40 / 107
2026-10-02T15:20:12.7014528Z V15_BREADTH_MAP DEV 48 / 107
2026-10-02T15:20:14.5830618Z V15_BREADTH_MAP DEV 56 / 107
2026-10-02T15:20:19.0092523Z V15_BREADTH_MAP DEV 88 / 107
2026-10-02T15:20:22.4191318Z V15_BREADTH_MAP DEV 104 / 107
2026-10-02T15:20:24.0709301Z V15_BREADTH_MAP_DONE DEV shard 0 sources 107 rows 81793
2026-10-02T15:20:24.1317314Z ##[group]Run actions/upload-artifact@v4
2026-10-02T15:20:24.1317633Z with:
2026-10-02T15:20:24.1317923Z   name: breadth-expansion-continuation-v15-map-development-0
2026-10-02T15:20:24.1318297Z   path: map-development-0/
2026-10-02T15:20:24.1318557Z   retention-days: 30
2026-10-02T15:20:24.1338802Z   compression-level: 0
2026-10-02T15:20:24.1339074Z   if-no-files-found: warn
2026-10-02T15:20:24.1339322Z   overwrite: false
2026-10-02T15:20:24.1339546Z   include-hidden-files: false
2026-10-02T15:20:24.1339784Z env:
2026-10-02T15:20:24.1342784Z   GH_TOKEN: ***
2026-10-02T15:20:24.1343082Z   pythonLocation: /opt/hostedtoolcache/Python/3.12.14/x64
2026-10-02T15:20:24.1343535Z   PKG_CONFIG_PATH: /opt/hostedtoolcache/Python/3.12.14/x64/lib/pkgconfig
2026-10-02T15:20:24.1343976Z   Python_ROOT_DIR: /opt/hostedtoolcache/Python/3.12.14/x64
2026-10-02T15:20:24.1344371Z   Python2_ROOT_DIR: /opt/hostedtoolcache/Python/3.12.14/x64
2026-10-02T15:20:24.1344796Z   Python3_ROOT_DIR: /opt/hostedtoolcache/Python/3.12.14/x64
2026-10-02T15:20:24.1345192Z   LD_LIBRARY_PATH: /opt/hostedtoolcache/Python/3.12.14/x64/lib
2026-10-02T15:20:24.1345527Z ##[endgroup]
2026-10-02T15:20:24.3098289Z (node:2395) [DEP0040] DeprecationWarning: The `punycode` module is deprecated. Please use a userland alternative instead.
2026-10-02T15:20:24.3099279Z (Use `node --trace-deprecation ...` to show where the warning was created)
2026-10-02T15:20:24.3183282Z With the provided path, there will be 4 files uploaded
2026-10-02T15:20:24.3184229Z Artifact name is valid!
2026-10-02T15:20:24.3184665Z Root directory input is valid!
2026-10-02T15:20:24.7327937Z Beginning upload of artifact content to blob storage
2026-10-02T15:20:24.7632747Z (node:2395) [DEP0169] DeprecationWarning: `url.parse()` behavior is not standardized and prone to errors that have security implications. Use the WHATWG URL API instead. CVEs are not issued for `url.parse()` vulnerabilities.
2026-10-02T15:20:25.3304085Z Uploaded bytes 489771
2026-10-02T15:20:25.4089950Z Finished uploading artifact content to blob storage!
2026-10-02T15:20:25.4092057Z SHA256 digest of uploaded artifact zip is 4b8f17752e2fe605dcd5d53fc5e603476df24969bed10ef55d6f6583accf8a2d
2026-10-02T15:20:25.4093377Z Finalizing artifact upload
2026-10-02T15:20:25.6834381Z Artifact breadth-expansion-continuation-v15-map-development-0.zip successfully finalized. Artifact ID 11235472735
2026-10-02T15:20:25.6837280Z Artifact breadth-expansion-continuation-v15-map-development-0 has been successfully uploaded! Final size is 489771 bytes. Artifact ID is 11235472735
2026-10-02T15:20:25.6844542Z Artifact download URL: https://github.com/duuu-hub/bb-scanner/actions/runs/37025951533/artifacts/11235472735
2026-10-02T15:20:25.7024543Z Post job cleanup.
2026-10-02T15:20:25.8116351Z (node:2408) [DEP0040] DeprecationWarning: The `punycode` module is deprecated. Please use a userland alternative instead.
2026-10-02T15:20:25.8117984Z (Use `node --trace-deprecation ...` to show where the warning was created)
2026-10-02T15:20:25.8313892Z [command]/usr/bin/tar --posix -cf cache.tzst --exclude cache.tzst -P -C /home/runner/work/bb-scanner/bb-scanner --files-from manifest.txt --use-compress-program zstdmt
2026-10-02T15:20:26.4232314Z (node:2408) [DEP0169] DeprecationWarning: `url.parse()` behavior is not standardized and prone to errors that have security implications. Use the WHATWG URL API instead. CVEs are not issued for `url.parse()` vulnerabilities.
2026-10-02T15:20:27.4101057Z Sent 0 of 242832346 (0.0%), 0.0 MBs/sec
2026-10-02T15:20:28.4099665Z Sent 175723482 of 242832346 (72.4%), 83.7 MBs/sec
2026-10-02T15:20:28.6363794Z Sent 242832346 of 242832346 (100.0%), 103.8 MBs/sec
2026-10-02T15:20:28.7851325Z Cache saved with key: frozen-source-36095439671-15m-shard-0
2026-10-02T15:20:28.7991081Z Post job cleanup.
2026-10-02T15:20:28.9259968Z (node:2430) [DEP0040] DeprecationWarning: The `punycode` module is deprecated. Please use a userland alternative instead.
2026-10-02T15:20:28.9261659Z (Use `node --trace-deprecation ...` to show where the warning was created)
2026-10-02T15:20:28.9473245Z Post job cleanup.
2026-10-02T15:20:29.0476105Z [command]/usr/bin/git version
2026-10-02T15:20:29.0528151Z git version 2.55.0
2026-10-02T15:20:29.0576940Z Temporarily overriding HOME='/home/runner/work/_temp/88b09e3b-d9ea-4d5b-a4cd-c9cd681715fb' before making global git config changes
2026-10-02T15:20:29.0578854Z Adding repository directory to the temporary git global config as a safe directory
2026-10-02T15:20:29.0584241Z [command]/usr/bin/git config --global --add safe.directory /home/runner/work/bb-scanner/bb-scanner
2026-10-02T15:20:29.0641681Z [command]/usr/bin/git config --local --name-only --get-regexp core\.sshCommand
2026-10-02T15:20:29.0687251Z [command]/usr/bin/git submodule foreach --recursive sh -c "git config --local --name-only --get-regexp 'core\.sshCommand' && git config --local --unset-all 'core.sshCommand' || :"
2026-10-02T15:20:29.0968578Z [command]/usr/bin/git config --local --name-only --get-regexp http\.https\:\/\/github\.com\/\.extraheader
2026-10-02T15:20:29.1017076Z http.https://github.com/.extraheader
2026-10-02T15:20:29.1031958Z [command]/usr/bin/git config --local --unset-all http.https://github.com/.extraheader
2026-10-02T15:20:29.1094297Z [command]/usr/bin/git submodule foreach --recursive sh -c "git config --local --name-only --get-regexp 'http\.https\:\/\/github\.com\/\.extraheader' && git config --local --unset-all 'http.https://github.com/.extraheader' || :"
2026-10-02T15:20:29.1388197Z [command]/usr/bin/git config --local --name-only --get-regexp ^includeIf\.gitdir:
2026-10-02T15:20:29.1437623Z [command]/usr/bin/git submodule foreach --recursive git config --local --show-origin --name-only --get-regexp remote.origin.url
2026-10-02T15:20:29.1888232Z Cleaning up orphan processes
2026-10-02T15:20:29.2322673Z ##[warning]Node.js 20 is deprecated. The following actions target Node.js 20 but are being forced to run on Node.js 24: actions/cache@v4, actions/checkout@v4, actions/setup-python@v5, actions/upload-artifact@v4. For more information see: https://github.blog/changelog/2025-09-19-deprecation-of-node-20-on-github-actions-runners/
