2026-10-02T15:21:15.8874404Z Current runner version: '2.337.0'
2026-10-02T15:21:15.8900766Z ##[group]Runner Image Provisioner
2026-10-02T15:21:15.8901632Z Hosted Compute Agent
2026-10-02T15:21:15.8902445Z Version: 20260901.588
2026-10-02T15:21:15.8903117Z Commit: f88ec8081b781fac6c440065ac7ff9e710ce3d0b
2026-10-02T15:21:15.8903981Z Build Date: 2026-09-01T19:56:44Z
2026-10-02T15:21:15.8904694Z Worker ID: {09922f46-1dd7-4cf8-86d3-e897beef06c7}
2026-10-02T15:21:15.8905421Z Azure Region: northcentralus
2026-10-02T15:21:15.8906436Z ##[endgroup]
2026-10-02T15:21:15.8907854Z ##[group]Operating System
2026-10-02T15:21:15.8908965Z Ubuntu
2026-10-02T15:21:15.8909546Z 24.04.5
2026-10-02T15:21:15.8910096Z LTS
2026-10-02T15:21:15.8910726Z ##[endgroup]
2026-10-02T15:21:15.8911313Z ##[group]Runner Image
2026-10-02T15:21:15.8912125Z Image: ubuntu-24.04
2026-10-02T15:21:15.8912730Z Version: 20260927.320.1
2026-10-02T15:21:15.8914093Z Included Software: https://github.com/actions/runner-images/blob/ubuntu24/20260927.320/images/ubuntu/Ubuntu2404-Readme.md
2026-10-02T15:21:15.8915732Z Image Release: https://github.com/actions/runner-images/releases/tag/ubuntu24%2F20260927.320
2026-10-02T15:21:15.8917101Z ##[endgroup]
2026-10-02T15:21:15.8918334Z ##[group]GITHUB_TOKEN Permissions
2026-10-02T15:21:15.8920741Z Actions: read
2026-10-02T15:21:15.8921390Z Contents: read
2026-10-02T15:21:15.8922034Z Metadata: read
2026-10-02T15:21:15.8922671Z ##[endgroup]
2026-10-02T15:21:15.8924796Z Secret source: Actions
2026-10-02T15:21:15.8926157Z Cache mode: write
2026-10-02T15:21:15.8927317Z Prepare workflow directory
2026-10-02T15:21:15.9446486Z Prepare all required actions
2026-10-02T15:21:15.9495334Z Getting action download info
2026-10-02T15:21:16.2771467Z Download action repository 'actions/checkout@v4' (SHA:11d5960a326750d5838078e36cf38b85af677262)
2026-10-02T15:21:16.3772997Z Download action repository 'actions/setup-python@v5' (SHA:a26af69be951a213d495a4c3e4e4022e16d87065)
2026-10-02T15:21:16.5276112Z Download action repository 'actions/cache@v4' (SHA:0057852bfaa89a56745cba8c7296529d2fc39830)
2026-10-02T15:21:16.7030701Z Download action repository 'actions/download-artifact@v4' (SHA:d3f86a106a0bac45b974a628896c90dbdf5c8093)
2026-10-02T15:21:17.0884503Z Download action repository 'actions/upload-artifact@v4' (SHA:ea165f8d65b6e75b540449e92b4886f43607fa02)
2026-10-02T15:21:17.3256515Z Complete job name: development (0)
2026-10-02T15:21:17.4112577Z ##[group]Run actions/checkout@v4
2026-10-02T15:21:17.4113898Z with:
2026-10-02T15:21:17.4114730Z   repository: duuu-hub/bb-scanner
2026-10-02T15:21:17.4123988Z   token: ***
2026-10-02T15:21:17.4124819Z   ssh-strict: true
2026-10-02T15:21:17.4125680Z   ssh-user: git
2026-10-02T15:21:17.4126654Z   persist-credentials: true
2026-10-02T15:21:17.4127598Z   clean: true
2026-10-02T15:21:17.4128459Z   sparse-checkout-cone-mode: true
2026-10-02T15:21:17.4129478Z   fetch-depth: 1
2026-10-02T15:21:17.4130306Z   fetch-tags: false
2026-10-02T15:21:17.4131167Z   show-progress: true
2026-10-02T15:21:17.4132014Z   lfs: false
2026-10-02T15:21:17.4132842Z   submodules: false
2026-10-02T15:21:17.4133694Z   set-safe-directory: true
2026-10-02T15:21:17.4134657Z   allow-unsafe-pr-checkout: false
2026-10-02T15:21:17.4136039Z env:
2026-10-02T15:21:17.4144453Z   GH_TOKEN: ***
2026-10-02T15:21:17.4145275Z ##[endgroup]
2026-10-02T15:21:17.5168191Z Syncing repository: duuu-hub/bb-scanner
2026-10-02T15:21:17.5171474Z ##[group]Getting Git version info
2026-10-02T15:21:17.5172850Z Working directory is '/home/runner/work/bb-scanner/bb-scanner'
2026-10-02T15:21:17.5174833Z [command]/usr/bin/git version
2026-10-02T15:21:17.5247188Z git version 2.55.0
2026-10-02T15:21:17.5374865Z ##[endgroup]
2026-10-02T15:21:17.5386350Z Temporarily overriding HOME='/home/runner/work/_temp/d4d9b773-df29-4f5c-87f6-8cead9b23fb7' before making global git config changes
2026-10-02T15:21:17.5390915Z Adding repository directory to the temporary git global config as a safe directory
2026-10-02T15:21:17.5394572Z [command]/usr/bin/git config --global --add safe.directory /home/runner/work/bb-scanner/bb-scanner
2026-10-02T15:21:17.5400637Z Deleting the contents of '/home/runner/work/bb-scanner/bb-scanner'
2026-10-02T15:21:17.5403830Z ##[group]Initializing the repository
2026-10-02T15:21:17.5406277Z [command]/usr/bin/git init /home/runner/work/bb-scanner/bb-scanner
2026-10-02T15:21:17.5428795Z hint: Using 'master' as the name for the initial branch. This default branch name
2026-10-02T15:21:17.5430943Z hint: will change to "main" in Git 3.0. To configure the initial branch name
2026-10-02T15:21:17.5432916Z hint: to use in all of your new repositories, which will suppress this warning,
2026-10-02T15:21:17.5434357Z hint: call:
2026-10-02T15:21:17.5435124Z hint:
2026-10-02T15:21:17.5436515Z hint: 	git config --global init.defaultBranch <name>
2026-10-02T15:21:17.5438245Z hint:
2026-10-02T15:21:17.5439908Z hint: Names commonly chosen instead of 'master' are 'main', 'trunk' and
2026-10-02T15:21:17.5442621Z hint: 'development'. The just-created branch can be renamed via this command:
2026-10-02T15:21:17.5444597Z hint:
2026-10-02T15:21:17.5445415Z hint: 	git branch -m <name>
2026-10-02T15:21:17.5446589Z hint:
2026-10-02T15:21:17.5447799Z hint: Disable this message with "git config set advice.defaultBranchName false"
2026-10-02T15:21:17.5449817Z Initialized empty Git repository in /home/runner/work/bb-scanner/bb-scanner/.git/
2026-10-02T15:21:17.5458315Z [command]/usr/bin/git remote add origin https://github.com/duuu-hub/bb-scanner
2026-10-02T15:21:17.5500324Z ##[endgroup]
2026-10-02T15:21:17.5502058Z ##[group]Disabling automatic garbage collection
2026-10-02T15:21:17.5503814Z [command]/usr/bin/git config --local gc.auto 0
2026-10-02T15:21:17.5538629Z ##[endgroup]
2026-10-02T15:21:17.5540531Z ##[group]Setting up auth
2026-10-02T15:21:17.5545491Z [command]/usr/bin/git config --local --name-only --get-regexp core\.sshCommand
2026-10-02T15:21:17.5581394Z [command]/usr/bin/git submodule foreach --recursive sh -c "git config --local --name-only --get-regexp 'core\.sshCommand' && git config --local --unset-all 'core.sshCommand' || :"
2026-10-02T15:21:17.5927586Z [command]/usr/bin/git config --local --name-only --get-regexp http\.https\:\/\/github\.com\/\.extraheader
2026-10-02T15:21:17.5970652Z [command]/usr/bin/git submodule foreach --recursive sh -c "git config --local --name-only --get-regexp 'http\.https\:\/\/github\.com\/\.extraheader' && git config --local --unset-all 'http.https://github.com/.extraheader' || :"
2026-10-02T15:21:17.6232784Z [command]/usr/bin/git config --local --name-only --get-regexp ^includeIf\.gitdir:
2026-10-02T15:21:17.6275341Z [command]/usr/bin/git submodule foreach --recursive git config --local --show-origin --name-only --get-regexp remote.origin.url
2026-10-02T15:21:17.6517987Z [command]/usr/bin/git config --local http.https://github.com/.extraheader AUTHORIZATION: basic ***
2026-10-02T15:21:17.6560947Z ##[endgroup]
2026-10-02T15:21:17.6569007Z ##[group]Fetching the repository
2026-10-02T15:21:17.6572158Z [command]/usr/bin/git -c protocol.version=2 fetch --no-tags --prune --no-recurse-submodules --depth=1 origin +fe7775f16203282a4574173202624dc70ca8acfa:refs/remotes/origin/research-breadth-expansion-continuation-v15
2026-10-02T15:21:19.2861965Z From https://github.com/duuu-hub/bb-scanner
2026-10-02T15:21:19.2864975Z  * [new ref]         fe7775f16203282a4574173202624dc70ca8acfa -> origin/research-breadth-expansion-continuation-v15
2026-10-02T15:21:19.2868958Z ##[endgroup]
2026-10-02T15:21:19.2869621Z ##[group]Determining the checkout info
2026-10-02T15:21:19.2870208Z ##[endgroup]
2026-10-02T15:21:19.2875556Z [command]/usr/bin/git sparse-checkout disable
2026-10-02T15:21:19.2927002Z [command]/usr/bin/git config --local --unset-all extensions.worktreeConfig
2026-10-02T15:21:19.2960401Z ##[group]Checking out the ref
2026-10-02T15:21:19.2965153Z [command]/usr/bin/git checkout --progress --force -B research-breadth-expansion-continuation-v15 refs/remotes/origin/research-breadth-expansion-continuation-v15
2026-10-02T15:21:19.5407586Z Switched to a new branch 'research-breadth-expansion-continuation-v15'
2026-10-02T15:21:19.5410389Z branch 'research-breadth-expansion-continuation-v15' set up to track 'origin/research-breadth-expansion-continuation-v15'.
2026-10-02T15:21:19.5422138Z ##[endgroup]
2026-10-02T15:21:19.5473783Z [command]/usr/bin/git log -1 --format=%H
2026-10-02T15:21:19.5506304Z fe7775f16203282a4574173202624dc70ca8acfa
2026-10-02T15:21:19.5808194Z ##[group]Run actions/setup-python@v5
2026-10-02T15:21:19.5808609Z with:
2026-10-02T15:21:19.5808905Z   python-version: 3.12
2026-10-02T15:21:19.5809219Z   check-latest: false
2026-10-02T15:21:19.5812099Z   token: ***
2026-10-02T15:21:19.5812412Z   update-environment: true
2026-10-02T15:21:19.5812750Z   allow-prereleases: false
2026-10-02T15:21:19.5813071Z   freethreaded: false
2026-10-02T15:21:19.5813365Z env:
2026-10-02T15:21:19.5816408Z   GH_TOKEN: ***
2026-10-02T15:21:19.5816699Z ##[endgroup]
2026-10-02T15:21:19.7130771Z ##[group]Installed versions
2026-10-02T15:21:19.7700209Z (node:2313) [DEP0040] DeprecationWarning: The `punycode` module is deprecated. Please use a userland alternative instead.
2026-10-02T15:21:19.7701632Z (Use `node --trace-deprecation ...` to show where the warning was created)
2026-10-02T15:21:19.7719718Z Successfully set up CPython (3.12.14)
2026-10-02T15:21:19.7720473Z ##[endgroup]
2026-10-02T15:21:19.7885285Z ##[group]Run set -euo pipefail
2026-10-02T15:21:19.7885726Z [36;1mset -euo pipefail[0m
2026-10-02T15:21:19.7886442Z [36;1mpip install pandas==2.3.3 numpy==2.3.3[0m
2026-10-02T15:21:19.8233452Z shell: /usr/bin/bash --noprofile --norc -e -o pipefail {0}
2026-10-02T15:21:19.8233913Z env:
2026-10-02T15:21:19.8237033Z   GH_TOKEN: ***
2026-10-02T15:21:19.8237394Z   pythonLocation: /opt/hostedtoolcache/Python/3.12.14/x64
2026-10-02T15:21:19.8237902Z   PKG_CONFIG_PATH: /opt/hostedtoolcache/Python/3.12.14/x64/lib/pkgconfig
2026-10-02T15:21:19.8238372Z   Python_ROOT_DIR: /opt/hostedtoolcache/Python/3.12.14/x64
2026-10-02T15:21:19.8238790Z   Python2_ROOT_DIR: /opt/hostedtoolcache/Python/3.12.14/x64
2026-10-02T15:21:19.8239206Z   Python3_ROOT_DIR: /opt/hostedtoolcache/Python/3.12.14/x64
2026-10-02T15:21:19.8239650Z   LD_LIBRARY_PATH: /opt/hostedtoolcache/Python/3.12.14/x64/lib
2026-10-02T15:21:19.8240028Z ##[endgroup]
2026-10-02T15:21:23.4759294Z Collecting pandas==2.3.3
2026-10-02T15:21:23.5216445Z   Downloading pandas-2.3.3-cp312-cp312-manylinux_2_24_x86_64.manylinux_2_28_x86_64.whl.metadata (91 kB)
2026-10-02T15:21:23.7472688Z Collecting numpy==2.3.3
2026-10-02T15:21:23.7508864Z   Downloading numpy-2.3.3-cp312-cp312-manylinux_2_27_x86_64.manylinux_2_28_x86_64.whl.metadata (62 kB)
2026-10-02T15:21:23.7734329Z Collecting python-dateutil>=2.8.2 (from pandas==2.3.3)
2026-10-02T15:21:23.7770949Z   Downloading python_dateutil-2.9.0.post0-py2.py3-none-any.whl.metadata (8.4 kB)
2026-10-02T15:21:23.8074220Z Collecting pytz>=2020.1 (from pandas==2.3.3)
2026-10-02T15:21:23.8106513Z   Downloading pytz-2026.4-py2.py3-none-any.whl.metadata (22 kB)
2026-10-02T15:21:23.8242735Z Collecting tzdata>=2022.7 (from pandas==2.3.3)
2026-10-02T15:21:23.8273650Z   Downloading tzdata-2026.4-py2.py3-none-any.whl.metadata (1.4 kB)
2026-10-02T15:21:23.8392986Z Collecting six>=1.5 (from python-dateutil>=2.8.2->pandas==2.3.3)
2026-10-02T15:21:23.8423740Z   Downloading six-1.17.0-py2.py3-none-any.whl.metadata (1.7 kB)
2026-10-02T15:21:23.8489211Z Downloading pandas-2.3.3-cp312-cp312-manylinux_2_24_x86_64.manylinux_2_28_x86_64.whl (12.4 MB)
2026-10-02T15:21:23.8949302Z    ━━━━━━━━━━━━━━━━━━━━━━━━━━━━━━━━━━━━━━━━ 12.4/12.4 MB 299.5 MB/s  0:00:00
2026-10-02T15:21:23.8985253Z Downloading numpy-2.3.3-cp312-cp312-manylinux_2_27_x86_64.manylinux_2_28_x86_64.whl (16.6 MB)
2026-10-02T15:21:23.9491501Z    ━━━━━━━━━━━━━━━━━━━━━━━━━━━━━━━━━━━━━━━━ 16.6/16.6 MB 342.6 MB/s  0:00:00
2026-10-02T15:21:23.9525658Z Downloading python_dateutil-2.9.0.post0-py2.py3-none-any.whl (229 kB)
2026-10-02T15:21:23.9580528Z Downloading pytz-2026.4-py2.py3-none-any.whl (506 kB)
2026-10-02T15:21:23.9644099Z Downloading six-1.17.0-py2.py3-none-any.whl (11 kB)
2026-10-02T15:21:23.9692632Z Downloading tzdata-2026.4-py2.py3-none-any.whl (347 kB)
2026-10-02T15:21:24.2508065Z Installing collected packages: pytz, tzdata, six, numpy, python-dateutil, pandas
2026-10-02T15:21:31.2644850Z 
2026-10-02T15:21:31.2659848Z Successfully installed numpy-2.3.3 pandas-2.3.3 python-dateutil-2.9.0.post0 pytz-2026.4 six-1.17.0 tzdata-2026.4
2026-10-02T15:21:31.3339995Z ##[group]Run actions/cache@v4
2026-10-02T15:21:31.3340272Z with:
2026-10-02T15:21:31.3340491Z   path: data
2026-10-02T15:21:31.3340728Z   key: frozen-source-36095439671-15m-shard-0
2026-10-02T15:21:31.3341042Z   enableCrossOsArchive: false
2026-10-02T15:21:31.3341304Z   fail-on-cache-miss: false
2026-10-02T15:21:31.3341552Z   lookup-only: false
2026-10-02T15:21:31.3341787Z   save-always: false
2026-10-02T15:21:31.3342004Z env:
2026-10-02T15:21:31.3344755Z   GH_TOKEN: ***
2026-10-02T15:21:31.3345073Z   pythonLocation: /opt/hostedtoolcache/Python/3.12.14/x64
2026-10-02T15:21:31.3345518Z   PKG_CONFIG_PATH: /opt/hostedtoolcache/Python/3.12.14/x64/lib/pkgconfig
2026-10-02T15:21:31.3346116Z   Python_ROOT_DIR: /opt/hostedtoolcache/Python/3.12.14/x64
2026-10-02T15:21:31.3346508Z   Python2_ROOT_DIR: /opt/hostedtoolcache/Python/3.12.14/x64
2026-10-02T15:21:31.3346890Z   Python3_ROOT_DIR: /opt/hostedtoolcache/Python/3.12.14/x64
2026-10-02T15:21:31.3347325Z   LD_LIBRARY_PATH: /opt/hostedtoolcache/Python/3.12.14/x64/lib
2026-10-02T15:21:31.3347661Z ##[endgroup]
2026-10-02T15:21:31.4439662Z (node:2348) [DEP0040] DeprecationWarning: The `punycode` module is deprecated. Please use a userland alternative instead.
2026-10-02T15:21:31.4440718Z (Use `node --trace-deprecation ...` to show where the warning was created)
2026-10-02T15:21:31.5644103Z Cache hit for: frozen-source-36095439671-15m-shard-0
2026-10-02T15:21:31.5747411Z (node:2348) [DEP0169] DeprecationWarning: `url.parse()` behavior is not standardized and prone to errors that have security implications. Use the WHATWG URL API instead. CVEs are not issued for `url.parse()` vulnerabilities.
2026-10-02T15:21:32.6809000Z Received 134217728 of 242832346 (55.3%), 127.9 MBs/sec
2026-10-02T15:21:33.1336613Z Received 242832346 of 242832346 (100.0%), 159.3 MBs/sec
2026-10-02T15:21:33.1342847Z Cache Size: ~232 MB (242832346 B)
2026-10-02T15:21:33.1454993Z [command]/usr/bin/tar -xf /home/runner/work/_temp/2e4210a4-e5fb-4a4c-b015-f7a9f9047f6e/cache.tzst -P -C /home/runner/work/bb-scanner/bb-scanner --use-compress-program unzstd
2026-10-02T15:21:33.4544765Z Cache restored successfully
2026-10-02T15:21:33.4738472Z Cache restored from key: frozen-source-36095439671-15m-shard-0
2026-10-02T15:21:33.4921465Z ##[group]Run set -euo pipefail
2026-10-02T15:21:33.4921806Z [36;1mset -euo pipefail[0m
2026-10-02T15:21:33.4922098Z [36;1mif [ 'true' != 'true' ]; then[0m
2026-10-02T15:21:33.4922636Z [36;1m  gh run download 36095439671 -R duuu-hub/bb-scanner -n rank5-binance-um-15m-5y-data-shard-0 -D data[0m
2026-10-02T15:21:33.4923153Z [36;1mfi[0m
2026-10-02T15:21:33.4923511Z [36;1mgh run download 36858492497 -R duuu-hub/bb-scanner -n day-edge-v2-btc -D btc[0m
2026-10-02T15:21:33.4924242Z [36;1mgh run download 36095439671 -R duuu-hub/bb-scanner -n rank5-binance-um-15m-5y-manifest-shard-0 -D source-manifest[0m
2026-10-02T15:21:33.4925396Z [36;1mpython scripts/research_evidence_archive.py verify-source --data data --manifests source-manifest --baseline research/breadth-expansion-continuation-v15/FROZEN_INPUT_HASHES.json --out dev-0/source_check.json[0m
2026-10-02T15:21:33.4996563Z shell: /usr/bin/bash --noprofile --norc -e -o pipefail {0}
2026-10-02T15:21:33.4996924Z env:
2026-10-02T15:21:33.4999589Z   GH_TOKEN: ***
2026-10-02T15:21:33.4999917Z   pythonLocation: /opt/hostedtoolcache/Python/3.12.14/x64
2026-10-02T15:21:33.5000377Z   PKG_CONFIG_PATH: /opt/hostedtoolcache/Python/3.12.14/x64/lib/pkgconfig
2026-10-02T15:21:33.5000832Z   Python_ROOT_DIR: /opt/hostedtoolcache/Python/3.12.14/x64
2026-10-02T15:21:33.5001231Z   Python2_ROOT_DIR: /opt/hostedtoolcache/Python/3.12.14/x64
2026-10-02T15:21:33.5001624Z   Python3_ROOT_DIR: /opt/hostedtoolcache/Python/3.12.14/x64
2026-10-02T15:21:33.5002216Z   LD_LIBRARY_PATH: /opt/hostedtoolcache/Python/3.12.14/x64/lib
2026-10-02T15:21:33.5002574Z ##[endgroup]
2026-10-02T15:21:45.0424309Z FROZEN_SOURCE_VERIFIED 107 files 28 prior SHA256 matches
2026-10-02T15:21:45.0953695Z ##[group]Run actions/download-artifact@v4
2026-10-02T15:21:45.0954014Z with:
2026-10-02T15:21:45.0954336Z   name: breadth-expansion-continuation-v15-breadth-development
2026-10-02T15:21:45.0954719Z   path: frozen-breadth
2026-10-02T15:21:45.0954966Z   merge-multiple: false
2026-10-02T15:21:45.0955220Z   repository: duuu-hub/bb-scanner
2026-10-02T15:21:45.0955494Z   run-id: 37025951533
2026-10-02T15:21:45.0955720Z env:
2026-10-02T15:21:45.0958635Z   GH_TOKEN: ***
2026-10-02T15:21:45.0958961Z   pythonLocation: /opt/hostedtoolcache/Python/3.12.14/x64
2026-10-02T15:21:45.0959414Z   PKG_CONFIG_PATH: /opt/hostedtoolcache/Python/3.12.14/x64/lib/pkgconfig
2026-10-02T15:21:45.0959848Z   Python_ROOT_DIR: /opt/hostedtoolcache/Python/3.12.14/x64
2026-10-02T15:21:45.0960264Z   Python2_ROOT_DIR: /opt/hostedtoolcache/Python/3.12.14/x64
2026-10-02T15:21:45.0960651Z   Python3_ROOT_DIR: /opt/hostedtoolcache/Python/3.12.14/x64
2026-10-02T15:21:45.0961073Z   LD_LIBRARY_PATH: /opt/hostedtoolcache/Python/3.12.14/x64/lib
2026-10-02T15:21:45.0961411Z ##[endgroup]
2026-10-02T15:21:45.2451716Z Downloading single artifact
2026-10-02T15:21:45.2596349Z (node:2386) [DEP0040] DeprecationWarning: The `punycode` module is deprecated. Please use a userland alternative instead.
2026-10-02T15:21:45.2597480Z (Use `node --trace-deprecation ...` to show where the warning was created)
2026-10-02T15:21:45.4179824Z Preparing to download the following artifacts:
2026-10-02T15:21:45.4181178Z - breadth-expansion-continuation-v15-breadth-development (ID: 11235078229, Size: 711496, Expected Digest: sha256:d2c3b357913e08d10edd9cff7c0ea77891872c721c6bea7b6e6909d75d0261c1)
2026-10-02T15:21:45.5780047Z Redirecting to blob download url: https://productionresultssa7.blob.core.windows.net/actions-results/7232c6c4-42be-8729-b469-79520192e21a/workflow-job-run-3a5e5e2c-c2de-5f84-b9b0-fa462e76d1cf/artifacts/3be9ba00ff7ebfe0ee065427370ef311534c9178978387a0842462ee645dd7fe.zip
2026-10-02T15:21:45.5782341Z Starting download of artifact to: /home/runner/work/bb-scanner/bb-scanner/frozen-breadth
2026-10-02T15:21:45.6993759Z (node:2386) [DEP0005] DeprecationWarning: Buffer() is deprecated due to security and usability issues. Please use the Buffer.alloc(), Buffer.allocUnsafe(), or Buffer.from() methods instead.
2026-10-02T15:21:45.8180694Z SHA256 digest of downloaded artifact is d2c3b357913e08d10edd9cff7c0ea77891872c721c6bea7b6e6909d75d0261c1
2026-10-02T15:21:45.8181576Z Artifact download completed successfully.
2026-10-02T15:21:45.8181981Z Total of 1 artifact(s) downloaded
2026-10-02T15:21:45.8186617Z Download artifact has finished successfully
2026-10-02T15:21:45.8672841Z ##[group]Run actions/cache@v4
2026-10-02T15:21:45.8673142Z with:
2026-10-02T15:21:45.8673378Z   path: cache/verified-1m
2026-10-02T15:21:45.8673710Z   key: breadth-expansion-continuation-v15-dev-1m-shard-0
2026-10-02T15:21:45.8674242Z   restore-keys: premium-absorption-v8-dev-1m-shard-0
factor-lag-v6-dev-1m-shard-0
2026-10-02T15:21:45.8674701Z   enableCrossOsArchive: false
2026-10-02T15:21:45.8674979Z   fail-on-cache-miss: false
2026-10-02T15:21:45.8675240Z   lookup-only: false
2026-10-02T15:21:45.8675486Z   save-always: false
2026-10-02T15:21:45.8675715Z env:
2026-10-02T15:21:45.8678524Z   GH_TOKEN: ***
2026-10-02T15:21:45.8678852Z   pythonLocation: /opt/hostedtoolcache/Python/3.12.14/x64
2026-10-02T15:21:45.8679328Z   PKG_CONFIG_PATH: /opt/hostedtoolcache/Python/3.12.14/x64/lib/pkgconfig
2026-10-02T15:21:45.8679784Z   Python_ROOT_DIR: /opt/hostedtoolcache/Python/3.12.14/x64
2026-10-02T15:21:45.8680204Z   Python2_ROOT_DIR: /opt/hostedtoolcache/Python/3.12.14/x64
2026-10-02T15:21:45.8680636Z   Python3_ROOT_DIR: /opt/hostedtoolcache/Python/3.12.14/x64
2026-10-02T15:21:45.8681032Z   LD_LIBRARY_PATH: /opt/hostedtoolcache/Python/3.12.14/x64/lib
2026-10-02T15:21:45.8681673Z ##[endgroup]
2026-10-02T15:21:45.9793873Z (node:2398) [DEP0040] DeprecationWarning: The `punycode` module is deprecated. Please use a userland alternative instead.
2026-10-02T15:21:45.9794701Z (Use `node --trace-deprecation ...` to show where the warning was created)
2026-10-02T15:21:46.0902810Z Cache not found for input keys: breadth-expansion-continuation-v15-dev-1m-shard-0, premium-absorption-v8-dev-1m-shard-0, factor-lag-v6-dev-1m-shard-0
2026-10-02T15:21:46.0986538Z ##[group]Run set -euo pipefail
2026-10-02T15:21:46.0987039Z [36;1mset -euo pipefail[0m
2026-10-02T15:21:46.0988029Z [36;1mpython scripts/breadth_expansion_continuation_v15.py scan --stage DEV --data data --btc btc/BTCUSDT.csv.gz --breadth-dir frozen-breadth --source-check dev-0/source_check.json --out dev-0 --minute-cache cache/verified-1m[0m
2026-10-02T15:21:46.1058023Z shell: /usr/bin/bash --noprofile --norc -e -o pipefail {0}
2026-10-02T15:21:46.1058397Z env:
2026-10-02T15:21:46.1061077Z   GH_TOKEN: ***
2026-10-02T15:21:46.1061432Z   pythonLocation: /opt/hostedtoolcache/Python/3.12.14/x64
2026-10-02T15:21:46.1061896Z   PKG_CONFIG_PATH: /opt/hostedtoolcache/Python/3.12.14/x64/lib/pkgconfig
2026-10-02T15:21:46.1062345Z   Python_ROOT_DIR: /opt/hostedtoolcache/Python/3.12.14/x64
2026-10-02T15:21:46.1062758Z   Python2_ROOT_DIR: /opt/hostedtoolcache/Python/3.12.14/x64
2026-10-02T15:21:46.1063156Z   Python3_ROOT_DIR: /opt/hostedtoolcache/Python/3.12.14/x64
2026-10-02T15:21:46.1063604Z   LD_LIBRARY_PATH: /opt/hostedtoolcache/Python/3.12.14/x64/lib
2026-10-02T15:21:46.1063954Z ##[endgroup]
2026-10-02T15:22:07.4655462Z V15_BREADTH_RECOVERY_SCAN DEV 8 / 107 parameterized_outcomes 12384
2026-10-02T15:22:40.3289169Z V15_BREADTH_RECOVERY_SCAN DEV 40 / 107 parameterized_outcomes 39682
2026-10-02T15:22:54.1003101Z V15_BREADTH_RECOVERY_SCAN DEV 48 / 107 parameterized_outcomes 45301
2026-10-02T15:22:59.1182597Z V15_BREADTH_RECOVERY_SCAN DEV 56 / 107 parameterized_outcomes 46267
2026-10-02T15:23:28.2154917Z V15_BREADTH_RECOVERY_SCAN DEV 88 / 107 parameterized_outcomes 63043
2026-10-02T15:23:46.1824813Z V15_BREADTH_RECOVERY_SCAN DEV 104 / 107 parameterized_outcomes 72139
2026-10-02T15:23:53.3925538Z V15_BREADTH_RECOVERY_SCAN_DONE DEV 74803 chronology_exclusions 17
2026-10-02T15:23:53.4957377Z ##[group]Run actions/upload-artifact@v4
2026-10-02T15:23:53.4957719Z with:
2026-10-02T15:23:53.4958015Z   name: breadth-expansion-continuation-v15-dev-0
2026-10-02T15:23:53.4958363Z   path: dev-0/
2026-10-02T15:23:53.4958604Z   retention-days: 30
2026-10-02T15:23:53.4958870Z   compression-level: 0
2026-10-02T15:23:53.4959140Z   if-no-files-found: warn
2026-10-02T15:23:53.4959406Z   overwrite: false
2026-10-02T15:23:53.4959665Z   include-hidden-files: false
2026-10-02T15:23:53.4959938Z env:
2026-10-02T15:23:53.4962648Z   GH_TOKEN: ***
2026-10-02T15:23:53.4962988Z   pythonLocation: /opt/hostedtoolcache/Python/3.12.14/x64
2026-10-02T15:23:53.4963471Z   PKG_CONFIG_PATH: /opt/hostedtoolcache/Python/3.12.14/x64/lib/pkgconfig
2026-10-02T15:23:53.4963939Z   Python_ROOT_DIR: /opt/hostedtoolcache/Python/3.12.14/x64
2026-10-02T15:23:53.4964379Z   Python2_ROOT_DIR: /opt/hostedtoolcache/Python/3.12.14/x64
2026-10-02T15:23:53.4964791Z   Python3_ROOT_DIR: /opt/hostedtoolcache/Python/3.12.14/x64
2026-10-02T15:23:53.4965227Z   LD_LIBRARY_PATH: /opt/hostedtoolcache/Python/3.12.14/x64/lib
2026-10-02T15:23:53.4965587Z ##[endgroup]
2026-10-02T15:23:53.6635082Z (node:2445) [DEP0040] DeprecationWarning: The `punycode` module is deprecated. Please use a userland alternative instead.
2026-10-02T15:23:53.6636478Z (Use `node --trace-deprecation ...` to show where the warning was created)
2026-10-02T15:23:53.6838942Z With the provided path, there will be 101 files uploaded
2026-10-02T15:23:53.6843328Z Artifact name is valid!
2026-10-02T15:23:53.6843964Z Root directory input is valid!
2026-10-02T15:23:53.9448985Z Beginning upload of artifact content to blob storage
2026-10-02T15:23:54.0127118Z (node:2445) [DEP0169] DeprecationWarning: `url.parse()` behavior is not standardized and prone to errors that have security implications. Use the WHATWG URL API instead. CVEs are not issued for `url.parse()` vulnerabilities.
2026-10-02T15:23:54.3661375Z Uploaded bytes 8388608
2026-10-02T15:23:54.4670640Z Uploaded bytes 16777216
2026-10-02T15:23:54.4795478Z Uploaded bytes 25165824
2026-10-02T15:23:54.5666382Z Uploaded bytes 33554432
2026-10-02T15:23:54.6024814Z Uploaded bytes 41943040
2026-10-02T15:23:54.6809596Z Uploaded bytes 50331648
2026-10-02T15:23:54.8821513Z Uploaded bytes 57141871
2026-10-02T15:23:54.9148040Z Finished uploading artifact content to blob storage!
2026-10-02T15:23:54.9149133Z SHA256 digest of uploaded artifact zip is df51bb7ba876fd0418472530a78974688299271c4e7eca4c9a4fcc98ce3030a1
2026-10-02T15:23:54.9151005Z Finalizing artifact upload
2026-10-02T15:23:55.1715590Z Artifact breadth-expansion-continuation-v15-dev-0.zip successfully finalized. Artifact ID 11235348717
2026-10-02T15:23:55.1717217Z Artifact breadth-expansion-continuation-v15-dev-0 has been successfully uploaded! Final size is 57141871 bytes. Artifact ID is 11235348717
2026-10-02T15:23:55.1727912Z Artifact download URL: https://github.com/duuu-hub/bb-scanner/actions/runs/37025951533/artifacts/11235348717
2026-10-02T15:23:55.1931134Z Post job cleanup.
2026-10-02T15:23:55.3014435Z (node:2459) [DEP0040] DeprecationWarning: The `punycode` module is deprecated. Please use a userland alternative instead.
2026-10-02T15:23:55.3015214Z (Use `node --trace-deprecation ...` to show where the warning was created)
2026-10-02T15:23:55.3197625Z [command]/usr/bin/tar --posix -cf cache.tzst --exclude cache.tzst -P -C /home/runner/work/bb-scanner/bb-scanner --files-from manifest.txt --use-compress-program zstdmt
2026-10-02T15:23:55.5654935Z (node:2459) [DEP0169] DeprecationWarning: `url.parse()` behavior is not standardized and prone to errors that have security implications. Use the WHATWG URL API instead. CVEs are not issued for `url.parse()` vulnerabilities.
2026-10-02T15:23:56.5585396Z Sent 55397047 of 55397047 (100.0%), 52.8 MBs/sec
2026-10-02T15:23:57.0425302Z Cache saved with key: breadth-expansion-continuation-v15-dev-1m-shard-0
2026-10-02T15:23:57.0558744Z Post job cleanup.
2026-10-02T15:23:57.1650336Z Cache hit occurred on the primary key frozen-source-36095439671-15m-shard-0, not saving cache.
2026-10-02T15:23:57.1652236Z (node:2479) [DEP0040] DeprecationWarning: The `punycode` module is deprecated. Please use a userland alternative instead.
2026-10-02T15:23:57.1653266Z (Use `node --trace-deprecation ...` to show where the warning was created)
2026-10-02T15:23:57.1763626Z Post job cleanup.
2026-10-02T15:23:57.2990543Z (node:2487) [DEP0040] DeprecationWarning: The `punycode` module is deprecated. Please use a userland alternative instead.
2026-10-02T15:23:57.2991742Z (Use `node --trace-deprecation ...` to show where the warning was created)
2026-10-02T15:23:57.3167367Z Post job cleanup.
2026-10-02T15:23:57.4043312Z [command]/usr/bin/git version
2026-10-02T15:23:57.4091605Z git version 2.55.0
2026-10-02T15:23:57.4130701Z Temporarily overriding HOME='/home/runner/work/_temp/c8fdc42c-6319-4449-95dd-62944ed09c95' before making global git config changes
2026-10-02T15:23:57.4132102Z Adding repository directory to the temporary git global config as a safe directory
2026-10-02T15:23:57.4135016Z [command]/usr/bin/git config --global --add safe.directory /home/runner/work/bb-scanner/bb-scanner
2026-10-02T15:23:57.4175232Z [command]/usr/bin/git config --local --name-only --get-regexp core\.sshCommand
2026-10-02T15:23:57.4212377Z [command]/usr/bin/git submodule foreach --recursive sh -c "git config --local --name-only --get-regexp 'core\.sshCommand' && git config --local --unset-all 'core.sshCommand' || :"
2026-10-02T15:23:57.4492669Z [command]/usr/bin/git config --local --name-only --get-regexp http\.https\:\/\/github\.com\/\.extraheader
2026-10-02T15:23:57.4523228Z http.https://github.com/.extraheader
2026-10-02T15:23:57.4537757Z [command]/usr/bin/git config --local --unset-all http.https://github.com/.extraheader
2026-10-02T15:23:57.4575728Z [command]/usr/bin/git submodule foreach --recursive sh -c "git config --local --name-only --get-regexp 'http\.https\:\/\/github\.com\/\.extraheader' && git config --local --unset-all 'http.https://github.com/.extraheader' || :"
2026-10-02T15:23:57.4847553Z [command]/usr/bin/git config --local --name-only --get-regexp ^includeIf\.gitdir:
2026-10-02T15:23:57.4922531Z [command]/usr/bin/git submodule foreach --recursive git config --local --show-origin --name-only --get-regexp remote.origin.url
2026-10-02T15:23:57.5442440Z Cleaning up orphan processes
2026-10-02T15:23:57.5746740Z ##[warning]Node.js 20 is deprecated. The following actions target Node.js 20 but are being forced to run on Node.js 24: actions/cache@v4, actions/checkout@v4, actions/download-artifact@v4, actions/setup-python@v5, actions/upload-artifact@v4. For more information see: https://github.blog/changelog/2025-09-19-deprecation-of-node-20-on-github-actions-runners/
