2026-10-08T10:11:34.6887203Z Current runner version: '2.337.0'
2026-10-08T10:11:34.6914855Z ##[group]Runner Image Provisioner
2026-10-08T10:11:34.6915763Z Hosted Compute Agent
2026-10-08T10:11:34.6916450Z Version: 20260901.588
2026-10-08T10:11:34.6917200Z Commit: f88ec8081b781fac6c440065ac7ff9e710ce3d0b
2026-10-08T10:11:34.6918132Z Build Date: 2026-09-01T19:56:44Z
2026-10-08T10:11:34.6918917Z Worker ID: {0851b4cb-96ec-42c4-bc5f-f24b57af363e}
2026-10-08T10:11:34.6919652Z Azure Region: westus
2026-10-08T10:11:34.6920322Z ##[endgroup]
2026-10-08T10:11:34.6921943Z ##[group]Operating System
2026-10-08T10:11:34.6922609Z Ubuntu
2026-10-08T10:11:34.6923238Z 24.04.5
2026-10-08T10:11:34.6923800Z LTS
2026-10-08T10:11:34.6924305Z ##[endgroup]
2026-10-08T10:11:34.6925414Z ##[group]Runner Image
2026-10-08T10:11:34.6926055Z Image: ubuntu-24.04
2026-10-08T10:11:34.6926686Z Version: 20260927.320.1
2026-10-08T10:11:34.6928400Z Included Software: https://github.com/actions/runner-images/blob/ubuntu24/20260927.320/images/ubuntu/Ubuntu2404-Readme.md
2026-10-08T10:11:34.6930157Z Image Release: https://github.com/actions/runner-images/releases/tag/ubuntu24%2F20260927.320
2026-10-08T10:11:34.6931183Z ##[endgroup]
2026-10-08T10:11:34.6932526Z ##[group]GITHUB_TOKEN Permissions
2026-10-08T10:11:34.6934870Z Actions: read
2026-10-08T10:11:34.6935658Z Contents: write
2026-10-08T10:11:34.6936247Z Metadata: read
2026-10-08T10:11:34.6936807Z ##[endgroup]
2026-10-08T10:11:34.6939363Z Secret source: Actions
2026-10-08T10:11:34.6940323Z Cache mode: write
2026-10-08T10:11:34.6941244Z Prepare workflow directory
2026-10-08T10:11:34.7481849Z Prepare all required actions
2026-10-08T10:11:34.7531350Z Getting action download info
2026-10-08T10:11:35.1247632Z Download action repository 'actions/checkout@v4' (SHA:11d5960a326750d5838078e36cf38b85af677262)
2026-10-08T10:11:35.2127963Z Download action repository 'actions/setup-python@v5' (SHA:a26af69be951a213d495a4c3e4e4022e16d87065)
2026-10-08T10:11:35.2969109Z Download action repository 'actions/download-artifact@v4' (SHA:d3f86a106a0bac45b974a628896c90dbdf5c8093)
2026-10-08T10:11:35.7602149Z Download action repository 'actions/upload-artifact@v4' (SHA:ea165f8d65b6e75b540449e92b4886f43607fa02)
2026-10-08T10:11:35.9769796Z Complete job name: accounts (3)
2026-10-08T10:11:36.0546640Z ##[group]Run actions/checkout@v4
2026-10-08T10:11:36.0547759Z with:
2026-10-08T10:11:36.0548281Z   repository: duuu-hub/bb-scanner
2026-10-08T10:11:36.0552496Z   token: ***
2026-10-08T10:11:36.0552974Z   ssh-strict: true
2026-10-08T10:11:36.0553459Z   ssh-user: git
2026-10-08T10:11:36.0553957Z   persist-credentials: true
2026-10-08T10:11:36.0554485Z   clean: true
2026-10-08T10:11:36.0554966Z   sparse-checkout-cone-mode: true
2026-10-08T10:11:36.0555527Z   fetch-depth: 1
2026-10-08T10:11:36.0555997Z   fetch-tags: false
2026-10-08T10:11:36.0556480Z   show-progress: true
2026-10-08T10:11:36.0556997Z   lfs: false
2026-10-08T10:11:36.0557678Z   submodules: false
2026-10-08T10:11:36.0558168Z   set-safe-directory: true
2026-10-08T10:11:36.0558726Z   allow-unsafe-pr-checkout: false
2026-10-08T10:11:36.0559556Z env:
2026-10-08T10:11:36.0563470Z   GH_TOKEN: ***
2026-10-08T10:11:36.0563940Z ##[endgroup]
2026-10-08T10:11:36.1626449Z Syncing repository: duuu-hub/bb-scanner
2026-10-08T10:11:36.1629542Z ##[group]Getting Git version info
2026-10-08T10:11:36.1630409Z Working directory is '/home/runner/work/bb-scanner/bb-scanner'
2026-10-08T10:11:36.1638900Z [command]/usr/bin/git version
2026-10-08T10:11:36.1736976Z git version 2.55.0
2026-10-08T10:11:36.1762262Z ##[endgroup]
2026-10-08T10:11:36.1779594Z Temporarily overriding HOME='/home/runner/work/_temp/732dbdbd-88d5-406a-b787-af76b074fcc0' before making global git config changes
2026-10-08T10:11:36.1782130Z Adding repository directory to the temporary git global config as a safe directory
2026-10-08T10:11:36.1787582Z [command]/usr/bin/git config --global --add safe.directory /home/runner/work/bb-scanner/bb-scanner
2026-10-08T10:11:36.1851288Z Deleting the contents of '/home/runner/work/bb-scanner/bb-scanner'
2026-10-08T10:11:36.1854298Z ##[group]Initializing the repository
2026-10-08T10:11:36.1860152Z [command]/usr/bin/git init /home/runner/work/bb-scanner/bb-scanner
2026-10-08T10:11:36.1963196Z hint: Using 'master' as the name for the initial branch. This default branch name
2026-10-08T10:11:36.1965488Z hint: will change to "main" in Git 3.0. To configure the initial branch name
2026-10-08T10:11:36.1968062Z hint: to use in all of your new repositories, which will suppress this warning,
2026-10-08T10:11:36.1969373Z hint: call:
2026-10-08T10:11:36.1970094Z hint:
2026-10-08T10:11:36.1970925Z hint: 	git config --global init.defaultBranch <name>
2026-10-08T10:11:36.1972090Z hint:
2026-10-08T10:11:36.1973095Z hint: Names commonly chosen instead of 'master' are 'main', 'trunk' and
2026-10-08T10:11:36.1974719Z hint: 'development'. The just-created branch can be renamed via this command:
2026-10-08T10:11:36.1975829Z hint:
2026-10-08T10:11:36.1976292Z hint: 	git branch -m <name>
2026-10-08T10:11:36.1976828Z hint:
2026-10-08T10:11:36.1977945Z hint: Disable this message with "git config set advice.defaultBranchName false"
2026-10-08T10:11:36.1979501Z Initialized empty Git repository in /home/runner/work/bb-scanner/bb-scanner/.git/
2026-10-08T10:11:36.1982687Z [command]/usr/bin/git remote add origin https://github.com/duuu-hub/bb-scanner
2026-10-08T10:11:36.2053381Z ##[endgroup]
2026-10-08T10:11:36.2054773Z ##[group]Disabling automatic garbage collection
2026-10-08T10:11:36.2058358Z [command]/usr/bin/git config --local gc.auto 0
2026-10-08T10:11:36.2105522Z ##[endgroup]
2026-10-08T10:11:36.2106494Z ##[group]Setting up auth
2026-10-08T10:11:36.2107546Z [command]/usr/bin/git config --local --name-only --get-regexp core\.sshCommand
2026-10-08T10:11:36.2145167Z [command]/usr/bin/git submodule foreach --recursive sh -c "git config --local --name-only --get-regexp 'core\.sshCommand' && git config --local --unset-all 'core.sshCommand' || :"
2026-10-08T10:11:36.2529341Z [command]/usr/bin/git config --local --name-only --get-regexp http\.https\:\/\/github\.com\/\.extraheader
2026-10-08T10:11:36.2592752Z [command]/usr/bin/git submodule foreach --recursive sh -c "git config --local --name-only --get-regexp 'http\.https\:\/\/github\.com\/\.extraheader' && git config --local --unset-all 'http.https://github.com/.extraheader' || :"
2026-10-08T10:11:36.2845132Z [command]/usr/bin/git config --local --name-only --get-regexp ^includeIf\.gitdir:
2026-10-08T10:11:36.2887710Z [command]/usr/bin/git submodule foreach --recursive git config --local --show-origin --name-only --get-regexp remote.origin.url
2026-10-08T10:11:36.3139732Z [command]/usr/bin/git config --local http.https://github.com/.extraheader AUTHORIZATION: basic ***
2026-10-08T10:11:36.3185659Z ##[endgroup]
2026-10-08T10:11:36.3187001Z ##[group]Fetching the repository
2026-10-08T10:11:36.3196128Z [command]/usr/bin/git -c protocol.version=2 fetch --no-tags --prune --no-recurse-submodules --depth=1 origin +fbf329c27f4bff0d7f99febbbd4a14768ce2024a:refs/remotes/origin/research-daily-breakdown-intraday-v27
2026-10-08T10:11:37.3728612Z From https://github.com/duuu-hub/bb-scanner
2026-10-08T10:11:37.3732034Z  * [new ref]         fbf329c27f4bff0d7f99febbbd4a14768ce2024a -> origin/research-daily-breakdown-intraday-v27
2026-10-08T10:11:37.3813867Z ##[endgroup]
2026-10-08T10:11:37.3816776Z ##[group]Determining the checkout info
2026-10-08T10:11:37.3819033Z ##[endgroup]
2026-10-08T10:11:37.3820365Z [command]/usr/bin/git sparse-checkout disable
2026-10-08T10:11:37.3828670Z [command]/usr/bin/git config --local --unset-all extensions.worktreeConfig
2026-10-08T10:11:37.3840956Z ##[group]Checking out the ref
2026-10-08T10:11:37.3847435Z [command]/usr/bin/git checkout --progress --force -B research-daily-breakdown-intraday-v27 refs/remotes/origin/research-daily-breakdown-intraday-v27
2026-10-08T10:11:37.6380236Z Switched to a new branch 'research-daily-breakdown-intraday-v27'
2026-10-08T10:11:37.6385647Z branch 'research-daily-breakdown-intraday-v27' set up to track 'origin/research-daily-breakdown-intraday-v27'.
2026-10-08T10:11:37.6444416Z ##[endgroup]
2026-10-08T10:11:37.6448429Z [command]/usr/bin/git log -1 --format=%H
2026-10-08T10:11:37.6480410Z fbf329c27f4bff0d7f99febbbd4a14768ce2024a
2026-10-08T10:11:37.6866470Z ##[group]Run actions/setup-python@v5
2026-10-08T10:11:37.6867939Z with:
2026-10-08T10:11:37.6868829Z   python-version: 3.12
2026-10-08T10:11:37.6869821Z   check-latest: false
2026-10-08T10:11:37.6878940Z   token: ***
2026-10-08T10:11:37.6879854Z   update-environment: true
2026-10-08T10:11:37.6880932Z   allow-prereleases: false
2026-10-08T10:11:37.6881967Z   freethreaded: false
2026-10-08T10:11:37.6882893Z env:
2026-10-08T10:11:37.6891604Z   GH_TOKEN: ***
2026-10-08T10:11:37.6892481Z ##[endgroup]
2026-10-08T10:11:37.8297979Z ##[group]Installed versions
2026-10-08T10:11:37.8378349Z (node:2296) [DEP0040] DeprecationWarning: The `punycode` module is deprecated. Please use a userland alternative instead.
2026-10-08T10:11:37.8382310Z (Use `node --trace-deprecation ...` to show where the warning was created)
2026-10-08T10:11:37.8397855Z Successfully set up CPython (3.12.14)
2026-10-08T10:11:37.8400588Z ##[endgroup]
2026-10-08T10:11:37.8594561Z ##[group]Run set -euo pipefail
2026-10-08T10:11:37.8595848Z [36;1mset -euo pipefail[0m
2026-10-08T10:11:37.8597673Z [36;1mpip install pandas==2.3.3 numpy==2.3.3 numba==0.62.1 requests==2.32.5[0m
2026-10-08T10:11:37.8898175Z shell: /usr/bin/bash --noprofile --norc -e -o pipefail {0}
2026-10-08T10:11:37.8899714Z env:
2026-10-08T10:11:37.8908309Z   GH_TOKEN: ***
2026-10-08T10:11:37.8909470Z   pythonLocation: /opt/hostedtoolcache/Python/3.12.14/x64
2026-10-08T10:11:37.8911296Z   PKG_CONFIG_PATH: /opt/hostedtoolcache/Python/3.12.14/x64/lib/pkgconfig
2026-10-08T10:11:37.8913140Z   Python_ROOT_DIR: /opt/hostedtoolcache/Python/3.12.14/x64
2026-10-08T10:11:37.8914793Z   Python2_ROOT_DIR: /opt/hostedtoolcache/Python/3.12.14/x64
2026-10-08T10:11:37.8916477Z   Python3_ROOT_DIR: /opt/hostedtoolcache/Python/3.12.14/x64
2026-10-08T10:11:37.8918362Z   LD_LIBRARY_PATH: /opt/hostedtoolcache/Python/3.12.14/x64/lib
2026-10-08T10:11:37.8919866Z ##[endgroup]
2026-10-08T10:11:39.8108757Z Collecting pandas==2.3.3
2026-10-08T10:11:39.8614482Z   Downloading pandas-2.3.3-cp312-cp312-manylinux_2_24_x86_64.manylinux_2_28_x86_64.whl.metadata (91 kB)
2026-10-08T10:11:40.0946162Z Collecting numpy==2.3.3
2026-10-08T10:11:40.0979460Z   Downloading numpy-2.3.3-cp312-cp312-manylinux_2_27_x86_64.manylinux_2_28_x86_64.whl.metadata (62 kB)
2026-10-08T10:11:40.1957079Z Collecting numba==0.62.1
2026-10-08T10:11:40.2003409Z   Downloading numba-0.62.1-cp312-cp312-manylinux2014_x86_64.manylinux_2_17_x86_64.whl.metadata (2.8 kB)
2026-10-08T10:11:40.2190096Z Collecting requests==2.32.5
2026-10-08T10:11:40.2224631Z   Downloading requests-2.32.5-py3-none-any.whl.metadata (4.9 kB)
2026-10-08T10:11:40.2359289Z Collecting python-dateutil>=2.8.2 (from pandas==2.3.3)
2026-10-08T10:11:40.2389881Z   Downloading python_dateutil-2.9.0.post0-py2.py3-none-any.whl.metadata (8.4 kB)
2026-10-08T10:11:40.2711365Z Collecting pytz>=2020.1 (from pandas==2.3.3)
2026-10-08T10:11:40.2743204Z   Downloading pytz-2026.5-py2.py3-none-any.whl.metadata (22 kB)
2026-10-08T10:11:40.2882214Z Collecting tzdata>=2022.7 (from pandas==2.3.3)
2026-10-08T10:11:40.2912674Z   Downloading tzdata-2026.5-py2.py3-none-any.whl.metadata (1.4 kB)
2026-10-08T10:11:40.3399685Z Collecting llvmlite<0.46,>=0.45.0dev0 (from numba==0.62.1)
2026-10-08T10:11:40.3441305Z   Downloading llvmlite-0.45.1-cp312-cp312-manylinux2014_x86_64.manylinux_2_17_x86_64.whl.metadata (4.9 kB)
2026-10-08T10:11:40.4556277Z Collecting charset_normalizer<4,>=2 (from requests==2.32.5)
2026-10-08T10:11:40.4589679Z   Downloading charset_normalizer-3.5.2-cp312-cp312-manylinux2014_x86_64.manylinux_2_17_x86_64.manylinux_2_28_x86_64.whl.metadata (46 kB)
2026-10-08T10:11:40.4746314Z Collecting idna<4,>=2.5 (from requests==2.32.5)
2026-10-08T10:11:40.4779101Z   Downloading idna-3.20-py3-none-any.whl.metadata (7.2 kB)
2026-10-08T10:11:40.4987870Z Collecting urllib3<3,>=1.21.1 (from requests==2.32.5)
2026-10-08T10:11:40.5023033Z   Downloading urllib3-2.8.0-py3-none-any.whl.metadata (7.4 kB)
2026-10-08T10:11:40.5198507Z Collecting certifi>=2017.4.17 (from requests==2.32.5)
2026-10-08T10:11:40.5228785Z   Downloading certifi-2026.7.22-py3-none-any.whl.metadata (2.5 kB)
2026-10-08T10:11:40.5370475Z Collecting six>=1.5 (from python-dateutil>=2.8.2->pandas==2.3.3)
2026-10-08T10:11:40.5401330Z   Downloading six-1.17.0-py2.py3-none-any.whl.metadata (1.7 kB)
2026-10-08T10:11:40.5475316Z Downloading pandas-2.3.3-cp312-cp312-manylinux_2_24_x86_64.manylinux_2_28_x86_64.whl (12.4 MB)
2026-10-08T10:11:40.5918382Z    ━━━━━━━━━━━━━━━━━━━━━━━━━━━━━━━━━━━━━━━━ 12.4/12.4 MB 310.3 MB/s  0:00:00
2026-10-08T10:11:40.5961177Z Downloading numpy-2.3.3-cp312-cp312-manylinux_2_27_x86_64.manylinux_2_28_x86_64.whl (16.6 MB)
2026-10-08T10:11:40.6949449Z    ━━━━━━━━━━━━━━━━━━━━━━━━━━━━━━━━━━━━━━━━ 16.6/16.6 MB 171.7 MB/s  0:00:00
2026-10-08T10:11:40.7001074Z Downloading numba-0.62.1-cp312-cp312-manylinux2014_x86_64.manylinux_2_17_x86_64.whl (3.8 MB)
2026-10-08T10:11:40.7168113Z    ━━━━━━━━━━━━━━━━━━━━━━━━━━━━━━━━━━━━━━━━ 3.8/3.8 MB 255.3 MB/s  0:00:00
2026-10-08T10:11:40.7204182Z Downloading requests-2.32.5-py3-none-any.whl (64 kB)
2026-10-08T10:11:40.7261537Z Downloading charset_normalizer-3.5.2-cp312-cp312-manylinux2014_x86_64.manylinux_2_17_x86_64.manylinux_2_28_x86_64.whl (257 kB)
2026-10-08T10:11:40.7319426Z Downloading idna-3.20-py3-none-any.whl (69 kB)
2026-10-08T10:11:40.7406322Z Downloading llvmlite-0.45.1-cp312-cp312-manylinux2014_x86_64.manylinux_2_17_x86_64.whl (56.3 MB)
2026-10-08T10:11:41.3288295Z    ━━━━━━━━━━━━━━━━━━━━━━━━━━━━━━━━━━━━━━━━ 56.3/56.3 MB 95.7 MB/s  0:00:00
2026-10-08T10:11:41.3323250Z Downloading urllib3-2.8.0-py3-none-any.whl (135 kB)
2026-10-08T10:11:41.3382336Z Downloading certifi-2026.7.22-py3-none-any.whl (136 kB)
2026-10-08T10:11:41.3438424Z Downloading python_dateutil-2.9.0.post0-py2.py3-none-any.whl (229 kB)
2026-10-08T10:11:41.3495442Z Downloading pytz-2026.5-py2.py3-none-any.whl (506 kB)
2026-10-08T10:11:41.3555779Z Downloading six-1.17.0-py2.py3-none-any.whl (11 kB)
2026-10-08T10:11:41.3606283Z Downloading tzdata-2026.5-py2.py3-none-any.whl (347 kB)
2026-10-08T10:11:41.6365330Z Installing collected packages: pytz, urllib3, tzdata, six, numpy, llvmlite, idna, charset_normalizer, certifi, requests, python-dateutil, numba, pandas
2026-10-08T10:11:52.6477450Z 
2026-10-08T10:11:52.6497845Z Successfully installed certifi-2026.7.22 charset_normalizer-3.5.2 idna-3.20 llvmlite-0.45.1 numba-0.62.1 numpy-2.3.3 pandas-2.3.3 python-dateutil-2.9.0.post0 pytz-2026.5 requests-2.32.5 six-1.17.0 tzdata-2026.5 urllib3-2.8.0
2026-10-08T10:11:52.7513389Z ##[group]Run actions/download-artifact@v4
2026-10-08T10:11:52.7513695Z with:
2026-10-08T10:11:52.7513951Z   pattern: daily-breakdown-intraday-v27-scan-*
2026-10-08T10:11:52.7514257Z   path: parts
2026-10-08T10:11:52.7514472Z   merge-multiple: false
2026-10-08T10:11:52.7514716Z   repository: duuu-hub/bb-scanner
2026-10-08T10:11:52.7514972Z   run-id: 37761086287
2026-10-08T10:11:52.7515181Z env:
2026-10-08T10:11:52.7517912Z   GH_TOKEN: ***
2026-10-08T10:11:52.7518222Z   pythonLocation: /opt/hostedtoolcache/Python/3.12.14/x64
2026-10-08T10:11:52.7518674Z   PKG_CONFIG_PATH: /opt/hostedtoolcache/Python/3.12.14/x64/lib/pkgconfig
2026-10-08T10:11:52.7519096Z   Python_ROOT_DIR: /opt/hostedtoolcache/Python/3.12.14/x64
2026-10-08T10:11:52.7519482Z   Python2_ROOT_DIR: /opt/hostedtoolcache/Python/3.12.14/x64
2026-10-08T10:11:52.7519860Z   Python3_ROOT_DIR: /opt/hostedtoolcache/Python/3.12.14/x64
2026-10-08T10:11:52.7520237Z   LD_LIBRARY_PATH: /opt/hostedtoolcache/Python/3.12.14/x64/lib
2026-10-08T10:11:52.7520602Z ##[endgroup]
2026-10-08T10:11:52.9271844Z (node:2334) [DEP0040] DeprecationWarning: The `punycode` module is deprecated. Please use a userland alternative instead.
2026-10-08T10:11:52.9272701Z (Use `node --trace-deprecation ...` to show where the warning was created)
2026-10-08T10:11:53.1960480Z Found 11 artifact(s)
2026-10-08T10:11:53.1961683Z Filtering artifacts by pattern 'daily-breakdown-intraday-v27-scan-*'
2026-10-08T10:11:53.1983942Z Preparing to download the following artifacts:
2026-10-08T10:11:53.1985201Z - daily-breakdown-intraday-v27-scan-2 (ID: 11542940306, Size: 993880, Expected Digest: sha256:a0c636863079934c5c70ba835d30f6125fa98ecd12991067453593ae119d1867)
2026-10-08T10:11:53.1986420Z - daily-breakdown-intraday-v27-scan-7 (ID: 11542855827, Size: 880240, Expected Digest: sha256:73f857260b52a3a3feacbf8c3263e08b396207d14601b5660e640d068a207df6)
2026-10-08T10:11:53.1987782Z - daily-breakdown-intraday-v27-scan-4 (ID: 11542851005, Size: 2400410, Expected Digest: sha256:24a02ae5c5998635de74fed85b51d5321c2fdb58115969c7f1072fce41aef5eb)
2026-10-08T10:11:53.1988857Z - daily-breakdown-intraday-v27-scan-0 (ID: 11542437176, Size: 1159518, Expected Digest: sha256:17bb9d65e2a87defb7d4a169e1d93e5624a5a19f3c6f19858e3e6880b6d59810)
2026-10-08T10:11:53.1989930Z - daily-breakdown-intraday-v27-scan-6 (ID: 11542272357, Size: 897805, Expected Digest: sha256:ee0dea98388097d3d7401c772c6755e349d22aa6e2cf47c8d3b3c86fa5856bbc)
2026-10-08T10:11:53.1990977Z - daily-breakdown-intraday-v27-scan-1 (ID: 11542247692, Size: 1080607, Expected Digest: sha256:6b1ef0ad37b7ca2e596424a2ababe7f96a31f932b30a7ac7e4496c812410cc22)
2026-10-08T10:11:53.1992238Z - daily-breakdown-intraday-v27-scan-5 (ID: 11541979123, Size: 1125360, Expected Digest: sha256:8ae74372daf18d01a6232baf9c1d1bcdcb42baffccdd9b7ff18f43cbf65186b1)
2026-10-08T10:11:53.1993398Z - daily-breakdown-intraday-v27-scan-3 (ID: 11541589551, Size: 873131, Expected Digest: sha256:c7b02d7a9d7d066ba41e8e247e611400980bbdfbb923ac5faebd83567cda0885)
2026-10-08T10:11:53.4505697Z Redirecting to blob download url: https://productionresultssa4.blob.core.windows.net/actions-results/98d100a2-fb61-8202-8026-5607807f0e12/workflow-job-run-50d29c47-f01a-526c-8bdf-939fc5b29489/artifacts/c672171a93febe480b0e98a560e24da0252dc498850671723b74eb78a4d840b0.zip
2026-10-08T10:11:53.4508220Z Starting download of artifact to: /home/runner/work/bb-scanner/bb-scanner/parts/daily-breakdown-intraday-v27-scan-2
2026-10-08T10:11:53.5881499Z Redirecting to blob download url: https://productionresultssa4.blob.core.windows.net/actions-results/98d100a2-fb61-8202-8026-5607807f0e12/workflow-job-run-c1b324f0-dd23-55b3-83eb-adda64e2542a/artifacts/f4b38043bd3f22e137da3e9983e59187353c83d8e826b221cb734780d682991e.zip
2026-10-08T10:11:53.5882985Z Starting download of artifact to: /home/runner/work/bb-scanner/bb-scanner/parts/daily-breakdown-intraday-v27-scan-6
2026-10-08T10:11:53.5928354Z Redirecting to blob download url: https://productionresultssa4.blob.core.windows.net/actions-results/98d100a2-fb61-8202-8026-5607807f0e12/workflow-job-run-d7dd7542-af21-5c5b-b1f3-7e59491ab03f/artifacts/83159ec54af8e2d6fd0fb7a85d959435365203d6438417f4f1bf428e030b4485.zip
2026-10-08T10:11:53.5930771Z Starting download of artifact to: /home/runner/work/bb-scanner/bb-scanner/parts/daily-breakdown-intraday-v27-scan-0
2026-10-08T10:11:53.5935546Z Redirecting to blob download url: https://productionresultssa4.blob.core.windows.net/actions-results/98d100a2-fb61-8202-8026-5607807f0e12/workflow-job-run-656536ac-acac-54cd-b983-bfff6cd0363e/artifacts/37d9cc6a8585afdae24f300f7188da0c2837a19f6eb790763c130244e5d272b8.zip
2026-10-08T10:11:53.5938480Z Starting download of artifact to: /home/runner/work/bb-scanner/bb-scanner/parts/daily-breakdown-intraday-v27-scan-7
2026-10-08T10:11:53.6006204Z Redirecting to blob download url: https://productionresultssa4.blob.core.windows.net/actions-results/98d100a2-fb61-8202-8026-5607807f0e12/workflow-job-run-85883125-0c89-5481-8573-9c31cfbdb114/artifacts/5ee1b3afec1de98915e3769e97ecbabe410f8806b1e6851db8a3b3b85ef8bfd2.zip
2026-10-08T10:11:53.6008937Z Starting download of artifact to: /home/runner/work/bb-scanner/bb-scanner/parts/daily-breakdown-intraday-v27-scan-4
2026-10-08T10:11:53.6046371Z Redirecting to blob download url: https://productionresultssa4.blob.core.windows.net/actions-results/98d100a2-fb61-8202-8026-5607807f0e12/workflow-job-run-0494cf29-45fd-5732-9b7a-7b049132b106/artifacts/154e484c56d4af4b7e20b28db23f17290f7205f26fcc7355eb67ab53c42c4ab3.zip
2026-10-08T10:11:53.6049409Z Starting download of artifact to: /home/runner/work/bb-scanner/bb-scanner/parts/daily-breakdown-intraday-v27-scan-1
2026-10-08T10:11:53.6280068Z Redirecting to blob download url: https://productionresultssa4.blob.core.windows.net/actions-results/98d100a2-fb61-8202-8026-5607807f0e12/workflow-job-run-c49e8761-0664-587a-8337-f75c95bbde50/artifacts/8694a3b3a54f3051a10e654c6d417016a953548987821f1b3ea60ba814844205.zip
2026-10-08T10:11:53.6281972Z Starting download of artifact to: /home/runner/work/bb-scanner/bb-scanner/parts/daily-breakdown-intraday-v27-scan-3
2026-10-08T10:11:53.6490076Z Redirecting to blob download url: https://productionresultssa4.blob.core.windows.net/actions-results/98d100a2-fb61-8202-8026-5607807f0e12/workflow-job-run-cef9ae8b-3231-51f5-9bd5-2fdf1dad8a12/artifacts/743d9ace10993854455d95f302cd99d241c18c90f9bc8e03ff4c571913be67a1.zip
2026-10-08T10:11:53.6491594Z Starting download of artifact to: /home/runner/work/bb-scanner/bb-scanner/parts/daily-breakdown-intraday-v27-scan-5
2026-10-08T10:11:53.7408143Z (node:2334) [DEP0005] DeprecationWarning: Buffer() is deprecated due to security and usability issues. Please use the Buffer.alloc(), Buffer.allocUnsafe(), or Buffer.from() methods instead.
2026-10-08T10:11:54.2607856Z SHA256 digest of downloaded artifact is a0c636863079934c5c70ba835d30f6125fa98ecd12991067453593ae119d1867
2026-10-08T10:11:54.2608945Z Artifact download completed successfully.
2026-10-08T10:11:54.3379920Z SHA256 digest of downloaded artifact is ee0dea98388097d3d7401c772c6755e349d22aa6e2cf47c8d3b3c86fa5856bbc
2026-10-08T10:11:54.3380943Z Artifact download completed successfully.
2026-10-08T10:11:54.3946447Z SHA256 digest of downloaded artifact is 6b1ef0ad37b7ca2e596424a2ababe7f96a31f932b30a7ac7e4496c812410cc22
2026-10-08T10:11:54.3947124Z Artifact download completed successfully.
2026-10-08T10:11:54.4222009Z SHA256 digest of downloaded artifact is 73f857260b52a3a3feacbf8c3263e08b396207d14601b5660e640d068a207df6
2026-10-08T10:11:54.4222705Z Artifact download completed successfully.
2026-10-08T10:11:54.4462861Z SHA256 digest of downloaded artifact is 8ae74372daf18d01a6232baf9c1d1bcdcb42baffccdd9b7ff18f43cbf65186b1
2026-10-08T10:11:54.4463850Z Artifact download completed successfully.
2026-10-08T10:11:54.4705510Z SHA256 digest of downloaded artifact is 17bb9d65e2a87defb7d4a169e1d93e5624a5a19f3c6f19858e3e6880b6d59810
2026-10-08T10:11:54.4706172Z Artifact download completed successfully.
2026-10-08T10:11:54.5314909Z SHA256 digest of downloaded artifact is c7b02d7a9d7d066ba41e8e247e611400980bbdfbb923ac5faebd83567cda0885
2026-10-08T10:11:54.5316235Z Artifact download completed successfully.
2026-10-08T10:11:54.6321648Z SHA256 digest of downloaded artifact is 24a02ae5c5998635de74fed85b51d5321c2fdb58115969c7f1072fce41aef5eb
2026-10-08T10:11:54.6322733Z Artifact download completed successfully.
2026-10-08T10:11:54.6323367Z Total of 8 artifact(s) downloaded
2026-10-08T10:11:54.6328175Z Download artifact has finished successfully
2026-10-08T10:11:54.6523681Z ##[group]Run actions/download-artifact@v4
2026-10-08T10:11:54.6524056Z with:
2026-10-08T10:11:54.6524346Z   name: daily-breakdown-intraday-v27-market
2026-10-08T10:11:54.6524710Z   path: account-market
2026-10-08T10:11:54.6524996Z   merge-multiple: false
2026-10-08T10:11:54.6525292Z   repository: duuu-hub/bb-scanner
2026-10-08T10:11:54.6525597Z   run-id: 37761086287
2026-10-08T10:11:54.6525873Z env:
2026-10-08T10:11:54.6528794Z   GH_TOKEN: ***
2026-10-08T10:11:54.6529167Z   pythonLocation: /opt/hostedtoolcache/Python/3.12.14/x64
2026-10-08T10:11:54.6529700Z   PKG_CONFIG_PATH: /opt/hostedtoolcache/Python/3.12.14/x64/lib/pkgconfig
2026-10-08T10:11:54.6530187Z   Python_ROOT_DIR: /opt/hostedtoolcache/Python/3.12.14/x64
2026-10-08T10:11:54.6530631Z   Python2_ROOT_DIR: /opt/hostedtoolcache/Python/3.12.14/x64
2026-10-08T10:11:54.6531062Z   Python3_ROOT_DIR: /opt/hostedtoolcache/Python/3.12.14/x64
2026-10-08T10:11:54.6531515Z   LD_LIBRARY_PATH: /opt/hostedtoolcache/Python/3.12.14/x64/lib
2026-10-08T10:11:54.6532167Z ##[endgroup]
2026-10-08T10:11:54.8092469Z Downloading single artifact
2026-10-08T10:11:54.8242805Z (node:2347) [DEP0040] DeprecationWarning: The `punycode` module is deprecated. Please use a userland alternative instead.
2026-10-08T10:11:54.8243625Z (Use `node --trace-deprecation ...` to show where the warning was created)
2026-10-08T10:11:55.0903645Z Preparing to download the following artifacts:
2026-10-08T10:11:55.0905032Z - daily-breakdown-intraday-v27-market (ID: 11542771746, Size: 1378253313, Expected Digest: sha256:1d71ccafec5f709fef4e9c424c28a098503e78c21fc53283bdf2d5ee4a38504a)
2026-10-08T10:11:55.3645994Z Redirecting to blob download url: https://productionresultssa4.blob.core.windows.net/actions-results/98d100a2-fb61-8202-8026-5607807f0e12/workflow-job-run-8ef1f133-5b35-5ae8-98a8-791bb321fa0d/artifacts/708810cd0c6369a0dfbf41c705db2d968328bfc05077395571b1e49b3eeccf9f.zip
2026-10-08T10:11:55.3647658Z Starting download of artifact to: /home/runner/work/bb-scanner/bb-scanner/account-market
2026-10-08T10:11:55.6831339Z (node:2347) [DEP0005] DeprecationWarning: Buffer() is deprecated due to security and usability issues. Please use the Buffer.alloc(), Buffer.allocUnsafe(), or Buffer.from() methods instead.
2026-10-08T10:12:43.6738288Z SHA256 digest of downloaded artifact is 1d71ccafec5f709fef4e9c424c28a098503e78c21fc53283bdf2d5ee4a38504a
2026-10-08T10:12:43.6742397Z Artifact download completed successfully.
2026-10-08T10:12:43.6743031Z Total of 1 artifact(s) downloaded
2026-10-08T10:12:43.6748377Z Download artifact has finished successfully
2026-10-08T10:12:43.6979311Z ##[group]Run set -euo pipefail
2026-10-08T10:12:43.6979702Z [36;1mset -euo pipefail[0m
2026-10-08T10:12:43.6980375Z [36;1mpython scripts/daily_breakdown_intraday_v27.py accounts --data account-market --parts parts --probe-index 3 --out result-3[0m
2026-10-08T10:12:43.7051149Z shell: /usr/bin/bash --noprofile --norc -e -o pipefail {0}
2026-10-08T10:12:43.7051576Z env:
2026-10-08T10:12:43.7054128Z   GH_TOKEN: ***
2026-10-08T10:12:43.7054513Z   pythonLocation: /opt/hostedtoolcache/Python/3.12.14/x64
2026-10-08T10:12:43.7055039Z   PKG_CONFIG_PATH: /opt/hostedtoolcache/Python/3.12.14/x64/lib/pkgconfig
2026-10-08T10:12:43.7055542Z   Python_ROOT_DIR: /opt/hostedtoolcache/Python/3.12.14/x64
2026-10-08T10:12:43.7055997Z   Python2_ROOT_DIR: /opt/hostedtoolcache/Python/3.12.14/x64
2026-10-08T10:12:43.7056440Z   Python3_ROOT_DIR: /opt/hostedtoolcache/Python/3.12.14/x64
2026-10-08T10:12:43.7056888Z   LD_LIBRARY_PATH: /opt/hostedtoolcache/Python/3.12.14/x64/lib
2026-10-08T10:12:43.7057525Z ##[endgroup]
2026-10-08T10:13:52.4822389Z V27_ACCOUNT DEV__DAILY_S-1_D05_ANY_A25__H96__R20__D15__CAPUNLIMITED__20bp__guarded 878 1.8800049472589508
2026-10-08T10:13:54.7764525Z V27_ACCOUNT DEV__DAILY_S-1_D05_ANY_A25__H96__R20__D15__CAPUNLIMITED__20bp__unguarded_diagnostic 878 1.8800049472589508
2026-10-08T10:13:57.0668279Z V27_ACCOUNT DEV__DAILY_S-1_D05_ANY_A25__H96__R20__D15__CAPUNLIMITED__40bp__guarded 878 -3.2659249051217865
2026-10-08T10:13:59.3672766Z V27_ACCOUNT DEV__DAILY_S-1_D05_ANY_A25__H96__R20__D15__CAPUNLIMITED__40bp__unguarded_diagnostic 878 -3.2659249051217865
2026-10-08T10:14:01.0919168Z V27_ACCOUNT DEV__DAILY_S-1_D05_ANY_A25__H96__R20__D15__CAP1__20bp__guarded 330 -0.16735704618732195
2026-10-08T10:14:02.8106845Z V27_ACCOUNT DEV__DAILY_S-1_D05_ANY_A25__H96__R20__D15__CAP1__20bp__unguarded_diagnostic 330 -0.16735704618732195
2026-10-08T10:14:04.5528313Z V27_ACCOUNT DEV__DAILY_S-1_D05_ANY_A25__H96__R20__D15__CAP1__40bp__guarded 330 -2.099383540822697
2026-10-08T10:14:06.2821430Z V27_ACCOUNT DEV__DAILY_S-1_D05_ANY_A25__H96__R20__D15__CAP1__40bp__unguarded_diagnostic 330 -2.099383540822697
2026-10-08T10:14:08.2039328Z V27_ACCOUNT DEV__DAILY_S-1_D05_ANY_A25__H96__R20__D15__CAP2__20bp__guarded 551 -0.14804979117143402
2026-10-08T10:14:10.1221591Z V27_ACCOUNT DEV__DAILY_S-1_D05_ANY_A25__H96__R20__D15__CAP2__20bp__unguarded_diagnostic 551 -0.14804979117143402
2026-10-08T10:14:12.0644986Z V27_ACCOUNT DEV__DAILY_S-1_D05_ANY_A25__H96__R20__D15__CAP2__40bp__guarded 551 -3.3544692023531275
2026-10-08T10:14:13.9953019Z V27_ACCOUNT DEV__DAILY_S-1_D05_ANY_A25__H96__R20__D15__CAP2__40bp__unguarded_diagnostic 551 -3.3544692023531275
2026-10-08T10:14:15.0585564Z V27_ACCOUNT GATE__DAILY_S-1_D05_ANY_A25__H96__R20__D15__CAPUNLIMITED__20bp__guarded 421 1.262444927894113
2026-10-08T10:14:16.1193501Z V27_ACCOUNT GATE__DAILY_S-1_D05_ANY_A25__H96__R20__D15__CAPUNLIMITED__20bp__unguarded_diagnostic 421 1.262444927894113
2026-10-08T10:14:17.1809338Z V27_ACCOUNT GATE__DAILY_S-1_D05_ANY_A25__H96__R20__D15__CAPUNLIMITED__40bp__guarded 421 -1.1547834943823498
2026-10-08T10:14:18.2537861Z V27_ACCOUNT GATE__DAILY_S-1_D05_ANY_A25__H96__R20__D15__CAPUNLIMITED__40bp__unguarded_diagnostic 421 -1.1547834943823498
2026-10-08T10:14:19.0359123Z V27_ACCOUNT GATE__DAILY_S-1_D05_ANY_A25__H96__R20__D15__CAP1__20bp__guarded 154 -0.8167725045005292
2026-10-08T10:14:19.8040461Z V27_ACCOUNT GATE__DAILY_S-1_D05_ANY_A25__H96__R20__D15__CAP1__20bp__unguarded_diagnostic 154 -0.8167725045005292
2026-10-08T10:14:20.5861692Z V27_ACCOUNT GATE__DAILY_S-1_D05_ANY_A25__H96__R20__D15__CAP1__40bp__guarded 154 -1.7059114244271312
2026-10-08T10:14:21.3631358Z V27_ACCOUNT GATE__DAILY_S-1_D05_ANY_A25__H96__R20__D15__CAP1__40bp__unguarded_diagnostic 154 -1.7059114244271312
2026-10-08T10:14:22.2325690Z V27_ACCOUNT GATE__DAILY_S-1_D05_ANY_A25__H96__R20__D15__CAP2__20bp__guarded 261 1.0843518709415578
2026-10-08T10:14:23.1102779Z V27_ACCOUNT GATE__DAILY_S-1_D05_ANY_A25__H96__R20__D15__CAP2__20bp__unguarded_diagnostic 261 1.0843518709415578
2026-10-08T10:14:23.9864421Z V27_ACCOUNT GATE__DAILY_S-1_D05_ANY_A25__H96__R20__D15__CAP2__40bp__guarded 261 -0.41252799163076226
2026-10-08T10:14:24.8601817Z V27_ACCOUNT GATE__DAILY_S-1_D05_ANY_A25__H96__R20__D15__CAP2__40bp__unguarded_diagnostic 261 -0.41252799163076226
2026-10-08T10:14:24.9580780Z ##[group]Run set -euo pipefail
2026-10-08T10:14:24.9581193Z [36;1mset -euo pipefail[0m
2026-10-08T10:14:24.9582055Z [36;1mpython scripts/research_evidence_archive.py archive --source result-3 --kind V27-account-probe-3 --out research/daily-breakdown-intraday-v27/run-37761086287/account-probe-3[0m
2026-10-08T10:14:24.9582919Z [36;1mgit config user.name "github-actions[bot]"[0m
2026-10-08T10:14:24.9583454Z [36;1mgit config user.email "41898282+github-actions[bot]@users.noreply.github.com"[0m
2026-10-08T10:14:24.9584137Z [36;1mgit checkout -b "research-daily-breakdown-intraday-v27-account-probe-3-37761086287"[0m
2026-10-08T10:14:24.9584871Z [36;1mgit add "research/daily-breakdown-intraday-v27/run-37761086287/account-probe-3"[0m
2026-10-08T10:14:24.9585525Z [36;1mgit commit -m "Preserve V27 original account-probe-3 partition for run 37761086287"[0m
2026-10-08T10:14:24.9586027Z [36;1mgit push origin HEAD[0m
2026-10-08T10:14:24.9656982Z shell: /usr/bin/bash --noprofile --norc -e -o pipefail {0}
2026-10-08T10:14:24.9657625Z env:
2026-10-08T10:14:24.9660168Z   GH_TOKEN: ***
2026-10-08T10:14:24.9660530Z   pythonLocation: /opt/hostedtoolcache/Python/3.12.14/x64
2026-10-08T10:14:24.9661040Z   PKG_CONFIG_PATH: /opt/hostedtoolcache/Python/3.12.14/x64/lib/pkgconfig
2026-10-08T10:14:24.9661546Z   Python_ROOT_DIR: /opt/hostedtoolcache/Python/3.12.14/x64
2026-10-08T10:14:24.9661990Z   Python2_ROOT_DIR: /opt/hostedtoolcache/Python/3.12.14/x64
2026-10-08T10:14:24.9662449Z   Python3_ROOT_DIR: /opt/hostedtoolcache/Python/3.12.14/x64
2026-10-08T10:14:24.9662933Z   LD_LIBRARY_PATH: /opt/hostedtoolcache/Python/3.12.14/x64/lib
2026-10-08T10:14:24.9663330Z ##[endgroup]
2026-10-08T10:14:25.3509415Z EVIDENCE_ARCHIVED V27-account-probe-3 78 files 18696663 bytes
2026-10-08T10:14:25.4105683Z Switched to a new branch 'research-daily-breakdown-intraday-v27-account-probe-3-37761086287'
2026-10-08T10:14:25.9847432Z [research-daily-breakdown-intraday-v27-account-probe-3-37761086287 5560ae7] Preserve V27 original account-probe-3 partition for run 37761086287
2026-10-08T10:14:25.9848643Z  79 files changed, 17011 insertions(+)
2026-10-08T10:14:25.9849551Z  create mode 100644 research/daily-breakdown-intraday-v27/run-37761086287/account-probe-3/EVIDENCE_MANIFEST.json
2026-10-08T10:14:25.9851226Z  create mode 100644 research/daily-breakdown-intraday-v27/run-37761086287/account-probe-3/files/audit.json
2026-10-08T10:14:25.9852481Z  create mode 100644 research/daily-breakdown-intraday-v27/run-37761086287/account-probe-3/files/cluster_diagnostics.json
2026-10-08T10:14:25.9854211Z  create mode 100644 research/daily-breakdown-intraday-v27/run-37761086287/account-probe-3/files/details/DEV__DAILY_S-1_D05_ANY_A25__H96__R20__D15__CAP1__20bp__guarded/curve.csv.gz
2026-10-08T10:14:25.9856195Z  create mode 100644 research/daily-breakdown-intraday-v27/run-37761086287/account-probe-3/files/details/DEV__DAILY_S-1_D05_ANY_A25__H96__R20__D15__CAP1__20bp__guarded/daily.csv
2026-10-08T10:14:25.9858454Z  create mode 100644 research/daily-breakdown-intraday-v27/run-37761086287/account-probe-3/files/details/DEV__DAILY_S-1_D05_ANY_A25__H96__R20__D15__CAP1__20bp__guarded/trades.csv.gz
2026-10-08T10:14:25.9860586Z  create mode 100644 research/daily-breakdown-intraday-v27/run-37761086287/account-probe-3/files/details/DEV__DAILY_S-1_D05_ANY_A25__H96__R20__D15__CAP1__20bp__unguarded_diagnostic/curve.csv.gz
2026-10-08T10:14:25.9862766Z  create mode 100644 research/daily-breakdown-intraday-v27/run-37761086287/account-probe-3/files/details/DEV__DAILY_S-1_D05_ANY_A25__H96__R20__D15__CAP1__20bp__unguarded_diagnostic/daily.csv
2026-10-08T10:14:25.9864278Z  create mode 100644 research/daily-breakdown-intraday-v27/run-37761086287/account-probe-3/files/details/DEV__DAILY_S-1_D05_ANY_A25__H96__R20__D15__CAP1__20bp__unguarded_diagnostic/trades.csv.gz
2026-10-08T10:14:25.9865941Z  create mode 100644 research/daily-breakdown-intraday-v27/run-37761086287/account-probe-3/files/details/DEV__DAILY_S-1_D05_ANY_A25__H96__R20__D15__CAP1__40bp__guarded/curve.csv.gz
2026-10-08T10:14:25.9868071Z  create mode 100644 research/daily-breakdown-intraday-v27/run-37761086287/account-probe-3/files/details/DEV__DAILY_S-1_D05_ANY_A25__H96__R20__D15__CAP1__40bp__guarded/daily.csv
2026-10-08T10:14:25.9869893Z  create mode 100644 research/daily-breakdown-intraday-v27/run-37761086287/account-probe-3/files/details/DEV__DAILY_S-1_D05_ANY_A25__H96__R20__D15__CAP1__40bp__guarded/trades.csv.gz
2026-10-08T10:14:25.9871417Z  create mode 100644 research/daily-breakdown-intraday-v27/run-37761086287/account-probe-3/files/details/DEV__DAILY_S-1_D05_ANY_A25__H96__R20__D15__CAP1__40bp__unguarded_diagnostic/curve.csv.gz
2026-10-08T10:14:25.9873580Z  create mode 100644 research/daily-breakdown-intraday-v27/run-37761086287/account-probe-3/files/details/DEV__DAILY_S-1_D05_ANY_A25__H96__R20__D15__CAP1__40bp__unguarded_diagnostic/daily.csv
2026-10-08T10:14:25.9875840Z  create mode 100644 research/daily-breakdown-intraday-v27/run-37761086287/account-probe-3/files/details/DEV__DAILY_S-1_D05_ANY_A25__H96__R20__D15__CAP1__40bp__unguarded_diagnostic/trades.csv.gz
2026-10-08T10:14:25.9878184Z  create mode 100644 research/daily-breakdown-intraday-v27/run-37761086287/account-probe-3/files/details/DEV__DAILY_S-1_D05_ANY_A25__H96__R20__D15__CAP2__20bp__guarded/curve.csv.gz
2026-10-08T10:14:25.9880286Z  create mode 100644 research/daily-breakdown-intraday-v27/run-37761086287/account-probe-3/files/details/DEV__DAILY_S-1_D05_ANY_A25__H96__R20__D15__CAP2__20bp__guarded/daily.csv
2026-10-08T10:14:25.9882397Z  create mode 100644 research/daily-breakdown-intraday-v27/run-37761086287/account-probe-3/files/details/DEV__DAILY_S-1_D05_ANY_A25__H96__R20__D15__CAP2__20bp__guarded/trades.csv.gz
2026-10-08T10:14:25.9884596Z  create mode 100644 research/daily-breakdown-intraday-v27/run-37761086287/account-probe-3/files/details/DEV__DAILY_S-1_D05_ANY_A25__H96__R20__D15__CAP2__20bp__unguarded_diagnostic/curve.csv.gz
2026-10-08T10:14:25.9886872Z  create mode 100644 research/daily-breakdown-intraday-v27/run-37761086287/account-probe-3/files/details/DEV__DAILY_S-1_D05_ANY_A25__H96__R20__D15__CAP2__20bp__unguarded_diagnostic/daily.csv
2026-10-08T10:14:25.9889392Z  create mode 100644 research/daily-breakdown-intraday-v27/run-37761086287/account-probe-3/files/details/DEV__DAILY_S-1_D05_ANY_A25__H96__R20__D15__CAP2__20bp__unguarded_diagnostic/trades.csv.gz
2026-10-08T10:14:25.9891914Z  create mode 100644 research/daily-breakdown-intraday-v27/run-37761086287/account-probe-3/files/details/DEV__DAILY_S-1_D05_ANY_A25__H96__R20__D15__CAP2__40bp__guarded/curve.csv.gz
2026-10-08T10:14:25.9894097Z  create mode 100644 research/daily-breakdown-intraday-v27/run-37761086287/account-probe-3/files/details/DEV__DAILY_S-1_D05_ANY_A25__H96__R20__D15__CAP2__40bp__guarded/daily.csv
2026-10-08T10:14:25.9896128Z  create mode 100644 research/daily-breakdown-intraday-v27/run-37761086287/account-probe-3/files/details/DEV__DAILY_S-1_D05_ANY_A25__H96__R20__D15__CAP2__40bp__guarded/trades.csv.gz
2026-10-08T10:14:25.9898650Z  create mode 100644 research/daily-breakdown-intraday-v27/run-37761086287/account-probe-3/files/details/DEV__DAILY_S-1_D05_ANY_A25__H96__R20__D15__CAP2__40bp__unguarded_diagnostic/curve.csv.gz
2026-10-08T10:14:25.9900889Z  create mode 100644 research/daily-breakdown-intraday-v27/run-37761086287/account-probe-3/files/details/DEV__DAILY_S-1_D05_ANY_A25__H96__R20__D15__CAP2__40bp__unguarded_diagnostic/daily.csv
2026-10-08T10:14:25.9903122Z  create mode 100644 research/daily-breakdown-intraday-v27/run-37761086287/account-probe-3/files/details/DEV__DAILY_S-1_D05_ANY_A25__H96__R20__D15__CAP2__40bp__unguarded_diagnostic/trades.csv.gz
2026-10-08T10:14:25.9905420Z  create mode 100644 research/daily-breakdown-intraday-v27/run-37761086287/account-probe-3/files/details/DEV__DAILY_S-1_D05_ANY_A25__H96__R20__D15__CAPUNLIMITED__20bp__guarded/curve.csv.gz
2026-10-08T10:14:25.9907933Z  create mode 100644 research/daily-breakdown-intraday-v27/run-37761086287/account-probe-3/files/details/DEV__DAILY_S-1_D05_ANY_A25__H96__R20__D15__CAPUNLIMITED__20bp__guarded/daily.csv
2026-10-08T10:14:25.9910461Z  create mode 100644 research/daily-breakdown-intraday-v27/run-37761086287/account-probe-3/files/details/DEV__DAILY_S-1_D05_ANY_A25__H96__R20__D15__CAPUNLIMITED__20bp__guarded/trades.csv.gz
2026-10-08T10:14:25.9912796Z  create mode 100644 research/daily-breakdown-intraday-v27/run-37761086287/account-probe-3/files/details/DEV__DAILY_S-1_D05_ANY_A25__H96__R20__D15__CAPUNLIMITED__20bp__unguarded_diagnostic/curve.csv.gz
2026-10-08T10:14:25.9915199Z  create mode 100644 research/daily-breakdown-intraday-v27/run-37761086287/account-probe-3/files/details/DEV__DAILY_S-1_D05_ANY_A25__H96__R20__D15__CAPUNLIMITED__20bp__unguarded_diagnostic/daily.csv
2026-10-08T10:14:25.9917876Z  create mode 100644 research/daily-breakdown-intraday-v27/run-37761086287/account-probe-3/files/details/DEV__DAILY_S-1_D05_ANY_A25__H96__R20__D15__CAPUNLIMITED__20bp__unguarded_diagnostic/trades.csv.gz
2026-10-08T10:14:25.9920259Z  create mode 100644 research/daily-breakdown-intraday-v27/run-37761086287/account-probe-3/files/details/DEV__DAILY_S-1_D05_ANY_A25__H96__R20__D15__CAPUNLIMITED__40bp__guarded/curve.csv.gz
2026-10-08T10:14:25.9922508Z  create mode 100644 research/daily-breakdown-intraday-v27/run-37761086287/account-probe-3/files/details/DEV__DAILY_S-1_D05_ANY_A25__H96__R20__D15__CAPUNLIMITED__40bp__guarded/daily.csv
2026-10-08T10:14:25.9924751Z  create mode 100644 research/daily-breakdown-intraday-v27/run-37761086287/account-probe-3/files/details/DEV__DAILY_S-1_D05_ANY_A25__H96__R20__D15__CAPUNLIMITED__40bp__guarded/trades.csv.gz
2026-10-08T10:14:25.9927099Z  create mode 100644 research/daily-breakdown-intraday-v27/run-37761086287/account-probe-3/files/details/DEV__DAILY_S-1_D05_ANY_A25__H96__R20__D15__CAPUNLIMITED__40bp__unguarded_diagnostic/curve.csv.gz
2026-10-08T10:14:25.9929751Z  create mode 100644 research/daily-breakdown-intraday-v27/run-37761086287/account-probe-3/files/details/DEV__DAILY_S-1_D05_ANY_A25__H96__R20__D15__CAPUNLIMITED__40bp__unguarded_diagnostic/daily.csv
2026-10-08T10:14:25.9932172Z  create mode 100644 research/daily-breakdown-intraday-v27/run-37761086287/account-probe-3/files/details/DEV__DAILY_S-1_D05_ANY_A25__H96__R20__D15__CAPUNLIMITED__40bp__unguarded_diagnostic/trades.csv.gz
2026-10-08T10:14:25.9934477Z  create mode 100644 research/daily-breakdown-intraday-v27/run-37761086287/account-probe-3/files/details/GATE__DAILY_S-1_D05_ANY_A25__H96__R20__D15__CAP1__20bp__guarded/curve.csv.gz
2026-10-08T10:14:25.9936913Z  create mode 100644 research/daily-breakdown-intraday-v27/run-37761086287/account-probe-3/files/details/GATE__DAILY_S-1_D05_ANY_A25__H96__R20__D15__CAP1__20bp__guarded/daily.csv
2026-10-08T10:14:25.9939323Z  create mode 100644 research/daily-breakdown-intraday-v27/run-37761086287/account-probe-3/files/details/GATE__DAILY_S-1_D05_ANY_A25__H96__R20__D15__CAP1__20bp__guarded/trades.csv.gz
2026-10-08T10:14:25.9941557Z  create mode 100644 research/daily-breakdown-intraday-v27/run-37761086287/account-probe-3/files/details/GATE__DAILY_S-1_D05_ANY_A25__H96__R20__D15__CAP1__20bp__unguarded_diagnostic/curve.csv.gz
2026-10-08T10:14:25.9943794Z  create mode 100644 research/daily-breakdown-intraday-v27/run-37761086287/account-probe-3/files/details/GATE__DAILY_S-1_D05_ANY_A25__H96__R20__D15__CAP1__20bp__unguarded_diagnostic/daily.csv
2026-10-08T10:14:25.9946030Z  create mode 100644 research/daily-breakdown-intraday-v27/run-37761086287/account-probe-3/files/details/GATE__DAILY_S-1_D05_ANY_A25__H96__R20__D15__CAP1__20bp__unguarded_diagnostic/trades.csv.gz
2026-10-08T10:14:25.9948392Z  create mode 100644 research/daily-breakdown-intraday-v27/run-37761086287/account-probe-3/files/details/GATE__DAILY_S-1_D05_ANY_A25__H96__R20__D15__CAP1__40bp__guarded/curve.csv.gz
2026-10-08T10:14:25.9950555Z  create mode 100644 research/daily-breakdown-intraday-v27/run-37761086287/account-probe-3/files/details/GATE__DAILY_S-1_D05_ANY_A25__H96__R20__D15__CAP1__40bp__guarded/daily.csv
2026-10-08T10:14:25.9953034Z  create mode 100644 research/daily-breakdown-intraday-v27/run-37761086287/account-probe-3/files/details/GATE__DAILY_S-1_D05_ANY_A25__H96__R20__D15__CAP1__40bp__guarded/trades.csv.gz
2026-10-08T10:14:25.9955323Z  create mode 100644 research/daily-breakdown-intraday-v27/run-37761086287/account-probe-3/files/details/GATE__DAILY_S-1_D05_ANY_A25__H96__R20__D15__CAP1__40bp__unguarded_diagnostic/curve.csv.gz
2026-10-08T10:14:25.9957950Z  create mode 100644 research/daily-breakdown-intraday-v27/run-37761086287/account-probe-3/files/details/GATE__DAILY_S-1_D05_ANY_A25__H96__R20__D15__CAP1__40bp__unguarded_diagnostic/daily.csv
2026-10-08T10:14:25.9960319Z  create mode 100644 research/daily-breakdown-intraday-v27/run-37761086287/account-probe-3/files/details/GATE__DAILY_S-1_D05_ANY_A25__H96__R20__D15__CAP1__40bp__unguarded_diagnostic/trades.csv.gz
2026-10-08T10:14:25.9962586Z  create mode 100644 research/daily-breakdown-intraday-v27/run-37761086287/account-probe-3/files/details/GATE__DAILY_S-1_D05_ANY_A25__H96__R20__D15__CAP2__20bp__guarded/curve.csv.gz
2026-10-08T10:14:25.9964771Z  create mode 100644 research/daily-breakdown-intraday-v27/run-37761086287/account-probe-3/files/details/GATE__DAILY_S-1_D05_ANY_A25__H96__R20__D15__CAP2__20bp__guarded/daily.csv
2026-10-08T10:14:25.9966970Z  create mode 100644 research/daily-breakdown-intraday-v27/run-37761086287/account-probe-3/files/details/GATE__DAILY_S-1_D05_ANY_A25__H96__R20__D15__CAP2__20bp__guarded/trades.csv.gz
2026-10-08T10:14:25.9969358Z  create mode 100644 research/daily-breakdown-intraday-v27/run-37761086287/account-probe-3/files/details/GATE__DAILY_S-1_D05_ANY_A25__H96__R20__D15__CAP2__20bp__unguarded_diagnostic/curve.csv.gz
2026-10-08T10:14:25.9971561Z  create mode 100644 research/daily-breakdown-intraday-v27/run-37761086287/account-probe-3/files/details/GATE__DAILY_S-1_D05_ANY_A25__H96__R20__D15__CAP2__20bp__unguarded_diagnostic/daily.csv
2026-10-08T10:14:25.9973849Z  create mode 100644 research/daily-breakdown-intraday-v27/run-37761086287/account-probe-3/files/details/GATE__DAILY_S-1_D05_ANY_A25__H96__R20__D15__CAP2__20bp__unguarded_diagnostic/trades.csv.gz
2026-10-08T10:14:25.9976022Z  create mode 100644 research/daily-breakdown-intraday-v27/run-37761086287/account-probe-3/files/details/GATE__DAILY_S-1_D05_ANY_A25__H96__R20__D15__CAP2__40bp__guarded/curve.csv.gz
2026-10-08T10:14:25.9978444Z  create mode 100644 research/daily-breakdown-intraday-v27/run-37761086287/account-probe-3/files/details/GATE__DAILY_S-1_D05_ANY_A25__H96__R20__D15__CAP2__40bp__guarded/daily.csv
2026-10-08T10:14:25.9980833Z  create mode 100644 research/daily-breakdown-intraday-v27/run-37761086287/account-probe-3/files/details/GATE__DAILY_S-1_D05_ANY_A25__H96__R20__D15__CAP2__40bp__guarded/trades.csv.gz
2026-10-08T10:14:25.9982181Z  create mode 100644 research/daily-breakdown-intraday-v27/run-37761086287/account-probe-3/files/details/GATE__DAILY_S-1_D05_ANY_A25__H96__R20__D15__CAP2__40bp__unguarded_diagnostic/curve.csv.gz
2026-10-08T10:14:25.9983508Z  create mode 100644 research/daily-breakdown-intraday-v27/run-37761086287/account-probe-3/files/details/GATE__DAILY_S-1_D05_ANY_A25__H96__R20__D15__CAP2__40bp__unguarded_diagnostic/daily.csv
2026-10-08T10:14:25.9984799Z  create mode 100644 research/daily-breakdown-intraday-v27/run-37761086287/account-probe-3/files/details/GATE__DAILY_S-1_D05_ANY_A25__H96__R20__D15__CAP2__40bp__unguarded_diagnostic/trades.csv.gz
2026-10-08T10:14:25.9986241Z  create mode 100644 research/daily-breakdown-intraday-v27/run-37761086287/account-probe-3/files/details/GATE__DAILY_S-1_D05_ANY_A25__H96__R20__D15__CAPUNLIMITED__20bp__guarded/curve.csv.gz
2026-10-08T10:14:25.9987881Z  create mode 100644 research/daily-breakdown-intraday-v27/run-37761086287/account-probe-3/files/details/GATE__DAILY_S-1_D05_ANY_A25__H96__R20__D15__CAPUNLIMITED__20bp__guarded/daily.csv
2026-10-08T10:14:25.9989163Z  create mode 100644 research/daily-breakdown-intraday-v27/run-37761086287/account-probe-3/files/details/GATE__DAILY_S-1_D05_ANY_A25__H96__R20__D15__CAPUNLIMITED__20bp__guarded/trades.csv.gz
2026-10-08T10:14:25.9990971Z  create mode 100644 research/daily-breakdown-intraday-v27/run-37761086287/account-probe-3/files/details/GATE__DAILY_S-1_D05_ANY_A25__H96__R20__D15__CAPUNLIMITED__20bp__unguarded_diagnostic/curve.csv.gz
2026-10-08T10:14:25.9992336Z  create mode 100644 research/daily-breakdown-intraday-v27/run-37761086287/account-probe-3/files/details/GATE__DAILY_S-1_D05_ANY_A25__H96__R20__D15__CAPUNLIMITED__20bp__unguarded_diagnostic/daily.csv
2026-10-08T10:14:25.9993654Z  create mode 100644 research/daily-breakdown-intraday-v27/run-37761086287/account-probe-3/files/details/GATE__DAILY_S-1_D05_ANY_A25__H96__R20__D15__CAPUNLIMITED__20bp__unguarded_diagnostic/trades.csv.gz
2026-10-08T10:14:25.9994938Z  create mode 100644 research/daily-breakdown-intraday-v27/run-37761086287/account-probe-3/files/details/GATE__DAILY_S-1_D05_ANY_A25__H96__R20__D15__CAPUNLIMITED__40bp__guarded/curve.csv.gz
2026-10-08T10:14:25.9996164Z  create mode 100644 research/daily-breakdown-intraday-v27/run-37761086287/account-probe-3/files/details/GATE__DAILY_S-1_D05_ANY_A25__H96__R20__D15__CAPUNLIMITED__40bp__guarded/daily.csv
2026-10-08T10:14:25.9997637Z  create mode 100644 research/daily-breakdown-intraday-v27/run-37761086287/account-probe-3/files/details/GATE__DAILY_S-1_D05_ANY_A25__H96__R20__D15__CAPUNLIMITED__40bp__guarded/trades.csv.gz
2026-10-08T10:14:25.9998925Z  create mode 100644 research/daily-breakdown-intraday-v27/run-37761086287/account-probe-3/files/details/GATE__DAILY_S-1_D05_ANY_A25__H96__R20__D15__CAPUNLIMITED__40bp__unguarded_diagnostic/curve.csv.gz
2026-10-08T10:14:26.0000228Z  create mode 100644 research/daily-breakdown-intraday-v27/run-37761086287/account-probe-3/files/details/GATE__DAILY_S-1_D05_ANY_A25__H96__R20__D15__CAPUNLIMITED__40bp__unguarded_diagnostic/daily.csv
2026-10-08T10:14:26.0001547Z  create mode 100644 research/daily-breakdown-intraday-v27/run-37761086287/account-probe-3/files/details/GATE__DAILY_S-1_D05_ANY_A25__H96__R20__D15__CAPUNLIMITED__40bp__unguarded_diagnostic/trades.csv.gz
2026-10-08T10:14:26.0002625Z  create mode 100644 research/daily-breakdown-intraday-v27/run-37761086287/account-probe-3/files/result_manifest.json
2026-10-08T10:14:26.0003424Z  create mode 100644 research/daily-breakdown-intraday-v27/run-37761086287/account-probe-3/files/summary.csv
2026-10-08T10:14:26.0004193Z  create mode 100644 research/daily-breakdown-intraday-v27/run-37761086287/account-probe-3/files/summary.json
2026-10-08T10:14:26.0005163Z  create mode 100644 research/daily-breakdown-intraday-v27/run-37761086287/account-probe-3/files/year_quarter.csv
2026-10-08T10:14:30.8595308Z remote: 
2026-10-08T10:14:30.8596597Z remote: Create a pull request for 'research-daily-breakdown-intraday-v27-account-probe-3-37761086287' on GitHub by visiting:        
2026-10-08T10:14:30.8598504Z remote:      https://github.com/duuu-hub/bb-scanner/pull/new/research-daily-breakdown-intraday-v27-account-probe-3-37761086287        
2026-10-08T10:14:30.8599603Z remote: 
2026-10-08T10:14:30.8611833Z To https://github.com/duuu-hub/bb-scanner
2026-10-08T10:14:30.8612767Z  * [new branch]      HEAD -> research-daily-breakdown-intraday-v27-account-probe-3-37761086287
2026-10-08T10:14:30.8729472Z ##[group]Run actions/upload-artifact@v4
2026-10-08T10:14:30.8729833Z with:
2026-10-08T10:14:30.8730136Z   name: daily-breakdown-intraday-v27-results-3
2026-10-08T10:14:30.8730493Z   path: result-3/
2026-10-08T10:14:30.8730777Z   retention-days: 30
2026-10-08T10:14:30.8731059Z   compression-level: 0
2026-10-08T10:14:30.8731341Z   if-no-files-found: warn
2026-10-08T10:14:30.8731633Z   overwrite: false
2026-10-08T10:14:30.8731909Z   include-hidden-files: false
2026-10-08T10:14:30.8732206Z env:
2026-10-08T10:14:30.8734660Z   GH_TOKEN: ***
2026-10-08T10:14:30.8735027Z   pythonLocation: /opt/hostedtoolcache/Python/3.12.14/x64
2026-10-08T10:14:30.8735544Z   PKG_CONFIG_PATH: /opt/hostedtoolcache/Python/3.12.14/x64/lib/pkgconfig
2026-10-08T10:14:30.8736037Z   Python_ROOT_DIR: /opt/hostedtoolcache/Python/3.12.14/x64
2026-10-08T10:14:30.8736488Z   Python2_ROOT_DIR: /opt/hostedtoolcache/Python/3.12.14/x64
2026-10-08T10:14:30.8737104Z   Python3_ROOT_DIR: /opt/hostedtoolcache/Python/3.12.14/x64
2026-10-08T10:14:30.8737752Z   LD_LIBRARY_PATH: /opt/hostedtoolcache/Python/3.12.14/x64/lib
2026-10-08T10:14:30.8738140Z ##[endgroup]
2026-10-08T10:14:31.0545971Z (node:2423) [DEP0040] DeprecationWarning: The `punycode` module is deprecated. Please use a userland alternative instead.
2026-10-08T10:14:31.0547561Z (Use `node --trace-deprecation ...` to show where the warning was created)
2026-10-08T10:14:31.0881857Z With the provided path, there will be 78 files uploaded
2026-10-08T10:14:31.0883204Z Artifact name is valid!
2026-10-08T10:14:31.0883870Z Root directory input is valid!
2026-10-08T10:14:31.4682519Z Beginning upload of artifact content to blob storage
2026-10-08T10:14:31.5410404Z (node:2423) [DEP0169] DeprecationWarning: `url.parse()` behavior is not standardized and prone to errors that have security implications. Use the WHATWG URL API instead. CVEs are not issued for `url.parse()` vulnerabilities.
2026-10-08T10:14:32.5230148Z Uploaded bytes 8388608
2026-10-08T10:14:32.5275190Z Uploaded bytes 16777216
2026-10-08T10:14:32.6585738Z Uploaded bytes 18717295
2026-10-08T10:14:32.7380437Z Finished uploading artifact content to blob storage!
2026-10-08T10:14:32.7381418Z SHA256 digest of uploaded artifact zip is 3ee26724a9080549a3ad202290a0087750d8efc53e1d51a146d8cc769d7b15d3
2026-10-08T10:14:32.7383094Z Finalizing artifact upload
2026-10-08T10:14:32.9743589Z Artifact daily-breakdown-intraday-v27-results-3.zip successfully finalized. Artifact ID 11542472740
2026-10-08T10:14:32.9744688Z Artifact daily-breakdown-intraday-v27-results-3 has been successfully uploaded! Final size is 18717295 bytes. Artifact ID is 11542472740
2026-10-08T10:14:32.9751384Z Artifact download URL: https://github.com/duuu-hub/bb-scanner/actions/runs/37761086287/artifacts/11542472740
2026-10-08T10:14:32.9970558Z Post job cleanup.
2026-10-08T10:14:33.1304415Z (node:2436) [DEP0040] DeprecationWarning: The `punycode` module is deprecated. Please use a userland alternative instead.
2026-10-08T10:14:33.1305681Z (Use `node --trace-deprecation ...` to show where the warning was created)
2026-10-08T10:14:33.1525552Z Post job cleanup.
2026-10-08T10:14:33.2479285Z [command]/usr/bin/git version
2026-10-08T10:14:33.2521101Z git version 2.55.0
2026-10-08T10:14:33.2561406Z Temporarily overriding HOME='/home/runner/work/_temp/60a6c9ff-6a55-451d-bf81-b71801bdf76e' before making global git config changes
2026-10-08T10:14:33.2563545Z Adding repository directory to the temporary git global config as a safe directory
2026-10-08T10:14:33.2568032Z [command]/usr/bin/git config --global --add safe.directory /home/runner/work/bb-scanner/bb-scanner
2026-10-08T10:14:33.2612444Z [command]/usr/bin/git config --local --name-only --get-regexp core\.sshCommand
2026-10-08T10:14:33.2652112Z [command]/usr/bin/git submodule foreach --recursive sh -c "git config --local --name-only --get-regexp 'core\.sshCommand' && git config --local --unset-all 'core.sshCommand' || :"
2026-10-08T10:14:33.2952643Z [command]/usr/bin/git config --local --name-only --get-regexp http\.https\:\/\/github\.com\/\.extraheader
2026-10-08T10:14:33.2980295Z http.https://github.com/.extraheader
2026-10-08T10:14:33.3003372Z [command]/usr/bin/git config --local --unset-all http.https://github.com/.extraheader
2026-10-08T10:14:33.3040172Z [command]/usr/bin/git submodule foreach --recursive sh -c "git config --local --name-only --get-regexp 'http\.https\:\/\/github\.com\/\.extraheader' && git config --local --unset-all 'http.https://github.com/.extraheader' || :"
2026-10-08T10:14:33.3395987Z [command]/usr/bin/git config --local --name-only --get-regexp ^includeIf\.gitdir:
2026-10-08T10:14:33.3448845Z [command]/usr/bin/git submodule foreach --recursive git config --local --show-origin --name-only --get-regexp remote.origin.url
2026-10-08T10:14:33.3926225Z Cleaning up orphan processes
2026-10-08T10:14:33.4253822Z ##[warning]Node.js 20 is deprecated. The following actions target Node.js 20 but are being forced to run on Node.js 24: actions/checkout@v4, actions/download-artifact@v4, actions/setup-python@v5, actions/upload-artifact@v4. For more information see: https://github.blog/changelog/2025-09-19-deprecation-of-node-20-on-github-actions-runners/
