2026-10-08T10:06:40.9934131Z Current runner version: '2.337.0'
2026-10-08T10:06:40.9959119Z ##[group]Runner Image Provisioner
2026-10-08T10:06:40.9960053Z Hosted Compute Agent
2026-10-08T10:06:40.9960789Z Version: 20261002.596
2026-10-08T10:06:40.9961591Z Commit: c3d12f3313a95f25162a1503be624f3b0617f8c0
2026-10-08T10:06:40.9962383Z Build Date: 2026-10-02T22:28:27Z
2026-10-08T10:06:40.9963592Z Worker ID: {feee7e22-adf4-413a-a049-945748d995fa}
2026-10-08T10:06:40.9964398Z Region: westus
2026-10-08T10:06:40.9965131Z Cloud: Azure
2026-10-08T10:06:40.9965782Z ##[endgroup]
2026-10-08T10:06:40.9967493Z ##[group]Operating System
2026-10-08T10:06:40.9968645Z Ubuntu
2026-10-08T10:06:40.9969249Z 24.04.5
2026-10-08T10:06:40.9969838Z LTS
2026-10-08T10:06:40.9970557Z ##[endgroup]
2026-10-08T10:06:40.9971180Z ##[group]Runner Image
2026-10-08T10:06:40.9971892Z Image: ubuntu-24.04
2026-10-08T10:06:40.9972528Z Version: 20261004.327.1
2026-10-08T10:06:40.9974278Z Included Software: https://github.com/actions/runner-images/blob/ubuntu24/20261004.327/images/ubuntu/Ubuntu2404-Readme.md
2026-10-08T10:06:40.9975928Z Image Release: https://github.com/actions/runner-images/releases/tag/ubuntu24%2F20261004.327
2026-10-08T10:06:40.9977049Z ##[endgroup]
2026-10-08T10:06:40.9978294Z ##[group]GITHUB_TOKEN Permissions
2026-10-08T10:06:40.9980645Z Actions: read
2026-10-08T10:06:40.9981326Z Contents: write
2026-10-08T10:06:40.9981944Z Metadata: read
2026-10-08T10:06:40.9982634Z ##[endgroup]
2026-10-08T10:06:40.9984945Z Secret source: Actions
2026-10-08T10:06:40.9986121Z Cache mode: write
2026-10-08T10:06:40.9986965Z Prepare workflow directory
2026-10-08T10:06:41.0517760Z Prepare all required actions
2026-10-08T10:06:41.0565947Z Getting action download info
2026-10-08T10:06:41.4210462Z Download action repository 'actions/checkout@v4' (SHA:11d5960a326750d5838078e36cf38b85af677262)
2026-10-08T10:06:41.5229877Z Download action repository 'actions/setup-python@v5' (SHA:a26af69be951a213d495a4c3e4e4022e16d87065)
2026-10-08T10:06:41.5992602Z Download action repository 'actions/cache@v4' (SHA:0057852bfaa89a56745cba8c7296529d2fc39830)
2026-10-08T10:06:41.6899707Z Download action repository 'actions/upload-artifact@v4' (SHA:ea165f8d65b6e75b540449e92b4886f43607fa02)
2026-10-08T10:06:41.9014547Z Complete job name: scan (5)
2026-10-08T10:06:41.9774060Z ##[group]Run actions/checkout@v4
2026-10-08T10:06:41.9774980Z with:
2026-10-08T10:06:41.9775486Z   repository: duuu-hub/bb-scanner
2026-10-08T10:06:41.9779185Z   token: ***
2026-10-08T10:06:41.9779682Z   ssh-strict: true
2026-10-08T10:06:41.9780182Z   ssh-user: git
2026-10-08T10:06:41.9780692Z   persist-credentials: true
2026-10-08T10:06:41.9781235Z   clean: true
2026-10-08T10:06:41.9781741Z   sparse-checkout-cone-mode: true
2026-10-08T10:06:41.9782319Z   fetch-depth: 1
2026-10-08T10:06:41.9783047Z   fetch-tags: false
2026-10-08T10:06:41.9783553Z   show-progress: true
2026-10-08T10:06:41.9784060Z   lfs: false
2026-10-08T10:06:41.9784529Z   submodules: false
2026-10-08T10:06:41.9785038Z   set-safe-directory: true
2026-10-08T10:06:41.9785597Z   allow-unsafe-pr-checkout: false
2026-10-08T10:06:41.9786455Z env:
2026-10-08T10:06:41.9790065Z   GH_TOKEN: ***
2026-10-08T10:06:41.9790582Z ##[endgroup]
2026-10-08T10:06:42.0797104Z Syncing repository: duuu-hub/bb-scanner
2026-10-08T10:06:42.0799672Z ##[group]Getting Git version info
2026-10-08T10:06:42.0800887Z Working directory is '/home/runner/work/bb-scanner/bb-scanner'
2026-10-08T10:06:42.0802672Z [command]/usr/bin/git version
2026-10-08T10:06:42.0858862Z git version 2.55.0
2026-10-08T10:06:42.0885009Z ##[endgroup]
2026-10-08T10:06:42.0902533Z Temporarily overriding HOME='/home/runner/work/_temp/3d7273d0-1d1c-43df-a1a7-3acca9c173b1' before making global git config changes
2026-10-08T10:06:42.0905758Z Adding repository directory to the temporary git global config as a safe directory
2026-10-08T10:06:42.0909575Z [command]/usr/bin/git config --global --add safe.directory /home/runner/work/bb-scanner/bb-scanner
2026-10-08T10:06:42.0990510Z Deleting the contents of '/home/runner/work/bb-scanner/bb-scanner'
2026-10-08T10:06:42.0993242Z ##[group]Initializing the repository
2026-10-08T10:06:42.0994730Z [command]/usr/bin/git init /home/runner/work/bb-scanner/bb-scanner
2026-10-08T10:06:42.1117768Z hint: Using 'master' as the name for the initial branch. This default branch name
2026-10-08T10:06:42.1133963Z hint: will change to "main" in Git 3.0. To configure the initial branch name
2026-10-08T10:06:42.1135853Z hint: to use in all of your new repositories, which will suppress this warning,
2026-10-08T10:06:42.1137355Z hint: call:
2026-10-08T10:06:42.1138310Z hint:
2026-10-08T10:06:42.1139412Z hint: 	git config --global init.defaultBranch <name>
2026-10-08T10:06:42.1140646Z hint:
2026-10-08T10:06:42.1141874Z hint: Names commonly chosen instead of 'master' are 'main', 'trunk' and
2026-10-08T10:06:42.1152618Z hint: 'development'. The just-created branch can be renamed via this command:
2026-10-08T10:06:42.1154476Z hint:
2026-10-08T10:06:42.1155360Z hint: 	git branch -m <name>
2026-10-08T10:06:42.1156329Z hint:
2026-10-08T10:06:42.1157572Z hint: Disable this message with "git config set advice.defaultBranchName false"
2026-10-08T10:06:42.1159684Z Initialized empty Git repository in /home/runner/work/bb-scanner/bb-scanner/.git/
2026-10-08T10:06:42.1166280Z [command]/usr/bin/git remote add origin https://github.com/duuu-hub/bb-scanner
2026-10-08T10:06:42.1244369Z ##[endgroup]
2026-10-08T10:06:42.1246006Z ##[group]Disabling automatic garbage collection
2026-10-08T10:06:42.1247315Z [command]/usr/bin/git config --local gc.auto 0
2026-10-08T10:06:42.1277351Z ##[endgroup]
2026-10-08T10:06:42.1278767Z ##[group]Setting up auth
2026-10-08T10:06:42.1280139Z [command]/usr/bin/git config --local --name-only --get-regexp core\.sshCommand
2026-10-08T10:06:42.1319418Z [command]/usr/bin/git submodule foreach --recursive sh -c "git config --local --name-only --get-regexp 'core\.sshCommand' && git config --local --unset-all 'core.sshCommand' || :"
2026-10-08T10:06:42.1758454Z [command]/usr/bin/git config --local --name-only --get-regexp http\.https\:\/\/github\.com\/\.extraheader
2026-10-08T10:06:42.1805644Z [command]/usr/bin/git submodule foreach --recursive sh -c "git config --local --name-only --get-regexp 'http\.https\:\/\/github\.com\/\.extraheader' && git config --local --unset-all 'http.https://github.com/.extraheader' || :"
2026-10-08T10:06:42.2043919Z [command]/usr/bin/git config --local --name-only --get-regexp ^includeIf\.gitdir:
2026-10-08T10:06:42.2080998Z [command]/usr/bin/git submodule foreach --recursive git config --local --show-origin --name-only --get-regexp remote.origin.url
2026-10-08T10:06:42.2308102Z [command]/usr/bin/git config --local http.https://github.com/.extraheader AUTHORIZATION: basic ***
2026-10-08T10:06:42.2351563Z ##[endgroup]
2026-10-08T10:06:42.2352526Z ##[group]Fetching the repository
2026-10-08T10:06:42.2361877Z [command]/usr/bin/git -c protocol.version=2 fetch --no-tags --prune --no-recurse-submodules --depth=1 origin +fbf329c27f4bff0d7f99febbbd4a14768ce2024a:refs/remotes/origin/research-daily-breakdown-intraday-v27
2026-10-08T10:06:43.1946680Z From https://github.com/duuu-hub/bb-scanner
2026-10-08T10:06:43.1950630Z  * [new ref]         fbf329c27f4bff0d7f99febbbd4a14768ce2024a -> origin/research-daily-breakdown-intraday-v27
2026-10-08T10:06:43.1958368Z ##[endgroup]
2026-10-08T10:06:43.1961260Z ##[group]Determining the checkout info
2026-10-08T10:06:43.1964685Z ##[endgroup]
2026-10-08T10:06:43.1966679Z [command]/usr/bin/git sparse-checkout disable
2026-10-08T10:06:43.2019555Z [command]/usr/bin/git config --local --unset-all extensions.worktreeConfig
2026-10-08T10:06:43.2054498Z ##[group]Checking out the ref
2026-10-08T10:06:43.2065666Z [command]/usr/bin/git checkout --progress --force -B research-daily-breakdown-intraday-v27 refs/remotes/origin/research-daily-breakdown-intraday-v27
2026-10-08T10:06:43.4462325Z Switched to a new branch 'research-daily-breakdown-intraday-v27'
2026-10-08T10:06:43.4463646Z branch 'research-daily-breakdown-intraday-v27' set up to track 'origin/research-daily-breakdown-intraday-v27'.
2026-10-08T10:06:43.4466196Z ##[endgroup]
2026-10-08T10:06:43.4515506Z [command]/usr/bin/git log -1 --format=%H
2026-10-08T10:06:43.4543285Z fbf329c27f4bff0d7f99febbbd4a14768ce2024a
2026-10-08T10:06:43.4815240Z ##[group]Run actions/setup-python@v5
2026-10-08T10:06:43.4815721Z with:
2026-10-08T10:06:43.4816060Z   python-version: 3.12
2026-10-08T10:06:43.4816416Z   check-latest: false
2026-10-08T10:06:43.4818919Z   token: ***
2026-10-08T10:06:43.4819278Z   update-environment: true
2026-10-08T10:06:43.4819663Z   allow-prereleases: false
2026-10-08T10:06:43.4820030Z   freethreaded: false
2026-10-08T10:06:43.4820362Z env:
2026-10-08T10:06:43.4823086Z   GH_TOKEN: ***
2026-10-08T10:06:43.4823450Z ##[endgroup]
2026-10-08T10:06:43.6135936Z ##[group]Installed versions
2026-10-08T10:06:43.6272003Z (node:2296) [DEP0040] DeprecationWarning: The `punycode` module is deprecated. Please use a userland alternative instead.
2026-10-08T10:06:43.6273885Z (Use `node --trace-deprecation ...` to show where the warning was created)
2026-10-08T10:06:43.6274909Z Successfully set up CPython (3.12.15)
2026-10-08T10:06:43.6276062Z ##[endgroup]
2026-10-08T10:06:43.6431813Z ##[group]Run set -euo pipefail
2026-10-08T10:06:43.6432351Z [36;1mset -euo pipefail[0m
2026-10-08T10:06:43.6433205Z [36;1mpip install pandas==2.3.3 numpy==2.3.3 numba==0.62.1 requests==2.32.5[0m
2026-10-08T10:06:43.6753331Z shell: /usr/bin/bash --noprofile --norc -e -o pipefail {0}
2026-10-08T10:06:43.6753893Z env:
2026-10-08T10:06:43.6756582Z   GH_TOKEN: ***
2026-10-08T10:06:43.6757028Z   pythonLocation: /opt/hostedtoolcache/Python/3.12.15/x64
2026-10-08T10:06:43.6757645Z   PKG_CONFIG_PATH: /opt/hostedtoolcache/Python/3.12.15/x64/lib/pkgconfig
2026-10-08T10:06:43.6758219Z   Python_ROOT_DIR: /opt/hostedtoolcache/Python/3.12.15/x64
2026-10-08T10:06:43.6758735Z   Python2_ROOT_DIR: /opt/hostedtoolcache/Python/3.12.15/x64
2026-10-08T10:06:43.6759254Z   Python3_ROOT_DIR: /opt/hostedtoolcache/Python/3.12.15/x64
2026-10-08T10:06:43.6759780Z   LD_LIBRARY_PATH: /opt/hostedtoolcache/Python/3.12.15/x64/lib
2026-10-08T10:06:43.6760266Z ##[endgroup]
2026-10-08T10:06:44.6287708Z Collecting pandas==2.3.3
2026-10-08T10:06:44.6745806Z   Downloading pandas-2.3.3-cp312-cp312-manylinux_2_24_x86_64.manylinux_2_28_x86_64.whl.metadata (91 kB)
2026-10-08T10:06:44.9855600Z Collecting numpy==2.3.3
2026-10-08T10:06:44.9896420Z   Downloading numpy-2.3.3-cp312-cp312-manylinux_2_27_x86_64.manylinux_2_28_x86_64.whl.metadata (62 kB)
2026-10-08T10:06:45.1136295Z Collecting numba==0.62.1
2026-10-08T10:06:45.1189604Z   Downloading numba-0.62.1-cp312-cp312-manylinux2014_x86_64.manylinux_2_17_x86_64.whl.metadata (2.8 kB)
2026-10-08T10:06:45.1556624Z Collecting requests==2.32.5
2026-10-08T10:06:45.1584040Z   Downloading requests-2.32.5-py3-none-any.whl.metadata (4.9 kB)
2026-10-08T10:06:45.1793704Z Collecting python-dateutil>=2.8.2 (from pandas==2.3.3)
2026-10-08T10:06:45.1821259Z   Downloading python_dateutil-2.9.0.post0-py2.py3-none-any.whl.metadata (8.4 kB)
2026-10-08T10:06:45.2285850Z Collecting pytz>=2020.1 (from pandas==2.3.3)
2026-10-08T10:06:45.2313850Z   Downloading pytz-2026.5-py2.py3-none-any.whl.metadata (22 kB)
2026-10-08T10:06:45.2523746Z Collecting tzdata>=2022.7 (from pandas==2.3.3)
2026-10-08T10:06:45.2550586Z   Downloading tzdata-2026.5-py2.py3-none-any.whl.metadata (1.4 kB)
2026-10-08T10:06:45.3187123Z Collecting llvmlite<0.46,>=0.45.0dev0 (from numba==0.62.1)
2026-10-08T10:06:45.3223529Z   Downloading llvmlite-0.45.1-cp312-cp312-manylinux2014_x86_64.manylinux_2_17_x86_64.whl.metadata (4.9 kB)
2026-10-08T10:06:45.4623017Z Collecting charset_normalizer<4,>=2 (from requests==2.32.5)
2026-10-08T10:06:45.4661453Z   Downloading charset_normalizer-3.5.2-cp312-cp312-manylinux2014_x86_64.manylinux_2_17_x86_64.manylinux_2_28_x86_64.whl.metadata (46 kB)
2026-10-08T10:06:45.4897036Z Collecting idna<4,>=2.5 (from requests==2.32.5)
2026-10-08T10:06:45.4926062Z   Downloading idna-3.20-py3-none-any.whl.metadata (7.2 kB)
2026-10-08T10:06:45.5207771Z Collecting urllib3<3,>=1.21.1 (from requests==2.32.5)
2026-10-08T10:06:45.5234825Z   Downloading urllib3-2.8.0-py3-none-any.whl.metadata (7.4 kB)
2026-10-08T10:06:45.5477763Z Collecting certifi>=2017.4.17 (from requests==2.32.5)
2026-10-08T10:06:45.5504806Z   Downloading certifi-2026.7.22-py3-none-any.whl.metadata (2.5 kB)
2026-10-08T10:06:45.5708698Z Collecting six>=1.5 (from python-dateutil>=2.8.2->pandas==2.3.3)
2026-10-08T10:06:45.5734630Z   Downloading six-1.17.0-py2.py3-none-any.whl.metadata (1.7 kB)
2026-10-08T10:06:45.5809449Z Downloading pandas-2.3.3-cp312-cp312-manylinux_2_24_x86_64.manylinux_2_28_x86_64.whl (12.4 MB)
2026-10-08T10:06:45.6375962Z    ━━━━━━━━━━━━━━━━━━━━━━━━━━━━━━━━━━━━━━━━ 12.4/12.4 MB 231.8 MB/s  0:00:00
2026-10-08T10:06:45.6425551Z Downloading numpy-2.3.3-cp312-cp312-manylinux_2_27_x86_64.manylinux_2_28_x86_64.whl (16.6 MB)
2026-10-08T10:06:45.7283359Z    ━━━━━━━━━━━━━━━━━━━━━━━━━━━━━━━━━━━━━━━━ 16.6/16.6 MB 197.9 MB/s  0:00:00
2026-10-08T10:06:45.7322066Z Downloading numba-0.62.1-cp312-cp312-manylinux2014_x86_64.manylinux_2_17_x86_64.whl (3.8 MB)
2026-10-08T10:06:45.7475811Z    ━━━━━━━━━━━━━━━━━━━━━━━━━━━━━━━━━━━━━━━━ 3.8/3.8 MB 273.8 MB/s  0:00:00
2026-10-08T10:06:45.7500367Z Downloading requests-2.32.5-py3-none-any.whl (64 kB)
2026-10-08T10:06:45.7550380Z Downloading charset_normalizer-3.5.2-cp312-cp312-manylinux2014_x86_64.manylinux_2_17_x86_64.manylinux_2_28_x86_64.whl (257 kB)
2026-10-08T10:06:45.7598331Z Downloading idna-3.20-py3-none-any.whl (69 kB)
2026-10-08T10:06:45.7650081Z Downloading llvmlite-0.45.1-cp312-cp312-manylinux2014_x86_64.manylinux_2_17_x86_64.whl (56.3 MB)
2026-10-08T10:06:45.9965163Z    ━━━━━━━━━━━━━━━━━━━━━━━━━━━━━━━━━━━━━━━━ 56.3/56.3 MB 244.4 MB/s  0:00:00
2026-10-08T10:06:45.9992458Z Downloading urllib3-2.8.0-py3-none-any.whl (135 kB)
2026-10-08T10:06:46.0039941Z Downloading certifi-2026.7.22-py3-none-any.whl (136 kB)
2026-10-08T10:06:46.0086065Z Downloading python_dateutil-2.9.0.post0-py2.py3-none-any.whl (229 kB)
2026-10-08T10:06:46.0135322Z Downloading pytz-2026.5-py2.py3-none-any.whl (506 kB)
2026-10-08T10:06:46.0189912Z Downloading six-1.17.0-py2.py3-none-any.whl (11 kB)
2026-10-08T10:06:46.0233396Z Downloading tzdata-2026.5-py2.py3-none-any.whl (347 kB)
2026-10-08T10:06:46.2629222Z Installing collected packages: pytz, urllib3, tzdata, six, numpy, llvmlite, idna, charset_normalizer, certifi, requests, python-dateutil, numba, pandas
2026-10-08T10:06:56.5023908Z 
2026-10-08T10:06:56.5043161Z Successfully installed certifi-2026.7.22 charset_normalizer-3.5.2 idna-3.20 llvmlite-0.45.1 numba-0.62.1 numpy-2.3.3 pandas-2.3.3 python-dateutil-2.9.0.post0 pytz-2026.5 requests-2.32.5 six-1.17.0 tzdata-2026.5 urllib3-2.8.0
2026-10-08T10:06:56.5845029Z ##[group]Run actions/cache@v4
2026-10-08T10:06:56.5845377Z with:
2026-10-08T10:06:56.5845639Z   path: data
2026-10-08T10:06:56.5845934Z   key: frozen-source-36095439671-15m-shard-5
2026-10-08T10:06:56.5846307Z   enableCrossOsArchive: false
2026-10-08T10:06:56.5846632Z   fail-on-cache-miss: false
2026-10-08T10:06:56.5846938Z   lookup-only: false
2026-10-08T10:06:56.5847224Z   save-always: false
2026-10-08T10:06:56.5847510Z env:
2026-10-08T10:06:56.5849918Z   GH_TOKEN: ***
2026-10-08T10:06:56.5850283Z   pythonLocation: /opt/hostedtoolcache/Python/3.12.15/x64
2026-10-08T10:06:56.5850798Z   PKG_CONFIG_PATH: /opt/hostedtoolcache/Python/3.12.15/x64/lib/pkgconfig
2026-10-08T10:06:56.5851296Z   Python_ROOT_DIR: /opt/hostedtoolcache/Python/3.12.15/x64
2026-10-08T10:06:56.5851751Z   Python2_ROOT_DIR: /opt/hostedtoolcache/Python/3.12.15/x64
2026-10-08T10:06:56.5852200Z   Python3_ROOT_DIR: /opt/hostedtoolcache/Python/3.12.15/x64
2026-10-08T10:06:56.5852874Z   LD_LIBRARY_PATH: /opt/hostedtoolcache/Python/3.12.15/x64/lib
2026-10-08T10:06:56.5853280Z ##[endgroup]
2026-10-08T10:06:56.6929326Z (node:2339) [DEP0040] DeprecationWarning: The `punycode` module is deprecated. Please use a userland alternative instead.
2026-10-08T10:06:56.6930286Z (Use `node --trace-deprecation ...` to show where the warning was created)
2026-10-08T10:06:56.9388235Z Cache not found for input keys: frozen-source-36095439671-15m-shard-5
2026-10-08T10:06:56.9482196Z ##[group]Run set -euo pipefail
2026-10-08T10:06:56.9482601Z [36;1mset -euo pipefail[0m
2026-10-08T10:06:56.9483121Z [36;1mif [ '' != 'true' ]; then[0m
2026-10-08T10:06:56.9483708Z [36;1m gh run download 36095439671 -R duuu-hub/bb-scanner -n rank5-binance-um-15m-5y-data-shard-5 -D data[0m
2026-10-08T10:06:56.9484279Z [36;1mfi[0m
2026-10-08T10:06:56.9484695Z [36;1mgh run download 36858492497 -R duuu-hub/bb-scanner -n day-edge-v2-btc -D btc[0m
2026-10-08T10:06:56.9485509Z [36;1mgh run download 36095439671 -R duuu-hub/bb-scanner -n rank5-binance-um-15m-5y-manifest-shard-5 -D source-manifest[0m
2026-10-08T10:06:56.9486778Z [36;1mpython scripts/research_evidence_archive.py verify-source --data data --manifests source-manifest --baseline research/path-efficiency-resumption-v23/FROZEN_INPUT_HASHES.json --out source-check.json[0m
2026-10-08T10:06:56.9553123Z shell: /usr/bin/bash --noprofile --norc -e -o pipefail {0}
2026-10-08T10:06:56.9553565Z env:
2026-10-08T10:06:56.9556059Z   GH_TOKEN: ***
2026-10-08T10:06:56.9556429Z   pythonLocation: /opt/hostedtoolcache/Python/3.12.15/x64
2026-10-08T10:06:56.9556950Z   PKG_CONFIG_PATH: /opt/hostedtoolcache/Python/3.12.15/x64/lib/pkgconfig
2026-10-08T10:06:56.9557457Z   Python_ROOT_DIR: /opt/hostedtoolcache/Python/3.12.15/x64
2026-10-08T10:06:56.9557921Z   Python2_ROOT_DIR: /opt/hostedtoolcache/Python/3.12.15/x64
2026-10-08T10:06:56.9558377Z   Python3_ROOT_DIR: /opt/hostedtoolcache/Python/3.12.15/x64
2026-10-08T10:06:56.9558846Z   LD_LIBRARY_PATH: /opt/hostedtoolcache/Python/3.12.15/x64/lib
2026-10-08T10:06:56.9559247Z ##[endgroup]
2026-10-08T10:07:17.3795452Z FROZEN_SOURCE_VERIFIED 107 files 37 prior SHA256 matches
2026-10-08T10:07:17.4259283Z ##[group]Run actions/cache@v4
2026-10-08T10:07:17.4259641Z with:
2026-10-08T10:07:17.4259928Z   path: cache/verified-1m
2026-10-08T10:07:17.4260282Z   key: daily-breakdown-intraday-v27-1m-shard-5
2026-10-08T10:07:17.4260903Z   restore-keys: daily-channel-breakout-v25-dev-1m-shard-5
taker-absorption-release-v12-dev-1m-shard-5
2026-10-08T10:07:17.4261518Z   enableCrossOsArchive: false
2026-10-08T10:07:17.4261845Z   fail-on-cache-miss: false
2026-10-08T10:07:17.4262150Z   lookup-only: false
2026-10-08T10:07:17.4262434Z   save-always: false
2026-10-08T10:07:17.4281949Z env:
2026-10-08T10:07:17.4285029Z   GH_TOKEN: ***
2026-10-08T10:07:17.4285426Z   pythonLocation: /opt/hostedtoolcache/Python/3.12.15/x64
2026-10-08T10:07:17.4285957Z   PKG_CONFIG_PATH: /opt/hostedtoolcache/Python/3.12.15/x64/lib/pkgconfig
2026-10-08T10:07:17.4286468Z   Python_ROOT_DIR: /opt/hostedtoolcache/Python/3.12.15/x64
2026-10-08T10:07:17.4286923Z   Python2_ROOT_DIR: /opt/hostedtoolcache/Python/3.12.15/x64
2026-10-08T10:07:17.4287417Z   Python3_ROOT_DIR: /opt/hostedtoolcache/Python/3.12.15/x64
2026-10-08T10:07:17.4287879Z   LD_LIBRARY_PATH: /opt/hostedtoolcache/Python/3.12.15/x64/lib
2026-10-08T10:07:17.4288275Z ##[endgroup]
2026-10-08T10:07:17.5327164Z (node:2382) [DEP0040] DeprecationWarning: The `punycode` module is deprecated. Please use a userland alternative instead.
2026-10-08T10:07:17.5328190Z (Use `node --trace-deprecation ...` to show where the warning was created)
2026-10-08T10:07:17.7744589Z Cache not found for input keys: daily-breakdown-intraday-v27-1m-shard-5, daily-channel-breakout-v25-dev-1m-shard-5, taker-absorption-release-v12-dev-1m-shard-5
2026-10-08T10:07:17.7860993Z ##[group]Run set -euo pipefail
2026-10-08T10:07:17.7861388Z [36;1mset -euo pipefail[0m
2026-10-08T10:07:17.7861720Z [36;1mfor stage in DEV GATE; do[0m
2026-10-08T10:07:17.7862597Z [36;1m python scripts/daily_breakdown_intraday_v27.py scan --stage "$stage" --data data --btc btc/BTCUSDT.csv.gz --source-check source-check.json --out scan-5/"$stage" --cache cache/verified-1m[0m
2026-10-08T10:07:17.7863953Z [36;1mdone[0m
2026-10-08T10:07:17.7927085Z shell: /usr/bin/bash --noprofile --norc -e -o pipefail {0}
2026-10-08T10:07:17.7927505Z env:
2026-10-08T10:07:17.7929853Z   GH_TOKEN: ***
2026-10-08T10:07:17.7930216Z   pythonLocation: /opt/hostedtoolcache/Python/3.12.15/x64
2026-10-08T10:07:17.7930903Z   PKG_CONFIG_PATH: /opt/hostedtoolcache/Python/3.12.15/x64/lib/pkgconfig
2026-10-08T10:07:17.7931413Z   Python_ROOT_DIR: /opt/hostedtoolcache/Python/3.12.15/x64
2026-10-08T10:07:17.7931870Z   Python2_ROOT_DIR: /opt/hostedtoolcache/Python/3.12.15/x64
2026-10-08T10:07:17.7932351Z   Python3_ROOT_DIR: /opt/hostedtoolcache/Python/3.12.15/x64
2026-10-08T10:07:17.7933107Z   LD_LIBRARY_PATH: /opt/hostedtoolcache/Python/3.12.15/x64/lib
2026-10-08T10:07:17.7933518Z ##[endgroup]
2026-10-08T10:07:36.7424222Z V27_SCAN DEV 48 107 2872
2026-10-08T10:07:47.6353299Z V27_SCAN DEV 80 107 5409
2026-10-08T10:07:57.7507687Z V27_SCAN_COMPLETE DEV 7698 32
2026-10-08T10:08:23.3424407Z V27_SCAN GATE 48 107 935
2026-10-08T10:08:37.7696956Z V27_SCAN GATE 80 107 1557
2026-10-08T10:08:51.5289779Z V27_SCAN_COMPLETE GATE 2479 43
2026-10-08T10:08:51.5851577Z ##[group]Run set -euo pipefail
2026-10-08T10:08:51.5851982Z [36;1mset -euo pipefail[0m
2026-10-08T10:08:51.5853065Z [36;1mpython scripts/research_evidence_archive.py archive --source scan-5 --kind V27-scan-shard-5 --out research/daily-breakdown-intraday-v27/run-37761086287/scan-shard-5[0m
2026-10-08T10:08:51.5853964Z [36;1mgit config user.name "github-actions[bot]"[0m
2026-10-08T10:08:51.5854501Z [36;1mgit config user.email "41898282+github-actions[bot]@users.noreply.github.com"[0m
2026-10-08T10:08:51.5855184Z [36;1mgit checkout -b "research-daily-breakdown-intraday-v27-scan-shard-5-37761086287"[0m
2026-10-08T10:08:51.5855876Z [36;1mgit add "research/daily-breakdown-intraday-v27/run-37761086287/scan-shard-5"[0m
2026-10-08T10:08:51.5856524Z [36;1mgit commit -m "Preserve V27 original scan-shard-5 partition for run 37761086287"[0m
2026-10-08T10:08:51.5857031Z [36;1mgit push origin HEAD[0m
2026-10-08T10:08:51.5920917Z shell: /usr/bin/bash --noprofile --norc -e -o pipefail {0}
2026-10-08T10:08:51.5921338Z env:
2026-10-08T10:08:51.5923956Z   GH_TOKEN: ***
2026-10-08T10:08:51.5924324Z   pythonLocation: /opt/hostedtoolcache/Python/3.12.15/x64
2026-10-08T10:08:51.5924862Z   PKG_CONFIG_PATH: /opt/hostedtoolcache/Python/3.12.15/x64/lib/pkgconfig
2026-10-08T10:08:51.5925367Z   Python_ROOT_DIR: /opt/hostedtoolcache/Python/3.12.15/x64
2026-10-08T10:08:51.5925818Z   Python2_ROOT_DIR: /opt/hostedtoolcache/Python/3.12.15/x64
2026-10-08T10:08:51.5926279Z   Python3_ROOT_DIR: /opt/hostedtoolcache/Python/3.12.15/x64
2026-10-08T10:08:51.5926739Z   LD_LIBRARY_PATH: /opt/hostedtoolcache/Python/3.12.15/x64/lib
2026-10-08T10:08:51.5927132Z ##[endgroup]
2026-10-08T10:08:51.9111293Z EVIDENCE_ARCHIVED V27-scan-shard-5 16 files 1123154 bytes
2026-10-08T10:08:51.9566327Z Switched to a new branch 'research-daily-breakdown-intraday-v27-scan-shard-5-37761086287'
2026-10-08T10:08:52.1593067Z [research-daily-breakdown-intraday-v27-scan-shard-5-37761086287 3ae9c7d] Preserve V27 original scan-shard-5 partition for run 37761086287
2026-10-08T10:08:52.1594417Z  17 files changed, 6729 insertions(+)
2026-10-08T10:08:52.1595377Z  create mode 100644 research/daily-breakdown-intraday-v27/run-37761086287/scan-shard-5/EVIDENCE_MANIFEST.json
2026-10-08T10:08:52.1596293Z  create mode 100644 research/daily-breakdown-intraday-v27/run-37761086287/scan-shard-5/files/DEV/exclusions.csv
2026-10-08T10:08:52.1597181Z  create mode 100644 research/daily-breakdown-intraday-v27/run-37761086287/scan-shard-5/files/DEV/frozen_context.json
2026-10-08T10:08:52.1598104Z  create mode 100644 research/daily-breakdown-intraday-v27/run-37761086287/scan-shard-5/files/DEV/independent_candidates.csv.gz
2026-10-08T10:08:52.1599012Z  create mode 100644 research/daily-breakdown-intraday-v27/run-37761086287/scan-shard-5/files/DEV/minute_inputs.json
2026-10-08T10:08:52.1599873Z  create mode 100644 research/daily-breakdown-intraday-v27/run-37761086287/scan-shard-5/files/DEV/minute_slices.json
2026-10-08T10:08:52.1600727Z  create mode 100644 research/daily-breakdown-intraday-v27/run-37761086287/scan-shard-5/files/DEV/registry.json
2026-10-08T10:08:52.1601555Z  create mode 100644 research/daily-breakdown-intraday-v27/run-37761086287/scan-shard-5/files/DEV/scan_meta.json
2026-10-08T10:08:52.1602614Z  create mode 100644 research/daily-breakdown-intraday-v27/run-37761086287/scan-shard-5/files/DEV/source_check.json
2026-10-08T10:08:52.1603740Z  create mode 100644 research/daily-breakdown-intraday-v27/run-37761086287/scan-shard-5/files/GATE/exclusions.csv
2026-10-08T10:08:52.1604593Z  create mode 100644 research/daily-breakdown-intraday-v27/run-37761086287/scan-shard-5/files/GATE/frozen_context.json
2026-10-08T10:08:52.1605503Z  create mode 100644 research/daily-breakdown-intraday-v27/run-37761086287/scan-shard-5/files/GATE/independent_candidates.csv.gz
2026-10-08T10:08:52.1606406Z  create mode 100644 research/daily-breakdown-intraday-v27/run-37761086287/scan-shard-5/files/GATE/minute_inputs.json
2026-10-08T10:08:52.1607460Z  create mode 100644 research/daily-breakdown-intraday-v27/run-37761086287/scan-shard-5/files/GATE/minute_slices.json
2026-10-08T10:08:52.1608313Z  create mode 100644 research/daily-breakdown-intraday-v27/run-37761086287/scan-shard-5/files/GATE/registry.json
2026-10-08T10:08:52.1609137Z  create mode 100644 research/daily-breakdown-intraday-v27/run-37761086287/scan-shard-5/files/GATE/scan_meta.json
2026-10-08T10:08:52.1609967Z  create mode 100644 research/daily-breakdown-intraday-v27/run-37761086287/scan-shard-5/files/GATE/source_check.json
2026-10-08T10:08:56.1780305Z remote: 
2026-10-08T10:08:56.1781385Z remote: Create a pull request for 'research-daily-breakdown-intraday-v27-scan-shard-5-37761086287' on GitHub by visiting:        
2026-10-08T10:08:56.1783371Z remote:      https://github.com/duuu-hub/bb-scanner/pull/new/research-daily-breakdown-intraday-v27-scan-shard-5-37761086287        
2026-10-08T10:08:56.1784428Z remote: 
2026-10-08T10:08:56.1795615Z To https://github.com/duuu-hub/bb-scanner
2026-10-08T10:08:56.1796305Z  * [new branch]      HEAD -> research-daily-breakdown-intraday-v27-scan-shard-5-37761086287
2026-10-08T10:08:56.1898454Z ##[group]Run actions/upload-artifact@v4
2026-10-08T10:08:56.1898838Z with:
2026-10-08T10:08:56.1899144Z   name: daily-breakdown-intraday-v27-scan-5
2026-10-08T10:08:56.1899510Z   path: scan-5/
2026-10-08T10:08:56.1899796Z   retention-days: 30
2026-10-08T10:08:56.1900100Z   compression-level: 0
2026-10-08T10:08:56.1900399Z   if-no-files-found: warn
2026-10-08T10:08:56.1900698Z   overwrite: false
2026-10-08T10:08:56.1900983Z   include-hidden-files: false
2026-10-08T10:08:56.1901289Z env:
2026-10-08T10:08:56.1904318Z   GH_TOKEN: ***
2026-10-08T10:08:56.1904710Z   pythonLocation: /opt/hostedtoolcache/Python/3.12.15/x64
2026-10-08T10:08:56.1905223Z   PKG_CONFIG_PATH: /opt/hostedtoolcache/Python/3.12.15/x64/lib/pkgconfig
2026-10-08T10:08:56.1905746Z   Python_ROOT_DIR: /opt/hostedtoolcache/Python/3.12.15/x64
2026-10-08T10:08:56.1906198Z   Python2_ROOT_DIR: /opt/hostedtoolcache/Python/3.12.15/x64
2026-10-08T10:08:56.1906642Z   Python3_ROOT_DIR: /opt/hostedtoolcache/Python/3.12.15/x64
2026-10-08T10:08:56.1907125Z   LD_LIBRARY_PATH: /opt/hostedtoolcache/Python/3.12.15/x64/lib
2026-10-08T10:08:56.1907525Z ##[endgroup]
2026-10-08T10:08:56.3542968Z (node:2448) [DEP0040] DeprecationWarning: The `punycode` module is deprecated. Please use a userland alternative instead.
2026-10-08T10:08:56.3543862Z (Use `node --trace-deprecation ...` to show where the warning was created)
2026-10-08T10:08:56.3667046Z With the provided path, there will be 16 files uploaded
2026-10-08T10:08:56.3672306Z Artifact name is valid!
2026-10-08T10:08:56.3673150Z Root directory input is valid!
2026-10-08T10:08:56.7518011Z Beginning upload of artifact content to blob storage
2026-10-08T10:08:56.7951604Z (node:2448) [DEP0169] DeprecationWarning: `url.parse()` behavior is not standardized and prone to errors that have security implications. Use the WHATWG URL API instead. CVEs are not issued for `url.parse()` vulnerabilities.
2026-10-08T10:08:57.5556990Z Uploaded bytes 1125360
2026-10-08T10:08:57.6383353Z Finished uploading artifact content to blob storage!
2026-10-08T10:08:57.6384678Z SHA256 digest of uploaded artifact zip is 8ae74372daf18d01a6232baf9c1d1bcdcb42baffccdd9b7ff18f43cbf65186b1
2026-10-08T10:08:57.6386470Z Finalizing artifact upload
2026-10-08T10:08:57.9093490Z Artifact daily-breakdown-intraday-v27-scan-5.zip successfully finalized. Artifact ID 11541979123
2026-10-08T10:08:57.9094917Z Artifact daily-breakdown-intraday-v27-scan-5 has been successfully uploaded! Final size is 1125360 bytes. Artifact ID is 11541979123
2026-10-08T10:08:57.9100586Z Artifact download URL: https://github.com/duuu-hub/bb-scanner/actions/runs/37761086287/artifacts/11541979123
2026-10-08T10:08:57.9265980Z Post job cleanup.
2026-10-08T10:08:58.0302851Z (node:2461) [DEP0040] DeprecationWarning: The `punycode` module is deprecated. Please use a userland alternative instead.
2026-10-08T10:08:58.0303911Z (Use `node --trace-deprecation ...` to show where the warning was created)
2026-10-08T10:08:58.0423343Z [warning]Path Validation Error: Path(s) specified in the action for caching do(es) not exist, hence no cache is being saved.
2026-10-08T10:08:58.0547209Z Post job cleanup.
2026-10-08T10:08:58.1642385Z (node:2474) [DEP0040] DeprecationWarning: The `punycode` module is deprecated. Please use a userland alternative instead.
2026-10-08T10:08:58.1644459Z (Use `node --trace-deprecation ...` to show where the warning was created)
2026-10-08T10:08:58.1853374Z [command]/usr/bin/tar --posix -cf cache.tzst --exclude cache.tzst -P -C /home/runner/work/bb-scanner/bb-scanner --files-from manifest.txt --use-compress-program zstdmt
2026-10-08T10:08:58.7624840Z (node:2474) [DEP0169] DeprecationWarning: `url.parse()` behavior is not standardized and prone to errors that have security implications. Use the WHATWG URL API instead. CVEs are not issued for `url.parse()` vulnerabilities.
2026-10-08T10:08:59.7497668Z Sent 0 of 252769304 (0.0%), 0.0 MBs/sec
2026-10-08T10:09:00.7516972Z Sent 67108864 of 252769304 (26.5%), 32.0 MBs/sec
2026-10-08T10:09:00.9252026Z Sent 252769304 of 252769304 (100.0%), 110.8 MBs/sec
2026-10-08T10:09:01.1145033Z Cache saved with key: frozen-source-36095439671-15m-shard-5
2026-10-08T10:09:01.1265229Z Post job cleanup.
2026-10-08T10:09:01.2489628Z (node:2494) [DEP0040] DeprecationWarning: The `punycode` module is deprecated. Please use a userland alternative instead.
2026-10-08T10:09:01.2490966Z (Use `node --trace-deprecation ...` to show where the warning was created)
2026-10-08T10:09:01.2699153Z Post job cleanup.
2026-10-08T10:09:01.3663343Z [command]/usr/bin/git version
2026-10-08T10:09:01.3709548Z git version 2.55.0
2026-10-08T10:09:01.3753357Z Temporarily overriding HOME='/home/runner/work/_temp/ada8d8f3-7fce-4dc0-8013-060e7ff763dc' before making global git config changes
2026-10-08T10:09:01.3754918Z Adding repository directory to the temporary git global config as a safe directory
2026-10-08T10:09:01.3759971Z [command]/usr/bin/git config --global --add safe.directory /home/runner/work/bb-scanner/bb-scanner
2026-10-08T10:09:01.3803443Z [command]/usr/bin/git config --local --name-only --get-regexp core\.sshCommand
2026-10-08T10:09:01.3839992Z [command]/usr/bin/git submodule foreach --recursive sh -c "git config --local --name-only --get-regexp 'core\.sshCommand' && git config --local --unset-all 'core.sshCommand' || :"
2026-10-08T10:09:01.4098027Z [command]/usr/bin/git config --local --name-only --get-regexp http\.https\:\/\/github\.com\/\.extraheader
2026-10-08T10:09:01.4130855Z http.https://github.com/.extraheader
2026-10-08T10:09:01.4145804Z [command]/usr/bin/git config --local --unset-all http.https://github.com/.extraheader
2026-10-08T10:09:01.4181850Z [command]/usr/bin/git submodule foreach --recursive sh -c "git config --local --name-only --get-regexp 'http\.https\:\/\/github\.com\/\.extraheader' && git config --local --unset-all 'http.https://github.com/.extraheader' || :"
2026-10-08T10:09:01.4443731Z [command]/usr/bin/git config --local --name-only --get-regexp ^includeIf\.gitdir:
2026-10-08T10:09:01.4483823Z [command]/usr/bin/git submodule foreach --recursive git config --local --show-origin --name-only --get-regexp remote.origin.url
2026-10-08T10:09:01.4923216Z Cleaning up orphan processes
2026-10-08T10:09:01.5217880Z ##[warning]Node.js 20 is deprecated. The following actions target Node.js 20 but are being forced to run on Node.js 24: actions/cache@v4, actions/checkout@v4, actions/setup-python@v5, actions/upload-artifact@v4. For more information see: https://github.blog/changelog/2025-09-19-deprecation-of-node-20-on-github-actions-runners/
