2026-10-08T10:13:51.9561161Z Current runner version: '2.337.0'
2026-10-08T10:13:51.9578017Z ##[group]Runner Image Provisioner
2026-10-08T10:13:51.9578618Z Hosted Compute Agent
2026-10-08T10:13:51.9578972Z Version: 20261002.596
2026-10-08T10:13:51.9579374Z Commit: c3d12f3313a95f25162a1503be624f3b0617f8c0
2026-10-08T10:13:51.9579830Z Build Date: 2026-10-02T22:28:27Z
2026-10-08T10:13:51.9580233Z Worker ID: {b0701eba-b348-4d99-aa61-88ed4216b1ba}
2026-10-08T10:13:51.9580633Z Region: centralus
2026-10-08T10:13:51.9581034Z Cloud: Azure
2026-10-08T10:13:51.9581383Z ##[endgroup]
2026-10-08T10:13:51.9582198Z ##[group]Operating System
2026-10-08T10:13:51.9582555Z Ubuntu
2026-10-08T10:13:51.9582846Z 24.04.5
2026-10-08T10:13:51.9583465Z LTS
2026-10-08T10:13:51.9583802Z ##[endgroup]
2026-10-08T10:13:51.9584147Z ##[group]Runner Image
2026-10-08T10:13:51.9584499Z Image: ubuntu-24.04
2026-10-08T10:13:51.9584834Z Version: 20261004.327.1
2026-10-08T10:13:51.9585601Z Included Software: https://github.com/actions/runner-images/blob/ubuntu24/20261004.327/images/ubuntu/Ubuntu2404-Readme.md
2026-10-08T10:13:51.9586603Z Image Release: https://github.com/actions/runner-images/releases/tag/ubuntu24%2F20261004.327
2026-10-08T10:13:51.9587163Z ##[endgroup]
2026-10-08T10:13:51.9588075Z ##[group]GITHUB_TOKEN Permissions
2026-10-08T10:13:51.9589457Z Actions: read
2026-10-08T10:13:51.9589781Z Contents: write
2026-10-08T10:13:51.9590177Z Metadata: read
2026-10-08T10:13:51.9590506Z ##[endgroup]
2026-10-08T10:13:51.9591805Z Secret source: Actions
2026-10-08T10:13:51.9592386Z Cache mode: write
2026-10-08T10:13:51.9592825Z Prepare workflow directory
2026-10-08T10:13:51.9919417Z Prepare all required actions
2026-10-08T10:13:51.9949689Z Getting action download info
2026-10-08T10:13:52.2236213Z Download action repository 'actions/checkout@v4' (SHA:11d5960a326750d5838078e36cf38b85af677262)
2026-10-08T10:13:52.2935613Z Download action repository 'actions/setup-python@v5' (SHA:a26af69be951a213d495a4c3e4e4022e16d87065)
2026-10-08T10:13:52.4063518Z Download action repository 'actions/download-artifact@v4' (SHA:d3f86a106a0bac45b974a628896c90dbdf5c8093)
2026-10-08T10:13:52.8616197Z Download action repository 'actions/upload-artifact@v4' (SHA:ea165f8d65b6e75b540449e92b4886f43607fa02)
2026-10-08T10:13:53.0535281Z Complete job name: accounts (10)
2026-10-08T10:13:53.0978894Z ##[group]Run actions/checkout@v4
2026-10-08T10:13:53.0979354Z with:
2026-10-08T10:13:53.0979635Z   repository: duuu-hub/bb-scanner
2026-10-08T10:13:53.0981962Z   token: ***
2026-10-08T10:13:53.0982225Z   ssh-strict: true
2026-10-08T10:13:53.0982491Z   ssh-user: git
2026-10-08T10:13:53.0982761Z   persist-credentials: true
2026-10-08T10:13:53.0983052Z   clean: true
2026-10-08T10:13:53.0983328Z   sparse-checkout-cone-mode: true
2026-10-08T10:13:53.0983642Z   fetch-depth: 1
2026-10-08T10:13:53.0983910Z   fetch-tags: false
2026-10-08T10:13:53.0984185Z   show-progress: true
2026-10-08T10:13:53.0984468Z   lfs: false
2026-10-08T10:13:53.0984718Z   submodules: false
2026-10-08T10:13:53.0984996Z   set-safe-directory: true
2026-10-08T10:13:53.0985318Z   allow-unsafe-pr-checkout: false
2026-10-08T10:13:53.0985692Z env:
2026-10-08T10:13:53.0987754Z   GH_TOKEN: ***
2026-10-08T10:13:53.0988105Z ##[endgroup]
2026-10-08T10:13:53.1620364Z Syncing repository: duuu-hub/bb-scanner
2026-10-08T10:13:53.1621963Z ##[group]Getting Git version info
2026-10-08T10:13:53.1622602Z Working directory is '/home/runner/work/bb-scanner/bb-scanner'
2026-10-08T10:13:53.1623565Z [command]/usr/bin/git version
2026-10-08T10:13:53.1705983Z git version 2.55.0
2026-10-08T10:13:53.1718923Z ##[endgroup]
2026-10-08T10:13:53.1728987Z Temporarily overriding HOME='/home/runner/work/_temp/4c1d1991-1047-4247-b9cd-10036d4dd0d9' before making global git config changes
2026-10-08T10:13:53.1730607Z Adding repository directory to the temporary git global config as a safe directory
2026-10-08T10:13:53.1732108Z [command]/usr/bin/git config --global --add safe.directory /home/runner/work/bb-scanner/bb-scanner
2026-10-08T10:13:53.1776718Z Deleting the contents of '/home/runner/work/bb-scanner/bb-scanner'
2026-10-08T10:13:53.1779420Z ##[group]Initializing the repository
2026-10-08T10:13:53.1781836Z [command]/usr/bin/git init /home/runner/work/bb-scanner/bb-scanner
2026-10-08T10:13:53.1879399Z hint: Using 'master' as the name for the initial branch. This default branch name
2026-10-08T10:13:53.1880748Z hint: will change to "main" in Git 3.0. To configure the initial branch name
2026-10-08T10:13:53.1881486Z hint: to use in all of your new repositories, which will suppress this warning,
2026-10-08T10:13:53.1882078Z hint: call:
2026-10-08T10:13:53.1882412Z hint:
2026-10-08T10:13:53.1882868Z hint: 	git config --global init.defaultBranch <name>
2026-10-08T10:13:53.1883364Z hint:
2026-10-08T10:13:53.1883846Z hint: Names commonly chosen instead of 'master' are 'main', 'trunk' and
2026-10-08T10:13:53.1884662Z hint: 'development'. The just-created branch can be renamed via this command:
2026-10-08T10:13:53.1885307Z hint:
2026-10-08T10:13:53.1885695Z hint: 	git branch -m <name>
2026-10-08T10:13:53.1886201Z hint:
2026-10-08T10:13:53.1886745Z hint: Disable this message with "git config set advice.defaultBranchName false"
2026-10-08T10:13:53.1893057Z Initialized empty Git repository in /home/runner/work/bb-scanner/bb-scanner/.git/
2026-10-08T10:13:53.1901619Z [command]/usr/bin/git remote add origin https://github.com/duuu-hub/bb-scanner
2026-10-08T10:13:53.1951762Z ##[endgroup]
2026-10-08T10:13:53.1952581Z ##[group]Disabling automatic garbage collection
2026-10-08T10:13:53.1954458Z [command]/usr/bin/git config --local gc.auto 0
2026-10-08T10:13:53.1983296Z ##[endgroup]
2026-10-08T10:13:53.1983957Z ##[group]Setting up auth
2026-10-08T10:13:53.1989032Z [command]/usr/bin/git config --local --name-only --get-regexp core\.sshCommand
2026-10-08T10:13:53.2018019Z [command]/usr/bin/git submodule foreach --recursive sh -c "git config --local --name-only --get-regexp 'core\.sshCommand' && git config --local --unset-all 'core.sshCommand' || :"
2026-10-08T10:13:53.2314994Z [command]/usr/bin/git config --local --name-only --get-regexp http\.https\:\/\/github\.com\/\.extraheader
2026-10-08T10:13:53.2343768Z [command]/usr/bin/git submodule foreach --recursive sh -c "git config --local --name-only --get-regexp 'http\.https\:\/\/github\.com\/\.extraheader' && git config --local --unset-all 'http.https://github.com/.extraheader' || :"
2026-10-08T10:13:53.2510608Z [command]/usr/bin/git config --local --name-only --get-regexp ^includeIf\.gitdir:
2026-10-08T10:13:53.2536929Z [command]/usr/bin/git submodule foreach --recursive git config --local --show-origin --name-only --get-regexp remote.origin.url
2026-10-08T10:13:53.2707116Z [command]/usr/bin/git config --local http.https://github.com/.extraheader AUTHORIZATION: basic ***
2026-10-08T10:13:53.2918254Z ##[endgroup]
2026-10-08T10:13:53.2919053Z ##[group]Fetching the repository
2026-10-08T10:13:53.2925344Z [command]/usr/bin/git -c protocol.version=2 fetch --no-tags --prune --no-recurse-submodules --depth=1 origin +fbf329c27f4bff0d7f99febbbd4a14768ce2024a:refs/remotes/origin/research-daily-breakdown-intraday-v27
2026-10-08T10:13:54.5838953Z From https://github.com/duuu-hub/bb-scanner
2026-10-08T10:13:54.5843564Z  * [new ref]         fbf329c27f4bff0d7f99febbbd4a14768ce2024a -> origin/research-daily-breakdown-intraday-v27
2026-10-08T10:13:54.5906168Z ##[endgroup]
2026-10-08T10:13:54.5907378Z ##[group]Determining the checkout info
2026-10-08T10:13:54.5908908Z ##[endgroup]
2026-10-08T10:13:54.5909684Z [command]/usr/bin/git sparse-checkout disable
2026-10-08T10:13:54.5912045Z [command]/usr/bin/git config --local --unset-all extensions.worktreeConfig
2026-10-08T10:13:54.5929455Z ##[group]Checking out the ref
2026-10-08T10:13:54.5932889Z [command]/usr/bin/git checkout --progress --force -B research-daily-breakdown-intraday-v27 refs/remotes/origin/research-daily-breakdown-intraday-v27
2026-10-08T10:13:54.7674167Z Switched to a new branch 'research-daily-breakdown-intraday-v27'
2026-10-08T10:13:54.7676631Z branch 'research-daily-breakdown-intraday-v27' set up to track 'origin/research-daily-breakdown-intraday-v27'.
2026-10-08T10:13:54.7687096Z ##[endgroup]
2026-10-08T10:13:54.7726138Z [command]/usr/bin/git log -1 --format=%H
2026-10-08T10:13:54.7748754Z fbf329c27f4bff0d7f99febbbd4a14768ce2024a
2026-10-08T10:13:54.7998983Z ##[group]Run actions/setup-python@v5
2026-10-08T10:13:54.7999667Z with:
2026-10-08T10:13:54.8000171Z   python-version: 3.12
2026-10-08T10:13:54.8000742Z   check-latest: false
2026-10-08T10:13:54.8006635Z   token: ***
2026-10-08T10:13:54.8007155Z   update-environment: true
2026-10-08T10:13:54.8007761Z   allow-prereleases: false
2026-10-08T10:13:54.8008513Z   freethreaded: false
2026-10-08T10:13:54.8009035Z env:
2026-10-08T10:13:54.8014674Z   GH_TOKEN: ***
2026-10-08T10:13:54.8015171Z ##[endgroup]
2026-10-08T10:13:54.8809202Z ##[group]Installed versions
2026-10-08T10:13:54.8866756Z (node:2088) [DEP0040] DeprecationWarning: The `punycode` module is deprecated. Please use a userland alternative instead.
2026-10-08T10:13:54.8868859Z (Use `node --trace-deprecation ...` to show where the warning was created)
2026-10-08T10:13:54.8870319Z Successfully set up CPython (3.12.15)
2026-10-08T10:13:54.8871723Z ##[endgroup]
2026-10-08T10:13:54.9021119Z ##[group]Run set -euo pipefail
2026-10-08T10:13:54.9022135Z [36;1mset -euo pipefail[0m
2026-10-08T10:13:54.9023416Z [36;1mpip install pandas==2.3.3 numpy==2.3.3 numba==0.62.1 requests==2.32.5[0m
2026-10-08T10:13:54.9279149Z shell: /usr/bin/bash --noprofile --norc -e -o pipefail {0}
2026-10-08T10:13:54.9280016Z env:
2026-10-08T10:13:54.9285565Z   GH_TOKEN: ***
2026-10-08T10:13:54.9286208Z   pythonLocation: /opt/hostedtoolcache/Python/3.12.15/x64
2026-10-08T10:13:54.9287210Z   PKG_CONFIG_PATH: /opt/hostedtoolcache/Python/3.12.15/x64/lib/pkgconfig
2026-10-08T10:13:54.9288302Z   Python_ROOT_DIR: /opt/hostedtoolcache/Python/3.12.15/x64
2026-10-08T10:13:54.9289223Z   Python2_ROOT_DIR: /opt/hostedtoolcache/Python/3.12.15/x64
2026-10-08T10:13:54.9290144Z   Python3_ROOT_DIR: /opt/hostedtoolcache/Python/3.12.15/x64
2026-10-08T10:13:54.9291277Z   LD_LIBRARY_PATH: /opt/hostedtoolcache/Python/3.12.15/x64/lib
2026-10-08T10:13:54.9292202Z ##[endgroup]
2026-10-08T10:13:55.7063275Z Collecting pandas==2.3.3
2026-10-08T10:13:55.7755748Z   Downloading pandas-2.3.3-cp312-cp312-manylinux_2_24_x86_64.manylinux_2_28_x86_64.whl.metadata (91 kB)
2026-10-08T10:13:55.9384077Z Collecting numpy==2.3.3
2026-10-08T10:13:55.9512083Z   Downloading numpy-2.3.3-cp312-cp312-manylinux_2_27_x86_64.manylinux_2_28_x86_64.whl.metadata (62 kB)
2026-10-08T10:13:56.0205116Z Collecting numba==0.62.1
2026-10-08T10:13:56.0338946Z   Downloading numba-0.62.1-cp312-cp312-manylinux2014_x86_64.manylinux_2_17_x86_64.whl.metadata (2.8 kB)
2026-10-08T10:13:56.0538894Z Collecting requests==2.32.5
2026-10-08T10:13:56.0662788Z   Downloading requests-2.32.5-py3-none-any.whl.metadata (4.9 kB)
2026-10-08T10:13:56.0827603Z Collecting python-dateutil>=2.8.2 (from pandas==2.3.3)
2026-10-08T10:13:56.0951260Z   Downloading python_dateutil-2.9.0.post0-py2.py3-none-any.whl.metadata (8.4 kB)
2026-10-08T10:13:56.1223774Z Collecting pytz>=2020.1 (from pandas==2.3.3)
2026-10-08T10:13:56.1347419Z   Downloading pytz-2026.5-py2.py3-none-any.whl.metadata (22 kB)
2026-10-08T10:13:56.1508193Z Collecting tzdata>=2022.7 (from pandas==2.3.3)
2026-10-08T10:13:56.1630617Z   Downloading tzdata-2026.5-py2.py3-none-any.whl.metadata (1.4 kB)
2026-10-08T10:13:56.2034816Z Collecting llvmlite<0.46,>=0.45.0dev0 (from numba==0.62.1)
2026-10-08T10:13:56.2179758Z   Downloading llvmlite-0.45.1-cp312-cp312-manylinux2014_x86_64.manylinux_2_17_x86_64.whl.metadata (4.9 kB)
2026-10-08T10:13:56.2929991Z Collecting charset_normalizer<4,>=2 (from requests==2.32.5)
2026-10-08T10:13:56.3056958Z   Downloading charset_normalizer-3.5.2-cp312-cp312-manylinux2014_x86_64.manylinux_2_17_x86_64.manylinux_2_28_x86_64.whl.metadata (46 kB)
2026-10-08T10:13:56.3240684Z Collecting idna<4,>=2.5 (from requests==2.32.5)
2026-10-08T10:13:56.3364286Z   Downloading idna-3.20-py3-none-any.whl.metadata (7.2 kB)
2026-10-08T10:13:56.3566482Z Collecting urllib3<3,>=1.21.1 (from requests==2.32.5)
2026-10-08T10:13:56.3690379Z   Downloading urllib3-2.8.0-py3-none-any.whl.metadata (7.4 kB)
2026-10-08T10:13:56.4022361Z Collecting certifi>=2017.4.17 (from requests==2.32.5)
2026-10-08T10:13:56.4145897Z   Downloading certifi-2026.7.22-py3-none-any.whl.metadata (2.5 kB)
2026-10-08T10:13:56.4308522Z Collecting six>=1.5 (from python-dateutil>=2.8.2->pandas==2.3.3)
2026-10-08T10:13:56.4434307Z   Downloading six-1.17.0-py2.py3-none-any.whl.metadata (1.7 kB)
2026-10-08T10:13:56.4588706Z Downloading pandas-2.3.3-cp312-cp312-manylinux_2_24_x86_64.manylinux_2_28_x86_64.whl (12.4 MB)
2026-10-08T10:13:56.6726798Z    ━━━━━━━━━━━━━━━━━━━━━━━━━━━━━━━━━━━━━━━━ 12.4/12.4 MB 64.0 MB/s  0:00:00
2026-10-08T10:13:56.6856222Z Downloading numpy-2.3.3-cp312-cp312-manylinux_2_27_x86_64.manylinux_2_28_x86_64.whl (16.6 MB)
2026-10-08T10:13:56.8166847Z    ━━━━━━━━━━━━━━━━━━━━━━━━━━━━━━━━━━━━━━━━ 16.6/16.6 MB 127.1 MB/s  0:00:00
2026-10-08T10:13:56.8308477Z Downloading numba-0.62.1-cp312-cp312-manylinux2014_x86_64.manylinux_2_17_x86_64.whl (3.8 MB)
2026-10-08T10:13:56.8648527Z    ━━━━━━━━━━━━━━━━━━━━━━━━━━━━━━━━━━━━━━━━ 3.8/3.8 MB 110.2 MB/s  0:00:00
2026-10-08T10:13:56.8784926Z Downloading requests-2.32.5-py3-none-any.whl (64 kB)
2026-10-08T10:13:56.8926491Z Downloading charset_normalizer-3.5.2-cp312-cp312-manylinux2014_x86_64.manylinux_2_17_x86_64.manylinux_2_28_x86_64.whl (257 kB)
2026-10-08T10:13:56.9070729Z Downloading idna-3.20-py3-none-any.whl (69 kB)
2026-10-08T10:13:56.9228258Z Downloading llvmlite-0.45.1-cp312-cp312-manylinux2014_x86_64.manylinux_2_17_x86_64.whl (56.3 MB)
2026-10-08T10:13:57.3980641Z    ━━━━━━━━━━━━━━━━━━━━━━━━━━━━━━━━━━━━━━━━ 56.3/56.3 MB 118.3 MB/s  0:00:00
2026-10-08T10:13:57.4110478Z Downloading urllib3-2.8.0-py3-none-any.whl (135 kB)
2026-10-08T10:13:57.4251317Z Downloading certifi-2026.7.22-py3-none-any.whl (136 kB)
2026-10-08T10:13:57.4389393Z Downloading python_dateutil-2.9.0.post0-py2.py3-none-any.whl (229 kB)
2026-10-08T10:13:57.4531750Z Downloading pytz-2026.5-py2.py3-none-any.whl (506 kB)
2026-10-08T10:13:57.4679157Z Downloading six-1.17.0-py2.py3-none-any.whl (11 kB)
2026-10-08T10:13:57.4816281Z Downloading tzdata-2026.5-py2.py3-none-any.whl (347 kB)
2026-10-08T10:13:57.6293711Z Installing collected packages: pytz, urllib3, tzdata, six, numpy, llvmlite, idna, charset_normalizer, certifi, requests, python-dateutil, numba, pandas
2026-10-08T10:14:03.7387474Z 
2026-10-08T10:14:03.7399419Z Successfully installed certifi-2026.7.22 charset_normalizer-3.5.2 idna-3.20 llvmlite-0.45.1 numba-0.62.1 numpy-2.3.3 pandas-2.3.3 python-dateutil-2.9.0.post0 pytz-2026.5 requests-2.32.5 six-1.17.0 tzdata-2026.5 urllib3-2.8.0
2026-10-08T10:14:03.8014927Z ##[group]Run actions/download-artifact@v4
2026-10-08T10:14:03.8015090Z with:
2026-10-08T10:14:03.8015228Z   pattern: daily-breakdown-intraday-v27-scan-*
2026-10-08T10:14:03.8015394Z   path: parts
2026-10-08T10:14:03.8015507Z   merge-multiple: false
2026-10-08T10:14:03.8015639Z   repository: duuu-hub/bb-scanner
2026-10-08T10:14:03.8015776Z   run-id: 37761086287
2026-10-08T10:14:03.8015903Z env:
2026-10-08T10:14:03.8017714Z   GH_TOKEN: ***
2026-10-08T10:14:03.8018054Z   pythonLocation: /opt/hostedtoolcache/Python/3.12.15/x64
2026-10-08T10:14:03.8018293Z   PKG_CONFIG_PATH: /opt/hostedtoolcache/Python/3.12.15/x64/lib/pkgconfig
2026-10-08T10:14:03.8018522Z   Python_ROOT_DIR: /opt/hostedtoolcache/Python/3.12.15/x64
2026-10-08T10:14:03.8018729Z   Python2_ROOT_DIR: /opt/hostedtoolcache/Python/3.12.15/x64
2026-10-08T10:14:03.8018934Z   Python3_ROOT_DIR: /opt/hostedtoolcache/Python/3.12.15/x64
2026-10-08T10:14:03.8019143Z   LD_LIBRARY_PATH: /opt/hostedtoolcache/Python/3.12.15/x64/lib
2026-10-08T10:14:03.8019340Z ##[endgroup]
2026-10-08T10:14:03.9028743Z (node:2125) [DEP0040] DeprecationWarning: The `punycode` module is deprecated. Please use a userland alternative instead.
2026-10-08T10:14:03.9029185Z (Use `node --trace-deprecation ...` to show where the warning was created)
2026-10-08T10:14:04.0472893Z Found 14 artifact(s)
2026-10-08T10:14:04.0473449Z Filtering artifacts by pattern 'daily-breakdown-intraday-v27-scan-*'
2026-10-08T10:14:04.0486044Z Preparing to download the following artifacts:
2026-10-08T10:14:04.0486669Z - daily-breakdown-intraday-v27-scan-2 (ID: 11542940306, Size: 993880, Expected Digest: sha256:a0c636863079934c5c70ba835d30f6125fa98ecd12991067453593ae119d1867)
2026-10-08T10:14:04.0487604Z - daily-breakdown-intraday-v27-scan-7 (ID: 11542855827, Size: 880240, Expected Digest: sha256:73f857260b52a3a3feacbf8c3263e08b396207d14601b5660e640d068a207df6)
2026-10-08T10:14:04.0488798Z - daily-breakdown-intraday-v27-scan-4 (ID: 11542851005, Size: 2400410, Expected Digest: sha256:24a02ae5c5998635de74fed85b51d5321c2fdb58115969c7f1072fce41aef5eb)
2026-10-08T10:14:04.0489725Z - daily-breakdown-intraday-v27-scan-0 (ID: 11542437176, Size: 1159518, Expected Digest: sha256:17bb9d65e2a87defb7d4a169e1d93e5624a5a19f3c6f19858e3e6880b6d59810)
2026-10-08T10:14:04.0490639Z - daily-breakdown-intraday-v27-scan-6 (ID: 11542272357, Size: 897805, Expected Digest: sha256:ee0dea98388097d3d7401c772c6755e349d22aa6e2cf47c8d3b3c86fa5856bbc)
2026-10-08T10:14:04.0491629Z - daily-breakdown-intraday-v27-scan-1 (ID: 11542247692, Size: 1080607, Expected Digest: sha256:6b1ef0ad37b7ca2e596424a2ababe7f96a31f932b30a7ac7e4496c812410cc22)
2026-10-08T10:14:04.0492639Z - daily-breakdown-intraday-v27-scan-5 (ID: 11541979123, Size: 1125360, Expected Digest: sha256:8ae74372daf18d01a6232baf9c1d1bcdcb42baffccdd9b7ff18f43cbf65186b1)
2026-10-08T10:14:04.0493680Z - daily-breakdown-intraday-v27-scan-3 (ID: 11541589551, Size: 873131, Expected Digest: sha256:c7b02d7a9d7d066ba41e8e247e611400980bbdfbb923ac5faebd83567cda0885)
2026-10-08T10:14:04.2470119Z Redirecting to blob download url: https://productionresultssa4.blob.core.windows.net/actions-results/98d100a2-fb61-8202-8026-5607807f0e12/workflow-job-run-50d29c47-f01a-526c-8bdf-939fc5b29489/artifacts/c672171a93febe480b0e98a560e24da0252dc498850671723b74eb78a4d840b0.zip
2026-10-08T10:14:04.2470900Z Starting download of artifact to: /home/runner/work/bb-scanner/bb-scanner/parts/daily-breakdown-intraday-v27-scan-2
2026-10-08T10:14:04.2830376Z Redirecting to blob download url: https://productionresultssa4.blob.core.windows.net/actions-results/98d100a2-fb61-8202-8026-5607807f0e12/workflow-job-run-cef9ae8b-3231-51f5-9bd5-2fdf1dad8a12/artifacts/743d9ace10993854455d95f302cd99d241c18c90f9bc8e03ff4c571913be67a1.zip
2026-10-08T10:14:04.2831123Z Starting download of artifact to: /home/runner/work/bb-scanner/bb-scanner/parts/daily-breakdown-intraday-v27-scan-5
2026-10-08T10:14:04.2945782Z Redirecting to blob download url: https://productionresultssa4.blob.core.windows.net/actions-results/98d100a2-fb61-8202-8026-5607807f0e12/workflow-job-run-0494cf29-45fd-5732-9b7a-7b049132b106/artifacts/154e484c56d4af4b7e20b28db23f17290f7205f26fcc7355eb67ab53c42c4ab3.zip
2026-10-08T10:14:04.2946512Z Starting download of artifact to: /home/runner/work/bb-scanner/bb-scanner/parts/daily-breakdown-intraday-v27-scan-1
2026-10-08T10:14:04.2965483Z Redirecting to blob download url: https://productionresultssa4.blob.core.windows.net/actions-results/98d100a2-fb61-8202-8026-5607807f0e12/workflow-job-run-d7dd7542-af21-5c5b-b1f3-7e59491ab03f/artifacts/83159ec54af8e2d6fd0fb7a85d959435365203d6438417f4f1bf428e030b4485.zip
2026-10-08T10:14:04.2966248Z Starting download of artifact to: /home/runner/work/bb-scanner/bb-scanner/parts/daily-breakdown-intraday-v27-scan-0
2026-10-08T10:14:04.3079498Z Redirecting to blob download url: https://productionresultssa4.blob.core.windows.net/actions-results/98d100a2-fb61-8202-8026-5607807f0e12/workflow-job-run-c1b324f0-dd23-55b3-83eb-adda64e2542a/artifacts/f4b38043bd3f22e137da3e9983e59187353c83d8e826b221cb734780d682991e.zip
2026-10-08T10:14:04.3080387Z Starting download of artifact to: /home/runner/work/bb-scanner/bb-scanner/parts/daily-breakdown-intraday-v27-scan-6
2026-10-08T10:14:04.3140203Z Redirecting to blob download url: https://productionresultssa4.blob.core.windows.net/actions-results/98d100a2-fb61-8202-8026-5607807f0e12/workflow-job-run-656536ac-acac-54cd-b983-bfff6cd0363e/artifacts/37d9cc6a8585afdae24f300f7188da0c2837a19f6eb790763c130244e5d272b8.zip
2026-10-08T10:14:04.3141755Z Starting download of artifact to: /home/runner/work/bb-scanner/bb-scanner/parts/daily-breakdown-intraday-v27-scan-7
2026-10-08T10:14:04.3187318Z Redirecting to blob download url: https://productionresultssa4.blob.core.windows.net/actions-results/98d100a2-fb61-8202-8026-5607807f0e12/workflow-job-run-85883125-0c89-5481-8573-9c31cfbdb114/artifacts/5ee1b3afec1de98915e3769e97ecbabe410f8806b1e6851db8a3b3b85ef8bfd2.zip
2026-10-08T10:14:04.3188759Z Starting download of artifact to: /home/runner/work/bb-scanner/bb-scanner/parts/daily-breakdown-intraday-v27-scan-4
2026-10-08T10:14:04.3244178Z Redirecting to blob download url: https://productionresultssa4.blob.core.windows.net/actions-results/98d100a2-fb61-8202-8026-5607807f0e12/workflow-job-run-c49e8761-0664-587a-8337-f75c95bbde50/artifacts/8694a3b3a54f3051a10e654c6d417016a953548987821f1b3ea60ba814844205.zip
2026-10-08T10:14:04.3244953Z Starting download of artifact to: /home/runner/work/bb-scanner/bb-scanner/parts/daily-breakdown-intraday-v27-scan-3
2026-10-08T10:14:04.4123184Z (node:2125) [DEP0005] DeprecationWarning: Buffer() is deprecated due to security and usability issues. Please use the Buffer.alloc(), Buffer.allocUnsafe(), or Buffer.from() methods instead.
2026-10-08T10:14:04.5999532Z SHA256 digest of downloaded artifact is 6b1ef0ad37b7ca2e596424a2ababe7f96a31f932b30a7ac7e4496c812410cc22
2026-10-08T10:14:04.5999947Z Artifact download completed successfully.
2026-10-08T10:14:04.6230119Z SHA256 digest of downloaded artifact is a0c636863079934c5c70ba835d30f6125fa98ecd12991067453593ae119d1867
2026-10-08T10:14:04.6230608Z Artifact download completed successfully.
2026-10-08T10:14:04.6671882Z SHA256 digest of downloaded artifact is c7b02d7a9d7d066ba41e8e247e611400980bbdfbb923ac5faebd83567cda0885
2026-10-08T10:14:04.6672219Z Artifact download completed successfully.
2026-10-08T10:14:04.6804767Z SHA256 digest of downloaded artifact is 17bb9d65e2a87defb7d4a169e1d93e5624a5a19f3c6f19858e3e6880b6d59810
2026-10-08T10:14:04.6805247Z Artifact download completed successfully.
2026-10-08T10:14:04.6829634Z SHA256 digest of downloaded artifact is 73f857260b52a3a3feacbf8c3263e08b396207d14601b5660e640d068a207df6
2026-10-08T10:14:04.6830146Z Artifact download completed successfully.
2026-10-08T10:14:04.7012339Z SHA256 digest of downloaded artifact is 8ae74372daf18d01a6232baf9c1d1bcdcb42baffccdd9b7ff18f43cbf65186b1
2026-10-08T10:14:04.7012668Z Artifact download completed successfully.
2026-10-08T10:14:04.7024660Z SHA256 digest of downloaded artifact is 24a02ae5c5998635de74fed85b51d5321c2fdb58115969c7f1072fce41aef5eb
2026-10-08T10:14:04.7024963Z Artifact download completed successfully.
2026-10-08T10:14:04.7117611Z SHA256 digest of downloaded artifact is ee0dea98388097d3d7401c772c6755e349d22aa6e2cf47c8d3b3c86fa5856bbc
2026-10-08T10:14:04.7118203Z Artifact download completed successfully.
2026-10-08T10:14:04.7118502Z Total of 8 artifact(s) downloaded
2026-10-08T10:14:04.7123692Z Download artifact has finished successfully
2026-10-08T10:14:04.7260792Z ##[group]Run actions/download-artifact@v4
2026-10-08T10:14:04.7260979Z with:
2026-10-08T10:14:04.7261125Z   name: daily-breakdown-intraday-v27-market
2026-10-08T10:14:04.7261308Z   path: account-market
2026-10-08T10:14:04.7261455Z   merge-multiple: false
2026-10-08T10:14:04.7261609Z   repository: duuu-hub/bb-scanner
2026-10-08T10:14:04.7261772Z   run-id: 37761086287
2026-10-08T10:14:04.7261904Z env:
2026-10-08T10:14:04.7263509Z   GH_TOKEN: ***
2026-10-08T10:14:04.7263689Z   pythonLocation: /opt/hostedtoolcache/Python/3.12.15/x64
2026-10-08T10:14:04.7263947Z   PKG_CONFIG_PATH: /opt/hostedtoolcache/Python/3.12.15/x64/lib/pkgconfig
2026-10-08T10:14:04.7264196Z   Python_ROOT_DIR: /opt/hostedtoolcache/Python/3.12.15/x64
2026-10-08T10:14:04.7264427Z   Python2_ROOT_DIR: /opt/hostedtoolcache/Python/3.12.15/x64
2026-10-08T10:14:04.7264659Z   Python3_ROOT_DIR: /opt/hostedtoolcache/Python/3.12.15/x64
2026-10-08T10:14:04.7264894Z   LD_LIBRARY_PATH: /opt/hostedtoolcache/Python/3.12.15/x64/lib
2026-10-08T10:14:04.7265254Z ##[endgroup]
2026-10-08T10:14:04.8206380Z Downloading single artifact
2026-10-08T10:14:04.8297439Z (node:2137) [DEP0040] DeprecationWarning: The `punycode` module is deprecated. Please use a userland alternative instead.
2026-10-08T10:14:04.8298235Z (Use `node --trace-deprecation ...` to show where the warning was created)
2026-10-08T10:14:04.9839805Z Preparing to download the following artifacts:
2026-10-08T10:14:04.9840471Z - daily-breakdown-intraday-v27-market (ID: 11542771746, Size: 1378253313, Expected Digest: sha256:1d71ccafec5f709fef4e9c424c28a098503e78c21fc53283bdf2d5ee4a38504a)
2026-10-08T10:14:05.1469992Z Redirecting to blob download url: https://productionresultssa4.blob.core.windows.net/actions-results/98d100a2-fb61-8202-8026-5607807f0e12/workflow-job-run-8ef1f133-5b35-5ae8-98a8-791bb321fa0d/artifacts/708810cd0c6369a0dfbf41c705db2d968328bfc05077395571b1e49b3eeccf9f.zip
2026-10-08T10:14:05.1471174Z Starting download of artifact to: /home/runner/work/bb-scanner/bb-scanner/account-market
2026-10-08T10:14:05.3246520Z (node:2137) [DEP0005] DeprecationWarning: Buffer() is deprecated due to security and usability issues. Please use the Buffer.alloc(), Buffer.allocUnsafe(), or Buffer.from() methods instead.
2026-10-08T10:14:30.7925286Z SHA256 digest of downloaded artifact is 1d71ccafec5f709fef4e9c424c28a098503e78c21fc53283bdf2d5ee4a38504a
2026-10-08T10:14:30.7925865Z Artifact download completed successfully.
2026-10-08T10:14:30.7926190Z Total of 1 artifact(s) downloaded
2026-10-08T10:14:30.7930195Z Download artifact has finished successfully
2026-10-08T10:14:30.8107687Z ##[group]Run set -euo pipefail
2026-10-08T10:14:30.8108208Z [36;1mset -euo pipefail[0m
2026-10-08T10:14:30.8108584Z [36;1mpython scripts/daily_breakdown_intraday_v27.py accounts --data account-market --parts parts --probe-index 10 --out result-10[0m
2026-10-08T10:14:30.8162588Z shell: /usr/bin/bash --noprofile --norc -e -o pipefail {0}
2026-10-08T10:14:30.8162807Z env:
2026-10-08T10:14:30.8164567Z   GH_TOKEN: ***
2026-10-08T10:14:30.8164764Z   pythonLocation: /opt/hostedtoolcache/Python/3.12.15/x64
2026-10-08T10:14:30.8165041Z   PKG_CONFIG_PATH: /opt/hostedtoolcache/Python/3.12.15/x64/lib/pkgconfig
2026-10-08T10:14:30.8165309Z   Python_ROOT_DIR: /opt/hostedtoolcache/Python/3.12.15/x64
2026-10-08T10:14:30.8165551Z   Python2_ROOT_DIR: /opt/hostedtoolcache/Python/3.12.15/x64
2026-10-08T10:14:30.8165794Z   Python3_ROOT_DIR: /opt/hostedtoolcache/Python/3.12.15/x64
2026-10-08T10:14:30.8166042Z   LD_LIBRARY_PATH: /opt/hostedtoolcache/Python/3.12.15/x64/lib
2026-10-08T10:14:30.8166285Z ##[endgroup]
2026-10-08T10:15:07.2467036Z V27_ACCOUNT DEV__DAILY_S-1_D20_ANY_A25__H96__R20__D0__CAPUNLIMITED__20bp__guarded 476 10.181836939650179
2026-10-08T10:15:08.2335719Z V27_ACCOUNT DEV__DAILY_S-1_D20_ANY_A25__H96__R20__D0__CAPUNLIMITED__20bp__unguarded_diagnostic 476 10.181836939650179
2026-10-08T10:15:09.2072131Z V27_ACCOUNT DEV__DAILY_S-1_D20_ANY_A25__H96__R20__D0__CAPUNLIMITED__40bp__guarded 476 6.944287263036242
2026-10-08T10:15:10.2130693Z V27_ACCOUNT DEV__DAILY_S-1_D20_ANY_A25__H96__R20__D0__CAPUNLIMITED__40bp__unguarded_diagnostic 476 6.944287263036242
2026-10-08T10:15:11.0836968Z V27_ACCOUNT DEV__DAILY_S-1_D20_ANY_A25__H96__R20__D0__CAP1__20bp__guarded 193 3.2998196149683023
2026-10-08T10:15:11.8986584Z V27_ACCOUNT DEV__DAILY_S-1_D20_ANY_A25__H96__R20__D0__CAP1__20bp__unguarded_diagnostic 193 3.2998196149683023
2026-10-08T10:15:12.7134329Z V27_ACCOUNT DEV__DAILY_S-1_D20_ANY_A25__H96__R20__D0__CAP1__40bp__guarded 193 2.059309867332626
2026-10-08T10:15:13.5231063Z V27_ACCOUNT DEV__DAILY_S-1_D20_ANY_A25__H96__R20__D0__CAP1__40bp__unguarded_diagnostic 193 2.059309867332626
2026-10-08T10:15:14.4222451Z V27_ACCOUNT DEV__DAILY_S-1_D20_ANY_A25__H96__R20__D0__CAP2__20bp__guarded 307 5.025382971455983
2026-10-08T10:15:15.3129497Z V27_ACCOUNT DEV__DAILY_S-1_D20_ANY_A25__H96__R20__D0__CAP2__20bp__unguarded_diagnostic 307 5.025382971455983
2026-10-08T10:15:16.1897323Z V27_ACCOUNT DEV__DAILY_S-1_D20_ANY_A25__H96__R20__D0__CAP2__40bp__guarded 307 3.0532826645232047
2026-10-08T10:15:17.0494195Z V27_ACCOUNT DEV__DAILY_S-1_D20_ANY_A25__H96__R20__D0__CAP2__40bp__unguarded_diagnostic 307 3.0532826645232047
2026-10-08T10:15:17.4872063Z V27_ACCOUNT GATE__DAILY_S-1_D20_ANY_A25__H96__R20__D0__CAPUNLIMITED__20bp__guarded 205 0.5003191723176759
2026-10-08T10:15:17.9158859Z V27_ACCOUNT GATE__DAILY_S-1_D20_ANY_A25__H96__R20__D0__CAPUNLIMITED__20bp__unguarded_diagnostic 205 0.5003191723176759
2026-10-08T10:15:18.3410294Z V27_ACCOUNT GATE__DAILY_S-1_D20_ANY_A25__H96__R20__D0__CAPUNLIMITED__40bp__guarded 205 -0.6705384581754625
2026-10-08T10:15:18.7621712Z V27_ACCOUNT GATE__DAILY_S-1_D20_ANY_A25__H96__R20__D0__CAPUNLIMITED__40bp__unguarded_diagnostic 205 -0.6705384581754625
2026-10-08T10:15:19.1189094Z V27_ACCOUNT GATE__DAILY_S-1_D20_ANY_A25__H96__R20__D0__CAP1__20bp__guarded 85 -0.1463318907344191
2026-10-08T10:15:19.4667544Z V27_ACCOUNT GATE__DAILY_S-1_D20_ANY_A25__H96__R20__D0__CAP1__20bp__unguarded_diagnostic 85 -0.1463318907344191
2026-10-08T10:15:19.8272056Z V27_ACCOUNT GATE__DAILY_S-1_D20_ANY_A25__H96__R20__D0__CAP1__40bp__guarded 85 -0.6664687207350584
2026-10-08T10:15:20.1999826Z V27_ACCOUNT GATE__DAILY_S-1_D20_ANY_A25__H96__R20__D0__CAP1__40bp__unguarded_diagnostic 85 -0.6664687207350584
2026-10-08T10:15:20.5770935Z V27_ACCOUNT GATE__DAILY_S-1_D20_ANY_A25__H96__R20__D0__CAP2__20bp__guarded 133 -0.29947189711168054
2026-10-08T10:15:20.9540865Z V27_ACCOUNT GATE__DAILY_S-1_D20_ANY_A25__H96__R20__D0__CAP2__20bp__unguarded_diagnostic 133 -0.29947189711168054
2026-10-08T10:15:21.3410876Z V27_ACCOUNT GATE__DAILY_S-1_D20_ANY_A25__H96__R20__D0__CAP2__40bp__guarded 133 -1.0931726135422815
2026-10-08T10:15:21.7173706Z V27_ACCOUNT GATE__DAILY_S-1_D20_ANY_A25__H96__R20__D0__CAP2__40bp__unguarded_diagnostic 133 -1.0931726135422815
2026-10-08T10:15:21.7974153Z ##[group]Run set -euo pipefail
2026-10-08T10:15:21.7974380Z [36;1mset -euo pipefail[0m
2026-10-08T10:15:21.7974827Z [36;1mpython scripts/research_evidence_archive.py archive --source result-10 --kind V27-account-probe-10 --out research/daily-breakdown-intraday-v27/run-37761086287/account-probe-10[0m
2026-10-08T10:15:21.7975309Z [36;1mgit config user.name "github-actions[bot]"[0m
2026-10-08T10:15:21.7975589Z [36;1mgit config user.email "41898282+github-actions[bot]@users.noreply.github.com"[0m
2026-10-08T10:15:21.7975968Z [36;1mgit checkout -b "research-daily-breakdown-intraday-v27-account-probe-10-37761086287"[0m
2026-10-08T10:15:21.7976350Z [36;1mgit add "research/daily-breakdown-intraday-v27/run-37761086287/account-probe-10"[0m
2026-10-08T10:15:21.7976706Z [36;1mgit commit -m "Preserve V27 original account-probe-10 partition for run 37761086287"[0m
2026-10-08T10:15:21.7976970Z [36;1mgit push origin HEAD[0m
2026-10-08T10:15:21.8028301Z shell: /usr/bin/bash --noprofile --norc -e -o pipefail {0}
2026-10-08T10:15:21.8028516Z env:
2026-10-08T10:15:21.8030179Z   GH_TOKEN: ***
2026-10-08T10:15:21.8030369Z   pythonLocation: /opt/hostedtoolcache/Python/3.12.15/x64
2026-10-08T10:15:21.8030647Z   PKG_CONFIG_PATH: /opt/hostedtoolcache/Python/3.12.15/x64/lib/pkgconfig
2026-10-08T10:15:21.8030906Z   Python_ROOT_DIR: /opt/hostedtoolcache/Python/3.12.15/x64
2026-10-08T10:15:21.8031144Z   Python2_ROOT_DIR: /opt/hostedtoolcache/Python/3.12.15/x64
2026-10-08T10:15:21.8031387Z   Python3_ROOT_DIR: /opt/hostedtoolcache/Python/3.12.15/x64
2026-10-08T10:15:21.8031631Z   LD_LIBRARY_PATH: /opt/hostedtoolcache/Python/3.12.15/x64/lib
2026-10-08T10:15:21.8031838Z ##[endgroup]
2026-10-08T10:15:22.0355105Z EVIDENCE_ARCHIVED V27-account-probe-10 78 files 13311094 bytes
2026-10-08T10:15:22.0825735Z Switched to a new branch 'research-daily-breakdown-intraday-v27-account-probe-10-37761086287'
2026-10-08T10:15:22.3607454Z [research-daily-breakdown-intraday-v27-account-probe-10-37761086287 11cf297] Preserve V27 original account-probe-10 partition for run 37761086287
2026-10-08T10:15:22.3608224Z  79 files changed, 17009 insertions(+)
2026-10-08T10:15:22.3608737Z  create mode 100644 research/daily-breakdown-intraday-v27/run-37761086287/account-probe-10/EVIDENCE_MANIFEST.json
2026-10-08T10:15:22.3609639Z  create mode 100644 research/daily-breakdown-intraday-v27/run-37761086287/account-probe-10/files/audit.json
2026-10-08T10:15:22.3610298Z  create mode 100644 research/daily-breakdown-intraday-v27/run-37761086287/account-probe-10/files/cluster_diagnostics.json
2026-10-08T10:15:22.3611185Z  create mode 100644 research/daily-breakdown-intraday-v27/run-37761086287/account-probe-10/files/details/DEV__DAILY_S-1_D20_ANY_A25__H96__R20__D0__CAP1__20bp__guarded/curve.csv.gz
2026-10-08T10:15:22.3612208Z  create mode 100644 research/daily-breakdown-intraday-v27/run-37761086287/account-probe-10/files/details/DEV__DAILY_S-1_D20_ANY_A25__H96__R20__D0__CAP1__20bp__guarded/daily.csv
2026-10-08T10:15:22.3613268Z  create mode 100644 research/daily-breakdown-intraday-v27/run-37761086287/account-probe-10/files/details/DEV__DAILY_S-1_D20_ANY_A25__H96__R20__D0__CAP1__20bp__guarded/trades.csv.gz
2026-10-08T10:15:22.3614345Z  create mode 100644 research/daily-breakdown-intraday-v27/run-37761086287/account-probe-10/files/details/DEV__DAILY_S-1_D20_ANY_A25__H96__R20__D0__CAP1__20bp__unguarded_diagnostic/curve.csv.gz
2026-10-08T10:15:22.3615422Z  create mode 100644 research/daily-breakdown-intraday-v27/run-37761086287/account-probe-10/files/details/DEV__DAILY_S-1_D20_ANY_A25__H96__R20__D0__CAP1__20bp__unguarded_diagnostic/daily.csv
2026-10-08T10:15:22.3616490Z  create mode 100644 research/daily-breakdown-intraday-v27/run-37761086287/account-probe-10/files/details/DEV__DAILY_S-1_D20_ANY_A25__H96__R20__D0__CAP1__20bp__unguarded_diagnostic/trades.csv.gz
2026-10-08T10:15:22.3617967Z  create mode 100644 research/daily-breakdown-intraday-v27/run-37761086287/account-probe-10/files/details/DEV__DAILY_S-1_D20_ANY_A25__H96__R20__D0__CAP1__40bp__guarded/curve.csv.gz
2026-10-08T10:15:22.3619145Z  create mode 100644 research/daily-breakdown-intraday-v27/run-37761086287/account-probe-10/files/details/DEV__DAILY_S-1_D20_ANY_A25__H96__R20__D0__CAP1__40bp__guarded/daily.csv
2026-10-08T10:15:22.3620212Z  create mode 100644 research/daily-breakdown-intraday-v27/run-37761086287/account-probe-10/files/details/DEV__DAILY_S-1_D20_ANY_A25__H96__R20__D0__CAP1__40bp__guarded/trades.csv.gz
2026-10-08T10:15:22.3621357Z  create mode 100644 research/daily-breakdown-intraday-v27/run-37761086287/account-probe-10/files/details/DEV__DAILY_S-1_D20_ANY_A25__H96__R20__D0__CAP1__40bp__unguarded_diagnostic/curve.csv.gz
2026-10-08T10:15:22.3622493Z  create mode 100644 research/daily-breakdown-intraday-v27/run-37761086287/account-probe-10/files/details/DEV__DAILY_S-1_D20_ANY_A25__H96__R20__D0__CAP1__40bp__unguarded_diagnostic/daily.csv
2026-10-08T10:15:22.3623597Z  create mode 100644 research/daily-breakdown-intraday-v27/run-37761086287/account-probe-10/files/details/DEV__DAILY_S-1_D20_ANY_A25__H96__R20__D0__CAP1__40bp__unguarded_diagnostic/trades.csv.gz
2026-10-08T10:15:22.3624675Z  create mode 100644 research/daily-breakdown-intraday-v27/run-37761086287/account-probe-10/files/details/DEV__DAILY_S-1_D20_ANY_A25__H96__R20__D0__CAP2__20bp__guarded/curve.csv.gz
2026-10-08T10:15:22.3625727Z  create mode 100644 research/daily-breakdown-intraday-v27/run-37761086287/account-probe-10/files/details/DEV__DAILY_S-1_D20_ANY_A25__H96__R20__D0__CAP2__20bp__guarded/daily.csv
2026-10-08T10:15:22.3626776Z  create mode 100644 research/daily-breakdown-intraday-v27/run-37761086287/account-probe-10/files/details/DEV__DAILY_S-1_D20_ANY_A25__H96__R20__D0__CAP2__20bp__guarded/trades.csv.gz
2026-10-08T10:15:22.3627706Z  create mode 100644 research/daily-breakdown-intraday-v27/run-37761086287/account-probe-10/files/details/DEV__DAILY_S-1_D20_ANY_A25__H96__R20__D0__CAP2__20bp__unguarded_diagnostic/curve.csv.gz
2026-10-08T10:15:22.3628609Z  create mode 100644 research/daily-breakdown-intraday-v27/run-37761086287/account-probe-10/files/details/DEV__DAILY_S-1_D20_ANY_A25__H96__R20__D0__CAP2__20bp__unguarded_diagnostic/daily.csv
2026-10-08T10:15:22.3629308Z  create mode 100644 research/daily-breakdown-intraday-v27/run-37761086287/account-probe-10/files/details/DEV__DAILY_S-1_D20_ANY_A25__H96__R20__D0__CAP2__20bp__unguarded_diagnostic/trades.csv.gz
2026-10-08T10:15:22.3630118Z  create mode 100644 research/daily-breakdown-intraday-v27/run-37761086287/account-probe-10/files/details/DEV__DAILY_S-1_D20_ANY_A25__H96__R20__D0__CAP2__40bp__guarded/curve.csv.gz
2026-10-08T10:15:22.3631165Z  create mode 100644 research/daily-breakdown-intraday-v27/run-37761086287/account-probe-10/files/details/DEV__DAILY_S-1_D20_ANY_A25__H96__R20__D0__CAP2__40bp__guarded/daily.csv
2026-10-08T10:15:22.3632200Z  create mode 100644 research/daily-breakdown-intraday-v27/run-37761086287/account-probe-10/files/details/DEV__DAILY_S-1_D20_ANY_A25__H96__R20__D0__CAP2__40bp__guarded/trades.csv.gz
2026-10-08T10:15:22.3633307Z  create mode 100644 research/daily-breakdown-intraday-v27/run-37761086287/account-probe-10/files/details/DEV__DAILY_S-1_D20_ANY_A25__H96__R20__D0__CAP2__40bp__unguarded_diagnostic/curve.csv.gz
2026-10-08T10:15:22.3634356Z  create mode 100644 research/daily-breakdown-intraday-v27/run-37761086287/account-probe-10/files/details/DEV__DAILY_S-1_D20_ANY_A25__H96__R20__D0__CAP2__40bp__unguarded_diagnostic/daily.csv
2026-10-08T10:15:22.3635064Z  create mode 100644 research/daily-breakdown-intraday-v27/run-37761086287/account-probe-10/files/details/DEV__DAILY_S-1_D20_ANY_A25__H96__R20__D0__CAP2__40bp__unguarded_diagnostic/trades.csv.gz
2026-10-08T10:15:22.3635762Z  create mode 100644 research/daily-breakdown-intraday-v27/run-37761086287/account-probe-10/files/details/DEV__DAILY_S-1_D20_ANY_A25__H96__R20__D0__CAPUNLIMITED__20bp__guarded/curve.csv.gz
2026-10-08T10:15:22.3636681Z  create mode 100644 research/daily-breakdown-intraday-v27/run-37761086287/account-probe-10/files/details/DEV__DAILY_S-1_D20_ANY_A25__H96__R20__D0__CAPUNLIMITED__20bp__guarded/daily.csv
2026-10-08T10:15:22.3637390Z  create mode 100644 research/daily-breakdown-intraday-v27/run-37761086287/account-probe-10/files/details/DEV__DAILY_S-1_D20_ANY_A25__H96__R20__D0__CAPUNLIMITED__20bp__guarded/trades.csv.gz
2026-10-08T10:15:22.3638235Z  create mode 100644 research/daily-breakdown-intraday-v27/run-37761086287/account-probe-10/files/details/DEV__DAILY_S-1_D20_ANY_A25__H96__R20__D0__CAPUNLIMITED__20bp__unguarded_diagnostic/curve.csv.gz
2026-10-08T10:15:22.3638961Z  create mode 100644 research/daily-breakdown-intraday-v27/run-37761086287/account-probe-10/files/details/DEV__DAILY_S-1_D20_ANY_A25__H96__R20__D0__CAPUNLIMITED__20bp__unguarded_diagnostic/daily.csv
2026-10-08T10:15:22.3639685Z  create mode 100644 research/daily-breakdown-intraday-v27/run-37761086287/account-probe-10/files/details/DEV__DAILY_S-1_D20_ANY_A25__H96__R20__D0__CAPUNLIMITED__20bp__unguarded_diagnostic/trades.csv.gz
2026-10-08T10:15:22.3640407Z  create mode 100644 research/daily-breakdown-intraday-v27/run-37761086287/account-probe-10/files/details/DEV__DAILY_S-1_D20_ANY_A25__H96__R20__D0__CAPUNLIMITED__40bp__guarded/curve.csv.gz
2026-10-08T10:15:22.3641095Z  create mode 100644 research/daily-breakdown-intraday-v27/run-37761086287/account-probe-10/files/details/DEV__DAILY_S-1_D20_ANY_A25__H96__R20__D0__CAPUNLIMITED__40bp__guarded/daily.csv
2026-10-08T10:15:22.3641787Z  create mode 100644 research/daily-breakdown-intraday-v27/run-37761086287/account-probe-10/files/details/DEV__DAILY_S-1_D20_ANY_A25__H96__R20__D0__CAPUNLIMITED__40bp__guarded/trades.csv.gz
2026-10-08T10:15:22.3642493Z  create mode 100644 research/daily-breakdown-intraday-v27/run-37761086287/account-probe-10/files/details/DEV__DAILY_S-1_D20_ANY_A25__H96__R20__D0__CAPUNLIMITED__40bp__unguarded_diagnostic/curve.csv.gz
2026-10-08T10:15:22.3643215Z  create mode 100644 research/daily-breakdown-intraday-v27/run-37761086287/account-probe-10/files/details/DEV__DAILY_S-1_D20_ANY_A25__H96__R20__D0__CAPUNLIMITED__40bp__unguarded_diagnostic/daily.csv
2026-10-08T10:15:22.3643943Z  create mode 100644 research/daily-breakdown-intraday-v27/run-37761086287/account-probe-10/files/details/DEV__DAILY_S-1_D20_ANY_A25__H96__R20__D0__CAPUNLIMITED__40bp__unguarded_diagnostic/trades.csv.gz
2026-10-08T10:15:22.3644735Z  create mode 100644 research/daily-breakdown-intraday-v27/run-37761086287/account-probe-10/files/details/GATE__DAILY_S-1_D20_ANY_A25__H96__R20__D0__CAP1__20bp__guarded/curve.csv.gz
2026-10-08T10:15:22.3645397Z  create mode 100644 research/daily-breakdown-intraday-v27/run-37761086287/account-probe-10/files/details/GATE__DAILY_S-1_D20_ANY_A25__H96__R20__D0__CAP1__20bp__guarded/daily.csv
2026-10-08T10:15:22.3646064Z  create mode 100644 research/daily-breakdown-intraday-v27/run-37761086287/account-probe-10/files/details/GATE__DAILY_S-1_D20_ANY_A25__H96__R20__D0__CAP1__20bp__guarded/trades.csv.gz
2026-10-08T10:15:22.3646753Z  create mode 100644 research/daily-breakdown-intraday-v27/run-37761086287/account-probe-10/files/details/GATE__DAILY_S-1_D20_ANY_A25__H96__R20__D0__CAP1__20bp__unguarded_diagnostic/curve.csv.gz
2026-10-08T10:15:22.3647454Z  create mode 100644 research/daily-breakdown-intraday-v27/run-37761086287/account-probe-10/files/details/GATE__DAILY_S-1_D20_ANY_A25__H96__R20__D0__CAP1__20bp__unguarded_diagnostic/daily.csv
2026-10-08T10:15:22.3648278Z  create mode 100644 research/daily-breakdown-intraday-v27/run-37761086287/account-probe-10/files/details/GATE__DAILY_S-1_D20_ANY_A25__H96__R20__D0__CAP1__20bp__unguarded_diagnostic/trades.csv.gz
2026-10-08T10:15:22.3648968Z  create mode 100644 research/daily-breakdown-intraday-v27/run-37761086287/account-probe-10/files/details/GATE__DAILY_S-1_D20_ANY_A25__H96__R20__D0__CAP1__40bp__guarded/curve.csv.gz
2026-10-08T10:15:22.3649630Z  create mode 100644 research/daily-breakdown-intraday-v27/run-37761086287/account-probe-10/files/details/GATE__DAILY_S-1_D20_ANY_A25__H96__R20__D0__CAP1__40bp__guarded/daily.csv
2026-10-08T10:15:22.3650493Z  create mode 100644 research/daily-breakdown-intraday-v27/run-37761086287/account-probe-10/files/details/GATE__DAILY_S-1_D20_ANY_A25__H96__R20__D0__CAP1__40bp__guarded/trades.csv.gz
2026-10-08T10:15:22.3651525Z  create mode 100644 research/daily-breakdown-intraday-v27/run-37761086287/account-probe-10/files/details/GATE__DAILY_S-1_D20_ANY_A25__H96__R20__D0__CAP1__40bp__unguarded_diagnostic/curve.csv.gz
2026-10-08T10:15:22.3652506Z  create mode 100644 research/daily-breakdown-intraday-v27/run-37761086287/account-probe-10/files/details/GATE__DAILY_S-1_D20_ANY_A25__H96__R20__D0__CAP1__40bp__unguarded_diagnostic/daily.csv
2026-10-08T10:15:22.3653210Z  create mode 100644 research/daily-breakdown-intraday-v27/run-37761086287/account-probe-10/files/details/GATE__DAILY_S-1_D20_ANY_A25__H96__R20__D0__CAP1__40bp__unguarded_diagnostic/trades.csv.gz
2026-10-08T10:15:22.3653897Z  create mode 100644 research/daily-breakdown-intraday-v27/run-37761086287/account-probe-10/files/details/GATE__DAILY_S-1_D20_ANY_A25__H96__R20__D0__CAP2__20bp__guarded/curve.csv.gz
2026-10-08T10:15:22.3654563Z  create mode 100644 research/daily-breakdown-intraday-v27/run-37761086287/account-probe-10/files/details/GATE__DAILY_S-1_D20_ANY_A25__H96__R20__D0__CAP2__20bp__guarded/daily.csv
2026-10-08T10:15:22.3655225Z  create mode 100644 research/daily-breakdown-intraday-v27/run-37761086287/account-probe-10/files/details/GATE__DAILY_S-1_D20_ANY_A25__H96__R20__D0__CAP2__20bp__guarded/trades.csv.gz
2026-10-08T10:15:22.3655919Z  create mode 100644 research/daily-breakdown-intraday-v27/run-37761086287/account-probe-10/files/details/GATE__DAILY_S-1_D20_ANY_A25__H96__R20__D0__CAP2__20bp__unguarded_diagnostic/curve.csv.gz
2026-10-08T10:15:22.3656621Z  create mode 100644 research/daily-breakdown-intraday-v27/run-37761086287/account-probe-10/files/details/GATE__DAILY_S-1_D20_ANY_A25__H96__R20__D0__CAP2__20bp__unguarded_diagnostic/daily.csv
2026-10-08T10:15:22.3657326Z  create mode 100644 research/daily-breakdown-intraday-v27/run-37761086287/account-probe-10/files/details/GATE__DAILY_S-1_D20_ANY_A25__H96__R20__D0__CAP2__20bp__unguarded_diagnostic/trades.csv.gz
2026-10-08T10:15:22.3658157Z  create mode 100644 research/daily-breakdown-intraday-v27/run-37761086287/account-probe-10/files/details/GATE__DAILY_S-1_D20_ANY_A25__H96__R20__D0__CAP2__40bp__guarded/curve.csv.gz
2026-10-08T10:15:22.3659131Z  create mode 100644 research/daily-breakdown-intraday-v27/run-37761086287/account-probe-10/files/details/GATE__DAILY_S-1_D20_ANY_A25__H96__R20__D0__CAP2__40bp__guarded/daily.csv
2026-10-08T10:15:22.3659792Z  create mode 100644 research/daily-breakdown-intraday-v27/run-37761086287/account-probe-10/files/details/GATE__DAILY_S-1_D20_ANY_A25__H96__R20__D0__CAP2__40bp__guarded/trades.csv.gz
2026-10-08T10:15:22.3660478Z  create mode 100644 research/daily-breakdown-intraday-v27/run-37761086287/account-probe-10/files/details/GATE__DAILY_S-1_D20_ANY_A25__H96__R20__D0__CAP2__40bp__unguarded_diagnostic/curve.csv.gz
2026-10-08T10:15:22.3661314Z  create mode 100644 research/daily-breakdown-intraday-v27/run-37761086287/account-probe-10/files/details/GATE__DAILY_S-1_D20_ANY_A25__H96__R20__D0__CAP2__40bp__unguarded_diagnostic/daily.csv
2026-10-08T10:15:22.3662048Z  create mode 100644 research/daily-breakdown-intraday-v27/run-37761086287/account-probe-10/files/details/GATE__DAILY_S-1_D20_ANY_A25__H96__R20__D0__CAP2__40bp__unguarded_diagnostic/trades.csv.gz
2026-10-08T10:15:22.3662752Z  create mode 100644 research/daily-breakdown-intraday-v27/run-37761086287/account-probe-10/files/details/GATE__DAILY_S-1_D20_ANY_A25__H96__R20__D0__CAPUNLIMITED__20bp__guarded/curve.csv.gz
2026-10-08T10:15:22.3663448Z  create mode 100644 research/daily-breakdown-intraday-v27/run-37761086287/account-probe-10/files/details/GATE__DAILY_S-1_D20_ANY_A25__H96__R20__D0__CAPUNLIMITED__20bp__guarded/daily.csv
2026-10-08T10:15:22.3664143Z  create mode 100644 research/daily-breakdown-intraday-v27/run-37761086287/account-probe-10/files/details/GATE__DAILY_S-1_D20_ANY_A25__H96__R20__D0__CAPUNLIMITED__20bp__guarded/trades.csv.gz
2026-10-08T10:15:22.3664943Z  create mode 100644 research/daily-breakdown-intraday-v27/run-37761086287/account-probe-10/files/details/GATE__DAILY_S-1_D20_ANY_A25__H96__R20__D0__CAPUNLIMITED__20bp__unguarded_diagnostic/curve.csv.gz
2026-10-08T10:15:22.3665670Z  create mode 100644 research/daily-breakdown-intraday-v27/run-37761086287/account-probe-10/files/details/GATE__DAILY_S-1_D20_ANY_A25__H96__R20__D0__CAPUNLIMITED__20bp__unguarded_diagnostic/daily.csv
2026-10-08T10:15:22.3666405Z  create mode 100644 research/daily-breakdown-intraday-v27/run-37761086287/account-probe-10/files/details/GATE__DAILY_S-1_D20_ANY_A25__H96__R20__D0__CAPUNLIMITED__20bp__unguarded_diagnostic/trades.csv.gz
2026-10-08T10:15:22.3667121Z  create mode 100644 research/daily-breakdown-intraday-v27/run-37761086287/account-probe-10/files/details/GATE__DAILY_S-1_D20_ANY_A25__H96__R20__D0__CAPUNLIMITED__40bp__guarded/curve.csv.gz
2026-10-08T10:15:22.3667808Z  create mode 100644 research/daily-breakdown-intraday-v27/run-37761086287/account-probe-10/files/details/GATE__DAILY_S-1_D20_ANY_A25__H96__R20__D0__CAPUNLIMITED__40bp__guarded/daily.csv
2026-10-08T10:15:22.3668650Z  create mode 100644 research/daily-breakdown-intraday-v27/run-37761086287/account-probe-10/files/details/GATE__DAILY_S-1_D20_ANY_A25__H96__R20__D0__CAPUNLIMITED__40bp__guarded/trades.csv.gz
2026-10-08T10:15:22.3669369Z  create mode 100644 research/daily-breakdown-intraday-v27/run-37761086287/account-probe-10/files/details/GATE__DAILY_S-1_D20_ANY_A25__H96__R20__D0__CAPUNLIMITED__40bp__unguarded_diagnostic/curve.csv.gz
2026-10-08T10:15:22.3670097Z  create mode 100644 research/daily-breakdown-intraday-v27/run-37761086287/account-probe-10/files/details/GATE__DAILY_S-1_D20_ANY_A25__H96__R20__D0__CAPUNLIMITED__40bp__unguarded_diagnostic/daily.csv
2026-10-08T10:15:22.3670829Z  create mode 100644 research/daily-breakdown-intraday-v27/run-37761086287/account-probe-10/files/details/GATE__DAILY_S-1_D20_ANY_A25__H96__R20__D0__CAPUNLIMITED__40bp__unguarded_diagnostic/trades.csv.gz
2026-10-08T10:15:22.3671432Z  create mode 100644 research/daily-breakdown-intraday-v27/run-37761086287/account-probe-10/files/result_manifest.json
2026-10-08T10:15:22.3671895Z  create mode 100644 research/daily-breakdown-intraday-v27/run-37761086287/account-probe-10/files/summary.csv
2026-10-08T10:15:22.3672322Z  create mode 100644 research/daily-breakdown-intraday-v27/run-37761086287/account-probe-10/files/summary.json
2026-10-08T10:15:22.3672850Z  create mode 100644 research/daily-breakdown-intraday-v27/run-37761086287/account-probe-10/files/year_quarter.csv
2026-10-08T10:15:26.8097709Z remote: 
2026-10-08T10:15:26.8098919Z remote: Create a pull request for 'research-daily-breakdown-intraday-v27-account-probe-10-37761086287' on GitHub by visiting:        
2026-10-08T10:15:26.8099780Z remote:      https://github.com/duuu-hub/bb-scanner/pull/new/research-daily-breakdown-intraday-v27-account-probe-10-37761086287        
2026-10-08T10:15:26.8100320Z remote: 
2026-10-08T10:15:26.8109855Z To https://github.com/duuu-hub/bb-scanner
2026-10-08T10:15:26.8110400Z  * [new branch]      HEAD -> research-daily-breakdown-intraday-v27-account-probe-10-37761086287
2026-10-08T10:15:26.8186669Z ##[group]Run actions/upload-artifact@v4
2026-10-08T10:15:26.8186852Z with:
2026-10-08T10:15:26.8187009Z   name: daily-breakdown-intraday-v27-results-10
2026-10-08T10:15:26.8187215Z   path: result-10/
2026-10-08T10:15:26.8187353Z   retention-days: 30
2026-10-08T10:15:26.8187497Z   compression-level: 0
2026-10-08T10:15:26.8187645Z   if-no-files-found: warn
2026-10-08T10:15:26.8187793Z   overwrite: false
2026-10-08T10:15:26.8188171Z   include-hidden-files: false
2026-10-08T10:15:26.8188329Z env:
2026-10-08T10:15:26.8189943Z   GH_TOKEN: ***
2026-10-08T10:15:26.8190123Z   pythonLocation: /opt/hostedtoolcache/Python/3.12.15/x64
2026-10-08T10:15:26.8190386Z   PKG_CONFIG_PATH: /opt/hostedtoolcache/Python/3.12.15/x64/lib/pkgconfig
2026-10-08T10:15:26.8190638Z   Python_ROOT_DIR: /opt/hostedtoolcache/Python/3.12.15/x64
2026-10-08T10:15:26.8190872Z   Python2_ROOT_DIR: /opt/hostedtoolcache/Python/3.12.15/x64
2026-10-08T10:15:26.8191128Z   Python3_ROOT_DIR: /opt/hostedtoolcache/Python/3.12.15/x64
2026-10-08T10:15:26.8191368Z   LD_LIBRARY_PATH: /opt/hostedtoolcache/Python/3.12.15/x64/lib
2026-10-08T10:15:26.8191567Z ##[endgroup]
2026-10-08T10:15:26.9226068Z (node:2201) [DEP0040] DeprecationWarning: The `punycode` module is deprecated. Please use a userland alternative instead.
2026-10-08T10:15:26.9226790Z (Use `node --trace-deprecation ...` to show where the warning was created)
2026-10-08T10:15:26.9380471Z With the provided path, there will be 78 files uploaded
2026-10-08T10:15:26.9384350Z Artifact name is valid!
2026-10-08T10:15:26.9384843Z Root directory input is valid!
2026-10-08T10:15:27.2106115Z Beginning upload of artifact content to blob storage
2026-10-08T10:15:27.2560599Z (node:2201) [DEP0169] DeprecationWarning: `url.parse()` behavior is not standardized and prone to errors that have security implications. Use the WHATWG URL API instead. CVEs are not issued for `url.parse()` vulnerabilities.
2026-10-08T10:15:27.7263975Z Uploaded bytes 8388608
2026-10-08T10:15:27.8891401Z Uploaded bytes 13331582
2026-10-08T10:15:27.9279107Z Finished uploading artifact content to blob storage!
2026-10-08T10:15:27.9280049Z SHA256 digest of uploaded artifact zip is 94727c5056402b4e22958f8c79aae666b172d1b7b7065df94ae0893cda5c2089
2026-10-08T10:15:27.9281208Z Finalizing artifact upload
2026-10-08T10:15:28.1603227Z Artifact daily-breakdown-intraday-v27-results-10.zip successfully finalized. Artifact ID 11543295223
2026-10-08T10:15:28.1604069Z Artifact daily-breakdown-intraday-v27-results-10 has been successfully uploaded! Final size is 13331582 bytes. Artifact ID is 11543295223
2026-10-08T10:15:28.1608438Z Artifact download URL: https://github.com/duuu-hub/bb-scanner/actions/runs/37761086287/artifacts/11543295223
2026-10-08T10:15:28.1752416Z Post job cleanup.
2026-10-08T10:15:28.2450631Z (node:2213) [DEP0040] DeprecationWarning: The `punycode` module is deprecated. Please use a userland alternative instead.
2026-10-08T10:15:28.2451075Z (Use `node --trace-deprecation ...` to show where the warning was created)
2026-10-08T10:15:28.2560710Z Post job cleanup.
2026-10-08T10:15:28.3088627Z [command]/usr/bin/git version
2026-10-08T10:15:28.3118718Z git version 2.55.0
2026-10-08T10:15:28.3141275Z Temporarily overriding HOME='/home/runner/work/_temp/d3943619-c878-4528-aa07-15c37ab17504' before making global git config changes
2026-10-08T10:15:28.3142578Z Adding repository directory to the temporary git global config as a safe directory
2026-10-08T10:15:28.3145022Z [command]/usr/bin/git config --global --add safe.directory /home/runner/work/bb-scanner/bb-scanner
2026-10-08T10:15:28.3173814Z [command]/usr/bin/git config --local --name-only --get-regexp core\.sshCommand
2026-10-08T10:15:28.3200665Z [command]/usr/bin/git submodule foreach --recursive sh -c "git config --local --name-only --get-regexp 'core\.sshCommand' && git config --local --unset-all 'core.sshCommand' || :"
2026-10-08T10:15:28.3394681Z [command]/usr/bin/git config --local --name-only --get-regexp http\.https\:\/\/github\.com\/\.extraheader
2026-10-08T10:15:28.3419383Z http.https://github.com/.extraheader
2026-10-08T10:15:28.3426977Z [command]/usr/bin/git config --local --unset-all http.https://github.com/.extraheader
2026-10-08T10:15:28.3455897Z [command]/usr/bin/git submodule foreach --recursive sh -c "git config --local --name-only --get-regexp 'http\.https\:\/\/github\.com\/\.extraheader' && git config --local --unset-all 'http.https://github.com/.extraheader' || :"
2026-10-08T10:15:28.3650580Z [command]/usr/bin/git config --local --name-only --get-regexp ^includeIf\.gitdir:
2026-10-08T10:15:28.3679696Z [command]/usr/bin/git submodule foreach --recursive git config --local --show-origin --name-only --get-regexp remote.origin.url
2026-10-08T10:15:28.3989450Z Cleaning up orphan processes
2026-10-08T10:15:28.4180029Z ##[warning]Node.js 20 is deprecated. The following actions target Node.js 20 but are being forced to run on Node.js 24: actions/checkout@v4, actions/download-artifact@v4, actions/setup-python@v5, actions/upload-artifact@v4. For more information see: https://github.blog/changelog/2025-09-19-deprecation-of-node-20-on-github-actions-runners/
