2026-10-02T05:00:30.1177359Z Current runner version: '2.337.0'
2026-10-02T05:00:30.1203203Z ##[group]Runner Image Provisioner
2026-10-02T05:00:30.1204230Z Hosted Compute Agent
2026-10-02T05:00:30.1204852Z Version: 20260901.588
2026-10-02T05:00:30.1205495Z Commit: f88ec8081b781fac6c440065ac7ff9e710ce3d0b
2026-10-02T05:00:30.1206282Z Build Date: 2026-09-01T19:56:44Z
2026-10-02T05:00:30.1206971Z Worker ID: {8df131d4-aab9-4b6d-a332-ccfe2a0253ee}
2026-10-02T05:00:30.1207716Z Azure Region: westus2
2026-10-02T05:00:30.1208355Z ##[endgroup]
2026-10-02T05:00:30.1209972Z ##[group]Operating System
2026-10-02T05:00:30.1210687Z Ubuntu
2026-10-02T05:00:30.1211230Z 24.04.5
2026-10-02T05:00:30.1211790Z LTS
2026-10-02T05:00:30.1212990Z ##[endgroup]
2026-10-02T05:00:30.1213617Z ##[group]Runner Image
2026-10-02T05:00:30.1214264Z Image: ubuntu-24.04
2026-10-02T05:00:30.1214882Z Version: 20260927.320.1
2026-10-02T05:00:30.1216189Z Included Software: https://github.com/actions/runner-images/blob/ubuntu24/20260927.320/images/ubuntu/Ubuntu2404-Readme.md
2026-10-02T05:00:30.1217821Z Image Release: https://github.com/actions/runner-images/releases/tag/ubuntu24%2F20260927.320
2026-10-02T05:00:30.1218843Z ##[endgroup]
2026-10-02T05:00:30.1220091Z ##[group]GITHUB_TOKEN Permissions
2026-10-02T05:00:30.1222266Z Actions: read
2026-10-02T05:00:30.1223152Z Contents: read
2026-10-02T05:00:30.1223726Z Metadata: read
2026-10-02T05:00:30.1224343Z ##[endgroup]
2026-10-02T05:00:30.1226459Z Secret source: Actions
2026-10-02T05:00:30.1227505Z Cache mode: write
2026-10-02T05:00:30.1228190Z Prepare workflow directory
2026-10-02T05:00:30.1757346Z Prepare all required actions
2026-10-02T05:00:30.1805376Z Getting action download info
2026-10-02T05:00:30.5251324Z Download action repository 'actions/checkout@v4' (SHA:11d5960a326750d5838078e36cf38b85af677262)
2026-10-02T05:00:30.6133759Z Download action repository 'actions/setup-python@v5' (SHA:a26af69be951a213d495a4c3e4e4022e16d87065)
2026-10-02T05:00:30.6915200Z Download action repository 'actions/cache@v4' (SHA:0057852bfaa89a56745cba8c7296529d2fc39830)
2026-10-02T05:00:30.9732514Z Download action repository 'actions/upload-artifact@v4' (SHA:ea165f8d65b6e75b540449e92b4886f43607fa02)
2026-10-02T05:00:31.2223649Z Complete job name: development (2)
2026-10-02T05:00:31.3107296Z ##[group]Run actions/checkout@v4
2026-10-02T05:00:31.3108649Z with:
2026-10-02T05:00:31.3109437Z   repository: duuu-hub/bb-scanner
2026-10-02T05:00:31.3119151Z   token: ***
2026-10-02T05:00:31.3120208Z   ssh-strict: true
2026-10-02T05:00:31.3121001Z   ssh-user: git
2026-10-02T05:00:31.3121821Z   persist-credentials: true
2026-10-02T05:00:31.3122908Z   clean: true
2026-10-02T05:00:31.3123734Z   sparse-checkout-cone-mode: true
2026-10-02T05:00:31.3124710Z   fetch-depth: 1
2026-10-02T05:00:31.3125495Z   fetch-tags: false
2026-10-02T05:00:31.3126301Z   show-progress: true
2026-10-02T05:00:31.3127105Z   lfs: false
2026-10-02T05:00:31.3127849Z   submodules: false
2026-10-02T05:00:31.3128681Z   set-safe-directory: true
2026-10-02T05:00:31.3129614Z   allow-unsafe-pr-checkout: false
2026-10-02T05:00:31.3130908Z env:
2026-10-02T05:00:31.3140482Z   GH_TOKEN: ***
2026-10-02T05:00:31.3141267Z ##[endgroup]
2026-10-02T05:00:31.4190853Z Syncing repository: duuu-hub/bb-scanner
2026-10-02T05:00:31.4195301Z ##[group]Getting Git version info
2026-10-02T05:00:31.4197380Z Working directory is '/home/runner/work/bb-scanner/bb-scanner'
2026-10-02T05:00:31.4200607Z [command]/usr/bin/git version
2026-10-02T05:00:31.4251318Z git version 2.55.0
2026-10-02T05:00:31.4277111Z ##[endgroup]
2026-10-02T05:00:31.4293548Z Temporarily overriding HOME='/home/runner/work/_temp/fa8fc90e-e07d-4a36-8da6-1c716f297245' before making global git config changes
2026-10-02T05:00:31.4298779Z Adding repository directory to the temporary git global config as a safe directory
2026-10-02T05:00:31.4302993Z [command]/usr/bin/git config --global --add safe.directory /home/runner/work/bb-scanner/bb-scanner
2026-10-02T05:00:31.4385321Z Deleting the contents of '/home/runner/work/bb-scanner/bb-scanner'
2026-10-02T05:00:31.4410661Z ##[group]Initializing the repository
2026-10-02T05:00:31.4413755Z [command]/usr/bin/git init /home/runner/work/bb-scanner/bb-scanner
2026-10-02T05:00:31.4548290Z hint: Using 'master' as the name for the initial branch. This default branch name
2026-10-02T05:00:31.4553109Z hint: will change to "main" in Git 3.0. To configure the initial branch name
2026-10-02T05:00:31.4556849Z hint: to use in all of your new repositories, which will suppress this warning,
2026-10-02T05:00:31.4559688Z hint: call:
2026-10-02T05:00:31.4560959Z hint:
2026-10-02T05:00:31.4562685Z hint: 	git config --global init.defaultBranch <name>
2026-10-02T05:00:31.4565583Z hint:
2026-10-02T05:00:31.4566935Z hint: Names commonly chosen instead of 'master' are 'main', 'trunk' and
2026-10-02T05:00:31.4568871Z hint: 'development'. The just-created branch can be renamed via this command:
2026-10-02T05:00:31.4570445Z hint:
2026-10-02T05:00:31.4571362Z hint: 	git branch -m <name>
2026-10-02T05:00:31.4572442Z hint:
2026-10-02T05:00:31.4574868Z hint: Disable this message with "git config set advice.defaultBranchName false"
2026-10-02T05:00:31.4578035Z Initialized empty Git repository in /home/runner/work/bb-scanner/bb-scanner/.git/
2026-10-02T05:00:31.4581841Z [command]/usr/bin/git remote add origin https://github.com/duuu-hub/bb-scanner
2026-10-02T05:00:31.4620566Z ##[endgroup]
2026-10-02T05:00:31.4623164Z ##[group]Disabling automatic garbage collection
2026-10-02T05:00:31.4625314Z [command]/usr/bin/git config --local gc.auto 0
2026-10-02T05:00:31.4680293Z ##[endgroup]
2026-10-02T05:00:31.4682482Z ##[group]Setting up auth
2026-10-02T05:00:31.4687397Z [command]/usr/bin/git config --local --name-only --get-regexp core\.sshCommand
2026-10-02T05:00:31.4727609Z [command]/usr/bin/git submodule foreach --recursive sh -c "git config --local --name-only --get-regexp 'core\.sshCommand' && git config --local --unset-all 'core.sshCommand' || :"
2026-10-02T05:00:31.5099870Z [command]/usr/bin/git config --local --name-only --get-regexp http\.https\:\/\/github\.com\/\.extraheader
2026-10-02T05:00:31.5143452Z [command]/usr/bin/git submodule foreach --recursive sh -c "git config --local --name-only --get-regexp 'http\.https\:\/\/github\.com\/\.extraheader' && git config --local --unset-all 'http.https://github.com/.extraheader' || :"
2026-10-02T05:00:31.5413818Z [command]/usr/bin/git config --local --name-only --get-regexp ^includeIf\.gitdir:
2026-10-02T05:00:31.5452037Z [command]/usr/bin/git submodule foreach --recursive git config --local --show-origin --name-only --get-regexp remote.origin.url
2026-10-02T05:00:31.5687976Z [command]/usr/bin/git config --local http.https://github.com/.extraheader AUTHORIZATION: basic ***
2026-10-02T05:00:31.5731947Z ##[endgroup]
2026-10-02T05:00:31.5733779Z ##[group]Fetching the repository
2026-10-02T05:00:31.5745795Z [command]/usr/bin/git -c protocol.version=2 fetch --no-tags --prune --no-recurse-submodules --depth=1 origin +18270ece2a1923591e14ae706ce9b91e79ddd76a:refs/remotes/origin/research-residual-reversion-v10
2026-10-02T05:00:32.3454771Z From https://github.com/duuu-hub/bb-scanner
2026-10-02T05:00:32.3455791Z  * [new ref]         18270ece2a1923591e14ae706ce9b91e79ddd76a -> origin/research-residual-reversion-v10
2026-10-02T05:00:32.3460333Z ##[endgroup]
2026-10-02T05:00:32.3461250Z ##[group]Determining the checkout info
2026-10-02T05:00:32.3463653Z ##[endgroup]
2026-10-02T05:00:32.3470052Z [command]/usr/bin/git sparse-checkout disable
2026-10-02T05:00:32.3524840Z [command]/usr/bin/git config --local --unset-all extensions.worktreeConfig
2026-10-02T05:00:32.3559041Z ##[group]Checking out the ref
2026-10-02T05:00:32.3564101Z [command]/usr/bin/git checkout --progress --force -B research-residual-reversion-v10 refs/remotes/origin/research-residual-reversion-v10
2026-10-02T05:00:32.5910296Z Switched to a new branch 'research-residual-reversion-v10'
2026-10-02T05:00:32.5915954Z branch 'research-residual-reversion-v10' set up to track 'origin/research-residual-reversion-v10'.
2026-10-02T05:00:32.5927305Z ##[endgroup]
2026-10-02T05:00:32.5978653Z [command]/usr/bin/git log -1 --format=%H
2026-10-02T05:00:32.6008268Z 18270ece2a1923591e14ae706ce9b91e79ddd76a
2026-10-02T05:00:32.6299898Z ##[group]Run actions/setup-python@v5
2026-10-02T05:00:32.6300412Z with:
2026-10-02T05:00:32.6300791Z   python-version: 3.12
2026-10-02T05:00:32.6301196Z   check-latest: false
2026-10-02T05:00:32.6304449Z   token: ***
2026-10-02T05:00:32.6304863Z   update-environment: true
2026-10-02T05:00:32.6305298Z   allow-prereleases: false
2026-10-02T05:00:32.6305709Z   freethreaded: false
2026-10-02T05:00:32.6306090Z env:
2026-10-02T05:00:32.6309034Z   GH_TOKEN: ***
2026-10-02T05:00:32.6309405Z ##[endgroup]
2026-10-02T05:00:32.7650819Z ##[group]Installed versions
2026-10-02T05:00:32.7754070Z (node:2274) [DEP0040] DeprecationWarning: The `punycode` module is deprecated. Please use a userland alternative instead.
2026-10-02T05:00:32.7755876Z (Use `node --trace-deprecation ...` to show where the warning was created)
2026-10-02T05:00:32.7757015Z Successfully set up CPython (3.12.14)
2026-10-02T05:00:32.7758375Z ##[endgroup]
2026-10-02T05:00:32.7908826Z ##[group]Run set -euo pipefail
2026-10-02T05:00:32.7909394Z [36;1mset -euo pipefail[0m
2026-10-02T05:00:32.7909903Z [36;1mpip install pandas==2.3.3 numpy==2.3.3[0m
2026-10-02T05:00:32.8228775Z shell: /usr/bin/bash --noprofile --norc -e -o pipefail {0}
2026-10-02T05:00:32.8229401Z env:
2026-10-02T05:00:32.8233099Z   GH_TOKEN: ***
2026-10-02T05:00:32.8233628Z   pythonLocation: /opt/hostedtoolcache/Python/3.12.14/x64
2026-10-02T05:00:32.8234318Z   PKG_CONFIG_PATH: /opt/hostedtoolcache/Python/3.12.14/x64/lib/pkgconfig
2026-10-02T05:00:32.8234981Z   Python_ROOT_DIR: /opt/hostedtoolcache/Python/3.12.14/x64
2026-10-02T05:00:32.8235590Z   Python2_ROOT_DIR: /opt/hostedtoolcache/Python/3.12.14/x64
2026-10-02T05:00:32.8236216Z   Python3_ROOT_DIR: /opt/hostedtoolcache/Python/3.12.14/x64
2026-10-02T05:00:32.8236844Z   LD_LIBRARY_PATH: /opt/hostedtoolcache/Python/3.12.14/x64/lib
2026-10-02T05:00:32.8237412Z ##[endgroup]
2026-10-02T05:00:34.1633198Z Collecting pandas==2.3.3
2026-10-02T05:00:34.2252253Z   Downloading pandas-2.3.3-cp312-cp312-manylinux_2_24_x86_64.manylinux_2_28_x86_64.whl.metadata (91 kB)
2026-10-02T05:00:34.4889858Z Collecting numpy==2.3.3
2026-10-02T05:00:34.5012474Z   Downloading numpy-2.3.3-cp312-cp312-manylinux_2_27_x86_64.manylinux_2_28_x86_64.whl.metadata (62 kB)
2026-10-02T05:00:34.5344401Z Collecting python-dateutil>=2.8.2 (from pandas==2.3.3)
2026-10-02T05:00:34.5422234Z   Downloading python_dateutil-2.9.0.post0-py2.py3-none-any.whl.metadata (8.4 kB)
2026-10-02T05:00:34.5836854Z Collecting pytz>=2020.1 (from pandas==2.3.3)
2026-10-02T05:00:34.5910713Z   Downloading pytz-2026.4-py2.py3-none-any.whl.metadata (22 kB)
2026-10-02T05:00:34.6096821Z Collecting tzdata>=2022.7 (from pandas==2.3.3)
2026-10-02T05:00:34.6171585Z   Downloading tzdata-2026.4-py2.py3-none-any.whl.metadata (1.4 kB)
2026-10-02T05:00:34.6371613Z Collecting six>=1.5 (from python-dateutil>=2.8.2->pandas==2.3.3)
2026-10-02T05:00:34.6446221Z   Downloading six-1.17.0-py2.py3-none-any.whl.metadata (1.7 kB)
2026-10-02T05:00:34.6556257Z Downloading pandas-2.3.3-cp312-cp312-manylinux_2_24_x86_64.manylinux_2_28_x86_64.whl (12.4 MB)
2026-10-02T05:00:34.9435955Z    ━━━━━━━━━━━━━━━━━━━━━━━━━━━━━━━━━━━━━━━━ 12.4/12.4 MB 45.8 MB/s  0:00:00
2026-10-02T05:00:34.9513408Z Downloading numpy-2.3.3-cp312-cp312-manylinux_2_27_x86_64.manylinux_2_28_x86_64.whl (16.6 MB)
2026-10-02T05:00:35.0724428Z    ━━━━━━━━━━━━━━━━━━━━━━━━━━━━━━━━━━━━━━━━ 16.6/16.6 MB 139.3 MB/s  0:00:00
2026-10-02T05:00:35.0824785Z Downloading python_dateutil-2.9.0.post0-py2.py3-none-any.whl (229 kB)
2026-10-02T05:00:35.0932642Z Downloading pytz-2026.4-py2.py3-none-any.whl (506 kB)
2026-10-02T05:00:35.1041925Z Downloading six-1.17.0-py2.py3-none-any.whl (11 kB)
2026-10-02T05:00:35.1135792Z Downloading tzdata-2026.4-py2.py3-none-any.whl (347 kB)
2026-10-02T05:00:35.2736314Z Installing collected packages: pytz, tzdata, six, numpy, python-dateutil, pandas
2026-10-02T05:00:42.4535539Z 
2026-10-02T05:00:42.4550565Z Successfully installed numpy-2.3.3 pandas-2.3.3 python-dateutil-2.9.0.post0 pytz-2026.4 six-1.17.0 tzdata-2026.4
2026-10-02T05:00:42.5281048Z ##[group]Run actions/cache@v4
2026-10-02T05:00:42.5281342Z with:
2026-10-02T05:00:42.5281546Z   path: data
2026-10-02T05:00:42.5281781Z   key: frozen-source-36095439671-15m-shard-2
2026-10-02T05:00:42.5282077Z   enableCrossOsArchive: false
2026-10-02T05:00:42.5282326Z   fail-on-cache-miss: false
2026-10-02T05:00:42.5282583Z   lookup-only: false
2026-10-02T05:00:42.5283096Z   save-always: false
2026-10-02T05:00:42.5283324Z env:
2026-10-02T05:00:42.5286040Z   GH_TOKEN: ***
2026-10-02T05:00:42.5286335Z   pythonLocation: /opt/hostedtoolcache/Python/3.12.14/x64
2026-10-02T05:00:42.5286778Z   PKG_CONFIG_PATH: /opt/hostedtoolcache/Python/3.12.14/x64/lib/pkgconfig
2026-10-02T05:00:42.5287203Z   Python_ROOT_DIR: /opt/hostedtoolcache/Python/3.12.14/x64
2026-10-02T05:00:42.5287579Z   Python2_ROOT_DIR: /opt/hostedtoolcache/Python/3.12.14/x64
2026-10-02T05:00:42.5287950Z   Python3_ROOT_DIR: /opt/hostedtoolcache/Python/3.12.14/x64
2026-10-02T05:00:42.5288384Z   LD_LIBRARY_PATH: /opt/hostedtoolcache/Python/3.12.14/x64/lib
2026-10-02T05:00:42.5288706Z ##[endgroup]
2026-10-02T05:00:42.6430665Z (node:2310) [DEP0040] DeprecationWarning: The `punycode` module is deprecated. Please use a userland alternative instead.
2026-10-02T05:00:42.6431903Z (Use `node --trace-deprecation ...` to show where the warning was created)
2026-10-02T05:00:42.9048079Z Cache not found for input keys: frozen-source-36095439671-15m-shard-2
2026-10-02T05:00:42.9141748Z ##[group]Run set -euo pipefail
2026-10-02T05:00:42.9142093Z [36;1mset -euo pipefail[0m
2026-10-02T05:00:42.9142340Z [36;1mif [ '' != 'true' ]; then[0m
2026-10-02T05:00:42.9143220Z [36;1m  gh run download 36095439671 -R duuu-hub/bb-scanner -n rank5-binance-um-15m-5y-data-shard-2 -D data[0m
2026-10-02T05:00:42.9143732Z [36;1mfi[0m
2026-10-02T05:00:42.9144069Z [36;1mgh run download 36858492497 -R duuu-hub/bb-scanner -n day-edge-v2-btc -D btc[0m
2026-10-02T05:00:42.9144765Z [36;1mgh run download 36095439671 -R duuu-hub/bb-scanner -n rank5-binance-um-15m-5y-manifest-shard-2 -D source-manifest[0m
2026-10-02T05:00:42.9145858Z [36;1mpython scripts/research_evidence_archive.py verify-source --data data --manifests source-manifest --baseline research/residual-reversion-v10/FROZEN_INPUT_HASHES.json --out source-check.json[0m
2026-10-02T05:00:42.9210073Z shell: /usr/bin/bash --noprofile --norc -e -o pipefail {0}
2026-10-02T05:00:42.9210416Z env:
2026-10-02T05:00:42.9213347Z   GH_TOKEN: ***
2026-10-02T05:00:42.9213643Z   pythonLocation: /opt/hostedtoolcache/Python/3.12.14/x64
2026-10-02T05:00:42.9214077Z   PKG_CONFIG_PATH: /opt/hostedtoolcache/Python/3.12.14/x64/lib/pkgconfig
2026-10-02T05:00:42.9214496Z   Python_ROOT_DIR: /opt/hostedtoolcache/Python/3.12.14/x64
2026-10-02T05:00:42.9214864Z   Python2_ROOT_DIR: /opt/hostedtoolcache/Python/3.12.14/x64
2026-10-02T05:00:42.9215226Z   Python3_ROOT_DIR: /opt/hostedtoolcache/Python/3.12.14/x64
2026-10-02T05:00:42.9215601Z   LD_LIBRARY_PATH: /opt/hostedtoolcache/Python/3.12.14/x64/lib
2026-10-02T05:00:42.9215933Z ##[endgroup]
2026-10-02T05:01:13.8878793Z FROZEN_SOURCE_VERIFIED 107 files 31 prior SHA256 matches
2026-10-02T05:01:13.9479123Z ##[group]Run actions/cache@v4
2026-10-02T05:01:13.9479400Z with:
2026-10-02T05:01:13.9479606Z   path: cache/verified-1m
2026-10-02T05:01:13.9479881Z   key: residual-reversion-v10-dev-1m-shard-2
2026-10-02T05:01:13.9480505Z   restore-keys: cross-sectional-leader-v9-dev-1m-shard-2
premium-absorption-v8-dev-1m-shard-2
factor-lag-v6-dev-1m-shard-2
2026-10-02T05:01:13.9481130Z   enableCrossOsArchive: false
2026-10-02T05:01:13.9481386Z   fail-on-cache-miss: false
2026-10-02T05:01:13.9481619Z   lookup-only: false
2026-10-02T05:01:13.9481833Z   save-always: false
2026-10-02T05:01:13.9482031Z env:
2026-10-02T05:01:13.9485344Z   GH_TOKEN: ***
2026-10-02T05:01:13.9485641Z   pythonLocation: /opt/hostedtoolcache/Python/3.12.14/x64
2026-10-02T05:01:13.9486432Z   PKG_CONFIG_PATH: /opt/hostedtoolcache/Python/3.12.14/x64/lib/pkgconfig
2026-10-02T05:01:13.9487250Z   Python_ROOT_DIR: /opt/hostedtoolcache/Python/3.12.14/x64
2026-10-02T05:01:13.9487677Z   Python2_ROOT_DIR: /opt/hostedtoolcache/Python/3.12.14/x64
2026-10-02T05:01:13.9488056Z   Python3_ROOT_DIR: /opt/hostedtoolcache/Python/3.12.14/x64
2026-10-02T05:01:13.9488432Z   LD_LIBRARY_PATH: /opt/hostedtoolcache/Python/3.12.14/x64/lib
2026-10-02T05:01:13.9488749Z ##[endgroup]
2026-10-02T05:01:14.0583869Z (node:2353) [DEP0040] DeprecationWarning: The `punycode` module is deprecated. Please use a userland alternative instead.
2026-10-02T05:01:14.0584706Z (Use `node --trace-deprecation ...` to show where the warning was created)
2026-10-02T05:01:14.2921859Z Cache not found for input keys: residual-reversion-v10-dev-1m-shard-2, cross-sectional-leader-v9-dev-1m-shard-2, premium-absorption-v8-dev-1m-shard-2, factor-lag-v6-dev-1m-shard-2
2026-10-02T05:01:14.3007268Z ##[group]Run set -euo pipefail
2026-10-02T05:01:14.3007783Z [36;1mset -euo pipefail[0m
2026-10-02T05:01:14.3009101Z [36;1mpython scripts/residual_reversion_v10.py scan --stage DEV --data data --btc btc/BTCUSDT.csv.gz --source-check source-check.json --out dev-2 --minute-cache cache/verified-1m[0m
2026-10-02T05:01:14.3074162Z shell: /usr/bin/bash --noprofile --norc -e -o pipefail {0}
2026-10-02T05:01:14.3074499Z env:
2026-10-02T05:01:14.3077220Z   GH_TOKEN: ***
2026-10-02T05:01:14.3077508Z   pythonLocation: /opt/hostedtoolcache/Python/3.12.14/x64
2026-10-02T05:01:14.3077945Z   PKG_CONFIG_PATH: /opt/hostedtoolcache/Python/3.12.14/x64/lib/pkgconfig
2026-10-02T05:01:14.3078387Z   Python_ROOT_DIR: /opt/hostedtoolcache/Python/3.12.14/x64
2026-10-02T05:01:14.3078775Z   Python2_ROOT_DIR: /opt/hostedtoolcache/Python/3.12.14/x64
2026-10-02T05:01:14.3079145Z   Python3_ROOT_DIR: /opt/hostedtoolcache/Python/3.12.14/x64
2026-10-02T05:01:14.3079576Z   LD_LIBRARY_PATH: /opt/hostedtoolcache/Python/3.12.14/x64/lib
2026-10-02T05:01:14.3079905Z ##[endgroup]
2026-10-02T05:01:51.7866401Z V10_RESIDUAL_SCAN DEV 16 / 107 parameterized_outcomes 5250
2026-10-02T05:02:02.5868027Z V10_RESIDUAL_SCAN DEV 32 / 107 parameterized_outcomes 6900
2026-10-02T05:02:28.4661654Z V10_RESIDUAL_SCAN DEV 40 / 107 parameterized_outcomes 12146
2026-10-02T05:04:48.6257858Z V10_RESIDUAL_SCAN DEV 72 / 107 parameterized_outcomes 35264
2026-10-02T05:04:59.3080227Z V10_RESIDUAL_SCAN DEV 88 / 107 parameterized_outcomes 37136
2026-10-02T05:05:50.7821946Z V10_RESIDUAL_SCAN_DONE DEV 44500 chronology_exclusions 32
2026-10-02T05:05:50.8570064Z ##[group]Run actions/upload-artifact@v4
2026-10-02T05:05:50.8570362Z with:
2026-10-02T05:05:50.8570577Z   name: residual-reversion-v10-dev-2
2026-10-02T05:05:50.8570839Z   path: dev-2/
2026-10-02T05:05:50.8571038Z   retention-days: 30
2026-10-02T05:05:50.8571246Z   compression-level: 0
2026-10-02T05:05:50.8571463Z   if-no-files-found: warn
2026-10-02T05:05:50.8571682Z   overwrite: false
2026-10-02T05:05:50.8571894Z   include-hidden-files: false
2026-10-02T05:05:50.8572121Z env:
2026-10-02T05:05:50.8575575Z   GH_TOKEN: ***
2026-10-02T05:05:50.8575892Z   pythonLocation: /opt/hostedtoolcache/Python/3.12.14/x64
2026-10-02T05:05:50.8576318Z   PKG_CONFIG_PATH: /opt/hostedtoolcache/Python/3.12.14/x64/lib/pkgconfig
2026-10-02T05:05:50.8576734Z   Python_ROOT_DIR: /opt/hostedtoolcache/Python/3.12.14/x64
2026-10-02T05:05:50.8577100Z   Python2_ROOT_DIR: /opt/hostedtoolcache/Python/3.12.14/x64
2026-10-02T05:05:50.8577466Z   Python3_ROOT_DIR: /opt/hostedtoolcache/Python/3.12.14/x64
2026-10-02T05:05:50.8577863Z   LD_LIBRARY_PATH: /opt/hostedtoolcache/Python/3.12.14/x64/lib
2026-10-02T05:05:50.8578184Z ##[endgroup]
2026-10-02T05:05:51.0258355Z (node:2502) [DEP0040] DeprecationWarning: The `punycode` module is deprecated. Please use a userland alternative instead.
2026-10-02T05:05:51.0259559Z (Use `node --trace-deprecation ...` to show where the warning was created)
2026-10-02T05:05:51.0992603Z With the provided path, there will be 331 files uploaded
2026-10-02T05:05:51.0999331Z Artifact name is valid!
2026-10-02T05:05:51.0999896Z Root directory input is valid!
2026-10-02T05:05:51.5070828Z Beginning upload of artifact content to blob storage
2026-10-02T05:05:51.6680673Z (node:2502) [DEP0169] DeprecationWarning: `url.parse()` behavior is not standardized and prone to errors that have security implications. Use the WHATWG URL API instead. CVEs are not issued for `url.parse()` vulnerabilities.
2026-10-02T05:05:52.5309895Z Uploaded bytes 8388608
2026-10-02T05:05:52.6414400Z Uploaded bytes 16777216
2026-10-02T05:05:52.6581407Z Uploaded bytes 25165824
2026-10-02T05:05:52.6762147Z Uploaded bytes 33554432
2026-10-02T05:05:52.8149500Z Uploaded bytes 41943040
2026-10-02T05:05:52.9381872Z Uploaded bytes 50331648
2026-10-02T05:05:52.9628835Z Uploaded bytes 58720256
2026-10-02T05:05:53.0035751Z Uploaded bytes 67108864
2026-10-02T05:05:53.0904066Z Uploaded bytes 75497472
2026-10-02T05:05:53.2254667Z Uploaded bytes 83886080
2026-10-02T05:05:53.2529346Z Uploaded bytes 92274688
2026-10-02T05:05:53.2683734Z Uploaded bytes 100663296
2026-10-02T05:05:53.3512999Z Uploaded bytes 109051904
2026-10-02T05:05:53.4721829Z Uploaded bytes 117440512
2026-10-02T05:05:53.5444708Z Uploaded bytes 125829120
2026-10-02T05:05:53.5706218Z Uploaded bytes 134217728
2026-10-02T05:05:53.6122254Z Uploaded bytes 142606336
2026-10-02T05:05:53.7471130Z Uploaded bytes 150994944
2026-10-02T05:05:54.0846571Z Uploaded bytes 158232091
2026-10-02T05:05:54.1591912Z Finished uploading artifact content to blob storage!
2026-10-02T05:05:54.1595708Z SHA256 digest of uploaded artifact zip is 11523191f1bd381a121aa7b7bce7b4bbc5f461bd1797895bfc0b25095538765c
2026-10-02T05:05:54.1598542Z Finalizing artifact upload
2026-10-02T05:05:54.4135057Z Artifact residual-reversion-v10-dev-2.zip successfully finalized. Artifact ID 11210437505
2026-10-02T05:05:54.4136636Z Artifact residual-reversion-v10-dev-2 has been successfully uploaded! Final size is 158232091 bytes. Artifact ID is 11210437505
2026-10-02T05:05:54.4143490Z Artifact download URL: https://github.com/duuu-hub/bb-scanner/actions/runs/36966622286/artifacts/11210437505
2026-10-02T05:05:54.4384834Z Post job cleanup.
2026-10-02T05:05:54.5405696Z (node:2520) [DEP0040] DeprecationWarning: The `punycode` module is deprecated. Please use a userland alternative instead.
2026-10-02T05:05:54.5407131Z (Use `node --trace-deprecation ...` to show where the warning was created)
2026-10-02T05:05:54.5629784Z [command]/usr/bin/tar --posix -cf cache.tzst --exclude cache.tzst -P -C /home/runner/work/bb-scanner/bb-scanner --files-from manifest.txt --use-compress-program zstdmt
2026-10-02T05:05:55.1747896Z (node:2520) [DEP0169] DeprecationWarning: `url.parse()` behavior is not standardized and prone to errors that have security implications. Use the WHATWG URL API instead. CVEs are not issued for `url.parse()` vulnerabilities.
2026-10-02T05:05:56.1640707Z Sent 0 of 185970296 (0.0%), 0.0 MBs/sec
2026-10-02T05:05:57.1644295Z Sent 51752568 of 185970296 (27.8%), 24.7 MBs/sec
2026-10-02T05:05:57.9322453Z Sent 185970296 of 185970296 (100.0%), 64.1 MBs/sec
2026-10-02T05:05:58.0718885Z Cache saved with key: residual-reversion-v10-dev-1m-shard-2
2026-10-02T05:05:58.0845350Z Post job cleanup.
2026-10-02T05:05:58.1916792Z (node:2540) [DEP0040] DeprecationWarning: The `punycode` module is deprecated. Please use a userland alternative instead.
2026-10-02T05:05:58.1917754Z (Use `node --trace-deprecation ...` to show where the warning was created)
2026-10-02T05:05:58.2110113Z [command]/usr/bin/tar --posix -cf cache.tzst --exclude cache.tzst -P -C /home/runner/work/bb-scanner/bb-scanner --files-from manifest.txt --use-compress-program zstdmt
2026-10-02T05:05:58.7597538Z (node:2540) [DEP0169] DeprecationWarning: `url.parse()` behavior is not standardized and prone to errors that have security implications. Use the WHATWG URL API instead. CVEs are not issued for `url.parse()` vulnerabilities.
2026-10-02T05:05:59.7477217Z Sent 0 of 248656481 (0.0%), 0.0 MBs/sec
2026-10-02T05:06:00.7487709Z Sent 47329889 of 248656481 (19.0%), 22.5 MBs/sec
2026-10-02T05:06:01.0099659Z Sent 248656481 of 248656481 (100.0%), 104.8 MBs/sec
2026-10-02T05:06:01.1399527Z Cache saved with key: frozen-source-36095439671-15m-shard-2
2026-10-02T05:06:01.1531743Z Post job cleanup.
2026-10-02T05:06:01.2720299Z (node:2562) [DEP0040] DeprecationWarning: The `punycode` module is deprecated. Please use a userland alternative instead.
2026-10-02T05:06:01.2721190Z (Use `node --trace-deprecation ...` to show where the warning was created)
2026-10-02T05:06:01.2913244Z Post job cleanup.
2026-10-02T05:06:01.3826401Z [command]/usr/bin/git version
2026-10-02T05:06:01.3872075Z git version 2.55.0
2026-10-02T05:06:01.3911202Z Temporarily overriding HOME='/home/runner/work/_temp/28a25d28-ffd0-4009-9586-ecbde0496619' before making global git config changes
2026-10-02T05:06:01.3912612Z Adding repository directory to the temporary git global config as a safe directory
2026-10-02T05:06:01.3918556Z [command]/usr/bin/git config --global --add safe.directory /home/runner/work/bb-scanner/bb-scanner
2026-10-02T05:06:01.3959768Z [command]/usr/bin/git config --local --name-only --get-regexp core\.sshCommand
2026-10-02T05:06:01.4000608Z [command]/usr/bin/git submodule foreach --recursive sh -c "git config --local --name-only --get-regexp 'core\.sshCommand' && git config --local --unset-all 'core.sshCommand' || :"
2026-10-02T05:06:01.4274905Z [command]/usr/bin/git config --local --name-only --get-regexp http\.https\:\/\/github\.com\/\.extraheader
2026-10-02T05:06:01.4310882Z http.https://github.com/.extraheader
2026-10-02T05:06:01.4323535Z [command]/usr/bin/git config --local --unset-all http.https://github.com/.extraheader
2026-10-02T05:06:01.4365628Z [command]/usr/bin/git submodule foreach --recursive sh -c "git config --local --name-only --get-regexp 'http\.https\:\/\/github\.com\/\.extraheader' && git config --local --unset-all 'http.https://github.com/.extraheader' || :"
2026-10-02T05:06:01.4629807Z [command]/usr/bin/git config --local --name-only --get-regexp ^includeIf\.gitdir:
2026-10-02T05:06:01.4694300Z [command]/usr/bin/git submodule foreach --recursive git config --local --show-origin --name-only --get-regexp remote.origin.url
2026-10-02T05:06:01.5119458Z Cleaning up orphan processes
2026-10-02T05:06:01.5557584Z ##[warning]Node.js 20 is deprecated. The following actions target Node.js 20 but are being forced to run on Node.js 24: actions/cache@v4, actions/checkout@v4, actions/setup-python@v5, actions/upload-artifact@v4. For more information see: https://github.blog/changelog/2025-09-19-deprecation-of-node-20-on-github-actions-runners/
