2026-10-02T04:59:53.4047450Z Current runner version: '2.337.0'
2026-10-02T04:59:53.4073266Z ##[group]Runner Image Provisioner
2026-10-02T04:59:53.4074065Z Hosted Compute Agent
2026-10-02T04:59:53.4074636Z Version: 20260901.588
2026-10-02T04:59:53.4075213Z Commit: f88ec8081b781fac6c440065ac7ff9e710ce3d0b
2026-10-02T04:59:53.4075908Z Build Date: 2026-09-01T19:56:44Z
2026-10-02T04:59:53.4076571Z Worker ID: {7be6df3d-866e-4123-8302-e909f881c1bc}
2026-10-02T04:59:53.4077209Z Azure Region: westus3
2026-10-02T04:59:53.4077728Z ##[endgroup]
2026-10-02T04:59:53.4079201Z ##[group]Operating System
2026-10-02T04:59:53.4079794Z Ubuntu
2026-10-02T04:59:53.4080300Z 24.04.5
2026-10-02T04:59:53.4081058Z LTS
2026-10-02T04:59:53.4081885Z ##[endgroup]
2026-10-02T04:59:53.4082450Z ##[group]Runner Image
2026-10-02T04:59:53.4083050Z Image: ubuntu-24.04
2026-10-02T04:59:53.4083584Z Version: 20260927.320.1
2026-10-02T04:59:53.4084770Z Included Software: https://github.com/actions/runner-images/blob/ubuntu24/20260927.320/images/ubuntu/Ubuntu2404-Readme.md
2026-10-02T04:59:53.4086230Z Image Release: https://github.com/actions/runner-images/releases/tag/ubuntu24%2F20260927.320
2026-10-02T04:59:53.4087161Z ##[endgroup]
2026-10-02T04:59:53.4088252Z ##[group]GITHUB_TOKEN Permissions
2026-10-02T04:59:53.4090508Z Actions: read
2026-10-02T04:59:53.4091401Z Contents: read
2026-10-02T04:59:53.4091928Z Metadata: read
2026-10-02T04:59:53.4092418Z ##[endgroup]
2026-10-02T04:59:53.4094606Z Secret source: Actions
2026-10-02T04:59:53.4095465Z Cache mode: write
2026-10-02T04:59:53.4096169Z Prepare workflow directory
2026-10-02T04:59:53.4652797Z Prepare all required actions
2026-10-02T04:59:53.4703167Z Getting action download info
2026-10-02T04:59:53.7882292Z Download action repository 'actions/checkout@v4' (SHA:11d5960a326750d5838078e36cf38b85af677262)
2026-10-02T04:59:53.8889137Z Download action repository 'actions/setup-python@v5' (SHA:a26af69be951a213d495a4c3e4e4022e16d87065)
2026-10-02T04:59:54.0217034Z Download action repository 'actions/cache@v4' (SHA:0057852bfaa89a56745cba8c7296529d2fc39830)
2026-10-02T04:59:54.1952305Z Download action repository 'actions/upload-artifact@v4' (SHA:ea165f8d65b6e75b540449e92b4886f43607fa02)
2026-10-02T04:59:54.3897445Z Complete job name: development (4)
2026-10-02T04:59:54.4784667Z ##[group]Run actions/checkout@v4
2026-10-02T04:59:54.4785504Z with:
2026-10-02T04:59:54.4785946Z   repository: duuu-hub/bb-scanner
2026-10-02T04:59:54.4789745Z   token: ***
2026-10-02T04:59:54.4790161Z   ssh-strict: true
2026-10-02T04:59:54.4790782Z   ssh-user: git
2026-10-02T04:59:54.4791363Z   persist-credentials: true
2026-10-02T04:59:54.4791830Z   clean: true
2026-10-02T04:59:54.4792251Z   sparse-checkout-cone-mode: true
2026-10-02T04:59:54.4792731Z   fetch-depth: 1
2026-10-02T04:59:54.4793124Z   fetch-tags: false
2026-10-02T04:59:54.4793532Z   show-progress: true
2026-10-02T04:59:54.4793946Z   lfs: false
2026-10-02T04:59:54.4794341Z   submodules: false
2026-10-02T04:59:54.4794781Z   set-safe-directory: true
2026-10-02T04:59:54.4795261Z   allow-unsafe-pr-checkout: false
2026-10-02T04:59:54.4796124Z env:
2026-10-02T04:59:54.4799753Z   GH_TOKEN: ***
2026-10-02T04:59:54.4800163Z ##[endgroup]
2026-10-02T04:59:54.5893330Z Syncing repository: duuu-hub/bb-scanner
2026-10-02T04:59:54.5895699Z ##[group]Getting Git version info
2026-10-02T04:59:54.5896438Z Working directory is '/home/runner/work/bb-scanner/bb-scanner'
2026-10-02T04:59:54.5897711Z [command]/usr/bin/git version
2026-10-02T04:59:54.5990066Z git version 2.55.0
2026-10-02T04:59:54.6022811Z ##[endgroup]
2026-10-02T04:59:54.6038308Z Temporarily overriding HOME='/home/runner/work/_temp/1da71d01-4337-4594-8fe5-d3296982f934' before making global git config changes
2026-10-02T04:59:54.6040808Z Adding repository directory to the temporary git global config as a safe directory
2026-10-02T04:59:54.6046939Z [command]/usr/bin/git config --global --add safe.directory /home/runner/work/bb-scanner/bb-scanner
2026-10-02T04:59:54.6103814Z Deleting the contents of '/home/runner/work/bb-scanner/bb-scanner'
2026-10-02T04:59:54.6110733Z ##[group]Initializing the repository
2026-10-02T04:59:54.6116040Z [command]/usr/bin/git init /home/runner/work/bb-scanner/bb-scanner
2026-10-02T04:59:54.6217795Z hint: Using 'master' as the name for the initial branch. This default branch name
2026-10-02T04:59:54.6220049Z hint: will change to "main" in Git 3.0. To configure the initial branch name
2026-10-02T04:59:54.6222660Z hint: to use in all of your new repositories, which will suppress this warning,
2026-10-02T04:59:54.6224137Z hint: call:
2026-10-02T04:59:54.6225053Z hint:
2026-10-02T04:59:54.6226152Z hint: 	git config --global init.defaultBranch <name>
2026-10-02T04:59:54.6227428Z hint:
2026-10-02T04:59:54.6228744Z hint: Names commonly chosen instead of 'master' are 'main', 'trunk' and
2026-10-02T04:59:54.6231164Z hint: 'development'. The just-created branch can be renamed via this command:
2026-10-02T04:59:54.6232800Z hint:
2026-10-02T04:59:54.6233807Z hint: 	git branch -m <name>
2026-10-02T04:59:54.6234889Z hint:
2026-10-02T04:59:54.6236194Z hint: Disable this message with "git config set advice.defaultBranchName false"
2026-10-02T04:59:54.6239046Z Initialized empty Git repository in /home/runner/work/bb-scanner/bb-scanner/.git/
2026-10-02T04:59:54.6243085Z [command]/usr/bin/git remote add origin https://github.com/duuu-hub/bb-scanner
2026-10-02T04:59:54.6278848Z ##[endgroup]
2026-10-02T04:59:54.6284821Z ##[group]Disabling automatic garbage collection
2026-10-02T04:59:54.6285981Z [command]/usr/bin/git config --local gc.auto 0
2026-10-02T04:59:54.6316494Z ##[endgroup]
2026-10-02T04:59:54.6317709Z ##[group]Setting up auth
2026-10-02T04:59:54.6325141Z [command]/usr/bin/git config --local --name-only --get-regexp core\.sshCommand
2026-10-02T04:59:54.6357166Z [command]/usr/bin/git submodule foreach --recursive sh -c "git config --local --name-only --get-regexp 'core\.sshCommand' && git config --local --unset-all 'core.sshCommand' || :"
2026-10-02T04:59:54.6704920Z [command]/usr/bin/git config --local --name-only --get-regexp http\.https\:\/\/github\.com\/\.extraheader
2026-10-02T04:59:54.6754455Z [command]/usr/bin/git submodule foreach --recursive sh -c "git config --local --name-only --get-regexp 'http\.https\:\/\/github\.com\/\.extraheader' && git config --local --unset-all 'http.https://github.com/.extraheader' || :"
2026-10-02T04:59:54.6954287Z [command]/usr/bin/git config --local --name-only --get-regexp ^includeIf\.gitdir:
2026-10-02T04:59:54.6986536Z [command]/usr/bin/git submodule foreach --recursive git config --local --show-origin --name-only --get-regexp remote.origin.url
2026-10-02T04:59:54.7176084Z [command]/usr/bin/git config --local http.https://github.com/.extraheader AUTHORIZATION: basic ***
2026-10-02T04:59:54.7213291Z ##[endgroup]
2026-10-02T04:59:54.7214267Z ##[group]Fetching the repository
2026-10-02T04:59:54.7223239Z [command]/usr/bin/git -c protocol.version=2 fetch --no-tags --prune --no-recurse-submodules --depth=1 origin +18270ece2a1923591e14ae706ce9b91e79ddd76a:refs/remotes/origin/research-residual-reversion-v10
2026-10-02T04:59:56.1948386Z From https://github.com/duuu-hub/bb-scanner
2026-10-02T04:59:56.1951004Z  * [new ref]         18270ece2a1923591e14ae706ce9b91e79ddd76a -> origin/research-residual-reversion-v10
2026-10-02T04:59:56.1955842Z ##[endgroup]
2026-10-02T04:59:56.1957316Z ##[group]Determining the checkout info
2026-10-02T04:59:56.1958986Z ##[endgroup]
2026-10-02T04:59:56.1962546Z [command]/usr/bin/git sparse-checkout disable
2026-10-02T04:59:56.2013328Z [command]/usr/bin/git config --local --unset-all extensions.worktreeConfig
2026-10-02T04:59:56.2046629Z ##[group]Checking out the ref
2026-10-02T04:59:56.2053738Z [command]/usr/bin/git checkout --progress --force -B research-residual-reversion-v10 refs/remotes/origin/research-residual-reversion-v10
2026-10-02T04:59:56.4149919Z Switched to a new branch 'research-residual-reversion-v10'
2026-10-02T04:59:56.4154419Z branch 'research-residual-reversion-v10' set up to track 'origin/research-residual-reversion-v10'.
2026-10-02T04:59:56.4186896Z ##[endgroup]
2026-10-02T04:59:56.4214148Z [command]/usr/bin/git log -1 --format=%H
2026-10-02T04:59:56.4237815Z 18270ece2a1923591e14ae706ce9b91e79ddd76a
2026-10-02T04:59:56.4589202Z ##[group]Run actions/setup-python@v5
2026-10-02T04:59:56.4590383Z with:
2026-10-02T04:59:56.4591342Z   python-version: 3.12
2026-10-02T04:59:56.4592289Z   check-latest: false
2026-10-02T04:59:56.4601561Z   token: ***
2026-10-02T04:59:56.4602443Z   update-environment: true
2026-10-02T04:59:56.4603454Z   allow-prereleases: false
2026-10-02T04:59:56.4604435Z   freethreaded: false
2026-10-02T04:59:56.4605314Z env:
2026-10-02T04:59:56.4614215Z   GH_TOKEN: ***
2026-10-02T04:59:56.4615051Z ##[endgroup]
2026-10-02T04:59:56.5996022Z ##[group]Installed versions
2026-10-02T04:59:56.6079207Z (node:2220) [DEP0040] DeprecationWarning: The `punycode` module is deprecated. Please use a userland alternative instead.
2026-10-02T04:59:56.6083815Z (Use `node --trace-deprecation ...` to show where the warning was created)
2026-10-02T04:59:56.6086845Z Successfully set up CPython (3.12.14)
2026-10-02T04:59:56.6089821Z ##[endgroup]
2026-10-02T04:59:56.6261327Z ##[group]Run set -euo pipefail
2026-10-02T04:59:56.6262853Z [36;1mset -euo pipefail[0m
2026-10-02T04:59:56.6264020Z [36;1mpip install pandas==2.3.3 numpy==2.3.3[0m
2026-10-02T04:59:56.6738163Z shell: /usr/bin/bash --noprofile --norc -e -o pipefail {0}
2026-10-02T04:59:56.6739524Z env:
2026-10-02T04:59:56.6748298Z   GH_TOKEN: ***
2026-10-02T04:59:56.6749419Z   pythonLocation: /opt/hostedtoolcache/Python/3.12.14/x64
2026-10-02T04:59:56.6751107Z   PKG_CONFIG_PATH: /opt/hostedtoolcache/Python/3.12.14/x64/lib/pkgconfig
2026-10-02T04:59:56.6752747Z   Python_ROOT_DIR: /opt/hostedtoolcache/Python/3.12.14/x64
2026-10-02T04:59:56.6754216Z   Python2_ROOT_DIR: /opt/hostedtoolcache/Python/3.12.14/x64
2026-10-02T04:59:56.6755703Z   Python3_ROOT_DIR: /opt/hostedtoolcache/Python/3.12.14/x64
2026-10-02T04:59:56.6757203Z   LD_LIBRARY_PATH: /opt/hostedtoolcache/Python/3.12.14/x64/lib
2026-10-02T04:59:56.6758482Z ##[endgroup]
2026-10-02T05:00:00.2712417Z Collecting pandas==2.3.3
2026-10-02T05:00:00.3422708Z   Downloading pandas-2.3.3-cp312-cp312-manylinux_2_24_x86_64.manylinux_2_28_x86_64.whl.metadata (91 kB)
2026-10-02T05:00:00.5605074Z Collecting numpy==2.3.3
2026-10-02T05:00:00.5715317Z   Downloading numpy-2.3.3-cp312-cp312-manylinux_2_27_x86_64.manylinux_2_28_x86_64.whl.metadata (62 kB)
2026-10-02T05:00:00.6024131Z Collecting python-dateutil>=2.8.2 (from pandas==2.3.3)
2026-10-02T05:00:00.6128965Z   Downloading python_dateutil-2.9.0.post0-py2.py3-none-any.whl.metadata (8.4 kB)
2026-10-02T05:00:00.6436331Z Collecting pytz>=2020.1 (from pandas==2.3.3)
2026-10-02T05:00:00.6542789Z   Downloading pytz-2026.4-py2.py3-none-any.whl.metadata (22 kB)
2026-10-02T05:00:00.6687518Z Collecting tzdata>=2022.7 (from pandas==2.3.3)
2026-10-02T05:00:00.6791620Z   Downloading tzdata-2026.4-py2.py3-none-any.whl.metadata (1.4 kB)
2026-10-02T05:00:00.6921358Z Collecting six>=1.5 (from python-dateutil>=2.8.2->pandas==2.3.3)
2026-10-02T05:00:00.7028665Z   Downloading six-1.17.0-py2.py3-none-any.whl.metadata (1.7 kB)
2026-10-02T05:00:00.7172442Z Downloading pandas-2.3.3-cp312-cp312-manylinux_2_24_x86_64.manylinux_2_28_x86_64.whl (12.4 MB)
2026-10-02T05:00:01.1367883Z    ━━━━━━━━━━━━━━━━━━━━━━━━━━━━━━━━━━━━━━━━ 12.4/12.4 MB 31.2 MB/s  0:00:00
2026-10-02T05:00:01.1489358Z Downloading numpy-2.3.3-cp312-cp312-manylinux_2_27_x86_64.manylinux_2_28_x86_64.whl (16.6 MB)
2026-10-02T05:00:01.3041119Z    ━━━━━━━━━━━━━━━━━━━━━━━━━━━━━━━━━━━━━━━━ 16.6/16.6 MB 108.0 MB/s  0:00:00
2026-10-02T05:00:01.3145534Z Downloading python_dateutil-2.9.0.post0-py2.py3-none-any.whl (229 kB)
2026-10-02T05:00:01.3278891Z Downloading pytz-2026.4-py2.py3-none-any.whl (506 kB)
2026-10-02T05:00:01.3419201Z Downloading six-1.17.0-py2.py3-none-any.whl (11 kB)
2026-10-02T05:00:01.3544350Z Downloading tzdata-2026.4-py2.py3-none-any.whl (347 kB)
2026-10-02T05:00:01.7043119Z Installing collected packages: pytz, tzdata, six, numpy, python-dateutil, pandas
2026-10-02T05:00:08.1739860Z 
2026-10-02T05:00:08.1752726Z Successfully installed numpy-2.3.3 pandas-2.3.3 python-dateutil-2.9.0.post0 pytz-2026.4 six-1.17.0 tzdata-2026.4
2026-10-02T05:00:08.2562457Z ##[group]Run actions/cache@v4
2026-10-02T05:00:08.2562723Z with:
2026-10-02T05:00:08.2562925Z   path: data
2026-10-02T05:00:08.2563149Z   key: frozen-source-36095439671-15m-shard-4
2026-10-02T05:00:08.2563443Z   enableCrossOsArchive: false
2026-10-02T05:00:08.2563680Z   fail-on-cache-miss: false
2026-10-02T05:00:08.2563932Z   lookup-only: false
2026-10-02T05:00:08.2564143Z   save-always: false
2026-10-02T05:00:08.2564367Z env:
2026-10-02T05:00:08.2566785Z   GH_TOKEN: ***
2026-10-02T05:00:08.2567049Z   pythonLocation: /opt/hostedtoolcache/Python/3.12.14/x64
2026-10-02T05:00:08.2567465Z   PKG_CONFIG_PATH: /opt/hostedtoolcache/Python/3.12.14/x64/lib/pkgconfig
2026-10-02T05:00:08.2567880Z   Python_ROOT_DIR: /opt/hostedtoolcache/Python/3.12.14/x64
2026-10-02T05:00:08.2568252Z   Python2_ROOT_DIR: /opt/hostedtoolcache/Python/3.12.14/x64
2026-10-02T05:00:08.2568622Z   Python3_ROOT_DIR: /opt/hostedtoolcache/Python/3.12.14/x64
2026-10-02T05:00:08.2569068Z   LD_LIBRARY_PATH: /opt/hostedtoolcache/Python/3.12.14/x64/lib
2026-10-02T05:00:08.2569380Z ##[endgroup]
2026-10-02T05:00:08.3621455Z (node:2263) [DEP0040] DeprecationWarning: The `punycode` module is deprecated. Please use a userland alternative instead.
2026-10-02T05:00:08.3622157Z (Use `node --trace-deprecation ...` to show where the warning was created)
2026-10-02T05:00:08.5689219Z Cache not found for input keys: frozen-source-36095439671-15m-shard-4
2026-10-02T05:00:08.5763164Z ##[group]Run set -euo pipefail
2026-10-02T05:00:08.5763484Z [36;1mset -euo pipefail[0m
2026-10-02T05:00:08.5763731Z [36;1mif [ '' != 'true' ]; then[0m
2026-10-02T05:00:08.5764222Z [36;1m  gh run download 36095439671 -R duuu-hub/bb-scanner -n rank5-binance-um-15m-5y-data-shard-4 -D data[0m
2026-10-02T05:00:08.5764686Z [36;1mfi[0m
2026-10-02T05:00:08.5765030Z [36;1mgh run download 36858492497 -R duuu-hub/bb-scanner -n day-edge-v2-btc -D btc[0m
2026-10-02T05:00:08.5765696Z [36;1mgh run download 36095439671 -R duuu-hub/bb-scanner -n rank5-binance-um-15m-5y-manifest-shard-4 -D source-manifest[0m
2026-10-02T05:00:08.5766722Z [36;1mpython scripts/research_evidence_archive.py verify-source --data data --manifests source-manifest --baseline research/residual-reversion-v10/FROZEN_INPUT_HASHES.json --out source-check.json[0m
2026-10-02T05:00:08.5808098Z shell: /usr/bin/bash --noprofile --norc -e -o pipefail {0}
2026-10-02T05:00:08.5808449Z env:
2026-10-02T05:00:08.5811211Z   GH_TOKEN: ***
2026-10-02T05:00:08.5811488Z   pythonLocation: /opt/hostedtoolcache/Python/3.12.14/x64
2026-10-02T05:00:08.5811902Z   PKG_CONFIG_PATH: /opt/hostedtoolcache/Python/3.12.14/x64/lib/pkgconfig
2026-10-02T05:00:08.5812321Z   Python_ROOT_DIR: /opt/hostedtoolcache/Python/3.12.14/x64
2026-10-02T05:00:08.5812685Z   Python2_ROOT_DIR: /opt/hostedtoolcache/Python/3.12.14/x64
2026-10-02T05:00:08.5813327Z   Python3_ROOT_DIR: /opt/hostedtoolcache/Python/3.12.14/x64
2026-10-02T05:00:08.5813764Z   LD_LIBRARY_PATH: /opt/hostedtoolcache/Python/3.12.14/x64/lib
2026-10-02T05:00:08.5814154Z ##[endgroup]
2026-10-02T05:00:28.3897246Z FROZEN_SOURCE_VERIFIED 107 files 37 prior SHA256 matches
2026-10-02T05:00:28.4499755Z ##[group]Run actions/cache@v4
2026-10-02T05:00:28.4500056Z with:
2026-10-02T05:00:28.4500291Z   path: cache/verified-1m
2026-10-02T05:00:28.4500822Z   key: residual-reversion-v10-dev-1m-shard-4
2026-10-02T05:00:28.4501589Z   restore-keys: cross-sectional-leader-v9-dev-1m-shard-4
premium-absorption-v8-dev-1m-shard-4
factor-lag-v6-dev-1m-shard-4
2026-10-02T05:00:28.4502276Z   enableCrossOsArchive: false
2026-10-02T05:00:28.4502567Z   fail-on-cache-miss: false
2026-10-02T05:00:28.4502848Z   lookup-only: false
2026-10-02T05:00:28.4503095Z   save-always: false
2026-10-02T05:00:28.4503323Z env:
2026-10-02T05:00:28.4505837Z   GH_TOKEN: ***
2026-10-02T05:00:28.4506112Z   pythonLocation: /opt/hostedtoolcache/Python/3.12.14/x64
2026-10-02T05:00:28.4506527Z   PKG_CONFIG_PATH: /opt/hostedtoolcache/Python/3.12.14/x64/lib/pkgconfig
2026-10-02T05:00:28.4507126Z   Python_ROOT_DIR: /opt/hostedtoolcache/Python/3.12.14/x64
2026-10-02T05:00:28.4507537Z   Python2_ROOT_DIR: /opt/hostedtoolcache/Python/3.12.14/x64
2026-10-02T05:00:28.4507902Z   Python3_ROOT_DIR: /opt/hostedtoolcache/Python/3.12.14/x64
2026-10-02T05:00:28.4508267Z   LD_LIBRARY_PATH: /opt/hostedtoolcache/Python/3.12.14/x64/lib
2026-10-02T05:00:28.4508574Z ##[endgroup]
2026-10-02T05:00:28.5656120Z (node:2305) [DEP0040] DeprecationWarning: The `punycode` module is deprecated. Please use a userland alternative instead.
2026-10-02T05:00:28.5657151Z (Use `node --trace-deprecation ...` to show where the warning was created)
2026-10-02T05:00:28.7751121Z Cache not found for input keys: residual-reversion-v10-dev-1m-shard-4, cross-sectional-leader-v9-dev-1m-shard-4, premium-absorption-v8-dev-1m-shard-4, factor-lag-v6-dev-1m-shard-4
2026-10-02T05:00:28.7831385Z ##[group]Run set -euo pipefail
2026-10-02T05:00:28.7831726Z [36;1mset -euo pipefail[0m
2026-10-02T05:00:28.7832424Z [36;1mpython scripts/residual_reversion_v10.py scan --stage DEV --data data --btc btc/BTCUSDT.csv.gz --source-check source-check.json --out dev-4 --minute-cache cache/verified-1m[0m
2026-10-02T05:00:28.7874589Z shell: /usr/bin/bash --noprofile --norc -e -o pipefail {0}
2026-10-02T05:00:28.7874921Z env:
2026-10-02T05:00:28.7877756Z   GH_TOKEN: ***
2026-10-02T05:00:28.7878053Z   pythonLocation: /opt/hostedtoolcache/Python/3.12.14/x64
2026-10-02T05:00:28.7878475Z   PKG_CONFIG_PATH: /opt/hostedtoolcache/Python/3.12.14/x64/lib/pkgconfig
2026-10-02T05:00:28.7878884Z   Python_ROOT_DIR: /opt/hostedtoolcache/Python/3.12.14/x64
2026-10-02T05:00:28.7879257Z   Python2_ROOT_DIR: /opt/hostedtoolcache/Python/3.12.14/x64
2026-10-02T05:00:28.7879622Z   Python3_ROOT_DIR: /opt/hostedtoolcache/Python/3.12.14/x64
2026-10-02T05:00:28.7880059Z   LD_LIBRARY_PATH: /opt/hostedtoolcache/Python/3.12.14/x64/lib
2026-10-02T05:00:28.7880375Z ##[endgroup]
2026-10-02T05:01:01.5502929Z V10_RESIDUAL_SCAN DEV 8 / 107 parameterized_outcomes 6552
2026-10-02T05:01:21.3869281Z V10_RESIDUAL_SCAN DEV 16 / 107 parameterized_outcomes 10584
2026-10-02T05:02:17.7589330Z V10_RESIDUAL_SCAN DEV 48 / 107 parameterized_outcomes 19404
2026-10-02T05:02:44.5465904Z V10_RESIDUAL_SCAN DEV 56 / 107 parameterized_outcomes 24096
2026-10-02T05:03:34.5536462Z V10_RESIDUAL_SCAN DEV 96 / 107 parameterized_outcomes 30012
2026-10-02T05:03:50.4446884Z V10_RESIDUAL_SCAN_DONE DEV 31950 chronology_exclusions 0
2026-10-02T05:03:50.5190797Z ##[group]Run actions/upload-artifact@v4
2026-10-02T05:03:50.5191103Z with:
2026-10-02T05:03:50.5191324Z   name: residual-reversion-v10-dev-4
2026-10-02T05:03:50.5191584Z   path: dev-4/
2026-10-02T05:03:50.5191787Z   retention-days: 30
2026-10-02T05:03:50.5192005Z   compression-level: 0
2026-10-02T05:03:50.5192225Z   if-no-files-found: warn
2026-10-02T05:03:50.5192452Z   overwrite: false
2026-10-02T05:03:50.5192670Z   include-hidden-files: false
2026-10-02T05:03:50.5192901Z env:
2026-10-02T05:03:50.5195511Z   GH_TOKEN: ***
2026-10-02T05:03:50.5195793Z   pythonLocation: /opt/hostedtoolcache/Python/3.12.14/x64
2026-10-02T05:03:50.5196217Z   PKG_CONFIG_PATH: /opt/hostedtoolcache/Python/3.12.14/x64/lib/pkgconfig
2026-10-02T05:03:50.5196644Z   Python_ROOT_DIR: /opt/hostedtoolcache/Python/3.12.14/x64
2026-10-02T05:03:50.5197023Z   Python2_ROOT_DIR: /opt/hostedtoolcache/Python/3.12.14/x64
2026-10-02T05:03:50.5197397Z   Python3_ROOT_DIR: /opt/hostedtoolcache/Python/3.12.14/x64
2026-10-02T05:03:50.5197825Z   LD_LIBRARY_PATH: /opt/hostedtoolcache/Python/3.12.14/x64/lib
2026-10-02T05:03:50.5198147Z ##[endgroup]
2026-10-02T05:03:50.6850302Z (node:2359) [DEP0040] DeprecationWarning: The `punycode` module is deprecated. Please use a userland alternative instead.
2026-10-02T05:03:50.6851171Z (Use `node --trace-deprecation ...` to show where the warning was created)
2026-10-02T05:03:50.7227409Z With the provided path, there will be 246 files uploaded
2026-10-02T05:03:50.7235050Z Artifact name is valid!
2026-10-02T05:03:50.7235856Z Root directory input is valid!
2026-10-02T05:03:51.0764977Z Beginning upload of artifact content to blob storage
2026-10-02T05:03:51.2009104Z (node:2359) [DEP0169] DeprecationWarning: `url.parse()` behavior is not standardized and prone to errors that have security implications. Use the WHATWG URL API instead. CVEs are not issued for `url.parse()` vulnerabilities.
2026-10-02T05:03:51.9421575Z Uploaded bytes 8388608
2026-10-02T05:03:52.0286282Z Uploaded bytes 16777216
2026-10-02T05:03:52.0709295Z Uploaded bytes 25165824
2026-10-02T05:03:52.0913172Z Uploaded bytes 33554432
2026-10-02T05:03:52.1833479Z Uploaded bytes 41943040
2026-10-02T05:03:52.3175779Z Uploaded bytes 50331648
2026-10-02T05:03:52.3578538Z Uploaded bytes 58720256
2026-10-02T05:03:52.3694301Z Uploaded bytes 67108864
2026-10-02T05:03:52.4198708Z Uploaded bytes 75497472
2026-10-02T05:03:52.5929798Z Uploaded bytes 83886080
2026-10-02T05:03:52.6181436Z Uploaded bytes 92274688
2026-10-02T05:03:52.6517885Z Uploaded bytes 100663296
2026-10-02T05:03:52.6756027Z Uploaded bytes 109051904
2026-10-02T05:03:53.0083400Z Uploaded bytes 115563512
2026-10-02T05:03:53.0724063Z Finished uploading artifact content to blob storage!
2026-10-02T05:03:53.0725412Z SHA256 digest of uploaded artifact zip is 26dc499efea3563773c0f39b920fe2dd4ecfe76983324d4143d315532f6e3482
2026-10-02T05:03:53.0728561Z Finalizing artifact upload
2026-10-02T05:03:53.3471171Z Artifact residual-reversion-v10-dev-4.zip successfully finalized. Artifact ID 11210665360
2026-10-02T05:03:53.3472507Z Artifact residual-reversion-v10-dev-4 has been successfully uploaded! Final size is 115563512 bytes. Artifact ID is 11210665360
2026-10-02T05:03:53.3483309Z Artifact download URL: https://github.com/duuu-hub/bb-scanner/actions/runs/36966622286/artifacts/11210665360
2026-10-02T05:03:53.3695969Z Post job cleanup.
2026-10-02T05:03:53.4726097Z (node:2373) [DEP0040] DeprecationWarning: The `punycode` module is deprecated. Please use a userland alternative instead.
2026-10-02T05:03:53.4726861Z (Use `node --trace-deprecation ...` to show where the warning was created)
2026-10-02T05:03:53.4929213Z [command]/usr/bin/tar --posix -cf cache.tzst --exclude cache.tzst -P -C /home/runner/work/bb-scanner/bb-scanner --files-from manifest.txt --use-compress-program zstdmt
2026-10-02T05:03:53.9244076Z (node:2373) [DEP0169] DeprecationWarning: `url.parse()` behavior is not standardized and prone to errors that have security implications. Use the WHATWG URL API instead. CVEs are not issued for `url.parse()` vulnerabilities.
2026-10-02T05:03:54.9135726Z Sent 3195216 of 137412944 (2.3%), 3.0 MBs/sec
2026-10-02T05:03:55.5646264Z Sent 137412944 of 137412944 (100.0%), 79.4 MBs/sec
2026-10-02T05:03:55.6967432Z Cache saved with key: residual-reversion-v10-dev-1m-shard-4
2026-10-02T05:03:55.7116192Z Post job cleanup.
2026-10-02T05:03:55.8385030Z (node:2393) [DEP0040] DeprecationWarning: The `punycode` module is deprecated. Please use a userland alternative instead.
2026-10-02T05:03:55.8385741Z (Use `node --trace-deprecation ...` to show where the warning was created)
2026-10-02T05:03:55.8561718Z [command]/usr/bin/tar --posix -cf cache.tzst --exclude cache.tzst -P -C /home/runner/work/bb-scanner/bb-scanner --files-from manifest.txt --use-compress-program zstdmt
2026-10-02T05:03:56.3288238Z (node:2393) [DEP0169] DeprecationWarning: `url.parse()` behavior is not standardized and prone to errors that have security implications. Use the WHATWG URL API instead. CVEs are not issued for `url.parse()` vulnerabilities.
2026-10-02T05:03:57.3132761Z Sent 0 of 240222544 (0.0%), 0.0 MBs/sec
2026-10-02T05:03:58.1942849Z Sent 240222544 of 240222544 (100.0%), 121.7 MBs/sec
2026-10-02T05:03:58.3217730Z Cache saved with key: frozen-source-36095439671-15m-shard-4
2026-10-02T05:03:58.3327396Z Post job cleanup.
2026-10-02T05:03:58.4513829Z (node:2413) [DEP0040] DeprecationWarning: The `punycode` module is deprecated. Please use a userland alternative instead.
2026-10-02T05:03:58.4514550Z (Use `node --trace-deprecation ...` to show where the warning was created)
2026-10-02T05:03:58.4697452Z Post job cleanup.
2026-10-02T05:03:58.5615682Z [command]/usr/bin/git version
2026-10-02T05:03:58.5658386Z git version 2.55.0
2026-10-02T05:03:58.5701766Z Temporarily overriding HOME='/home/runner/work/_temp/7be4e2b3-d82a-43c2-a3ae-3c7b42c7a174' before making global git config changes
2026-10-02T05:03:58.5702520Z Adding repository directory to the temporary git global config as a safe directory
2026-10-02T05:03:58.5703117Z [command]/usr/bin/git config --global --add safe.directory /home/runner/work/bb-scanner/bb-scanner
2026-10-02T05:03:58.5781603Z [command]/usr/bin/git config --local --name-only --get-regexp core\.sshCommand
2026-10-02T05:03:58.5784633Z [command]/usr/bin/git submodule foreach --recursive sh -c "git config --local --name-only --get-regexp 'core\.sshCommand' && git config --local --unset-all 'core.sshCommand' || :"
2026-10-02T05:03:58.6003804Z [command]/usr/bin/git config --local --name-only --get-regexp http\.https\:\/\/github\.com\/\.extraheader
2026-10-02T05:03:58.6034256Z http.https://github.com/.extraheader
2026-10-02T05:03:58.6047453Z [command]/usr/bin/git config --local --unset-all http.https://github.com/.extraheader
2026-10-02T05:03:58.6082963Z [command]/usr/bin/git submodule foreach --recursive sh -c "git config --local --name-only --get-regexp 'http\.https\:\/\/github\.com\/\.extraheader' && git config --local --unset-all 'http.https://github.com/.extraheader' || :"
2026-10-02T05:03:58.6305635Z [command]/usr/bin/git config --local --name-only --get-regexp ^includeIf\.gitdir:
2026-10-02T05:03:58.6332314Z [command]/usr/bin/git submodule foreach --recursive git config --local --show-origin --name-only --get-regexp remote.origin.url
2026-10-02T05:03:58.6720983Z Cleaning up orphan processes
2026-10-02T05:03:58.6986962Z ##[warning]Node.js 20 is deprecated. The following actions target Node.js 20 but are being forced to run on Node.js 24: actions/cache@v4, actions/checkout@v4, actions/setup-python@v5, actions/upload-artifact@v4. For more information see: https://github.blog/changelog/2025-09-19-deprecation-of-node-20-on-github-actions-runners/
