2026-10-02T04:56:00.4925758Z Current runner version: '2.337.0'
2026-10-02T04:56:00.4944981Z ##[group]Runner Image Provisioner
2026-10-02T04:56:00.4945555Z Hosted Compute Agent
2026-10-02T04:56:00.4945958Z Version: 20260901.588
2026-10-02T04:56:00.4946349Z Commit: f88ec8081b781fac6c440065ac7ff9e710ce3d0b
2026-10-02T04:56:00.4946785Z Build Date: 2026-09-01T19:56:44Z
2026-10-02T04:56:00.4947227Z Worker ID: {44ea9793-0e55-40df-b716-1474380df39e}
2026-10-02T04:56:00.4947706Z Azure Region: centralus
2026-10-02T04:56:00.4948090Z ##[endgroup]
2026-10-02T04:56:00.4949146Z ##[group]Operating System
2026-10-02T04:56:00.4949513Z Ubuntu
2026-10-02T04:56:00.4949908Z 24.04.5
2026-10-02T04:56:00.4950228Z LTS
2026-10-02T04:56:00.4950824Z ##[endgroup]
2026-10-02T04:56:00.4951207Z ##[group]Runner Image
2026-10-02T04:56:00.4951564Z Image: ubuntu-24.04
2026-10-02T04:56:00.4951965Z Version: 20260927.320.1
2026-10-02T04:56:00.4952752Z Included Software: https://github.com/actions/runner-images/blob/ubuntu24/20260927.320/images/ubuntu/Ubuntu2404-Readme.md
2026-10-02T04:56:00.4953671Z Image Release: https://github.com/actions/runner-images/releases/tag/ubuntu24%2F20260927.320
2026-10-02T04:56:00.4954230Z ##[endgroup]
2026-10-02T04:56:00.4955029Z ##[group]GITHUB_TOKEN Permissions
2026-10-02T04:56:00.4956457Z Actions: read
2026-10-02T04:56:00.4956850Z Contents: read
2026-10-02T04:56:00.4957188Z Metadata: read
2026-10-02T04:56:00.4957545Z ##[endgroup]
2026-10-02T04:56:00.4959285Z Secret source: Actions
2026-10-02T04:56:00.4959868Z Cache mode: write
2026-10-02T04:56:00.4960386Z Prepare workflow directory
2026-10-02T04:56:00.5294639Z Prepare all required actions
2026-10-02T04:56:00.5326849Z Getting action download info
2026-10-02T04:56:00.7653925Z Download action repository 'actions/checkout@v4' (SHA:11d5960a326750d5838078e36cf38b85af677262)
2026-10-02T04:56:00.8443091Z Download action repository 'actions/setup-python@v5' (SHA:a26af69be951a213d495a4c3e4e4022e16d87065)
2026-10-02T04:56:00.9301751Z Download action repository 'actions/cache@v4' (SHA:0057852bfaa89a56745cba8c7296529d2fc39830)
2026-10-02T04:56:01.0485450Z Download action repository 'actions/upload-artifact@v4' (SHA:ea165f8d65b6e75b540449e92b4886f43607fa02)
2026-10-02T04:56:01.3752739Z Complete job name: development (5)
2026-10-02T04:56:01.4206081Z ##[group]Run actions/checkout@v4
2026-10-02T04:56:01.4206548Z with:
2026-10-02T04:56:01.4206819Z   repository: duuu-hub/bb-scanner
2026-10-02T04:56:01.4209180Z   token: ***
2026-10-02T04:56:01.4209441Z   ssh-strict: true
2026-10-02T04:56:01.4209701Z   ssh-user: git
2026-10-02T04:56:01.4210084Z   persist-credentials: true
2026-10-02T04:56:01.4210513Z   clean: true
2026-10-02T04:56:01.4210799Z   sparse-checkout-cone-mode: true
2026-10-02T04:56:01.4211147Z   fetch-depth: 1
2026-10-02T04:56:01.4211402Z   fetch-tags: false
2026-10-02T04:56:01.4211669Z   show-progress: true
2026-10-02T04:56:01.4211940Z   lfs: false
2026-10-02T04:56:01.4212211Z   submodules: false
2026-10-02T04:56:01.4212491Z   set-safe-directory: true
2026-10-02T04:56:01.4212795Z   allow-unsafe-pr-checkout: false
2026-10-02T04:56:01.4213226Z env:
2026-10-02T04:56:01.4215216Z   GH_TOKEN: ***
2026-10-02T04:56:01.4215476Z ##[endgroup]
2026-10-02T04:56:01.4871667Z Syncing repository: duuu-hub/bb-scanner
2026-10-02T04:56:01.4873570Z ##[group]Getting Git version info
2026-10-02T04:56:01.4874224Z Working directory is '/home/runner/work/bb-scanner/bb-scanner'
2026-10-02T04:56:01.4875176Z [command]/usr/bin/git version
2026-10-02T04:56:01.4966493Z git version 2.55.0
2026-10-02T04:56:01.4980762Z ##[endgroup]
2026-10-02T04:56:01.4991987Z Temporarily overriding HOME='/home/runner/work/_temp/a8887cdd-cb70-4abc-a7fb-ce2757d89e75' before making global git config changes
2026-10-02T04:56:01.4993283Z Adding repository directory to the temporary git global config as a safe directory
2026-10-02T04:56:01.4996058Z [command]/usr/bin/git config --global --add safe.directory /home/runner/work/bb-scanner/bb-scanner
2026-10-02T04:56:01.5046295Z Deleting the contents of '/home/runner/work/bb-scanner/bb-scanner'
2026-10-02T04:56:01.5050682Z ##[group]Initializing the repository
2026-10-02T04:56:01.5060531Z [command]/usr/bin/git init /home/runner/work/bb-scanner/bb-scanner
2026-10-02T04:56:01.5145331Z hint: Using 'master' as the name for the initial branch. This default branch name
2026-10-02T04:56:01.5146602Z hint: will change to "main" in Git 3.0. To configure the initial branch name
2026-10-02T04:56:01.5152085Z hint: to use in all of your new repositories, which will suppress this warning,
2026-10-02T04:56:01.5152968Z hint: call:
2026-10-02T04:56:01.5153481Z hint:
2026-10-02T04:56:01.5154079Z hint: 	git config --global init.defaultBranch <name>
2026-10-02T04:56:01.5154768Z hint:
2026-10-02T04:56:01.5155422Z hint: Names commonly chosen instead of 'master' are 'main', 'trunk' and
2026-10-02T04:56:01.5156462Z hint: 'development'. The just-created branch can be renamed via this command:
2026-10-02T04:56:01.5157263Z hint:
2026-10-02T04:56:01.5157766Z hint: 	git branch -m <name>
2026-10-02T04:56:01.5158302Z hint:
2026-10-02T04:56:01.5159239Z hint: Disable this message with "git config set advice.defaultBranchName false"
2026-10-02T04:56:01.5160479Z Initialized empty Git repository in /home/runner/work/bb-scanner/bb-scanner/.git/
2026-10-02T04:56:01.5163199Z [command]/usr/bin/git remote add origin https://github.com/duuu-hub/bb-scanner
2026-10-02T04:56:01.5217652Z ##[endgroup]
2026-10-02T04:56:01.5218649Z ##[group]Disabling automatic garbage collection
2026-10-02T04:56:01.5221157Z [command]/usr/bin/git config --local gc.auto 0
2026-10-02T04:56:01.5250372Z ##[endgroup]
2026-10-02T04:56:01.5251215Z ##[group]Setting up auth
2026-10-02T04:56:01.5256827Z [command]/usr/bin/git config --local --name-only --get-regexp core\.sshCommand
2026-10-02T04:56:01.5295736Z [command]/usr/bin/git submodule foreach --recursive sh -c "git config --local --name-only --get-regexp 'core\.sshCommand' && git config --local --unset-all 'core.sshCommand' || :"
2026-10-02T04:56:01.5622350Z [command]/usr/bin/git config --local --name-only --get-regexp http\.https\:\/\/github\.com\/\.extraheader
2026-10-02T04:56:01.5654137Z [command]/usr/bin/git submodule foreach --recursive sh -c "git config --local --name-only --get-regexp 'http\.https\:\/\/github\.com\/\.extraheader' && git config --local --unset-all 'http.https://github.com/.extraheader' || :"
2026-10-02T04:56:01.5840393Z [command]/usr/bin/git config --local --name-only --get-regexp ^includeIf\.gitdir:
2026-10-02T04:56:01.5872877Z [command]/usr/bin/git submodule foreach --recursive git config --local --show-origin --name-only --get-regexp remote.origin.url
2026-10-02T04:56:01.6058205Z [command]/usr/bin/git config --local http.https://github.com/.extraheader AUTHORIZATION: basic ***
2026-10-02T04:56:01.6093923Z ##[endgroup]
2026-10-02T04:56:01.6094620Z ##[group]Fetching the repository
2026-10-02T04:56:01.6101728Z [command]/usr/bin/git -c protocol.version=2 fetch --no-tags --prune --no-recurse-submodules --depth=1 origin +18270ece2a1923591e14ae706ce9b91e79ddd76a:refs/remotes/origin/research-residual-reversion-v10
2026-10-02T04:56:02.7705247Z From https://github.com/duuu-hub/bb-scanner
2026-10-02T04:56:02.7707479Z  * [new ref]         18270ece2a1923591e14ae706ce9b91e79ddd76a -> origin/research-residual-reversion-v10
2026-10-02T04:56:02.7711040Z ##[endgroup]
2026-10-02T04:56:02.7712077Z ##[group]Determining the checkout info
2026-10-02T04:56:02.7713284Z ##[endgroup]
2026-10-02T04:56:02.7714027Z [command]/usr/bin/git sparse-checkout disable
2026-10-02T04:56:02.7824784Z [command]/usr/bin/git config --local --unset-all extensions.worktreeConfig
2026-10-02T04:56:02.7839102Z ##[group]Checking out the ref
2026-10-02T04:56:02.7840737Z [command]/usr/bin/git checkout --progress --force -B research-residual-reversion-v10 refs/remotes/origin/research-residual-reversion-v10
2026-10-02T04:56:02.9421466Z Switched to a new branch 'research-residual-reversion-v10'
2026-10-02T04:56:02.9423853Z branch 'research-residual-reversion-v10' set up to track 'origin/research-residual-reversion-v10'.
2026-10-02T04:56:02.9434323Z ##[endgroup]
2026-10-02T04:56:02.9473953Z [command]/usr/bin/git log -1 --format=%H
2026-10-02T04:56:02.9497933Z 18270ece2a1923591e14ae706ce9b91e79ddd76a
2026-10-02T04:56:02.9762996Z ##[group]Run actions/setup-python@v5
2026-10-02T04:56:02.9763771Z with:
2026-10-02T04:56:02.9764337Z   python-version: 3.12
2026-10-02T04:56:02.9764966Z   check-latest: false
2026-10-02T04:56:02.9772025Z   token: ***
2026-10-02T04:56:02.9772926Z   update-environment: true
2026-10-02T04:56:02.9774025Z   allow-prereleases: false
2026-10-02T04:56:02.9774974Z   freethreaded: false
2026-10-02T04:56:02.9775683Z env:
2026-10-02T04:56:02.9781168Z   GH_TOKEN: ***
2026-10-02T04:56:02.9781737Z ##[endgroup]
2026-10-02T04:56:03.0706412Z ##[group]Installed versions
2026-10-02T04:56:03.0766728Z (node:2249) [DEP0040] DeprecationWarning: The `punycode` module is deprecated. Please use a userland alternative instead.
2026-10-02T04:56:03.0769134Z (Use `node --trace-deprecation ...` to show where the warning was created)
2026-10-02T04:56:03.0770543Z Successfully set up CPython (3.12.14)
2026-10-02T04:56:03.0771765Z ##[endgroup]
2026-10-02T04:56:03.0951245Z ##[group]Run set -euo pipefail
2026-10-02T04:56:03.0952529Z [36;1mset -euo pipefail[0m
2026-10-02T04:56:03.0954259Z [36;1mpip install pandas==2.3.3 numpy==2.3.3[0m
2026-10-02T04:56:03.1211080Z shell: /usr/bin/bash --noprofile --norc -e -o pipefail {0}
2026-10-02T04:56:03.1212007Z env:
2026-10-02T04:56:03.1217251Z   GH_TOKEN: ***
2026-10-02T04:56:03.1217968Z   pythonLocation: /opt/hostedtoolcache/Python/3.12.14/x64
2026-10-02T04:56:03.1219154Z   PKG_CONFIG_PATH: /opt/hostedtoolcache/Python/3.12.14/x64/lib/pkgconfig
2026-10-02T04:56:03.1220256Z   Python_ROOT_DIR: /opt/hostedtoolcache/Python/3.12.14/x64
2026-10-02T04:56:03.1221236Z   Python2_ROOT_DIR: /opt/hostedtoolcache/Python/3.12.14/x64
2026-10-02T04:56:03.1222222Z   Python3_ROOT_DIR: /opt/hostedtoolcache/Python/3.12.14/x64
2026-10-02T04:56:03.1223231Z   LD_LIBRARY_PATH: /opt/hostedtoolcache/Python/3.12.14/x64/lib
2026-10-02T04:56:03.1224070Z ##[endgroup]
2026-10-02T04:56:03.9384650Z Collecting pandas==2.3.3
2026-10-02T04:56:04.0004884Z   Downloading pandas-2.3.3-cp312-cp312-manylinux_2_24_x86_64.manylinux_2_28_x86_64.whl.metadata (91 kB)
2026-10-02T04:56:04.1827799Z Collecting numpy==2.3.3
2026-10-02T04:56:04.1940347Z   Downloading numpy-2.3.3-cp312-cp312-manylinux_2_27_x86_64.manylinux_2_28_x86_64.whl.metadata (62 kB)
2026-10-02T04:56:04.2269401Z Collecting python-dateutil>=2.8.2 (from pandas==2.3.3)
2026-10-02T04:56:04.2368106Z   Downloading python_dateutil-2.9.0.post0-py2.py3-none-any.whl.metadata (8.4 kB)
2026-10-02T04:56:04.2699744Z Collecting pytz>=2020.1 (from pandas==2.3.3)
2026-10-02T04:56:04.2798260Z   Downloading pytz-2026.4-py2.py3-none-any.whl.metadata (22 kB)
2026-10-02T04:56:04.3046422Z Collecting tzdata>=2022.7 (from pandas==2.3.3)
2026-10-02T04:56:04.3146749Z   Downloading tzdata-2026.4-py2.py3-none-any.whl.metadata (1.4 kB)
2026-10-02T04:56:04.3388263Z Collecting six>=1.5 (from python-dateutil>=2.8.2->pandas==2.3.3)
2026-10-02T04:56:04.3488956Z   Downloading six-1.17.0-py2.py3-none-any.whl.metadata (1.7 kB)
2026-10-02T04:56:04.3628692Z Downloading pandas-2.3.3-cp312-cp312-manylinux_2_24_x86_64.manylinux_2_28_x86_64.whl (12.4 MB)
2026-10-02T04:56:04.8234809Z    ━━━━━━━━━━━━━━━━━━━━━━━━━━━━━━━━━━━━━━━━ 12.4/12.4 MB 28.1 MB/s  0:00:00
2026-10-02T04:56:04.8355920Z Downloading numpy-2.3.3-cp312-cp312-manylinux_2_27_x86_64.manylinux_2_28_x86_64.whl (16.6 MB)
2026-10-02T04:56:05.0573561Z    ━━━━━━━━━━━━━━━━━━━━━━━━━━━━━━━━━━━━━━━━ 16.6/16.6 MB 74.9 MB/s  0:00:00
2026-10-02T04:56:05.0674962Z Downloading python_dateutil-2.9.0.post0-py2.py3-none-any.whl (229 kB)
2026-10-02T04:56:05.0798271Z Downloading pytz-2026.4-py2.py3-none-any.whl (506 kB)
2026-10-02T04:56:05.0934802Z Downloading six-1.17.0-py2.py3-none-any.whl (11 kB)
2026-10-02T04:56:05.1057187Z Downloading tzdata-2026.4-py2.py3-none-any.whl (347 kB)
2026-10-02T04:56:05.2106189Z Installing collected packages: pytz, tzdata, six, numpy, python-dateutil, pandas
2026-10-02T04:56:09.7288343Z 
2026-10-02T04:56:09.7299253Z Successfully installed numpy-2.3.3 pandas-2.3.3 python-dateutil-2.9.0.post0 pytz-2026.4 six-1.17.0 tzdata-2026.4
2026-10-02T04:56:09.7922971Z ##[group]Run actions/cache@v4
2026-10-02T04:56:09.7923128Z with:
2026-10-02T04:56:09.7923242Z   path: data
2026-10-02T04:56:09.7923370Z   key: frozen-source-36095439671-15m-shard-5
2026-10-02T04:56:09.7923539Z   enableCrossOsArchive: false
2026-10-02T04:56:09.7923681Z   fail-on-cache-miss: false
2026-10-02T04:56:09.7923814Z   lookup-only: false
2026-10-02T04:56:09.7923934Z   save-always: false
2026-10-02T04:56:09.7924049Z env:
2026-10-02T04:56:09.7925396Z   GH_TOKEN: ***
2026-10-02T04:56:09.7925558Z   pythonLocation: /opt/hostedtoolcache/Python/3.12.14/x64
2026-10-02T04:56:09.7925808Z   PKG_CONFIG_PATH: /opt/hostedtoolcache/Python/3.12.14/x64/lib/pkgconfig
2026-10-02T04:56:09.7926046Z   Python_ROOT_DIR: /opt/hostedtoolcache/Python/3.12.14/x64
2026-10-02T04:56:09.7926261Z   Python2_ROOT_DIR: /opt/hostedtoolcache/Python/3.12.14/x64
2026-10-02T04:56:09.7926474Z   Python3_ROOT_DIR: /opt/hostedtoolcache/Python/3.12.14/x64
2026-10-02T04:56:09.7926731Z   LD_LIBRARY_PATH: /opt/hostedtoolcache/Python/3.12.14/x64/lib
2026-10-02T04:56:09.7926914Z ##[endgroup]
2026-10-02T04:56:09.8628745Z (node:2285) [DEP0040] DeprecationWarning: The `punycode` module is deprecated. Please use a userland alternative instead.
2026-10-02T04:56:09.8629192Z (Use `node --trace-deprecation ...` to show where the warning was created)
2026-10-02T04:56:09.9944835Z Cache not found for input keys: frozen-source-36095439671-15m-shard-5
2026-10-02T04:56:10.0021431Z ##[group]Run set -euo pipefail
2026-10-02T04:56:10.0021630Z [36;1mset -euo pipefail[0m
2026-10-02T04:56:10.0021767Z [36;1mif [ '' != 'true' ]; then[0m
2026-10-02T04:56:10.0022045Z [36;1m  gh run download 36095439671 -R duuu-hub/bb-scanner -n rank5-binance-um-15m-5y-data-shard-5 -D data[0m
2026-10-02T04:56:10.0022313Z [36;1mfi[0m
2026-10-02T04:56:10.0022504Z [36;1mgh run download 36858492497 -R duuu-hub/bb-scanner -n day-edge-v2-btc -D btc[0m
2026-10-02T04:56:10.0022909Z [36;1mgh run download 36095439671 -R duuu-hub/bb-scanner -n rank5-binance-um-15m-5y-manifest-shard-5 -D source-manifest[0m
2026-10-02T04:56:10.0023501Z [36;1mpython scripts/research_evidence_archive.py verify-source --data data --manifests source-manifest --baseline research/residual-reversion-v10/FROZEN_INPUT_HASHES.json --out source-check.json[0m
2026-10-02T04:56:10.0077587Z shell: /usr/bin/bash --noprofile --norc -e -o pipefail {0}
2026-10-02T04:56:10.0077778Z env:
2026-10-02T04:56:10.0079324Z   GH_TOKEN: ***
2026-10-02T04:56:10.0079485Z   pythonLocation: /opt/hostedtoolcache/Python/3.12.14/x64
2026-10-02T04:56:10.0079725Z   PKG_CONFIG_PATH: /opt/hostedtoolcache/Python/3.12.14/x64/lib/pkgconfig
2026-10-02T04:56:10.0079960Z   Python_ROOT_DIR: /opt/hostedtoolcache/Python/3.12.14/x64
2026-10-02T04:56:10.0080172Z   Python2_ROOT_DIR: /opt/hostedtoolcache/Python/3.12.14/x64
2026-10-02T04:56:10.0080381Z   Python3_ROOT_DIR: /opt/hostedtoolcache/Python/3.12.14/x64
2026-10-02T04:56:10.0080595Z   LD_LIBRARY_PATH: /opt/hostedtoolcache/Python/3.12.14/x64/lib
2026-10-02T04:56:10.0080788Z ##[endgroup]
2026-10-02T04:56:21.8641658Z FROZEN_SOURCE_VERIFIED 107 files 37 prior SHA256 matches
2026-10-02T04:56:21.9189568Z ##[group]Run actions/cache@v4
2026-10-02T04:56:21.9189724Z with:
2026-10-02T04:56:21.9189841Z   path: cache/verified-1m
2026-10-02T04:56:21.9189992Z   key: residual-reversion-v10-dev-1m-shard-5
2026-10-02T04:56:21.9190333Z   restore-keys: cross-sectional-leader-v9-dev-1m-shard-5
premium-absorption-v8-dev-1m-shard-5
factor-lag-v6-dev-1m-shard-5
2026-10-02T04:56:21.9190665Z   enableCrossOsArchive: false
2026-10-02T04:56:21.9190806Z   fail-on-cache-miss: false
2026-10-02T04:56:21.9190938Z   lookup-only: false
2026-10-02T04:56:21.9191061Z   save-always: false
2026-10-02T04:56:21.9191174Z env:
2026-10-02T04:56:21.9192613Z   GH_TOKEN: ***
2026-10-02T04:56:21.9192771Z   pythonLocation: /opt/hostedtoolcache/Python/3.12.14/x64
2026-10-02T04:56:21.9193015Z   PKG_CONFIG_PATH: /opt/hostedtoolcache/Python/3.12.14/x64/lib/pkgconfig
2026-10-02T04:56:21.9193389Z   Python_ROOT_DIR: /opt/hostedtoolcache/Python/3.12.14/x64
2026-10-02T04:56:21.9193626Z   Python2_ROOT_DIR: /opt/hostedtoolcache/Python/3.12.14/x64
2026-10-02T04:56:21.9193838Z   Python3_ROOT_DIR: /opt/hostedtoolcache/Python/3.12.14/x64
2026-10-02T04:56:21.9194054Z   LD_LIBRARY_PATH: /opt/hostedtoolcache/Python/3.12.14/x64/lib
2026-10-02T04:56:21.9194234Z ##[endgroup]
2026-10-02T04:56:21.9943266Z (node:2323) [DEP0040] DeprecationWarning: The `punycode` module is deprecated. Please use a userland alternative instead.
2026-10-02T04:56:21.9943800Z (Use `node --trace-deprecation ...` to show where the warning was created)
2026-10-02T04:56:22.1191086Z Cache not found for input keys: residual-reversion-v10-dev-1m-shard-5, cross-sectional-leader-v9-dev-1m-shard-5, premium-absorption-v8-dev-1m-shard-5, factor-lag-v6-dev-1m-shard-5
2026-10-02T04:56:22.1318273Z ##[group]Run set -euo pipefail
2026-10-02T04:56:22.1319434Z [36;1mset -euo pipefail[0m
2026-10-02T04:56:22.1319843Z [36;1mpython scripts/residual_reversion_v10.py scan --stage DEV --data data --btc btc/BTCUSDT.csv.gz --source-check source-check.json --out dev-5 --minute-cache cache/verified-1m[0m
2026-10-02T04:56:22.1372970Z shell: /usr/bin/bash --noprofile --norc -e -o pipefail {0}
2026-10-02T04:56:22.1373155Z env:
2026-10-02T04:56:22.1374480Z   GH_TOKEN: ***
2026-10-02T04:56:22.1374640Z   pythonLocation: /opt/hostedtoolcache/Python/3.12.14/x64
2026-10-02T04:56:22.1374879Z   PKG_CONFIG_PATH: /opt/hostedtoolcache/Python/3.12.14/x64/lib/pkgconfig
2026-10-02T04:56:22.1375111Z   Python_ROOT_DIR: /opt/hostedtoolcache/Python/3.12.14/x64
2026-10-02T04:56:22.1375321Z   Python2_ROOT_DIR: /opt/hostedtoolcache/Python/3.12.14/x64
2026-10-02T04:56:22.1375528Z   Python3_ROOT_DIR: /opt/hostedtoolcache/Python/3.12.14/x64
2026-10-02T04:56:22.1375762Z   LD_LIBRARY_PATH: /opt/hostedtoolcache/Python/3.12.14/x64/lib
2026-10-02T04:56:22.1375944Z ##[endgroup]
2026-10-02T04:58:53.2099398Z V10_RESIDUAL_SCAN DEV 48 / 107 parameterized_outcomes 22166
2026-10-02T05:00:30.4261679Z V10_RESIDUAL_SCAN DEV 80 / 107 parameterized_outcomes 40884
2026-10-02T05:02:16.9396087Z V10_RESIDUAL_SCAN_DONE DEV 59480 chronology_exclusions 52
2026-10-02T05:02:17.0206868Z ##[group]Run actions/upload-artifact@v4
2026-10-02T05:02:17.0207043Z with:
2026-10-02T05:02:17.0207171Z   name: residual-reversion-v10-dev-5
2026-10-02T05:02:17.0207318Z   path: dev-5/
2026-10-02T05:02:17.0207431Z   retention-days: 30
2026-10-02T05:02:17.0207553Z   compression-level: 0
2026-10-02T05:02:17.0207680Z   if-no-files-found: warn
2026-10-02T05:02:17.0207808Z   overwrite: false
2026-10-02T05:02:17.0207932Z   include-hidden-files: false
2026-10-02T05:02:17.0208064Z env:
2026-10-02T05:02:17.0210084Z   GH_TOKEN: ***
2026-10-02T05:02:17.0210245Z   pythonLocation: /opt/hostedtoolcache/Python/3.12.14/x64
2026-10-02T05:02:17.0210493Z   PKG_CONFIG_PATH: /opt/hostedtoolcache/Python/3.12.14/x64/lib/pkgconfig
2026-10-02T05:02:17.0210734Z   Python_ROOT_DIR: /opt/hostedtoolcache/Python/3.12.14/x64
2026-10-02T05:02:17.0210964Z   Python2_ROOT_DIR: /opt/hostedtoolcache/Python/3.12.14/x64
2026-10-02T05:02:17.0211175Z   Python3_ROOT_DIR: /opt/hostedtoolcache/Python/3.12.14/x64
2026-10-02T05:02:17.0211409Z   LD_LIBRARY_PATH: /opt/hostedtoolcache/Python/3.12.14/x64/lib
2026-10-02T05:02:17.0211589Z ##[endgroup]
2026-10-02T05:02:17.1313587Z (node:2413) [DEP0040] DeprecationWarning: The `punycode` module is deprecated. Please use a userland alternative instead.
2026-10-02T05:02:17.1314107Z (Use `node --trace-deprecation ...` to show where the warning was created)
2026-10-02T05:02:17.1687837Z With the provided path, there will be 445 files uploaded
2026-10-02T05:02:17.1692889Z Artifact name is valid!
2026-10-02T05:02:17.1693270Z Root directory input is valid!
2026-10-02T05:02:17.4468191Z Beginning upload of artifact content to blob storage
2026-10-02T05:02:17.5352410Z (node:2413) [DEP0169] DeprecationWarning: `url.parse()` behavior is not standardized and prone to errors that have security implications. Use the WHATWG URL API instead. CVEs are not issued for `url.parse()` vulnerabilities.
2026-10-02T05:02:18.0040093Z Uploaded bytes 8388608
2026-10-02T05:02:18.0129700Z Uploaded bytes 16777216
2026-10-02T05:02:18.0537208Z Uploaded bytes 25165824
2026-10-02T05:02:18.1607807Z Uploaded bytes 33554432
2026-10-02T05:02:18.1677232Z Uploaded bytes 41943040
2026-10-02T05:02:18.1994074Z Uploaded bytes 50331648
2026-10-02T05:02:18.2613449Z Uploaded bytes 58720256
2026-10-02T05:02:18.3416552Z Uploaded bytes 67108864
2026-10-02T05:02:18.3479254Z Uploaded bytes 75497472
2026-10-02T05:02:18.3917866Z Uploaded bytes 83886080
2026-10-02T05:02:18.4675488Z Uploaded bytes 92274688
2026-10-02T05:02:18.5580481Z Uploaded bytes 100663296
2026-10-02T05:02:18.5677453Z Uploaded bytes 109051904
2026-10-02T05:02:18.5734193Z Uploaded bytes 117440512
2026-10-02T05:02:18.6330324Z Uploaded bytes 125829120
2026-10-02T05:02:18.7632265Z Uploaded bytes 134217728
2026-10-02T05:02:18.7716420Z Uploaded bytes 142606336
2026-10-02T05:02:18.7773876Z Uploaded bytes 150994944
2026-10-02T05:02:18.8308221Z Uploaded bytes 159383552
2026-10-02T05:02:18.9458029Z Uploaded bytes 167772160
2026-10-02T05:02:18.9538630Z Uploaded bytes 176160768
2026-10-02T05:02:18.9761015Z Uploaded bytes 184549376
2026-10-02T05:02:19.0905050Z Uploaded bytes 192937984
2026-10-02T05:02:19.1012499Z Uploaded bytes 201326592
2026-10-02T05:02:19.1457961Z Uploaded bytes 209715200
2026-10-02T05:02:19.2188191Z Uploaded bytes 210207370
2026-10-02T05:02:19.2601412Z Finished uploading artifact content to blob storage!
2026-10-02T05:02:19.2603501Z SHA256 digest of uploaded artifact zip is 122179193d5031332d12383839912387fe388eb2bf0dc9255376b08c71e67ac6
2026-10-02T05:02:19.2605120Z Finalizing artifact upload
2026-10-02T05:02:19.4804587Z Artifact residual-reversion-v10-dev-5.zip successfully finalized. Artifact ID 11210307815
2026-10-02T05:02:19.4805303Z Artifact residual-reversion-v10-dev-5 has been successfully uploaded! Final size is 210207370 bytes. Artifact ID is 11210307815
2026-10-02T05:02:19.4810368Z Artifact download URL: https://github.com/duuu-hub/bb-scanner/actions/runs/36966622286/artifacts/11210307815
2026-10-02T05:02:19.4995251Z Post job cleanup.
2026-10-02T05:02:19.5674040Z (node:2428) [DEP0040] DeprecationWarning: The `punycode` module is deprecated. Please use a userland alternative instead.
2026-10-02T05:02:19.5674428Z (Use `node --trace-deprecation ...` to show where the warning was created)
2026-10-02T05:02:19.5809015Z [command]/usr/bin/tar --posix -cf cache.tzst --exclude cache.tzst -P -C /home/runner/work/bb-scanner/bb-scanner --files-from manifest.txt --use-compress-program zstdmt
2026-10-02T05:02:19.9001006Z (node:2428) [DEP0169] DeprecationWarning: `url.parse()` behavior is not standardized and prone to errors that have security implications. Use the WHATWG URL API instead. CVEs are not issued for `url.parse()` vulnerabilities.
2026-10-02T05:02:20.8921649Z Sent 46327956 of 247654548 (18.7%), 44.2 MBs/sec
2026-10-02T05:02:21.2880375Z Sent 247654548 of 247654548 (100.0%), 169.3 MBs/sec
2026-10-02T05:02:21.4022718Z Cache saved with key: residual-reversion-v10-dev-1m-shard-5
2026-10-02T05:02:21.4146781Z Post job cleanup.
2026-10-02T05:02:21.4901820Z (node:2448) [DEP0040] DeprecationWarning: The `punycode` module is deprecated. Please use a userland alternative instead.
2026-10-02T05:02:21.4902407Z (Use `node --trace-deprecation ...` to show where the warning was created)
2026-10-02T05:02:21.5018253Z [command]/usr/bin/tar --posix -cf cache.tzst --exclude cache.tzst -P -C /home/runner/work/bb-scanner/bb-scanner --files-from manifest.txt --use-compress-program zstdmt
2026-10-02T05:02:21.7861932Z (node:2448) [DEP0169] DeprecationWarning: `url.parse()` behavior is not standardized and prone to errors that have security implications. Use the WHATWG URL API instead. CVEs are not issued for `url.parse()` vulnerabilities.
2026-10-02T05:02:22.7791970Z Sent 0 of 252769259 (0.0%), 0.0 MBs/sec
2026-10-02T05:02:23.5127341Z Sent 252769259 of 252769259 (100.0%), 139.0 MBs/sec
2026-10-02T05:02:23.6224656Z Cache saved with key: frozen-source-36095439671-15m-shard-5
2026-10-02T05:02:23.6326180Z Post job cleanup.
2026-10-02T05:02:23.7110406Z (node:2468) [DEP0040] DeprecationWarning: The `punycode` module is deprecated. Please use a userland alternative instead.
2026-10-02T05:02:23.7110855Z (Use `node --trace-deprecation ...` to show where the warning was created)
2026-10-02T05:02:23.7242744Z Post job cleanup.
2026-10-02T05:02:23.7909939Z [command]/usr/bin/git version
2026-10-02T05:02:23.7943849Z git version 2.55.0
2026-10-02T05:02:23.7976858Z Temporarily overriding HOME='/home/runner/work/_temp/c5a64d32-7395-45de-8f08-7a4795b4d2ae' before making global git config changes
2026-10-02T05:02:23.7977775Z Adding repository directory to the temporary git global config as a safe directory
2026-10-02T05:02:23.7981061Z [command]/usr/bin/git config --global --add safe.directory /home/runner/work/bb-scanner/bb-scanner
2026-10-02T05:02:23.8019952Z [command]/usr/bin/git config --local --name-only --get-regexp core\.sshCommand
2026-10-02T05:02:23.8052138Z [command]/usr/bin/git submodule foreach --recursive sh -c "git config --local --name-only --get-regexp 'core\.sshCommand' && git config --local --unset-all 'core.sshCommand' || :"
2026-10-02T05:02:23.8265226Z [command]/usr/bin/git config --local --name-only --get-regexp http\.https\:\/\/github\.com\/\.extraheader
2026-10-02T05:02:23.8292730Z http.https://github.com/.extraheader
2026-10-02T05:02:23.8310387Z [command]/usr/bin/git config --local --unset-all http.https://github.com/.extraheader
2026-10-02T05:02:23.8355815Z [command]/usr/bin/git submodule foreach --recursive sh -c "git config --local --name-only --get-regexp 'http\.https\:\/\/github\.com\/\.extraheader' && git config --local --unset-all 'http.https://github.com/.extraheader' || :"
2026-10-02T05:02:23.8562890Z [command]/usr/bin/git config --local --name-only --get-regexp ^includeIf\.gitdir:
2026-10-02T05:02:23.8596420Z [command]/usr/bin/git submodule foreach --recursive git config --local --show-origin --name-only --get-regexp remote.origin.url
2026-10-02T05:02:23.8900545Z Cleaning up orphan processes
2026-10-02T05:02:23.9125895Z ##[warning]Node.js 20 is deprecated. The following actions target Node.js 20 but are being forced to run on Node.js 24: actions/cache@v4, actions/checkout@v4, actions/setup-python@v5, actions/upload-artifact@v4. For more information see: https://github.blog/changelog/2025-09-19-deprecation-of-node-20-on-github-actions-runners/
