2026-10-02T05:00:11.5223481Z Current runner version: '2.337.0'
2026-10-02T05:00:11.5247968Z ##[group]Runner Image Provisioner
2026-10-02T05:00:11.5248986Z Hosted Compute Agent
2026-10-02T05:00:11.5249571Z Version: 20260901.588
2026-10-02T05:00:11.5250270Z Commit: f88ec8081b781fac6c440065ac7ff9e710ce3d0b
2026-10-02T05:00:11.5251037Z Build Date: 2026-09-01T19:56:44Z
2026-10-02T05:00:11.5251702Z Worker ID: {1228e4d5-8ce3-41a7-836e-5845b37d39da}
2026-10-02T05:00:11.5252468Z Azure Region: eastus
2026-10-02T05:00:11.5253032Z ##[endgroup]
2026-10-02T05:00:11.5254487Z ##[group]Operating System
2026-10-02T05:00:11.5255199Z Ubuntu
2026-10-02T05:00:11.5256071Z 24.04.5
2026-10-02T05:00:11.5257139Z LTS
2026-10-02T05:00:11.5257706Z ##[endgroup]
2026-10-02T05:00:11.5258301Z ##[group]Runner Image
2026-10-02T05:00:11.5258943Z Image: ubuntu-24.04
2026-10-02T05:00:11.5259500Z Version: 20260927.320.1
2026-10-02T05:00:11.5260783Z Included Software: https://github.com/actions/runner-images/blob/ubuntu24/20260927.320/images/ubuntu/Ubuntu2404-Readme.md
2026-10-02T05:00:11.5262368Z Image Release: https://github.com/actions/runner-images/releases/tag/ubuntu24%2F20260927.320
2026-10-02T05:00:11.5263402Z ##[endgroup]
2026-10-02T05:00:11.5264674Z ##[group]GITHUB_TOKEN Permissions
2026-10-02T05:00:11.5267786Z Actions: read
2026-10-02T05:00:11.5268418Z Contents: read
2026-10-02T05:00:11.5269109Z Metadata: read
2026-10-02T05:00:11.5269673Z ##[endgroup]
2026-10-02T05:00:11.5272071Z Secret source: Actions
2026-10-02T05:00:11.5273122Z Cache mode: write
2026-10-02T05:00:11.5274324Z Prepare workflow directory
2026-10-02T05:00:11.5785164Z Prepare all required actions
2026-10-02T05:00:11.5831784Z Getting action download info
2026-10-02T05:00:11.8101633Z Download action repository 'actions/checkout@v4' (SHA:11d5960a326750d5838078e36cf38b85af677262)
2026-10-02T05:00:11.9073247Z Download action repository 'actions/setup-python@v5' (SHA:a26af69be951a213d495a4c3e4e4022e16d87065)
2026-10-02T05:00:11.9817951Z Download action repository 'actions/cache@v4' (SHA:0057852bfaa89a56745cba8c7296529d2fc39830)
2026-10-02T05:00:12.0830270Z Download action repository 'actions/upload-artifact@v4' (SHA:ea165f8d65b6e75b540449e92b4886f43607fa02)
2026-10-02T05:00:12.2951196Z Complete job name: development (0)
2026-10-02T05:00:12.3667552Z ##[group]Run actions/checkout@v4
2026-10-02T05:00:12.3668420Z with:
2026-10-02T05:00:12.3668872Z   repository: duuu-hub/bb-scanner
2026-10-02T05:00:12.3672964Z   token: ***
2026-10-02T05:00:12.3673637Z   ssh-strict: true
2026-10-02T05:00:12.3674084Z   ssh-user: git
2026-10-02T05:00:12.3674533Z   persist-credentials: true
2026-10-02T05:00:12.3675015Z   clean: true
2026-10-02T05:00:12.3675702Z   sparse-checkout-cone-mode: true
2026-10-02T05:00:12.3676243Z   fetch-depth: 1
2026-10-02T05:00:12.3676682Z   fetch-tags: false
2026-10-02T05:00:12.3677146Z   show-progress: true
2026-10-02T05:00:12.3677584Z   lfs: false
2026-10-02T05:00:12.3677997Z   submodules: false
2026-10-02T05:00:12.3678443Z   set-safe-directory: true
2026-10-02T05:00:12.3678942Z   allow-unsafe-pr-checkout: false
2026-10-02T05:00:12.3679765Z env:
2026-10-02T05:00:12.3683635Z   GH_TOKEN: ***
2026-10-02T05:00:12.3684064Z ##[endgroup]
2026-10-02T05:00:12.4658235Z Syncing repository: duuu-hub/bb-scanner
2026-10-02T05:00:12.4660318Z ##[group]Getting Git version info
2026-10-02T05:00:12.4661085Z Working directory is '/home/runner/work/bb-scanner/bb-scanner'
2026-10-02T05:00:12.4662094Z [command]/usr/bin/git version
2026-10-02T05:00:12.4764424Z git version 2.55.0
2026-10-02T05:00:12.4792550Z ##[endgroup]
2026-10-02T05:00:12.4809686Z Temporarily overriding HOME='/home/runner/work/_temp/daf77760-5302-471c-b1b2-3dbdc2bf88a7' before making global git config changes
2026-10-02T05:00:12.4811773Z Adding repository directory to the temporary git global config as a safe directory
2026-10-02T05:00:12.4825445Z [command]/usr/bin/git config --global --add safe.directory /home/runner/work/bb-scanner/bb-scanner
2026-10-02T05:00:12.4902900Z Deleting the contents of '/home/runner/work/bb-scanner/bb-scanner'
2026-10-02T05:00:12.4905392Z ##[group]Initializing the repository
2026-10-02T05:00:12.4907265Z [command]/usr/bin/git init /home/runner/work/bb-scanner/bb-scanner
2026-10-02T05:00:12.5033733Z hint: Using 'master' as the name for the initial branch. This default branch name
2026-10-02T05:00:12.5034907Z hint: will change to "main" in Git 3.0. To configure the initial branch name
2026-10-02T05:00:12.5036203Z hint: to use in all of your new repositories, which will suppress this warning,
2026-10-02T05:00:12.5037136Z hint: call:
2026-10-02T05:00:12.5037905Z hint:
2026-10-02T05:00:12.5038908Z hint: 	git config --global init.defaultBranch <name>
2026-10-02T05:00:12.5040046Z hint:
2026-10-02T05:00:12.5041205Z hint: Names commonly chosen instead of 'master' are 'main', 'trunk' and
2026-10-02T05:00:12.5043018Z hint: 'development'. The just-created branch can be renamed via this command:
2026-10-02T05:00:12.5044385Z hint:
2026-10-02T05:00:12.5045196Z hint: 	git branch -m <name>
2026-10-02T05:00:12.5046351Z hint:
2026-10-02T05:00:12.5047447Z hint: Disable this message with "git config set advice.defaultBranchName false"
2026-10-02T05:00:12.5049265Z Initialized empty Git repository in /home/runner/work/bb-scanner/bb-scanner/.git/
2026-10-02T05:00:12.5053978Z [command]/usr/bin/git remote add origin https://github.com/duuu-hub/bb-scanner
2026-10-02T05:00:12.5113598Z ##[endgroup]
2026-10-02T05:00:12.5114757Z ##[group]Disabling automatic garbage collection
2026-10-02T05:00:12.5115954Z [command]/usr/bin/git config --local gc.auto 0
2026-10-02T05:00:12.5177104Z ##[endgroup]
2026-10-02T05:00:12.5188010Z ##[group]Setting up auth
2026-10-02T05:00:12.5189467Z [command]/usr/bin/git config --local --name-only --get-regexp core\.sshCommand
2026-10-02T05:00:12.5194190Z [command]/usr/bin/git submodule foreach --recursive sh -c "git config --local --name-only --get-regexp 'core\.sshCommand' && git config --local --unset-all 'core.sshCommand' || :"
2026-10-02T05:00:12.5710164Z [command]/usr/bin/git config --local --name-only --get-regexp http\.https\:\/\/github\.com\/\.extraheader
2026-10-02T05:00:12.5784471Z [command]/usr/bin/git submodule foreach --recursive sh -c "git config --local --name-only --get-regexp 'http\.https\:\/\/github\.com\/\.extraheader' && git config --local --unset-all 'http.https://github.com/.extraheader' || :"
2026-10-02T05:00:12.6027976Z [command]/usr/bin/git config --local --name-only --get-regexp ^includeIf\.gitdir:
2026-10-02T05:00:12.6065315Z [command]/usr/bin/git submodule foreach --recursive git config --local --show-origin --name-only --get-regexp remote.origin.url
2026-10-02T05:00:12.6310261Z [command]/usr/bin/git config --local http.https://github.com/.extraheader AUTHORIZATION: basic ***
2026-10-02T05:00:12.6351305Z ##[endgroup]
2026-10-02T05:00:12.6352963Z ##[group]Fetching the repository
2026-10-02T05:00:12.6363450Z [command]/usr/bin/git -c protocol.version=2 fetch --no-tags --prune --no-recurse-submodules --depth=1 origin +18270ece2a1923591e14ae706ce9b91e79ddd76a:refs/remotes/origin/research-residual-reversion-v10
2026-10-02T05:00:13.3470754Z From https://github.com/duuu-hub/bb-scanner
2026-10-02T05:00:13.3477527Z  * [new ref]         18270ece2a1923591e14ae706ce9b91e79ddd76a -> origin/research-residual-reversion-v10
2026-10-02T05:00:13.3482321Z ##[endgroup]
2026-10-02T05:00:13.3484039Z ##[group]Determining the checkout info
2026-10-02T05:00:13.3567333Z ##[endgroup]
2026-10-02T05:00:13.3568522Z [command]/usr/bin/git sparse-checkout disable
2026-10-02T05:00:13.3571262Z [command]/usr/bin/git config --local --unset-all extensions.worktreeConfig
2026-10-02T05:00:13.3583878Z ##[group]Checking out the ref
2026-10-02T05:00:13.3590016Z [command]/usr/bin/git checkout --progress --force -B research-residual-reversion-v10 refs/remotes/origin/research-residual-reversion-v10
2026-10-02T05:00:13.5764368Z Switched to a new branch 'research-residual-reversion-v10'
2026-10-02T05:00:13.5769779Z branch 'research-residual-reversion-v10' set up to track 'origin/research-residual-reversion-v10'.
2026-10-02T05:00:13.5780725Z ##[endgroup]
2026-10-02T05:00:13.5851307Z [command]/usr/bin/git log -1 --format=%H
2026-10-02T05:00:13.5878083Z 18270ece2a1923591e14ae706ce9b91e79ddd76a
2026-10-02T05:00:13.6212725Z ##[group]Run actions/setup-python@v5
2026-10-02T05:00:13.6213670Z with:
2026-10-02T05:00:13.6214255Z   python-version: 3.12
2026-10-02T05:00:13.6214971Z   check-latest: false
2026-10-02T05:00:13.6225140Z   token: ***
2026-10-02T05:00:13.6226130Z   update-environment: true
2026-10-02T05:00:13.6226930Z   allow-prereleases: false
2026-10-02T05:00:13.6227678Z   freethreaded: false
2026-10-02T05:00:13.6228317Z env:
2026-10-02T05:00:13.6238026Z   GH_TOKEN: ***
2026-10-02T05:00:13.6238648Z ##[endgroup]
2026-10-02T05:00:13.7566012Z ##[group]Installed versions
2026-10-02T05:00:13.7657204Z (node:2295) [DEP0040] DeprecationWarning: The `punycode` module is deprecated. Please use a userland alternative instead.
2026-10-02T05:00:13.7661218Z (Use `node --trace-deprecation ...` to show where the warning was created)
2026-10-02T05:00:13.7663081Z Successfully set up CPython (3.12.14)
2026-10-02T05:00:13.7664637Z ##[endgroup]
2026-10-02T05:00:13.7857003Z ##[group]Run set -euo pipefail
2026-10-02T05:00:13.7857946Z [36;1mset -euo pipefail[0m
2026-10-02T05:00:13.7858828Z [36;1mpip install pandas==2.3.3 numpy==2.3.3[0m
2026-10-02T05:00:13.8168662Z shell: /usr/bin/bash --noprofile --norc -e -o pipefail {0}
2026-10-02T05:00:13.8169858Z env:
2026-10-02T05:00:13.8179511Z   GH_TOKEN: ***
2026-10-02T05:00:13.8180370Z   pythonLocation: /opt/hostedtoolcache/Python/3.12.14/x64
2026-10-02T05:00:13.8181838Z   PKG_CONFIG_PATH: /opt/hostedtoolcache/Python/3.12.14/x64/lib/pkgconfig
2026-10-02T05:00:13.8183296Z   Python_ROOT_DIR: /opt/hostedtoolcache/Python/3.12.14/x64
2026-10-02T05:00:13.8184593Z   Python2_ROOT_DIR: /opt/hostedtoolcache/Python/3.12.14/x64
2026-10-02T05:00:13.8186036Z   Python3_ROOT_DIR: /opt/hostedtoolcache/Python/3.12.14/x64
2026-10-02T05:00:13.8187340Z   LD_LIBRARY_PATH: /opt/hostedtoolcache/Python/3.12.14/x64/lib
2026-10-02T05:00:13.8188418Z ##[endgroup]
2026-10-02T05:00:15.1849173Z Collecting pandas==2.3.3
2026-10-02T05:00:15.2367675Z   Downloading pandas-2.3.3-cp312-cp312-manylinux_2_24_x86_64.manylinux_2_28_x86_64.whl.metadata (91 kB)
2026-10-02T05:00:15.4703143Z Collecting numpy==2.3.3
2026-10-02T05:00:15.4753183Z   Downloading numpy-2.3.3-cp312-cp312-manylinux_2_27_x86_64.manylinux_2_28_x86_64.whl.metadata (62 kB)
2026-10-02T05:00:15.4993027Z Collecting python-dateutil>=2.8.2 (from pandas==2.3.3)
2026-10-02T05:00:15.5041226Z   Downloading python_dateutil-2.9.0.post0-py2.py3-none-any.whl.metadata (8.4 kB)
2026-10-02T05:00:15.5363817Z Collecting pytz>=2020.1 (from pandas==2.3.3)
2026-10-02T05:00:15.5405979Z   Downloading pytz-2026.4-py2.py3-none-any.whl.metadata (22 kB)
2026-10-02T05:00:15.5628750Z Collecting tzdata>=2022.7 (from pandas==2.3.3)
2026-10-02T05:00:15.5682653Z   Downloading tzdata-2026.4-py2.py3-none-any.whl.metadata (1.4 kB)
2026-10-02T05:00:15.5816243Z Collecting six>=1.5 (from python-dateutil>=2.8.2->pandas==2.3.3)
2026-10-02T05:00:15.5856377Z   Downloading six-1.17.0-py2.py3-none-any.whl.metadata (1.7 kB)
2026-10-02T05:00:15.5940239Z Downloading pandas-2.3.3-cp312-cp312-manylinux_2_24_x86_64.manylinux_2_28_x86_64.whl (12.4 MB)
2026-10-02T05:00:15.6502576Z    ━━━━━━━━━━━━━━━━━━━━━━━━━━━━━━━━━━━━━━━━ 12.4/12.4 MB 245.2 MB/s  0:00:00
2026-10-02T05:00:15.6611531Z Downloading numpy-2.3.3-cp312-cp312-manylinux_2_27_x86_64.manylinux_2_28_x86_64.whl (16.6 MB)
2026-10-02T05:00:15.7723201Z    ━━━━━━━━━━━━━━━━━━━━━━━━━━━━━━━━━━━━━━━━ 16.6/16.6 MB 151.2 MB/s  0:00:00
2026-10-02T05:00:15.7762760Z Downloading python_dateutil-2.9.0.post0-py2.py3-none-any.whl (229 kB)
2026-10-02T05:00:15.7849582Z Downloading pytz-2026.4-py2.py3-none-any.whl (506 kB)
2026-10-02T05:00:15.7923253Z Downloading six-1.17.0-py2.py3-none-any.whl (11 kB)
2026-10-02T05:00:15.7989372Z Downloading tzdata-2026.4-py2.py3-none-any.whl (347 kB)
2026-10-02T05:00:15.9644164Z Installing collected packages: pytz, tzdata, six, numpy, python-dateutil, pandas
2026-10-02T05:00:22.9135043Z 
2026-10-02T05:00:22.9149957Z Successfully installed numpy-2.3.3 pandas-2.3.3 python-dateutil-2.9.0.post0 pytz-2026.4 six-1.17.0 tzdata-2026.4
2026-10-02T05:00:23.0146016Z ##[group]Run actions/cache@v4
2026-10-02T05:00:23.0146312Z with:
2026-10-02T05:00:23.0146513Z   path: data
2026-10-02T05:00:23.0146749Z   key: frozen-source-36095439671-15m-shard-0
2026-10-02T05:00:23.0147053Z   enableCrossOsArchive: false
2026-10-02T05:00:23.0147305Z   fail-on-cache-miss: false
2026-10-02T05:00:23.0147561Z   lookup-only: false
2026-10-02T05:00:23.0147772Z   save-always: false
2026-10-02T05:00:23.0147993Z env:
2026-10-02T05:00:23.0150807Z   GH_TOKEN: ***
2026-10-02T05:00:23.0151299Z   pythonLocation: /opt/hostedtoolcache/Python/3.12.14/x64
2026-10-02T05:00:23.0151827Z   PKG_CONFIG_PATH: /opt/hostedtoolcache/Python/3.12.14/x64/lib/pkgconfig
2026-10-02T05:00:23.0152248Z   Python_ROOT_DIR: /opt/hostedtoolcache/Python/3.12.14/x64
2026-10-02T05:00:23.0152628Z   Python2_ROOT_DIR: /opt/hostedtoolcache/Python/3.12.14/x64
2026-10-02T05:00:23.0152998Z   Python3_ROOT_DIR: /opt/hostedtoolcache/Python/3.12.14/x64
2026-10-02T05:00:23.0153421Z   LD_LIBRARY_PATH: /opt/hostedtoolcache/Python/3.12.14/x64/lib
2026-10-02T05:00:23.0153745Z ##[endgroup]
2026-10-02T05:00:23.1215219Z (node:2335) [DEP0040] DeprecationWarning: The `punycode` module is deprecated. Please use a userland alternative instead.
2026-10-02T05:00:23.1216292Z (Use `node --trace-deprecation ...` to show where the warning was created)
2026-10-02T05:00:23.1857270Z Cache not found for input keys: frozen-source-36095439671-15m-shard-0
2026-10-02T05:00:23.1942115Z ##[group]Run set -euo pipefail
2026-10-02T05:00:23.1942444Z [36;1mset -euo pipefail[0m
2026-10-02T05:00:23.1942705Z [36;1mif [ '' != 'true' ]; then[0m
2026-10-02T05:00:23.1943214Z [36;1m  gh run download 36095439671 -R duuu-hub/bb-scanner -n rank5-binance-um-15m-5y-data-shard-0 -D data[0m
2026-10-02T05:00:23.1943723Z [36;1mfi[0m
2026-10-02T05:00:23.1944077Z [36;1mgh run download 36858492497 -R duuu-hub/bb-scanner -n day-edge-v2-btc -D btc[0m
2026-10-02T05:00:23.1944798Z [36;1mgh run download 36095439671 -R duuu-hub/bb-scanner -n rank5-binance-um-15m-5y-manifest-shard-0 -D source-manifest[0m
2026-10-02T05:00:23.1946213Z [36;1mpython scripts/research_evidence_archive.py verify-source --data data --manifests source-manifest --baseline research/residual-reversion-v10/FROZEN_INPUT_HASHES.json --out source-check.json[0m
2026-10-02T05:00:23.2013504Z shell: /usr/bin/bash --noprofile --norc -e -o pipefail {0}
2026-10-02T05:00:23.2013849Z env:
2026-10-02T05:00:23.2016766Z   GH_TOKEN: ***
2026-10-02T05:00:23.2017056Z   pythonLocation: /opt/hostedtoolcache/Python/3.12.14/x64
2026-10-02T05:00:23.2017487Z   PKG_CONFIG_PATH: /opt/hostedtoolcache/Python/3.12.14/x64/lib/pkgconfig
2026-10-02T05:00:23.2017904Z   Python_ROOT_DIR: /opt/hostedtoolcache/Python/3.12.14/x64
2026-10-02T05:00:23.2018279Z   Python2_ROOT_DIR: /opt/hostedtoolcache/Python/3.12.14/x64
2026-10-02T05:00:23.2018657Z   Python3_ROOT_DIR: /opt/hostedtoolcache/Python/3.12.14/x64
2026-10-02T05:00:23.2019031Z   LD_LIBRARY_PATH: /opt/hostedtoolcache/Python/3.12.14/x64/lib
2026-10-02T05:00:23.2019360Z ##[endgroup]
2026-10-02T05:00:33.5907014Z FROZEN_SOURCE_VERIFIED 107 files 28 prior SHA256 matches
2026-10-02T05:00:33.6377468Z ##[group]Run actions/cache@v4
2026-10-02T05:00:33.6377741Z with:
2026-10-02T05:00:33.6377944Z   path: cache/verified-1m
2026-10-02T05:00:33.6378225Z   key: residual-reversion-v10-dev-1m-shard-0
2026-10-02T05:00:33.6378840Z   restore-keys: cross-sectional-leader-v9-dev-1m-shard-0
premium-absorption-v8-dev-1m-shard-0
factor-lag-v6-dev-1m-shard-0
2026-10-02T05:00:33.6379445Z   enableCrossOsArchive: false
2026-10-02T05:00:33.6380011Z   fail-on-cache-miss: false
2026-10-02T05:00:33.6380290Z   lookup-only: false
2026-10-02T05:00:33.6380537Z   save-always: false
2026-10-02T05:00:33.6380731Z env:
2026-10-02T05:00:33.6384026Z   GH_TOKEN: ***
2026-10-02T05:00:33.6384311Z   pythonLocation: /opt/hostedtoolcache/Python/3.12.14/x64
2026-10-02T05:00:33.6384904Z   PKG_CONFIG_PATH: /opt/hostedtoolcache/Python/3.12.14/x64/lib/pkgconfig
2026-10-02T05:00:33.6385741Z   Python_ROOT_DIR: /opt/hostedtoolcache/Python/3.12.14/x64
2026-10-02T05:00:33.6386555Z   Python2_ROOT_DIR: /opt/hostedtoolcache/Python/3.12.14/x64
2026-10-02T05:00:33.6386933Z   Python3_ROOT_DIR: /opt/hostedtoolcache/Python/3.12.14/x64
2026-10-02T05:00:33.6387308Z   LD_LIBRARY_PATH: /opt/hostedtoolcache/Python/3.12.14/x64/lib
2026-10-02T05:00:33.6387621Z ##[endgroup]
2026-10-02T05:00:33.7475174Z (node:2376) [DEP0040] DeprecationWarning: The `punycode` module is deprecated. Please use a userland alternative instead.
2026-10-02T05:00:33.7476226Z (Use `node --trace-deprecation ...` to show where the warning was created)
2026-10-02T05:00:33.8076655Z Cache not found for input keys: residual-reversion-v10-dev-1m-shard-0, cross-sectional-leader-v9-dev-1m-shard-0, premium-absorption-v8-dev-1m-shard-0, factor-lag-v6-dev-1m-shard-0
2026-10-02T05:00:33.8150617Z ##[group]Run set -euo pipefail
2026-10-02T05:00:33.8150928Z [36;1mset -euo pipefail[0m
2026-10-02T05:00:33.8151720Z [36;1mpython scripts/residual_reversion_v10.py scan --stage DEV --data data --btc btc/BTCUSDT.csv.gz --source-check source-check.json --out dev-0 --minute-cache cache/verified-1m[0m
2026-10-02T05:00:33.8216136Z shell: /usr/bin/bash --noprofile --norc -e -o pipefail {0}
2026-10-02T05:00:33.8216478Z env:
2026-10-02T05:00:33.8219222Z   GH_TOKEN: ***
2026-10-02T05:00:33.8219512Z   pythonLocation: /opt/hostedtoolcache/Python/3.12.14/x64
2026-10-02T05:00:33.8219945Z   PKG_CONFIG_PATH: /opt/hostedtoolcache/Python/3.12.14/x64/lib/pkgconfig
2026-10-02T05:00:33.8220373Z   Python_ROOT_DIR: /opt/hostedtoolcache/Python/3.12.14/x64
2026-10-02T05:00:33.8220745Z   Python2_ROOT_DIR: /opt/hostedtoolcache/Python/3.12.14/x64
2026-10-02T05:00:33.8221115Z   Python3_ROOT_DIR: /opt/hostedtoolcache/Python/3.12.14/x64
2026-10-02T05:00:33.8221546Z   LD_LIBRARY_PATH: /opt/hostedtoolcache/Python/3.12.14/x64/lib
2026-10-02T05:00:33.8221873Z ##[endgroup]
2026-10-02T05:02:01.9798401Z V10_RESIDUAL_SCAN DEV 8 / 107 parameterized_outcomes 9618
2026-10-02T05:04:04.0613565Z V10_RESIDUAL_SCAN DEV 40 / 107 parameterized_outcomes 26350
2026-10-02T05:04:28.4129570Z V10_RESIDUAL_SCAN DEV 48 / 107 parameterized_outcomes 30489
2026-10-02T05:04:40.1491082Z V10_RESIDUAL_SCAN DEV 56 / 107 parameterized_outcomes 31515
2026-10-02T05:05:49.7882500Z V10_RESIDUAL_SCAN DEV 88 / 107 parameterized_outcomes 41437
2026-10-02T05:06:34.7698610Z V10_RESIDUAL_SCAN DEV 104 / 107 parameterized_outcomes 49345
2026-10-02T05:07:03.8099023Z V10_RESIDUAL_SCAN_DONE DEV 52287 chronology_exclusions 15
2026-10-02T05:07:03.8921078Z ##[group]Run actions/upload-artifact@v4
2026-10-02T05:07:03.8921375Z with:
2026-10-02T05:07:03.8921586Z   name: residual-reversion-v10-dev-0
2026-10-02T05:07:03.8921843Z   path: dev-0/
2026-10-02T05:07:03.8922038Z   retention-days: 30
2026-10-02T05:07:03.8922252Z   compression-level: 0
2026-10-02T05:07:03.8922470Z   if-no-files-found: warn
2026-10-02T05:07:03.8922687Z   overwrite: false
2026-10-02T05:07:03.8922901Z   include-hidden-files: false
2026-10-02T05:07:03.8923139Z env:
2026-10-02T05:07:03.8926193Z   GH_TOKEN: ***
2026-10-02T05:07:03.8926486Z   pythonLocation: /opt/hostedtoolcache/Python/3.12.14/x64
2026-10-02T05:07:03.8926917Z   PKG_CONFIG_PATH: /opt/hostedtoolcache/Python/3.12.14/x64/lib/pkgconfig
2026-10-02T05:07:03.8927342Z   Python_ROOT_DIR: /opt/hostedtoolcache/Python/3.12.14/x64
2026-10-02T05:07:03.8927723Z   Python2_ROOT_DIR: /opt/hostedtoolcache/Python/3.12.14/x64
2026-10-02T05:07:03.8928090Z   Python3_ROOT_DIR: /opt/hostedtoolcache/Python/3.12.14/x64
2026-10-02T05:07:03.8928487Z   LD_LIBRARY_PATH: /opt/hostedtoolcache/Python/3.12.14/x64/lib
2026-10-02T05:07:03.8928801Z ##[endgroup]
2026-10-02T05:07:04.0593388Z (node:2496) [DEP0040] DeprecationWarning: The `punycode` module is deprecated. Please use a userland alternative instead.
2026-10-02T05:07:04.0594333Z (Use `node --trace-deprecation ...` to show where the warning was created)
2026-10-02T05:07:04.1523296Z With the provided path, there will be 394 files uploaded
2026-10-02T05:07:04.1529645Z Artifact name is valid!
2026-10-02T05:07:04.1530175Z Root directory input is valid!
2026-10-02T05:07:04.3590396Z Beginning upload of artifact content to blob storage
2026-10-02T05:07:04.5330159Z (node:2496) [DEP0169] DeprecationWarning: `url.parse()` behavior is not standardized and prone to errors that have security implications. Use the WHATWG URL API instead. CVEs are not issued for `url.parse()` vulnerabilities.
2026-10-02T05:07:04.7068636Z Uploaded bytes 8388608
2026-10-02T05:07:04.7336699Z Uploaded bytes 16777216
2026-10-02T05:07:04.8672994Z Uploaded bytes 25165824
2026-10-02T05:07:04.8725814Z Uploaded bytes 33554432
2026-10-02T05:07:04.8843027Z Uploaded bytes 41943040
2026-10-02T05:07:04.9108078Z Uploaded bytes 50331648
2026-10-02T05:07:04.9971432Z Uploaded bytes 58720256
2026-10-02T05:07:05.0397134Z Uploaded bytes 67108864
2026-10-02T05:07:05.0725226Z Uploaded bytes 75497472
2026-10-02T05:07:05.1441208Z Uploaded bytes 83886080
2026-10-02T05:07:05.1585340Z Uploaded bytes 92274688
2026-10-02T05:07:05.1900315Z Uploaded bytes 100663296
2026-10-02T05:07:05.2024130Z Uploaded bytes 109051904
2026-10-02T05:07:05.2859724Z Uploaded bytes 117440512
2026-10-02T05:07:05.3173670Z Uploaded bytes 125829120
2026-10-02T05:07:05.3659415Z Uploaded bytes 134217728
2026-10-02T05:07:05.3859683Z Uploaded bytes 142606336
2026-10-02T05:07:05.3926139Z Uploaded bytes 150994944
2026-10-02T05:07:05.4415671Z Uploaded bytes 159383552
2026-10-02T05:07:05.4869349Z Uploaded bytes 167772160
2026-10-02T05:07:05.5081873Z Uploaded bytes 176160768
2026-10-02T05:07:05.6390352Z Uploaded bytes 184549376
2026-10-02T05:07:05.7969394Z Uploaded bytes 190276988
2026-10-02T05:07:05.8113235Z Finished uploading artifact content to blob storage!
2026-10-02T05:07:05.8116665Z SHA256 digest of uploaded artifact zip is 45d2b087863c8be13373c4983083db586d6dc9527c8bde1256b1f3c891dd3d19
2026-10-02T05:07:05.8118979Z Finalizing artifact upload
2026-10-02T05:07:06.0547016Z Artifact residual-reversion-v10-dev-0.zip successfully finalized. Artifact ID 11209737772
2026-10-02T05:07:06.0548377Z Artifact residual-reversion-v10-dev-0 has been successfully uploaded! Final size is 190276988 bytes. Artifact ID is 11209737772
2026-10-02T05:07:06.0556187Z Artifact download URL: https://github.com/duuu-hub/bb-scanner/actions/runs/36966622286/artifacts/11209737772
2026-10-02T05:07:06.0774310Z Post job cleanup.
2026-10-02T05:07:06.1822401Z (node:2511) [DEP0040] DeprecationWarning: The `punycode` module is deprecated. Please use a userland alternative instead.
2026-10-02T05:07:06.1823343Z (Use `node --trace-deprecation ...` to show where the warning was created)
2026-10-02T05:07:06.2049620Z [command]/usr/bin/tar --posix -cf cache.tzst --exclude cache.tzst -P -C /home/runner/work/bb-scanner/bb-scanner --files-from manifest.txt --use-compress-program zstdmt
2026-10-02T05:07:06.6521924Z (node:2511) [DEP0169] DeprecationWarning: `url.parse()` behavior is not standardized and prone to errors that have security implications. Use the WHATWG URL API instead. CVEs are not issued for `url.parse()` vulnerabilities.
2026-10-02T05:07:07.6358047Z Sent 22905268 of 224231860 (10.2%), 21.8 MBs/sec
2026-10-02T05:07:08.1394928Z Sent 224231860 of 224231860 (100.0%), 142.2 MBs/sec
2026-10-02T05:07:08.2255142Z Cache saved with key: residual-reversion-v10-dev-1m-shard-0
2026-10-02T05:07:08.2418867Z Post job cleanup.
2026-10-02T05:07:08.3519407Z (node:2531) [DEP0040] DeprecationWarning: The `punycode` module is deprecated. Please use a userland alternative instead.
2026-10-02T05:07:08.3520349Z (Use `node --trace-deprecation ...` to show where the warning was created)
2026-10-02T05:07:08.3705795Z [command]/usr/bin/tar --posix -cf cache.tzst --exclude cache.tzst -P -C /home/runner/work/bb-scanner/bb-scanner --files-from manifest.txt --use-compress-program zstdmt
2026-10-02T05:07:08.7227682Z (node:2531) [DEP0169] DeprecationWarning: `url.parse()` behavior is not standardized and prone to errors that have security implications. Use the WHATWG URL API instead. CVEs are not issued for `url.parse()` vulnerabilities.
2026-10-02T05:07:09.6789261Z Sent 242832227 of 242832227 (100.0%), 238.3 MBs/sec
2026-10-02T05:07:09.7557615Z Cache saved with key: frozen-source-36095439671-15m-shard-0
2026-10-02T05:07:09.7702512Z Post job cleanup.
2026-10-02T05:07:09.8933860Z (node:2551) [DEP0040] DeprecationWarning: The `punycode` module is deprecated. Please use a userland alternative instead.
2026-10-02T05:07:09.8935326Z (Use `node --trace-deprecation ...` to show where the warning was created)
2026-10-02T05:07:09.9103841Z Post job cleanup.
2026-10-02T05:07:10.0046047Z [command]/usr/bin/git version
2026-10-02T05:07:10.0097378Z git version 2.55.0
2026-10-02T05:07:10.0143423Z Temporarily overriding HOME='/home/runner/work/_temp/9c3bb876-24ca-481e-9933-6df3bd3adbc0' before making global git config changes
2026-10-02T05:07:10.0145183Z Adding repository directory to the temporary git global config as a safe directory
2026-10-02T05:07:10.0150063Z [command]/usr/bin/git config --global --add safe.directory /home/runner/work/bb-scanner/bb-scanner
2026-10-02T05:07:10.0197453Z [command]/usr/bin/git config --local --name-only --get-regexp core\.sshCommand
2026-10-02T05:07:10.0254866Z [command]/usr/bin/git submodule foreach --recursive sh -c "git config --local --name-only --get-regexp 'core\.sshCommand' && git config --local --unset-all 'core.sshCommand' || :"
2026-10-02T05:07:10.0539970Z [command]/usr/bin/git config --local --name-only --get-regexp http\.https\:\/\/github\.com\/\.extraheader
2026-10-02T05:07:10.0569573Z http.https://github.com/.extraheader
2026-10-02T05:07:10.0581145Z [command]/usr/bin/git config --local --unset-all http.https://github.com/.extraheader
2026-10-02T05:07:10.0623041Z [command]/usr/bin/git submodule foreach --recursive sh -c "git config --local --name-only --get-regexp 'http\.https\:\/\/github\.com\/\.extraheader' && git config --local --unset-all 'http.https://github.com/.extraheader' || :"
2026-10-02T05:07:10.0873319Z [command]/usr/bin/git config --local --name-only --get-regexp ^includeIf\.gitdir:
2026-10-02T05:07:10.0912157Z [command]/usr/bin/git submodule foreach --recursive git config --local --show-origin --name-only --get-regexp remote.origin.url
2026-10-02T05:07:10.1309228Z Cleaning up orphan processes
2026-10-02T05:07:10.1652022Z ##[warning]Node.js 20 is deprecated. The following actions target Node.js 20 but are being forced to run on Node.js 24: actions/cache@v4, actions/checkout@v4, actions/setup-python@v5, actions/upload-artifact@v4. For more information see: https://github.blog/changelog/2025-09-19-deprecation-of-node-20-on-github-actions-runners/
