2026-10-02T04:56:56.6649132Z Current runner version: '2.337.0'
2026-10-02T04:56:56.6675791Z ##[group]Runner Image Provisioner
2026-10-02T04:56:56.6676893Z Hosted Compute Agent
2026-10-02T04:56:56.6677626Z Version: 20260901.588
2026-10-02T04:56:56.6678272Z Commit: f88ec8081b781fac6c440065ac7ff9e710ce3d0b
2026-10-02T04:56:56.6679135Z Build Date: 2026-09-01T19:56:44Z
2026-10-02T04:56:56.6679847Z Worker ID: {8ea05001-0bdb-439c-bc7c-f3d06989170e}
2026-10-02T04:56:56.6680577Z Azure Region: eastus
2026-10-02T04:56:56.6681225Z ##[endgroup]
2026-10-02T04:56:56.6682941Z ##[group]Operating System
2026-10-02T04:56:56.6684059Z Ubuntu
2026-10-02T04:56:56.6684657Z 24.04.5
2026-10-02T04:56:56.6685190Z LTS
2026-10-02T04:56:56.6685806Z ##[endgroup]
2026-10-02T04:56:56.6686665Z ##[group]Runner Image
2026-10-02T04:56:56.6687475Z Image: ubuntu-24.04
2026-10-02T04:56:56.6688071Z Version: 20260927.320.1
2026-10-02T04:56:56.6689374Z Included Software: https://github.com/actions/runner-images/blob/ubuntu24/20260927.320/images/ubuntu/Ubuntu2404-Readme.md
2026-10-02T04:56:56.6690985Z Image Release: https://github.com/actions/runner-images/releases/tag/ubuntu24%2F20260927.320
2026-10-02T04:56:56.6692021Z ##[endgroup]
2026-10-02T04:56:56.6693733Z ##[group]GITHUB_TOKEN Permissions
2026-10-02T04:56:56.6695991Z Actions: read
2026-10-02T04:56:56.6696614Z Contents: read
2026-10-02T04:56:56.6697305Z Metadata: read
2026-10-02T04:56:56.6697957Z ##[endgroup]
2026-10-02T04:56:56.6700057Z Secret source: Actions
2026-10-02T04:56:56.6701143Z Cache mode: write
2026-10-02T04:56:56.6702108Z Prepare workflow directory
2026-10-02T04:56:56.7214718Z Prepare all required actions
2026-10-02T04:56:56.7263669Z Getting action download info
2026-10-02T04:56:56.9589256Z Download action repository 'actions/checkout@v4' (SHA:11d5960a326750d5838078e36cf38b85af677262)
2026-10-02T04:56:57.0717741Z Download action repository 'actions/setup-python@v5' (SHA:a26af69be951a213d495a4c3e4e4022e16d87065)
2026-10-02T04:56:57.1524579Z Download action repository 'actions/cache@v4' (SHA:0057852bfaa89a56745cba8c7296529d2fc39830)
2026-10-02T04:56:57.2450770Z Download action repository 'actions/upload-artifact@v4' (SHA:ea165f8d65b6e75b540449e92b4886f43607fa02)
2026-10-02T04:56:57.4668688Z Complete job name: development (1)
2026-10-02T04:56:57.5423137Z ##[group]Run actions/checkout@v4
2026-10-02T04:56:57.5424147Z with:
2026-10-02T04:56:57.5424669Z   repository: duuu-hub/bb-scanner
2026-10-02T04:56:57.5428517Z   token: ***
2026-10-02T04:56:57.5429146Z   ssh-strict: true
2026-10-02T04:56:57.5429789Z   ssh-user: git
2026-10-02T04:56:57.5430293Z   persist-credentials: true
2026-10-02T04:56:57.5430832Z   clean: true
2026-10-02T04:56:57.5431323Z   sparse-checkout-cone-mode: true
2026-10-02T04:56:57.5431890Z   fetch-depth: 1
2026-10-02T04:56:57.5432555Z   fetch-tags: false
2026-10-02T04:56:57.5433055Z   show-progress: true
2026-10-02T04:56:57.5433558Z   lfs: false
2026-10-02T04:56:57.5434033Z   submodules: false
2026-10-02T04:56:57.5434536Z   set-safe-directory: true
2026-10-02T04:56:57.5435093Z   allow-unsafe-pr-checkout: false
2026-10-02T04:56:57.5435980Z env:
2026-10-02T04:56:57.5439716Z   GH_TOKEN: ***
2026-10-02T04:56:57.5440210Z ##[endgroup]
2026-10-02T04:56:57.6441983Z Syncing repository: duuu-hub/bb-scanner
2026-10-02T04:56:57.6445313Z ##[group]Getting Git version info
2026-10-02T04:56:57.6446656Z Working directory is '/home/runner/work/bb-scanner/bb-scanner'
2026-10-02T04:56:57.6448706Z [command]/usr/bin/git version
2026-10-02T04:56:57.6589105Z git version 2.55.0
2026-10-02T04:56:57.6614876Z ##[endgroup]
2026-10-02T04:56:57.6638191Z Temporarily overriding HOME='/home/runner/work/_temp/bba42e96-14ca-42ad-a637-6685483262d7' before making global git config changes
2026-10-02T04:56:57.6641573Z Adding repository directory to the temporary git global config as a safe directory
2026-10-02T04:56:57.6645471Z [command]/usr/bin/git config --global --add safe.directory /home/runner/work/bb-scanner/bb-scanner
2026-10-02T04:56:57.6715990Z Deleting the contents of '/home/runner/work/bb-scanner/bb-scanner'
2026-10-02T04:56:57.6721930Z ##[group]Initializing the repository
2026-10-02T04:56:57.6734622Z [command]/usr/bin/git init /home/runner/work/bb-scanner/bb-scanner
2026-10-02T04:56:57.6869356Z hint: Using 'master' as the name for the initial branch. This default branch name
2026-10-02T04:56:57.6912034Z hint: will change to "main" in Git 3.0. To configure the initial branch name
2026-10-02T04:56:57.6929737Z hint: to use in all of your new repositories, which will suppress this warning,
2026-10-02T04:56:57.6931401Z hint: call:
2026-10-02T04:56:57.6932631Z hint:
2026-10-02T04:56:57.6933706Z hint: 	git config --global init.defaultBranch <name>
2026-10-02T04:56:57.6934884Z hint:
2026-10-02T04:56:57.6935801Z hint: Names commonly chosen instead of 'master' are 'main', 'trunk' and
2026-10-02T04:56:57.6937597Z hint: 'development'. The just-created branch can be renamed via this command:
2026-10-02T04:56:57.6939042Z hint:
2026-10-02T04:56:57.6939810Z hint: 	git branch -m <name>
2026-10-02T04:56:57.6940755Z hint:
2026-10-02T04:56:57.6942121Z hint: Disable this message with "git config set advice.defaultBranchName false"
2026-10-02T04:56:57.6944556Z Initialized empty Git repository in /home/runner/work/bb-scanner/bb-scanner/.git/
2026-10-02T04:56:57.6947767Z [command]/usr/bin/git remote add origin https://github.com/duuu-hub/bb-scanner
2026-10-02T04:56:57.7024832Z ##[endgroup]
2026-10-02T04:56:57.7026411Z ##[group]Disabling automatic garbage collection
2026-10-02T04:56:57.7028058Z [command]/usr/bin/git config --local gc.auto 0
2026-10-02T04:56:57.7084446Z ##[endgroup]
2026-10-02T04:56:57.7114184Z ##[group]Setting up auth
2026-10-02T04:56:57.7143866Z [command]/usr/bin/git config --local --name-only --get-regexp core\.sshCommand
2026-10-02T04:56:57.7164806Z [command]/usr/bin/git submodule foreach --recursive sh -c "git config --local --name-only --get-regexp 'core\.sshCommand' && git config --local --unset-all 'core.sshCommand' || :"
2026-10-02T04:56:57.7538954Z [command]/usr/bin/git config --local --name-only --get-regexp http\.https\:\/\/github\.com\/\.extraheader
2026-10-02T04:56:57.7593733Z [command]/usr/bin/git submodule foreach --recursive sh -c "git config --local --name-only --get-regexp 'http\.https\:\/\/github\.com\/\.extraheader' && git config --local --unset-all 'http.https://github.com/.extraheader' || :"
2026-10-02T04:56:57.7828230Z [command]/usr/bin/git config --local --name-only --get-regexp ^includeIf\.gitdir:
2026-10-02T04:56:57.7866136Z [command]/usr/bin/git submodule foreach --recursive git config --local --show-origin --name-only --get-regexp remote.origin.url
2026-10-02T04:56:57.8090247Z [command]/usr/bin/git config --local http.https://github.com/.extraheader AUTHORIZATION: basic ***
2026-10-02T04:56:57.8131693Z ##[endgroup]
2026-10-02T04:56:57.8132896Z ##[group]Fetching the repository
2026-10-02T04:56:57.8141903Z [command]/usr/bin/git -c protocol.version=2 fetch --no-tags --prune --no-recurse-submodules --depth=1 origin +18270ece2a1923591e14ae706ce9b91e79ddd76a:refs/remotes/origin/research-residual-reversion-v10
2026-10-02T04:56:58.5355721Z From https://github.com/duuu-hub/bb-scanner
2026-10-02T04:56:58.5361460Z  * [new ref]         18270ece2a1923591e14ae706ce9b91e79ddd76a -> origin/research-residual-reversion-v10
2026-10-02T04:56:58.5365685Z ##[endgroup]
2026-10-02T04:56:58.5366927Z ##[group]Determining the checkout info
2026-10-02T04:56:58.5447987Z ##[endgroup]
2026-10-02T04:56:58.5449735Z [command]/usr/bin/git sparse-checkout disable
2026-10-02T04:56:58.5453902Z [command]/usr/bin/git config --local --unset-all extensions.worktreeConfig
2026-10-02T04:56:58.5474557Z ##[group]Checking out the ref
2026-10-02T04:56:58.5488577Z [command]/usr/bin/git checkout --progress --force -B research-residual-reversion-v10 refs/remotes/origin/research-residual-reversion-v10
2026-10-02T04:56:58.7642428Z Switched to a new branch 'research-residual-reversion-v10'
2026-10-02T04:56:58.7649163Z branch 'research-residual-reversion-v10' set up to track 'origin/research-residual-reversion-v10'.
2026-10-02T04:56:58.7661334Z ##[endgroup]
2026-10-02T04:56:58.7706789Z [command]/usr/bin/git log -1 --format=%H
2026-10-02T04:56:58.7733595Z 18270ece2a1923591e14ae706ce9b91e79ddd76a
2026-10-02T04:56:58.8106269Z ##[group]Run actions/setup-python@v5
2026-10-02T04:56:58.8107566Z with:
2026-10-02T04:56:58.8108481Z   python-version: 3.12
2026-10-02T04:56:58.8109524Z   check-latest: false
2026-10-02T04:56:58.8119550Z   token: ***
2026-10-02T04:56:58.8120540Z   update-environment: true
2026-10-02T04:56:58.8121672Z   allow-prereleases: false
2026-10-02T04:56:58.8122966Z   freethreaded: false
2026-10-02T04:56:58.8123955Z env:
2026-10-02T04:56:58.8133582Z   GH_TOKEN: ***
2026-10-02T04:56:58.8134533Z ##[endgroup]
2026-10-02T04:56:58.9453333Z ##[group]Installed versions
2026-10-02T04:56:58.9547327Z (node:2316) [DEP0040] DeprecationWarning: The `punycode` module is deprecated. Please use a userland alternative instead.
2026-10-02T04:56:58.9551830Z (Use `node --trace-deprecation ...` to show where the warning was created)
2026-10-02T04:56:58.9554918Z Successfully set up CPython (3.12.14)
2026-10-02T04:56:58.9557735Z ##[endgroup]
2026-10-02T04:56:58.9799124Z ##[group]Run set -euo pipefail
2026-10-02T04:56:58.9801048Z [36;1mset -euo pipefail[0m
2026-10-02T04:56:58.9803038Z [36;1mpip install pandas==2.3.3 numpy==2.3.3[0m
2026-10-02T04:56:59.0140547Z shell: /usr/bin/bash --noprofile --norc -e -o pipefail {0}
2026-10-02T04:56:59.0142039Z env:
2026-10-02T04:56:59.0151262Z   GH_TOKEN: ***
2026-10-02T04:56:59.0152598Z   pythonLocation: /opt/hostedtoolcache/Python/3.12.14/x64
2026-10-02T04:56:59.0154439Z   PKG_CONFIG_PATH: /opt/hostedtoolcache/Python/3.12.14/x64/lib/pkgconfig
2026-10-02T04:56:59.0156299Z   Python_ROOT_DIR: /opt/hostedtoolcache/Python/3.12.14/x64
2026-10-02T04:56:59.0157984Z   Python2_ROOT_DIR: /opt/hostedtoolcache/Python/3.12.14/x64
2026-10-02T04:56:59.0159661Z   Python3_ROOT_DIR: /opt/hostedtoolcache/Python/3.12.14/x64
2026-10-02T04:56:59.0161355Z   LD_LIBRARY_PATH: /opt/hostedtoolcache/Python/3.12.14/x64/lib
2026-10-02T04:56:59.0162937Z ##[endgroup]
2026-10-02T04:57:00.9407903Z Collecting pandas==2.3.3
2026-10-02T04:57:00.9882802Z   Downloading pandas-2.3.3-cp312-cp312-manylinux_2_24_x86_64.manylinux_2_28_x86_64.whl.metadata (91 kB)
2026-10-02T04:57:01.2247783Z Collecting numpy==2.3.3
2026-10-02T04:57:01.2279757Z   Downloading numpy-2.3.3-cp312-cp312-manylinux_2_27_x86_64.manylinux_2_28_x86_64.whl.metadata (62 kB)
2026-10-02T04:57:01.2526010Z Collecting python-dateutil>=2.8.2 (from pandas==2.3.3)
2026-10-02T04:57:01.2555073Z   Downloading python_dateutil-2.9.0.post0-py2.py3-none-any.whl.metadata (8.4 kB)
2026-10-02T04:57:01.2882675Z Collecting pytz>=2020.1 (from pandas==2.3.3)
2026-10-02T04:57:01.2914724Z   Downloading pytz-2026.4-py2.py3-none-any.whl.metadata (22 kB)
2026-10-02T04:57:01.3100269Z Collecting tzdata>=2022.7 (from pandas==2.3.3)
2026-10-02T04:57:01.3133231Z   Downloading tzdata-2026.4-py2.py3-none-any.whl.metadata (1.4 kB)
2026-10-02T04:57:01.3263241Z Collecting six>=1.5 (from python-dateutil>=2.8.2->pandas==2.3.3)
2026-10-02T04:57:01.3292361Z   Downloading six-1.17.0-py2.py3-none-any.whl.metadata (1.7 kB)
2026-10-02T04:57:01.3361358Z Downloading pandas-2.3.3-cp312-cp312-manylinux_2_24_x86_64.manylinux_2_28_x86_64.whl (12.4 MB)
2026-10-02T04:57:01.3913928Z    ━━━━━━━━━━━━━━━━━━━━━━━━━━━━━━━━━━━━━━━━ 12.4/12.4 MB 249.7 MB/s  0:00:00
2026-10-02T04:57:01.3946572Z Downloading numpy-2.3.3-cp312-cp312-manylinux_2_27_x86_64.manylinux_2_28_x86_64.whl (16.6 MB)
2026-10-02T04:57:01.4824382Z    ━━━━━━━━━━━━━━━━━━━━━━━━━━━━━━━━━━━━━━━━ 16.6/16.6 MB 195.7 MB/s  0:00:00
2026-10-02T04:57:01.4860290Z Downloading python_dateutil-2.9.0.post0-py2.py3-none-any.whl (229 kB)
2026-10-02T04:57:01.4919354Z Downloading pytz-2026.4-py2.py3-none-any.whl (506 kB)
2026-10-02T04:57:01.4979453Z Downloading six-1.17.0-py2.py3-none-any.whl (11 kB)
2026-10-02T04:57:01.5027710Z Downloading tzdata-2026.4-py2.py3-none-any.whl (347 kB)
2026-10-02T04:57:01.7009713Z Installing collected packages: pytz, tzdata, six, numpy, python-dateutil, pandas
2026-10-02T04:57:08.5642794Z 
2026-10-02T04:57:08.5658027Z Successfully installed numpy-2.3.3 pandas-2.3.3 python-dateutil-2.9.0.post0 pytz-2026.4 six-1.17.0 tzdata-2026.4
2026-10-02T04:57:08.6282107Z ##[group]Run actions/cache@v4
2026-10-02T04:57:08.6282866Z with:
2026-10-02T04:57:08.6283067Z   path: data
2026-10-02T04:57:08.6283290Z   key: frozen-source-36095439671-15m-shard-1
2026-10-02T04:57:08.6283592Z   enableCrossOsArchive: false
2026-10-02T04:57:08.6283846Z   fail-on-cache-miss: false
2026-10-02T04:57:08.6284107Z   lookup-only: false
2026-10-02T04:57:08.6284324Z   save-always: false
2026-10-02T04:57:08.6284560Z env:
2026-10-02T04:57:08.6286933Z   GH_TOKEN: ***
2026-10-02T04:57:08.6287225Z   pythonLocation: /opt/hostedtoolcache/Python/3.12.14/x64
2026-10-02T04:57:08.6287665Z   PKG_CONFIG_PATH: /opt/hostedtoolcache/Python/3.12.14/x64/lib/pkgconfig
2026-10-02T04:57:08.6288103Z   Python_ROOT_DIR: /opt/hostedtoolcache/Python/3.12.14/x64
2026-10-02T04:57:08.6288490Z   Python2_ROOT_DIR: /opt/hostedtoolcache/Python/3.12.14/x64
2026-10-02T04:57:08.6288877Z   Python3_ROOT_DIR: /opt/hostedtoolcache/Python/3.12.14/x64
2026-10-02T04:57:08.6289297Z   LD_LIBRARY_PATH: /opt/hostedtoolcache/Python/3.12.14/x64/lib
2026-10-02T04:57:08.6289628Z ##[endgroup]
2026-10-02T04:57:08.7356926Z (node:2351) [DEP0040] DeprecationWarning: The `punycode` module is deprecated. Please use a userland alternative instead.
2026-10-02T04:57:08.7358402Z (Use `node --trace-deprecation ...` to show where the warning was created)
2026-10-02T04:57:08.7911217Z Cache not found for input keys: frozen-source-36095439671-15m-shard-1
2026-10-02T04:57:08.7993161Z ##[group]Run set -euo pipefail
2026-10-02T04:57:08.7993526Z [36;1mset -euo pipefail[0m
2026-10-02T04:57:08.7993787Z [36;1mif [ '' != 'true' ]; then[0m
2026-10-02T04:57:08.7994306Z [36;1m  gh run download 36095439671 -R duuu-hub/bb-scanner -n rank5-binance-um-15m-5y-data-shard-1 -D data[0m
2026-10-02T04:57:08.7994814Z [36;1mfi[0m
2026-10-02T04:57:08.7995155Z [36;1mgh run download 36858492497 -R duuu-hub/bb-scanner -n day-edge-v2-btc -D btc[0m
2026-10-02T04:57:08.7995878Z [36;1mgh run download 36095439671 -R duuu-hub/bb-scanner -n rank5-binance-um-15m-5y-manifest-shard-1 -D source-manifest[0m
2026-10-02T04:57:08.7997017Z [36;1mpython scripts/research_evidence_archive.py verify-source --data data --manifests source-manifest --baseline research/residual-reversion-v10/FROZEN_INPUT_HASHES.json --out source-check.json[0m
2026-10-02T04:57:08.8061255Z shell: /usr/bin/bash --noprofile --norc -e -o pipefail {0}
2026-10-02T04:57:08.8061612Z env:
2026-10-02T04:57:08.8064376Z   GH_TOKEN: ***
2026-10-02T04:57:08.8064688Z   pythonLocation: /opt/hostedtoolcache/Python/3.12.14/x64
2026-10-02T04:57:08.8065137Z   PKG_CONFIG_PATH: /opt/hostedtoolcache/Python/3.12.14/x64/lib/pkgconfig
2026-10-02T04:57:08.8065572Z   Python_ROOT_DIR: /opt/hostedtoolcache/Python/3.12.14/x64
2026-10-02T04:57:08.8065950Z   Python2_ROOT_DIR: /opt/hostedtoolcache/Python/3.12.14/x64
2026-10-02T04:57:08.8066327Z   Python3_ROOT_DIR: /opt/hostedtoolcache/Python/3.12.14/x64
2026-10-02T04:57:08.8066715Z   LD_LIBRARY_PATH: /opt/hostedtoolcache/Python/3.12.14/x64/lib
2026-10-02T04:57:08.8067063Z ##[endgroup]
2026-10-02T04:57:20.0108170Z FROZEN_SOURCE_VERIFIED 108 files 36 prior SHA256 matches
2026-10-02T04:57:20.0599071Z ##[group]Run actions/cache@v4
2026-10-02T04:57:20.0599343Z with:
2026-10-02T04:57:20.0599545Z   path: cache/verified-1m
2026-10-02T04:57:20.0599816Z   key: residual-reversion-v10-dev-1m-shard-1
2026-10-02T04:57:20.0600449Z   restore-keys: cross-sectional-leader-v9-dev-1m-shard-1
premium-absorption-v8-dev-1m-shard-1
factor-lag-v6-dev-1m-shard-1
2026-10-02T04:57:20.0601058Z   enableCrossOsArchive: false
2026-10-02T04:57:20.0601314Z   fail-on-cache-miss: false
2026-10-02T04:57:20.0601553Z   lookup-only: false
2026-10-02T04:57:20.0601770Z   save-always: false
2026-10-02T04:57:20.0601974Z env:
2026-10-02T04:57:20.0604674Z   GH_TOKEN: ***
2026-10-02T04:57:20.0604980Z   pythonLocation: /opt/hostedtoolcache/Python/3.12.14/x64
2026-10-02T04:57:20.0605432Z   PKG_CONFIG_PATH: /opt/hostedtoolcache/Python/3.12.14/x64/lib/pkgconfig
2026-10-02T04:57:20.0606070Z   Python_ROOT_DIR: /opt/hostedtoolcache/Python/3.12.14/x64
2026-10-02T04:57:20.0606498Z   Python2_ROOT_DIR: /opt/hostedtoolcache/Python/3.12.14/x64
2026-10-02T04:57:20.0606882Z   Python3_ROOT_DIR: /opt/hostedtoolcache/Python/3.12.14/x64
2026-10-02T04:57:20.0607277Z   LD_LIBRARY_PATH: /opt/hostedtoolcache/Python/3.12.14/x64/lib
2026-10-02T04:57:20.0607602Z ##[endgroup]
2026-10-02T04:57:20.1707337Z (node:2392) [DEP0040] DeprecationWarning: The `punycode` module is deprecated. Please use a userland alternative instead.
2026-10-02T04:57:20.1708193Z (Use `node --trace-deprecation ...` to show where the warning was created)
2026-10-02T04:57:20.2348205Z Cache not found for input keys: residual-reversion-v10-dev-1m-shard-1, cross-sectional-leader-v9-dev-1m-shard-1, premium-absorption-v8-dev-1m-shard-1, factor-lag-v6-dev-1m-shard-1
2026-10-02T04:57:20.2428386Z ##[group]Run set -euo pipefail
2026-10-02T04:57:20.2428707Z [36;1mset -euo pipefail[0m
2026-10-02T04:57:20.2429485Z [36;1mpython scripts/residual_reversion_v10.py scan --stage DEV --data data --btc btc/BTCUSDT.csv.gz --source-check source-check.json --out dev-1 --minute-cache cache/verified-1m[0m
2026-10-02T04:57:20.2493311Z shell: /usr/bin/bash --noprofile --norc -e -o pipefail {0}
2026-10-02T04:57:20.2493655Z env:
2026-10-02T04:57:20.2496015Z   GH_TOKEN: ***
2026-10-02T04:57:20.2496315Z   pythonLocation: /opt/hostedtoolcache/Python/3.12.14/x64
2026-10-02T04:57:20.2496770Z   PKG_CONFIG_PATH: /opt/hostedtoolcache/Python/3.12.14/x64/lib/pkgconfig
2026-10-02T04:57:20.2497197Z   Python_ROOT_DIR: /opt/hostedtoolcache/Python/3.12.14/x64
2026-10-02T04:57:20.2497618Z   Python2_ROOT_DIR: /opt/hostedtoolcache/Python/3.12.14/x64
2026-10-02T04:57:20.2498000Z   Python3_ROOT_DIR: /opt/hostedtoolcache/Python/3.12.14/x64
2026-10-02T04:57:20.2498412Z   LD_LIBRARY_PATH: /opt/hostedtoolcache/Python/3.12.14/x64/lib
2026-10-02T04:57:20.2498742Z ##[endgroup]
2026-10-02T04:58:32.1122021Z V10_RESIDUAL_SCAN DEV 24 / 108 parameterized_outcomes 9768
2026-10-02T04:58:52.6958998Z V10_RESIDUAL_SCAN DEV 32 / 108 parameterized_outcomes 14712
2026-10-02T05:00:02.2038298Z V10_RESIDUAL_SCAN DEV 40 / 108 parameterized_outcomes 25098
2026-10-02T05:00:55.5848630Z V10_RESIDUAL_SCAN DEV 56 / 108 parameterized_outcomes 33450
2026-10-02T05:02:47.2779709Z V10_RESIDUAL_SCAN DEV 108 / 108 parameterized_outcomes 47600
2026-10-02T05:02:50.6659129Z V10_RESIDUAL_SCAN_DONE DEV 47600 chronology_exclusions 16
2026-10-02T05:02:50.7515406Z ##[group]Run actions/upload-artifact@v4
2026-10-02T05:02:50.7515708Z with:
2026-10-02T05:02:50.7515922Z   name: residual-reversion-v10-dev-1
2026-10-02T05:02:50.7516187Z   path: dev-1/
2026-10-02T05:02:50.7516387Z   retention-days: 30
2026-10-02T05:02:50.7516604Z   compression-level: 0
2026-10-02T05:02:50.7516827Z   if-no-files-found: warn
2026-10-02T05:02:50.7517051Z   overwrite: false
2026-10-02T05:02:50.7517275Z   include-hidden-files: false
2026-10-02T05:02:50.7517504Z env:
2026-10-02T05:02:50.7520065Z   GH_TOKEN: ***
2026-10-02T05:02:50.7520377Z   pythonLocation: /opt/hostedtoolcache/Python/3.12.14/x64
2026-10-02T05:02:50.7520828Z   PKG_CONFIG_PATH: /opt/hostedtoolcache/Python/3.12.14/x64/lib/pkgconfig
2026-10-02T05:02:50.7521268Z   Python_ROOT_DIR: /opt/hostedtoolcache/Python/3.12.14/x64
2026-10-02T05:02:50.7521648Z   Python2_ROOT_DIR: /opt/hostedtoolcache/Python/3.12.14/x64
2026-10-02T05:02:50.7522028Z   Python3_ROOT_DIR: /opt/hostedtoolcache/Python/3.12.14/x64
2026-10-02T05:02:50.7522736Z   LD_LIBRARY_PATH: /opt/hostedtoolcache/Python/3.12.14/x64/lib
2026-10-02T05:02:50.7523111Z ##[endgroup]
2026-10-02T05:02:50.9188291Z (node:2524) [DEP0040] DeprecationWarning: The `punycode` module is deprecated. Please use a userland alternative instead.
2026-10-02T05:02:50.9189031Z (Use `node --trace-deprecation ...` to show where the warning was created)
2026-10-02T05:02:50.9916244Z With the provided path, there will be 333 files uploaded
2026-10-02T05:02:50.9916833Z Artifact name is valid!
2026-10-02T05:02:50.9917080Z Root directory input is valid!
2026-10-02T05:02:51.2010953Z Beginning upload of artifact content to blob storage
2026-10-02T05:02:51.3776203Z (node:2524) [DEP0169] DeprecationWarning: `url.parse()` behavior is not standardized and prone to errors that have security implications. Use the WHATWG URL API instead. CVEs are not issued for `url.parse()` vulnerabilities.
2026-10-02T05:02:51.5264044Z Uploaded bytes 8388608
2026-10-02T05:02:51.5721187Z Uploaded bytes 16777216
2026-10-02T05:02:51.6383233Z Uploaded bytes 25165824
2026-10-02T05:02:51.7010239Z Uploaded bytes 33554432
2026-10-02T05:02:51.7210390Z Uploaded bytes 41943040
2026-10-02T05:02:51.7299794Z Uploaded bytes 50331648
2026-10-02T05:02:51.7692241Z Uploaded bytes 58720256
2026-10-02T05:02:51.8691442Z Uploaded bytes 67108864
2026-10-02T05:02:51.8770178Z Uploaded bytes 75497472
2026-10-02T05:02:51.9106944Z Uploaded bytes 83886080
2026-10-02T05:02:51.9507806Z Uploaded bytes 92274688
2026-10-02T05:02:51.9942203Z Uploaded bytes 100663296
2026-10-02T05:02:52.0040661Z Uploaded bytes 109051904
2026-10-02T05:02:52.0661625Z Uploaded bytes 117440512
2026-10-02T05:02:52.1096522Z Uploaded bytes 125829120
2026-10-02T05:02:52.1403104Z Uploaded bytes 134217728
2026-10-02T05:02:52.1478542Z Uploaded bytes 142606336
2026-10-02T05:02:52.2312242Z Uploaded bytes 150994944
2026-10-02T05:02:52.2520534Z Uploaded bytes 159383552
2026-10-02T05:02:52.4369641Z Uploaded bytes 165613529
2026-10-02T05:02:52.4521646Z Finished uploading artifact content to blob storage!
2026-10-02T05:02:52.4525307Z SHA256 digest of uploaded artifact zip is fa2f8e4a2ef6539899fed66b9160c07b2e6d3aee8d93eb7b686559bfbc549715
2026-10-02T05:02:52.4528013Z Finalizing artifact upload
2026-10-02T05:02:52.6589084Z Artifact residual-reversion-v10-dev-1.zip successfully finalized. Artifact ID 11209752428
2026-10-02T05:02:52.6590559Z Artifact residual-reversion-v10-dev-1 has been successfully uploaded! Final size is 165613529 bytes. Artifact ID is 11209752428
2026-10-02T05:02:52.6597785Z Artifact download URL: https://github.com/duuu-hub/bb-scanner/actions/runs/36966622286/artifacts/11209752428
2026-10-02T05:02:52.6814756Z Post job cleanup.
2026-10-02T05:02:52.7869296Z (node:2538) [DEP0040] DeprecationWarning: The `punycode` module is deprecated. Please use a userland alternative instead.
2026-10-02T05:02:52.7870028Z (Use `node --trace-deprecation ...` to show where the warning was created)
2026-10-02T05:02:52.8088636Z [command]/usr/bin/tar --posix -cf cache.tzst --exclude cache.tzst -P -C /home/runner/work/bb-scanner/bb-scanner --files-from manifest.txt --use-compress-program zstdmt
2026-10-02T05:02:53.1598110Z (node:2538) [DEP0169] DeprecationWarning: `url.parse()` behavior is not standardized and prone to errors that have security implications. Use the WHATWG URL API instead. CVEs are not issued for `url.parse()` vulnerabilities.
2026-10-02T05:02:53.9882769Z Sent 194954036 of 194954036 (100.0%), 221.6 MBs/sec
2026-10-02T05:02:54.0516250Z Cache saved with key: residual-reversion-v10-dev-1m-shard-1
2026-10-02T05:02:54.0665492Z Post job cleanup.
2026-10-02T05:02:54.1727840Z (node:2558) [DEP0040] DeprecationWarning: The `punycode` module is deprecated. Please use a userland alternative instead.
2026-10-02T05:02:54.1728814Z (Use `node --trace-deprecation ...` to show where the warning was created)
2026-10-02T05:02:54.1918909Z [command]/usr/bin/tar --posix -cf cache.tzst --exclude cache.tzst -P -C /home/runner/work/bb-scanner/bb-scanner --files-from manifest.txt --use-compress-program zstdmt
2026-10-02T05:02:54.5989693Z (node:2558) [DEP0169] DeprecationWarning: `url.parse()` behavior is not standardized and prone to errors that have security implications. Use the WHATWG URL API instead. CVEs are not issued for `url.parse()` vulnerabilities.
2026-10-02T05:02:55.5859897Z Sent 0 of 262231284 (0.0%), 0.0 MBs/sec
2026-10-02T05:02:55.9108423Z Sent 262231284 of 262231284 (100.0%), 188.7 MBs/sec
2026-10-02T05:02:55.9852805Z Cache saved with key: frozen-source-36095439671-15m-shard-1
2026-10-02T05:02:55.9978324Z Post job cleanup.
2026-10-02T05:02:56.1218276Z (node:2579) [DEP0040] DeprecationWarning: The `punycode` module is deprecated. Please use a userland alternative instead.
2026-10-02T05:02:56.1219506Z (Use `node --trace-deprecation ...` to show where the warning was created)
2026-10-02T05:02:56.1382743Z Post job cleanup.
2026-10-02T05:02:56.2292951Z [command]/usr/bin/git version
2026-10-02T05:02:56.2328569Z git version 2.55.0
2026-10-02T05:02:56.2375202Z Temporarily overriding HOME='/home/runner/work/_temp/ef7bc6a5-be46-4f01-ac5e-826930e432eb' before making global git config changes
2026-10-02T05:02:56.2376882Z Adding repository directory to the temporary git global config as a safe directory
2026-10-02T05:02:56.2387732Z [command]/usr/bin/git config --global --add safe.directory /home/runner/work/bb-scanner/bb-scanner
2026-10-02T05:02:56.2430101Z [command]/usr/bin/git config --local --name-only --get-regexp core\.sshCommand
2026-10-02T05:02:56.2475518Z [command]/usr/bin/git submodule foreach --recursive sh -c "git config --local --name-only --get-regexp 'core\.sshCommand' && git config --local --unset-all 'core.sshCommand' || :"
2026-10-02T05:02:56.2757576Z [command]/usr/bin/git config --local --name-only --get-regexp http\.https\:\/\/github\.com\/\.extraheader
2026-10-02T05:02:56.2788865Z http.https://github.com/.extraheader
2026-10-02T05:02:56.2802727Z [command]/usr/bin/git config --local --unset-all http.https://github.com/.extraheader
2026-10-02T05:02:56.2839975Z [command]/usr/bin/git submodule foreach --recursive sh -c "git config --local --name-only --get-regexp 'http\.https\:\/\/github\.com\/\.extraheader' && git config --local --unset-all 'http.https://github.com/.extraheader' || :"
2026-10-02T05:02:56.3111349Z [command]/usr/bin/git config --local --name-only --get-regexp ^includeIf\.gitdir:
2026-10-02T05:02:56.3153326Z [command]/usr/bin/git submodule foreach --recursive git config --local --show-origin --name-only --get-regexp remote.origin.url
2026-10-02T05:02:56.3573665Z Cleaning up orphan processes
2026-10-02T05:02:56.3909904Z ##[warning]Node.js 20 is deprecated. The following actions target Node.js 20 but are being forced to run on Node.js 24: actions/cache@v4, actions/checkout@v4, actions/setup-python@v5, actions/upload-artifact@v4. For more information see: https://github.blog/changelog/2025-09-19-deprecation-of-node-20-on-github-actions-runners/
