2026-10-03T02:43:40.5461549Z Current runner version: '2.337.0'
2026-10-03T02:43:40.5482343Z ##[group]Runner Image Provisioner
2026-10-03T02:43:40.5483014Z Hosted Compute Agent
2026-10-03T02:43:40.5483595Z Version: 20260901.588
2026-10-03T02:43:40.5484126Z Commit: f88ec8081b781fac6c440065ac7ff9e710ce3d0b
2026-10-03T02:43:40.5484871Z Build Date: 2026-09-01T19:56:44Z
2026-10-03T02:43:40.5485476Z Worker ID: {ede799fa-7821-4904-83e2-539e7b5831a1}
2026-10-03T02:43:40.5486052Z Azure Region: eastus
2026-10-03T02:43:40.5486500Z ##[endgroup]
2026-10-03T02:43:40.5487748Z ##[group]Operating System
2026-10-03T02:43:40.5488253Z Ubuntu
2026-10-03T02:43:40.5489089Z 24.04.5
2026-10-03T02:43:40.5489521Z LTS
2026-10-03T02:43:40.5489963Z ##[endgroup]
2026-10-03T02:43:40.5490464Z ##[group]Runner Image
2026-10-03T02:43:40.5490946Z Image: ubuntu-24.04
2026-10-03T02:43:40.5491437Z Version: 20260927.320.1
2026-10-03T02:43:40.5492466Z Included Software: https://github.com/actions/runner-images/blob/ubuntu24/20260927.320/images/ubuntu/Ubuntu2404-Readme.md
2026-10-03T02:43:40.5493744Z Image Release: https://github.com/actions/runner-images/releases/tag/ubuntu24%2F20260927.320
2026-10-03T02:43:40.5494563Z ##[endgroup]
2026-10-03T02:43:40.5495711Z ##[group]GITHUB_TOKEN Permissions
2026-10-03T02:43:40.5497468Z Actions: read
2026-10-03T02:43:40.5498019Z Contents: read
2026-10-03T02:43:40.5498516Z Metadata: read
2026-10-03T02:43:40.5499019Z ##[endgroup]
2026-10-03T02:43:40.5501016Z Secret source: Actions
2026-10-03T02:43:40.5501779Z Cache mode: write
2026-10-03T02:43:40.5502617Z Prepare workflow directory
2026-10-03T02:43:40.5892888Z Prepare all required actions
2026-10-03T02:43:40.5931803Z Getting action download info
2026-10-03T02:43:40.7889137Z Download action repository 'actions/checkout@v4' (SHA:11d5960a326750d5838078e36cf38b85af677262)
2026-10-03T02:43:41.1446367Z Download action repository 'actions/setup-python@v5' (SHA:a26af69be951a213d495a4c3e4e4022e16d87065)
2026-10-03T02:43:41.4805053Z Download action repository 'actions/cache@v4' (SHA:0057852bfaa89a56745cba8c7296529d2fc39830)
2026-10-03T02:43:41.9125769Z Download action repository 'actions/upload-artifact@v4' (SHA:ea165f8d65b6e75b540449e92b4886f43607fa02)
2026-10-03T02:43:42.5944514Z Complete job name: development (1)
2026-10-03T02:43:42.6590325Z ##[group]Run actions/checkout@v4
2026-10-03T02:43:42.6591283Z with:
2026-10-03T02:43:42.6591934Z   repository: duuu-hub/bb-scanner
2026-10-03T02:43:42.6598485Z   token: ***
2026-10-03T02:43:42.6599167Z   ssh-strict: true
2026-10-03T02:43:42.6599796Z   ssh-user: git
2026-10-03T02:43:42.6600434Z   persist-credentials: true
2026-10-03T02:43:42.6601119Z   clean: true
2026-10-03T02:43:42.6601761Z   sparse-checkout-cone-mode: true
2026-10-03T02:43:42.6602491Z   fetch-depth: 1
2026-10-03T02:43:42.6603115Z   fetch-tags: false
2026-10-03T02:43:42.6603755Z   show-progress: true
2026-10-03T02:43:42.6604405Z   lfs: false
2026-10-03T02:43:42.6605247Z   submodules: false
2026-10-03T02:43:42.6605904Z   set-safe-directory: true
2026-10-03T02:43:42.6606622Z   allow-unsafe-pr-checkout: false
2026-10-03T02:43:42.6607617Z env:
2026-10-03T02:43:42.6613472Z   GH_TOKEN: ***
2026-10-03T02:43:42.6614082Z ##[endgroup]
2026-10-03T02:43:42.7439884Z Syncing repository: duuu-hub/bb-scanner
2026-10-03T02:43:42.7441931Z ##[group]Getting Git version info
2026-10-03T02:43:42.7442904Z Working directory is '/home/runner/work/bb-scanner/bb-scanner'
2026-10-03T02:43:42.7444332Z [command]/usr/bin/git version
2026-10-03T02:43:42.7582963Z git version 2.55.0
2026-10-03T02:43:42.7633708Z ##[endgroup]
2026-10-03T02:43:42.7645310Z Temporarily overriding HOME='/home/runner/work/_temp/bb010a00-9bf0-410e-8cdd-830aa5202007' before making global git config changes
2026-10-03T02:43:42.7648255Z Adding repository directory to the temporary git global config as a safe directory
2026-10-03T02:43:42.7650633Z [command]/usr/bin/git config --global --add safe.directory /home/runner/work/bb-scanner/bb-scanner
2026-10-03T02:43:42.7856901Z Deleting the contents of '/home/runner/work/bb-scanner/bb-scanner'
2026-10-03T02:43:42.7859246Z ##[group]Initializing the repository
2026-10-03T02:43:42.7861059Z [command]/usr/bin/git init /home/runner/work/bb-scanner/bb-scanner
2026-10-03T02:43:42.8693725Z hint: Using 'master' as the name for the initial branch. This default branch name
2026-10-03T02:43:42.8695861Z hint: will change to "main" in Git 3.0. To configure the initial branch name
2026-10-03T02:43:42.8697628Z hint: to use in all of your new repositories, which will suppress this warning,
2026-10-03T02:43:42.8698716Z hint: call:
2026-10-03T02:43:42.8699286Z hint:
2026-10-03T02:43:42.8700022Z hint: 	git config --global init.defaultBranch <name>
2026-10-03T02:43:42.8700861Z hint:
2026-10-03T02:43:42.8701656Z hint: Names commonly chosen instead of 'master' are 'main', 'trunk' and
2026-10-03T02:43:42.8703192Z hint: 'development'. The just-created branch can be renamed via this command:
2026-10-03T02:43:42.8704309Z hint:
2026-10-03T02:43:42.8705049Z hint: 	git branch -m <name>
2026-10-03T02:43:42.8705714Z hint:
2026-10-03T02:43:42.8706573Z hint: Disable this message with "git config set advice.defaultBranchName false"
2026-10-03T02:43:42.8707949Z Initialized empty Git repository in /home/runner/work/bb-scanner/bb-scanner/.git/
2026-10-03T02:43:42.8710499Z [command]/usr/bin/git remote add origin https://github.com/duuu-hub/bb-scanner
2026-10-03T02:43:42.9031697Z ##[endgroup]
2026-10-03T02:43:42.9033904Z ##[group]Disabling automatic garbage collection
2026-10-03T02:43:42.9036149Z [command]/usr/bin/git config --local gc.auto 0
2026-10-03T02:43:42.9294130Z ##[endgroup]
2026-10-03T02:43:42.9294873Z ##[group]Setting up auth
2026-10-03T02:43:42.9301767Z [command]/usr/bin/git config --local --name-only --get-regexp core\.sshCommand
2026-10-03T02:43:42.9335059Z [command]/usr/bin/git submodule foreach --recursive sh -c "git config --local --name-only --get-regexp 'core\.sshCommand' && git config --local --unset-all 'core.sshCommand' || :"
2026-10-03T02:43:42.9807428Z [command]/usr/bin/git config --local --name-only --get-regexp http\.https\:\/\/github\.com\/\.extraheader
2026-10-03T02:43:42.9837691Z [command]/usr/bin/git submodule foreach --recursive sh -c "git config --local --name-only --get-regexp 'http\.https\:\/\/github\.com\/\.extraheader' && git config --local --unset-all 'http.https://github.com/.extraheader' || :"
2026-10-03T02:43:43.0044517Z [command]/usr/bin/git config --local --name-only --get-regexp ^includeIf\.gitdir:
2026-10-03T02:43:43.0077025Z [command]/usr/bin/git submodule foreach --recursive git config --local --show-origin --name-only --get-regexp remote.origin.url
2026-10-03T02:43:43.0277424Z [command]/usr/bin/git config --local http.https://github.com/.extraheader AUTHORIZATION: basic ***
2026-10-03T02:43:43.0768026Z ##[endgroup]
2026-10-03T02:43:43.0768741Z ##[group]Fetching the repository
2026-10-03T02:43:43.0776274Z [command]/usr/bin/git -c protocol.version=2 fetch --no-tags --prune --no-recurse-submodules --depth=1 origin +bc8af04530f986ce0dcc36981ae8a791a364651b:refs/remotes/origin/research-session-vwap-failed-auction-v17
2026-10-03T02:43:44.4106005Z From https://github.com/duuu-hub/bb-scanner
2026-10-03T02:43:44.4106653Z  * [new ref]         bc8af04530f986ce0dcc36981ae8a791a364651b -> origin/research-session-vwap-failed-auction-v17
2026-10-03T02:43:44.4109664Z ##[endgroup]
2026-10-03T02:43:44.4109973Z ##[group]Determining the checkout info
2026-10-03T02:43:44.4112251Z ##[endgroup]
2026-10-03T02:43:44.4172669Z [command]/usr/bin/git sparse-checkout disable
2026-10-03T02:43:44.4174411Z [command]/usr/bin/git config --local --unset-all extensions.worktreeConfig
2026-10-03T02:43:44.4198708Z ##[group]Checking out the ref
2026-10-03T02:43:44.4202934Z [command]/usr/bin/git checkout --progress --force -B research-session-vwap-failed-auction-v17 refs/remotes/origin/research-session-vwap-failed-auction-v17
2026-10-03T02:43:44.6123232Z Switched to a new branch 'research-session-vwap-failed-auction-v17'
2026-10-03T02:43:44.6126635Z branch 'research-session-vwap-failed-auction-v17' set up to track 'origin/research-session-vwap-failed-auction-v17'.
2026-10-03T02:43:44.6135766Z ##[endgroup]
2026-10-03T02:43:44.6175007Z [command]/usr/bin/git log -1 --format=%H
2026-10-03T02:43:44.6197408Z bc8af04530f986ce0dcc36981ae8a791a364651b
2026-10-03T02:43:44.6413596Z ##[group]Run actions/setup-python@v5
2026-10-03T02:43:44.6413865Z with:
2026-10-03T02:43:44.6414036Z   python-version: 3.12
2026-10-03T02:43:44.6414223Z   check-latest: false
2026-10-03T02:43:44.6416640Z   token: ***
2026-10-03T02:43:44.6416830Z   update-environment: true
2026-10-03T02:43:44.6417033Z   allow-prereleases: false
2026-10-03T02:43:44.6417227Z   freethreaded: false
2026-10-03T02:43:44.6417403Z env:
2026-10-03T02:43:44.6419390Z   GH_TOKEN: ***
2026-10-03T02:43:44.6419559Z ##[endgroup]
2026-10-03T02:43:44.7460994Z ##[group]Installed versions
2026-10-03T02:43:44.7531086Z (node:2086) [DEP0040] DeprecationWarning: The `punycode` module is deprecated. Please use a userland alternative instead.
2026-10-03T02:43:44.7531851Z (Use `node --trace-deprecation ...` to show where the warning was created)
2026-10-03T02:43:44.7532326Z Successfully set up CPython (3.12.14)
2026-10-03T02:43:44.7532809Z ##[endgroup]
2026-10-03T02:43:44.7667044Z ##[group]Run set -euo pipefail
2026-10-03T02:43:44.7667335Z [36;1mset -euo pipefail[0m
2026-10-03T02:43:44.7667579Z [36;1mpip install pandas==2.3.3 numpy==2.3.3[0m
2026-10-03T02:43:44.7980002Z shell: /usr/bin/bash --noprofile --norc -e -o pipefail {0}
2026-10-03T02:43:44.7980337Z env:
2026-10-03T02:43:44.7982570Z   GH_TOKEN: ***
2026-10-03T02:43:44.7982820Z   pythonLocation: /opt/hostedtoolcache/Python/3.12.14/x64
2026-10-03T02:43:44.7983170Z   PKG_CONFIG_PATH: /opt/hostedtoolcache/Python/3.12.14/x64/lib/pkgconfig
2026-10-03T02:43:44.7983502Z   Python_ROOT_DIR: /opt/hostedtoolcache/Python/3.12.14/x64
2026-10-03T02:43:44.7983802Z   Python2_ROOT_DIR: /opt/hostedtoolcache/Python/3.12.14/x64
2026-10-03T02:43:44.7984096Z   Python3_ROOT_DIR: /opt/hostedtoolcache/Python/3.12.14/x64
2026-10-03T02:43:44.7984391Z   LD_LIBRARY_PATH: /opt/hostedtoolcache/Python/3.12.14/x64/lib
2026-10-03T02:43:44.7984825Z ##[endgroup]
2026-10-03T02:43:47.3101681Z Collecting pandas==2.3.3
2026-10-03T02:43:47.3502798Z   Downloading pandas-2.3.3-cp312-cp312-manylinux_2_24_x86_64.manylinux_2_28_x86_64.whl.metadata (91 kB)
2026-10-03T02:43:47.5523923Z Collecting numpy==2.3.3
2026-10-03T02:43:47.5572695Z   Downloading numpy-2.3.3-cp312-cp312-manylinux_2_27_x86_64.manylinux_2_28_x86_64.whl.metadata (62 kB)
2026-10-03T02:43:47.6038362Z Collecting python-dateutil>=2.8.2 (from pandas==2.3.3)
2026-10-03T02:43:47.6071227Z   Downloading python_dateutil-2.9.0.post0-py2.py3-none-any.whl.metadata (8.4 kB)
2026-10-03T02:43:47.6485112Z Collecting pytz>=2020.1 (from pandas==2.3.3)
2026-10-03T02:43:47.6511548Z   Downloading pytz-2026.4-py2.py3-none-any.whl.metadata (22 kB)
2026-10-03T02:43:47.6619971Z Collecting tzdata>=2022.7 (from pandas==2.3.3)
2026-10-03T02:43:47.6647072Z   Downloading tzdata-2026.4-py2.py3-none-any.whl.metadata (1.4 kB)
2026-10-03T02:43:47.6751483Z Collecting six>=1.5 (from python-dateutil>=2.8.2->pandas==2.3.3)
2026-10-03T02:43:47.6788896Z   Downloading six-1.17.0-py2.py3-none-any.whl.metadata (1.7 kB)
2026-10-03T02:43:47.6861335Z Downloading pandas-2.3.3-cp312-cp312-manylinux_2_24_x86_64.manylinux_2_28_x86_64.whl (12.4 MB)
2026-10-03T02:43:47.8470893Z    ━━━━━━━━━━━━━━━━━━━━━━━━━━━━━━━━━━━━━━━━ 12.4/12.4 MB 78.5 MB/s  0:00:00
2026-10-03T02:43:47.8510124Z Downloading numpy-2.3.3-cp312-cp312-manylinux_2_27_x86_64.manylinux_2_28_x86_64.whl (16.6 MB)
2026-10-03T02:43:48.0226449Z    ━━━━━━━━━━━━━━━━━━━━━━━━━━━━━━━━━━━━━━━━ 16.6/16.6 MB 97.1 MB/s  0:00:00
2026-10-03T02:43:48.0258349Z Downloading python_dateutil-2.9.0.post0-py2.py3-none-any.whl (229 kB)
2026-10-03T02:43:48.0505254Z Downloading pytz-2026.4-py2.py3-none-any.whl (506 kB)
2026-10-03T02:43:48.0579193Z Downloading six-1.17.0-py2.py3-none-any.whl (11 kB)
2026-10-03T02:43:48.0781567Z Downloading tzdata-2026.4-py2.py3-none-any.whl (347 kB)
2026-10-03T02:43:48.3291539Z Installing collected packages: pytz, tzdata, six, numpy, python-dateutil, pandas
2026-10-03T02:43:53.9496295Z 
2026-10-03T02:43:53.9507504Z Successfully installed numpy-2.3.3 pandas-2.3.3 python-dateutil-2.9.0.post0 pytz-2026.4 six-1.17.0 tzdata-2026.4
2026-10-03T02:43:54.0105231Z ##[group]Run actions/cache@v4
2026-10-03T02:43:54.0105461Z with:
2026-10-03T02:43:54.0105630Z   path: data
2026-10-03T02:43:54.0105815Z   key: frozen-source-36095439671-15m-shard-1
2026-10-03T02:43:54.0106052Z   enableCrossOsArchive: false
2026-10-03T02:43:54.0106251Z   fail-on-cache-miss: false
2026-10-03T02:43:54.0106440Z   lookup-only: false
2026-10-03T02:43:54.0106611Z   save-always: false
2026-10-03T02:43:54.0106774Z env:
2026-10-03T02:43:54.0108845Z   GH_TOKEN: ***
2026-10-03T02:43:54.0109085Z   pythonLocation: /opt/hostedtoolcache/Python/3.12.14/x64
2026-10-03T02:43:54.0109426Z   PKG_CONFIG_PATH: /opt/hostedtoolcache/Python/3.12.14/x64/lib/pkgconfig
2026-10-03T02:43:54.0109764Z   Python_ROOT_DIR: /opt/hostedtoolcache/Python/3.12.14/x64
2026-10-03T02:43:54.0110061Z   Python2_ROOT_DIR: /opt/hostedtoolcache/Python/3.12.14/x64
2026-10-03T02:43:54.0110397Z   Python3_ROOT_DIR: /opt/hostedtoolcache/Python/3.12.14/x64
2026-10-03T02:43:54.0110727Z   LD_LIBRARY_PATH: /opt/hostedtoolcache/Python/3.12.14/x64/lib
2026-10-03T02:43:54.0110983Z ##[endgroup]
2026-10-03T02:43:54.0936128Z (node:2123) [DEP0040] DeprecationWarning: The `punycode` module is deprecated. Please use a userland alternative instead.
2026-10-03T02:43:54.0936804Z (Use `node --trace-deprecation ...` to show where the warning was created)
2026-10-03T02:43:54.1461850Z Cache not found for input keys: frozen-source-36095439671-15m-shard-1
2026-10-03T02:43:54.1541646Z ##[group]Run set -euo pipefail
2026-10-03T02:43:54.1541910Z [36;1mset -euo pipefail[0m
2026-10-03T02:43:54.1542111Z [36;1mif [ '' != 'true' ]; then[0m
2026-10-03T02:43:54.1542510Z [36;1m  gh run download 36095439671 -R duuu-hub/bb-scanner -n rank5-binance-um-15m-5y-data-shard-1 -D data[0m
2026-10-03T02:43:54.1542903Z [36;1mfi[0m
2026-10-03T02:43:54.1543173Z [36;1mgh run download 36858492497 -R duuu-hub/bb-scanner -n day-edge-v2-btc -D btc[0m
2026-10-03T02:43:54.1543703Z [36;1mgh run download 36095439671 -R duuu-hub/bb-scanner -n rank5-binance-um-15m-5y-manifest-shard-1 -D source-manifest[0m
2026-10-03T02:43:54.1544565Z [36;1mpython scripts/research_evidence_archive.py verify-source --data data --manifests source-manifest --baseline research/session-vwap-failed-auction-v17/FROZEN_INPUT_HASHES.json --out source-check.json[0m
2026-10-03T02:43:54.1601116Z shell: /usr/bin/bash --noprofile --norc -e -o pipefail {0}
2026-10-03T02:43:54.1601391Z env:
2026-10-03T02:43:54.1603511Z   GH_TOKEN: ***
2026-10-03T02:43:54.1603764Z   pythonLocation: /opt/hostedtoolcache/Python/3.12.14/x64
2026-10-03T02:43:54.1604107Z   PKG_CONFIG_PATH: /opt/hostedtoolcache/Python/3.12.14/x64/lib/pkgconfig
2026-10-03T02:43:54.1604433Z   Python_ROOT_DIR: /opt/hostedtoolcache/Python/3.12.14/x64
2026-10-03T02:43:54.1604883Z   Python2_ROOT_DIR: /opt/hostedtoolcache/Python/3.12.14/x64
2026-10-03T02:43:54.1605179Z   Python3_ROOT_DIR: /opt/hostedtoolcache/Python/3.12.14/x64
2026-10-03T02:43:54.1605490Z   LD_LIBRARY_PATH: /opt/hostedtoolcache/Python/3.12.14/x64/lib
2026-10-03T02:43:54.1605750Z ##[endgroup]
2026-10-03T02:44:04.5827793Z FROZEN_SOURCE_VERIFIED 108 files 36 prior SHA256 matches
2026-10-03T02:44:04.6253912Z ##[group]Run actions/cache@v4
2026-10-03T02:44:04.6254128Z with:
2026-10-03T02:44:04.6254295Z   path: cache/verified-1m
2026-10-03T02:44:04.6254532Z   key: session-vwap-failed-auction-v17-dev-1m-shard-1
2026-10-03T02:44:04.6255644Z   restore-keys: taker-absorption-release-v12-dev-1m-shard-1
aggressive-flow-cascade-v11-dev-1m-shard-1
residual-reversion-v10-dev-1m-shard-1
cross-sectional-leader-v9-dev-1m-shard-1
premium-absorption-v8-dev-1m-shard-1
factor-lag-v6-dev-1m-shard-1
2026-10-03T02:44:04.6256455Z   enableCrossOsArchive: false
2026-10-03T02:44:04.6256664Z   fail-on-cache-miss: false
2026-10-03T02:44:04.6256858Z   lookup-only: false
2026-10-03T02:44:04.6257033Z   save-always: false
2026-10-03T02:44:04.6257199Z env:
2026-10-03T02:44:04.6259569Z   GH_TOKEN: ***
2026-10-03T02:44:04.6259810Z   pythonLocation: /opt/hostedtoolcache/Python/3.12.14/x64
2026-10-03T02:44:04.6260149Z   PKG_CONFIG_PATH: /opt/hostedtoolcache/Python/3.12.14/x64/lib/pkgconfig
2026-10-03T02:44:04.6260498Z   Python_ROOT_DIR: /opt/hostedtoolcache/Python/3.12.14/x64
2026-10-03T02:44:04.6260801Z   Python2_ROOT_DIR: /opt/hostedtoolcache/Python/3.12.14/x64
2026-10-03T02:44:04.6261102Z   Python3_ROOT_DIR: /opt/hostedtoolcache/Python/3.12.14/x64
2026-10-03T02:44:04.6261444Z   LD_LIBRARY_PATH: /opt/hostedtoolcache/Python/3.12.14/x64/lib
2026-10-03T02:44:04.6261706Z ##[endgroup]
2026-10-03T02:44:04.7114310Z (node:2165) [DEP0040] DeprecationWarning: The `punycode` module is deprecated. Please use a userland alternative instead.
2026-10-03T02:44:04.7132931Z (Use `node --trace-deprecation ...` to show where the warning was created)
2026-10-03T02:44:04.7616529Z Cache not found for input keys: session-vwap-failed-auction-v17-dev-1m-shard-1, taker-absorption-release-v12-dev-1m-shard-1, aggressive-flow-cascade-v11-dev-1m-shard-1, residual-reversion-v10-dev-1m-shard-1, cross-sectional-leader-v9-dev-1m-shard-1, premium-absorption-v8-dev-1m-shard-1, factor-lag-v6-dev-1m-shard-1
2026-10-03T02:44:04.8522924Z ##[group]Run set -euo pipefail
2026-10-03T02:44:04.8523187Z [36;1mset -euo pipefail[0m
2026-10-03T02:44:04.8523784Z [36;1mpython scripts/session_vwap_failed_auction_v17.py scan --stage DEV --data data --btc btc/BTCUSDT.csv.gz --source-check source-check.json --out dev-1 --minute-cache cache/verified-1m[0m
2026-10-03T02:44:04.8579730Z shell: /usr/bin/bash --noprofile --norc -e -o pipefail {0}
2026-10-03T02:44:04.8580003Z env:
2026-10-03T02:44:04.8582101Z   GH_TOKEN: ***
2026-10-03T02:44:04.8582341Z   pythonLocation: /opt/hostedtoolcache/Python/3.12.14/x64
2026-10-03T02:44:04.8582692Z   PKG_CONFIG_PATH: /opt/hostedtoolcache/Python/3.12.14/x64/lib/pkgconfig
2026-10-03T02:44:04.8583022Z   Python_ROOT_DIR: /opt/hostedtoolcache/Python/3.12.14/x64
2026-10-03T02:44:04.8583324Z   Python2_ROOT_DIR: /opt/hostedtoolcache/Python/3.12.14/x64
2026-10-03T02:44:04.8583633Z   Python3_ROOT_DIR: /opt/hostedtoolcache/Python/3.12.14/x64
2026-10-03T02:44:04.8583967Z   LD_LIBRARY_PATH: /opt/hostedtoolcache/Python/3.12.14/x64/lib
2026-10-03T02:44:04.8584229Z ##[endgroup]
2026-10-03T02:44:06.0298361Z /home/runner/work/bb-scanner/bb-scanner/scripts/session_vwap_failed_auction_v17.py:62: RuntimeWarning: invalid value encountered in divide
2026-10-03T02:44:06.0299122Z   f['session_vwap'][k:z]=np.where(valid,numer/denom,np.nan)
2026-10-03T02:44:09.6181235Z /home/runner/work/bb-scanner/bb-scanner/scripts/session_vwap_failed_auction_v17.py:80: RuntimeWarning: invalid value encountered in divide
2026-10-03T02:44:09.6181883Z   &(f['volume_multiple']>=cfg['volume'])&(rng>0)&(wick/rng>=.5)&outer
2026-10-03T02:44:14.1306358Z /home/runner/work/bb-scanner/bb-scanner/scripts/session_vwap_failed_auction_v17.py:80: RuntimeWarning: invalid value encountered in divide
2026-10-03T02:44:14.1307117Z   &(f['volume_multiple']>=cfg['volume'])&(rng>0)&(wick/rng>=.5)&outer
2026-10-03T02:44:20.5154017Z /home/runner/work/bb-scanner/bb-scanner/scripts/session_vwap_failed_auction_v17.py:80: RuntimeWarning: invalid value encountered in divide
2026-10-03T02:44:20.5154615Z   &(f['volume_multiple']>=cfg['volume'])&(rng>0)&(wick/rng>=.5)&outer
2026-10-03T02:44:34.8210220Z /home/runner/work/bb-scanner/bb-scanner/scripts/session_vwap_failed_auction_v17.py:80: RuntimeWarning: invalid value encountered in divide
2026-10-03T02:44:34.8211180Z   &(f['volume_multiple']>=cfg['volume'])&(rng>0)&(wick/rng>=.5)&outer
2026-10-03T02:44:49.6766682Z /home/runner/work/bb-scanner/bb-scanner/scripts/session_vwap_failed_auction_v17.py:80: RuntimeWarning: invalid value encountered in divide
2026-10-03T02:44:49.6769665Z   &(f['volume_multiple']>=cfg['volume'])&(rng>0)&(wick/rng>=.5)&outer
2026-10-03T02:44:50.1367308Z /home/runner/work/bb-scanner/bb-scanner/scripts/session_vwap_failed_auction_v17.py:80: RuntimeWarning: invalid value encountered in divide
2026-10-03T02:44:50.1368707Z   &(f['volume_multiple']>=cfg['volume'])&(rng>0)&(wick/rng>=.5)&outer
2026-10-03T02:44:53.6207867Z /home/runner/work/bb-scanner/bb-scanner/scripts/session_vwap_failed_auction_v17.py:80: RuntimeWarning: invalid value encountered in divide
2026-10-03T02:44:53.6208706Z   &(f['volume_multiple']>=cfg['volume'])&(rng>0)&(wick/rng>=.5)&outer
2026-10-03T02:44:57.2109922Z V17_VWAP_SCAN DEV 24 / 108 parameterized_outcomes 4608
2026-10-03T02:44:57.8196902Z /home/runner/work/bb-scanner/bb-scanner/scripts/session_vwap_failed_auction_v17.py:80: RuntimeWarning: invalid value encountered in divide
2026-10-03T02:44:57.8197929Z   &(f['volume_multiple']>=cfg['volume'])&(rng>0)&(wick/rng>=.5)&outer
2026-10-03T02:45:00.5771974Z /home/runner/work/bb-scanner/bb-scanner/scripts/session_vwap_failed_auction_v17.py:80: RuntimeWarning: invalid value encountered in divide
2026-10-03T02:45:00.5772932Z   &(f['volume_multiple']>=cfg['volume'])&(rng>0)&(wick/rng>=.5)&outer
2026-10-03T02:45:03.2853095Z /home/runner/work/bb-scanner/bb-scanner/scripts/session_vwap_failed_auction_v17.py:80: RuntimeWarning: invalid value encountered in divide
2026-10-03T02:45:03.2855035Z   &(f['volume_multiple']>=cfg['volume'])&(rng>0)&(wick/rng>=.5)&outer
2026-10-03T02:45:03.7132750Z /home/runner/work/bb-scanner/bb-scanner/scripts/session_vwap_failed_auction_v17.py:80: RuntimeWarning: invalid value encountered in divide
2026-10-03T02:45:03.7133633Z   &(f['volume_multiple']>=cfg['volume'])&(rng>0)&(wick/rng>=.5)&outer
2026-10-03T02:45:05.7356658Z /home/runner/work/bb-scanner/bb-scanner/scripts/session_vwap_failed_auction_v17.py:80: RuntimeWarning: invalid value encountered in divide
2026-10-03T02:45:05.7357629Z   &(f['volume_multiple']>=cfg['volume'])&(rng>0)&(wick/rng>=.5)&outer
2026-10-03T02:45:08.7782140Z /home/runner/work/bb-scanner/bb-scanner/scripts/session_vwap_failed_auction_v17.py:80: RuntimeWarning: invalid value encountered in divide
2026-10-03T02:45:08.7783112Z   &(f['volume_multiple']>=cfg['volume'])&(rng>0)&(wick/rng>=.5)&outer
2026-10-03T02:45:13.6401312Z /home/runner/work/bb-scanner/bb-scanner/scripts/session_vwap_failed_auction_v17.py:80: RuntimeWarning: invalid value encountered in divide
2026-10-03T02:45:13.6401934Z   &(f['volume_multiple']>=cfg['volume'])&(rng>0)&(wick/rng>=.5)&outer
2026-10-03T02:45:16.6956807Z /home/runner/work/bb-scanner/bb-scanner/scripts/session_vwap_failed_auction_v17.py:80: RuntimeWarning: invalid value encountered in divide
2026-10-03T02:45:16.6957403Z   &(f['volume_multiple']>=cfg['volume'])&(rng>0)&(wick/rng>=.5)&outer
2026-10-03T02:45:16.8766924Z /home/runner/work/bb-scanner/bb-scanner/scripts/session_vwap_failed_auction_v17.py:80: RuntimeWarning: invalid value encountered in divide
2026-10-03T02:45:16.8767558Z   &(f['volume_multiple']>=cfg['volume'])&(rng>0)&(wick/rng>=.5)&outer
2026-10-03T02:45:19.6146161Z /home/runner/work/bb-scanner/bb-scanner/scripts/session_vwap_failed_auction_v17.py:80: RuntimeWarning: invalid value encountered in divide
2026-10-03T02:45:19.6147072Z   &(f['volume_multiple']>=cfg['volume'])&(rng>0)&(wick/rng>=.5)&outer
2026-10-03T02:45:19.9114331Z V17_VWAP_SCAN DEV 32 / 108 parameterized_outcomes 6822
2026-10-03T02:45:20.2555007Z /home/runner/work/bb-scanner/bb-scanner/scripts/session_vwap_failed_auction_v17.py:80: RuntimeWarning: invalid value encountered in divide
2026-10-03T02:45:20.2555679Z   &(f['volume_multiple']>=cfg['volume'])&(rng>0)&(wick/rng>=.5)&outer
2026-10-03T02:45:22.5129903Z /home/runner/work/bb-scanner/bb-scanner/scripts/session_vwap_failed_auction_v17.py:80: RuntimeWarning: invalid value encountered in divide
2026-10-03T02:45:22.5130838Z   &(f['volume_multiple']>=cfg['volume'])&(rng>0)&(wick/rng>=.5)&outer
2026-10-03T02:45:24.9460833Z /home/runner/work/bb-scanner/bb-scanner/scripts/session_vwap_failed_auction_v17.py:80: RuntimeWarning: invalid value encountered in divide
2026-10-03T02:45:24.9461433Z   &(f['volume_multiple']>=cfg['volume'])&(rng>0)&(wick/rng>=.5)&outer
2026-10-03T02:45:36.3921448Z /home/runner/work/bb-scanner/bb-scanner/scripts/session_vwap_failed_auction_v17.py:80: RuntimeWarning: invalid value encountered in divide
2026-10-03T02:45:36.3922406Z   &(f['volume_multiple']>=cfg['volume'])&(rng>0)&(wick/rng>=.5)&outer
2026-10-03T02:45:36.8653200Z /home/runner/work/bb-scanner/bb-scanner/scripts/session_vwap_failed_auction_v17.py:80: RuntimeWarning: invalid value encountered in divide
2026-10-03T02:45:36.8654121Z   &(f['volume_multiple']>=cfg['volume'])&(rng>0)&(wick/rng>=.5)&outer
2026-10-03T02:45:45.3577089Z /home/runner/work/bb-scanner/bb-scanner/scripts/session_vwap_failed_auction_v17.py:80: RuntimeWarning: invalid value encountered in divide
2026-10-03T02:45:45.3577690Z   &(f['volume_multiple']>=cfg['volume'])&(rng>0)&(wick/rng>=.5)&outer
2026-10-03T02:45:45.7507272Z /home/runner/work/bb-scanner/bb-scanner/scripts/session_vwap_failed_auction_v17.py:80: RuntimeWarning: invalid value encountered in divide
2026-10-03T02:45:45.7508281Z   &(f['volume_multiple']>=cfg['volume'])&(rng>0)&(wick/rng>=.5)&outer
2026-10-03T02:45:51.0636481Z /home/runner/work/bb-scanner/bb-scanner/scripts/session_vwap_failed_auction_v17.py:80: RuntimeWarning: invalid value encountered in divide
2026-10-03T02:45:51.0637890Z   &(f['volume_multiple']>=cfg['volume'])&(rng>0)&(wick/rng>=.5)&outer
2026-10-03T02:45:56.6628700Z /home/runner/work/bb-scanner/bb-scanner/scripts/session_vwap_failed_auction_v17.py:80: RuntimeWarning: invalid value encountered in divide
2026-10-03T02:45:56.6629597Z   &(f['volume_multiple']>=cfg['volume'])&(rng>0)&(wick/rng>=.5)&outer
2026-10-03T02:45:57.4394223Z V17_VWAP_SCAN DEV 40 / 108 parameterized_outcomes 11604
2026-10-03T02:45:57.6360523Z /home/runner/work/bb-scanner/bb-scanner/scripts/session_vwap_failed_auction_v17.py:80: RuntimeWarning: invalid value encountered in divide
2026-10-03T02:45:57.6361138Z   &(f['volume_multiple']>=cfg['volume'])&(rng>0)&(wick/rng>=.5)&outer
2026-10-03T02:45:59.5236333Z /home/runner/work/bb-scanner/bb-scanner/scripts/session_vwap_failed_auction_v17.py:80: RuntimeWarning: invalid value encountered in divide
2026-10-03T02:45:59.5237262Z   &(f['volume_multiple']>=cfg['volume'])&(rng>0)&(wick/rng>=.5)&outer
2026-10-03T02:46:00.4003155Z /home/runner/work/bb-scanner/bb-scanner/scripts/session_vwap_failed_auction_v17.py:80: RuntimeWarning: invalid value encountered in divide
2026-10-03T02:46:00.4004044Z   &(f['volume_multiple']>=cfg['volume'])&(rng>0)&(wick/rng>=.5)&outer
2026-10-03T02:46:03.3432876Z /home/runner/work/bb-scanner/bb-scanner/scripts/session_vwap_failed_auction_v17.py:80: RuntimeWarning: invalid value encountered in divide
2026-10-03T02:46:03.3433481Z   &(f['volume_multiple']>=cfg['volume'])&(rng>0)&(wick/rng>=.5)&outer
2026-10-03T02:46:05.4908367Z /home/runner/work/bb-scanner/bb-scanner/scripts/session_vwap_failed_auction_v17.py:80: RuntimeWarning: invalid value encountered in divide
2026-10-03T02:46:05.4909019Z   &(f['volume_multiple']>=cfg['volume'])&(rng>0)&(wick/rng>=.5)&outer
2026-10-03T02:46:08.2278582Z /home/runner/work/bb-scanner/bb-scanner/scripts/session_vwap_failed_auction_v17.py:80: RuntimeWarning: invalid value encountered in divide
2026-10-03T02:46:08.2279575Z   &(f['volume_multiple']>=cfg['volume'])&(rng>0)&(wick/rng>=.5)&outer
2026-10-03T02:46:08.6013988Z /home/runner/work/bb-scanner/bb-scanner/scripts/session_vwap_failed_auction_v17.py:80: RuntimeWarning: invalid value encountered in divide
2026-10-03T02:46:09.4172077Z   &(f['volume_multiple']>=cfg['volume'])&(rng>0)&(wick/rng>=.5)&outer
2026-10-03T02:46:09.4173046Z /home/runner/work/bb-scanner/bb-scanner/scripts/session_vwap_failed_auction_v17.py:80: RuntimeWarning: invalid value encountered in divide
2026-10-03T02:46:09.4173881Z   &(f['volume_multiple']>=cfg['volume'])&(rng>0)&(wick/rng>=.5)&outer
2026-10-03T02:46:16.2837516Z /home/runner/work/bb-scanner/bb-scanner/scripts/session_vwap_failed_auction_v17.py:80: RuntimeWarning: invalid value encountered in divide
2026-10-03T02:46:16.2838456Z   &(f['volume_multiple']>=cfg['volume'])&(rng>0)&(wick/rng>=.5)&outer
2026-10-03T02:46:19.1541626Z /home/runner/work/bb-scanner/bb-scanner/scripts/session_vwap_failed_auction_v17.py:80: RuntimeWarning: invalid value encountered in divide
2026-10-03T02:46:19.1542971Z   &(f['volume_multiple']>=cfg['volume'])&(rng>0)&(wick/rng>=.5)&outer
2026-10-03T02:46:19.8624415Z V17_VWAP_SCAN DEV 56 / 108 parameterized_outcomes 16044
2026-10-03T02:46:20.4767635Z /home/runner/work/bb-scanner/bb-scanner/scripts/session_vwap_failed_auction_v17.py:80: RuntimeWarning: invalid value encountered in divide
2026-10-03T02:46:20.4768566Z   &(f['volume_multiple']>=cfg['volume'])&(rng>0)&(wick/rng>=.5)&outer
2026-10-03T02:46:23.3171936Z /home/runner/work/bb-scanner/bb-scanner/scripts/session_vwap_failed_auction_v17.py:80: RuntimeWarning: invalid value encountered in divide
2026-10-03T02:46:23.3172870Z   &(f['volume_multiple']>=cfg['volume'])&(rng>0)&(wick/rng>=.5)&outer
2026-10-03T02:46:25.9922133Z /home/runner/work/bb-scanner/bb-scanner/scripts/session_vwap_failed_auction_v17.py:80: RuntimeWarning: invalid value encountered in divide
2026-10-03T02:46:25.9923026Z   &(f['volume_multiple']>=cfg['volume'])&(rng>0)&(wick/rng>=.5)&outer
2026-10-03T02:46:33.4365821Z /home/runner/work/bb-scanner/bb-scanner/scripts/session_vwap_failed_auction_v17.py:80: RuntimeWarning: invalid value encountered in divide
2026-10-03T02:46:33.4367031Z   &(f['volume_multiple']>=cfg['volume'])&(rng>0)&(wick/rng>=.5)&outer
2026-10-03T02:46:34.1271825Z /home/runner/work/bb-scanner/bb-scanner/scripts/session_vwap_failed_auction_v17.py:80: RuntimeWarning: invalid value encountered in divide
2026-10-03T02:46:34.1272419Z   &(f['volume_multiple']>=cfg['volume'])&(rng>0)&(wick/rng>=.5)&outer
2026-10-03T02:46:39.7301164Z /home/runner/work/bb-scanner/bb-scanner/scripts/session_vwap_failed_auction_v17.py:80: RuntimeWarning: invalid value encountered in divide
2026-10-03T02:46:39.7301818Z   &(f['volume_multiple']>=cfg['volume'])&(rng>0)&(wick/rng>=.5)&outer
2026-10-03T02:46:41.5421686Z /home/runner/work/bb-scanner/bb-scanner/scripts/session_vwap_failed_auction_v17.py:80: RuntimeWarning: invalid value encountered in divide
2026-10-03T02:46:41.5422721Z   &(f['volume_multiple']>=cfg['volume'])&(rng>0)&(wick/rng>=.5)&outer
2026-10-03T02:46:43.6419712Z /home/runner/work/bb-scanner/bb-scanner/scripts/session_vwap_failed_auction_v17.py:80: RuntimeWarning: invalid value encountered in divide
2026-10-03T02:46:43.6420304Z   &(f['volume_multiple']>=cfg['volume'])&(rng>0)&(wick/rng>=.5)&outer
2026-10-03T02:46:43.9931234Z /home/runner/work/bb-scanner/bb-scanner/scripts/session_vwap_failed_auction_v17.py:80: RuntimeWarning: invalid value encountered in divide
2026-10-03T02:46:43.9931833Z   &(f['volume_multiple']>=cfg['volume'])&(rng>0)&(wick/rng>=.5)&outer
2026-10-03T02:46:46.5496240Z /home/runner/work/bb-scanner/bb-scanner/scripts/session_vwap_failed_auction_v17.py:80: RuntimeWarning: invalid value encountered in divide
2026-10-03T02:46:46.5497199Z   &(f['volume_multiple']>=cfg['volume'])&(rng>0)&(wick/rng>=.5)&outer
2026-10-03T02:46:52.3420742Z /home/runner/work/bb-scanner/bb-scanner/scripts/session_vwap_failed_auction_v17.py:80: RuntimeWarning: invalid value encountered in divide
2026-10-03T02:46:52.3421725Z   &(f['volume_multiple']>=cfg['volume'])&(rng>0)&(wick/rng>=.5)&outer
2026-10-03T02:46:57.7951001Z /home/runner/work/bb-scanner/bb-scanner/scripts/session_vwap_failed_auction_v17.py:80: RuntimeWarning: invalid value encountered in divide
2026-10-03T02:46:57.7951768Z   &(f['volume_multiple']>=cfg['volume'])&(rng>0)&(wick/rng>=.5)&outer
2026-10-03T02:46:59.9468253Z /home/runner/work/bb-scanner/bb-scanner/scripts/session_vwap_failed_auction_v17.py:80: RuntimeWarning: invalid value encountered in divide
2026-10-03T02:46:59.9469194Z   &(f['volume_multiple']>=cfg['volume'])&(rng>0)&(wick/rng>=.5)&outer
2026-10-03T02:47:02.7394006Z /home/runner/work/bb-scanner/bb-scanner/scripts/session_vwap_failed_auction_v17.py:80: RuntimeWarning: invalid value encountered in divide
2026-10-03T02:47:02.7394587Z   &(f['volume_multiple']>=cfg['volume'])&(rng>0)&(wick/rng>=.5)&outer
2026-10-03T02:47:03.1480117Z /home/runner/work/bb-scanner/bb-scanner/scripts/session_vwap_failed_auction_v17.py:80: RuntimeWarning: invalid value encountered in divide
2026-10-03T02:47:03.1481738Z   &(f['volume_multiple']>=cfg['volume'])&(rng>0)&(wick/rng>=.5)&outer
2026-10-03T02:47:07.4203677Z /home/runner/work/bb-scanner/bb-scanner/scripts/session_vwap_failed_auction_v17.py:80: RuntimeWarning: invalid value encountered in divide
2026-10-03T02:47:07.4204628Z   &(f['volume_multiple']>=cfg['volume'])&(rng>0)&(wick/rng>=.5)&outer
2026-10-03T02:47:12.4868271Z /home/runner/work/bb-scanner/bb-scanner/scripts/session_vwap_failed_auction_v17.py:80: RuntimeWarning: invalid value encountered in divide
2026-10-03T02:47:12.4868881Z   &(f['volume_multiple']>=cfg['volume'])&(rng>0)&(wick/rng>=.5)&outer
2026-10-03T02:47:13.4838129Z V17_VWAP_SCAN DEV 108 / 108 parameterized_outcomes 23004
2026-10-03T02:47:14.4631235Z V17_VWAP_SCAN_DONE DEV 23004 chronology_exclusions 0
2026-10-03T02:47:14.5244418Z ##[group]Run actions/upload-artifact@v4
2026-10-03T02:47:14.5244825Z with:
2026-10-03T02:47:14.5245035Z   name: session-vwap-failed-auction-v17-dev-1
2026-10-03T02:47:14.5245282Z   path: dev-1/
2026-10-03T02:47:14.5245445Z   retention-days: 30
2026-10-03T02:47:14.5245619Z   compression-level: 0
2026-10-03T02:47:14.5245798Z   if-no-files-found: warn
2026-10-03T02:47:14.5245984Z   overwrite: false
2026-10-03T02:47:14.5246154Z   include-hidden-files: false
2026-10-03T02:47:14.5246339Z env:
2026-10-03T02:47:14.5248395Z   GH_TOKEN: ***
2026-10-03T02:47:14.5248627Z   pythonLocation: /opt/hostedtoolcache/Python/3.12.14/x64
2026-10-03T02:47:14.5248961Z   PKG_CONFIG_PATH: /opt/hostedtoolcache/Python/3.12.14/x64/lib/pkgconfig
2026-10-03T02:47:14.5249288Z   Python_ROOT_DIR: /opt/hostedtoolcache/Python/3.12.14/x64
2026-10-03T02:47:14.5249581Z   Python2_ROOT_DIR: /opt/hostedtoolcache/Python/3.12.14/x64
2026-10-03T02:47:14.5249867Z   Python3_ROOT_DIR: /opt/hostedtoolcache/Python/3.12.14/x64
2026-10-03T02:47:14.5250183Z   LD_LIBRARY_PATH: /opt/hostedtoolcache/Python/3.12.14/x64/lib
2026-10-03T02:47:14.5250436Z ##[endgroup]
2026-10-03T02:47:14.6613539Z (node:2217) [DEP0040] DeprecationWarning: The `punycode` module is deprecated. Please use a userland alternative instead.
2026-10-03T02:47:14.6614243Z (Use `node --trace-deprecation ...` to show where the warning was created)
2026-10-03T02:47:14.6888541Z With the provided path, there will be 205 files uploaded
2026-10-03T02:47:14.6893710Z Artifact name is valid!
2026-10-03T02:47:14.6894416Z Root directory input is valid!
2026-10-03T02:47:14.8992406Z Beginning upload of artifact content to blob storage
2026-10-03T02:47:14.9811518Z (node:2217) [DEP0169] DeprecationWarning: `url.parse()` behavior is not standardized and prone to errors that have security implications. Use the WHATWG URL API instead. CVEs are not issued for `url.parse()` vulnerabilities.
2026-10-03T02:47:15.1933232Z Uploaded bytes 8388608
2026-10-03T02:47:15.2385199Z Uploaded bytes 16777216
2026-10-03T02:47:15.2740364Z Uploaded bytes 25165824
2026-10-03T02:47:15.3322885Z Uploaded bytes 33554432
2026-10-03T02:47:15.3414821Z Uploaded bytes 41943040
2026-10-03T02:47:15.4070804Z Uploaded bytes 50331648
2026-10-03T02:47:15.4222593Z Uploaded bytes 58720256
2026-10-03T02:47:15.4979224Z Uploaded bytes 67108864
2026-10-03T02:47:15.5475474Z Uploaded bytes 75497472
2026-10-03T02:47:15.6529425Z Uploaded bytes 83886080
2026-10-03T02:47:15.6581166Z Uploaded bytes 92274688
2026-10-03T02:47:16.3663011Z Uploaded bytes 100663296
2026-10-03T02:47:16.4061048Z Uploaded bytes 101422397
2026-10-03T02:47:16.4218152Z Finished uploading artifact content to blob storage!
2026-10-03T02:47:16.4218914Z SHA256 digest of uploaded artifact zip is 0858a26cc8226ac7aa3058d148a91b4d11bf708ef78d30cbbe41108b1a417708
2026-10-03T02:47:16.4220554Z Finalizing artifact upload
2026-10-03T02:47:16.6489737Z Artifact session-vwap-failed-auction-v17-dev-1.zip successfully finalized. Artifact ID 11262193445
2026-10-03T02:47:16.6490926Z Artifact session-vwap-failed-auction-v17-dev-1 has been successfully uploaded! Final size is 101422397 bytes. Artifact ID is 11262193445
2026-10-03T02:47:16.6496396Z Artifact download URL: https://github.com/duuu-hub/bb-scanner/actions/runs/37090734742/artifacts/11262193445
2026-10-03T02:47:16.6686695Z Post job cleanup.
2026-10-03T02:47:16.7552371Z (node:2229) [DEP0040] DeprecationWarning: The `punycode` module is deprecated. Please use a userland alternative instead.
2026-10-03T02:47:16.7553052Z (Use `node --trace-deprecation ...` to show where the warning was created)
2026-10-03T02:47:16.7710493Z [command]/usr/bin/tar --posix -cf cache.tzst --exclude cache.tzst -P -C /home/runner/work/bb-scanner/bb-scanner --files-from manifest.txt --use-compress-program zstdmt
2026-10-03T02:47:17.0171187Z (node:2229) [DEP0169] DeprecationWarning: `url.parse()` behavior is not standardized and prone to errors that have security implications. Use the WHATWG URL API instead. CVEs are not issued for `url.parse()` vulnerabilities.
2026-10-03T02:47:18.0109647Z Sent 99483648 of 122106940 (81.5%), 94.9 MBs/sec
2026-10-03T02:47:18.5568904Z Sent 122106940 of 122106940 (100.0%), 75.3 MBs/sec
2026-10-03T02:47:18.6293139Z Cache saved with key: session-vwap-failed-auction-v17-dev-1m-shard-1
2026-10-03T02:47:18.6397374Z Post job cleanup.
2026-10-03T02:47:18.7223580Z (node:2249) [DEP0040] DeprecationWarning: The `punycode` module is deprecated. Please use a userland alternative instead.
2026-10-03T02:47:18.7224152Z (Use `node --trace-deprecation ...` to show where the warning was created)
2026-10-03T02:47:18.7365668Z [command]/usr/bin/tar --posix -cf cache.tzst --exclude cache.tzst -P -C /home/runner/work/bb-scanner/bb-scanner --files-from manifest.txt --use-compress-program zstdmt
2026-10-03T02:47:19.0195023Z (node:2249) [DEP0169] DeprecationWarning: `url.parse()` behavior is not standardized and prone to errors that have security implications. Use the WHATWG URL API instead. CVEs are not issued for `url.parse()` vulnerabilities.
2026-10-03T02:47:20.0109281Z Sent 0 of 262231527 (0.0%), 0.0 MBs/sec
2026-10-03T02:47:20.3612815Z Sent 262231527 of 262231527 (100.0%), 185.1 MBs/sec
2026-10-03T02:47:20.4484961Z Cache saved with key: frozen-source-36095439671-15m-shard-1
2026-10-03T02:47:20.4580140Z Post job cleanup.
2026-10-03T02:47:20.5561639Z (node:2269) [DEP0040] DeprecationWarning: The `punycode` module is deprecated. Please use a userland alternative instead.
2026-10-03T02:47:20.5562534Z (Use `node --trace-deprecation ...` to show where the warning was created)
2026-10-03T02:47:20.5727239Z Post job cleanup.
2026-10-03T02:47:20.6461008Z [command]/usr/bin/git version
2026-10-03T02:47:20.6497954Z git version 2.55.0
2026-10-03T02:47:20.6526973Z Temporarily overriding HOME='/home/runner/work/_temp/aa780f53-b20a-438e-85e5-d4ce245b19c8' before making global git config changes
2026-10-03T02:47:20.6528190Z Adding repository directory to the temporary git global config as a safe directory
2026-10-03T02:47:20.6531919Z [command]/usr/bin/git config --global --add safe.directory /home/runner/work/bb-scanner/bb-scanner
2026-10-03T02:47:20.6565364Z [command]/usr/bin/git config --local --name-only --get-regexp core\.sshCommand
2026-10-03T02:47:20.6595075Z [command]/usr/bin/git submodule foreach --recursive sh -c "git config --local --name-only --get-regexp 'core\.sshCommand' && git config --local --unset-all 'core.sshCommand' || :"
2026-10-03T02:47:20.6812659Z [command]/usr/bin/git config --local --name-only --get-regexp http\.https\:\/\/github\.com\/\.extraheader
2026-10-03T02:47:20.6837648Z http.https://github.com/.extraheader
2026-10-03T02:47:20.6846610Z [command]/usr/bin/git config --local --unset-all http.https://github.com/.extraheader
2026-10-03T02:47:20.6883125Z [command]/usr/bin/git submodule foreach --recursive sh -c "git config --local --name-only --get-regexp 'http\.https\:\/\/github\.com\/\.extraheader' && git config --local --unset-all 'http.https://github.com/.extraheader' || :"
2026-10-03T02:47:20.7091010Z [command]/usr/bin/git config --local --name-only --get-regexp ^includeIf\.gitdir:
2026-10-03T02:47:20.7125261Z [command]/usr/bin/git submodule foreach --recursive git config --local --show-origin --name-only --get-regexp remote.origin.url
2026-10-03T02:47:20.7454489Z Cleaning up orphan processes
2026-10-03T02:47:20.7714249Z ##[warning]Node.js 20 is deprecated. The following actions target Node.js 20 but are being forced to run on Node.js 24: actions/cache@v4, actions/checkout@v4, actions/setup-python@v5, actions/upload-artifact@v4. For more information see: https://github.blog/changelog/2025-09-19-deprecation-of-node-20-on-github-actions-runners/
