2026-10-03T02:43:42.6525934Z Current runner version: '2.337.0'
2026-10-03T02:43:42.6551880Z ##[group]Runner Image Provisioner
2026-10-03T02:43:42.6552743Z Hosted Compute Agent
2026-10-03T02:43:42.6553455Z Version: 20260901.588
2026-10-03T02:43:42.6554170Z Commit: f88ec8081b781fac6c440065ac7ff9e710ce3d0b
2026-10-03T02:43:42.6554951Z Build Date: 2026-09-01T19:56:44Z
2026-10-03T02:43:42.6555739Z Worker ID: {73c1812b-f9a3-44ff-a3c9-1cf25baeabf4}
2026-10-03T02:43:42.6556449Z Azure Region: westus
2026-10-03T02:43:42.6557087Z ##[endgroup]
2026-10-03T02:43:42.6558961Z ##[group]Operating System
2026-10-03T02:43:42.6559710Z Ubuntu
2026-10-03T02:43:42.6560262Z 24.04.5
2026-10-03T02:43:42.6560771Z LTS
2026-10-03T02:43:42.6561713Z ##[endgroup]
2026-10-03T02:43:42.6562356Z ##[group]Runner Image
2026-10-03T02:43:42.6562987Z Image: ubuntu-24.04
2026-10-03T02:43:42.6563568Z Version: 20260927.320.1
2026-10-03T02:43:42.6564865Z Included Software: https://github.com/actions/runner-images/blob/ubuntu24/20260927.320/images/ubuntu/Ubuntu2404-Readme.md
2026-10-03T02:43:42.6566477Z Image Release: https://github.com/actions/runner-images/releases/tag/ubuntu24%2F20260927.320
2026-10-03T02:43:42.6567515Z ##[endgroup]
2026-10-03T02:43:42.6568886Z ##[group]GITHUB_TOKEN Permissions
2026-10-03T02:43:42.6571138Z Actions: read
2026-10-03T02:43:42.6571828Z Contents: read
2026-10-03T02:43:42.6572393Z Metadata: read
2026-10-03T02:43:42.6573000Z ##[endgroup]
2026-10-03T02:43:42.6575139Z Secret source: Actions
2026-10-03T02:43:42.6576213Z Cache mode: write
2026-10-03T02:43:42.6576960Z Prepare workflow directory
2026-10-03T02:43:42.7163529Z Prepare all required actions
2026-10-03T02:43:42.7212332Z Getting action download info
2026-10-03T02:43:43.1016572Z Download action repository 'actions/checkout@v4' (SHA:11d5960a326750d5838078e36cf38b85af677262)
2026-10-03T02:43:43.2101642Z Download action repository 'actions/setup-python@v5' (SHA:a26af69be951a213d495a4c3e4e4022e16d87065)
2026-10-03T02:43:43.2875764Z Download action repository 'actions/cache@v4' (SHA:0057852bfaa89a56745cba8c7296529d2fc39830)
2026-10-03T02:43:43.3820688Z Download action repository 'actions/upload-artifact@v4' (SHA:ea165f8d65b6e75b540449e92b4886f43607fa02)
2026-10-03T02:43:43.5965126Z Complete job name: development (2)
2026-10-03T02:43:43.6689444Z ##[group]Run actions/checkout@v4
2026-10-03T02:43:43.6690375Z with:
2026-10-03T02:43:43.6690824Z   repository: duuu-hub/bb-scanner
2026-10-03T02:43:43.6694603Z   token: ***
2026-10-03T02:43:43.6695029Z   ssh-strict: true
2026-10-03T02:43:43.6695723Z   ssh-user: git
2026-10-03T02:43:43.6696166Z   persist-credentials: true
2026-10-03T02:43:43.6696703Z   clean: true
2026-10-03T02:43:43.6697176Z   sparse-checkout-cone-mode: true
2026-10-03T02:43:43.6697697Z   fetch-depth: 1
2026-10-03T02:43:43.6698127Z   fetch-tags: false
2026-10-03T02:43:43.6698565Z   show-progress: true
2026-10-03T02:43:43.6699195Z   lfs: false
2026-10-03T02:43:43.6699603Z   submodules: false
2026-10-03T02:43:43.6700049Z   set-safe-directory: true
2026-10-03T02:43:43.6700549Z   allow-unsafe-pr-checkout: false
2026-10-03T02:43:43.6701519Z env:
2026-10-03T02:43:43.6705191Z   GH_TOKEN: ***
2026-10-03T02:43:43.6705627Z ##[endgroup]
2026-10-03T02:43:43.7706721Z Syncing repository: duuu-hub/bb-scanner
2026-10-03T02:43:43.7709662Z ##[group]Getting Git version info
2026-10-03T02:43:43.7710938Z Working directory is '/home/runner/work/bb-scanner/bb-scanner'
2026-10-03T02:43:43.7712596Z [command]/usr/bin/git version
2026-10-03T02:43:43.7767204Z git version 2.55.0
2026-10-03T02:43:43.7791101Z ##[endgroup]
2026-10-03T02:43:43.7809175Z Temporarily overriding HOME='/home/runner/work/_temp/878d7f6e-d8f8-49f1-9cf9-8288a8ed6fe5' before making global git config changes
2026-10-03T02:43:43.7811623Z Adding repository directory to the temporary git global config as a safe directory
2026-10-03T02:43:43.7830680Z [command]/usr/bin/git config --global --add safe.directory /home/runner/work/bb-scanner/bb-scanner
2026-10-03T02:43:43.7887222Z Deleting the contents of '/home/runner/work/bb-scanner/bb-scanner'
2026-10-03T02:43:43.7890915Z ##[group]Initializing the repository
2026-10-03T02:43:43.7900205Z [command]/usr/bin/git init /home/runner/work/bb-scanner/bb-scanner
2026-10-03T02:43:43.8015614Z hint: Using 'master' as the name for the initial branch. This default branch name
2026-10-03T02:43:43.8017400Z hint: will change to "main" in Git 3.0. To configure the initial branch name
2026-10-03T02:43:43.8019041Z hint: to use in all of your new repositories, which will suppress this warning,
2026-10-03T02:43:43.8020165Z hint: call:
2026-10-03T02:43:43.8020752Z hint:
2026-10-03T02:43:43.8021734Z hint: 	git config --global init.defaultBranch <name>
2026-10-03T02:43:43.8022678Z hint:
2026-10-03T02:43:43.8023289Z hint: Names commonly chosen instead of 'master' are 'main', 'trunk' and
2026-10-03T02:43:43.8024239Z hint: 'development'. The just-created branch can be renamed via this command:
2026-10-03T02:43:43.8024977Z hint:
2026-10-03T02:43:43.8025392Z hint: 	git branch -m <name>
2026-10-03T02:43:43.8026335Z hint:
2026-10-03T02:43:43.8027089Z hint: Disable this message with "git config set advice.defaultBranchName false"
2026-10-03T02:43:43.8028352Z Initialized empty Git repository in /home/runner/work/bb-scanner/bb-scanner/.git/
2026-10-03T02:43:43.8031343Z [command]/usr/bin/git remote add origin https://github.com/duuu-hub/bb-scanner
2026-10-03T02:43:43.8085910Z ##[endgroup]
2026-10-03T02:43:43.8086914Z ##[group]Disabling automatic garbage collection
2026-10-03T02:43:43.8090612Z [command]/usr/bin/git config --local gc.auto 0
2026-10-03T02:43:43.8124985Z ##[endgroup]
2026-10-03T02:43:43.8125768Z ##[group]Setting up auth
2026-10-03T02:43:43.8134916Z [command]/usr/bin/git config --local --name-only --get-regexp core\.sshCommand
2026-10-03T02:43:43.8172914Z [command]/usr/bin/git submodule foreach --recursive sh -c "git config --local --name-only --get-regexp 'core\.sshCommand' && git config --local --unset-all 'core.sshCommand' || :"
2026-10-03T02:43:43.8586382Z [command]/usr/bin/git config --local --name-only --get-regexp http\.https\:\/\/github\.com\/\.extraheader
2026-10-03T02:43:43.8628611Z [command]/usr/bin/git submodule foreach --recursive sh -c "git config --local --name-only --get-regexp 'http\.https\:\/\/github\.com\/\.extraheader' && git config --local --unset-all 'http.https://github.com/.extraheader' || :"
2026-10-03T02:43:43.8875982Z [command]/usr/bin/git config --local --name-only --get-regexp ^includeIf\.gitdir:
2026-10-03T02:43:43.8915956Z [command]/usr/bin/git submodule foreach --recursive git config --local --show-origin --name-only --get-regexp remote.origin.url
2026-10-03T02:43:43.9148160Z [command]/usr/bin/git config --local http.https://github.com/.extraheader AUTHORIZATION: basic ***
2026-10-03T02:43:43.9191287Z ##[endgroup]
2026-10-03T02:43:43.9192268Z ##[group]Fetching the repository
2026-10-03T02:43:43.9201844Z [command]/usr/bin/git -c protocol.version=2 fetch --no-tags --prune --no-recurse-submodules --depth=1 origin +bc8af04530f986ce0dcc36981ae8a791a364651b:refs/remotes/origin/research-session-vwap-failed-auction-v17
2026-10-03T02:43:45.0222026Z From https://github.com/duuu-hub/bb-scanner
2026-10-03T02:43:45.0223983Z  * [new ref]         bc8af04530f986ce0dcc36981ae8a791a364651b -> origin/research-session-vwap-failed-auction-v17
2026-10-03T02:43:45.0227732Z ##[endgroup]
2026-10-03T02:43:45.0229458Z ##[group]Determining the checkout info
2026-10-03T02:43:45.0231134Z ##[endgroup]
2026-10-03T02:43:45.0235645Z [command]/usr/bin/git sparse-checkout disable
2026-10-03T02:43:45.0299324Z [command]/usr/bin/git config --local --unset-all extensions.worktreeConfig
2026-10-03T02:43:45.0350562Z ##[group]Checking out the ref
2026-10-03T02:43:45.0357178Z [command]/usr/bin/git checkout --progress --force -B research-session-vwap-failed-auction-v17 refs/remotes/origin/research-session-vwap-failed-auction-v17
2026-10-03T02:43:45.2667048Z Switched to a new branch 'research-session-vwap-failed-auction-v17'
2026-10-03T02:43:45.2672419Z branch 'research-session-vwap-failed-auction-v17' set up to track 'origin/research-session-vwap-failed-auction-v17'.
2026-10-03T02:43:45.2684046Z ##[endgroup]
2026-10-03T02:43:45.2729942Z [command]/usr/bin/git log -1 --format=%H
2026-10-03T02:43:45.2757494Z bc8af04530f986ce0dcc36981ae8a791a364651b
2026-10-03T02:43:45.3134759Z ##[group]Run actions/setup-python@v5
2026-10-03T02:43:45.3136034Z with:
2026-10-03T02:43:45.3136895Z   python-version: 3.12
2026-10-03T02:43:45.3137889Z   check-latest: false
2026-10-03T02:43:45.3147775Z   token: ***
2026-10-03T02:43:45.3148996Z   update-environment: true
2026-10-03T02:43:45.3150211Z   allow-prereleases: false
2026-10-03T02:43:45.3151273Z   freethreaded: false
2026-10-03T02:43:45.3152195Z env:
2026-10-03T02:43:45.3162023Z   GH_TOKEN: ***
2026-10-03T02:43:45.3162934Z ##[endgroup]
2026-10-03T02:43:45.4493499Z ##[group]Installed versions
2026-10-03T02:43:45.4580049Z (node:2271) [DEP0040] DeprecationWarning: The `punycode` module is deprecated. Please use a userland alternative instead.
2026-10-03T02:43:45.4584461Z (Use `node --trace-deprecation ...` to show where the warning was created)
2026-10-03T02:43:45.4587403Z Successfully set up CPython (3.12.14)
2026-10-03T02:43:45.4590541Z ##[endgroup]
2026-10-03T02:43:45.4791019Z ##[group]Run set -euo pipefail
2026-10-03T02:43:45.4792283Z [36;1mset -euo pipefail[0m
2026-10-03T02:43:45.4793485Z [36;1mpip install pandas==2.3.3 numpy==2.3.3[0m
2026-10-03T02:43:45.5104991Z shell: /usr/bin/bash --noprofile --norc -e -o pipefail {0}
2026-10-03T02:43:45.5106484Z env:
2026-10-03T02:43:45.5115815Z   GH_TOKEN: ***
2026-10-03T02:43:45.5117005Z   pythonLocation: /opt/hostedtoolcache/Python/3.12.14/x64
2026-10-03T02:43:45.5118950Z   PKG_CONFIG_PATH: /opt/hostedtoolcache/Python/3.12.14/x64/lib/pkgconfig
2026-10-03T02:43:45.5120788Z   Python_ROOT_DIR: /opt/hostedtoolcache/Python/3.12.14/x64
2026-10-03T02:43:45.5122418Z   Python2_ROOT_DIR: /opt/hostedtoolcache/Python/3.12.14/x64
2026-10-03T02:43:45.5124068Z   Python3_ROOT_DIR: /opt/hostedtoolcache/Python/3.12.14/x64
2026-10-03T02:43:45.5125745Z   LD_LIBRARY_PATH: /opt/hostedtoolcache/Python/3.12.14/x64/lib
2026-10-03T02:43:45.5127258Z ##[endgroup]
2026-10-03T02:43:46.5885725Z Collecting pandas==2.3.3
2026-10-03T02:43:46.6856483Z   Downloading pandas-2.3.3-cp312-cp312-manylinux_2_24_x86_64.manylinux_2_28_x86_64.whl.metadata (91 kB)
2026-10-03T02:43:46.9910730Z Collecting numpy==2.3.3
2026-10-03T02:43:47.0119038Z   Downloading numpy-2.3.3-cp312-cp312-manylinux_2_27_x86_64.manylinux_2_28_x86_64.whl.metadata (62 kB)
2026-10-03T02:43:47.0543734Z Collecting python-dateutil>=2.8.2 (from pandas==2.3.3)
2026-10-03T02:43:47.0735471Z   Downloading python_dateutil-2.9.0.post0-py2.py3-none-any.whl.metadata (8.4 kB)
2026-10-03T02:43:47.1248502Z Collecting pytz>=2020.1 (from pandas==2.3.3)
2026-10-03T02:43:47.1440206Z   Downloading pytz-2026.4-py2.py3-none-any.whl.metadata (22 kB)
2026-10-03T02:43:47.1679983Z Collecting tzdata>=2022.7 (from pandas==2.3.3)
2026-10-03T02:43:47.1873814Z   Downloading tzdata-2026.4-py2.py3-none-any.whl.metadata (1.4 kB)
2026-10-03T02:43:47.2132901Z Collecting six>=1.5 (from python-dateutil>=2.8.2->pandas==2.3.3)
2026-10-03T02:43:47.2325701Z   Downloading six-1.17.0-py2.py3-none-any.whl.metadata (1.7 kB)
2026-10-03T02:43:47.2556790Z Downloading pandas-2.3.3-cp312-cp312-manylinux_2_24_x86_64.manylinux_2_28_x86_64.whl (12.4 MB)
2026-10-03T02:43:47.6672065Z    ━━━━━━━━━━━━━━━━━━━━━━━━━━━━━━━━━━━━━━━━ 12.4/12.4 MB 32.4 MB/s  0:00:00
2026-10-03T02:43:47.6884417Z Downloading numpy-2.3.3-cp312-cp312-manylinux_2_27_x86_64.manylinux_2_28_x86_64.whl (16.6 MB)
2026-10-03T02:43:47.7547100Z    ━━━━━━━━━━━━━━━━━━━━━━━━━━━━━━━━━━━━━━━━ 16.6/16.6 MB 258.2 MB/s  0:00:00
2026-10-03T02:43:47.7743114Z Downloading python_dateutil-2.9.0.post0-py2.py3-none-any.whl (229 kB)
2026-10-03T02:43:47.7967984Z Downloading pytz-2026.4-py2.py3-none-any.whl (506 kB)
2026-10-03T02:43:47.8191109Z Downloading six-1.17.0-py2.py3-none-any.whl (11 kB)
2026-10-03T02:43:47.8415329Z Downloading tzdata-2026.4-py2.py3-none-any.whl (347 kB)
2026-10-03T02:43:48.0055057Z Installing collected packages: pytz, tzdata, six, numpy, python-dateutil, pandas
2026-10-03T02:43:55.0534941Z 
2026-10-03T02:43:55.0549569Z Successfully installed numpy-2.3.3 pandas-2.3.3 python-dateutil-2.9.0.post0 pytz-2026.4 six-1.17.0 tzdata-2026.4
2026-10-03T02:43:55.1257199Z ##[group]Run actions/cache@v4
2026-10-03T02:43:55.1257483Z with:
2026-10-03T02:43:55.1257680Z   path: data
2026-10-03T02:43:55.1257908Z   key: frozen-source-36095439671-15m-shard-2
2026-10-03T02:43:55.1258206Z   enableCrossOsArchive: false
2026-10-03T02:43:55.1258459Z   fail-on-cache-miss: false
2026-10-03T02:43:55.1258930Z   lookup-only: false
2026-10-03T02:43:55.1259152Z   save-always: false
2026-10-03T02:43:55.1259375Z env:
2026-10-03T02:43:55.1262153Z   GH_TOKEN: ***
2026-10-03T02:43:55.1262480Z   pythonLocation: /opt/hostedtoolcache/Python/3.12.14/x64
2026-10-03T02:43:55.1262934Z   PKG_CONFIG_PATH: /opt/hostedtoolcache/Python/3.12.14/x64/lib/pkgconfig
2026-10-03T02:43:55.1263372Z   Python_ROOT_DIR: /opt/hostedtoolcache/Python/3.12.14/x64
2026-10-03T02:43:55.1263770Z   Python2_ROOT_DIR: /opt/hostedtoolcache/Python/3.12.14/x64
2026-10-03T02:43:55.1264176Z   Python3_ROOT_DIR: /opt/hostedtoolcache/Python/3.12.14/x64
2026-10-03T02:43:55.1264592Z   LD_LIBRARY_PATH: /opt/hostedtoolcache/Python/3.12.14/x64/lib
2026-10-03T02:43:55.1264916Z ##[endgroup]
2026-10-03T02:43:55.2334139Z (node:2309) [DEP0040] DeprecationWarning: The `punycode` module is deprecated. Please use a userland alternative instead.
2026-10-03T02:43:55.2335470Z (Use `node --trace-deprecation ...` to show where the warning was created)
2026-10-03T02:43:55.4816484Z Cache not found for input keys: frozen-source-36095439671-15m-shard-2
2026-10-03T02:43:55.4927885Z ##[group]Run set -euo pipefail
2026-10-03T02:43:55.4928212Z [36;1mset -euo pipefail[0m
2026-10-03T02:43:55.4928470Z [36;1mif [ '' != 'true' ]; then[0m
2026-10-03T02:43:55.4929385Z [36;1m  gh run download 36095439671 -R duuu-hub/bb-scanner -n rank5-binance-um-15m-5y-data-shard-2 -D data[0m
2026-10-03T02:43:55.4929896Z [36;1mfi[0m
2026-10-03T02:43:55.4930366Z [36;1mgh run download 36858492497 -R duuu-hub/bb-scanner -n day-edge-v2-btc -D btc[0m
2026-10-03T02:43:55.4931088Z [36;1mgh run download 36095439671 -R duuu-hub/bb-scanner -n rank5-binance-um-15m-5y-manifest-shard-2 -D source-manifest[0m
2026-10-03T02:43:55.4932253Z [36;1mpython scripts/research_evidence_archive.py verify-source --data data --manifests source-manifest --baseline research/session-vwap-failed-auction-v17/FROZEN_INPUT_HASHES.json --out source-check.json[0m
2026-10-03T02:43:55.4998973Z shell: /usr/bin/bash --noprofile --norc -e -o pipefail {0}
2026-10-03T02:43:55.4999412Z env:
2026-10-03T02:43:55.5001961Z   GH_TOKEN: ***
2026-10-03T02:43:55.5002264Z   pythonLocation: /opt/hostedtoolcache/Python/3.12.14/x64
2026-10-03T02:43:55.5002719Z   PKG_CONFIG_PATH: /opt/hostedtoolcache/Python/3.12.14/x64/lib/pkgconfig
2026-10-03T02:43:55.5003156Z   Python_ROOT_DIR: /opt/hostedtoolcache/Python/3.12.14/x64
2026-10-03T02:43:55.5003538Z   Python2_ROOT_DIR: /opt/hostedtoolcache/Python/3.12.14/x64
2026-10-03T02:43:55.5003936Z   Python3_ROOT_DIR: /opt/hostedtoolcache/Python/3.12.14/x64
2026-10-03T02:43:55.5004345Z   LD_LIBRARY_PATH: /opt/hostedtoolcache/Python/3.12.14/x64/lib
2026-10-03T02:43:55.5004668Z ##[endgroup]
2026-10-03T02:44:20.3101397Z FROZEN_SOURCE_VERIFIED 107 files 31 prior SHA256 matches
2026-10-03T02:44:20.3606859Z ##[group]Run actions/cache@v4
2026-10-03T02:44:20.3607129Z with:
2026-10-03T02:44:20.3607328Z   path: cache/verified-1m
2026-10-03T02:44:20.3607631Z   key: session-vwap-failed-auction-v17-dev-1m-shard-2
2026-10-03T02:44:20.3609046Z   restore-keys: taker-absorption-release-v12-dev-1m-shard-2
aggressive-flow-cascade-v11-dev-1m-shard-2
residual-reversion-v10-dev-1m-shard-2
cross-sectional-leader-v9-dev-1m-shard-2
premium-absorption-v8-dev-1m-shard-2
factor-lag-v6-dev-1m-shard-2
2026-10-03T02:44:20.3610155Z   enableCrossOsArchive: false
2026-10-03T02:44:20.3610415Z   fail-on-cache-miss: false
2026-10-03T02:44:20.3610645Z   lookup-only: false
2026-10-03T02:44:20.3610852Z   save-always: false
2026-10-03T02:44:20.3611049Z env:
2026-10-03T02:44:20.3613746Z   GH_TOKEN: ***
2026-10-03T02:44:20.3614036Z   pythonLocation: /opt/hostedtoolcache/Python/3.12.14/x64
2026-10-03T02:44:20.3614473Z   PKG_CONFIG_PATH: /opt/hostedtoolcache/Python/3.12.14/x64/lib/pkgconfig
2026-10-03T02:44:20.3614936Z   Python_ROOT_DIR: /opt/hostedtoolcache/Python/3.12.14/x64
2026-10-03T02:44:20.3615316Z   Python2_ROOT_DIR: /opt/hostedtoolcache/Python/3.12.14/x64
2026-10-03T02:44:20.3615693Z   Python3_ROOT_DIR: /opt/hostedtoolcache/Python/3.12.14/x64
2026-10-03T02:44:20.3616072Z   LD_LIBRARY_PATH: /opt/hostedtoolcache/Python/3.12.14/x64/lib
2026-10-03T02:44:20.3616393Z ##[endgroup]
2026-10-03T02:44:20.4657863Z (node:2383) [DEP0040] DeprecationWarning: The `punycode` module is deprecated. Please use a userland alternative instead.
2026-10-03T02:44:20.4658926Z (Use `node --trace-deprecation ...` to show where the warning was created)
2026-10-03T02:44:20.7117576Z Cache not found for input keys: session-vwap-failed-auction-v17-dev-1m-shard-2, taker-absorption-release-v12-dev-1m-shard-2, aggressive-flow-cascade-v11-dev-1m-shard-2, residual-reversion-v10-dev-1m-shard-2, cross-sectional-leader-v9-dev-1m-shard-2, premium-absorption-v8-dev-1m-shard-2, factor-lag-v6-dev-1m-shard-2
2026-10-03T02:44:20.7205312Z ##[group]Run set -euo pipefail
2026-10-03T02:44:20.7205639Z [36;1mset -euo pipefail[0m
2026-10-03T02:44:20.7206415Z [36;1mpython scripts/session_vwap_failed_auction_v17.py scan --stage DEV --data data --btc btc/BTCUSDT.csv.gz --source-check source-check.json --out dev-2 --minute-cache cache/verified-1m[0m
2026-10-03T02:44:20.7271334Z shell: /usr/bin/bash --noprofile --norc -e -o pipefail {0}
2026-10-03T02:44:20.7271679Z env:
2026-10-03T02:44:20.7274141Z   GH_TOKEN: ***
2026-10-03T02:44:20.7274441Z   pythonLocation: /opt/hostedtoolcache/Python/3.12.14/x64
2026-10-03T02:44:20.7274903Z   PKG_CONFIG_PATH: /opt/hostedtoolcache/Python/3.12.14/x64/lib/pkgconfig
2026-10-03T02:44:20.7275344Z   Python_ROOT_DIR: /opt/hostedtoolcache/Python/3.12.14/x64
2026-10-03T02:44:20.7275732Z   Python2_ROOT_DIR: /opt/hostedtoolcache/Python/3.12.14/x64
2026-10-03T02:44:20.7276124Z   Python3_ROOT_DIR: /opt/hostedtoolcache/Python/3.12.14/x64
2026-10-03T02:44:20.7276538Z   LD_LIBRARY_PATH: /opt/hostedtoolcache/Python/3.12.14/x64/lib
2026-10-03T02:44:20.7276861Z ##[endgroup]
2026-10-03T02:44:21.8939955Z /home/runner/work/bb-scanner/bb-scanner/scripts/session_vwap_failed_auction_v17.py:62: RuntimeWarning: invalid value encountered in divide
2026-10-03T02:44:21.8941383Z   f['session_vwap'][k:z]=np.where(valid,numer/denom,np.nan)
2026-10-03T02:44:27.5324368Z /home/runner/work/bb-scanner/bb-scanner/scripts/session_vwap_failed_auction_v17.py:80: RuntimeWarning: invalid value encountered in divide
2026-10-03T02:44:27.5325934Z   &(f['volume_multiple']>=cfg['volume'])&(rng>0)&(wick/rng>=.5)&outer
2026-10-03T02:44:35.7720034Z /home/runner/work/bb-scanner/bb-scanner/scripts/session_vwap_failed_auction_v17.py:80: RuntimeWarning: invalid value encountered in divide
2026-10-03T02:44:35.7721317Z   &(f['volume_multiple']>=cfg['volume'])&(rng>0)&(wick/rng>=.5)&outer
2026-10-03T02:44:37.8409966Z /home/runner/work/bb-scanner/bb-scanner/scripts/session_vwap_failed_auction_v17.py:80: RuntimeWarning: invalid value encountered in divide
2026-10-03T02:44:37.8411321Z   &(f['volume_multiple']>=cfg['volume'])&(rng>0)&(wick/rng>=.5)&outer
2026-10-03T02:44:37.9884098Z V17_VWAP_SCAN DEV 16 / 107 parameterized_outcomes 2178
2026-10-03T02:44:38.6172554Z /home/runner/work/bb-scanner/bb-scanner/scripts/session_vwap_failed_auction_v17.py:80: RuntimeWarning: invalid value encountered in divide
2026-10-03T02:44:38.6173854Z   &(f['volume_multiple']>=cfg['volume'])&(rng>0)&(wick/rng>=.5)&outer
2026-10-03T02:44:41.0891769Z /home/runner/work/bb-scanner/bb-scanner/scripts/session_vwap_failed_auction_v17.py:80: RuntimeWarning: invalid value encountered in divide
2026-10-03T02:44:41.0893146Z   &(f['volume_multiple']>=cfg['volume'])&(rng>0)&(wick/rng>=.5)&outer
2026-10-03T02:44:41.3990761Z /home/runner/work/bb-scanner/bb-scanner/scripts/session_vwap_failed_auction_v17.py:62: RuntimeWarning: invalid value encountered in divide
2026-10-03T02:44:41.3992649Z   f['session_vwap'][k:z]=np.where(valid,numer/denom,np.nan)
2026-10-03T02:44:41.5218610Z /home/runner/work/bb-scanner/bb-scanner/scripts/session_vwap_failed_auction_v17.py:80: RuntimeWarning: invalid value encountered in divide
2026-10-03T02:44:41.5220298Z   &(f['volume_multiple']>=cfg['volume'])&(rng>0)&(wick/rng>=.5)&outer
2026-10-03T02:44:42.4100794Z /home/runner/work/bb-scanner/bb-scanner/scripts/session_vwap_failed_auction_v17.py:62: RuntimeWarning: invalid value encountered in divide
2026-10-03T02:44:42.4101883Z   f['session_vwap'][k:z]=np.where(valid,numer/denom,np.nan)
2026-10-03T02:44:42.4768641Z /home/runner/work/bb-scanner/bb-scanner/scripts/session_vwap_failed_auction_v17.py:80: RuntimeWarning: invalid value encountered in divide
2026-10-03T02:44:42.4770510Z   &(f['volume_multiple']>=cfg['volume'])&(rng>0)&(wick/rng>=.5)&outer
2026-10-03T02:44:45.4276567Z /home/runner/work/bb-scanner/bb-scanner/scripts/session_vwap_failed_auction_v17.py:80: RuntimeWarning: invalid value encountered in divide
2026-10-03T02:44:45.4277584Z   &(f['volume_multiple']>=cfg['volume'])&(rng>0)&(wick/rng>=.5)&outer
2026-10-03T02:44:45.9441290Z V17_VWAP_SCAN DEV 32 / 107 parameterized_outcomes 2832
2026-10-03T02:44:46.4094325Z /home/runner/work/bb-scanner/bb-scanner/scripts/session_vwap_failed_auction_v17.py:80: RuntimeWarning: invalid value encountered in divide
2026-10-03T02:44:46.4095697Z   &(f['volume_multiple']>=cfg['volume'])&(rng>0)&(wick/rng>=.5)&outer
2026-10-03T02:44:51.8960364Z /home/runner/work/bb-scanner/bb-scanner/scripts/session_vwap_failed_auction_v17.py:80: RuntimeWarning: invalid value encountered in divide
2026-10-03T02:44:51.8961708Z   &(f['volume_multiple']>=cfg['volume'])&(rng>0)&(wick/rng>=.5)&outer
2026-10-03T02:44:52.7686915Z /home/runner/work/bb-scanner/bb-scanner/scripts/session_vwap_failed_auction_v17.py:80: RuntimeWarning: invalid value encountered in divide
2026-10-03T02:44:52.7688362Z   &(f['volume_multiple']>=cfg['volume'])&(rng>0)&(wick/rng>=.5)&outer
2026-10-03T02:44:55.4164657Z /home/runner/work/bb-scanner/bb-scanner/scripts/session_vwap_failed_auction_v17.py:80: RuntimeWarning: invalid value encountered in divide
2026-10-03T02:44:55.4166018Z   &(f['volume_multiple']>=cfg['volume'])&(rng>0)&(wick/rng>=.5)&outer
2026-10-03T02:45:06.6033338Z /home/runner/work/bb-scanner/bb-scanner/scripts/session_vwap_failed_auction_v17.py:80: RuntimeWarning: invalid value encountered in divide
2026-10-03T02:45:06.6034732Z   &(f['volume_multiple']>=cfg['volume'])&(rng>0)&(wick/rng>=.5)&outer
2026-10-03T02:45:06.9393196Z V17_VWAP_SCAN DEV 40 / 107 parameterized_outcomes 5358
2026-10-03T02:45:10.2449718Z /home/runner/work/bb-scanner/bb-scanner/scripts/session_vwap_failed_auction_v17.py:80: RuntimeWarning: invalid value encountered in divide
2026-10-03T02:45:10.2450647Z   &(f['volume_multiple']>=cfg['volume'])&(rng>0)&(wick/rng>=.5)&outer
2026-10-03T02:45:12.6886364Z /home/runner/work/bb-scanner/bb-scanner/scripts/session_vwap_failed_auction_v17.py:80: RuntimeWarning: invalid value encountered in divide
2026-10-03T02:45:12.6887461Z   &(f['volume_multiple']>=cfg['volume'])&(rng>0)&(wick/rng>=.5)&outer
2026-10-03T02:45:14.8595313Z /home/runner/work/bb-scanner/bb-scanner/scripts/session_vwap_failed_auction_v17.py:80: RuntimeWarning: invalid value encountered in divide
2026-10-03T02:45:14.8596927Z   &(f['volume_multiple']>=cfg['volume'])&(rng>0)&(wick/rng>=.5)&outer
2026-10-03T02:45:15.4987386Z /home/runner/work/bb-scanner/bb-scanner/scripts/session_vwap_failed_auction_v17.py:80: RuntimeWarning: invalid value encountered in divide
2026-10-03T02:45:15.4989012Z   &(f['volume_multiple']>=cfg['volume'])&(rng>0)&(wick/rng>=.5)&outer
2026-10-03T02:45:17.0174171Z /home/runner/work/bb-scanner/bb-scanner/scripts/session_vwap_failed_auction_v17.py:80: RuntimeWarning: invalid value encountered in divide
2026-10-03T02:45:17.0175775Z   &(f['volume_multiple']>=cfg['volume'])&(rng>0)&(wick/rng>=.5)&outer
2026-10-03T02:45:17.4461065Z /home/runner/work/bb-scanner/bb-scanner/scripts/session_vwap_failed_auction_v17.py:80: RuntimeWarning: invalid value encountered in divide
2026-10-03T02:45:17.4463155Z   &(f['volume_multiple']>=cfg['volume'])&(rng>0)&(wick/rng>=.5)&outer
2026-10-03T02:45:23.4434238Z /home/runner/work/bb-scanner/bb-scanner/scripts/session_vwap_failed_auction_v17.py:80: RuntimeWarning: invalid value encountered in divide
2026-10-03T02:45:23.4435228Z   &(f['volume_multiple']>=cfg['volume'])&(rng>0)&(wick/rng>=.5)&outer
2026-10-03T02:45:30.0815149Z /home/runner/work/bb-scanner/bb-scanner/scripts/session_vwap_failed_auction_v17.py:80: RuntimeWarning: invalid value encountered in divide
2026-10-03T02:45:30.0816497Z   &(f['volume_multiple']>=cfg['volume'])&(rng>0)&(wick/rng>=.5)&outer
2026-10-03T02:45:34.9261074Z /home/runner/work/bb-scanner/bb-scanner/scripts/session_vwap_failed_auction_v17.py:80: RuntimeWarning: invalid value encountered in divide
2026-10-03T02:45:34.9262513Z   &(f['volume_multiple']>=cfg['volume'])&(rng>0)&(wick/rng>=.5)&outer
2026-10-03T02:45:41.2275498Z /home/runner/work/bb-scanner/bb-scanner/scripts/session_vwap_failed_auction_v17.py:80: RuntimeWarning: invalid value encountered in divide
2026-10-03T02:45:41.2277256Z   &(f['volume_multiple']>=cfg['volume'])&(rng>0)&(wick/rng>=.5)&outer
2026-10-03T02:45:43.3847448Z /home/runner/work/bb-scanner/bb-scanner/scripts/session_vwap_failed_auction_v17.py:80: RuntimeWarning: invalid value encountered in divide
2026-10-03T02:45:43.3849136Z   &(f['volume_multiple']>=cfg['volume'])&(rng>0)&(wick/rng>=.5)&outer
2026-10-03T02:45:43.7629292Z /home/runner/work/bb-scanner/bb-scanner/scripts/session_vwap_failed_auction_v17.py:80: RuntimeWarning: invalid value encountered in divide
2026-10-03T02:45:43.7630937Z   &(f['volume_multiple']>=cfg['volume'])&(rng>0)&(wick/rng>=.5)&outer
2026-10-03T02:45:49.8748242Z /home/runner/work/bb-scanner/bb-scanner/scripts/session_vwap_failed_auction_v17.py:80: RuntimeWarning: invalid value encountered in divide
2026-10-03T02:45:49.8749770Z   &(f['volume_multiple']>=cfg['volume'])&(rng>0)&(wick/rng>=.5)&outer
2026-10-03T02:46:05.0913165Z /home/runner/work/bb-scanner/bb-scanner/scripts/session_vwap_failed_auction_v17.py:80: RuntimeWarning: invalid value encountered in divide
2026-10-03T02:46:05.0914543Z   &(f['volume_multiple']>=cfg['volume'])&(rng>0)&(wick/rng>=.5)&outer
2026-10-03T02:46:06.1970909Z /home/runner/work/bb-scanner/bb-scanner/scripts/session_vwap_failed_auction_v17.py:80: RuntimeWarning: invalid value encountered in divide
2026-10-03T02:46:06.1972086Z   &(f['volume_multiple']>=cfg['volume'])&(rng>0)&(wick/rng>=.5)&outer
2026-10-03T02:46:08.0700984Z /home/runner/work/bb-scanner/bb-scanner/scripts/session_vwap_failed_auction_v17.py:80: RuntimeWarning: invalid value encountered in divide
2026-10-03T02:46:08.0702439Z   &(f['volume_multiple']>=cfg['volume'])&(rng>0)&(wick/rng>=.5)&outer
2026-10-03T02:46:14.1377067Z /home/runner/work/bb-scanner/bb-scanner/scripts/session_vwap_failed_auction_v17.py:80: RuntimeWarning: invalid value encountered in divide
2026-10-03T02:46:14.1379043Z   &(f['volume_multiple']>=cfg['volume'])&(rng>0)&(wick/rng>=.5)&outer
2026-10-03T02:46:14.8187489Z /home/runner/work/bb-scanner/bb-scanner/scripts/session_vwap_failed_auction_v17.py:80: RuntimeWarning: invalid value encountered in divide
2026-10-03T02:46:14.8188647Z   &(f['volume_multiple']>=cfg['volume'])&(rng>0)&(wick/rng>=.5)&outer
2026-10-03T02:46:18.9130722Z /home/runner/work/bb-scanner/bb-scanner/scripts/session_vwap_failed_auction_v17.py:80: RuntimeWarning: invalid value encountered in divide
2026-10-03T02:46:18.9131621Z   &(f['volume_multiple']>=cfg['volume'])&(rng>0)&(wick/rng>=.5)&outer
2026-10-03T02:46:19.3892369Z /home/runner/work/bb-scanner/bb-scanner/scripts/session_vwap_failed_auction_v17.py:80: RuntimeWarning: invalid value encountered in divide
2026-10-03T02:46:19.3893739Z   &(f['volume_multiple']>=cfg['volume'])&(rng>0)&(wick/rng>=.5)&outer
2026-10-03T02:46:21.8946338Z /home/runner/work/bb-scanner/bb-scanner/scripts/session_vwap_failed_auction_v17.py:80: RuntimeWarning: invalid value encountered in divide
2026-10-03T02:46:21.8948050Z   &(f['volume_multiple']>=cfg['volume'])&(rng>0)&(wick/rng>=.5)&outer
2026-10-03T02:46:24.2895285Z /home/runner/work/bb-scanner/bb-scanner/scripts/session_vwap_failed_auction_v17.py:80: RuntimeWarning: invalid value encountered in divide
2026-10-03T02:46:24.2896233Z   &(f['volume_multiple']>=cfg['volume'])&(rng>0)&(wick/rng>=.5)&outer
2026-10-03T02:46:31.0747377Z /home/runner/work/bb-scanner/bb-scanner/scripts/session_vwap_failed_auction_v17.py:80: RuntimeWarning: invalid value encountered in divide
2026-10-03T02:46:31.0751163Z   &(f['volume_multiple']>=cfg['volume'])&(rng>0)&(wick/rng>=.5)&outer
2026-10-03T02:46:35.6276649Z /home/runner/work/bb-scanner/bb-scanner/scripts/session_vwap_failed_auction_v17.py:80: RuntimeWarning: invalid value encountered in divide
2026-10-03T02:46:35.6279215Z   &(f['volume_multiple']>=cfg['volume'])&(rng>0)&(wick/rng>=.5)&outer
2026-10-03T02:46:36.5077871Z V17_VWAP_SCAN DEV 72 / 107 parameterized_outcomes 15870
2026-10-03T02:46:37.8773876Z /home/runner/work/bb-scanner/bb-scanner/scripts/session_vwap_failed_auction_v17.py:62: RuntimeWarning: invalid value encountered in divide
2026-10-03T02:46:37.8776044Z   f['session_vwap'][k:z]=np.where(valid,numer/denom,np.nan)
2026-10-03T02:46:37.9397309Z /home/runner/work/bb-scanner/bb-scanner/scripts/session_vwap_failed_auction_v17.py:80: RuntimeWarning: invalid value encountered in divide
2026-10-03T02:46:37.9398604Z   &(f['volume_multiple']>=cfg['volume'])&(rng>0)&(wick/rng>=.5)&outer
2026-10-03T02:46:39.8821460Z /home/runner/work/bb-scanner/bb-scanner/scripts/session_vwap_failed_auction_v17.py:80: RuntimeWarning: invalid value encountered in divide
2026-10-03T02:46:39.8822444Z   &(f['volume_multiple']>=cfg['volume'])&(rng>0)&(wick/rng>=.5)&outer
2026-10-03T02:46:40.7850058Z V17_VWAP_SCAN DEV 88 / 107 parameterized_outcomes 16566
2026-10-03T02:46:41.2259052Z /home/runner/work/bb-scanner/bb-scanner/scripts/session_vwap_failed_auction_v17.py:80: RuntimeWarning: invalid value encountered in divide
2026-10-03T02:46:41.2260426Z   &(f['volume_multiple']>=cfg['volume'])&(rng>0)&(wick/rng>=.5)&outer
2026-10-03T02:46:48.3315554Z /home/runner/work/bb-scanner/bb-scanner/scripts/session_vwap_failed_auction_v17.py:80: RuntimeWarning: invalid value encountered in divide
2026-10-03T02:46:48.3316444Z   &(f['volume_multiple']>=cfg['volume'])&(rng>0)&(wick/rng>=.5)&outer
2026-10-03T02:46:52.4909709Z /home/runner/work/bb-scanner/bb-scanner/scripts/session_vwap_failed_auction_v17.py:80: RuntimeWarning: invalid value encountered in divide
2026-10-03T02:46:52.4910690Z   &(f['volume_multiple']>=cfg['volume'])&(rng>0)&(wick/rng>=.5)&outer
2026-10-03T02:46:55.8922729Z /home/runner/work/bb-scanner/bb-scanner/scripts/session_vwap_failed_auction_v17.py:80: RuntimeWarning: invalid value encountered in divide
2026-10-03T02:46:55.8923787Z   &(f['volume_multiple']>=cfg['volume'])&(rng>0)&(wick/rng>=.5)&outer
2026-10-03T02:46:56.5683241Z /home/runner/work/bb-scanner/bb-scanner/scripts/session_vwap_failed_auction_v17.py:80: RuntimeWarning: invalid value encountered in divide
2026-10-03T02:46:56.5684429Z   &(f['volume_multiple']>=cfg['volume'])&(rng>0)&(wick/rng>=.5)&outer
2026-10-03T02:46:58.7862882Z /home/runner/work/bb-scanner/bb-scanner/scripts/session_vwap_failed_auction_v17.py:80: RuntimeWarning: invalid value encountered in divide
2026-10-03T02:46:58.7863896Z   &(f['volume_multiple']>=cfg['volume'])&(rng>0)&(wick/rng>=.5)&outer
2026-10-03T02:47:03.0314474Z /home/runner/work/bb-scanner/bb-scanner/scripts/session_vwap_failed_auction_v17.py:80: RuntimeWarning: invalid value encountered in divide
2026-10-03T02:47:03.0315810Z   &(f['volume_multiple']>=cfg['volume'])&(rng>0)&(wick/rng>=.5)&outer
2026-10-03T02:47:05.0660753Z /home/runner/work/bb-scanner/bb-scanner/scripts/session_vwap_failed_auction_v17.py:80: RuntimeWarning: invalid value encountered in divide
2026-10-03T02:47:05.0661995Z   &(f['volume_multiple']>=cfg['volume'])&(rng>0)&(wick/rng>=.5)&outer
2026-10-03T02:47:05.7560272Z /home/runner/work/bb-scanner/bb-scanner/scripts/session_vwap_failed_auction_v17.py:80: RuntimeWarning: invalid value encountered in divide
2026-10-03T02:47:05.7561832Z   &(f['volume_multiple']>=cfg['volume'])&(rng>0)&(wick/rng>=.5)&outer
2026-10-03T02:47:10.4614452Z /home/runner/work/bb-scanner/bb-scanner/scripts/session_vwap_failed_auction_v17.py:80: RuntimeWarning: invalid value encountered in divide
2026-10-03T02:47:10.4615382Z   &(f['volume_multiple']>=cfg['volume'])&(rng>0)&(wick/rng>=.5)&outer
2026-10-03T02:47:11.6519436Z V17_VWAP_SCAN_DONE DEV 20172 chronology_exclusions 0
2026-10-03T02:47:11.7211180Z ##[group]Run actions/upload-artifact@v4
2026-10-03T02:47:11.7211482Z with:
2026-10-03T02:47:11.7211715Z   name: session-vwap-failed-auction-v17-dev-2
2026-10-03T02:47:11.7212012Z   path: dev-2/
2026-10-03T02:47:11.7212214Z   retention-days: 30
2026-10-03T02:47:11.7212427Z   compression-level: 0
2026-10-03T02:47:11.7212644Z   if-no-files-found: warn
2026-10-03T02:47:11.7212872Z   overwrite: false
2026-10-03T02:47:11.7213081Z   include-hidden-files: false
2026-10-03T02:47:11.7213325Z env:
2026-10-03T02:47:11.7215775Z   GH_TOKEN: ***
2026-10-03T02:47:11.7216058Z   pythonLocation: /opt/hostedtoolcache/Python/3.12.14/x64
2026-10-03T02:47:11.7216490Z   PKG_CONFIG_PATH: /opt/hostedtoolcache/Python/3.12.14/x64/lib/pkgconfig
2026-10-03T02:47:11.7216914Z   Python_ROOT_DIR: /opt/hostedtoolcache/Python/3.12.14/x64
2026-10-03T02:47:11.7217285Z   Python2_ROOT_DIR: /opt/hostedtoolcache/Python/3.12.14/x64
2026-10-03T02:47:11.7217655Z   Python3_ROOT_DIR: /opt/hostedtoolcache/Python/3.12.14/x64
2026-10-03T02:47:11.7218051Z   LD_LIBRARY_PATH: /opt/hostedtoolcache/Python/3.12.14/x64/lib
2026-10-03T02:47:11.7218374Z ##[endgroup]
2026-10-03T02:47:11.8921949Z (node:2433) [DEP0040] DeprecationWarning: The `punycode` module is deprecated. Please use a userland alternative instead.
2026-10-03T02:47:11.8922663Z (Use `node --trace-deprecation ...` to show where the warning was created)
2026-10-03T02:47:11.9401312Z With the provided path, there will be 218 files uploaded
2026-10-03T02:47:11.9402265Z Artifact name is valid!
2026-10-03T02:47:11.9402684Z Root directory input is valid!
2026-10-03T02:47:12.3157153Z Beginning upload of artifact content to blob storage
2026-10-03T02:47:12.4422833Z (node:2433) [DEP0169] DeprecationWarning: `url.parse()` behavior is not standardized and prone to errors that have security implications. Use the WHATWG URL API instead. CVEs are not issued for `url.parse()` vulnerabilities.
2026-10-03T02:47:13.3417614Z Uploaded bytes 8388608
2026-10-03T02:47:13.3548505Z Uploaded bytes 16777216
2026-10-03T02:47:13.3976411Z Uploaded bytes 25165824
2026-10-03T02:47:13.4101103Z Uploaded bytes 33554432
2026-10-03T02:47:13.6628453Z Uploaded bytes 41943040
2026-10-03T02:47:13.6711011Z Uploaded bytes 50331648
2026-10-03T02:47:13.7279142Z Uploaded bytes 58720256
2026-10-03T02:47:13.7363878Z Uploaded bytes 67108864
2026-10-03T02:47:13.9554807Z Uploaded bytes 75497472
2026-10-03T02:47:13.9607322Z Uploaded bytes 83886080
2026-10-03T02:47:13.9924791Z Uploaded bytes 92274688
2026-10-03T02:47:14.0035031Z Uploaded bytes 100663296
2026-10-03T02:47:14.1670404Z Uploaded bytes 104691799
2026-10-03T02:47:14.2395766Z Finished uploading artifact content to blob storage!
2026-10-03T02:47:14.2399649Z SHA256 digest of uploaded artifact zip is f1c6980de5623b9924d4dbebab262044ad14119fd95712661e688b5a2aad7b21
2026-10-03T02:47:14.2401782Z Finalizing artifact upload
2026-10-03T02:47:14.4996008Z Artifact session-vwap-failed-auction-v17-dev-2.zip successfully finalized. Artifact ID 11261858742
2026-10-03T02:47:14.4997737Z Artifact session-vwap-failed-auction-v17-dev-2 has been successfully uploaded! Final size is 104691799 bytes. Artifact ID is 11261858742
2026-10-03T02:47:14.5005608Z Artifact download URL: https://github.com/duuu-hub/bb-scanner/actions/runs/37090734742/artifacts/11261858742
2026-10-03T02:47:14.5234224Z Post job cleanup.
2026-10-03T02:47:14.6306854Z (node:2445) [DEP0040] DeprecationWarning: The `punycode` module is deprecated. Please use a userland alternative instead.
2026-10-03T02:47:14.6309062Z (Use `node --trace-deprecation ...` to show where the warning was created)
2026-10-03T02:47:14.6518583Z [command]/usr/bin/tar --posix -cf cache.tzst --exclude cache.tzst -P -C /home/runner/work/bb-scanner/bb-scanner --files-from manifest.txt --use-compress-program zstdmt
2026-10-03T02:47:15.0925813Z (node:2445) [DEP0169] DeprecationWarning: `url.parse()` behavior is not standardized and prone to errors that have security implications. Use the WHATWG URL API instead. CVEs are not issued for `url.parse()` vulnerabilities.
2026-10-03T02:47:16.0847333Z Sent 23789568 of 127035551 (18.7%), 22.7 MBs/sec
2026-10-03T02:47:17.0861014Z Sent 76349440 of 127035551 (60.1%), 36.4 MBs/sec
2026-10-03T02:47:18.0865026Z Sent 127035551 of 127035551 (100.0%), 40.4 MBs/sec
2026-10-03T02:47:18.3127121Z Cache saved with key: session-vwap-failed-auction-v17-dev-1m-shard-2
2026-10-03T02:47:18.3264267Z Post job cleanup.
2026-10-03T02:47:18.4352678Z (node:2466) [DEP0040] DeprecationWarning: The `punycode` module is deprecated. Please use a userland alternative instead.
2026-10-03T02:47:18.4353601Z (Use `node --trace-deprecation ...` to show where the warning was created)
2026-10-03T02:47:18.4544002Z [command]/usr/bin/tar --posix -cf cache.tzst --exclude cache.tzst -P -C /home/runner/work/bb-scanner/bb-scanner --files-from manifest.txt --use-compress-program zstdmt
2026-10-03T02:47:19.0384526Z (node:2466) [DEP0169] DeprecationWarning: `url.parse()` behavior is not standardized and prone to errors that have security implications. Use the WHATWG URL API instead. CVEs are not issued for `url.parse()` vulnerabilities.
2026-10-03T02:47:20.0214030Z Sent 0 of 248656451 (0.0%), 0.0 MBs/sec
2026-10-03T02:47:21.0223390Z Sent 248656451 of 248656451 (100.0%), 118.5 MBs/sec
2026-10-03T02:47:21.1920481Z Cache saved with key: frozen-source-36095439671-15m-shard-2
2026-10-03T02:47:21.2033800Z Post job cleanup.
2026-10-03T02:47:21.3262527Z (node:2486) [DEP0040] DeprecationWarning: The `punycode` module is deprecated. Please use a userland alternative instead.
2026-10-03T02:47:21.3263320Z (Use `node --trace-deprecation ...` to show where the warning was created)
2026-10-03T02:47:21.3418012Z Post job cleanup.
2026-10-03T02:47:21.4359498Z [command]/usr/bin/git version
2026-10-03T02:47:21.4439522Z git version 2.55.0
2026-10-03T02:47:21.4483290Z Temporarily overriding HOME='/home/runner/work/_temp/2f2f9e19-11ae-49e7-9439-231f521eed9c' before making global git config changes
2026-10-03T02:47:21.4484749Z Adding repository directory to the temporary git global config as a safe directory
2026-10-03T02:47:21.4485891Z [command]/usr/bin/git config --global --add safe.directory /home/runner/work/bb-scanner/bb-scanner
2026-10-03T02:47:21.4516001Z [command]/usr/bin/git config --local --name-only --get-regexp core\.sshCommand
2026-10-03T02:47:21.4570336Z [command]/usr/bin/git submodule foreach --recursive sh -c "git config --local --name-only --get-regexp 'core\.sshCommand' && git config --local --unset-all 'core.sshCommand' || :"
2026-10-03T02:47:21.4828879Z [command]/usr/bin/git config --local --name-only --get-regexp http\.https\:\/\/github\.com\/\.extraheader
2026-10-03T02:47:21.4860930Z http.https://github.com/.extraheader
2026-10-03T02:47:21.4878574Z [command]/usr/bin/git config --local --unset-all http.https://github.com/.extraheader
2026-10-03T02:47:21.4918182Z [command]/usr/bin/git submodule foreach --recursive sh -c "git config --local --name-only --get-regexp 'http\.https\:\/\/github\.com\/\.extraheader' && git config --local --unset-all 'http.https://github.com/.extraheader' || :"
2026-10-03T02:47:21.5172751Z [command]/usr/bin/git config --local --name-only --get-regexp ^includeIf\.gitdir:
2026-10-03T02:47:21.5211606Z [command]/usr/bin/git submodule foreach --recursive git config --local --show-origin --name-only --get-regexp remote.origin.url
2026-10-03T02:47:21.5601723Z Cleaning up orphan processes
2026-10-03T02:47:21.6037934Z ##[warning]Node.js 20 is deprecated. The following actions target Node.js 20 but are being forced to run on Node.js 24: actions/cache@v4, actions/checkout@v4, actions/setup-python@v5, actions/upload-artifact@v4. For more information see: https://github.blog/changelog/2025-09-19-deprecation-of-node-20-on-github-actions-runners/
