2026-10-04T23:37:08.5482403Z Current runner version: '2.337.0'
2026-10-04T23:37:08.5497718Z ##[group]Runner Image Provisioner
2026-10-04T23:37:08.5498502Z Hosted Compute Agent
2026-10-04T23:37:08.5498864Z Version: 20260901.588
2026-10-04T23:37:08.5499271Z Commit: f88ec8081b781fac6c440065ac7ff9e710ce3d0b
2026-10-04T23:37:08.5499758Z Build Date: 2026-09-01T19:56:44Z
2026-10-04T23:37:08.5500167Z Worker ID: {e62089a3-1115-4d6f-840e-cd25c5f0f7c5}
2026-10-04T23:37:08.5500620Z Azure Region: centralus
2026-10-04T23:37:08.5500988Z ##[endgroup]
2026-10-04T23:37:08.5501832Z ##[group]Operating System
2026-10-04T23:37:08.5502235Z Ubuntu
2026-10-04T23:37:08.5502580Z 24.04.5
2026-10-04T23:37:08.5503166Z LTS
2026-10-04T23:37:08.5503495Z ##[endgroup]
2026-10-04T23:37:08.5503867Z ##[group]Runner Image
2026-10-04T23:37:08.5504254Z Image: ubuntu-24.04
2026-10-04T23:37:08.5504602Z Version: 20260927.320.1
2026-10-04T23:37:08.5505390Z Included Software: https://github.com/actions/runner-images/blob/ubuntu24/20260927.320/images/ubuntu/Ubuntu2404-Readme.md
2026-10-04T23:37:08.5506298Z Image Release: https://github.com/actions/runner-images/releases/tag/ubuntu24%2F20260927.320
2026-10-04T23:37:08.5506895Z ##[endgroup]
2026-10-04T23:37:08.5507612Z ##[group]GITHUB_TOKEN Permissions
2026-10-04T23:37:08.5509295Z Actions: read
2026-10-04T23:37:08.5509685Z Contents: read
2026-10-04T23:37:08.5510014Z Metadata: read
2026-10-04T23:37:08.5510402Z ##[endgroup]
2026-10-04T23:37:08.5511683Z Secret source: Actions
2026-10-04T23:37:08.5512312Z Cache mode: write
2026-10-04T23:37:08.5512750Z Prepare workflow directory
2026-10-04T23:37:08.5846029Z Prepare all required actions
2026-10-04T23:37:08.5876641Z Getting action download info
2026-10-04T23:37:08.8256365Z Download action repository 'actions/checkout@v4' (SHA:11d5960a326750d5838078e36cf38b85af677262)
2026-10-04T23:37:08.9268683Z Download action repository 'actions/setup-python@v5' (SHA:a26af69be951a213d495a4c3e4e4022e16d87065)
2026-10-04T23:37:09.0400026Z Download action repository 'actions/cache@v4' (SHA:0057852bfaa89a56745cba8c7296529d2fc39830)
2026-10-04T23:37:09.1601368Z Download action repository 'actions/upload-artifact@v4' (SHA:ea165f8d65b6e75b540449e92b4886f43607fa02)
2026-10-04T23:37:09.3494508Z Complete job name: development (5)
2026-10-04T23:37:09.3981501Z ##[group]Run actions/checkout@v4
2026-10-04T23:37:09.3982195Z with:
2026-10-04T23:37:09.3982582Z   repository: duuu-hub/bb-scanner
2026-10-04T23:37:09.3986368Z   token: ***
2026-10-04T23:37:09.3986789Z   ssh-strict: true
2026-10-04T23:37:09.3987187Z   ssh-user: git
2026-10-04T23:37:09.3987589Z   persist-credentials: true
2026-10-04T23:37:09.3988009Z   clean: true
2026-10-04T23:37:09.3988599Z   sparse-checkout-cone-mode: true
2026-10-04T23:37:09.3989046Z   fetch-depth: 1
2026-10-04T23:37:09.3989416Z   fetch-tags: false
2026-10-04T23:37:09.3989795Z   show-progress: true
2026-10-04T23:37:09.3990174Z   lfs: false
2026-10-04T23:37:09.3990421Z   submodules: false
2026-10-04T23:37:09.3990680Z   set-safe-directory: true
2026-10-04T23:37:09.3990973Z   allow-unsafe-pr-checkout: false
2026-10-04T23:37:09.3991430Z env:
2026-10-04T23:37:09.3993482Z   GH_TOKEN: ***
2026-10-04T23:37:09.3993725Z ##[endgroup]
2026-10-04T23:37:09.5571314Z Syncing repository: duuu-hub/bb-scanner
2026-10-04T23:37:09.5572863Z ##[group]Getting Git version info
2026-10-04T23:37:09.5573451Z Working directory is '/home/runner/work/bb-scanner/bb-scanner'
2026-10-04T23:37:09.5574295Z [command]/usr/bin/git version
2026-10-04T23:37:09.5659968Z git version 2.55.0
2026-10-04T23:37:09.5674217Z ##[endgroup]
2026-10-04T23:37:09.5684936Z Temporarily overriding HOME='/home/runner/work/_temp/e987dcb6-489e-4bb8-bebf-2f2ac406f813' before making global git config changes
2026-10-04T23:37:09.5685947Z Adding repository directory to the temporary git global config as a safe directory
2026-10-04T23:37:09.5689668Z [command]/usr/bin/git config --global --add safe.directory /home/runner/work/bb-scanner/bb-scanner
2026-10-04T23:37:09.5761821Z Deleting the contents of '/home/runner/work/bb-scanner/bb-scanner'
2026-10-04T23:37:09.5780223Z ##[group]Initializing the repository
2026-10-04T23:37:09.5784492Z [command]/usr/bin/git init /home/runner/work/bb-scanner/bb-scanner
2026-10-04T23:37:09.6126105Z hint: Using 'master' as the name for the initial branch. This default branch name
2026-10-04T23:37:09.6127439Z hint: will change to "main" in Git 3.0. To configure the initial branch name
2026-10-04T23:37:09.6133534Z hint: to use in all of your new repositories, which will suppress this warning,
2026-10-04T23:37:09.6134816Z hint: call:
2026-10-04T23:37:09.6135310Z hint:
2026-10-04T23:37:09.6135880Z hint: 	git config --global init.defaultBranch <name>
2026-10-04T23:37:09.6136545Z hint:
2026-10-04T23:37:09.6137157Z hint: Names commonly chosen instead of 'master' are 'main', 'trunk' and
2026-10-04T23:37:09.6138099Z hint: 'development'. The just-created branch can be renamed via this command:
2026-10-04T23:37:09.6139913Z hint:
2026-10-04T23:37:09.6140410Z hint: 	git branch -m <name>
2026-10-04T23:37:09.6140918Z hint:
2026-10-04T23:37:09.6141583Z hint: Disable this message with "git config set advice.defaultBranchName false"
2026-10-04T23:37:09.6145940Z Initialized empty Git repository in /home/runner/work/bb-scanner/bb-scanner/.git/
2026-10-04T23:37:09.6150369Z [command]/usr/bin/git remote add origin https://github.com/duuu-hub/bb-scanner
2026-10-04T23:37:09.6452385Z ##[endgroup]
2026-10-04T23:37:09.6453107Z ##[group]Disabling automatic garbage collection
2026-10-04T23:37:09.6455803Z [command]/usr/bin/git config --local gc.auto 0
2026-10-04T23:37:09.6646230Z ##[endgroup]
2026-10-04T23:37:09.6646834Z ##[group]Setting up auth
2026-10-04T23:37:09.6651386Z [command]/usr/bin/git config --local --name-only --get-regexp core\.sshCommand
2026-10-04T23:37:09.6679793Z [command]/usr/bin/git submodule foreach --recursive sh -c "git config --local --name-only --get-regexp 'core\.sshCommand' && git config --local --unset-all 'core.sshCommand' || :"
2026-10-04T23:37:09.6982811Z [command]/usr/bin/git config --local --name-only --get-regexp http\.https\:\/\/github\.com\/\.extraheader
2026-10-04T23:37:09.7011803Z [command]/usr/bin/git submodule foreach --recursive sh -c "git config --local --name-only --get-regexp 'http\.https\:\/\/github\.com\/\.extraheader' && git config --local --unset-all 'http.https://github.com/.extraheader' || :"
2026-10-04T23:37:09.7190826Z [command]/usr/bin/git config --local --name-only --get-regexp ^includeIf\.gitdir:
2026-10-04T23:37:09.7217884Z [command]/usr/bin/git submodule foreach --recursive git config --local --show-origin --name-only --get-regexp remote.origin.url
2026-10-04T23:37:09.7401695Z [command]/usr/bin/git config --local http.https://github.com/.extraheader AUTHORIZATION: basic ***
2026-10-04T23:37:09.7649455Z ##[endgroup]
2026-10-04T23:37:09.7649915Z ##[group]Fetching the repository
2026-10-04T23:37:09.7656026Z [command]/usr/bin/git -c protocol.version=2 fetch --no-tags --prune --no-recurse-submodules --depth=1 origin +9fbad10acf78367a664bd9eee4992577b66e390b:refs/remotes/origin/research-failed-resumption-reversal-v24
2026-10-04T23:37:10.9041039Z From https://github.com/duuu-hub/bb-scanner
2026-10-04T23:37:10.9043131Z  * [new ref]         9fbad10acf78367a664bd9eee4992577b66e390b -> origin/research-failed-resumption-reversal-v24
2026-10-04T23:37:10.9047153Z ##[endgroup]
2026-10-04T23:37:10.9049004Z ##[group]Determining the checkout info
2026-10-04T23:37:10.9050477Z ##[endgroup]
2026-10-04T23:37:10.9051389Z [command]/usr/bin/git sparse-checkout disable
2026-10-04T23:37:10.9172775Z [command]/usr/bin/git config --local --unset-all extensions.worktreeConfig
2026-10-04T23:37:10.9418363Z ##[group]Checking out the ref
2026-10-04T23:37:10.9421034Z [command]/usr/bin/git checkout --progress --force -B research-failed-resumption-reversal-v24 refs/remotes/origin/research-failed-resumption-reversal-v24
2026-10-04T23:37:11.1938122Z Switched to a new branch 'research-failed-resumption-reversal-v24'
2026-10-04T23:37:11.1941348Z branch 'research-failed-resumption-reversal-v24' set up to track 'origin/research-failed-resumption-reversal-v24'.
2026-10-04T23:37:11.1951659Z ##[endgroup]
2026-10-04T23:37:11.2344030Z [command]/usr/bin/git log -1 --format=%H
2026-10-04T23:37:11.2367960Z 9fbad10acf78367a664bd9eee4992577b66e390b
2026-10-04T23:37:11.2554059Z ##[group]Run actions/setup-python@v5
2026-10-04T23:37:11.2554287Z with:
2026-10-04T23:37:11.2554443Z   python-version: 3.12
2026-10-04T23:37:11.2554606Z   check-latest: false
2026-10-04T23:37:11.2556078Z   token: ***
2026-10-04T23:37:11.2556244Z   update-environment: true
2026-10-04T23:37:11.2556425Z   allow-prereleases: false
2026-10-04T23:37:11.2556595Z   freethreaded: false
2026-10-04T23:37:11.2556752Z env:
2026-10-04T23:37:11.2558383Z   GH_TOKEN: ***
2026-10-04T23:37:11.2558542Z ##[endgroup]
2026-10-04T23:37:11.3368471Z ##[group]Installed versions
2026-10-04T23:37:11.3430335Z (node:2075) [DEP0040] DeprecationWarning: The `punycode` module is deprecated. Please use a userland alternative instead.
2026-10-04T23:37:11.3430949Z (Use `node --trace-deprecation ...` to show where the warning was created)
2026-10-04T23:37:11.3431424Z Successfully set up CPython (3.12.14)
2026-10-04T23:37:11.3431934Z ##[endgroup]
2026-10-04T23:37:11.3575817Z ##[group]Run set -euo pipefail
2026-10-04T23:37:11.3576198Z [36;1mset -euo pipefail[0m
2026-10-04T23:37:11.3576495Z [36;1mpip install pandas==2.3.3 numpy==2.3.3[0m
2026-10-04T23:37:11.3837724Z shell: /usr/bin/bash --noprofile --norc -e -o pipefail {0}
2026-10-04T23:37:11.3838048Z env:
2026-10-04T23:37:11.3840048Z   GH_TOKEN: ***
2026-10-04T23:37:11.3840257Z   pythonLocation: /opt/hostedtoolcache/Python/3.12.14/x64
2026-10-04T23:37:11.3840561Z   PKG_CONFIG_PATH: /opt/hostedtoolcache/Python/3.12.14/x64/lib/pkgconfig
2026-10-04T23:37:11.3840835Z   Python_ROOT_DIR: /opt/hostedtoolcache/Python/3.12.14/x64
2026-10-04T23:37:11.3841084Z   Python2_ROOT_DIR: /opt/hostedtoolcache/Python/3.12.14/x64
2026-10-04T23:37:11.3841332Z   Python3_ROOT_DIR: /opt/hostedtoolcache/Python/3.12.14/x64
2026-10-04T23:37:11.3841583Z   LD_LIBRARY_PATH: /opt/hostedtoolcache/Python/3.12.14/x64/lib
2026-10-04T23:37:11.3841828Z ##[endgroup]
2026-10-04T23:37:12.7494731Z Collecting pandas==2.3.3
2026-10-04T23:37:12.8099549Z   Downloading pandas-2.3.3-cp312-cp312-manylinux_2_24_x86_64.manylinux_2_28_x86_64.whl.metadata (91 kB)
2026-10-04T23:37:13.0515877Z Collecting numpy==2.3.3
2026-10-04T23:37:13.0617133Z   Downloading numpy-2.3.3-cp312-cp312-manylinux_2_27_x86_64.manylinux_2_28_x86_64.whl.metadata (62 kB)
2026-10-04T23:37:13.5186329Z Collecting python-dateutil>=2.8.2 (from pandas==2.3.3)
2026-10-04T23:37:13.5298691Z   Downloading python_dateutil-2.9.0.post0-py2.py3-none-any.whl.metadata (8.4 kB)
2026-10-04T23:37:13.6587792Z Collecting pytz>=2020.1 (from pandas==2.3.3)
2026-10-04T23:37:13.6687586Z   Downloading pytz-2026.5-py2.py3-none-any.whl.metadata (22 kB)
2026-10-04T23:37:13.6936411Z Collecting tzdata>=2022.7 (from pandas==2.3.3)
2026-10-04T23:37:13.7034101Z   Downloading tzdata-2026.5-py2.py3-none-any.whl.metadata (1.4 kB)
2026-10-04T23:37:13.7395900Z Collecting six>=1.5 (from python-dateutil>=2.8.2->pandas==2.3.3)
2026-10-04T23:37:13.7494738Z   Downloading six-1.17.0-py2.py3-none-any.whl.metadata (1.7 kB)
2026-10-04T23:37:13.7635456Z Downloading pandas-2.3.3-cp312-cp312-manylinux_2_24_x86_64.manylinux_2_28_x86_64.whl (12.4 MB)
2026-10-04T23:37:14.2117583Z    ━━━━━━━━━━━━━━━━━━━━━━━━━━━━━━━━━━━━━━━━ 12.4/12.4 MB 28.8 MB/s  0:00:00
2026-10-04T23:37:14.2220423Z Downloading numpy-2.3.3-cp312-cp312-manylinux_2_27_x86_64.manylinux_2_28_x86_64.whl (16.6 MB)
2026-10-04T23:37:14.4877328Z    ━━━━━━━━━━━━━━━━━━━━━━━━━━━━━━━━━━━━━━━━ 16.6/16.6 MB 62.4 MB/s  0:00:00
2026-10-04T23:37:14.4980149Z Downloading python_dateutil-2.9.0.post0-py2.py3-none-any.whl (229 kB)
2026-10-04T23:37:14.5100020Z Downloading pytz-2026.5-py2.py3-none-any.whl (506 kB)
2026-10-04T23:37:14.5234106Z Downloading six-1.17.0-py2.py3-none-any.whl (11 kB)
2026-10-04T23:37:14.5347693Z Downloading tzdata-2026.5-py2.py3-none-any.whl (347 kB)
2026-10-04T23:37:14.6393378Z Installing collected packages: pytz, tzdata, six, numpy, python-dateutil, pandas
2026-10-04T23:37:18.7424876Z 
2026-10-04T23:37:18.7434813Z Successfully installed numpy-2.3.3 pandas-2.3.3 python-dateutil-2.9.0.post0 pytz-2026.5 six-1.17.0 tzdata-2026.5
2026-10-04T23:37:18.8011807Z ##[group]Run actions/cache@v4
2026-10-04T23:37:18.8011962Z with:
2026-10-04T23:37:18.8012074Z   path: data
2026-10-04T23:37:18.8012208Z   key: frozen-source-36095439671-15m-shard-5
2026-10-04T23:37:18.8012373Z   enableCrossOsArchive: false
2026-10-04T23:37:18.8012511Z   fail-on-cache-miss: false
2026-10-04T23:37:18.8012670Z   lookup-only: false
2026-10-04T23:37:18.8012793Z   save-always: false
2026-10-04T23:37:18.8012921Z env:
2026-10-04T23:37:18.8014407Z   GH_TOKEN: ***
2026-10-04T23:37:18.8014566Z   pythonLocation: /opt/hostedtoolcache/Python/3.12.14/x64
2026-10-04T23:37:18.8014808Z   PKG_CONFIG_PATH: /opt/hostedtoolcache/Python/3.12.14/x64/lib/pkgconfig
2026-10-04T23:37:18.8015038Z   Python_ROOT_DIR: /opt/hostedtoolcache/Python/3.12.14/x64
2026-10-04T23:37:18.8015247Z   Python2_ROOT_DIR: /opt/hostedtoolcache/Python/3.12.14/x64
2026-10-04T23:37:18.8015470Z   Python3_ROOT_DIR: /opt/hostedtoolcache/Python/3.12.14/x64
2026-10-04T23:37:18.8015704Z   LD_LIBRARY_PATH: /opt/hostedtoolcache/Python/3.12.14/x64/lib
2026-10-04T23:37:18.8015882Z ##[endgroup]
2026-10-04T23:37:18.8712789Z (node:2111) [DEP0040] DeprecationWarning: The `punycode` module is deprecated. Please use a userland alternative instead.
2026-10-04T23:37:18.8713249Z (Use `node --trace-deprecation ...` to show where the warning was created)
2026-10-04T23:37:19.0181282Z Cache not found for input keys: frozen-source-36095439671-15m-shard-5
2026-10-04T23:37:19.0282069Z ##[group]Run set -euo pipefail
2026-10-04T23:37:19.0282362Z [36;1mset -euo pipefail[0m
2026-10-04T23:37:19.0282581Z [36;1mif [ '' != 'true' ]; then[0m
2026-10-04T23:37:19.0283045Z [36;1m  gh run download 36095439671 -R duuu-hub/bb-scanner -n rank5-binance-um-15m-5y-data-shard-5 -D data[0m
2026-10-04T23:37:19.0283484Z [36;1mfi[0m
2026-10-04T23:37:19.0283785Z [36;1mgh run download 36858492497 -R duuu-hub/bb-scanner -n day-edge-v2-btc -D btc[0m
2026-10-04T23:37:19.0284420Z [36;1mgh run download 36095439671 -R duuu-hub/bb-scanner -n rank5-binance-um-15m-5y-manifest-shard-5 -D source-manifest[0m
2026-10-04T23:37:19.0285423Z [36;1mpython scripts/research_evidence_archive.py verify-source --data data --manifests source-manifest --baseline research/path-efficiency-resumption-v23/FROZEN_INPUT_HASHES.json --out source-check.json[0m
2026-10-04T23:37:19.0343211Z shell: /usr/bin/bash --noprofile --norc -e -o pipefail {0}
2026-10-04T23:37:19.0343412Z env:
2026-10-04T23:37:19.0345036Z   GH_TOKEN: ***
2026-10-04T23:37:19.0345202Z   pythonLocation: /opt/hostedtoolcache/Python/3.12.14/x64
2026-10-04T23:37:19.0345444Z   PKG_CONFIG_PATH: /opt/hostedtoolcache/Python/3.12.14/x64/lib/pkgconfig
2026-10-04T23:37:19.0345682Z   Python_ROOT_DIR: /opt/hostedtoolcache/Python/3.12.14/x64
2026-10-04T23:37:19.0345894Z   Python2_ROOT_DIR: /opt/hostedtoolcache/Python/3.12.14/x64
2026-10-04T23:37:19.0346102Z   Python3_ROOT_DIR: /opt/hostedtoolcache/Python/3.12.14/x64
2026-10-04T23:37:19.0346323Z   LD_LIBRARY_PATH: /opt/hostedtoolcache/Python/3.12.14/x64/lib
2026-10-04T23:37:19.0346502Z ##[endgroup]
2026-10-04T23:37:30.6738517Z FROZEN_SOURCE_VERIFIED 107 files 37 prior SHA256 matches
2026-10-04T23:37:30.7415274Z ##[group]Run actions/cache@v4
2026-10-04T23:37:30.7415422Z with:
2026-10-04T23:37:30.7415537Z   path: cache/verified-1m
2026-10-04T23:37:30.7415702Z   key: failed-resumption-reversal-v24-dev-1m-shard-5
2026-10-04T23:37:30.7416320Z   restore-keys: taker-absorption-release-v12-dev-1m-shard-5
aggressive-flow-cascade-v11-dev-1m-shard-5
residual-reversion-v10-dev-1m-shard-5
cross-sectional-leader-v9-dev-1m-shard-5
premium-absorption-v8-dev-1m-shard-5
factor-lag-v6-dev-1m-shard-5
2026-10-04T23:37:30.7416899Z   enableCrossOsArchive: false
2026-10-04T23:37:30.7417040Z   fail-on-cache-miss: false
2026-10-04T23:37:30.7417171Z   lookup-only: false
2026-10-04T23:37:30.7417288Z   save-always: false
2026-10-04T23:37:30.7417399Z env:
2026-10-04T23:37:30.7419199Z   GH_TOKEN: ***
2026-10-04T23:37:30.7419355Z   pythonLocation: /opt/hostedtoolcache/Python/3.12.14/x64
2026-10-04T23:37:30.7419599Z   PKG_CONFIG_PATH: /opt/hostedtoolcache/Python/3.12.14/x64/lib/pkgconfig
2026-10-04T23:37:30.7419868Z   Python_ROOT_DIR: /opt/hostedtoolcache/Python/3.12.14/x64
2026-10-04T23:37:30.7420083Z   Python2_ROOT_DIR: /opt/hostedtoolcache/Python/3.12.14/x64
2026-10-04T23:37:30.7420295Z   Python3_ROOT_DIR: /opt/hostedtoolcache/Python/3.12.14/x64
2026-10-04T23:37:30.7420510Z   LD_LIBRARY_PATH: /opt/hostedtoolcache/Python/3.12.14/x64/lib
2026-10-04T23:37:30.7420689Z ##[endgroup]
2026-10-04T23:37:30.8142713Z (node:2159) [DEP0040] DeprecationWarning: The `punycode` module is deprecated. Please use a userland alternative instead.
2026-10-04T23:37:30.8193047Z (Use `node --trace-deprecation ...` to show where the warning was created)
2026-10-04T23:37:30.9393815Z Cache not found for input keys: failed-resumption-reversal-v24-dev-1m-shard-5, taker-absorption-release-v12-dev-1m-shard-5, aggressive-flow-cascade-v11-dev-1m-shard-5, residual-reversion-v10-dev-1m-shard-5, cross-sectional-leader-v9-dev-1m-shard-5, premium-absorption-v8-dev-1m-shard-5, factor-lag-v6-dev-1m-shard-5
2026-10-04T23:37:30.9463324Z ##[group]Run set -euo pipefail
2026-10-04T23:37:30.9463493Z [36;1mset -euo pipefail[0m
2026-10-04T23:37:30.9463897Z [36;1mpython scripts/failed_resumption_reversal_v24.py scan --stage DEV --data data --btc btc/BTCUSDT.csv.gz --source-check source-check.json --out dev-5 --minute-cache cache/verified-1m[0m
2026-10-04T23:37:30.9515649Z shell: /usr/bin/bash --noprofile --norc -e -o pipefail {0}
2026-10-04T23:37:30.9515833Z env:
2026-10-04T23:37:30.9517259Z   GH_TOKEN: ***
2026-10-04T23:37:30.9517416Z   pythonLocation: /opt/hostedtoolcache/Python/3.12.14/x64
2026-10-04T23:37:30.9517648Z   PKG_CONFIG_PATH: /opt/hostedtoolcache/Python/3.12.14/x64/lib/pkgconfig
2026-10-04T23:37:30.9517872Z   Python_ROOT_DIR: /opt/hostedtoolcache/Python/3.12.14/x64
2026-10-04T23:37:30.9518074Z   Python2_ROOT_DIR: /opt/hostedtoolcache/Python/3.12.14/x64
2026-10-04T23:37:30.9518405Z   Python3_ROOT_DIR: /opt/hostedtoolcache/Python/3.12.14/x64
2026-10-04T23:37:30.9518640Z   LD_LIBRARY_PATH: /opt/hostedtoolcache/Python/3.12.14/x64/lib
2026-10-04T23:37:30.9518815Z ##[endgroup]
2026-10-04T23:37:32.0073632Z /home/runner/work/bb-scanner/bb-scanner/scripts/session_opening_range_sweep_v20.py:80: RuntimeWarning: invalid value encountered in divide
2026-10-04T23:37:32.0074283Z   f['session_vwap'][k:z]=np.where(valid,numer/denom,np.nan)
2026-10-04T23:42:14.1702333Z V24_FAILED_RESUMPTION_SCAN DEV 48 / 107 parameterized_outcomes 396
2026-10-04T23:45:06.1393831Z V24_FAILED_RESUMPTION_SCAN DEV 80 / 107 parameterized_outcomes 684
2026-10-04T23:47:44.4146920Z V24_FAILED_RESUMPTION_SCAN_DONE DEV 936 chronology_exclusions 0
2026-10-04T23:47:44.4581739Z ##[group]Run actions/upload-artifact@v4
2026-10-04T23:47:44.4581901Z with:
2026-10-04T23:47:44.4582032Z   name: failed-resumption-reversal-v24-dev-5
2026-10-04T23:47:44.4582194Z   path: dev-5/
2026-10-04T23:47:44.4582321Z   retention-days: 30
2026-10-04T23:47:44.4582441Z   compression-level: 0
2026-10-04T23:47:44.4582565Z   if-no-files-found: warn
2026-10-04T23:47:44.4582693Z   overwrite: false
2026-10-04T23:47:44.4582812Z   include-hidden-files: false
2026-10-04T23:47:44.4582942Z env:
2026-10-04T23:47:44.4584467Z   GH_TOKEN: ***
2026-10-04T23:47:44.4584621Z   pythonLocation: /opt/hostedtoolcache/Python/3.12.14/x64
2026-10-04T23:47:44.4584863Z   PKG_CONFIG_PATH: /opt/hostedtoolcache/Python/3.12.14/x64/lib/pkgconfig
2026-10-04T23:47:44.4585099Z   Python_ROOT_DIR: /opt/hostedtoolcache/Python/3.12.14/x64
2026-10-04T23:47:44.4585308Z   Python2_ROOT_DIR: /opt/hostedtoolcache/Python/3.12.14/x64
2026-10-04T23:47:44.4585516Z   Python3_ROOT_DIR: /opt/hostedtoolcache/Python/3.12.14/x64
2026-10-04T23:47:44.4585742Z   LD_LIBRARY_PATH: /opt/hostedtoolcache/Python/3.12.14/x64/lib
2026-10-04T23:47:44.4585921Z ##[endgroup]
2026-10-04T23:47:44.5658781Z (node:2359) [DEP0040] DeprecationWarning: The `punycode` module is deprecated. Please use a userland alternative instead.
2026-10-04T23:47:44.5659842Z (Use `node --trace-deprecation ...` to show where the warning was created)
2026-10-04T23:47:44.5772040Z With the provided path, there will be 31 files uploaded
2026-10-04T23:47:44.5772523Z Artifact name is valid!
2026-10-04T23:47:44.5772745Z Root directory input is valid!
2026-10-04T23:47:44.8652922Z Beginning upload of artifact content to blob storage
2026-10-04T23:47:44.9209238Z (node:2359) [DEP0169] DeprecationWarning: `url.parse()` behavior is not standardized and prone to errors that have security implications. Use the WHATWG URL API instead. CVEs are not issued for `url.parse()` vulnerabilities.
2026-10-04T23:47:45.4147364Z Uploaded bytes 8388608
2026-10-04T23:47:45.5033265Z Uploaded bytes 12172367
2026-10-04T23:47:45.5429963Z Finished uploading artifact content to blob storage!
2026-10-04T23:47:45.5432648Z SHA256 digest of uploaded artifact zip is 49365fdde83714a935212bc59dff47291c1019e4539110897f68fe0b60e7d949
2026-10-04T23:47:45.5433023Z Finalizing artifact upload
2026-10-04T23:47:45.7763866Z Artifact failed-resumption-reversal-v24-dev-5.zip successfully finalized. Artifact ID 11318688135
2026-10-04T23:47:45.7764657Z Artifact failed-resumption-reversal-v24-dev-5 has been successfully uploaded! Final size is 12172367 bytes. Artifact ID is 11318688135
2026-10-04T23:47:45.7768479Z Artifact download URL: https://github.com/duuu-hub/bb-scanner/actions/runs/37244305969/artifacts/11318688135
2026-10-04T23:47:45.7902584Z Post job cleanup.
2026-10-04T23:47:45.8624761Z (node:2372) [DEP0040] DeprecationWarning: The `punycode` module is deprecated. Please use a userland alternative instead.
2026-10-04T23:47:45.8625294Z (Use `node --trace-deprecation ...` to show where the warning was created)
2026-10-04T23:47:45.8733564Z [command]/usr/bin/tar --posix -cf cache.tzst --exclude cache.tzst -P -C /home/runner/work/bb-scanner/bb-scanner --files-from manifest.txt --use-compress-program zstdmt
2026-10-04T23:47:46.0217394Z (node:2372) [DEP0169] DeprecationWarning: `url.parse()` behavior is not standardized and prone to errors that have security implications. Use the WHATWG URL API instead. CVEs are not issued for `url.parse()` vulnerabilities.
2026-10-04T23:47:46.6182640Z Sent 14871888 of 14871888 (100.0%), 23.6 MBs/sec
2026-10-04T23:47:46.7006996Z Cache saved with key: failed-resumption-reversal-v24-dev-1m-shard-5
2026-10-04T23:47:46.7095053Z Post job cleanup.
2026-10-04T23:47:46.7774760Z (node:2392) [DEP0040] DeprecationWarning: The `punycode` module is deprecated. Please use a userland alternative instead.
2026-10-04T23:47:46.7775359Z (Use `node --trace-deprecation ...` to show where the warning was created)
2026-10-04T23:47:46.7888393Z [command]/usr/bin/tar --posix -cf cache.tzst --exclude cache.tzst -P -C /home/runner/work/bb-scanner/bb-scanner --files-from manifest.txt --use-compress-program zstdmt
2026-10-04T23:47:47.0599521Z (node:2392) [DEP0169] DeprecationWarning: `url.parse()` behavior is not standardized and prone to errors that have security implications. Use the WHATWG URL API instead. CVEs are not issued for `url.parse()` vulnerabilities.
2026-10-04T23:47:48.0527247Z Sent 0 of 252769172 (0.0%), 0.0 MBs/sec
2026-10-04T23:47:48.4274639Z Sent 252769172 of 252769172 (100.0%), 175.3 MBs/sec
2026-10-04T23:47:48.5157275Z Cache saved with key: frozen-source-36095439671-15m-shard-5
2026-10-04T23:47:48.5282423Z Post job cleanup.
2026-10-04T23:47:48.6039397Z (node:2412) [DEP0040] DeprecationWarning: The `punycode` module is deprecated. Please use a userland alternative instead.
2026-10-04T23:47:48.6040070Z (Use `node --trace-deprecation ...` to show where the warning was created)
2026-10-04T23:47:48.6189254Z Post job cleanup.
2026-10-04T23:47:48.6781254Z [command]/usr/bin/git version
2026-10-04T23:47:48.6814352Z git version 2.55.0
2026-10-04T23:47:48.6839530Z Temporarily overriding HOME='/home/runner/work/_temp/c5d80553-d2b8-4b24-bed8-895acfae3b87' before making global git config changes
2026-10-04T23:47:48.6840242Z Adding repository directory to the temporary git global config as a safe directory
2026-10-04T23:47:48.6843268Z [command]/usr/bin/git config --global --add safe.directory /home/runner/work/bb-scanner/bb-scanner
2026-10-04T23:47:48.6872902Z [command]/usr/bin/git config --local --name-only --get-regexp core\.sshCommand
2026-10-04T23:47:48.6898984Z [command]/usr/bin/git submodule foreach --recursive sh -c "git config --local --name-only --get-regexp 'core\.sshCommand' && git config --local --unset-all 'core.sshCommand' || :"
2026-10-04T23:47:48.7099227Z [command]/usr/bin/git config --local --name-only --get-regexp http\.https\:\/\/github\.com\/\.extraheader
2026-10-04T23:47:48.7122596Z http.https://github.com/.extraheader
2026-10-04T23:47:48.7130835Z [command]/usr/bin/git config --local --unset-all http.https://github.com/.extraheader
2026-10-04T23:47:48.7199233Z [command]/usr/bin/git submodule foreach --recursive sh -c "git config --local --name-only --get-regexp 'http\.https\:\/\/github\.com\/\.extraheader' && git config --local --unset-all 'http.https://github.com/.extraheader' || :"
2026-10-04T23:47:48.7389049Z [command]/usr/bin/git config --local --name-only --get-regexp ^includeIf\.gitdir:
2026-10-04T23:47:48.7423806Z [command]/usr/bin/git submodule foreach --recursive git config --local --show-origin --name-only --get-regexp remote.origin.url
2026-10-04T23:47:48.7750213Z Cleaning up orphan processes
2026-10-04T23:47:48.7972348Z ##[warning]Node.js 20 is deprecated. The following actions target Node.js 20 but are being forced to run on Node.js 24: actions/cache@v4, actions/checkout@v4, actions/setup-python@v5, actions/upload-artifact@v4. For more information see: https://github.blog/changelog/2025-09-19-deprecation-of-node-20-on-github-actions-runners/
