2026-10-04T23:37:08.8871759Z Current runner version: '2.337.0'
2026-10-04T23:37:08.8896456Z ##[group]Runner Image Provisioner
2026-10-04T23:37:08.8897264Z Hosted Compute Agent
2026-10-04T23:37:08.8897930Z Version: 20260901.588
2026-10-04T23:37:08.8898507Z Commit: f88ec8081b781fac6c440065ac7ff9e710ce3d0b
2026-10-04T23:37:08.8899220Z Build Date: 2026-09-01T19:56:44Z
2026-10-04T23:37:08.8899855Z Worker ID: {fad8f1a4-61d5-4331-9232-af1c0305c27b}
2026-10-04T23:37:08.8900513Z Azure Region: westus3
2026-10-04T23:37:08.8901092Z ##[endgroup]
2026-10-04T23:37:08.8902770Z ##[group]Operating System
2026-10-04T23:37:08.8903449Z Ubuntu
2026-10-04T23:37:08.8903936Z 24.04.5
2026-10-04T23:37:08.8904411Z LTS
2026-10-04T23:37:08.8905341Z ##[endgroup]
2026-10-04T23:37:08.8905853Z ##[group]Runner Image
2026-10-04T23:37:08.8906373Z Image: ubuntu-24.04
2026-10-04T23:37:08.8906935Z Version: 20260927.320.1
2026-10-04T23:37:08.8908074Z Included Software: https://github.com/actions/runner-images/blob/ubuntu24/20260927.320/images/ubuntu/Ubuntu2404-Readme.md
2026-10-04T23:37:08.8909538Z Image Release: https://github.com/actions/runner-images/releases/tag/ubuntu24%2F20260927.320
2026-10-04T23:37:08.8910386Z ##[endgroup]
2026-10-04T23:37:08.8911648Z ##[group]GITHUB_TOKEN Permissions
2026-10-04T23:37:08.8913814Z Actions: read
2026-10-04T23:37:08.8914472Z Contents: read
2026-10-04T23:37:08.8914975Z Metadata: read
2026-10-04T23:37:08.8915546Z ##[endgroup]
2026-10-04T23:37:08.8917628Z Secret source: Actions
2026-10-04T23:37:08.8918553Z Cache mode: write
2026-10-04T23:37:08.8919206Z Prepare workflow directory
2026-10-04T23:37:08.9418004Z Prepare all required actions
2026-10-04T23:37:08.9467143Z Getting action download info
2026-10-04T23:37:09.2676972Z Download action repository 'actions/checkout@v4' (SHA:11d5960a326750d5838078e36cf38b85af677262)
2026-10-04T23:37:09.3392406Z Download action repository 'actions/setup-python@v5' (SHA:a26af69be951a213d495a4c3e4e4022e16d87065)
2026-10-04T23:37:09.4056250Z Download action repository 'actions/cache@v4' (SHA:0057852bfaa89a56745cba8c7296529d2fc39830)
2026-10-04T23:37:09.4845924Z Download action repository 'actions/upload-artifact@v4' (SHA:ea165f8d65b6e75b540449e92b4886f43607fa02)
2026-10-04T23:37:09.6643656Z Complete job name: development (1)
2026-10-04T23:37:09.7359563Z ##[group]Run actions/checkout@v4
2026-10-04T23:37:09.7360298Z with:
2026-10-04T23:37:09.7360705Z   repository: duuu-hub/bb-scanner
2026-10-04T23:37:09.7364330Z   token: ***
2026-10-04T23:37:09.7364725Z   ssh-strict: true
2026-10-04T23:37:09.7365122Z   ssh-user: git
2026-10-04T23:37:09.7365529Z   persist-credentials: true
2026-10-04T23:37:09.7365970Z   clean: true
2026-10-04T23:37:09.7366374Z   sparse-checkout-cone-mode: true
2026-10-04T23:37:09.7366846Z   fetch-depth: 1
2026-10-04T23:37:09.7367231Z   fetch-tags: false
2026-10-04T23:37:09.7367629Z   show-progress: true
2026-10-04T23:37:09.7368027Z   lfs: false
2026-10-04T23:37:09.7368397Z   submodules: false
2026-10-04T23:37:09.7368800Z   set-safe-directory: true
2026-10-04T23:37:09.7369259Z   allow-unsafe-pr-checkout: false
2026-10-04T23:37:09.7369936Z env:
2026-10-04T23:37:09.7373496Z   GH_TOKEN: ***
2026-10-04T23:37:09.7373884Z ##[endgroup]
2026-10-04T23:37:09.8376649Z Syncing repository: duuu-hub/bb-scanner
2026-10-04T23:37:09.8379058Z ##[group]Getting Git version info
2026-10-04T23:37:09.8380223Z Working directory is '/home/runner/work/bb-scanner/bb-scanner'
2026-10-04T23:37:09.8381994Z [command]/usr/bin/git version
2026-10-04T23:37:09.8449088Z git version 2.55.0
2026-10-04T23:37:09.8482254Z ##[endgroup]
2026-10-04T23:37:09.8489101Z Temporarily overriding HOME='/home/runner/work/_temp/fffb6de4-4a6e-4fc9-97ea-6bd88bd2e137' before making global git config changes
2026-10-04T23:37:09.8491429Z Adding repository directory to the temporary git global config as a safe directory
2026-10-04T23:37:09.8496571Z [command]/usr/bin/git config --global --add safe.directory /home/runner/work/bb-scanner/bb-scanner
2026-10-04T23:37:09.8545876Z Deleting the contents of '/home/runner/work/bb-scanner/bb-scanner'
2026-10-04T23:37:09.8550465Z ##[group]Initializing the repository
2026-10-04T23:37:09.8556403Z [command]/usr/bin/git init /home/runner/work/bb-scanner/bb-scanner
2026-10-04T23:37:09.8660509Z hint: Using 'master' as the name for the initial branch. This default branch name
2026-10-04T23:37:09.8662601Z hint: will change to "main" in Git 3.0. To configure the initial branch name
2026-10-04T23:37:09.8668029Z hint: to use in all of your new repositories, which will suppress this warning,
2026-10-04T23:37:09.8669475Z hint: call:
2026-10-04T23:37:09.8670270Z hint:
2026-10-04T23:37:09.8672654Z hint: 	git config --global init.defaultBranch <name>
2026-10-04T23:37:09.8673556Z hint:
2026-10-04T23:37:09.8674090Z hint: Names commonly chosen instead of 'master' are 'main', 'trunk' and
2026-10-04T23:37:09.8674934Z hint: 'development'. The just-created branch can be renamed via this command:
2026-10-04T23:37:09.8675591Z hint:
2026-10-04T23:37:09.8675969Z hint: 	git branch -m <name>
2026-10-04T23:37:09.8676388Z hint:
2026-10-04T23:37:09.8676952Z hint: Disable this message with "git config set advice.defaultBranchName false"
2026-10-04T23:37:09.8678236Z Initialized empty Git repository in /home/runner/work/bb-scanner/bb-scanner/.git/
2026-10-04T23:37:09.8680439Z [command]/usr/bin/git remote add origin https://github.com/duuu-hub/bb-scanner
2026-10-04T23:37:09.8721245Z ##[endgroup]
2026-10-04T23:37:09.8722298Z ##[group]Disabling automatic garbage collection
2026-10-04T23:37:09.8726842Z [command]/usr/bin/git config --local gc.auto 0
2026-10-04T23:37:09.8755783Z ##[endgroup]
2026-10-04T23:37:09.8756662Z ##[group]Setting up auth
2026-10-04T23:37:09.8764278Z [command]/usr/bin/git config --local --name-only --get-regexp core\.sshCommand
2026-10-04T23:37:09.8792521Z [command]/usr/bin/git submodule foreach --recursive sh -c "git config --local --name-only --get-regexp 'core\.sshCommand' && git config --local --unset-all 'core.sshCommand' || :"
2026-10-04T23:37:09.9117456Z [command]/usr/bin/git config --local --name-only --get-regexp http\.https\:\/\/github\.com\/\.extraheader
2026-10-04T23:37:09.9152851Z [command]/usr/bin/git submodule foreach --recursive sh -c "git config --local --name-only --get-regexp 'http\.https\:\/\/github\.com\/\.extraheader' && git config --local --unset-all 'http.https://github.com/.extraheader' || :"
2026-10-04T23:37:09.9366829Z [command]/usr/bin/git config --local --name-only --get-regexp ^includeIf\.gitdir:
2026-10-04T23:37:09.9397749Z [command]/usr/bin/git submodule foreach --recursive git config --local --show-origin --name-only --get-regexp remote.origin.url
2026-10-04T23:37:09.9589337Z [command]/usr/bin/git config --local http.https://github.com/.extraheader AUTHORIZATION: basic ***
2026-10-04T23:37:09.9626490Z ##[endgroup]
2026-10-04T23:37:09.9627253Z ##[group]Fetching the repository
2026-10-04T23:37:09.9641220Z [command]/usr/bin/git -c protocol.version=2 fetch --no-tags --prune --no-recurse-submodules --depth=1 origin +9fbad10acf78367a664bd9eee4992577b66e390b:refs/remotes/origin/research-failed-resumption-reversal-v24
2026-10-04T23:37:11.6007879Z From https://github.com/duuu-hub/bb-scanner
2026-10-04T23:37:11.6010127Z  * [new ref]         9fbad10acf78367a664bd9eee4992577b66e390b -> origin/research-failed-resumption-reversal-v24
2026-10-04T23:37:11.6018306Z ##[endgroup]
2026-10-04T23:37:11.6019543Z ##[group]Determining the checkout info
2026-10-04T23:37:11.6021081Z ##[endgroup]
2026-10-04T23:37:11.6022243Z [command]/usr/bin/git sparse-checkout disable
2026-10-04T23:37:11.6066496Z [command]/usr/bin/git config --local --unset-all extensions.worktreeConfig
2026-10-04T23:37:11.6092800Z ##[group]Checking out the ref
2026-10-04T23:37:11.6098589Z [command]/usr/bin/git checkout --progress --force -B research-failed-resumption-reversal-v24 refs/remotes/origin/research-failed-resumption-reversal-v24
2026-10-04T23:37:11.8287412Z Switched to a new branch 'research-failed-resumption-reversal-v24'
2026-10-04T23:37:11.8291363Z branch 'research-failed-resumption-reversal-v24' set up to track 'origin/research-failed-resumption-reversal-v24'.
2026-10-04T23:37:11.8301190Z ##[endgroup]
2026-10-04T23:37:11.8343079Z [command]/usr/bin/git log -1 --format=%H
2026-10-04T23:37:11.8365724Z 9fbad10acf78367a664bd9eee4992577b66e390b
2026-10-04T23:37:11.8714971Z ##[group]Run actions/setup-python@v5
2026-10-04T23:37:11.8716293Z with:
2026-10-04T23:37:11.8717329Z   python-version: 3.12
2026-10-04T23:37:11.8718402Z   check-latest: false
2026-10-04T23:37:11.8727994Z   token: ***
2026-10-04T23:37:11.8729014Z   update-environment: true
2026-10-04T23:37:11.8730179Z   allow-prereleases: false
2026-10-04T23:37:11.8731323Z   freethreaded: false
2026-10-04T23:37:11.8732418Z env:
2026-10-04T23:37:11.8741484Z   GH_TOKEN: ***
2026-10-04T23:37:11.8742636Z ##[endgroup]
2026-10-04T23:37:12.0045697Z ##[group]Installed versions
2026-10-04T23:37:12.0124629Z (node:2299) [DEP0040] DeprecationWarning: The `punycode` module is deprecated. Please use a userland alternative instead.
2026-10-04T23:37:12.0128964Z (Use `node --trace-deprecation ...` to show where the warning was created)
2026-10-04T23:37:12.0131974Z Successfully set up CPython (3.12.14)
2026-10-04T23:37:12.0134292Z ##[endgroup]
2026-10-04T23:37:12.0379021Z ##[group]Run set -euo pipefail
2026-10-04T23:37:12.0381183Z [36;1mset -euo pipefail[0m
2026-10-04T23:37:12.0383397Z [36;1mpip install pandas==2.3.3 numpy==2.3.3[0m
2026-10-04T23:37:12.0641307Z shell: /usr/bin/bash --noprofile --norc -e -o pipefail {0}
2026-10-04T23:37:12.0643082Z env:
2026-10-04T23:37:12.0651918Z   GH_TOKEN: ***
2026-10-04T23:37:12.0653075Z   pythonLocation: /opt/hostedtoolcache/Python/3.12.14/x64
2026-10-04T23:37:12.0654857Z   PKG_CONFIG_PATH: /opt/hostedtoolcache/Python/3.12.14/x64/lib/pkgconfig
2026-10-04T23:37:12.0656625Z   Python_ROOT_DIR: /opt/hostedtoolcache/Python/3.12.14/x64
2026-10-04T23:37:12.0658223Z   Python2_ROOT_DIR: /opt/hostedtoolcache/Python/3.12.14/x64
2026-10-04T23:37:12.0659938Z   Python3_ROOT_DIR: /opt/hostedtoolcache/Python/3.12.14/x64
2026-10-04T23:37:12.0661680Z   LD_LIBRARY_PATH: /opt/hostedtoolcache/Python/3.12.14/x64/lib
2026-10-04T23:37:12.0663104Z ##[endgroup]
2026-10-04T23:37:12.9729362Z Collecting pandas==2.3.3
2026-10-04T23:37:13.0414259Z   Downloading pandas-2.3.3-cp312-cp312-manylinux_2_24_x86_64.manylinux_2_28_x86_64.whl.metadata (91 kB)
2026-10-04T23:37:13.2565527Z Collecting numpy==2.3.3
2026-10-04T23:37:13.2676551Z   Downloading numpy-2.3.3-cp312-cp312-manylinux_2_27_x86_64.manylinux_2_28_x86_64.whl.metadata (62 kB)
2026-10-04T23:37:13.2954214Z Collecting python-dateutil>=2.8.2 (from pandas==2.3.3)
2026-10-04T23:37:13.3055473Z   Downloading python_dateutil-2.9.0.post0-py2.py3-none-any.whl.metadata (8.4 kB)
2026-10-04T23:37:13.3356577Z Collecting pytz>=2020.1 (from pandas==2.3.3)
2026-10-04T23:37:13.3465643Z   Downloading pytz-2026.5-py2.py3-none-any.whl.metadata (22 kB)
2026-10-04T23:37:13.3618142Z Collecting tzdata>=2022.7 (from pandas==2.3.3)
2026-10-04T23:37:13.3719918Z   Downloading tzdata-2026.5-py2.py3-none-any.whl.metadata (1.4 kB)
2026-10-04T23:37:13.3847495Z Collecting six>=1.5 (from python-dateutil>=2.8.2->pandas==2.3.3)
2026-10-04T23:37:13.3946916Z   Downloading six-1.17.0-py2.py3-none-any.whl.metadata (1.7 kB)
2026-10-04T23:37:13.4090935Z Downloading pandas-2.3.3-cp312-cp312-manylinux_2_24_x86_64.manylinux_2_28_x86_64.whl (12.4 MB)
2026-10-04T23:37:13.8124692Z    ━━━━━━━━━━━━━━━━━━━━━━━━━━━━━━━━━━━━━━━━ 12.4/12.4 MB 32.5 MB/s  0:00:00
2026-10-04T23:37:13.8241303Z Downloading numpy-2.3.3-cp312-cp312-manylinux_2_27_x86_64.manylinux_2_28_x86_64.whl (16.6 MB)
2026-10-04T23:37:13.9777746Z    ━━━━━━━━━━━━━━━━━━━━━━━━━━━━━━━━━━━━━━━━ 16.6/16.6 MB 109.4 MB/s  0:00:00
2026-10-04T23:37:13.9879417Z Downloading python_dateutil-2.9.0.post0-py2.py3-none-any.whl (229 kB)
2026-10-04T23:37:14.0004034Z Downloading pytz-2026.5-py2.py3-none-any.whl (506 kB)
2026-10-04T23:37:14.0140567Z Downloading six-1.17.0-py2.py3-none-any.whl (11 kB)
2026-10-04T23:37:14.0256882Z Downloading tzdata-2026.5-py2.py3-none-any.whl (347 kB)
2026-10-04T23:37:14.1820903Z Installing collected packages: pytz, tzdata, six, numpy, python-dateutil, pandas
2026-10-04T23:37:20.4352593Z 
2026-10-04T23:37:20.4370625Z Successfully installed numpy-2.3.3 pandas-2.3.3 python-dateutil-2.9.0.post0 pytz-2026.5 six-1.17.0 tzdata-2026.5
2026-10-04T23:37:20.5980647Z ##[group]Run actions/cache@v4
2026-10-04T23:37:20.5980976Z with:
2026-10-04T23:37:20.5981231Z   path: data
2026-10-04T23:37:20.5981656Z   key: frozen-source-36095439671-15m-shard-1
2026-10-04T23:37:20.5982082Z   enableCrossOsArchive: false
2026-10-04T23:37:20.5982382Z   fail-on-cache-miss: false
2026-10-04T23:37:20.5982696Z   lookup-only: false
2026-10-04T23:37:20.5982966Z   save-always: false
2026-10-04T23:37:20.5983231Z env:
2026-10-04T23:37:20.5986208Z   GH_TOKEN: ***
2026-10-04T23:37:20.5986545Z   pythonLocation: /opt/hostedtoolcache/Python/3.12.14/x64
2026-10-04T23:37:20.5987055Z   PKG_CONFIG_PATH: /opt/hostedtoolcache/Python/3.12.14/x64/lib/pkgconfig
2026-10-04T23:37:20.5987557Z   Python_ROOT_DIR: /opt/hostedtoolcache/Python/3.12.14/x64
2026-10-04T23:37:20.5988009Z   Python2_ROOT_DIR: /opt/hostedtoolcache/Python/3.12.14/x64
2026-10-04T23:37:20.5988482Z   Python3_ROOT_DIR: /opt/hostedtoolcache/Python/3.12.14/x64
2026-10-04T23:37:20.5988984Z   LD_LIBRARY_PATH: /opt/hostedtoolcache/Python/3.12.14/x64/lib
2026-10-04T23:37:20.5989360Z ##[endgroup]
2026-10-04T23:37:20.7015822Z (node:2337) [DEP0040] DeprecationWarning: The `punycode` module is deprecated. Please use a userland alternative instead.
2026-10-04T23:37:20.7016519Z (Use `node --trace-deprecation ...` to show where the warning was created)
2026-10-04T23:37:21.3226646Z Cache not found for input keys: frozen-source-36095439671-15m-shard-1
2026-10-04T23:37:21.4359730Z ##[group]Run set -euo pipefail
2026-10-04T23:37:21.4360088Z [36;1mset -euo pipefail[0m
2026-10-04T23:37:21.4360389Z [36;1mif [ '' != 'true' ]; then[0m
2026-10-04T23:37:21.4360990Z [36;1m  gh run download 36095439671 -R duuu-hub/bb-scanner -n rank5-binance-um-15m-5y-data-shard-1 -D data[0m
2026-10-04T23:37:21.4361694Z [36;1mfi[0m
2026-10-04T23:37:21.4362094Z [36;1mgh run download 36858492497 -R duuu-hub/bb-scanner -n day-edge-v2-btc -D btc[0m
2026-10-04T23:37:21.4362885Z [36;1mgh run download 36095439671 -R duuu-hub/bb-scanner -n rank5-binance-um-15m-5y-manifest-shard-1 -D source-manifest[0m
2026-10-04T23:37:21.4364165Z [36;1mpython scripts/research_evidence_archive.py verify-source --data data --manifests source-manifest --baseline research/path-efficiency-resumption-v23/FROZEN_INPUT_HASHES.json --out source-check.json[0m
2026-10-04T23:37:21.4409118Z shell: /usr/bin/bash --noprofile --norc -e -o pipefail {0}
2026-10-04T23:37:21.4409466Z env:
2026-10-04T23:37:21.4412043Z   GH_TOKEN: ***
2026-10-04T23:37:21.4412326Z   pythonLocation: /opt/hostedtoolcache/Python/3.12.14/x64
2026-10-04T23:37:21.4412741Z   PKG_CONFIG_PATH: /opt/hostedtoolcache/Python/3.12.14/x64/lib/pkgconfig
2026-10-04T23:37:21.4413150Z   Python_ROOT_DIR: /opt/hostedtoolcache/Python/3.12.14/x64
2026-10-04T23:37:21.4413525Z   Python2_ROOT_DIR: /opt/hostedtoolcache/Python/3.12.14/x64
2026-10-04T23:37:21.4413894Z   Python3_ROOT_DIR: /opt/hostedtoolcache/Python/3.12.14/x64
2026-10-04T23:37:21.4414629Z   LD_LIBRARY_PATH: /opt/hostedtoolcache/Python/3.12.14/x64/lib
2026-10-04T23:37:21.4414978Z ##[endgroup]
2026-10-04T23:37:41.0904457Z FROZEN_SOURCE_VERIFIED 108 files 36 prior SHA256 matches
2026-10-04T23:37:41.1434837Z ##[group]Run actions/cache@v4
2026-10-04T23:37:41.1435098Z with:
2026-10-04T23:37:41.1435299Z   path: cache/verified-1m
2026-10-04T23:37:41.1435587Z   key: failed-resumption-reversal-v24-dev-1m-shard-1
2026-10-04T23:37:41.1436656Z   restore-keys: taker-absorption-release-v12-dev-1m-shard-1
aggressive-flow-cascade-v11-dev-1m-shard-1
residual-reversion-v10-dev-1m-shard-1
cross-sectional-leader-v9-dev-1m-shard-1
premium-absorption-v8-dev-1m-shard-1
factor-lag-v6-dev-1m-shard-1
2026-10-04T23:37:41.1437657Z   enableCrossOsArchive: false
2026-10-04T23:37:41.1437902Z   fail-on-cache-miss: false
2026-10-04T23:37:41.1438138Z   lookup-only: false
2026-10-04T23:37:41.1438346Z   save-always: false
2026-10-04T23:37:41.1438546Z env:
2026-10-04T23:37:41.1441126Z   GH_TOKEN: ***
2026-10-04T23:37:41.1441397Z   pythonLocation: /opt/hostedtoolcache/Python/3.12.14/x64
2026-10-04T23:37:41.1441930Z   PKG_CONFIG_PATH: /opt/hostedtoolcache/Python/3.12.14/x64/lib/pkgconfig
2026-10-04T23:37:41.1442382Z   Python_ROOT_DIR: /opt/hostedtoolcache/Python/3.12.14/x64
2026-10-04T23:37:41.1442756Z   Python2_ROOT_DIR: /opt/hostedtoolcache/Python/3.12.14/x64
2026-10-04T23:37:41.1443134Z   Python3_ROOT_DIR: /opt/hostedtoolcache/Python/3.12.14/x64
2026-10-04T23:37:41.1443508Z   LD_LIBRARY_PATH: /opt/hostedtoolcache/Python/3.12.14/x64/lib
2026-10-04T23:37:41.1443814Z ##[endgroup]
2026-10-04T23:37:41.2476026Z (node:2378) [DEP0040] DeprecationWarning: The `punycode` module is deprecated. Please use a userland alternative instead.
2026-10-04T23:37:41.2555295Z (Use `node --trace-deprecation ...` to show where the warning was created)
2026-10-04T23:37:41.4483849Z Cache not found for input keys: failed-resumption-reversal-v24-dev-1m-shard-1, taker-absorption-release-v12-dev-1m-shard-1, aggressive-flow-cascade-v11-dev-1m-shard-1, residual-reversion-v10-dev-1m-shard-1, cross-sectional-leader-v9-dev-1m-shard-1, premium-absorption-v8-dev-1m-shard-1, factor-lag-v6-dev-1m-shard-1
2026-10-04T23:37:41.4554617Z ##[group]Run set -euo pipefail
2026-10-04T23:37:41.4554922Z [36;1mset -euo pipefail[0m
2026-10-04T23:37:41.4555642Z [36;1mpython scripts/failed_resumption_reversal_v24.py scan --stage DEV --data data --btc btc/BTCUSDT.csv.gz --source-check source-check.json --out dev-1 --minute-cache cache/verified-1m[0m
2026-10-04T23:37:41.4593600Z shell: /usr/bin/bash --noprofile --norc -e -o pipefail {0}
2026-10-04T23:37:41.4593944Z env:
2026-10-04T23:37:41.4596429Z   GH_TOKEN: ***
2026-10-04T23:37:41.4596721Z   pythonLocation: /opt/hostedtoolcache/Python/3.12.14/x64
2026-10-04T23:37:41.4597137Z   PKG_CONFIG_PATH: /opt/hostedtoolcache/Python/3.12.14/x64/lib/pkgconfig
2026-10-04T23:37:41.4597549Z   Python_ROOT_DIR: /opt/hostedtoolcache/Python/3.12.14/x64
2026-10-04T23:37:41.4597925Z   Python2_ROOT_DIR: /opt/hostedtoolcache/Python/3.12.14/x64
2026-10-04T23:37:41.4598307Z   Python3_ROOT_DIR: /opt/hostedtoolcache/Python/3.12.14/x64
2026-10-04T23:37:41.4598719Z   LD_LIBRARY_PATH: /opt/hostedtoolcache/Python/3.12.14/x64/lib
2026-10-04T23:37:41.4599043Z ##[endgroup]
2026-10-04T23:37:42.6755598Z /home/runner/work/bb-scanner/bb-scanner/scripts/session_opening_range_sweep_v20.py:80: RuntimeWarning: invalid value encountered in divide
2026-10-04T23:37:42.6756900Z   f['session_vwap'][k:z]=np.where(valid,numer/denom,np.nan)
2026-10-04T23:41:26.4125361Z V24_FAILED_RESUMPTION_SCAN DEV 24 / 108 parameterized_outcomes 222
2026-10-04T23:43:12.7756789Z V24_FAILED_RESUMPTION_SCAN DEV 32 / 108 parameterized_outcomes 384
2026-10-04T23:45:42.4461118Z V24_FAILED_RESUMPTION_SCAN DEV 40 / 108 parameterized_outcomes 552
2026-10-04T23:48:38.4996219Z V24_FAILED_RESUMPTION_SCAN DEV 56 / 108 parameterized_outcomes 684
2026-10-04T23:53:51.4603442Z V24_FAILED_RESUMPTION_SCAN DEV 108 / 108 parameterized_outcomes 1092
2026-10-04T23:53:51.5342744Z V24_FAILED_RESUMPTION_SCAN_DONE DEV 1092 chronology_exclusions 0
2026-10-04T23:53:51.5908399Z ##[group]Run actions/upload-artifact@v4
2026-10-04T23:53:51.5908709Z with:
2026-10-04T23:53:51.5908945Z   name: failed-resumption-reversal-v24-dev-1
2026-10-04T23:53:51.5909255Z   path: dev-1/
2026-10-04T23:53:51.5909457Z   retention-days: 30
2026-10-04T23:53:51.5909677Z   compression-level: 0
2026-10-04T23:53:51.5909896Z   if-no-files-found: warn
2026-10-04T23:53:51.5910113Z   overwrite: false
2026-10-04T23:53:51.5910322Z   include-hidden-files: false
2026-10-04T23:53:51.5910547Z env:
2026-10-04T23:53:51.5913209Z   GH_TOKEN: ***
2026-10-04T23:53:51.5913476Z   pythonLocation: /opt/hostedtoolcache/Python/3.12.14/x64
2026-10-04T23:53:51.5913882Z   PKG_CONFIG_PATH: /opt/hostedtoolcache/Python/3.12.14/x64/lib/pkgconfig
2026-10-04T23:53:51.5914282Z   Python_ROOT_DIR: /opt/hostedtoolcache/Python/3.12.14/x64
2026-10-04T23:53:51.5914649Z   Python2_ROOT_DIR: /opt/hostedtoolcache/Python/3.12.14/x64
2026-10-04T23:53:51.5915166Z   Python3_ROOT_DIR: /opt/hostedtoolcache/Python/3.12.14/x64
2026-10-04T23:53:51.5915573Z   LD_LIBRARY_PATH: /opt/hostedtoolcache/Python/3.12.14/x64/lib
2026-10-04T23:53:51.5915895Z ##[endgroup]
2026-10-04T23:53:51.7490322Z (node:2639) [DEP0040] DeprecationWarning: The `punycode` module is deprecated. Please use a userland alternative instead.
2026-10-04T23:53:51.7490995Z (Use `node --trace-deprecation ...` to show where the warning was created)
2026-10-04T23:53:51.7595527Z With the provided path, there will be 25 files uploaded
2026-10-04T23:53:51.7601883Z Artifact name is valid!
2026-10-04T23:53:51.7602410Z Root directory input is valid!
2026-10-04T23:53:52.1151196Z Beginning upload of artifact content to blob storage
2026-10-04T23:53:52.2000253Z (node:2639) [DEP0169] DeprecationWarning: `url.parse()` behavior is not standardized and prone to errors that have security implications. Use the WHATWG URL API instead. CVEs are not issued for `url.parse()` vulnerabilities.
2026-10-04T23:53:52.8602174Z Uploaded bytes 8388608
2026-10-04T23:53:52.9548307Z Uploaded bytes 9632999
2026-10-04T23:53:53.1574873Z Finished uploading artifact content to blob storage!
2026-10-04T23:53:53.1576585Z SHA256 digest of uploaded artifact zip is 4dd6e3c9010571619f8e701e6fd48139c33aebec212821509a1892a7b15cd39b
2026-10-04T23:53:53.1577869Z Finalizing artifact upload
2026-10-04T23:53:53.4237799Z Artifact failed-resumption-reversal-v24-dev-1.zip successfully finalized. Artifact ID 11318534118
2026-10-04T23:53:53.4239195Z Artifact failed-resumption-reversal-v24-dev-1 has been successfully uploaded! Final size is 9632999 bytes. Artifact ID is 11318534118
2026-10-04T23:53:53.4246915Z Artifact download URL: https://github.com/duuu-hub/bb-scanner/actions/runs/37244305969/artifacts/11318534118
2026-10-04T23:53:53.4401998Z Post job cleanup.
2026-10-04T23:53:53.5471324Z (node:2651) [DEP0040] DeprecationWarning: The `punycode` module is deprecated. Please use a userland alternative instead.
2026-10-04T23:53:53.5472186Z (Use `node --trace-deprecation ...` to show where the warning was created)
2026-10-04T23:53:53.5636304Z [command]/usr/bin/tar --posix -cf cache.tzst --exclude cache.tzst -P -C /home/runner/work/bb-scanner/bb-scanner --files-from manifest.txt --use-compress-program zstdmt
2026-10-04T23:53:53.8113147Z (node:2651) [DEP0169] DeprecationWarning: `url.parse()` behavior is not standardized and prone to errors that have security implications. Use the WHATWG URL API instead. CVEs are not issued for `url.parse()` vulnerabilities.
2026-10-04T23:53:54.6043037Z Sent 11634262 of 11634262 (100.0%), 13.9 MBs/sec
2026-10-04T23:53:54.7091873Z Cache saved with key: failed-resumption-reversal-v24-dev-1m-shard-1
2026-10-04T23:53:54.7190547Z Post job cleanup.
2026-10-04T23:53:54.8250251Z (node:2672) [DEP0040] DeprecationWarning: The `punycode` module is deprecated. Please use a userland alternative instead.
2026-10-04T23:53:54.8251328Z (Use `node --trace-deprecation ...` to show where the warning was created)
2026-10-04T23:53:54.8424118Z [command]/usr/bin/tar --posix -cf cache.tzst --exclude cache.tzst -P -C /home/runner/work/bb-scanner/bb-scanner --files-from manifest.txt --use-compress-program zstdmt
2026-10-04T23:53:55.3158918Z (node:2672) [DEP0169] DeprecationWarning: `url.parse()` behavior is not standardized and prone to errors that have security implications. Use the WHATWG URL API instead. CVEs are not issued for `url.parse()` vulnerabilities.
2026-10-04T23:53:56.3062813Z Sent 0 of 262231440 (0.0%), 0.0 MBs/sec
2026-10-04T23:53:56.9621295Z Sent 262231440 of 262231440 (100.0%), 150.8 MBs/sec
2026-10-04T23:53:57.0889354Z Cache saved with key: frozen-source-36095439671-15m-shard-1
2026-10-04T23:53:57.1035201Z Post job cleanup.
2026-10-04T23:53:57.2208608Z (node:2692) [DEP0040] DeprecationWarning: The `punycode` module is deprecated. Please use a userland alternative instead.
2026-10-04T23:53:57.2209799Z (Use `node --trace-deprecation ...` to show where the warning was created)
2026-10-04T23:53:57.2349974Z Post job cleanup.
2026-10-04T23:53:57.3262163Z [command]/usr/bin/git version
2026-10-04T23:53:57.3302712Z git version 2.55.0
2026-10-04T23:53:57.3342849Z Temporarily overriding HOME='/home/runner/work/_temp/16c1c59c-4ad1-4de2-a72b-d08fb9fc5381' before making global git config changes
2026-10-04T23:53:57.3344531Z Adding repository directory to the temporary git global config as a safe directory
2026-10-04T23:53:57.3349454Z [command]/usr/bin/git config --global --add safe.directory /home/runner/work/bb-scanner/bb-scanner
2026-10-04T23:53:57.3385514Z [command]/usr/bin/git config --local --name-only --get-regexp core\.sshCommand
2026-10-04T23:53:57.3418196Z [command]/usr/bin/git submodule foreach --recursive sh -c "git config --local --name-only --get-regexp 'core\.sshCommand' && git config --local --unset-all 'core.sshCommand' || :"
2026-10-04T23:53:57.3632050Z [command]/usr/bin/git config --local --name-only --get-regexp http\.https\:\/\/github\.com\/\.extraheader
2026-10-04T23:53:57.3657441Z http.https://github.com/.extraheader
2026-10-04T23:53:57.3668086Z [command]/usr/bin/git config --local --unset-all http.https://github.com/.extraheader
2026-10-04T23:53:57.3700895Z [command]/usr/bin/git submodule foreach --recursive sh -c "git config --local --name-only --get-regexp 'http\.https\:\/\/github\.com\/\.extraheader' && git config --local --unset-all 'http.https://github.com/.extraheader' || :"
2026-10-04T23:53:57.3942677Z [command]/usr/bin/git config --local --name-only --get-regexp ^includeIf\.gitdir:
2026-10-04T23:53:57.3969881Z [command]/usr/bin/git submodule foreach --recursive git config --local --show-origin --name-only --get-regexp remote.origin.url
2026-10-04T23:53:57.4386132Z Cleaning up orphan processes
2026-10-04T23:53:57.4634591Z ##[warning]Node.js 20 is deprecated. The following actions target Node.js 20 but are being forced to run on Node.js 24: actions/cache@v4, actions/checkout@v4, actions/setup-python@v5, actions/upload-artifact@v4. For more information see: https://github.blog/changelog/2025-09-19-deprecation-of-node-20-on-github-actions-runners/
