2026-10-04T23:37:09.1129488Z Current runner version: '2.337.0'
2026-10-04T23:37:09.1155001Z ##[group]Runner Image Provisioner
2026-10-04T23:37:09.1155983Z Hosted Compute Agent
2026-10-04T23:37:09.1156608Z Version: 20260901.588
2026-10-04T23:37:09.1157279Z Commit: f88ec8081b781fac6c440065ac7ff9e710ce3d0b
2026-10-04T23:37:09.1158064Z Build Date: 2026-09-01T19:56:44Z
2026-10-04T23:37:09.1158748Z Worker ID: {842578b4-d1fa-46bb-b821-9d3ff3db55dd}
2026-10-04T23:37:09.1159539Z Azure Region: westcentralus
2026-10-04T23:37:09.1160159Z ##[endgroup]
2026-10-04T23:37:09.1161804Z ##[group]Operating System
2026-10-04T23:37:09.1162547Z Ubuntu
2026-10-04T23:37:09.1163080Z 24.04.5
2026-10-04T23:37:09.1163973Z LTS
2026-10-04T23:37:09.1164829Z ##[endgroup]
2026-10-04T23:37:09.1165436Z ##[group]Runner Image
2026-10-04T23:37:09.1166074Z Image: ubuntu-24.04
2026-10-04T23:37:09.1166662Z Version: 20260927.320.1
2026-10-04T23:37:09.1168039Z Included Software: https://github.com/actions/runner-images/blob/ubuntu24/20260927.320/images/ubuntu/Ubuntu2404-Readme.md
2026-10-04T23:37:09.1169703Z Image Release: https://github.com/actions/runner-images/releases/tag/ubuntu24%2F20260927.320
2026-10-04T23:37:09.1170698Z ##[endgroup]
2026-10-04T23:37:09.1171906Z ##[group]GITHUB_TOKEN Permissions
2026-10-04T23:37:09.1174180Z Actions: read
2026-10-04T23:37:09.1175017Z Contents: read
2026-10-04T23:37:09.1175594Z Metadata: read
2026-10-04T23:37:09.1176228Z ##[endgroup]
2026-10-04T23:37:09.1178373Z Secret source: Actions
2026-10-04T23:37:09.1179468Z Cache mode: write
2026-10-04T23:37:09.1180173Z Prepare workflow directory
2026-10-04T23:37:09.1717203Z Prepare all required actions
2026-10-04T23:37:09.1768287Z Getting action download info
2026-10-04T23:37:09.5041874Z Download action repository 'actions/checkout@v4' (SHA:11d5960a326750d5838078e36cf38b85af677262)
2026-10-04T23:37:09.6015515Z Download action repository 'actions/setup-python@v5' (SHA:a26af69be951a213d495a4c3e4e4022e16d87065)
2026-10-04T23:37:09.6829521Z Download action repository 'actions/cache@v4' (SHA:0057852bfaa89a56745cba8c7296529d2fc39830)
2026-10-04T23:37:09.7749866Z Download action repository 'actions/upload-artifact@v4' (SHA:ea165f8d65b6e75b540449e92b4886f43607fa02)
2026-10-04T23:37:09.9851786Z Complete job name: development (0)
2026-10-04T23:37:10.0579674Z ##[group]Run actions/checkout@v4
2026-10-04T23:37:10.0580555Z with:
2026-10-04T23:37:10.0581273Z   repository: duuu-hub/bb-scanner
2026-10-04T23:37:10.0585417Z   token: ***
2026-10-04T23:37:10.0585887Z   ssh-strict: true
2026-10-04T23:37:10.0586324Z   ssh-user: git
2026-10-04T23:37:10.0586777Z   persist-credentials: true
2026-10-04T23:37:10.0587256Z   clean: true
2026-10-04T23:37:10.0587697Z   sparse-checkout-cone-mode: true
2026-10-04T23:37:10.0588238Z   fetch-depth: 1
2026-10-04T23:37:10.0588665Z   fetch-tags: false
2026-10-04T23:37:10.0589097Z   show-progress: true
2026-10-04T23:37:10.0589545Z   lfs: false
2026-10-04T23:37:10.0589949Z   submodules: false
2026-10-04T23:37:10.0590397Z   set-safe-directory: true
2026-10-04T23:37:10.0590895Z   allow-unsafe-pr-checkout: false
2026-10-04T23:37:10.0591712Z env:
2026-10-04T23:37:10.0595589Z   GH_TOKEN: ***
2026-10-04T23:37:10.0596029Z ##[endgroup]
2026-10-04T23:37:10.1793719Z Syncing repository: duuu-hub/bb-scanner
2026-10-04T23:37:10.1796892Z ##[group]Getting Git version info
2026-10-04T23:37:10.1798216Z Working directory is '/home/runner/work/bb-scanner/bb-scanner'
2026-10-04T23:37:10.1800130Z [command]/usr/bin/git version
2026-10-04T23:37:10.1903819Z git version 2.55.0
2026-10-04T23:37:10.1929568Z ##[endgroup]
2026-10-04T23:37:10.1945539Z Temporarily overriding HOME='/home/runner/work/_temp/8945f70f-27df-4a3d-9b9d-facbc6260268' before making global git config changes
2026-10-04T23:37:10.1948502Z Adding repository directory to the temporary git global config as a safe directory
2026-10-04T23:37:10.1952609Z [command]/usr/bin/git config --global --add safe.directory /home/runner/work/bb-scanner/bb-scanner
2026-10-04T23:37:10.2020627Z Deleting the contents of '/home/runner/work/bb-scanner/bb-scanner'
2026-10-04T23:37:10.2027016Z ##[group]Initializing the repository
2026-10-04T23:37:10.2032389Z [command]/usr/bin/git init /home/runner/work/bb-scanner/bb-scanner
2026-10-04T23:37:10.2176419Z hint: Using 'master' as the name for the initial branch. This default branch name
2026-10-04T23:37:10.2178626Z hint: will change to "main" in Git 3.0. To configure the initial branch name
2026-10-04T23:37:10.2180907Z hint: to use in all of your new repositories, which will suppress this warning,
2026-10-04T23:37:10.2182276Z hint: call:
2026-10-04T23:37:10.2183054Z hint:
2026-10-04T23:37:10.2184031Z hint: 	git config --global init.defaultBranch <name>
2026-10-04T23:37:10.2185586Z hint:
2026-10-04T23:37:10.2186701Z hint: Names commonly chosen instead of 'master' are 'main', 'trunk' and
2026-10-04T23:37:10.2188328Z hint: 'development'. The just-created branch can be renamed via this command:
2026-10-04T23:37:10.2189712Z hint:
2026-10-04T23:37:10.2190695Z hint: 	git branch -m <name>
2026-10-04T23:37:10.2194574Z hint:
2026-10-04T23:37:10.2196279Z hint: Disable this message with "git config set advice.defaultBranchName false"
2026-10-04T23:37:10.2198460Z Initialized empty Git repository in /home/runner/work/bb-scanner/bb-scanner/.git/
2026-10-04T23:37:10.2201752Z [command]/usr/bin/git remote add origin https://github.com/duuu-hub/bb-scanner
2026-10-04T23:37:10.2257381Z ##[endgroup]
2026-10-04T23:37:10.2258870Z ##[group]Disabling automatic garbage collection
2026-10-04T23:37:10.2261895Z [command]/usr/bin/git config --local gc.auto 0
2026-10-04T23:37:10.2295734Z ##[endgroup]
2026-10-04T23:37:10.2296535Z ##[group]Setting up auth
2026-10-04T23:37:10.2303928Z [command]/usr/bin/git config --local --name-only --get-regexp core\.sshCommand
2026-10-04T23:37:10.2352367Z [command]/usr/bin/git submodule foreach --recursive sh -c "git config --local --name-only --get-regexp 'core\.sshCommand' && git config --local --unset-all 'core.sshCommand' || :"
2026-10-04T23:37:10.2769625Z [command]/usr/bin/git config --local --name-only --get-regexp http\.https\:\/\/github\.com\/\.extraheader
2026-10-04T23:37:10.2806363Z [command]/usr/bin/git submodule foreach --recursive sh -c "git config --local --name-only --get-regexp 'http\.https\:\/\/github\.com\/\.extraheader' && git config --local --unset-all 'http.https://github.com/.extraheader' || :"
2026-10-04T23:37:10.3031217Z [command]/usr/bin/git config --local --name-only --get-regexp ^includeIf\.gitdir:
2026-10-04T23:37:10.3068303Z [command]/usr/bin/git submodule foreach --recursive git config --local --show-origin --name-only --get-regexp remote.origin.url
2026-10-04T23:37:10.3298139Z [command]/usr/bin/git config --local http.https://github.com/.extraheader AUTHORIZATION: basic ***
2026-10-04T23:37:10.3338920Z ##[endgroup]
2026-10-04T23:37:10.3339919Z ##[group]Fetching the repository
2026-10-04T23:37:10.3349714Z [command]/usr/bin/git -c protocol.version=2 fetch --no-tags --prune --no-recurse-submodules --depth=1 origin +9fbad10acf78367a664bd9eee4992577b66e390b:refs/remotes/origin/research-failed-resumption-reversal-v24
2026-10-04T23:37:11.9389393Z From https://github.com/duuu-hub/bb-scanner
2026-10-04T23:37:11.9391314Z  * [new ref]         9fbad10acf78367a664bd9eee4992577b66e390b -> origin/research-failed-resumption-reversal-v24
2026-10-04T23:37:11.9394571Z ##[endgroup]
2026-10-04T23:37:11.9474219Z ##[group]Determining the checkout info
2026-10-04T23:37:11.9476879Z ##[endgroup]
2026-10-04T23:37:11.9478400Z [command]/usr/bin/git sparse-checkout disable
2026-10-04T23:37:11.9481836Z [command]/usr/bin/git config --local --unset-all extensions.worktreeConfig
2026-10-04T23:37:11.9504343Z ##[group]Checking out the ref
2026-10-04T23:37:11.9508841Z [command]/usr/bin/git checkout --progress --force -B research-failed-resumption-reversal-v24 refs/remotes/origin/research-failed-resumption-reversal-v24
2026-10-04T23:37:12.1832366Z Switched to a new branch 'research-failed-resumption-reversal-v24'
2026-10-04T23:37:12.1839355Z branch 'research-failed-resumption-reversal-v24' set up to track 'origin/research-failed-resumption-reversal-v24'.
2026-10-04T23:37:12.1850188Z ##[endgroup]
2026-10-04T23:37:12.1898327Z [command]/usr/bin/git log -1 --format=%H
2026-10-04T23:37:12.1926691Z 9fbad10acf78367a664bd9eee4992577b66e390b
2026-10-04T23:37:12.2195438Z ##[group]Run actions/setup-python@v5
2026-10-04T23:37:12.2195883Z with:
2026-10-04T23:37:12.2196154Z   python-version: 3.12
2026-10-04T23:37:12.2196457Z   check-latest: false
2026-10-04T23:37:12.2199154Z   token: ***
2026-10-04T23:37:12.2199453Z   update-environment: true
2026-10-04T23:37:12.2199770Z   allow-prereleases: false
2026-10-04T23:37:12.2200065Z   freethreaded: false
2026-10-04T23:37:12.2200330Z env:
2026-10-04T23:37:12.2202888Z   GH_TOKEN: ***
2026-10-04T23:37:12.2203151Z ##[endgroup]
2026-10-04T23:37:12.3528813Z ##[group]Installed versions
2026-10-04T23:37:12.3627829Z (node:2400) [DEP0040] DeprecationWarning: The `punycode` module is deprecated. Please use a userland alternative instead.
2026-10-04T23:37:12.3629100Z (Use `node --trace-deprecation ...` to show where the warning was created)
2026-10-04T23:37:12.3630033Z Successfully set up CPython (3.12.14)
2026-10-04T23:37:12.3630693Z ##[endgroup]
2026-10-04T23:37:12.3815661Z ##[group]Run set -euo pipefail
2026-10-04T23:37:12.3816342Z [36;1mset -euo pipefail[0m
2026-10-04T23:37:12.3816919Z [36;1mpip install pandas==2.3.3 numpy==2.3.3[0m
2026-10-04T23:37:12.4140695Z shell: /usr/bin/bash --noprofile --norc -e -o pipefail {0}
2026-10-04T23:37:12.4141233Z env:
2026-10-04T23:37:12.4144305Z   GH_TOKEN: ***
2026-10-04T23:37:12.4144949Z   pythonLocation: /opt/hostedtoolcache/Python/3.12.14/x64
2026-10-04T23:37:12.4145525Z   PKG_CONFIG_PATH: /opt/hostedtoolcache/Python/3.12.14/x64/lib/pkgconfig
2026-10-04T23:37:12.4146049Z   Python_ROOT_DIR: /opt/hostedtoolcache/Python/3.12.14/x64
2026-10-04T23:37:12.4146518Z   Python2_ROOT_DIR: /opt/hostedtoolcache/Python/3.12.14/x64
2026-10-04T23:37:12.4146984Z   Python3_ROOT_DIR: /opt/hostedtoolcache/Python/3.12.14/x64
2026-10-04T23:37:12.4147462Z   LD_LIBRARY_PATH: /opt/hostedtoolcache/Python/3.12.14/x64/lib
2026-10-04T23:37:12.4147904Z ##[endgroup]
2026-10-04T23:37:13.4909600Z Collecting pandas==2.3.3
2026-10-04T23:37:13.5882854Z   Downloading pandas-2.3.3-cp312-cp312-manylinux_2_24_x86_64.manylinux_2_28_x86_64.whl.metadata (91 kB)
2026-10-04T23:37:13.8826170Z Collecting numpy==2.3.3
2026-10-04T23:37:13.9050073Z   Downloading numpy-2.3.3-cp312-cp312-manylinux_2_27_x86_64.manylinux_2_28_x86_64.whl.metadata (62 kB)
2026-10-04T23:37:13.9472257Z Collecting python-dateutil>=2.8.2 (from pandas==2.3.3)
2026-10-04T23:37:13.9685413Z   Downloading python_dateutil-2.9.0.post0-py2.py3-none-any.whl.metadata (8.4 kB)
2026-10-04T23:37:14.0183192Z Collecting pytz>=2020.1 (from pandas==2.3.3)
2026-10-04T23:37:14.0406517Z   Downloading pytz-2026.5-py2.py3-none-any.whl.metadata (22 kB)
2026-10-04T23:37:14.0720636Z Collecting tzdata>=2022.7 (from pandas==2.3.3)
2026-10-04T23:37:14.0935822Z   Downloading tzdata-2026.5-py2.py3-none-any.whl.metadata (1.4 kB)
2026-10-04T23:37:14.1232302Z Collecting six>=1.5 (from python-dateutil>=2.8.2->pandas==2.3.3)
2026-10-04T23:37:14.1480308Z   Downloading six-1.17.0-py2.py3-none-any.whl.metadata (1.7 kB)
2026-10-04T23:37:14.1722691Z Downloading pandas-2.3.3-cp312-cp312-manylinux_2_24_x86_64.manylinux_2_28_x86_64.whl (12.4 MB)
2026-10-04T23:37:14.3855464Z    ━━━━━━━━━━━━━━━━━━━━━━━━━━━━━━━━━━━━━━━━ 12.4/12.4 MB 69.2 MB/s  0:00:00
2026-10-04T23:37:14.4113376Z Downloading numpy-2.3.3-cp312-cp312-manylinux_2_27_x86_64.manylinux_2_28_x86_64.whl (16.6 MB)
2026-10-04T23:37:14.5636023Z    ━━━━━━━━━━━━━━━━━━━━━━━━━━━━━━━━━━━━━━━━ 16.6/16.6 MB 109.8 MB/s  0:00:00
2026-10-04T23:37:14.5844949Z Downloading python_dateutil-2.9.0.post0-py2.py3-none-any.whl (229 kB)
2026-10-04T23:37:14.6065185Z Downloading pytz-2026.5-py2.py3-none-any.whl (506 kB)
2026-10-04T23:37:14.6305047Z Downloading six-1.17.0-py2.py3-none-any.whl (11 kB)
2026-10-04T23:37:14.6536052Z Downloading tzdata-2026.5-py2.py3-none-any.whl (347 kB)
2026-10-04T23:37:14.8143050Z Installing collected packages: pytz, tzdata, six, numpy, python-dateutil, pandas
2026-10-04T23:37:21.7911980Z 
2026-10-04T23:37:21.7926346Z Successfully installed numpy-2.3.3 pandas-2.3.3 python-dateutil-2.9.0.post0 pytz-2026.5 six-1.17.0 tzdata-2026.5
2026-10-04T23:37:21.8629203Z ##[group]Run actions/cache@v4
2026-10-04T23:37:21.8629498Z with:
2026-10-04T23:37:21.8629696Z   path: data
2026-10-04T23:37:21.8629932Z   key: frozen-source-36095439671-15m-shard-0
2026-10-04T23:37:21.8630242Z   enableCrossOsArchive: false
2026-10-04T23:37:21.8630500Z   fail-on-cache-miss: false
2026-10-04T23:37:21.8630760Z   lookup-only: false
2026-10-04T23:37:21.8630977Z   save-always: false
2026-10-04T23:37:21.8631192Z env:
2026-10-04T23:37:21.8633748Z   GH_TOKEN: ***
2026-10-04T23:37:21.8634044Z   pythonLocation: /opt/hostedtoolcache/Python/3.12.14/x64
2026-10-04T23:37:21.8634486Z   PKG_CONFIG_PATH: /opt/hostedtoolcache/Python/3.12.14/x64/lib/pkgconfig
2026-10-04T23:37:21.8635239Z   Python_ROOT_DIR: /opt/hostedtoolcache/Python/3.12.14/x64
2026-10-04T23:37:21.8635636Z   Python2_ROOT_DIR: /opt/hostedtoolcache/Python/3.12.14/x64
2026-10-04T23:37:21.8636035Z   Python3_ROOT_DIR: /opt/hostedtoolcache/Python/3.12.14/x64
2026-10-04T23:37:21.8636448Z   LD_LIBRARY_PATH: /opt/hostedtoolcache/Python/3.12.14/x64/lib
2026-10-04T23:37:21.8636771Z ##[endgroup]
2026-10-04T23:37:21.9693732Z (node:2435) [DEP0040] DeprecationWarning: The `punycode` module is deprecated. Please use a userland alternative instead.
2026-10-04T23:37:21.9695418Z (Use `node --trace-deprecation ...` to show where the warning was created)
2026-10-04T23:37:22.1470938Z Cache not found for input keys: frozen-source-36095439671-15m-shard-0
2026-10-04T23:37:22.1569479Z ##[group]Run set -euo pipefail
2026-10-04T23:37:22.1569817Z [36;1mset -euo pipefail[0m
2026-10-04T23:37:22.1570081Z [36;1mif [ '' != 'true' ]; then[0m
2026-10-04T23:37:22.1570612Z [36;1m  gh run download 36095439671 -R duuu-hub/bb-scanner -n rank5-binance-um-15m-5y-data-shard-0 -D data[0m
2026-10-04T23:37:22.1571127Z [36;1mfi[0m
2026-10-04T23:37:22.1571474Z [36;1mgh run download 36858492497 -R duuu-hub/bb-scanner -n day-edge-v2-btc -D btc[0m
2026-10-04T23:37:22.1572221Z [36;1mgh run download 36095439671 -R duuu-hub/bb-scanner -n rank5-binance-um-15m-5y-manifest-shard-0 -D source-manifest[0m
2026-10-04T23:37:22.1573390Z [36;1mpython scripts/research_evidence_archive.py verify-source --data data --manifests source-manifest --baseline research/path-efficiency-resumption-v23/FROZEN_INPUT_HASHES.json --out source-check.json[0m
2026-10-04T23:37:22.1640187Z shell: /usr/bin/bash --noprofile --norc -e -o pipefail {0}
2026-10-04T23:37:22.1640555Z env:
2026-10-04T23:37:22.1643154Z   GH_TOKEN: ***
2026-10-04T23:37:22.1643456Z   pythonLocation: /opt/hostedtoolcache/Python/3.12.14/x64
2026-10-04T23:37:22.1643906Z   PKG_CONFIG_PATH: /opt/hostedtoolcache/Python/3.12.14/x64/lib/pkgconfig
2026-10-04T23:37:22.1644341Z   Python_ROOT_DIR: /opt/hostedtoolcache/Python/3.12.14/x64
2026-10-04T23:37:22.1644942Z   Python2_ROOT_DIR: /opt/hostedtoolcache/Python/3.12.14/x64
2026-10-04T23:37:22.1645332Z   Python3_ROOT_DIR: /opt/hostedtoolcache/Python/3.12.14/x64
2026-10-04T23:37:22.1645736Z   LD_LIBRARY_PATH: /opt/hostedtoolcache/Python/3.12.14/x64/lib
2026-10-04T23:37:22.1646068Z ##[endgroup]
2026-10-04T23:37:37.6392840Z FROZEN_SOURCE_VERIFIED 107 files 28 prior SHA256 matches
2026-10-04T23:37:37.6883349Z ##[group]Run actions/cache@v4
2026-10-04T23:37:37.6883627Z with:
2026-10-04T23:37:37.6883829Z   path: cache/verified-1m
2026-10-04T23:37:37.6884125Z   key: failed-resumption-reversal-v24-dev-1m-shard-0
2026-10-04T23:37:37.6885627Z   restore-keys: taker-absorption-release-v12-dev-1m-shard-0
aggressive-flow-cascade-v11-dev-1m-shard-0
residual-reversion-v10-dev-1m-shard-0
cross-sectional-leader-v9-dev-1m-shard-0
premium-absorption-v8-dev-1m-shard-0
factor-lag-v6-dev-1m-shard-0
2026-10-04T23:37:37.6886749Z   enableCrossOsArchive: false
2026-10-04T23:37:37.6887000Z   fail-on-cache-miss: false
2026-10-04T23:37:37.6887231Z   lookup-only: false
2026-10-04T23:37:37.6887435Z   save-always: false
2026-10-04T23:37:37.6887627Z env:
2026-10-04T23:37:37.6890372Z   GH_TOKEN: ***
2026-10-04T23:37:37.6890661Z   pythonLocation: /opt/hostedtoolcache/Python/3.12.14/x64
2026-10-04T23:37:37.6891097Z   PKG_CONFIG_PATH: /opt/hostedtoolcache/Python/3.12.14/x64/lib/pkgconfig
2026-10-04T23:37:37.6891563Z   Python_ROOT_DIR: /opt/hostedtoolcache/Python/3.12.14/x64
2026-10-04T23:37:37.6891945Z   Python2_ROOT_DIR: /opt/hostedtoolcache/Python/3.12.14/x64
2026-10-04T23:37:37.6892322Z   Python3_ROOT_DIR: /opt/hostedtoolcache/Python/3.12.14/x64
2026-10-04T23:37:37.6892702Z   LD_LIBRARY_PATH: /opt/hostedtoolcache/Python/3.12.14/x64/lib
2026-10-04T23:37:37.6893024Z ##[endgroup]
2026-10-04T23:37:37.7962934Z (node:2477) [DEP0040] DeprecationWarning: The `punycode` module is deprecated. Please use a userland alternative instead.
2026-10-04T23:37:37.7963885Z (Use `node --trace-deprecation ...` to show where the warning was created)
2026-10-04T23:37:37.9655244Z Cache not found for input keys: failed-resumption-reversal-v24-dev-1m-shard-0, taker-absorption-release-v12-dev-1m-shard-0, aggressive-flow-cascade-v11-dev-1m-shard-0, residual-reversion-v10-dev-1m-shard-0, cross-sectional-leader-v9-dev-1m-shard-0, premium-absorption-v8-dev-1m-shard-0, factor-lag-v6-dev-1m-shard-0
2026-10-04T23:37:37.9738854Z ##[group]Run set -euo pipefail
2026-10-04T23:37:37.9739186Z [36;1mset -euo pipefail[0m
2026-10-04T23:37:37.9739970Z [36;1mpython scripts/failed_resumption_reversal_v24.py scan --stage DEV --data data --btc btc/BTCUSDT.csv.gz --source-check source-check.json --out dev-0 --minute-cache cache/verified-1m[0m
2026-10-04T23:37:37.9803320Z shell: /usr/bin/bash --noprofile --norc -e -o pipefail {0}
2026-10-04T23:37:37.9803668Z env:
2026-10-04T23:37:37.9806445Z   GH_TOKEN: ***
2026-10-04T23:37:37.9806751Z   pythonLocation: /opt/hostedtoolcache/Python/3.12.14/x64
2026-10-04T23:37:37.9807211Z   PKG_CONFIG_PATH: /opt/hostedtoolcache/Python/3.12.14/x64/lib/pkgconfig
2026-10-04T23:37:37.9807651Z   Python_ROOT_DIR: /opt/hostedtoolcache/Python/3.12.14/x64
2026-10-04T23:37:37.9808055Z   Python2_ROOT_DIR: /opt/hostedtoolcache/Python/3.12.14/x64
2026-10-04T23:37:37.9808460Z   Python3_ROOT_DIR: /opt/hostedtoolcache/Python/3.12.14/x64
2026-10-04T23:37:37.9808868Z   LD_LIBRARY_PATH: /opt/hostedtoolcache/Python/3.12.14/x64/lib
2026-10-04T23:37:37.9809197Z ##[endgroup]
2026-10-04T23:37:39.1718936Z /home/runner/work/bb-scanner/bb-scanner/scripts/session_opening_range_sweep_v20.py:80: RuntimeWarning: invalid value encountered in divide
2026-10-04T23:37:39.1720589Z   f['session_vwap'][k:z]=np.where(valid,numer/denom,np.nan)
2026-10-04T23:40:37.9230702Z V24_FAILED_RESUMPTION_SCAN DEV 8 / 107 parameterized_outcomes 132
2026-10-04T23:46:08.4575992Z V24_FAILED_RESUMPTION_SCAN DEV 40 / 107 parameterized_outcomes 402
2026-10-04T23:47:45.2112244Z V24_FAILED_RESUMPTION_SCAN DEV 48 / 107 parameterized_outcomes 498
2026-10-04T23:48:21.1283840Z V24_FAILED_RESUMPTION_SCAN DEV 56 / 107 parameterized_outcomes 516
2026-10-04T23:51:58.6727292Z V24_FAILED_RESUMPTION_SCAN DEV 88 / 107 parameterized_outcomes 582
2026-10-04T23:54:08.5506244Z V24_FAILED_RESUMPTION_SCAN DEV 104 / 107 parameterized_outcomes 666
2026-10-04T23:54:55.6603834Z V24_FAILED_RESUMPTION_SCAN_DONE DEV 678 chronology_exclusions 0
2026-10-04T23:54:55.7250680Z ##[group]Run actions/upload-artifact@v4
2026-10-04T23:54:55.7250991Z with:
2026-10-04T23:54:55.7251215Z   name: failed-resumption-reversal-v24-dev-0
2026-10-04T23:54:55.7251502Z   path: dev-0/
2026-10-04T23:54:55.7251696Z   retention-days: 30
2026-10-04T23:54:55.7251904Z   compression-level: 0
2026-10-04T23:54:55.7252122Z   if-no-files-found: warn
2026-10-04T23:54:55.7252344Z   overwrite: false
2026-10-04T23:54:55.7252553Z   include-hidden-files: false
2026-10-04T23:54:55.7252779Z env:
2026-10-04T23:54:55.7255714Z   GH_TOKEN: ***
2026-10-04T23:54:55.7256007Z   pythonLocation: /opt/hostedtoolcache/Python/3.12.14/x64
2026-10-04T23:54:55.7256445Z   PKG_CONFIG_PATH: /opt/hostedtoolcache/Python/3.12.14/x64/lib/pkgconfig
2026-10-04T23:54:55.7256883Z   Python_ROOT_DIR: /opt/hostedtoolcache/Python/3.12.14/x64
2026-10-04T23:54:55.7257466Z   Python2_ROOT_DIR: /opt/hostedtoolcache/Python/3.12.14/x64
2026-10-04T23:54:55.7257836Z   Python3_ROOT_DIR: /opt/hostedtoolcache/Python/3.12.14/x64
2026-10-04T23:54:55.7258239Z   LD_LIBRARY_PATH: /opt/hostedtoolcache/Python/3.12.14/x64/lib
2026-10-04T23:54:55.7258557Z ##[endgroup]
2026-10-04T23:54:55.8968481Z (node:2729) [DEP0040] DeprecationWarning: The `punycode` module is deprecated. Please use a userland alternative instead.
2026-10-04T23:54:55.8969285Z (Use `node --trace-deprecation ...` to show where the warning was created)
2026-10-04T23:54:55.9075586Z With the provided path, there will be 16 files uploaded
2026-10-04T23:54:55.9082422Z Artifact name is valid!
2026-10-04T23:54:55.9082987Z Root directory input is valid!
2026-10-04T23:54:56.2259770Z Beginning upload of artifact content to blob storage
2026-10-04T23:54:56.2906544Z (node:2729) [DEP0169] DeprecationWarning: `url.parse()` behavior is not standardized and prone to errors that have security implications. Use the WHATWG URL API instead. CVEs are not issued for `url.parse()` vulnerabilities.
2026-10-04T23:54:56.9459044Z Uploaded bytes 4938505
2026-10-04T23:54:57.0177822Z Finished uploading artifact content to blob storage!
2026-10-04T23:54:57.0179059Z SHA256 digest of uploaded artifact zip is 646d844feecf509bce629947a05be1b997559909eddcbfb6ced18aedf3736068
2026-10-04T23:54:57.0180350Z Finalizing artifact upload
2026-10-04T23:54:57.2752858Z Artifact failed-resumption-reversal-v24-dev-0.zip successfully finalized. Artifact ID 11319186081
2026-10-04T23:54:57.2754156Z Artifact failed-resumption-reversal-v24-dev-0 has been successfully uploaded! Final size is 4938505 bytes. Artifact ID is 11319186081
2026-10-04T23:54:57.2770461Z Artifact download URL: https://github.com/duuu-hub/bb-scanner/actions/runs/37244305969/artifacts/11319186081
2026-10-04T23:54:57.2951887Z Post job cleanup.
2026-10-04T23:54:57.4057636Z (node:2742) [DEP0040] DeprecationWarning: The `punycode` module is deprecated. Please use a userland alternative instead.
2026-10-04T23:54:57.4058906Z (Use `node --trace-deprecation ...` to show where the warning was created)
2026-10-04T23:54:57.4227223Z [command]/usr/bin/tar --posix -cf cache.tzst --exclude cache.tzst -P -C /home/runner/work/bb-scanner/bb-scanner --files-from manifest.txt --use-compress-program zstdmt
2026-10-04T23:54:57.6710746Z (node:2742) [DEP0169] DeprecationWarning: `url.parse()` behavior is not standardized and prone to errors that have security implications. Use the WHATWG URL API instead. CVEs are not issued for `url.parse()` vulnerabilities.
2026-10-04T23:54:58.2462384Z Sent 6071255 of 6071255 (100.0%), 9.9 MBs/sec
2026-10-04T23:54:58.3658461Z Cache saved with key: failed-resumption-reversal-v24-dev-1m-shard-0
2026-10-04T23:54:58.3768855Z Post job cleanup.
2026-10-04T23:54:58.4872357Z (node:2762) [DEP0040] DeprecationWarning: The `punycode` module is deprecated. Please use a userland alternative instead.
2026-10-04T23:54:58.4873647Z (Use `node --trace-deprecation ...` to show where the warning was created)
2026-10-04T23:54:58.5071091Z [command]/usr/bin/tar --posix -cf cache.tzst --exclude cache.tzst -P -C /home/runner/work/bb-scanner/bb-scanner --files-from manifest.txt --use-compress-program zstdmt
2026-10-04T23:54:58.9761087Z (node:2762) [DEP0169] DeprecationWarning: `url.parse()` behavior is not standardized and prone to errors that have security implications. Use the WHATWG URL API instead. CVEs are not issued for `url.parse()` vulnerabilities.
2026-10-04T23:54:59.9601439Z Sent 41505714 of 242832306 (17.1%), 39.6 MBs/sec
2026-10-04T23:55:00.4235330Z Sent 242832306 of 242832306 (100.0%), 158.2 MBs/sec
2026-10-04T23:55:00.5420441Z Cache saved with key: frozen-source-36095439671-15m-shard-0
2026-10-04T23:55:00.5539107Z Post job cleanup.
2026-10-04T23:55:00.6752617Z (node:2784) [DEP0040] DeprecationWarning: The `punycode` module is deprecated. Please use a userland alternative instead.
2026-10-04T23:55:00.6753996Z (Use `node --trace-deprecation ...` to show where the warning was created)
2026-10-04T23:55:00.6949167Z Post job cleanup.
2026-10-04T23:55:00.7828103Z [command]/usr/bin/git version
2026-10-04T23:55:00.7869860Z git version 2.55.0
2026-10-04T23:55:00.7938368Z Temporarily overriding HOME='/home/runner/work/_temp/24a0900d-4d7e-4ef8-8ccf-dcf920a2efb5' before making global git config changes
2026-10-04T23:55:00.7939991Z Adding repository directory to the temporary git global config as a safe directory
2026-10-04T23:55:00.7941364Z [command]/usr/bin/git config --global --add safe.directory /home/runner/work/bb-scanner/bb-scanner
2026-10-04T23:55:00.7985748Z [command]/usr/bin/git config --local --name-only --get-regexp core\.sshCommand
2026-10-04T23:55:00.8023199Z [command]/usr/bin/git submodule foreach --recursive sh -c "git config --local --name-only --get-regexp 'core\.sshCommand' && git config --local --unset-all 'core.sshCommand' || :"
2026-10-04T23:55:00.8377575Z [command]/usr/bin/git config --local --name-only --get-regexp http\.https\:\/\/github\.com\/\.extraheader
2026-10-04T23:55:00.8405472Z http.https://github.com/.extraheader
2026-10-04T23:55:00.8420387Z [command]/usr/bin/git config --local --unset-all http.https://github.com/.extraheader
2026-10-04T23:55:00.8466298Z [command]/usr/bin/git submodule foreach --recursive sh -c "git config --local --name-only --get-regexp 'http\.https\:\/\/github\.com\/\.extraheader' && git config --local --unset-all 'http.https://github.com/.extraheader' || :"
2026-10-04T23:55:00.8772812Z [command]/usr/bin/git config --local --name-only --get-regexp ^includeIf\.gitdir:
2026-10-04T23:55:00.8811179Z [command]/usr/bin/git submodule foreach --recursive git config --local --show-origin --name-only --get-regexp remote.origin.url
2026-10-04T23:55:00.9222143Z Cleaning up orphan processes
2026-10-04T23:55:00.9516721Z ##[warning]Node.js 20 is deprecated. The following actions target Node.js 20 but are being forced to run on Node.js 24: actions/cache@v4, actions/checkout@v4, actions/setup-python@v5, actions/upload-artifact@v4. For more information see: https://github.blog/changelog/2025-09-19-deprecation-of-node-20-on-github-actions-runners/
