2026-10-04T23:37:08.8192310Z Current runner version: '2.337.0'
2026-10-04T23:37:08.8212693Z ##[group]Runner Image Provisioner
2026-10-04T23:37:08.8213327Z Hosted Compute Agent
2026-10-04T23:37:08.8213835Z Version: 20260901.588
2026-10-04T23:37:08.8214317Z Commit: f88ec8081b781fac6c440065ac7ff9e710ce3d0b
2026-10-04T23:37:08.8214868Z Build Date: 2026-09-01T19:56:44Z
2026-10-04T23:37:08.8215420Z Worker ID: {97b9b146-f67d-4b88-917f-f0682366a30a}
2026-10-04T23:37:08.8215952Z Azure Region: centralus
2026-10-04T23:37:08.8216362Z ##[endgroup]
2026-10-04T23:37:08.8217514Z ##[group]Operating System
2026-10-04T23:37:08.8217940Z Ubuntu
2026-10-04T23:37:08.8218320Z 24.04.5
2026-10-04T23:37:08.8218674Z LTS
2026-10-04T23:37:08.8219341Z ##[endgroup]
2026-10-04T23:37:08.8219748Z ##[group]Runner Image
2026-10-04T23:37:08.8220196Z Image: ubuntu-24.04
2026-10-04T23:37:08.8220602Z Version: 20260927.320.1
2026-10-04T23:37:08.8221501Z Included Software: https://github.com/actions/runner-images/blob/ubuntu24/20260927.320/images/ubuntu/Ubuntu2404-Readme.md
2026-10-04T23:37:08.8222559Z Image Release: https://github.com/actions/runner-images/releases/tag/ubuntu24%2F20260927.320
2026-10-04T23:37:08.8223326Z ##[endgroup]
2026-10-04T23:37:08.8224245Z ##[group]GITHUB_TOKEN Permissions
2026-10-04T23:37:08.8226211Z Actions: read
2026-10-04T23:37:08.8226797Z Contents: read
2026-10-04T23:37:08.8227536Z Metadata: read
2026-10-04T23:37:08.8227908Z ##[endgroup]
2026-10-04T23:37:08.8229615Z Secret source: Actions
2026-10-04T23:37:08.8230471Z Cache mode: write
2026-10-04T23:37:08.8231197Z Prepare workflow directory
2026-10-04T23:37:08.8631899Z Prepare all required actions
2026-10-04T23:37:08.8672939Z Getting action download info
2026-10-04T23:37:09.1395885Z Download action repository 'actions/checkout@v4' (SHA:11d5960a326750d5838078e36cf38b85af677262)
2026-10-04T23:37:09.2678076Z Download action repository 'actions/setup-python@v5' (SHA:a26af69be951a213d495a4c3e4e4022e16d87065)
2026-10-04T23:37:09.4065929Z Download action repository 'actions/cache@v4' (SHA:0057852bfaa89a56745cba8c7296529d2fc39830)
2026-10-04T23:37:09.6159737Z Download action repository 'actions/upload-artifact@v4' (SHA:ea165f8d65b6e75b540449e92b4886f43607fa02)
2026-10-04T23:37:09.8848251Z Complete job name: development (3)
2026-10-04T23:37:09.9419747Z ##[group]Run actions/checkout@v4
2026-10-04T23:37:09.9420515Z with:
2026-10-04T23:37:09.9421008Z   repository: duuu-hub/bb-scanner
2026-10-04T23:37:09.9424818Z   token: ***
2026-10-04T23:37:09.9425282Z   ssh-strict: true
2026-10-04T23:37:09.9425739Z   ssh-user: git
2026-10-04T23:37:09.9426223Z   persist-credentials: true
2026-10-04T23:37:09.9426720Z   clean: true
2026-10-04T23:37:09.9427649Z   sparse-checkout-cone-mode: true
2026-10-04T23:37:09.9428227Z   fetch-depth: 1
2026-10-04T23:37:09.9428931Z   fetch-tags: false
2026-10-04T23:37:09.9429440Z   show-progress: true
2026-10-04T23:37:09.9429908Z   lfs: false
2026-10-04T23:37:09.9430363Z   submodules: false
2026-10-04T23:37:09.9430859Z   set-safe-directory: true
2026-10-04T23:37:09.9431364Z   allow-unsafe-pr-checkout: false
2026-10-04T23:37:09.9432217Z env:
2026-10-04T23:37:09.9435851Z   GH_TOKEN: ***
2026-10-04T23:37:09.9436304Z ##[endgroup]
2026-10-04T23:37:10.0247182Z Syncing repository: duuu-hub/bb-scanner
2026-10-04T23:37:10.0249376Z ##[group]Getting Git version info
2026-10-04T23:37:10.0250065Z Working directory is '/home/runner/work/bb-scanner/bb-scanner'
2026-10-04T23:37:10.0251199Z [command]/usr/bin/git version
2026-10-04T23:37:10.0297952Z git version 2.55.0
2026-10-04T23:37:10.0320475Z ##[endgroup]
2026-10-04T23:37:10.0337461Z Temporarily overriding HOME='/home/runner/work/_temp/29a2044b-eb6a-4823-8491-ca4bfcad513f' before making global git config changes
2026-10-04T23:37:10.0339076Z Adding repository directory to the temporary git global config as a safe directory
2026-10-04T23:37:10.0343158Z [command]/usr/bin/git config --global --add safe.directory /home/runner/work/bb-scanner/bb-scanner
2026-10-04T23:37:10.0383653Z Deleting the contents of '/home/runner/work/bb-scanner/bb-scanner'
2026-10-04T23:37:10.0386386Z ##[group]Initializing the repository
2026-10-04T23:37:10.0388933Z [command]/usr/bin/git init /home/runner/work/bb-scanner/bb-scanner
2026-10-04T23:37:10.0471192Z hint: Using 'master' as the name for the initial branch. This default branch name
2026-10-04T23:37:10.0472377Z hint: will change to "main" in Git 3.0. To configure the initial branch name
2026-10-04T23:37:10.0473178Z hint: to use in all of your new repositories, which will suppress this warning,
2026-10-04T23:37:10.0473877Z hint: call:
2026-10-04T23:37:10.0474262Z hint:
2026-10-04T23:37:10.0474760Z hint: 	git config --global init.defaultBranch <name>
2026-10-04T23:37:10.0475318Z hint:
2026-10-04T23:37:10.0475823Z hint: Names commonly chosen instead of 'master' are 'main', 'trunk' and
2026-10-04T23:37:10.0476602Z hint: 'development'. The just-created branch can be renamed via this command:
2026-10-04T23:37:10.0477515Z hint:
2026-10-04T23:37:10.0477925Z hint: 	git branch -m <name>
2026-10-04T23:37:10.0478363Z hint:
2026-10-04T23:37:10.0478927Z hint: Disable this message with "git config set advice.defaultBranchName false"
2026-10-04T23:37:10.0483020Z Initialized empty Git repository in /home/runner/work/bb-scanner/bb-scanner/.git/
2026-10-04T23:37:10.0490469Z [command]/usr/bin/git remote add origin https://github.com/duuu-hub/bb-scanner
2026-10-04T23:37:10.0569395Z ##[endgroup]
2026-10-04T23:37:10.0570431Z ##[group]Disabling automatic garbage collection
2026-10-04T23:37:10.0571718Z [command]/usr/bin/git config --local gc.auto 0
2026-10-04T23:37:10.0599987Z ##[endgroup]
2026-10-04T23:37:10.0601185Z ##[group]Setting up auth
2026-10-04T23:37:10.0604878Z [command]/usr/bin/git config --local --name-only --get-regexp core\.sshCommand
2026-10-04T23:37:10.0626257Z [command]/usr/bin/git submodule foreach --recursive sh -c "git config --local --name-only --get-regexp 'core\.sshCommand' && git config --local --unset-all 'core.sshCommand' || :"
2026-10-04T23:37:10.0901942Z [command]/usr/bin/git config --local --name-only --get-regexp http\.https\:\/\/github\.com\/\.extraheader
2026-10-04T23:37:10.0926244Z [command]/usr/bin/git submodule foreach --recursive sh -c "git config --local --name-only --get-regexp 'http\.https\:\/\/github\.com\/\.extraheader' && git config --local --unset-all 'http.https://github.com/.extraheader' || :"
2026-10-04T23:37:10.1067979Z [command]/usr/bin/git config --local --name-only --get-regexp ^includeIf\.gitdir:
2026-10-04T23:37:10.1091369Z [command]/usr/bin/git submodule foreach --recursive git config --local --show-origin --name-only --get-regexp remote.origin.url
2026-10-04T23:37:10.1239323Z [command]/usr/bin/git config --local http.https://github.com/.extraheader AUTHORIZATION: basic ***
2026-10-04T23:37:10.1274331Z ##[endgroup]
2026-10-04T23:37:10.1275819Z ##[group]Fetching the repository
2026-10-04T23:37:10.1283937Z [command]/usr/bin/git -c protocol.version=2 fetch --no-tags --prune --no-recurse-submodules --depth=1 origin +9fbad10acf78367a664bd9eee4992577b66e390b:refs/remotes/origin/research-failed-resumption-reversal-v24
2026-10-04T23:37:11.2102394Z From https://github.com/duuu-hub/bb-scanner
2026-10-04T23:37:11.2105292Z  * [new ref]         9fbad10acf78367a664bd9eee4992577b66e390b -> origin/research-failed-resumption-reversal-v24
2026-10-04T23:37:11.2110078Z ##[endgroup]
2026-10-04T23:37:11.2111601Z ##[group]Determining the checkout info
2026-10-04T23:37:11.2113476Z ##[endgroup]
2026-10-04T23:37:11.2114599Z [command]/usr/bin/git sparse-checkout disable
2026-10-04T23:37:11.2167923Z [command]/usr/bin/git config --local --unset-all extensions.worktreeConfig
2026-10-04T23:37:11.2198572Z ##[group]Checking out the ref
2026-10-04T23:37:11.2205213Z [command]/usr/bin/git checkout --progress --force -B research-failed-resumption-reversal-v24 refs/remotes/origin/research-failed-resumption-reversal-v24
2026-10-04T23:37:11.4290560Z Switched to a new branch 'research-failed-resumption-reversal-v24'
2026-10-04T23:37:11.4292343Z branch 'research-failed-resumption-reversal-v24' set up to track 'origin/research-failed-resumption-reversal-v24'.
2026-10-04T23:37:11.4301521Z ##[endgroup]
2026-10-04T23:37:11.4338291Z [command]/usr/bin/git log -1 --format=%H
2026-10-04T23:37:11.4356932Z 9fbad10acf78367a664bd9eee4992577b66e390b
2026-10-04T23:37:11.4584588Z ##[group]Run actions/setup-python@v5
2026-10-04T23:37:11.4584977Z with:
2026-10-04T23:37:11.4585287Z   python-version: 3.12
2026-10-04T23:37:11.4585601Z   check-latest: false
2026-10-04T23:37:11.4587980Z   token: ***
2026-10-04T23:37:11.4588299Z   update-environment: true
2026-10-04T23:37:11.4588662Z   allow-prereleases: false
2026-10-04T23:37:11.4589034Z   freethreaded: false
2026-10-04T23:37:11.4589336Z env:
2026-10-04T23:37:11.4591442Z   GH_TOKEN: ***
2026-10-04T23:37:11.4591767Z ##[endgroup]
2026-10-04T23:37:11.5692906Z ##[group]Installed versions
2026-10-04T23:37:11.6161595Z (node:2092) [DEP0040] DeprecationWarning: The `punycode` module is deprecated. Please use a userland alternative instead.
2026-10-04T23:37:11.6162329Z (Use `node --trace-deprecation ...` to show where the warning was created)
2026-10-04T23:37:11.6163034Z Successfully set up CPython (3.12.14)
2026-10-04T23:37:11.6163794Z ##[endgroup]
2026-10-04T23:37:11.6318517Z ##[group]Run set -euo pipefail
2026-10-04T23:37:11.6319019Z [36;1mset -euo pipefail[0m
2026-10-04T23:37:11.6319419Z [36;1mpip install pandas==2.3.3 numpy==2.3.3[0m
2026-10-04T23:37:11.6795694Z shell: /usr/bin/bash --noprofile --norc -e -o pipefail {0}
2026-10-04T23:37:11.6796274Z env:
2026-10-04T23:37:11.6799154Z   GH_TOKEN: ***
2026-10-04T23:37:11.6799560Z   pythonLocation: /opt/hostedtoolcache/Python/3.12.14/x64
2026-10-04T23:37:11.6800035Z   PKG_CONFIG_PATH: /opt/hostedtoolcache/Python/3.12.14/x64/lib/pkgconfig
2026-10-04T23:37:11.6800557Z   Python_ROOT_DIR: /opt/hostedtoolcache/Python/3.12.14/x64
2026-10-04T23:37:11.6801138Z   Python2_ROOT_DIR: /opt/hostedtoolcache/Python/3.12.14/x64
2026-10-04T23:37:11.6801590Z   Python3_ROOT_DIR: /opt/hostedtoolcache/Python/3.12.14/x64
2026-10-04T23:37:11.6802041Z   LD_LIBRARY_PATH: /opt/hostedtoolcache/Python/3.12.14/x64/lib
2026-10-04T23:37:11.6802540Z ##[endgroup]
2026-10-04T23:37:14.9943364Z Collecting pandas==2.3.3
2026-10-04T23:37:15.0782702Z   Downloading pandas-2.3.3-cp312-cp312-manylinux_2_24_x86_64.manylinux_2_28_x86_64.whl.metadata (91 kB)
2026-10-04T23:37:15.2873495Z Collecting numpy==2.3.3
2026-10-04T23:37:15.3002712Z   Downloading numpy-2.3.3-cp312-cp312-manylinux_2_27_x86_64.manylinux_2_28_x86_64.whl.metadata (62 kB)
2026-10-04T23:37:15.3303593Z Collecting python-dateutil>=2.8.2 (from pandas==2.3.3)
2026-10-04T23:37:15.3406213Z   Downloading python_dateutil-2.9.0.post0-py2.py3-none-any.whl.metadata (8.4 kB)
2026-10-04T23:37:15.3756657Z Collecting pytz>=2020.1 (from pandas==2.3.3)
2026-10-04T23:37:15.3854209Z   Downloading pytz-2026.5-py2.py3-none-any.whl.metadata (22 kB)
2026-10-04T23:37:15.4055464Z Collecting tzdata>=2022.7 (from pandas==2.3.3)
2026-10-04T23:37:15.4155734Z   Downloading tzdata-2026.5-py2.py3-none-any.whl.metadata (1.4 kB)
2026-10-04T23:37:15.4339736Z Collecting six>=1.5 (from python-dateutil>=2.8.2->pandas==2.3.3)
2026-10-04T23:37:15.4440779Z   Downloading six-1.17.0-py2.py3-none-any.whl.metadata (1.7 kB)
2026-10-04T23:37:15.4571695Z Downloading pandas-2.3.3-cp312-cp312-manylinux_2_24_x86_64.manylinux_2_28_x86_64.whl (12.4 MB)
2026-10-04T23:37:15.9315751Z    ━━━━━━━━━━━━━━━━━━━━━━━━━━━━━━━━━━━━━━━━ 12.4/12.4 MB 27.2 MB/s  0:00:00
2026-10-04T23:37:15.9576304Z Downloading numpy-2.3.3-cp312-cp312-manylinux_2_27_x86_64.manylinux_2_28_x86_64.whl (16.6 MB)
2026-10-04T23:37:16.1750498Z    ━━━━━━━━━━━━━━━━━━━━━━━━━━━━━━━━━━━━━━━━ 16.6/16.6 MB 76.5 MB/s  0:00:00
2026-10-04T23:37:16.1854403Z Downloading python_dateutil-2.9.0.post0-py2.py3-none-any.whl (229 kB)
2026-10-04T23:37:16.2125559Z Downloading pytz-2026.5-py2.py3-none-any.whl (506 kB)
2026-10-04T23:37:16.2266558Z Downloading six-1.17.0-py2.py3-none-any.whl (11 kB)
2026-10-04T23:37:16.2384569Z Downloading tzdata-2026.5-py2.py3-none-any.whl (347 kB)
2026-10-04T23:37:16.4756624Z Installing collected packages: pytz, tzdata, six, numpy, python-dateutil, pandas
2026-10-04T23:37:21.3872028Z 
2026-10-04T23:37:21.3884491Z Successfully installed numpy-2.3.3 pandas-2.3.3 python-dateutil-2.9.0.post0 pytz-2026.5 six-1.17.0 tzdata-2026.5
2026-10-04T23:37:21.4611900Z ##[group]Run actions/cache@v4
2026-10-04T23:37:21.4612189Z with:
2026-10-04T23:37:21.4612459Z   path: data
2026-10-04T23:37:21.4612715Z   key: frozen-source-36095439671-15m-shard-3
2026-10-04T23:37:21.4613012Z   enableCrossOsArchive: false
2026-10-04T23:37:21.4613347Z   fail-on-cache-miss: false
2026-10-04T23:37:21.4613625Z   lookup-only: false
2026-10-04T23:37:21.4613894Z   save-always: false
2026-10-04T23:37:21.4614128Z env:
2026-10-04T23:37:21.4616278Z   GH_TOKEN: ***
2026-10-04T23:37:21.4616604Z   pythonLocation: /opt/hostedtoolcache/Python/3.12.14/x64
2026-10-04T23:37:21.4617299Z   PKG_CONFIG_PATH: /opt/hostedtoolcache/Python/3.12.14/x64/lib/pkgconfig
2026-10-04T23:37:21.4617721Z   Python_ROOT_DIR: /opt/hostedtoolcache/Python/3.12.14/x64
2026-10-04T23:37:21.4618101Z   Python2_ROOT_DIR: /opt/hostedtoolcache/Python/3.12.14/x64
2026-10-04T23:37:21.4618478Z   Python3_ROOT_DIR: /opt/hostedtoolcache/Python/3.12.14/x64
2026-10-04T23:37:21.4618964Z   LD_LIBRARY_PATH: /opt/hostedtoolcache/Python/3.12.14/x64/lib
2026-10-04T23:37:21.4619287Z ##[endgroup]
2026-10-04T23:37:21.5525449Z (node:2127) [DEP0040] DeprecationWarning: The `punycode` module is deprecated. Please use a userland alternative instead.
2026-10-04T23:37:21.5526266Z (Use `node --trace-deprecation ...` to show where the warning was created)
2026-10-04T23:37:21.6821673Z Cache not found for input keys: frozen-source-36095439671-15m-shard-3
2026-10-04T23:37:21.7042105Z ##[group]Run set -euo pipefail
2026-10-04T23:37:21.7042529Z [36;1mset -euo pipefail[0m
2026-10-04T23:37:21.7042835Z [36;1mif [ '' != 'true' ]; then[0m
2026-10-04T23:37:21.7043337Z [36;1m  gh run download 36095439671 -R duuu-hub/bb-scanner -n rank5-binance-um-15m-5y-data-shard-3 -D data[0m
2026-10-04T23:37:21.7043784Z [36;1mfi[0m
2026-10-04T23:37:21.7044107Z [36;1mgh run download 36858492497 -R duuu-hub/bb-scanner -n day-edge-v2-btc -D btc[0m
2026-10-04T23:37:21.7044763Z [36;1mgh run download 36095439671 -R duuu-hub/bb-scanner -n rank5-binance-um-15m-5y-manifest-shard-3 -D source-manifest[0m
2026-10-04T23:37:21.7045684Z [36;1mpython scripts/research_evidence_archive.py verify-source --data data --manifests source-manifest --baseline research/path-efficiency-resumption-v23/FROZEN_INPUT_HASHES.json --out source-check.json[0m
2026-10-04T23:37:21.7084642Z shell: /usr/bin/bash --noprofile --norc -e -o pipefail {0}
2026-10-04T23:37:21.7085077Z env:
2026-10-04T23:37:21.7087508Z   GH_TOKEN: ***
2026-10-04T23:37:21.7087832Z   pythonLocation: /opt/hostedtoolcache/Python/3.12.14/x64
2026-10-04T23:37:21.7088365Z   PKG_CONFIG_PATH: /opt/hostedtoolcache/Python/3.12.14/x64/lib/pkgconfig
2026-10-04T23:37:21.7088768Z   Python_ROOT_DIR: /opt/hostedtoolcache/Python/3.12.14/x64
2026-10-04T23:37:21.7089208Z   Python2_ROOT_DIR: /opt/hostedtoolcache/Python/3.12.14/x64
2026-10-04T23:37:21.7089583Z   Python3_ROOT_DIR: /opt/hostedtoolcache/Python/3.12.14/x64
2026-10-04T23:37:21.7089975Z   LD_LIBRARY_PATH: /opt/hostedtoolcache/Python/3.12.14/x64/lib
2026-10-04T23:37:21.7090312Z ##[endgroup]
2026-10-04T23:37:35.3574264Z FROZEN_SOURCE_VERIFIED 106 files 31 prior SHA256 matches
2026-10-04T23:37:35.4096914Z ##[group]Run actions/cache@v4
2026-10-04T23:37:35.4097445Z with:
2026-10-04T23:37:35.4097764Z   path: cache/verified-1m
2026-10-04T23:37:35.4098097Z   key: failed-resumption-reversal-v24-dev-1m-shard-3
2026-10-04T23:37:35.4099084Z   restore-keys: taker-absorption-release-v12-dev-1m-shard-3
aggressive-flow-cascade-v11-dev-1m-shard-3
residual-reversion-v10-dev-1m-shard-3
cross-sectional-leader-v9-dev-1m-shard-3
premium-absorption-v8-dev-1m-shard-3
factor-lag-v6-dev-1m-shard-3
2026-10-04T23:37:35.4100057Z   enableCrossOsArchive: false
2026-10-04T23:37:35.4100354Z   fail-on-cache-miss: false
2026-10-04T23:37:35.4100667Z   lookup-only: false
2026-10-04T23:37:35.4100922Z   save-always: false
2026-10-04T23:37:35.4101181Z env:
2026-10-04T23:37:35.4103667Z   GH_TOKEN: ***
2026-10-04T23:37:35.4104035Z   pythonLocation: /opt/hostedtoolcache/Python/3.12.14/x64
2026-10-04T23:37:35.4104501Z   PKG_CONFIG_PATH: /opt/hostedtoolcache/Python/3.12.14/x64/lib/pkgconfig
2026-10-04T23:37:35.4105013Z   Python_ROOT_DIR: /opt/hostedtoolcache/Python/3.12.14/x64
2026-10-04T23:37:35.4105412Z   Python2_ROOT_DIR: /opt/hostedtoolcache/Python/3.12.14/x64
2026-10-04T23:37:35.4105808Z   Python3_ROOT_DIR: /opt/hostedtoolcache/Python/3.12.14/x64
2026-10-04T23:37:35.4106230Z   LD_LIBRARY_PATH: /opt/hostedtoolcache/Python/3.12.14/x64/lib
2026-10-04T23:37:35.4106575Z ##[endgroup]
2026-10-04T23:37:35.5001286Z (node:2169) [DEP0040] DeprecationWarning: The `punycode` module is deprecated. Please use a userland alternative instead.
2026-10-04T23:37:35.5002101Z (Use `node --trace-deprecation ...` to show where the warning was created)
2026-10-04T23:37:35.6559788Z Cache not found for input keys: failed-resumption-reversal-v24-dev-1m-shard-3, taker-absorption-release-v12-dev-1m-shard-3, aggressive-flow-cascade-v11-dev-1m-shard-3, residual-reversion-v10-dev-1m-shard-3, cross-sectional-leader-v9-dev-1m-shard-3, premium-absorption-v8-dev-1m-shard-3, factor-lag-v6-dev-1m-shard-3
2026-10-04T23:37:35.6624718Z ##[group]Run set -euo pipefail
2026-10-04T23:37:35.6625042Z [36;1mset -euo pipefail[0m
2026-10-04T23:37:35.6625640Z [36;1mpython scripts/failed_resumption_reversal_v24.py scan --stage DEV --data data --btc btc/BTCUSDT.csv.gz --source-check source-check.json --out dev-3 --minute-cache cache/verified-1m[0m
2026-10-04T23:37:35.6662601Z shell: /usr/bin/bash --noprofile --norc -e -o pipefail {0}
2026-10-04T23:37:35.6662982Z env:
2026-10-04T23:37:35.6665453Z   GH_TOKEN: ***
2026-10-04T23:37:35.6665796Z   pythonLocation: /opt/hostedtoolcache/Python/3.12.14/x64
2026-10-04T23:37:35.6666257Z   PKG_CONFIG_PATH: /opt/hostedtoolcache/Python/3.12.14/x64/lib/pkgconfig
2026-10-04T23:37:35.6666701Z   Python_ROOT_DIR: /opt/hostedtoolcache/Python/3.12.14/x64
2026-10-04T23:37:35.6667567Z   Python2_ROOT_DIR: /opt/hostedtoolcache/Python/3.12.14/x64
2026-10-04T23:37:35.6667975Z   Python3_ROOT_DIR: /opt/hostedtoolcache/Python/3.12.14/x64
2026-10-04T23:37:35.6668473Z   LD_LIBRARY_PATH: /opt/hostedtoolcache/Python/3.12.14/x64/lib
2026-10-04T23:37:35.6668788Z ##[endgroup]
2026-10-04T23:37:36.7070536Z /home/runner/work/bb-scanner/bb-scanner/scripts/session_opening_range_sweep_v20.py:80: RuntimeWarning: invalid value encountered in divide
2026-10-04T23:37:36.7071426Z   f['session_vwap'][k:z]=np.where(valid,numer/denom,np.nan)
2026-10-04T23:40:39.9952722Z V24_FAILED_RESUMPTION_SCAN DEV 32 / 106 parameterized_outcomes 144
2026-10-04T23:42:07.5301929Z V24_FAILED_RESUMPTION_SCAN DEV 40 / 106 parameterized_outcomes 270
2026-10-04T23:42:35.2166519Z V24_FAILED_RESUMPTION_SCAN DEV 48 / 106 parameterized_outcomes 318
2026-10-04T23:45:58.5294492Z V24_FAILED_RESUMPTION_SCAN_DONE DEV 432 chronology_exclusions 0
2026-10-04T23:45:58.5890109Z ##[group]Run actions/upload-artifact@v4
2026-10-04T23:45:58.5890364Z with:
2026-10-04T23:45:58.5890618Z   name: failed-resumption-reversal-v24-dev-3
2026-10-04T23:45:58.5890878Z   path: dev-3/
2026-10-04T23:45:58.5891085Z   retention-days: 30
2026-10-04T23:45:58.5891290Z   compression-level: 0
2026-10-04T23:45:58.5891493Z   if-no-files-found: warn
2026-10-04T23:45:58.5891744Z   overwrite: false
2026-10-04T23:45:58.5891952Z   include-hidden-files: false
2026-10-04T23:45:58.5892160Z env:
2026-10-04T23:45:58.5894044Z   GH_TOKEN: ***
2026-10-04T23:45:58.5894274Z   pythonLocation: /opt/hostedtoolcache/Python/3.12.14/x64
2026-10-04T23:45:58.5894647Z   PKG_CONFIG_PATH: /opt/hostedtoolcache/Python/3.12.14/x64/lib/pkgconfig
2026-10-04T23:45:58.5894985Z   Python_ROOT_DIR: /opt/hostedtoolcache/Python/3.12.14/x64
2026-10-04T23:45:58.5895338Z   Python2_ROOT_DIR: /opt/hostedtoolcache/Python/3.12.14/x64
2026-10-04T23:45:58.5895643Z   Python3_ROOT_DIR: /opt/hostedtoolcache/Python/3.12.14/x64
2026-10-04T23:45:58.5896059Z   LD_LIBRARY_PATH: /opt/hostedtoolcache/Python/3.12.14/x64/lib
2026-10-04T23:45:58.5896333Z ##[endgroup]
2026-10-04T23:45:58.7103471Z (node:2377) [DEP0040] DeprecationWarning: The `punycode` module is deprecated. Please use a userland alternative instead.
2026-10-04T23:45:58.7104157Z (Use `node --trace-deprecation ...` to show where the warning was created)
2026-10-04T23:45:58.7200126Z With the provided path, there will be 17 files uploaded
2026-10-04T23:45:58.7204654Z Artifact name is valid!
2026-10-04T23:45:58.7205623Z Root directory input is valid!
2026-10-04T23:45:58.9904118Z Beginning upload of artifact content to blob storage
2026-10-04T23:45:59.0378199Z (node:2377) [DEP0169] DeprecationWarning: `url.parse()` behavior is not standardized and prone to errors that have security implications. Use the WHATWG URL API instead. CVEs are not issued for `url.parse()` vulnerabilities.
2026-10-04T23:45:59.4815227Z Uploaded bytes 4860200
2026-10-04T23:45:59.5198472Z Finished uploading artifact content to blob storage!
2026-10-04T23:45:59.5199264Z SHA256 digest of uploaded artifact zip is cea60b4599bcb991ac6a27ac71f5d94dece0dcaa3ef162ce4d9087906d96c406
2026-10-04T23:45:59.5199935Z Finalizing artifact upload
2026-10-04T23:45:59.7586838Z Artifact failed-resumption-reversal-v24-dev-3.zip successfully finalized. Artifact ID 11318568466
2026-10-04T23:45:59.7588356Z Artifact failed-resumption-reversal-v24-dev-3 has been successfully uploaded! Final size is 4860200 bytes. Artifact ID is 11318568466
2026-10-04T23:45:59.7596387Z Artifact download URL: https://github.com/duuu-hub/bb-scanner/actions/runs/37244305969/artifacts/11318568466
2026-10-04T23:45:59.7738382Z Post job cleanup.
2026-10-04T23:45:59.8564779Z (node:2391) [DEP0040] DeprecationWarning: The `punycode` module is deprecated. Please use a userland alternative instead.
2026-10-04T23:45:59.8565913Z (Use `node --trace-deprecation ...` to show where the warning was created)
2026-10-04T23:45:59.8685591Z [command]/usr/bin/tar --posix -cf cache.tzst --exclude cache.tzst -P -C /home/runner/work/bb-scanner/bb-scanner --files-from manifest.txt --use-compress-program zstdmt
2026-10-04T23:46:00.0683315Z (node:2391) [DEP0169] DeprecationWarning: `url.parse()` behavior is not standardized and prone to errors that have security implications. Use the WHATWG URL API instead. CVEs are not issued for `url.parse()` vulnerabilities.
2026-10-04T23:46:00.5623965Z Sent 5866980 of 5866980 (100.0%), 11.2 MBs/sec
2026-10-04T23:46:00.6949499Z Cache saved with key: failed-resumption-reversal-v24-dev-1m-shard-3
2026-10-04T23:46:00.7034510Z Post job cleanup.
2026-10-04T23:46:00.7917752Z (node:2411) [DEP0040] DeprecationWarning: The `punycode` module is deprecated. Please use a userland alternative instead.
2026-10-04T23:46:00.7918400Z (Use `node --trace-deprecation ...` to show where the warning was created)
2026-10-04T23:46:00.8067851Z [command]/usr/bin/tar --posix -cf cache.tzst --exclude cache.tzst -P -C /home/runner/work/bb-scanner/bb-scanner --files-from manifest.txt --use-compress-program zstdmt
2026-10-04T23:46:01.1588401Z (node:2411) [DEP0169] DeprecationWarning: `url.parse()` behavior is not standardized and prone to errors that have security implications. Use the WHATWG URL API instead. CVEs are not issued for `url.parse()` vulnerabilities.
2026-10-04T23:46:02.1484372Z Sent 95655426 of 229873154 (41.6%), 91.2 MBs/sec
2026-10-04T23:46:02.4750549Z Sent 229873154 of 229873154 (100.0%), 165.3 MBs/sec
2026-10-04T23:46:02.5862679Z Cache saved with key: frozen-source-36095439671-15m-shard-3
2026-10-04T23:46:02.5964646Z Post job cleanup.
2026-10-04T23:46:02.6897070Z (node:2431) [DEP0040] DeprecationWarning: The `punycode` module is deprecated. Please use a userland alternative instead.
2026-10-04T23:46:02.6897964Z (Use `node --trace-deprecation ...` to show where the warning was created)
2026-10-04T23:46:02.7062742Z Post job cleanup.
2026-10-04T23:46:02.7867428Z [command]/usr/bin/git version
2026-10-04T23:46:02.7929383Z git version 2.55.0
2026-10-04T23:46:02.7962344Z Temporarily overriding HOME='/home/runner/work/_temp/f3583ba7-966f-4b5e-b5aa-4b9b29c2f5ff' before making global git config changes
2026-10-04T23:46:02.7963716Z Adding repository directory to the temporary git global config as a safe directory
2026-10-04T23:46:02.7968608Z [command]/usr/bin/git config --global --add safe.directory /home/runner/work/bb-scanner/bb-scanner
2026-10-04T23:46:02.8015390Z [command]/usr/bin/git config --local --name-only --get-regexp core\.sshCommand
2026-10-04T23:46:02.8047415Z [command]/usr/bin/git submodule foreach --recursive sh -c "git config --local --name-only --get-regexp 'core\.sshCommand' && git config --local --unset-all 'core.sshCommand' || :"
2026-10-04T23:46:02.8261015Z [command]/usr/bin/git config --local --name-only --get-regexp http\.https\:\/\/github\.com\/\.extraheader
2026-10-04T23:46:02.8286862Z http.https://github.com/.extraheader
2026-10-04T23:46:02.8329796Z [command]/usr/bin/git config --local --unset-all http.https://github.com/.extraheader
2026-10-04T23:46:02.8365914Z [command]/usr/bin/git submodule foreach --recursive sh -c "git config --local --name-only --get-regexp 'http\.https\:\/\/github\.com\/\.extraheader' && git config --local --unset-all 'http.https://github.com/.extraheader' || :"
2026-10-04T23:46:02.8553872Z [command]/usr/bin/git config --local --name-only --get-regexp ^includeIf\.gitdir:
2026-10-04T23:46:02.8580005Z [command]/usr/bin/git submodule foreach --recursive git config --local --show-origin --name-only --get-regexp remote.origin.url
2026-10-04T23:46:02.8863306Z Cleaning up orphan processes
2026-10-04T23:46:02.9067387Z ##[warning]Node.js 20 is deprecated. The following actions target Node.js 20 but are being forced to run on Node.js 24: actions/cache@v4, actions/checkout@v4, actions/setup-python@v5, actions/upload-artifact@v4. For more information see: https://github.blog/changelog/2025-09-19-deprecation-of-node-20-on-github-actions-runners/
