2026-10-03T23:02:48.7528055Z Current runner version: '2.337.0'
2026-10-03T23:02:48.7543822Z ##[group]Runner Image Provisioner
2026-10-03T23:02:48.7544442Z Hosted Compute Agent
2026-10-03T23:02:48.7544809Z Version: 20260901.588
2026-10-03T23:02:48.7545193Z Commit: f88ec8081b781fac6c440065ac7ff9e710ce3d0b
2026-10-03T23:02:48.7545673Z Build Date: 2026-09-01T19:56:44Z
2026-10-03T23:02:48.7546203Z Worker ID: {80e2c4ab-2761-4418-92cf-639baefe0db4}
2026-10-03T23:02:48.7546712Z Azure Region: centralus
2026-10-03T23:02:48.7547081Z ##[endgroup]
2026-10-03T23:02:48.7547916Z ##[group]Operating System
2026-10-03T23:02:48.7548323Z Ubuntu
2026-10-03T23:02:48.7548645Z 24.04.5
2026-10-03T23:02:48.7549189Z LTS
2026-10-03T23:02:48.7549553Z ##[endgroup]
2026-10-03T23:02:48.7549888Z ##[group]Runner Image
2026-10-03T23:02:48.7550272Z Image: ubuntu-24.04
2026-10-03T23:02:48.7550684Z Version: 20260927.320.1
2026-10-03T23:02:48.7551431Z Included Software: https://github.com/actions/runner-images/blob/ubuntu24/20260927.320/images/ubuntu/Ubuntu2404-Readme.md
2026-10-03T23:02:48.7552324Z Image Release: https://github.com/actions/runner-images/releases/tag/ubuntu24%2F20260927.320
2026-10-03T23:02:48.7552892Z ##[endgroup]
2026-10-03T23:02:48.7553649Z ##[group]GITHUB_TOKEN Permissions
2026-10-03T23:02:48.7554977Z Actions: read
2026-10-03T23:02:48.7555324Z Contents: write
2026-10-03T23:02:48.7555662Z Metadata: read
2026-10-03T23:02:48.7556181Z ##[endgroup]
2026-10-03T23:02:48.7557483Z Secret source: Actions
2026-10-03T23:02:48.7558103Z Cache mode: write
2026-10-03T23:02:48.7558633Z Prepare workflow directory
2026-10-03T23:02:48.7863030Z Prepare all required actions
2026-10-03T23:02:48.7892964Z Getting action download info
2026-10-03T23:02:49.0537747Z Download action repository 'actions/checkout@v4' (SHA:11d5960a326750d5838078e36cf38b85af677262)
2026-10-03T23:02:49.1578626Z Download action repository 'actions/setup-python@v5' (SHA:a26af69be951a213d495a4c3e4e4022e16d87065)
2026-10-03T23:02:49.4976747Z Download action repository 'actions/download-artifact@v4' (SHA:d3f86a106a0bac45b974a628896c90dbdf5c8093)
2026-10-03T23:02:50.1911630Z Download action repository 'actions/upload-artifact@v4' (SHA:ea165f8d65b6e75b540449e92b4886f43607fa02)
2026-10-03T23:02:50.8192917Z Complete job name: selection
2026-10-03T23:02:50.8715101Z ##[group]Run actions/checkout@v4
2026-10-03T23:02:50.8715869Z with:
2026-10-03T23:02:50.8716620Z   repository: duuu-hub/bb-scanner
2026-10-03T23:02:50.8721393Z   token: ***
2026-10-03T23:02:50.8721922Z   ssh-strict: true
2026-10-03T23:02:50.8722465Z   ssh-user: git
2026-10-03T23:02:50.8723026Z   persist-credentials: true
2026-10-03T23:02:50.8723633Z   clean: true
2026-10-03T23:02:50.8724205Z   sparse-checkout-cone-mode: true
2026-10-03T23:02:50.8724856Z   fetch-depth: 1
2026-10-03T23:02:50.8725401Z   fetch-tags: false
2026-10-03T23:02:50.8725967Z   show-progress: true
2026-10-03T23:02:50.8726653Z   lfs: false
2026-10-03T23:02:50.8727175Z   submodules: false
2026-10-03T23:02:50.8727740Z   set-safe-directory: true
2026-10-03T23:02:50.8728380Z   allow-unsafe-pr-checkout: false
2026-10-03T23:02:50.8729129Z env:
2026-10-03T23:02:50.8733709Z   GH_TOKEN: ***
2026-10-03T23:02:50.8734237Z ##[endgroup]
2026-10-03T23:02:50.9429726Z Syncing repository: duuu-hub/bb-scanner
2026-10-03T23:02:50.9432210Z ##[group]Getting Git version info
2026-10-03T23:02:50.9433473Z Working directory is '/home/runner/work/bb-scanner/bb-scanner'
2026-10-03T23:02:50.9435454Z [command]/usr/bin/git version
2026-10-03T23:02:50.9498767Z git version 2.55.0
2026-10-03T23:02:50.9512937Z ##[endgroup]
2026-10-03T23:02:50.9523564Z Temporarily overriding HOME='/home/runner/work/_temp/5228c5dc-620f-4079-b784-2753a7eeb0e0' before making global git config changes
2026-10-03T23:02:50.9526342Z Adding repository directory to the temporary git global config as a safe directory
2026-10-03T23:02:50.9528496Z [command]/usr/bin/git config --global --add safe.directory /home/runner/work/bb-scanner/bb-scanner
2026-10-03T23:02:50.9655879Z Deleting the contents of '/home/runner/work/bb-scanner/bb-scanner'
2026-10-03T23:02:50.9658785Z ##[group]Initializing the repository
2026-10-03T23:02:50.9668171Z [command]/usr/bin/git init /home/runner/work/bb-scanner/bb-scanner
2026-10-03T23:02:50.9900313Z hint: Using 'master' as the name for the initial branch. This default branch name
2026-10-03T23:02:50.9902977Z hint: will change to "main" in Git 3.0. To configure the initial branch name
2026-10-03T23:02:50.9904943Z hint: to use in all of your new repositories, which will suppress this warning,
2026-10-03T23:02:50.9906582Z hint: call:
2026-10-03T23:02:50.9907537Z hint:
2026-10-03T23:02:50.9908611Z hint: 	git config --global init.defaultBranch <name>
2026-10-03T23:02:50.9909888Z hint:
2026-10-03T23:02:50.9911150Z hint: Names commonly chosen instead of 'master' are 'main', 'trunk' and
2026-10-03T23:02:50.9912904Z hint: 'development'. The just-created branch can be renamed via this command:
2026-10-03T23:02:50.9914356Z hint:
2026-10-03T23:02:50.9915202Z hint: 	git branch -m <name>
2026-10-03T23:02:50.9916358Z hint:
2026-10-03T23:02:50.9917579Z hint: Disable this message with "git config set advice.defaultBranchName false"
2026-10-03T23:02:50.9919793Z Initialized empty Git repository in /home/runner/work/bb-scanner/bb-scanner/.git/
2026-10-03T23:02:50.9923085Z [command]/usr/bin/git remote add origin https://github.com/duuu-hub/bb-scanner
2026-10-03T23:02:51.0452624Z ##[endgroup]
2026-10-03T23:02:51.0453653Z ##[group]Disabling automatic garbage collection
2026-10-03T23:02:51.0455212Z [command]/usr/bin/git config --local gc.auto 0
2026-10-03T23:02:51.1046261Z ##[endgroup]
2026-10-03T23:02:51.1047538Z ##[group]Setting up auth
2026-10-03T23:02:51.1050711Z [command]/usr/bin/git config --local --name-only --get-regexp core\.sshCommand
2026-10-03T23:02:51.1079510Z [command]/usr/bin/git submodule foreach --recursive sh -c "git config --local --name-only --get-regexp 'core\.sshCommand' && git config --local --unset-all 'core.sshCommand' || :"
2026-10-03T23:02:51.1383956Z [command]/usr/bin/git config --local --name-only --get-regexp http\.https\:\/\/github\.com\/\.extraheader
2026-10-03T23:02:51.1413116Z [command]/usr/bin/git submodule foreach --recursive sh -c "git config --local --name-only --get-regexp 'http\.https\:\/\/github\.com\/\.extraheader' && git config --local --unset-all 'http.https://github.com/.extraheader' || :"
2026-10-03T23:02:51.1583222Z [command]/usr/bin/git config --local --name-only --get-regexp ^includeIf\.gitdir:
2026-10-03T23:02:51.1611221Z [command]/usr/bin/git submodule foreach --recursive git config --local --show-origin --name-only --get-regexp remote.origin.url
2026-10-03T23:02:51.1783524Z [command]/usr/bin/git config --local http.https://github.com/.extraheader AUTHORIZATION: basic ***
2026-10-03T23:02:51.2338040Z ##[endgroup]
2026-10-03T23:02:51.2339088Z ##[group]Fetching the repository
2026-10-03T23:02:51.2345133Z [command]/usr/bin/git -c protocol.version=2 fetch --no-tags --prune --no-recurse-submodules --depth=1 origin +9ee40edddb61d072fa24f38b8ab11020970b649c:refs/remotes/origin/research-fragmented-chase-exhaustion-v22
2026-10-03T23:02:52.6350522Z From https://github.com/duuu-hub/bb-scanner
2026-10-03T23:02:52.6351265Z  * [new ref]         9ee40edddb61d072fa24f38b8ab11020970b649c -> origin/research-fragmented-chase-exhaustion-v22
2026-10-03T23:02:52.6361281Z ##[endgroup]
2026-10-03T23:02:52.6361735Z ##[group]Determining the checkout info
2026-10-03T23:02:52.6362078Z ##[endgroup]
2026-10-03T23:02:52.6362321Z [command]/usr/bin/git sparse-checkout disable
2026-10-03T23:02:52.6574264Z [command]/usr/bin/git config --local --unset-all extensions.worktreeConfig
2026-10-03T23:02:52.6776545Z ##[group]Checking out the ref
2026-10-03T23:02:52.6796222Z [command]/usr/bin/git checkout --progress --force -B research-fragmented-chase-exhaustion-v22 refs/remotes/origin/research-fragmented-chase-exhaustion-v22
2026-10-03T23:02:52.9959478Z Switched to a new branch 'research-fragmented-chase-exhaustion-v22'
2026-10-03T23:02:52.9969481Z branch 'research-fragmented-chase-exhaustion-v22' set up to track 'origin/research-fragmented-chase-exhaustion-v22'.
2026-10-03T23:02:52.9979941Z ##[endgroup]
2026-10-03T23:02:53.0019213Z [command]/usr/bin/git log -1 --format=%H
2026-10-03T23:02:53.0041212Z 9ee40edddb61d072fa24f38b8ab11020970b649c
2026-10-03T23:02:53.0278722Z ##[group]Run actions/setup-python@v5
2026-10-03T23:02:53.0278910Z with:
2026-10-03T23:02:53.0279021Z   python-version: 3.12
2026-10-03T23:02:53.0279145Z   check-latest: false
2026-10-03T23:02:53.0280327Z   token: ***
2026-10-03T23:02:53.0280449Z   update-environment: true
2026-10-03T23:02:53.0280585Z   allow-prereleases: false
2026-10-03T23:02:53.0280712Z   freethreaded: false
2026-10-03T23:02:53.0280826Z env:
2026-10-03T23:02:53.0282060Z   GH_TOKEN: ***
2026-10-03T23:02:53.0282171Z ##[endgroup]
2026-10-03T23:02:53.1093827Z ##[group]Installed versions
2026-10-03T23:02:53.1149750Z (node:2085) [DEP0040] DeprecationWarning: The `punycode` module is deprecated. Please use a userland alternative instead.
2026-10-03T23:02:53.1150309Z (Use `node --trace-deprecation ...` to show where the warning was created)
2026-10-03T23:02:53.1150687Z Successfully set up CPython (3.12.14)
2026-10-03T23:02:53.1152369Z ##[endgroup]
2026-10-03T23:02:53.1291843Z ##[group]Run set -euo pipefail
2026-10-03T23:02:53.1292147Z [36;1mset -euo pipefail[0m
2026-10-03T23:02:53.1292406Z [36;1mpip install pandas==2.3.3 numpy==2.3.3[0m
2026-10-03T23:02:53.1541082Z shell: /usr/bin/bash --noprofile --norc -e -o pipefail {0}
2026-10-03T23:02:53.1541333Z env:
2026-10-03T23:02:53.1542751Z   GH_TOKEN: ***
2026-10-03T23:02:53.1542913Z   pythonLocation: /opt/hostedtoolcache/Python/3.12.14/x64
2026-10-03T23:02:53.1543151Z   PKG_CONFIG_PATH: /opt/hostedtoolcache/Python/3.12.14/x64/lib/pkgconfig
2026-10-03T23:02:53.1543377Z   Python_ROOT_DIR: /opt/hostedtoolcache/Python/3.12.14/x64
2026-10-03T23:02:53.1543582Z   Python2_ROOT_DIR: /opt/hostedtoolcache/Python/3.12.14/x64
2026-10-03T23:02:53.1543784Z   Python3_ROOT_DIR: /opt/hostedtoolcache/Python/3.12.14/x64
2026-10-03T23:02:53.1543987Z   LD_LIBRARY_PATH: /opt/hostedtoolcache/Python/3.12.14/x64/lib
2026-10-03T23:02:53.1544182Z ##[endgroup]
2026-10-03T23:02:53.9056014Z Collecting pandas==2.3.3
2026-10-03T23:02:53.9778331Z   Downloading pandas-2.3.3-cp312-cp312-manylinux_2_24_x86_64.manylinux_2_28_x86_64.whl.metadata (91 kB)
2026-10-03T23:02:54.1497153Z Collecting numpy==2.3.3
2026-10-03T23:02:54.1631766Z   Downloading numpy-2.3.3-cp312-cp312-manylinux_2_27_x86_64.manylinux_2_28_x86_64.whl.metadata (62 kB)
2026-10-03T23:02:54.1861298Z Collecting python-dateutil>=2.8.2 (from pandas==2.3.3)
2026-10-03T23:02:54.1996191Z   Downloading python_dateutil-2.9.0.post0-py2.py3-none-any.whl.metadata (8.4 kB)
2026-10-03T23:02:54.2344446Z Collecting pytz>=2020.1 (from pandas==2.3.3)
2026-10-03T23:02:54.2470569Z   Downloading pytz-2026.4-py2.py3-none-any.whl.metadata (22 kB)
2026-10-03T23:02:54.2631544Z Collecting tzdata>=2022.7 (from pandas==2.3.3)
2026-10-03T23:02:54.2753418Z   Downloading tzdata-2026.5-py2.py3-none-any.whl.metadata (1.4 kB)
2026-10-03T23:02:54.2909724Z Collecting six>=1.5 (from python-dateutil>=2.8.2->pandas==2.3.3)
2026-10-03T23:02:54.3034891Z   Downloading six-1.17.0-py2.py3-none-any.whl.metadata (1.7 kB)
2026-10-03T23:02:54.3180935Z Downloading pandas-2.3.3-cp312-cp312-manylinux_2_24_x86_64.manylinux_2_28_x86_64.whl (12.4 MB)
2026-10-03T23:02:54.5112812Z    ━━━━━━━━━━━━━━━━━━━━━━━━━━━━━━━━━━━━━━━━ 12.4/12.4 MB 72.1 MB/s  0:00:00
2026-10-03T23:02:54.5262267Z Downloading numpy-2.3.3-cp312-cp312-manylinux_2_27_x86_64.manylinux_2_28_x86_64.whl (16.6 MB)
2026-10-03T23:02:54.6711981Z    ━━━━━━━━━━━━━━━━━━━━━━━━━━━━━━━━━━━━━━━━ 16.6/16.6 MB 114.3 MB/s  0:00:00
2026-10-03T23:02:54.6837067Z Downloading python_dateutil-2.9.0.post0-py2.py3-none-any.whl (229 kB)
2026-10-03T23:02:54.6977665Z Downloading pytz-2026.4-py2.py3-none-any.whl (506 kB)
2026-10-03T23:02:54.7121754Z Downloading six-1.17.0-py2.py3-none-any.whl (11 kB)
2026-10-03T23:02:54.7317556Z Downloading tzdata-2026.5-py2.py3-none-any.whl (347 kB)
2026-10-03T23:02:54.8339820Z Installing collected packages: pytz, tzdata, six, numpy, python-dateutil, pandas
2026-10-03T23:02:58.9546376Z 
2026-10-03T23:02:58.9555460Z Successfully installed numpy-2.3.3 pandas-2.3.3 python-dateutil-2.9.0.post0 pytz-2026.4 six-1.17.0 tzdata-2026.5
2026-10-03T23:02:59.0043013Z ##[group]Run actions/download-artifact@v4
2026-10-03T23:02:59.0043174Z with:
2026-10-03T23:02:59.0043315Z   pattern: fragmented-chase-exhaustion-v22-dev-[0-7]
2026-10-03T23:02:59.0043513Z   path: dev-parts
2026-10-03T23:02:59.0043630Z   merge-multiple: false
2026-10-03T23:02:59.0043760Z   repository: duuu-hub/bb-scanner
2026-10-03T23:02:59.0043897Z   run-id: 37160262235
2026-10-03T23:02:59.0044008Z env:
2026-10-03T23:02:59.0045297Z   GH_TOKEN: ***
2026-10-03T23:02:59.0045446Z   pythonLocation: /opt/hostedtoolcache/Python/3.12.14/x64
2026-10-03T23:02:59.0045681Z   PKG_CONFIG_PATH: /opt/hostedtoolcache/Python/3.12.14/x64/lib/pkgconfig
2026-10-03T23:02:59.0045909Z   Python_ROOT_DIR: /opt/hostedtoolcache/Python/3.12.14/x64
2026-10-03T23:02:59.0046315Z   Python2_ROOT_DIR: /opt/hostedtoolcache/Python/3.12.14/x64
2026-10-03T23:02:59.0046536Z   Python3_ROOT_DIR: /opt/hostedtoolcache/Python/3.12.14/x64
2026-10-03T23:02:59.0046765Z   LD_LIBRARY_PATH: /opt/hostedtoolcache/Python/3.12.14/x64/lib
2026-10-03T23:02:59.0046939Z ##[endgroup]
2026-10-03T23:02:59.1110198Z (node:2121) [DEP0040] DeprecationWarning: The `punycode` module is deprecated. Please use a userland alternative instead.
2026-10-03T23:02:59.1110851Z (Use `node --trace-deprecation ...` to show where the warning was created)
2026-10-03T23:02:59.2601404Z Found 9 artifact(s)
2026-10-03T23:02:59.2601969Z Filtering artifacts by pattern 'fragmented-chase-exhaustion-v22-dev-[0-7]'
2026-10-03T23:02:59.2618014Z Preparing to download the following artifacts:
2026-10-03T23:02:59.2618852Z - fragmented-chase-exhaustion-v22-dev-4 (ID: 11287686471, Size: 9459853, Expected Digest: sha256:86bd3f347c13c14af940d3b7ad10339511e9d61d36d8ce431a891f2e51a5e408)
2026-10-03T23:02:59.2619981Z - fragmented-chase-exhaustion-v22-dev-5 (ID: 11287517080, Size: 10513118, Expected Digest: sha256:1d46e713ced1e4a0ee488502cb36c9a9cdbfb21a0ac0a89ff5d68acbf3e50772)
2026-10-03T23:02:59.2621162Z - fragmented-chase-exhaustion-v22-dev-0 (ID: 11287453314, Size: 13848373, Expected Digest: sha256:7bc521f4ef75105022da9864196223930fe45e805797939326e50c4708878ac3)
2026-10-03T23:02:59.2622246Z - fragmented-chase-exhaustion-v22-dev-6 (ID: 11287003745, Size: 1830286, Expected Digest: sha256:b61143027552cd6ef46b2401235c4edd59ec74636e398dcfadb4178151655402)
2026-10-03T23:02:59.2623420Z - fragmented-chase-exhaustion-v22-dev-3 (ID: 11286948943, Size: 6435597, Expected Digest: sha256:39ac24a9b3ce2892fb7e4f65c386064789c651ca3361938c62a37a283ed83b53)
2026-10-03T23:02:59.2624675Z - fragmented-chase-exhaustion-v22-dev-1 (ID: 11286794152, Size: 3202217, Expected Digest: sha256:b2398ed3be1f663adbccee510cd0adb6bc5bee3481f848920710f3fe9cdc83f9)
2026-10-03T23:02:59.2625614Z - fragmented-chase-exhaustion-v22-dev-7 (ID: 11286732916, Size: 10261227, Expected Digest: sha256:04a323a703cf326f8144383582abadf17c5596e33872b5c698557f3e3ba4e840)
2026-10-03T23:02:59.2627234Z - fragmented-chase-exhaustion-v22-dev-2 (ID: 11286729375, Size: 2841453, Expected Digest: sha256:1463287705e0e5348226cf4b6566ae848c5c77e2484f2696ef4d9c33b6820077)
2026-10-03T23:02:59.4237790Z Redirecting to blob download url: https://productionresultssa0.blob.core.windows.net/actions-results/a21321c6-82d8-8e7f-9b03-f031df780bf4/workflow-job-run-04496199-a83d-59d5-9b72-81edb57c1f75/artifacts/89ce178aec535fa4535b1ac02905380553b292090e0c651a0df5044d17eda536.zip
2026-10-03T23:02:59.4238559Z Starting download of artifact to: /home/runner/work/bb-scanner/bb-scanner/dev-parts/fragmented-chase-exhaustion-v22-dev-5
2026-10-03T23:02:59.5162679Z Redirecting to blob download url: https://productionresultssa0.blob.core.windows.net/actions-results/a21321c6-82d8-8e7f-9b03-f031df780bf4/workflow-job-run-6f73b9c9-e227-5796-bf4e-08e22c1bd5ae/artifacts/78d69acd77c47b34e4fddab5d0890373ac367460859cc4ee436e7ceff88fb9ec.zip
2026-10-03T23:02:59.5163452Z Starting download of artifact to: /home/runner/work/bb-scanner/bb-scanner/dev-parts/fragmented-chase-exhaustion-v22-dev-3
2026-10-03T23:02:59.5223550Z Redirecting to blob download url: https://productionresultssa0.blob.core.windows.net/actions-results/a21321c6-82d8-8e7f-9b03-f031df780bf4/workflow-job-run-d1a6672b-8f93-54af-bef7-7739c221079e/artifacts/f3982334f00e4dcb0847bc538962fd7147390390ebdbe8ca90b2f463f850b5ec.zip
2026-10-03T23:02:59.5224815Z Starting download of artifact to: /home/runner/work/bb-scanner/bb-scanner/dev-parts/fragmented-chase-exhaustion-v22-dev-7
2026-10-03T23:02:59.5255779Z Redirecting to blob download url: https://productionresultssa0.blob.core.windows.net/actions-results/a21321c6-82d8-8e7f-9b03-f031df780bf4/workflow-job-run-9e938540-40a6-5a14-a982-d4012a51d1e8/artifacts/059b4b9685112be42beece88a3243954cb42161c220b632f7bbb3b6ffb9ae360.zip
2026-10-03T23:02:59.5257213Z Starting download of artifact to: /home/runner/work/bb-scanner/bb-scanner/dev-parts/fragmented-chase-exhaustion-v22-dev-1
2026-10-03T23:02:59.5318637Z Redirecting to blob download url: https://productionresultssa0.blob.core.windows.net/actions-results/a21321c6-82d8-8e7f-9b03-f031df780bf4/workflow-job-run-6f6fa14f-eba1-56bb-bdb6-eeb627888dbc/artifacts/7a64b2a01272e56ed4cd2632927eeb12f4f09d3abb39c185c34c7243de539d54.zip
2026-10-03T23:02:59.5319524Z Starting download of artifact to: /home/runner/work/bb-scanner/bb-scanner/dev-parts/fragmented-chase-exhaustion-v22-dev-4
2026-10-03T23:02:59.5356473Z Redirecting to blob download url: https://productionresultssa0.blob.core.windows.net/actions-results/a21321c6-82d8-8e7f-9b03-f031df780bf4/workflow-job-run-1dfbd98e-b09c-55ef-8048-803fd7392589/artifacts/4fbf834313a90f079b0996df5cdf2cb16287edb621e93f05e83869499b3c482b.zip
2026-10-03T23:02:59.5357258Z Starting download of artifact to: /home/runner/work/bb-scanner/bb-scanner/dev-parts/fragmented-chase-exhaustion-v22-dev-2
2026-10-03T23:02:59.5392279Z Redirecting to blob download url: https://productionresultssa0.blob.core.windows.net/actions-results/a21321c6-82d8-8e7f-9b03-f031df780bf4/workflow-job-run-7c1fcf05-d0b7-5c8b-8cc3-5d997e504f37/artifacts/0a93ff3cfa0652de8011bf48c9b9f8ea9495716e0907394185874f54910c57e5.zip
2026-10-03T23:02:59.5393057Z Starting download of artifact to: /home/runner/work/bb-scanner/bb-scanner/dev-parts/fragmented-chase-exhaustion-v22-dev-0
2026-10-03T23:02:59.5504380Z Redirecting to blob download url: https://productionresultssa0.blob.core.windows.net/actions-results/a21321c6-82d8-8e7f-9b03-f031df780bf4/workflow-job-run-27a6b386-d79a-5a65-ba05-092079b07a86/artifacts/1d6a51239b16f13cb738e474114ff7cacd911727217a53cccdabebd36a08a99f.zip
2026-10-03T23:02:59.5505156Z Starting download of artifact to: /home/runner/work/bb-scanner/bb-scanner/dev-parts/fragmented-chase-exhaustion-v22-dev-6
2026-10-03T23:02:59.6256649Z (node:2121) [DEP0005] DeprecationWarning: Buffer() is deprecated due to security and usability issues. Please use the Buffer.alloc(), Buffer.allocUnsafe(), or Buffer.from() methods instead.
2026-10-03T23:03:00.0012285Z SHA256 digest of downloaded artifact is b2398ed3be1f663adbccee510cd0adb6bc5bee3481f848920710f3fe9cdc83f9
2026-10-03T23:03:00.0013890Z Artifact download completed successfully.
2026-10-03T23:03:00.0240405Z SHA256 digest of downloaded artifact is b61143027552cd6ef46b2401235c4edd59ec74636e398dcfadb4178151655402
2026-10-03T23:03:00.0241190Z Artifact download completed successfully.
2026-10-03T23:03:00.0438233Z SHA256 digest of downloaded artifact is 1463287705e0e5348226cf4b6566ae848c5c77e2484f2696ef4d9c33b6820077
2026-10-03T23:03:00.0438580Z Artifact download completed successfully.
2026-10-03T23:03:00.0897859Z SHA256 digest of downloaded artifact is 39ac24a9b3ce2892fb7e4f65c386064789c651ca3361938c62a37a283ed83b53
2026-10-03T23:03:00.0898235Z Artifact download completed successfully.
2026-10-03T23:03:00.1150767Z SHA256 digest of downloaded artifact is 1d46e713ced1e4a0ee488502cb36c9a9cdbfb21a0ac0a89ff5d68acbf3e50772
2026-10-03T23:03:00.1151365Z Artifact download completed successfully.
2026-10-03T23:03:00.1709034Z SHA256 digest of downloaded artifact is 04a323a703cf326f8144383582abadf17c5596e33872b5c698557f3e3ba4e840
2026-10-03T23:03:00.1709969Z Artifact download completed successfully.
2026-10-03T23:03:00.2615339Z SHA256 digest of downloaded artifact is 86bd3f347c13c14af940d3b7ad10339511e9d61d36d8ce431a891f2e51a5e408
2026-10-03T23:03:00.2615712Z Artifact download completed successfully.
2026-10-03T23:03:00.2965778Z SHA256 digest of downloaded artifact is 7bc521f4ef75105022da9864196223930fe45e805797939326e50c4708878ac3
2026-10-03T23:03:00.2966477Z Artifact download completed successfully.
2026-10-03T23:03:00.2966806Z Total of 8 artifact(s) downloaded
2026-10-03T23:03:00.2972122Z Download artifact has finished successfully
2026-10-03T23:03:00.3094718Z ##[group]Run set -euo pipefail
2026-10-03T23:03:00.3094942Z [36;1mset -euo pipefail[0m
2026-10-03T23:03:00.3095245Z [36;1mpython scripts/fragmented_chase_exhaustion_v22.py select --parts dev-parts --out selected-input[0m
2026-10-03T23:03:00.3095544Z [36;1mpython - <<'SELECT'[0m
2026-10-03T23:03:00.3095727Z [36;1mimport json,os[0m
2026-10-03T23:03:00.3095970Z [36;1mn=len(json.load(open('selected-input/selection.json'))['policies'])[0m
2026-10-03T23:03:00.3096564Z [36;1mwith open(os.environ['GITHUB_OUTPUT'],'a') as f:f.write('selected_count='+str(n)+'\n')[0m
2026-10-03T23:03:00.3096952Z [36;1mSELECT[0m
2026-10-03T23:03:00.3150559Z shell: /usr/bin/bash --noprofile --norc -e -o pipefail {0}
2026-10-03T23:03:00.3150772Z env:
2026-10-03T23:03:00.3152109Z   GH_TOKEN: ***
2026-10-03T23:03:00.3152298Z   pythonLocation: /opt/hostedtoolcache/Python/3.12.14/x64
2026-10-03T23:03:00.3152565Z   PKG_CONFIG_PATH: /opt/hostedtoolcache/Python/3.12.14/x64/lib/pkgconfig
2026-10-03T23:03:00.3152854Z   Python_ROOT_DIR: /opt/hostedtoolcache/Python/3.12.14/x64
2026-10-03T23:03:00.3153098Z   Python2_ROOT_DIR: /opt/hostedtoolcache/Python/3.12.14/x64
2026-10-03T23:03:00.3153335Z   Python3_ROOT_DIR: /opt/hostedtoolcache/Python/3.12.14/x64
2026-10-03T23:03:00.3153582Z   LD_LIBRARY_PATH: /opt/hostedtoolcache/Python/3.12.14/x64/lib
2026-10-03T23:03:00.3153798Z ##[endgroup]
2026-10-03T23:03:00.6380879Z Traceback (most recent call last):
2026-10-03T23:03:00.6387960Z   File "/home/runner/work/bb-scanner/bb-scanner/scripts/fragmented_chase_exhaustion_v22.py", line 296, in <module>
2026-10-03T23:03:00.6388492Z     main()
2026-10-03T23:03:00.6388969Z   File "/home/runner/work/bb-scanner/bb-scanner/scripts/fragmented_chase_exhaustion_v22.py", line 290, in main
2026-10-03T23:03:00.6389483Z     elif a.command=="select":select(a.parts,a.out)
2026-10-03T23:03:00.6389799Z                              ^^^^^^^^^^^^^^^^^^^^^
2026-10-03T23:03:00.6390331Z   File "/home/runner/work/bb-scanner/bb-scanner/scripts/fragmented_chase_exhaustion_v22.py", line 236, in select
2026-10-03T23:03:00.6409680Z     bind_engine(); engine.select(parts, out, context_path)
2026-10-03T23:03:00.6410021Z                    ^^^^^^^^^^^^^^^^^^^^^^^^^^^^^^^^^^^^^^^
2026-10-03T23:03:00.6410527Z   File "/home/runner/work/bb-scanner/bb-scanner/scripts/session_opening_range_sweep_v20.py", line 324, in select
2026-10-03T23:03:00.6429880Z ##[error]    raise ValueError('incomplete/altered development scan')
2026-10-03T23:03:00.6435512Z ValueError: incomplete/altered development scan
2026-10-03T23:03:00.6770640Z ##[error]Process completed with exit code 1.
2026-10-03T23:03:00.6818581Z ##[group]Run actions/upload-artifact@v4
2026-10-03T23:03:00.6818774Z with:
2026-10-03T23:03:00.6818942Z   name: fragmented-chase-exhaustion-v22-selected
2026-10-03T23:03:00.6819147Z   path: selected-input/
2026-10-03T23:03:00.6819306Z   retention-days: 30
2026-10-03T23:03:00.6819458Z   compression-level: 0
2026-10-03T23:03:00.6819615Z   if-no-files-found: warn
2026-10-03T23:03:00.6819772Z   overwrite: false
2026-10-03T23:03:00.6819923Z   include-hidden-files: false
2026-10-03T23:03:00.6820086Z env:
2026-10-03T23:03:00.6821579Z   GH_TOKEN: ***
2026-10-03T23:03:00.6821765Z   pythonLocation: /opt/hostedtoolcache/Python/3.12.14/x64
2026-10-03T23:03:00.6822041Z   PKG_CONFIG_PATH: /opt/hostedtoolcache/Python/3.12.14/x64/lib/pkgconfig
2026-10-03T23:03:00.6822436Z   Python_ROOT_DIR: /opt/hostedtoolcache/Python/3.12.14/x64
2026-10-03T23:03:00.6822680Z   Python2_ROOT_DIR: /opt/hostedtoolcache/Python/3.12.14/x64
2026-10-03T23:03:00.6822933Z   Python3_ROOT_DIR: /opt/hostedtoolcache/Python/3.12.14/x64
2026-10-03T23:03:00.6823179Z   LD_LIBRARY_PATH: /opt/hostedtoolcache/Python/3.12.14/x64/lib
2026-10-03T23:03:00.6823382Z ##[endgroup]
2026-10-03T23:03:00.7833921Z (node:2140) [DEP0040] DeprecationWarning: The `punycode` module is deprecated. Please use a userland alternative instead.
2026-10-03T23:03:00.7834352Z (Use `node --trace-deprecation ...` to show where the warning was created)
2026-10-03T23:03:00.7875734Z ##[warning]No files were found with the provided path: selected-input/. No artifacts will be uploaded.
2026-10-03T23:03:00.8041354Z Post job cleanup.
2026-10-03T23:03:00.8605934Z [command]/usr/bin/git version
2026-10-03T23:03:00.8638089Z git version 2.55.0
2026-10-03T23:03:00.8661514Z Temporarily overriding HOME='/home/runner/work/_temp/da18512f-5807-4a70-b8ec-b00fd1ccf4af' before making global git config changes
2026-10-03T23:03:00.8662423Z Adding repository directory to the temporary git global config as a safe directory
2026-10-03T23:03:00.8664948Z [command]/usr/bin/git config --global --add safe.directory /home/runner/work/bb-scanner/bb-scanner
2026-10-03T23:03:00.8694044Z [command]/usr/bin/git config --local --name-only --get-regexp core\.sshCommand
2026-10-03T23:03:00.8720429Z [command]/usr/bin/git submodule foreach --recursive sh -c "git config --local --name-only --get-regexp 'core\.sshCommand' && git config --local --unset-all 'core.sshCommand' || :"
2026-10-03T23:03:00.8915814Z [command]/usr/bin/git config --local --name-only --get-regexp http\.https\:\/\/github\.com\/\.extraheader
2026-10-03T23:03:00.8946943Z http.https://github.com/.extraheader
2026-10-03T23:03:00.8948338Z [command]/usr/bin/git config --local --unset-all http.https://github.com/.extraheader
2026-10-03T23:03:00.8976393Z [command]/usr/bin/git submodule foreach --recursive sh -c "git config --local --name-only --get-regexp 'http\.https\:\/\/github\.com\/\.extraheader' && git config --local --unset-all 'http.https://github.com/.extraheader' || :"
2026-10-03T23:03:00.9169802Z [command]/usr/bin/git config --local --name-only --get-regexp ^includeIf\.gitdir:
2026-10-03T23:03:00.9201317Z [command]/usr/bin/git submodule foreach --recursive git config --local --show-origin --name-only --get-regexp remote.origin.url
2026-10-03T23:03:00.9490127Z Evaluate and set job outputs
2026-10-03T23:03:00.9494627Z Cleaning up orphan processes
2026-10-03T23:03:00.9689633Z ##[warning]Node.js 20 is deprecated. The following actions target Node.js 20 but are being forced to run on Node.js 24: actions/checkout@v4, actions/download-artifact@v4, actions/setup-python@v5, actions/upload-artifact@v4. For more information see: https://github.blog/changelog/2025-09-19-deprecation-of-node-20-on-github-actions-runners/
