2026-10-03T23:01:30.0636124Z Current runner version: '2.337.0'
2026-10-03T23:01:30.0672969Z ##[group]Runner Image Provisioner
2026-10-03T23:01:30.0674405Z Hosted Compute Agent
2026-10-03T23:01:30.0675516Z Version: 20260901.588
2026-10-03T23:01:30.0677073Z Commit: f88ec8081b781fac6c440065ac7ff9e710ce3d0b
2026-10-03T23:01:30.0678482Z Build Date: 2026-09-01T19:56:44Z
2026-10-03T23:01:30.0679815Z Worker ID: {9d535ef3-7dba-47cc-92d3-5c1b0eff6bf6}
2026-10-03T23:01:30.0681513Z Azure Region: eastus2
2026-10-03T23:01:30.0682527Z ##[endgroup]
2026-10-03T23:01:30.0684763Z ##[group]Operating System
2026-10-03T23:01:30.0685797Z Ubuntu
2026-10-03T23:01:30.0687325Z 24.04.5
2026-10-03T23:01:30.0688331Z LTS
2026-10-03T23:01:30.0689197Z ##[endgroup]
2026-10-03T23:01:30.0690284Z ##[group]Runner Image
2026-10-03T23:01:30.0691638Z Image: ubuntu-24.04
2026-10-03T23:01:30.0692740Z Version: 20260927.320.1
2026-10-03T23:01:30.0695076Z Included Software: https://github.com/actions/runner-images/blob/ubuntu24/20260927.320/images/ubuntu/Ubuntu2404-Readme.md
2026-10-03T23:01:30.0698096Z Image Release: https://github.com/actions/runner-images/releases/tag/ubuntu24%2F20260927.320
2026-10-03T23:01:30.0699617Z ##[endgroup]
2026-10-03T23:01:30.0701994Z ##[group]GITHUB_TOKEN Permissions
2026-10-03T23:01:30.0705008Z Actions: read
2026-10-03T23:01:30.0706123Z Contents: read
2026-10-03T23:01:30.0707084Z Metadata: read
2026-10-03T23:01:30.0708073Z ##[endgroup]
2026-10-03T23:01:30.0711436Z Secret source: Actions
2026-10-03T23:01:30.0713021Z Cache mode: write
2026-10-03T23:01:30.0714182Z Prepare workflow directory
2026-10-03T23:01:30.1315642Z Prepare all required actions
2026-10-03T23:01:30.1365693Z Getting action download info
2026-10-03T23:01:30.3975020Z Download action repository 'actions/checkout@v4' (SHA:11d5960a326750d5838078e36cf38b85af677262)
2026-10-03T23:01:30.5117924Z Download action repository 'actions/setup-python@v5' (SHA:a26af69be951a213d495a4c3e4e4022e16d87065)
2026-10-03T23:01:30.5961265Z Download action repository 'actions/cache@v4' (SHA:0057852bfaa89a56745cba8c7296529d2fc39830)
2026-10-03T23:01:30.6874471Z Download action repository 'actions/upload-artifact@v4' (SHA:ea165f8d65b6e75b540449e92b4886f43607fa02)
2026-10-03T23:01:30.9073229Z Complete job name: development (5)
2026-10-03T23:01:30.9830012Z ##[group]Run actions/checkout@v4
2026-10-03T23:01:30.9831223Z with:
2026-10-03T23:01:30.9831744Z   repository: duuu-hub/bb-scanner
2026-10-03T23:01:30.9835932Z   token: ***
2026-10-03T23:01:30.9836400Z   ssh-strict: true
2026-10-03T23:01:30.9836891Z   ssh-user: git
2026-10-03T23:01:30.9837378Z   persist-credentials: true
2026-10-03T23:01:30.9837919Z   clean: true
2026-10-03T23:01:30.9838403Z   sparse-checkout-cone-mode: true
2026-10-03T23:01:30.9838984Z   fetch-depth: 1
2026-10-03T23:01:30.9839455Z   fetch-tags: false
2026-10-03T23:01:30.9839954Z   show-progress: true
2026-10-03T23:01:30.9840450Z   lfs: false
2026-10-03T23:01:30.9841070Z   submodules: false
2026-10-03T23:01:30.9841582Z   set-safe-directory: true
2026-10-03T23:01:30.9842145Z   allow-unsafe-pr-checkout: false
2026-10-03T23:01:30.9843017Z env:
2026-10-03T23:01:30.9847052Z   GH_TOKEN: ***
2026-10-03T23:01:30.9847531Z ##[endgroup]
2026-10-03T23:01:31.0951803Z Syncing repository: duuu-hub/bb-scanner
2026-10-03T23:01:31.0954706Z ##[group]Getting Git version info
2026-10-03T23:01:31.0955563Z Working directory is '/home/runner/work/bb-scanner/bb-scanner'
2026-10-03T23:01:31.0956707Z [command]/usr/bin/git version
2026-10-03T23:01:31.1090066Z git version 2.55.0
2026-10-03T23:01:31.1105977Z ##[endgroup]
2026-10-03T23:01:31.1132903Z Temporarily overriding HOME='/home/runner/work/_temp/a22b481f-7e41-4ab0-b036-d637468fba70' before making global git config changes
2026-10-03T23:01:31.1136669Z Adding repository directory to the temporary git global config as a safe directory
2026-10-03T23:01:31.1142766Z [command]/usr/bin/git config --global --add safe.directory /home/runner/work/bb-scanner/bb-scanner
2026-10-03T23:01:31.1194702Z Deleting the contents of '/home/runner/work/bb-scanner/bb-scanner'
2026-10-03T23:01:31.1199721Z ##[group]Initializing the repository
2026-10-03T23:01:31.1205332Z [command]/usr/bin/git init /home/runner/work/bb-scanner/bb-scanner
2026-10-03T23:01:31.1343920Z hint: Using 'master' as the name for the initial branch. This default branch name
2026-10-03T23:01:31.1345890Z hint: will change to "main" in Git 3.0. To configure the initial branch name
2026-10-03T23:01:31.1347806Z hint: to use in all of your new repositories, which will suppress this warning,
2026-10-03T23:01:31.1349562Z hint: call:
2026-10-03T23:01:31.1350304Z hint:
2026-10-03T23:01:31.1351433Z hint: 	git config --global init.defaultBranch <name>
2026-10-03T23:01:31.1352533Z hint:
2026-10-03T23:01:31.1353563Z hint: Names commonly chosen instead of 'master' are 'main', 'trunk' and
2026-10-03T23:01:31.1355368Z hint: 'development'. The just-created branch can be renamed via this command:
2026-10-03T23:01:31.1356748Z hint:
2026-10-03T23:01:31.1357466Z hint: 	git branch -m <name>
2026-10-03T23:01:31.1358298Z hint:
2026-10-03T23:01:31.1359421Z hint: Disable this message with "git config set advice.defaultBranchName false"
2026-10-03T23:01:31.1361644Z Initialized empty Git repository in /home/runner/work/bb-scanner/bb-scanner/.git/
2026-10-03T23:01:31.1364678Z [command]/usr/bin/git remote add origin https://github.com/duuu-hub/bb-scanner
2026-10-03T23:01:31.1433777Z ##[endgroup]
2026-10-03T23:01:31.1435319Z ##[group]Disabling automatic garbage collection
2026-10-03T23:01:31.1444594Z [command]/usr/bin/git config --local gc.auto 0
2026-10-03T23:01:31.1508363Z ##[endgroup]
2026-10-03T23:01:31.1509638Z ##[group]Setting up auth
2026-10-03T23:01:31.1511547Z [command]/usr/bin/git config --local --name-only --get-regexp core\.sshCommand
2026-10-03T23:01:31.1538083Z [command]/usr/bin/git submodule foreach --recursive sh -c "git config --local --name-only --get-regexp 'core\.sshCommand' && git config --local --unset-all 'core.sshCommand' || :"
2026-10-03T23:01:31.2000145Z [command]/usr/bin/git config --local --name-only --get-regexp http\.https\:\/\/github\.com\/\.extraheader
2026-10-03T23:01:31.2045438Z [command]/usr/bin/git submodule foreach --recursive sh -c "git config --local --name-only --get-regexp 'http\.https\:\/\/github\.com\/\.extraheader' && git config --local --unset-all 'http.https://github.com/.extraheader' || :"
2026-10-03T23:01:31.2285257Z [command]/usr/bin/git config --local --name-only --get-regexp ^includeIf\.gitdir:
2026-10-03T23:01:31.2323364Z [command]/usr/bin/git submodule foreach --recursive git config --local --show-origin --name-only --get-regexp remote.origin.url
2026-10-03T23:01:31.2552709Z [command]/usr/bin/git config --local http.https://github.com/.extraheader AUTHORIZATION: basic ***
2026-10-03T23:01:31.2594835Z ##[endgroup]
2026-10-03T23:01:31.2595811Z ##[group]Fetching the repository
2026-10-03T23:01:31.2605948Z [command]/usr/bin/git -c protocol.version=2 fetch --no-tags --prune --no-recurse-submodules --depth=1 origin +9ee40edddb61d072fa24f38b8ab11020970b649c:refs/remotes/origin/research-fragmented-chase-exhaustion-v22
2026-10-03T23:01:31.9804584Z From https://github.com/duuu-hub/bb-scanner
2026-10-03T23:01:31.9807623Z  * [new ref]         9ee40edddb61d072fa24f38b8ab11020970b649c -> origin/research-fragmented-chase-exhaustion-v22
2026-10-03T23:01:31.9813478Z ##[endgroup]
2026-10-03T23:01:31.9815489Z ##[group]Determining the checkout info
2026-10-03T23:01:31.9817320Z ##[endgroup]
2026-10-03T23:01:31.9890427Z [command]/usr/bin/git sparse-checkout disable
2026-10-03T23:01:31.9894336Z [command]/usr/bin/git config --local --unset-all extensions.worktreeConfig
2026-10-03T23:01:31.9940170Z ##[group]Checking out the ref
2026-10-03T23:01:31.9947986Z [command]/usr/bin/git checkout --progress --force -B research-fragmented-chase-exhaustion-v22 refs/remotes/origin/research-fragmented-chase-exhaustion-v22
2026-10-03T23:01:32.2262294Z Switched to a new branch 'research-fragmented-chase-exhaustion-v22'
2026-10-03T23:01:32.2267246Z branch 'research-fragmented-chase-exhaustion-v22' set up to track 'origin/research-fragmented-chase-exhaustion-v22'.
2026-10-03T23:01:32.2280180Z ##[endgroup]
2026-10-03T23:01:32.2329259Z [command]/usr/bin/git log -1 --format=%H
2026-10-03T23:01:32.2357709Z 9ee40edddb61d072fa24f38b8ab11020970b649c
2026-10-03T23:01:32.2735635Z ##[group]Run actions/setup-python@v5
2026-10-03T23:01:32.2736931Z with:
2026-10-03T23:01:32.2737826Z   python-version: 3.12
2026-10-03T23:01:32.2738852Z   check-latest: false
2026-10-03T23:01:32.2749210Z   token: ***
2026-10-03T23:01:32.2750155Z   update-environment: true
2026-10-03T23:01:32.2751399Z   allow-prereleases: false
2026-10-03T23:01:32.2752477Z   freethreaded: false
2026-10-03T23:01:32.2753439Z env:
2026-10-03T23:01:32.2763332Z   GH_TOKEN: ***
2026-10-03T23:01:32.2764243Z ##[endgroup]
2026-10-03T23:01:32.4132236Z ##[group]Installed versions
2026-10-03T23:01:32.4235067Z (node:2341) [DEP0040] DeprecationWarning: The `punycode` module is deprecated. Please use a userland alternative instead.
2026-10-03T23:01:32.4239541Z (Use `node --trace-deprecation ...` to show where the warning was created)
2026-10-03T23:01:32.4242657Z Successfully set up CPython (3.12.14)
2026-10-03T23:01:32.4245322Z ##[endgroup]
2026-10-03T23:01:32.4472357Z ##[group]Run set -euo pipefail
2026-10-03T23:01:32.4474241Z [36;1mset -euo pipefail[0m
2026-10-03T23:01:32.4476096Z [36;1mpip install pandas==2.3.3 numpy==2.3.3[0m
2026-10-03T23:01:32.4837551Z shell: /usr/bin/bash --noprofile --norc -e -o pipefail {0}
2026-10-03T23:01:32.4839339Z env:
2026-10-03T23:01:32.4850075Z   GH_TOKEN: ***
2026-10-03T23:01:32.4851389Z   pythonLocation: /opt/hostedtoolcache/Python/3.12.14/x64
2026-10-03T23:01:32.4853209Z   PKG_CONFIG_PATH: /opt/hostedtoolcache/Python/3.12.14/x64/lib/pkgconfig
2026-10-03T23:01:32.4855064Z   Python_ROOT_DIR: /opt/hostedtoolcache/Python/3.12.14/x64
2026-10-03T23:01:32.4856710Z   Python2_ROOT_DIR: /opt/hostedtoolcache/Python/3.12.14/x64
2026-10-03T23:01:32.4858372Z   Python3_ROOT_DIR: /opt/hostedtoolcache/Python/3.12.14/x64
2026-10-03T23:01:32.4860050Z   LD_LIBRARY_PATH: /opt/hostedtoolcache/Python/3.12.14/x64/lib
2026-10-03T23:01:32.4861618Z ##[endgroup]
2026-10-03T23:01:33.5932932Z Collecting pandas==2.3.3
2026-10-03T23:01:33.6523022Z   Downloading pandas-2.3.3-cp312-cp312-manylinux_2_24_x86_64.manylinux_2_28_x86_64.whl.metadata (91 kB)
2026-10-03T23:01:33.9164205Z Collecting numpy==2.3.3
2026-10-03T23:01:33.9273215Z   Downloading numpy-2.3.3-cp312-cp312-manylinux_2_27_x86_64.manylinux_2_28_x86_64.whl.metadata (62 kB)
2026-10-03T23:01:33.9587566Z Collecting python-dateutil>=2.8.2 (from pandas==2.3.3)
2026-10-03T23:01:33.9661793Z   Downloading python_dateutil-2.9.0.post0-py2.py3-none-any.whl.metadata (8.4 kB)
2026-10-03T23:01:34.0048394Z Collecting pytz>=2020.1 (from pandas==2.3.3)
2026-10-03T23:01:34.0121260Z   Downloading pytz-2026.4-py2.py3-none-any.whl.metadata (22 kB)
2026-10-03T23:01:34.0311664Z Collecting tzdata>=2022.7 (from pandas==2.3.3)
2026-10-03T23:01:34.0381710Z   Downloading tzdata-2026.5-py2.py3-none-any.whl.metadata (1.4 kB)
2026-10-03T23:01:34.0559996Z Collecting six>=1.5 (from python-dateutil>=2.8.2->pandas==2.3.3)
2026-10-03T23:01:34.0637632Z   Downloading six-1.17.0-py2.py3-none-any.whl.metadata (1.7 kB)
2026-10-03T23:01:34.0759281Z Downloading pandas-2.3.3-cp312-cp312-manylinux_2_24_x86_64.manylinux_2_28_x86_64.whl (12.4 MB)
2026-10-03T23:01:34.3525689Z    ━━━━━━━━━━━━━━━━━━━━━━━━━━━━━━━━━━━━━━━━ 12.4/12.4 MB 47.6 MB/s  0:00:00
2026-10-03T23:01:34.3644234Z Downloading numpy-2.3.3-cp312-cp312-manylinux_2_27_x86_64.manylinux_2_28_x86_64.whl (16.6 MB)
2026-10-03T23:01:34.5275344Z    ━━━━━━━━━━━━━━━━━━━━━━━━━━━━━━━━━━━━━━━━ 16.6/16.6 MB 102.1 MB/s  0:00:00
2026-10-03T23:01:34.5353041Z Downloading python_dateutil-2.9.0.post0-py2.py3-none-any.whl (229 kB)
2026-10-03T23:01:34.5496200Z Downloading pytz-2026.4-py2.py3-none-any.whl (506 kB)
2026-10-03T23:01:34.5618967Z Downloading six-1.17.0-py2.py3-none-any.whl (11 kB)
2026-10-03T23:01:34.5717011Z Downloading tzdata-2026.5-py2.py3-none-any.whl (347 kB)
2026-10-03T23:01:34.7393509Z Installing collected packages: pytz, tzdata, six, numpy, python-dateutil, pandas
2026-10-03T23:01:41.6716037Z 
2026-10-03T23:01:41.6731295Z Successfully installed numpy-2.3.3 pandas-2.3.3 python-dateutil-2.9.0.post0 pytz-2026.4 six-1.17.0 tzdata-2026.5
2026-10-03T23:01:41.7365930Z ##[group]Run actions/cache@v4
2026-10-03T23:01:41.7366220Z with:
2026-10-03T23:01:41.7366421Z   path: data
2026-10-03T23:01:41.7366645Z   key: frozen-source-36095439671-15m-shard-5
2026-10-03T23:01:41.7366946Z   enableCrossOsArchive: false
2026-10-03T23:01:41.7367197Z   fail-on-cache-miss: false
2026-10-03T23:01:41.7367456Z   lookup-only: false
2026-10-03T23:01:41.7367671Z   save-always: false
2026-10-03T23:01:41.7367910Z env:
2026-10-03T23:01:41.7370441Z   GH_TOKEN: ***
2026-10-03T23:01:41.7371021Z   pythonLocation: /opt/hostedtoolcache/Python/3.12.14/x64
2026-10-03T23:01:41.7371532Z   PKG_CONFIG_PATH: /opt/hostedtoolcache/Python/3.12.14/x64/lib/pkgconfig
2026-10-03T23:01:41.7371964Z   Python_ROOT_DIR: /opt/hostedtoolcache/Python/3.12.14/x64
2026-10-03T23:01:41.7372350Z   Python2_ROOT_DIR: /opt/hostedtoolcache/Python/3.12.14/x64
2026-10-03T23:01:41.7372742Z   Python3_ROOT_DIR: /opt/hostedtoolcache/Python/3.12.14/x64
2026-10-03T23:01:41.7373153Z   LD_LIBRARY_PATH: /opt/hostedtoolcache/Python/3.12.14/x64/lib
2026-10-03T23:01:41.7373479Z ##[endgroup]
2026-10-03T23:01:41.8432637Z (node:2378) [DEP0040] DeprecationWarning: The `punycode` module is deprecated. Please use a userland alternative instead.
2026-10-03T23:01:41.8434023Z (Use `node --trace-deprecation ...` to show where the warning was created)
2026-10-03T23:01:41.9248498Z Cache not found for input keys: frozen-source-36095439671-15m-shard-5
2026-10-03T23:01:41.9351410Z ##[group]Run set -euo pipefail
2026-10-03T23:01:41.9351765Z [36;1mset -euo pipefail[0m
2026-10-03T23:01:41.9352015Z [36;1mif [ '' != 'true' ]; then[0m
2026-10-03T23:01:41.9352533Z [36;1m  gh run download 36095439671 -R duuu-hub/bb-scanner -n rank5-binance-um-15m-5y-data-shard-5 -D data[0m
2026-10-03T23:01:41.9353033Z [36;1mfi[0m
2026-10-03T23:01:41.9353367Z [36;1mgh run download 36858492497 -R duuu-hub/bb-scanner -n day-edge-v2-btc -D btc[0m
2026-10-03T23:01:41.9354072Z [36;1mgh run download 36095439671 -R duuu-hub/bb-scanner -n rank5-binance-um-15m-5y-manifest-shard-5 -D source-manifest[0m
2026-10-03T23:01:41.9355229Z [36;1mpython scripts/research_evidence_archive.py verify-source --data data --manifests source-manifest --baseline research/fragmented-chase-exhaustion-v22/FROZEN_INPUT_HASHES.json --out source-check.json[0m
2026-10-03T23:01:41.9421864Z shell: /usr/bin/bash --noprofile --norc -e -o pipefail {0}
2026-10-03T23:01:41.9422223Z env:
2026-10-03T23:01:41.9424805Z   GH_TOKEN: ***
2026-10-03T23:01:41.9425102Z   pythonLocation: /opt/hostedtoolcache/Python/3.12.14/x64
2026-10-03T23:01:41.9425551Z   PKG_CONFIG_PATH: /opt/hostedtoolcache/Python/3.12.14/x64/lib/pkgconfig
2026-10-03T23:01:41.9425991Z   Python_ROOT_DIR: /opt/hostedtoolcache/Python/3.12.14/x64
2026-10-03T23:01:41.9426374Z   Python2_ROOT_DIR: /opt/hostedtoolcache/Python/3.12.14/x64
2026-10-03T23:01:41.9426751Z   Python3_ROOT_DIR: /opt/hostedtoolcache/Python/3.12.14/x64
2026-10-03T23:01:41.9427186Z   LD_LIBRARY_PATH: /opt/hostedtoolcache/Python/3.12.14/x64/lib
2026-10-03T23:01:41.9427520Z ##[endgroup]
2026-10-03T23:01:52.0401853Z FROZEN_SOURCE_VERIFIED 107 files 37 prior SHA256 matches
2026-10-03T23:01:52.0979691Z ##[group]Run actions/cache@v4
2026-10-03T23:01:52.0979959Z with:
2026-10-03T23:01:52.0980156Z   path: cache/verified-1m
2026-10-03T23:01:52.0980448Z   key: fragmented-chase-exhaustion-v22-dev-1m-shard-5
2026-10-03T23:01:52.0981914Z   restore-keys: taker-absorption-release-v12-dev-1m-shard-5
aggressive-flow-cascade-v11-dev-1m-shard-5
residual-reversion-v10-dev-1m-shard-5
cross-sectional-leader-v9-dev-1m-shard-5
premium-absorption-v8-dev-1m-shard-5
factor-lag-v6-dev-1m-shard-5
2026-10-03T23:01:52.0983010Z   enableCrossOsArchive: false
2026-10-03T23:01:52.0983253Z   fail-on-cache-miss: false
2026-10-03T23:01:52.0983477Z   lookup-only: false
2026-10-03T23:01:52.0983680Z   save-always: false
2026-10-03T23:01:52.0983869Z env:
2026-10-03T23:01:52.0986575Z   GH_TOKEN: ***
2026-10-03T23:01:52.0986858Z   pythonLocation: /opt/hostedtoolcache/Python/3.12.14/x64
2026-10-03T23:01:52.0987295Z   PKG_CONFIG_PATH: /opt/hostedtoolcache/Python/3.12.14/x64/lib/pkgconfig
2026-10-03T23:01:52.0987749Z   Python_ROOT_DIR: /opt/hostedtoolcache/Python/3.12.14/x64
2026-10-03T23:01:52.0988125Z   Python2_ROOT_DIR: /opt/hostedtoolcache/Python/3.12.14/x64
2026-10-03T23:01:52.0988494Z   Python3_ROOT_DIR: /opt/hostedtoolcache/Python/3.12.14/x64
2026-10-03T23:01:52.0988867Z   LD_LIBRARY_PATH: /opt/hostedtoolcache/Python/3.12.14/x64/lib
2026-10-03T23:01:52.0989184Z ##[endgroup]
2026-10-03T23:01:52.2035318Z (node:2416) [DEP0040] DeprecationWarning: The `punycode` module is deprecated. Please use a userland alternative instead.
2026-10-03T23:01:52.2036487Z (Use `node --trace-deprecation ...` to show where the warning was created)
2026-10-03T23:01:52.2704266Z Cache not found for input keys: fragmented-chase-exhaustion-v22-dev-1m-shard-5, taker-absorption-release-v12-dev-1m-shard-5, aggressive-flow-cascade-v11-dev-1m-shard-5, residual-reversion-v10-dev-1m-shard-5, cross-sectional-leader-v9-dev-1m-shard-5, premium-absorption-v8-dev-1m-shard-5, factor-lag-v6-dev-1m-shard-5
2026-10-03T23:01:52.2781821Z ##[group]Run set -euo pipefail
2026-10-03T23:01:52.2782161Z [36;1mset -euo pipefail[0m
2026-10-03T23:01:52.2782936Z [36;1mpython scripts/fragmented_chase_exhaustion_v22.py scan --stage DEV --data data --btc btc/BTCUSDT.csv.gz --source-check source-check.json --out dev-5 --minute-cache cache/verified-1m[0m
2026-10-03T23:01:52.2846341Z shell: /usr/bin/bash --noprofile --norc -e -o pipefail {0}
2026-10-03T23:01:52.2846699Z env:
2026-10-03T23:01:52.2849399Z   GH_TOKEN: ***
2026-10-03T23:01:52.2849697Z   pythonLocation: /opt/hostedtoolcache/Python/3.12.14/x64
2026-10-03T23:01:52.2850168Z   PKG_CONFIG_PATH: /opt/hostedtoolcache/Python/3.12.14/x64/lib/pkgconfig
2026-10-03T23:01:52.2850623Z   Python_ROOT_DIR: /opt/hostedtoolcache/Python/3.12.14/x64
2026-10-03T23:01:52.2851300Z   Python2_ROOT_DIR: /opt/hostedtoolcache/Python/3.12.14/x64
2026-10-03T23:01:52.2851748Z   Python3_ROOT_DIR: /opt/hostedtoolcache/Python/3.12.14/x64
2026-10-03T23:01:52.2852197Z   LD_LIBRARY_PATH: /opt/hostedtoolcache/Python/3.12.14/x64/lib
2026-10-03T23:01:52.2852542Z ##[endgroup]
2026-10-03T23:01:53.5082197Z /home/runner/work/bb-scanner/bb-scanner/scripts/session_opening_range_sweep_v20.py:80: RuntimeWarning: invalid value encountered in divide
2026-10-03T23:01:53.5083402Z   f['session_vwap'][k:z]=np.where(valid,numer/denom,np.nan)
2026-10-03T23:02:14.9748138Z V22_FRAGMENTED_CHASE_SCAN DEV 48 / 107 parameterized_outcomes 112
2026-10-03T23:02:32.1147156Z V22_FRAGMENTED_CHASE_SCAN DEV 80 / 107 parameterized_outcomes 164
2026-10-03T23:02:40.8466706Z V22_FRAGMENTED_CHASE_SCAN_DONE DEV 194 chronology_exclusions 0
2026-10-03T23:02:40.9040203Z ##[group]Run actions/upload-artifact@v4
2026-10-03T23:02:40.9040511Z with:
2026-10-03T23:02:40.9041031Z   name: fragmented-chase-exhaustion-v22-dev-5
2026-10-03T23:02:40.9041339Z   path: dev-5/
2026-10-03T23:02:40.9041555Z   retention-days: 30
2026-10-03T23:02:40.9041764Z   compression-level: 0
2026-10-03T23:02:40.9041980Z   if-no-files-found: warn
2026-10-03T23:02:40.9042201Z   overwrite: false
2026-10-03T23:02:40.9042409Z   include-hidden-files: false
2026-10-03T23:02:40.9042630Z env:
2026-10-03T23:02:40.9045300Z   GH_TOKEN: ***
2026-10-03T23:02:40.9045589Z   pythonLocation: /opt/hostedtoolcache/Python/3.12.14/x64
2026-10-03T23:02:40.9046020Z   PKG_CONFIG_PATH: /opt/hostedtoolcache/Python/3.12.14/x64/lib/pkgconfig
2026-10-03T23:02:40.9046441Z   Python_ROOT_DIR: /opt/hostedtoolcache/Python/3.12.14/x64
2026-10-03T23:02:40.9046819Z   Python2_ROOT_DIR: /opt/hostedtoolcache/Python/3.12.14/x64
2026-10-03T23:02:40.9047205Z   Python3_ROOT_DIR: /opt/hostedtoolcache/Python/3.12.14/x64
2026-10-03T23:02:40.9047618Z   LD_LIBRARY_PATH: /opt/hostedtoolcache/Python/3.12.14/x64/lib
2026-10-03T23:02:40.9047940Z ##[endgroup]
2026-10-03T23:02:41.0693349Z (node:2445) [DEP0040] DeprecationWarning: The `punycode` module is deprecated. Please use a userland alternative instead.
2026-10-03T23:02:41.0694956Z (Use `node --trace-deprecation ...` to show where the warning was created)
2026-10-03T23:02:41.0837202Z With the provided path, there will be 28 files uploaded
2026-10-03T23:02:41.0844408Z Artifact name is valid!
2026-10-03T23:02:41.0845269Z Root directory input is valid!
2026-10-03T23:02:41.2846073Z Beginning upload of artifact content to blob storage
2026-10-03T23:02:41.3549122Z (node:2445) [DEP0169] DeprecationWarning: `url.parse()` behavior is not standardized and prone to errors that have security implications. Use the WHATWG URL API instead. CVEs are not issued for `url.parse()` vulnerabilities.
2026-10-03T23:02:41.6011840Z Uploaded bytes 8388608
2026-10-03T23:02:41.6521049Z Uploaded bytes 10513118
2026-10-03T23:02:41.6715158Z Finished uploading artifact content to blob storage!
2026-10-03T23:02:41.6716333Z SHA256 digest of uploaded artifact zip is 1d46e713ced1e4a0ee488502cb36c9a9cdbfb21a0ac0a89ff5d68acbf3e50772
2026-10-03T23:02:41.6718470Z Finalizing artifact upload
2026-10-03T23:02:41.8874135Z Artifact fragmented-chase-exhaustion-v22-dev-5.zip successfully finalized. Artifact ID 11287517080
2026-10-03T23:02:41.8875663Z Artifact fragmented-chase-exhaustion-v22-dev-5 has been successfully uploaded! Final size is 10513118 bytes. Artifact ID is 11287517080
2026-10-03T23:02:41.8881804Z Artifact download URL: https://github.com/duuu-hub/bb-scanner/actions/runs/37160262235/artifacts/11287517080
2026-10-03T23:02:41.9049713Z Post job cleanup.
2026-10-03T23:02:42.0129180Z (node:2458) [DEP0040] DeprecationWarning: The `punycode` module is deprecated. Please use a userland alternative instead.
2026-10-03T23:02:42.0130010Z (Use `node --trace-deprecation ...` to show where the warning was created)
2026-10-03T23:02:42.0315960Z [command]/usr/bin/tar --posix -cf cache.tzst --exclude cache.tzst -P -C /home/runner/work/bb-scanner/bb-scanner --files-from manifest.txt --use-compress-program zstdmt
2026-10-03T23:02:42.1419616Z (node:2458) [DEP0169] DeprecationWarning: `url.parse()` behavior is not standardized and prone to errors that have security implications. Use the WHATWG URL API instead. CVEs are not issued for `url.parse()` vulnerabilities.
2026-10-03T23:02:42.4129850Z Sent 12492369 of 12492369 (100.0%), 42.7 MBs/sec
2026-10-03T23:02:42.4831217Z Cache saved with key: fragmented-chase-exhaustion-v22-dev-1m-shard-5
2026-10-03T23:02:42.4943738Z Post job cleanup.
2026-10-03T23:02:42.6000333Z (node:2478) [DEP0040] DeprecationWarning: The `punycode` module is deprecated. Please use a userland alternative instead.
2026-10-03T23:02:42.6002017Z (Use `node --trace-deprecation ...` to show where the warning was created)
2026-10-03T23:02:42.6189037Z [command]/usr/bin/tar --posix -cf cache.tzst --exclude cache.tzst -P -C /home/runner/work/bb-scanner/bb-scanner --files-from manifest.txt --use-compress-program zstdmt
2026-10-03T23:02:43.0167195Z (node:2478) [DEP0169] DeprecationWarning: `url.parse()` behavior is not standardized and prone to errors that have security implications. Use the WHATWG URL API instead. CVEs are not issued for `url.parse()` vulnerabilities.
2026-10-03T23:02:43.9865004Z Sent 252769288 of 252769288 (100.0%), 244.5 MBs/sec
2026-10-03T23:02:44.0681101Z Cache saved with key: frozen-source-36095439671-15m-shard-5
2026-10-03T23:02:44.0812794Z Post job cleanup.
2026-10-03T23:02:44.2025952Z (node:2498) [DEP0040] DeprecationWarning: The `punycode` module is deprecated. Please use a userland alternative instead.
2026-10-03T23:02:44.2027293Z (Use `node --trace-deprecation ...` to show where the warning was created)
2026-10-03T23:02:44.2219630Z Post job cleanup.
2026-10-03T23:02:44.3183726Z [command]/usr/bin/git version
2026-10-03T23:02:44.3229586Z git version 2.55.0
2026-10-03T23:02:44.3278386Z Temporarily overriding HOME='/home/runner/work/_temp/f7e69001-7fd6-4b9c-9dc7-6ac29fc78411' before making global git config changes
2026-10-03T23:02:44.3279857Z Adding repository directory to the temporary git global config as a safe directory
2026-10-03T23:02:44.3286375Z [command]/usr/bin/git config --global --add safe.directory /home/runner/work/bb-scanner/bb-scanner
2026-10-03T23:02:44.3331077Z [command]/usr/bin/git config --local --name-only --get-regexp core\.sshCommand
2026-10-03T23:02:44.3370259Z [command]/usr/bin/git submodule foreach --recursive sh -c "git config --local --name-only --get-regexp 'core\.sshCommand' && git config --local --unset-all 'core.sshCommand' || :"
2026-10-03T23:02:44.3634006Z [command]/usr/bin/git config --local --name-only --get-regexp http\.https\:\/\/github\.com\/\.extraheader
2026-10-03T23:02:44.3667245Z http.https://github.com/.extraheader
2026-10-03T23:02:44.3679680Z [command]/usr/bin/git config --local --unset-all http.https://github.com/.extraheader
2026-10-03T23:02:44.3718307Z [command]/usr/bin/git submodule foreach --recursive sh -c "git config --local --name-only --get-regexp 'http\.https\:\/\/github\.com\/\.extraheader' && git config --local --unset-all 'http.https://github.com/.extraheader' || :"
2026-10-03T23:02:44.3992529Z [command]/usr/bin/git config --local --name-only --get-regexp ^includeIf\.gitdir:
2026-10-03T23:02:44.4032312Z [command]/usr/bin/git submodule foreach --recursive git config --local --show-origin --name-only --get-regexp remote.origin.url
2026-10-03T23:02:44.4421834Z Cleaning up orphan processes
2026-10-03T23:02:44.4704026Z ##[warning]Node.js 20 is deprecated. The following actions target Node.js 20 but are being forced to run on Node.js 24: actions/cache@v4, actions/checkout@v4, actions/setup-python@v5, actions/upload-artifact@v4. For more information see: https://github.blog/changelog/2025-09-19-deprecation-of-node-20-on-github-actions-runners/
