2026-10-03T23:00:54.2655333Z Current runner version: '2.337.0'
2026-10-03T23:00:54.2695321Z ##[group]Runner Image Provisioner
2026-10-03T23:00:54.2696887Z Hosted Compute Agent
2026-10-03T23:00:54.2698135Z Version: 20260901.588
2026-10-03T23:00:54.2699269Z Commit: f88ec8081b781fac6c440065ac7ff9e710ce3d0b
2026-10-03T23:00:54.2700561Z Build Date: 2026-09-01T19:56:44Z
2026-10-03T23:00:54.2702293Z Worker ID: {e74a3d5e-daf3-4782-9936-3203609442b3}
2026-10-03T23:00:54.2703604Z Azure Region: eastus
2026-10-03T23:00:54.2704572Z ##[endgroup]
2026-10-03T23:00:54.2706949Z ##[group]Operating System
2026-10-03T23:00:54.2708432Z Ubuntu
2026-10-03T23:00:54.2709375Z 24.04.5
2026-10-03T23:00:54.2710337Z LTS
2026-10-03T23:00:54.2711176Z ##[endgroup]
2026-10-03T23:00:54.2712136Z ##[group]Runner Image
2026-10-03T23:00:54.2713176Z Image: ubuntu-24.04
2026-10-03T23:00:54.2714277Z Version: 20260927.320.1
2026-10-03T23:00:54.2716448Z Included Software: https://github.com/actions/runner-images/blob/ubuntu24/20260927.320/images/ubuntu/Ubuntu2404-Readme.md
2026-10-03T23:00:54.2719548Z Image Release: https://github.com/actions/runner-images/releases/tag/ubuntu24%2F20260927.320
2026-10-03T23:00:54.2721249Z ##[endgroup]
2026-10-03T23:00:54.2723328Z ##[group]GITHUB_TOKEN Permissions
2026-10-03T23:00:54.2726556Z Actions: read
2026-10-03T23:00:54.2727676Z Contents: read
2026-10-03T23:00:54.2728978Z Metadata: read
2026-10-03T23:00:54.2729912Z ##[endgroup]
2026-10-03T23:00:54.2733471Z Secret source: Actions
2026-10-03T23:00:54.2735089Z Cache mode: write
2026-10-03T23:00:54.2736503Z Prepare workflow directory
2026-10-03T23:00:54.3418458Z Prepare all required actions
2026-10-03T23:00:54.3471265Z Getting action download info
2026-10-03T23:00:54.5332656Z Download action repository 'actions/checkout@v4' (SHA:11d5960a326750d5838078e36cf38b85af677262)
2026-10-03T23:00:54.6469373Z Download action repository 'actions/setup-python@v5' (SHA:a26af69be951a213d495a4c3e4e4022e16d87065)
2026-10-03T23:00:54.7286956Z Download action repository 'actions/cache@v4' (SHA:0057852bfaa89a56745cba8c7296529d2fc39830)
2026-10-03T23:00:54.8328207Z Download action repository 'actions/upload-artifact@v4' (SHA:ea165f8d65b6e75b540449e92b4886f43607fa02)
2026-10-03T23:00:55.0634186Z Complete job name: development (7)
2026-10-03T23:00:55.1449923Z ##[group]Run actions/checkout@v4
2026-10-03T23:00:55.1450971Z with:
2026-10-03T23:00:55.1451503Z   repository: duuu-hub/bb-scanner
2026-10-03T23:00:55.1456986Z   token: ***
2026-10-03T23:00:55.1457484Z   ssh-strict: true
2026-10-03T23:00:55.1458294Z   ssh-user: git
2026-10-03T23:00:55.1458874Z   persist-credentials: true
2026-10-03T23:00:55.1459448Z   clean: true
2026-10-03T23:00:55.1459974Z   sparse-checkout-cone-mode: true
2026-10-03T23:00:55.1460599Z   fetch-depth: 1
2026-10-03T23:00:55.1461114Z   fetch-tags: false
2026-10-03T23:00:55.1461631Z   show-progress: true
2026-10-03T23:00:55.1462157Z   lfs: false
2026-10-03T23:00:55.1462637Z   submodules: false
2026-10-03T23:00:55.1463162Z   set-safe-directory: true
2026-10-03T23:00:55.1463763Z   allow-unsafe-pr-checkout: false
2026-10-03T23:00:55.1464745Z env:
2026-10-03T23:00:55.1470067Z   GH_TOKEN: ***
2026-10-03T23:00:55.1470576Z ##[endgroup]
2026-10-03T23:00:55.2609358Z Syncing repository: duuu-hub/bb-scanner
2026-10-03T23:00:55.2613177Z ##[group]Getting Git version info
2026-10-03T23:00:55.2614799Z Working directory is '/home/runner/work/bb-scanner/bb-scanner'
2026-10-03T23:00:55.2617186Z [command]/usr/bin/git version
2026-10-03T23:00:55.2722256Z git version 2.55.0
2026-10-03T23:00:55.2747599Z ##[endgroup]
2026-10-03T23:00:55.2765323Z Temporarily overriding HOME='/home/runner/work/_temp/cb0d77a2-2a01-4a00-bbc6-0fb1e2cc68c5' before making global git config changes
2026-10-03T23:00:55.2769367Z Adding repository directory to the temporary git global config as a safe directory
2026-10-03T23:00:55.2773795Z [command]/usr/bin/git config --global --add safe.directory /home/runner/work/bb-scanner/bb-scanner
2026-10-03T23:00:55.2867563Z Deleting the contents of '/home/runner/work/bb-scanner/bb-scanner'
2026-10-03T23:00:55.2870678Z ##[group]Initializing the repository
2026-10-03T23:00:55.2880310Z [command]/usr/bin/git init /home/runner/work/bb-scanner/bb-scanner
2026-10-03T23:00:55.2978374Z hint: Using 'master' as the name for the initial branch. This default branch name
2026-10-03T23:00:55.2983218Z hint: will change to "main" in Git 3.0. To configure the initial branch name
2026-10-03T23:00:55.2985978Z hint: to use in all of your new repositories, which will suppress this warning,
2026-10-03T23:00:55.2988375Z hint: call:
2026-10-03T23:00:55.2989528Z hint:
2026-10-03T23:00:55.2990890Z hint: 	git config --global init.defaultBranch <name>
2026-10-03T23:00:55.2992633Z hint:
2026-10-03T23:00:55.2994283Z hint: Names commonly chosen instead of 'master' are 'main', 'trunk' and
2026-10-03T23:00:55.2996829Z hint: 'development'. The just-created branch can be renamed via this command:
2026-10-03T23:00:55.2999023Z hint:
2026-10-03T23:00:55.2999943Z hint: 	git branch -m <name>
2026-10-03T23:00:55.3001024Z hint:
2026-10-03T23:00:55.3002440Z hint: Disable this message with "git config set advice.defaultBranchName false"
2026-10-03T23:00:55.3005276Z Initialized empty Git repository in /home/runner/work/bb-scanner/bb-scanner/.git/
2026-10-03T23:00:55.3029576Z [command]/usr/bin/git remote add origin https://github.com/duuu-hub/bb-scanner
2026-10-03T23:00:55.3061876Z ##[endgroup]
2026-10-03T23:00:55.3063726Z ##[group]Disabling automatic garbage collection
2026-10-03T23:00:55.3068823Z [command]/usr/bin/git config --local gc.auto 0
2026-10-03T23:00:55.3108644Z ##[endgroup]
2026-10-03T23:00:55.3110738Z ##[group]Setting up auth
2026-10-03T23:00:55.3116881Z [command]/usr/bin/git config --local --name-only --get-regexp core\.sshCommand
2026-10-03T23:00:55.3163237Z [command]/usr/bin/git submodule foreach --recursive sh -c "git config --local --name-only --get-regexp 'core\.sshCommand' && git config --local --unset-all 'core.sshCommand' || :"
2026-10-03T23:00:55.3620444Z [command]/usr/bin/git config --local --name-only --get-regexp http\.https\:\/\/github\.com\/\.extraheader
2026-10-03T23:00:55.3692236Z [command]/usr/bin/git submodule foreach --recursive sh -c "git config --local --name-only --get-regexp 'http\.https\:\/\/github\.com\/\.extraheader' && git config --local --unset-all 'http.https://github.com/.extraheader' || :"
2026-10-03T23:00:55.3989381Z [command]/usr/bin/git config --local --name-only --get-regexp ^includeIf\.gitdir:
2026-10-03T23:00:55.4030747Z [command]/usr/bin/git submodule foreach --recursive git config --local --show-origin --name-only --get-regexp remote.origin.url
2026-10-03T23:00:55.4267361Z [command]/usr/bin/git config --local http.https://github.com/.extraheader AUTHORIZATION: basic ***
2026-10-03T23:00:55.4323509Z ##[endgroup]
2026-10-03T23:00:55.4333856Z ##[group]Fetching the repository
2026-10-03T23:00:55.4336739Z [command]/usr/bin/git -c protocol.version=2 fetch --no-tags --prune --no-recurse-submodules --depth=1 origin +9ee40edddb61d072fa24f38b8ab11020970b649c:refs/remotes/origin/research-fragmented-chase-exhaustion-v22
2026-10-03T23:00:56.1746491Z From https://github.com/duuu-hub/bb-scanner
2026-10-03T23:00:56.1749822Z  * [new ref]         9ee40edddb61d072fa24f38b8ab11020970b649c -> origin/research-fragmented-chase-exhaustion-v22
2026-10-03T23:00:56.1753881Z ##[endgroup]
2026-10-03T23:00:56.1755178Z ##[group]Determining the checkout info
2026-10-03T23:00:56.1833724Z ##[endgroup]
2026-10-03T23:00:56.1835252Z [command]/usr/bin/git sparse-checkout disable
2026-10-03T23:00:56.1857578Z [command]/usr/bin/git config --local --unset-all extensions.worktreeConfig
2026-10-03T23:00:56.1861854Z ##[group]Checking out the ref
2026-10-03T23:00:56.1873692Z [command]/usr/bin/git checkout --progress --force -B research-fragmented-chase-exhaustion-v22 refs/remotes/origin/research-fragmented-chase-exhaustion-v22
2026-10-03T23:00:56.4192507Z Switched to a new branch 'research-fragmented-chase-exhaustion-v22'
2026-10-03T23:00:56.4196755Z branch 'research-fragmented-chase-exhaustion-v22' set up to track 'origin/research-fragmented-chase-exhaustion-v22'.
2026-10-03T23:00:56.4210292Z ##[endgroup]
2026-10-03T23:00:56.4258617Z [command]/usr/bin/git log -1 --format=%H
2026-10-03T23:00:56.4289027Z 9ee40edddb61d072fa24f38b8ab11020970b649c
2026-10-03T23:00:56.4695591Z ##[group]Run actions/setup-python@v5
2026-10-03T23:00:56.4696865Z with:
2026-10-03T23:00:56.4698169Z   python-version: 3.12
2026-10-03T23:00:56.4699240Z   check-latest: false
2026-10-03T23:00:56.4710186Z   token: ***
2026-10-03T23:00:56.4711186Z   update-environment: true
2026-10-03T23:00:56.4712286Z   allow-prereleases: false
2026-10-03T23:00:56.4713356Z   freethreaded: false
2026-10-03T23:00:56.4714317Z env:
2026-10-03T23:00:56.4724959Z   GH_TOKEN: ***
2026-10-03T23:00:56.4725881Z ##[endgroup]
2026-10-03T23:00:56.6233851Z ##[group]Installed versions
2026-10-03T23:00:56.6327126Z (node:2305) [DEP0040] DeprecationWarning: The `punycode` module is deprecated. Please use a userland alternative instead.
2026-10-03T23:00:56.6332212Z (Use `node --trace-deprecation ...` to show where the warning was created)
2026-10-03T23:00:56.6338561Z Successfully set up CPython (3.12.14)
2026-10-03T23:00:56.6341605Z ##[endgroup]
2026-10-03T23:00:56.6520753Z ##[group]Run set -euo pipefail
2026-10-03T23:00:56.6522022Z [36;1mset -euo pipefail[0m
2026-10-03T23:00:56.6523226Z [36;1mpip install pandas==2.3.3 numpy==2.3.3[0m
2026-10-03T23:00:56.6840948Z shell: /usr/bin/bash --noprofile --norc -e -o pipefail {0}
2026-10-03T23:00:56.6842429Z env:
2026-10-03T23:00:56.6853544Z   GH_TOKEN: ***
2026-10-03T23:00:56.6854723Z   pythonLocation: /opt/hostedtoolcache/Python/3.12.14/x64
2026-10-03T23:00:56.6856485Z   PKG_CONFIG_PATH: /opt/hostedtoolcache/Python/3.12.14/x64/lib/pkgconfig
2026-10-03T23:00:56.6858535Z   Python_ROOT_DIR: /opt/hostedtoolcache/Python/3.12.14/x64
2026-10-03T23:00:56.6860157Z   Python2_ROOT_DIR: /opt/hostedtoolcache/Python/3.12.14/x64
2026-10-03T23:00:56.6861770Z   Python3_ROOT_DIR: /opt/hostedtoolcache/Python/3.12.14/x64
2026-10-03T23:00:56.6863410Z   LD_LIBRARY_PATH: /opt/hostedtoolcache/Python/3.12.14/x64/lib
2026-10-03T23:00:56.6864846Z ##[endgroup]
2026-10-03T23:00:57.7096879Z Collecting pandas==2.3.3
2026-10-03T23:00:57.7694627Z   Downloading pandas-2.3.3-cp312-cp312-manylinux_2_24_x86_64.manylinux_2_28_x86_64.whl.metadata (91 kB)
2026-10-03T23:00:58.0212052Z Collecting numpy==2.3.3
2026-10-03T23:00:58.0318744Z   Downloading numpy-2.3.3-cp312-cp312-manylinux_2_27_x86_64.manylinux_2_28_x86_64.whl.metadata (62 kB)
2026-10-03T23:00:58.0574553Z Collecting python-dateutil>=2.8.2 (from pandas==2.3.3)
2026-10-03T23:00:58.0612024Z   Downloading python_dateutil-2.9.0.post0-py2.py3-none-any.whl.metadata (8.4 kB)
2026-10-03T23:00:58.0964092Z Collecting pytz>=2020.1 (from pandas==2.3.3)
2026-10-03T23:00:58.1014578Z   Downloading pytz-2026.4-py2.py3-none-any.whl.metadata (22 kB)
2026-10-03T23:00:58.1174378Z Collecting tzdata>=2022.7 (from pandas==2.3.3)
2026-10-03T23:00:58.1212844Z   Downloading tzdata-2026.5-py2.py3-none-any.whl.metadata (1.4 kB)
2026-10-03T23:00:58.1352110Z Collecting six>=1.5 (from python-dateutil>=2.8.2->pandas==2.3.3)
2026-10-03T23:00:58.1390782Z   Downloading six-1.17.0-py2.py3-none-any.whl.metadata (1.7 kB)
2026-10-03T23:00:58.1512681Z Downloading pandas-2.3.3-cp312-cp312-manylinux_2_24_x86_64.manylinux_2_28_x86_64.whl (12.4 MB)
2026-10-03T23:00:58.2052160Z    ━━━━━━━━━━━━━━━━━━━━━━━━━━━━━━━━━━━━━━━━ 12.4/12.4 MB 248.5 MB/s  0:00:00
2026-10-03T23:00:58.2094926Z Downloading numpy-2.3.3-cp312-cp312-manylinux_2_27_x86_64.manylinux_2_28_x86_64.whl (16.6 MB)
2026-10-03T23:00:58.3460787Z    ━━━━━━━━━━━━━━━━━━━━━━━━━━━━━━━━━━━━━━━━ 16.6/16.6 MB 123.2 MB/s  0:00:00
2026-10-03T23:00:58.3506800Z Downloading python_dateutil-2.9.0.post0-py2.py3-none-any.whl (229 kB)
2026-10-03T23:00:58.3589838Z Downloading pytz-2026.4-py2.py3-none-any.whl (506 kB)
2026-10-03T23:00:58.3666498Z Downloading six-1.17.0-py2.py3-none-any.whl (11 kB)
2026-10-03T23:00:58.3730430Z Downloading tzdata-2026.5-py2.py3-none-any.whl (347 kB)
2026-10-03T23:00:58.5394730Z Installing collected packages: pytz, tzdata, six, numpy, python-dateutil, pandas
2026-10-03T23:01:05.9442408Z 
2026-10-03T23:01:05.9457890Z Successfully installed numpy-2.3.3 pandas-2.3.3 python-dateutil-2.9.0.post0 pytz-2026.4 six-1.17.0 tzdata-2026.5
2026-10-03T23:01:06.0305965Z ##[group]Run actions/cache@v4
2026-10-03T23:01:06.0306247Z with:
2026-10-03T23:01:06.0306446Z   path: data
2026-10-03T23:01:06.0306669Z   key: frozen-source-36095439671-15m-shard-7
2026-10-03T23:01:06.0306969Z   enableCrossOsArchive: false
2026-10-03T23:01:06.0307225Z   fail-on-cache-miss: false
2026-10-03T23:01:06.0307462Z   lookup-only: false
2026-10-03T23:01:06.0307674Z   save-always: false
2026-10-03T23:01:06.0308214Z env:
2026-10-03T23:01:06.0310959Z   GH_TOKEN: ***
2026-10-03T23:01:06.0311251Z   pythonLocation: /opt/hostedtoolcache/Python/3.12.14/x64
2026-10-03T23:01:06.0311696Z   PKG_CONFIG_PATH: /opt/hostedtoolcache/Python/3.12.14/x64/lib/pkgconfig
2026-10-03T23:01:06.0312129Z   Python_ROOT_DIR: /opt/hostedtoolcache/Python/3.12.14/x64
2026-10-03T23:01:06.0312513Z   Python2_ROOT_DIR: /opt/hostedtoolcache/Python/3.12.14/x64
2026-10-03T23:01:06.0312914Z   Python3_ROOT_DIR: /opt/hostedtoolcache/Python/3.12.14/x64
2026-10-03T23:01:06.0313339Z   LD_LIBRARY_PATH: /opt/hostedtoolcache/Python/3.12.14/x64/lib
2026-10-03T23:01:06.0313667Z ##[endgroup]
2026-10-03T23:01:06.1420194Z (node:2340) [DEP0040] DeprecationWarning: The `punycode` module is deprecated. Please use a userland alternative instead.
2026-10-03T23:01:06.1421304Z (Use `node --trace-deprecation ...` to show where the warning was created)
2026-10-03T23:01:06.2032020Z Cache not found for input keys: frozen-source-36095439671-15m-shard-7
2026-10-03T23:01:06.2133342Z ##[group]Run set -euo pipefail
2026-10-03T23:01:06.2133697Z [36;1mset -euo pipefail[0m
2026-10-03T23:01:06.2133955Z [36;1mif [ '' != 'true' ]; then[0m
2026-10-03T23:01:06.2134503Z [36;1m  gh run download 36095439671 -R duuu-hub/bb-scanner -n rank5-binance-um-15m-5y-data-shard-7 -D data[0m
2026-10-03T23:01:06.2135038Z [36;1mfi[0m
2026-10-03T23:01:06.2135397Z [36;1mgh run download 36858492497 -R duuu-hub/bb-scanner -n day-edge-v2-btc -D btc[0m
2026-10-03T23:01:06.2136150Z [36;1mgh run download 36095439671 -R duuu-hub/bb-scanner -n rank5-binance-um-15m-5y-manifest-shard-7 -D source-manifest[0m
2026-10-03T23:01:06.2137406Z [36;1mpython scripts/research_evidence_archive.py verify-source --data data --manifests source-manifest --baseline research/fragmented-chase-exhaustion-v22/FROZEN_INPUT_HASHES.json --out source-check.json[0m
2026-10-03T23:01:06.2205398Z shell: /usr/bin/bash --noprofile --norc -e -o pipefail {0}
2026-10-03T23:01:06.2205795Z env:
2026-10-03T23:01:06.2209375Z   GH_TOKEN: ***
2026-10-03T23:01:06.2209696Z   pythonLocation: /opt/hostedtoolcache/Python/3.12.14/x64
2026-10-03T23:01:06.2210471Z   PKG_CONFIG_PATH: /opt/hostedtoolcache/Python/3.12.14/x64/lib/pkgconfig
2026-10-03T23:01:06.2210980Z   Python_ROOT_DIR: /opt/hostedtoolcache/Python/3.12.14/x64
2026-10-03T23:01:06.2211417Z   Python2_ROOT_DIR: /opt/hostedtoolcache/Python/3.12.14/x64
2026-10-03T23:01:06.2211853Z   Python3_ROOT_DIR: /opt/hostedtoolcache/Python/3.12.14/x64
2026-10-03T23:01:06.2212327Z   LD_LIBRARY_PATH: /opt/hostedtoolcache/Python/3.12.14/x64/lib
2026-10-03T23:01:06.2212694Z ##[endgroup]
2026-10-03T23:01:15.1498295Z FROZEN_SOURCE_VERIFIED 107 files 28 prior SHA256 matches
2026-10-03T23:01:15.2093522Z ##[group]Run actions/cache@v4
2026-10-03T23:01:15.2093806Z with:
2026-10-03T23:01:15.2094014Z   path: cache/verified-1m
2026-10-03T23:01:15.2094322Z   key: fragmented-chase-exhaustion-v22-dev-1m-shard-7
2026-10-03T23:01:15.2095482Z   restore-keys: taker-absorption-release-v12-dev-1m-shard-7
aggressive-flow-cascade-v11-dev-1m-shard-7
residual-reversion-v10-dev-1m-shard-7
cross-sectional-leader-v9-dev-1m-shard-7
premium-absorption-v8-dev-1m-shard-7
factor-lag-v6-dev-1m-shard-7
2026-10-03T23:01:15.2096591Z   enableCrossOsArchive: false
2026-10-03T23:01:15.2096853Z   fail-on-cache-miss: false
2026-10-03T23:01:15.2097090Z   lookup-only: false
2026-10-03T23:01:15.2097306Z   save-always: false
2026-10-03T23:01:15.2097507Z env:
2026-10-03T23:01:15.2100809Z   GH_TOKEN: ***
2026-10-03T23:01:15.2101112Z   pythonLocation: /opt/hostedtoolcache/Python/3.12.14/x64
2026-10-03T23:01:15.2101564Z   PKG_CONFIG_PATH: /opt/hostedtoolcache/Python/3.12.14/x64/lib/pkgconfig
2026-10-03T23:01:15.2102032Z   Python_ROOT_DIR: /opt/hostedtoolcache/Python/3.12.14/x64
2026-10-03T23:01:15.2102424Z   Python2_ROOT_DIR: /opt/hostedtoolcache/Python/3.12.14/x64
2026-10-03T23:01:15.2102809Z   Python3_ROOT_DIR: /opt/hostedtoolcache/Python/3.12.14/x64
2026-10-03T23:01:15.2103201Z   LD_LIBRARY_PATH: /opt/hostedtoolcache/Python/3.12.14/x64/lib
2026-10-03T23:01:15.2103532Z ##[endgroup]
2026-10-03T23:01:15.3186784Z (node:2381) [DEP0040] DeprecationWarning: The `punycode` module is deprecated. Please use a userland alternative instead.
2026-10-03T23:01:15.3188131Z (Use `node --trace-deprecation ...` to show where the warning was created)
2026-10-03T23:01:15.3738998Z Cache not found for input keys: fragmented-chase-exhaustion-v22-dev-1m-shard-7, taker-absorption-release-v12-dev-1m-shard-7, aggressive-flow-cascade-v11-dev-1m-shard-7, residual-reversion-v10-dev-1m-shard-7, cross-sectional-leader-v9-dev-1m-shard-7, premium-absorption-v8-dev-1m-shard-7, factor-lag-v6-dev-1m-shard-7
2026-10-03T23:01:15.3813177Z ##[group]Run set -euo pipefail
2026-10-03T23:01:15.3813521Z [36;1mset -euo pipefail[0m
2026-10-03T23:01:15.3814318Z [36;1mpython scripts/fragmented_chase_exhaustion_v22.py scan --stage DEV --data data --btc btc/BTCUSDT.csv.gz --source-check source-check.json --out dev-7 --minute-cache cache/verified-1m[0m
2026-10-03T23:01:15.3879438Z shell: /usr/bin/bash --noprofile --norc -e -o pipefail {0}
2026-10-03T23:01:15.3879884Z env:
2026-10-03T23:01:15.3883636Z   GH_TOKEN: ***
2026-10-03T23:01:15.3884002Z   pythonLocation: /opt/hostedtoolcache/Python/3.12.14/x64
2026-10-03T23:01:15.3884588Z   PKG_CONFIG_PATH: /opt/hostedtoolcache/Python/3.12.14/x64/lib/pkgconfig
2026-10-03T23:01:15.3885166Z   Python_ROOT_DIR: /opt/hostedtoolcache/Python/3.12.14/x64
2026-10-03T23:01:15.3885662Z   Python2_ROOT_DIR: /opt/hostedtoolcache/Python/3.12.14/x64
2026-10-03T23:01:15.3886150Z   Python3_ROOT_DIR: /opt/hostedtoolcache/Python/3.12.14/x64
2026-10-03T23:01:15.3886674Z   LD_LIBRARY_PATH: /opt/hostedtoolcache/Python/3.12.14/x64/lib
2026-10-03T23:01:15.3887078Z ##[endgroup]
2026-10-03T23:01:16.5803200Z /home/runner/work/bb-scanner/bb-scanner/scripts/session_opening_range_sweep_v20.py:80: RuntimeWarning: invalid value encountered in divide
2026-10-03T23:01:16.5804683Z   f['session_vwap'][k:z]=np.where(valid,numer/denom,np.nan)
2026-10-03T23:01:20.5710010Z V22_FRAGMENTED_CHASE_SCAN DEV 8 / 107 parameterized_outcomes 20
2026-10-03T23:01:27.2940684Z V22_FRAGMENTED_CHASE_SCAN DEV 24 / 107 parameterized_outcomes 44
2026-10-03T23:01:36.8137496Z V22_FRAGMENTED_CHASE_SCAN DEV 40 / 107 parameterized_outcomes 118
2026-10-03T23:01:37.7138877Z V22_FRAGMENTED_CHASE_SCAN DEV 48 / 107 parameterized_outcomes 118
2026-10-03T23:01:44.3402912Z V22_FRAGMENTED_CHASE_SCAN DEV 56 / 107 parameterized_outcomes 142
2026-10-03T23:01:48.5206002Z V22_FRAGMENTED_CHASE_SCAN DEV 80 / 107 parameterized_outcomes 142
2026-10-03T23:01:49.1689158Z V22_FRAGMENTED_CHASE_SCAN DEV 88 / 107 parameterized_outcomes 142
2026-10-03T23:01:52.3444129Z V22_FRAGMENTED_CHASE_SCAN DEV 104 / 107 parameterized_outcomes 154
2026-10-03T23:01:52.5361614Z V22_FRAGMENTED_CHASE_SCAN_DONE DEV 154 chronology_exclusions 0
2026-10-03T23:01:52.6083054Z ##[group]Run actions/upload-artifact@v4
2026-10-03T23:01:52.6083366Z with:
2026-10-03T23:01:52.6083606Z   name: fragmented-chase-exhaustion-v22-dev-7
2026-10-03T23:01:52.6083904Z   path: dev-7/
2026-10-03T23:01:52.6084105Z   retention-days: 30
2026-10-03T23:01:52.6084324Z   compression-level: 0
2026-10-03T23:01:52.6084545Z   if-no-files-found: warn
2026-10-03T23:01:52.6084773Z   overwrite: false
2026-10-03T23:01:52.6084985Z   include-hidden-files: false
2026-10-03T23:01:52.6085218Z env:
2026-10-03T23:01:52.6088455Z   GH_TOKEN: ***
2026-10-03T23:01:52.6088758Z   pythonLocation: /opt/hostedtoolcache/Python/3.12.14/x64
2026-10-03T23:01:52.6089411Z   PKG_CONFIG_PATH: /opt/hostedtoolcache/Python/3.12.14/x64/lib/pkgconfig
2026-10-03T23:01:52.6089844Z   Python_ROOT_DIR: /opt/hostedtoolcache/Python/3.12.14/x64
2026-10-03T23:01:52.6090221Z   Python2_ROOT_DIR: /opt/hostedtoolcache/Python/3.12.14/x64
2026-10-03T23:01:52.6090596Z   Python3_ROOT_DIR: /opt/hostedtoolcache/Python/3.12.14/x64
2026-10-03T23:01:52.6091004Z   LD_LIBRARY_PATH: /opt/hostedtoolcache/Python/3.12.14/x64/lib
2026-10-03T23:01:52.6091327Z ##[endgroup]
2026-10-03T23:01:52.7815326Z (node:2403) [DEP0040] DeprecationWarning: The `punycode` module is deprecated. Please use a userland alternative instead.
2026-10-03T23:01:52.7816369Z (Use `node --trace-deprecation ...` to show where the warning was created)
2026-10-03T23:01:52.7950741Z With the provided path, there will be 28 files uploaded
2026-10-03T23:01:52.7957980Z Artifact name is valid!
2026-10-03T23:01:52.7958470Z Root directory input is valid!
2026-10-03T23:01:52.9995645Z Beginning upload of artifact content to blob storage
2026-10-03T23:01:53.0733095Z (node:2403) [DEP0169] DeprecationWarning: `url.parse()` behavior is not standardized and prone to errors that have security implications. Use the WHATWG URL API instead. CVEs are not issued for `url.parse()` vulnerabilities.
2026-10-03T23:01:53.2219564Z Uploaded bytes 8388608
2026-10-03T23:01:53.2816752Z Uploaded bytes 10261227
2026-10-03T23:01:53.2969099Z Finished uploading artifact content to blob storage!
2026-10-03T23:01:53.2970274Z SHA256 digest of uploaded artifact zip is 04a323a703cf326f8144383582abadf17c5596e33872b5c698557f3e3ba4e840
2026-10-03T23:01:53.2978681Z Finalizing artifact upload
2026-10-03T23:01:53.6226776Z Artifact fragmented-chase-exhaustion-v22-dev-7.zip successfully finalized. Artifact ID 11286732916
2026-10-03T23:01:53.6229049Z Artifact fragmented-chase-exhaustion-v22-dev-7 has been successfully uploaded! Final size is 10261227 bytes. Artifact ID is 11286732916
2026-10-03T23:01:53.6234829Z Artifact download URL: https://github.com/duuu-hub/bb-scanner/actions/runs/37160262235/artifacts/11286732916
2026-10-03T23:01:53.6418430Z Post job cleanup.
2026-10-03T23:01:53.7551588Z (node:2417) [DEP0040] DeprecationWarning: The `punycode` module is deprecated. Please use a userland alternative instead.
2026-10-03T23:01:53.7552620Z (Use `node --trace-deprecation ...` to show where the warning was created)
2026-10-03T23:01:53.7754807Z [command]/usr/bin/tar --posix -cf cache.tzst --exclude cache.tzst -P -C /home/runner/work/bb-scanner/bb-scanner --files-from manifest.txt --use-compress-program zstdmt
2026-10-03T23:01:53.9135300Z (node:2417) [DEP0169] DeprecationWarning: `url.parse()` behavior is not standardized and prone to errors that have security implications. Use the WHATWG URL API instead. CVEs are not issued for `url.parse()` vulnerabilities.
2026-10-03T23:01:54.1415967Z Sent 12055740 of 12055740 (100.0%), 48.5 MBs/sec
2026-10-03T23:01:54.2056678Z Cache saved with key: fragmented-chase-exhaustion-v22-dev-1m-shard-7
2026-10-03T23:01:54.2184307Z Post job cleanup.
2026-10-03T23:01:54.3351938Z (node:2438) [DEP0040] DeprecationWarning: The `punycode` module is deprecated. Please use a userland alternative instead.
2026-10-03T23:01:54.3353417Z (Use `node --trace-deprecation ...` to show where the warning was created)
2026-10-03T23:01:54.3562015Z [command]/usr/bin/tar --posix -cf cache.tzst --exclude cache.tzst -P -C /home/runner/work/bb-scanner/bb-scanner --files-from manifest.txt --use-compress-program zstdmt
2026-10-03T23:01:54.6716730Z (node:2438) [DEP0169] DeprecationWarning: `url.parse()` behavior is not standardized and prone to errors that have security implications. Use the WHATWG URL API instead. CVEs are not issued for `url.parse()` vulnerabilities.
2026-10-03T23:01:55.6618879Z Sent 8004131 of 209330723 (3.8%), 7.6 MBs/sec
2026-10-03T23:01:55.8404354Z Sent 209330723 of 209330723 (100.0%), 168.9 MBs/sec
2026-10-03T23:01:55.9269552Z Cache saved with key: frozen-source-36095439671-15m-shard-7
2026-10-03T23:01:55.9443363Z Post job cleanup.
2026-10-03T23:01:56.0694367Z (node:2458) [DEP0040] DeprecationWarning: The `punycode` module is deprecated. Please use a userland alternative instead.
2026-10-03T23:01:56.0696026Z (Use `node --trace-deprecation ...` to show where the warning was created)
2026-10-03T23:01:56.0870598Z Post job cleanup.
2026-10-03T23:01:56.1930466Z [command]/usr/bin/git version
2026-10-03T23:01:56.1980481Z git version 2.55.0
2026-10-03T23:01:56.2028084Z Temporarily overriding HOME='/home/runner/work/_temp/cf14a5c7-62f0-4416-a0c7-881b5f76b28c' before making global git config changes
2026-10-03T23:01:56.2029396Z Adding repository directory to the temporary git global config as a safe directory
2026-10-03T23:01:56.2036536Z [command]/usr/bin/git config --global --add safe.directory /home/runner/work/bb-scanner/bb-scanner
2026-10-03T23:01:56.2085379Z [command]/usr/bin/git config --local --name-only --get-regexp core\.sshCommand
2026-10-03T23:01:56.2129253Z [command]/usr/bin/git submodule foreach --recursive sh -c "git config --local --name-only --get-regexp 'core\.sshCommand' && git config --local --unset-all 'core.sshCommand' || :"
2026-10-03T23:01:56.2414946Z [command]/usr/bin/git config --local --name-only --get-regexp http\.https\:\/\/github\.com\/\.extraheader
2026-10-03T23:01:56.2447268Z http.https://github.com/.extraheader
2026-10-03T23:01:56.2461955Z [command]/usr/bin/git config --local --unset-all http.https://github.com/.extraheader
2026-10-03T23:01:56.2503395Z [command]/usr/bin/git submodule foreach --recursive sh -c "git config --local --name-only --get-regexp 'http\.https\:\/\/github\.com\/\.extraheader' && git config --local --unset-all 'http.https://github.com/.extraheader' || :"
2026-10-03T23:01:56.2797209Z [command]/usr/bin/git config --local --name-only --get-regexp ^includeIf\.gitdir:
2026-10-03T23:01:56.2841481Z [command]/usr/bin/git submodule foreach --recursive git config --local --show-origin --name-only --get-regexp remote.origin.url
2026-10-03T23:01:56.3249904Z Cleaning up orphan processes
2026-10-03T23:01:56.3531901Z ##[warning]Node.js 20 is deprecated. The following actions target Node.js 20 but are being forced to run on Node.js 24: actions/cache@v4, actions/checkout@v4, actions/setup-python@v5, actions/upload-artifact@v4. For more information see: https://github.blog/changelog/2025-09-19-deprecation-of-node-20-on-github-actions-runners/
