2026-10-03T23:00:54.7655813Z Current runner version: '2.337.0'
2026-10-03T23:00:54.7680436Z ##[group]Runner Image Provisioner
2026-10-03T23:00:54.7681357Z Hosted Compute Agent
2026-10-03T23:00:54.7681946Z Version: 20260901.588
2026-10-03T23:00:54.7682861Z Commit: f88ec8081b781fac6c440065ac7ff9e710ce3d0b
2026-10-03T23:00:54.7683616Z Build Date: 2026-09-01T19:56:44Z
2026-10-03T23:00:54.7684302Z Worker ID: {215ff9c8-8890-4628-8059-ae23f83b3a8a}
2026-10-03T23:00:54.7685019Z Azure Region: centralus
2026-10-03T23:00:54.7685620Z ##[endgroup]
2026-10-03T23:00:54.7687045Z ##[group]Operating System
2026-10-03T23:00:54.7687655Z Ubuntu
2026-10-03T23:00:54.7688181Z 24.04.5
2026-10-03T23:00:54.7688653Z LTS
2026-10-03T23:00:54.7689564Z ##[endgroup]
2026-10-03T23:00:54.7690114Z ##[group]Runner Image
2026-10-03T23:00:54.7690688Z Image: ubuntu-24.04
2026-10-03T23:00:54.7691275Z Version: 20260927.320.1
2026-10-03T23:00:54.7693032Z Included Software: https://github.com/actions/runner-images/blob/ubuntu24/20260927.320/images/ubuntu/Ubuntu2404-Readme.md
2026-10-03T23:00:54.7694521Z Image Release: https://github.com/actions/runner-images/releases/tag/ubuntu24%2F20260927.320
2026-10-03T23:00:54.7695441Z ##[endgroup]
2026-10-03T23:00:54.7696699Z ##[group]GITHUB_TOKEN Permissions
2026-10-03T23:00:54.7699009Z Actions: read
2026-10-03T23:00:54.7699599Z Contents: read
2026-10-03T23:00:54.7700155Z Metadata: read
2026-10-03T23:00:54.7700751Z ##[endgroup]
2026-10-03T23:00:54.7703308Z Secret source: Actions
2026-10-03T23:00:54.7704244Z Cache mode: write
2026-10-03T23:00:54.7704917Z Prepare workflow directory
2026-10-03T23:00:54.8260596Z Prepare all required actions
2026-10-03T23:00:54.8332495Z Getting action download info
2026-10-03T23:00:55.1164427Z Download action repository 'actions/checkout@v4' (SHA:11d5960a326750d5838078e36cf38b85af677262)
2026-10-03T23:00:55.2762034Z Download action repository 'actions/setup-python@v5' (SHA:a26af69be951a213d495a4c3e4e4022e16d87065)
2026-10-03T23:00:55.4328671Z Download action repository 'actions/cache@v4' (SHA:0057852bfaa89a56745cba8c7296529d2fc39830)
2026-10-03T23:00:55.5934473Z Download action repository 'actions/upload-artifact@v4' (SHA:ea165f8d65b6e75b540449e92b4886f43607fa02)
2026-10-03T23:00:55.9070830Z Complete job name: development (0)
2026-10-03T23:00:55.9746546Z ##[group]Run actions/checkout@v4
2026-10-03T23:00:55.9747529Z with:
2026-10-03T23:00:55.9748113Z   repository: duuu-hub/bb-scanner
2026-10-03T23:00:55.9752651Z   token: ***
2026-10-03T23:00:55.9753235Z   ssh-strict: true
2026-10-03T23:00:55.9753781Z   ssh-user: git
2026-10-03T23:00:55.9754385Z   persist-credentials: true
2026-10-03T23:00:55.9754991Z   clean: true
2026-10-03T23:00:55.9755640Z   sparse-checkout-cone-mode: true
2026-10-03T23:00:55.9756278Z   fetch-depth: 1
2026-10-03T23:00:55.9756789Z   fetch-tags: false
2026-10-03T23:00:55.9757764Z   show-progress: true
2026-10-03T23:00:55.9758381Z   lfs: false
2026-10-03T23:00:55.9758932Z   submodules: false
2026-10-03T23:00:55.9759545Z   set-safe-directory: true
2026-10-03T23:00:55.9760179Z   allow-unsafe-pr-checkout: false
2026-10-03T23:00:55.9761094Z env:
2026-10-03T23:00:55.9765186Z   GH_TOKEN: ***
2026-10-03T23:00:55.9765787Z ##[endgroup]
2026-10-03T23:00:56.0816433Z Syncing repository: duuu-hub/bb-scanner
2026-10-03T23:00:56.0818758Z ##[group]Getting Git version info
2026-10-03T23:00:56.0819625Z Working directory is '/home/runner/work/bb-scanner/bb-scanner'
2026-10-03T23:00:56.0820949Z [command]/usr/bin/git version
2026-10-03T23:00:56.0854956Z git version 2.55.0
2026-10-03T23:00:56.0873449Z ##[endgroup]
2026-10-03T23:00:56.0890837Z Temporarily overriding HOME='/home/runner/work/_temp/1aeaa102-04dc-4513-9800-35992ee90435' before making global git config changes
2026-10-03T23:00:56.0897293Z Adding repository directory to the temporary git global config as a safe directory
2026-10-03T23:00:56.0904288Z [command]/usr/bin/git config --global --add safe.directory /home/runner/work/bb-scanner/bb-scanner
2026-10-03T23:00:56.0965854Z Deleting the contents of '/home/runner/work/bb-scanner/bb-scanner'
2026-10-03T23:00:56.0971830Z ##[group]Initializing the repository
2026-10-03T23:00:56.0977220Z [command]/usr/bin/git init /home/runner/work/bb-scanner/bb-scanner
2026-10-03T23:00:56.1065878Z hint: Using 'master' as the name for the initial branch. This default branch name
2026-10-03T23:00:56.1068501Z hint: will change to "main" in Git 3.0. To configure the initial branch name
2026-10-03T23:00:56.1070159Z hint: to use in all of your new repositories, which will suppress this warning,
2026-10-03T23:00:56.1071467Z hint: call:
2026-10-03T23:00:56.1072481Z hint:
2026-10-03T23:00:56.1073649Z hint: 	git config --global init.defaultBranch <name>
2026-10-03T23:00:56.1074859Z hint:
2026-10-03T23:00:56.1075915Z hint: Names commonly chosen instead of 'master' are 'main', 'trunk' and
2026-10-03T23:00:56.1077541Z hint: 'development'. The just-created branch can be renamed via this command:
2026-10-03T23:00:56.1078930Z hint:
2026-10-03T23:00:56.1079724Z hint: 	git branch -m <name>
2026-10-03T23:00:56.1080609Z hint:
2026-10-03T23:00:56.1081755Z hint: Disable this message with "git config set advice.defaultBranchName false"
2026-10-03T23:00:56.1083765Z Initialized empty Git repository in /home/runner/work/bb-scanner/bb-scanner/.git/
2026-10-03T23:00:56.1111032Z [command]/usr/bin/git remote add origin https://github.com/duuu-hub/bb-scanner
2026-10-03T23:00:56.1157457Z ##[endgroup]
2026-10-03T23:00:56.1159435Z ##[group]Disabling automatic garbage collection
2026-10-03T23:00:56.1160849Z [command]/usr/bin/git config --local gc.auto 0
2026-10-03T23:00:56.1194478Z ##[endgroup]
2026-10-03T23:00:56.1195986Z ##[group]Setting up auth
2026-10-03T23:00:56.1200514Z [command]/usr/bin/git config --local --name-only --get-regexp core\.sshCommand
2026-10-03T23:00:56.1228759Z [command]/usr/bin/git submodule foreach --recursive sh -c "git config --local --name-only --get-regexp 'core\.sshCommand' && git config --local --unset-all 'core.sshCommand' || :"
2026-10-03T23:00:56.1570155Z [command]/usr/bin/git config --local --name-only --get-regexp http\.https\:\/\/github\.com\/\.extraheader
2026-10-03T23:00:56.1602940Z [command]/usr/bin/git submodule foreach --recursive sh -c "git config --local --name-only --get-regexp 'http\.https\:\/\/github\.com\/\.extraheader' && git config --local --unset-all 'http.https://github.com/.extraheader' || :"
2026-10-03T23:00:56.1861717Z [command]/usr/bin/git config --local --name-only --get-regexp ^includeIf\.gitdir:
2026-10-03T23:00:56.1896158Z [command]/usr/bin/git submodule foreach --recursive git config --local --show-origin --name-only --get-regexp remote.origin.url
2026-10-03T23:00:56.2100167Z [command]/usr/bin/git config --local http.https://github.com/.extraheader AUTHORIZATION: basic ***
2026-10-03T23:00:56.2138220Z ##[endgroup]
2026-10-03T23:00:56.2139441Z ##[group]Fetching the repository
2026-10-03T23:00:56.2150604Z [command]/usr/bin/git -c protocol.version=2 fetch --no-tags --prune --no-recurse-submodules --depth=1 origin +9ee40edddb61d072fa24f38b8ab11020970b649c:refs/remotes/origin/research-fragmented-chase-exhaustion-v22
2026-10-03T23:00:57.4410113Z From https://github.com/duuu-hub/bb-scanner
2026-10-03T23:00:57.4413966Z  * [new ref]         9ee40edddb61d072fa24f38b8ab11020970b649c -> origin/research-fragmented-chase-exhaustion-v22
2026-10-03T23:00:57.4422366Z ##[endgroup]
2026-10-03T23:00:57.4425214Z ##[group]Determining the checkout info
2026-10-03T23:00:57.4428074Z ##[endgroup]
2026-10-03T23:00:57.4430467Z [command]/usr/bin/git sparse-checkout disable
2026-10-03T23:00:57.4477224Z [command]/usr/bin/git config --local --unset-all extensions.worktreeConfig
2026-10-03T23:00:57.4508649Z ##[group]Checking out the ref
2026-10-03T23:00:57.4525856Z [command]/usr/bin/git checkout --progress --force -B research-fragmented-chase-exhaustion-v22 refs/remotes/origin/research-fragmented-chase-exhaustion-v22
2026-10-03T23:00:57.7017625Z Switched to a new branch 'research-fragmented-chase-exhaustion-v22'
2026-10-03T23:00:57.7023151Z branch 'research-fragmented-chase-exhaustion-v22' set up to track 'origin/research-fragmented-chase-exhaustion-v22'.
2026-10-03T23:00:57.7030078Z ##[endgroup]
2026-10-03T23:00:57.7076250Z [command]/usr/bin/git log -1 --format=%H
2026-10-03T23:00:57.7100870Z 9ee40edddb61d072fa24f38b8ab11020970b649c
2026-10-03T23:00:57.7470735Z ##[group]Run actions/setup-python@v5
2026-10-03T23:00:57.7472023Z with:
2026-10-03T23:00:57.7473193Z   python-version: 3.12
2026-10-03T23:00:57.7474347Z   check-latest: false
2026-10-03T23:00:57.7483467Z   token: ***
2026-10-03T23:00:57.7484498Z   update-environment: true
2026-10-03T23:00:57.7485653Z   allow-prereleases: false
2026-10-03T23:00:57.7486801Z   freethreaded: false
2026-10-03T23:00:57.7487825Z env:
2026-10-03T23:00:57.7496429Z   GH_TOKEN: ***
2026-10-03T23:00:57.7497427Z ##[endgroup]
2026-10-03T23:00:57.8871032Z ##[group]Installed versions
2026-10-03T23:00:57.8964574Z (node:2170) [DEP0040] DeprecationWarning: The `punycode` module is deprecated. Please use a userland alternative instead.
2026-10-03T23:00:57.8967887Z (Use `node --trace-deprecation ...` to show where the warning was created)
2026-10-03T23:00:57.8970108Z Successfully set up CPython (3.12.14)
2026-10-03T23:00:57.8972777Z ##[endgroup]
2026-10-03T23:00:57.9189021Z ##[group]Run set -euo pipefail
2026-10-03T23:00:57.9190878Z [36;1mset -euo pipefail[0m
2026-10-03T23:00:57.9192953Z [36;1mpip install pandas==2.3.3 numpy==2.3.3[0m
2026-10-03T23:00:57.9461835Z shell: /usr/bin/bash --noprofile --norc -e -o pipefail {0}
2026-10-03T23:00:57.9463571Z env:
2026-10-03T23:00:57.9471834Z   GH_TOKEN: ***
2026-10-03T23:00:57.9473371Z   pythonLocation: /opt/hostedtoolcache/Python/3.12.14/x64
2026-10-03T23:00:57.9475245Z   PKG_CONFIG_PATH: /opt/hostedtoolcache/Python/3.12.14/x64/lib/pkgconfig
2026-10-03T23:00:57.9477138Z   Python_ROOT_DIR: /opt/hostedtoolcache/Python/3.12.14/x64
2026-10-03T23:00:57.9478837Z   Python2_ROOT_DIR: /opt/hostedtoolcache/Python/3.12.14/x64
2026-10-03T23:00:57.9480526Z   Python3_ROOT_DIR: /opt/hostedtoolcache/Python/3.12.14/x64
2026-10-03T23:00:57.9482388Z   LD_LIBRARY_PATH: /opt/hostedtoolcache/Python/3.12.14/x64/lib
2026-10-03T23:00:57.9483909Z ##[endgroup]
2026-10-03T23:01:00.5520879Z Collecting pandas==2.3.3
2026-10-03T23:01:00.6330845Z   Downloading pandas-2.3.3-cp312-cp312-manylinux_2_24_x86_64.manylinux_2_28_x86_64.whl.metadata (91 kB)
2026-10-03T23:01:00.8851858Z Collecting numpy==2.3.3
2026-10-03T23:01:00.8969356Z   Downloading numpy-2.3.3-cp312-cp312-manylinux_2_27_x86_64.manylinux_2_28_x86_64.whl.metadata (62 kB)
2026-10-03T23:01:00.9323996Z Collecting python-dateutil>=2.8.2 (from pandas==2.3.3)
2026-10-03T23:01:00.9438861Z   Downloading python_dateutil-2.9.0.post0-py2.py3-none-any.whl.metadata (8.4 kB)
2026-10-03T23:01:00.9841496Z Collecting pytz>=2020.1 (from pandas==2.3.3)
2026-10-03T23:01:00.9950898Z   Downloading pytz-2026.4-py2.py3-none-any.whl.metadata (22 kB)
2026-10-03T23:01:01.0182412Z Collecting tzdata>=2022.7 (from pandas==2.3.3)
2026-10-03T23:01:01.0289784Z   Downloading tzdata-2026.5-py2.py3-none-any.whl.metadata (1.4 kB)
2026-10-03T23:01:01.0501928Z Collecting six>=1.5 (from python-dateutil>=2.8.2->pandas==2.3.3)
2026-10-03T23:01:01.0607947Z   Downloading six-1.17.0-py2.py3-none-any.whl.metadata (1.7 kB)
2026-10-03T23:01:01.0751813Z Downloading pandas-2.3.3-cp312-cp312-manylinux_2_24_x86_64.manylinux_2_28_x86_64.whl (12.4 MB)
2026-10-03T23:01:01.5616206Z    ━━━━━━━━━━━━━━━━━━━━━━━━━━━━━━━━━━━━━━━━ 12.4/12.4 MB 26.7 MB/s  0:00:00
2026-10-03T23:01:01.5737364Z Downloading numpy-2.3.3-cp312-cp312-manylinux_2_27_x86_64.manylinux_2_28_x86_64.whl (16.6 MB)
2026-10-03T23:01:01.8113936Z    ━━━━━━━━━━━━━━━━━━━━━━━━━━━━━━━━━━━━━━━━ 16.6/16.6 MB 69.9 MB/s  0:00:00
2026-10-03T23:01:01.8228002Z Downloading python_dateutil-2.9.0.post0-py2.py3-none-any.whl (229 kB)
2026-10-03T23:01:01.8377762Z Downloading pytz-2026.4-py2.py3-none-any.whl (506 kB)
2026-10-03T23:01:01.8543026Z Downloading six-1.17.0-py2.py3-none-any.whl (11 kB)
2026-10-03T23:01:01.8697924Z Downloading tzdata-2026.5-py2.py3-none-any.whl (347 kB)
2026-10-03T23:01:02.2154725Z Installing collected packages: pytz, tzdata, six, numpy, python-dateutil, pandas
2026-10-03T23:01:08.3533826Z 
2026-10-03T23:01:08.3547131Z Successfully installed numpy-2.3.3 pandas-2.3.3 python-dateutil-2.9.0.post0 pytz-2026.4 six-1.17.0 tzdata-2026.5
2026-10-03T23:01:08.4281483Z ##[group]Run actions/cache@v4
2026-10-03T23:01:08.4281844Z with:
2026-10-03T23:01:08.4282160Z   path: data
2026-10-03T23:01:08.4282768Z   key: frozen-source-36095439671-15m-shard-0
2026-10-03T23:01:08.4283149Z   enableCrossOsArchive: false
2026-10-03T23:01:08.4283533Z   fail-on-cache-miss: false
2026-10-03T23:01:08.4283876Z   lookup-only: false
2026-10-03T23:01:08.4284207Z   save-always: false
2026-10-03T23:01:08.4284507Z env:
2026-10-03T23:01:08.4286695Z   GH_TOKEN: ***
2026-10-03T23:01:08.4287093Z   pythonLocation: /opt/hostedtoolcache/Python/3.12.14/x64
2026-10-03T23:01:08.4287608Z   PKG_CONFIG_PATH: /opt/hostedtoolcache/Python/3.12.14/x64/lib/pkgconfig
2026-10-03T23:01:08.4288123Z   Python_ROOT_DIR: /opt/hostedtoolcache/Python/3.12.14/x64
2026-10-03T23:01:08.4288595Z   Python2_ROOT_DIR: /opt/hostedtoolcache/Python/3.12.14/x64
2026-10-03T23:01:08.4289057Z   Python3_ROOT_DIR: /opt/hostedtoolcache/Python/3.12.14/x64
2026-10-03T23:01:08.4289635Z   LD_LIBRARY_PATH: /opt/hostedtoolcache/Python/3.12.14/x64/lib
2026-10-03T23:01:08.4290031Z ##[endgroup]
2026-10-03T23:01:08.5378879Z (node:2205) [DEP0040] DeprecationWarning: The `punycode` module is deprecated. Please use a userland alternative instead.
2026-10-03T23:01:08.5380567Z (Use `node --trace-deprecation ...` to show where the warning was created)
2026-10-03T23:01:08.7325829Z Cache not found for input keys: frozen-source-36095439671-15m-shard-0
2026-10-03T23:01:08.7427783Z ##[group]Run set -euo pipefail
2026-10-03T23:01:08.7428236Z [36;1mset -euo pipefail[0m
2026-10-03T23:01:08.7428601Z [36;1mif [ '' != 'true' ]; then[0m
2026-10-03T23:01:08.7429183Z [36;1m  gh run download 36095439671 -R duuu-hub/bb-scanner -n rank5-binance-um-15m-5y-data-shard-0 -D data[0m
2026-10-03T23:01:08.7429784Z [36;1mfi[0m
2026-10-03T23:01:08.7430202Z [36;1mgh run download 36858492497 -R duuu-hub/bb-scanner -n day-edge-v2-btc -D btc[0m
2026-10-03T23:01:08.7430974Z [36;1mgh run download 36095439671 -R duuu-hub/bb-scanner -n rank5-binance-um-15m-5y-manifest-shard-0 -D source-manifest[0m
2026-10-03T23:01:08.7432099Z [36;1mpython scripts/research_evidence_archive.py verify-source --data data --manifests source-manifest --baseline research/fragmented-chase-exhaustion-v22/FROZEN_INPUT_HASHES.json --out source-check.json[0m
2026-10-03T23:01:08.7473476Z shell: /usr/bin/bash --noprofile --norc -e -o pipefail {0}
2026-10-03T23:01:08.7473906Z env:
2026-10-03T23:01:08.7476434Z   GH_TOKEN: ***
2026-10-03T23:01:08.7476813Z   pythonLocation: /opt/hostedtoolcache/Python/3.12.14/x64
2026-10-03T23:01:08.7477340Z   PKG_CONFIG_PATH: /opt/hostedtoolcache/Python/3.12.14/x64/lib/pkgconfig
2026-10-03T23:01:08.7477835Z   Python_ROOT_DIR: /opt/hostedtoolcache/Python/3.12.14/x64
2026-10-03T23:01:08.7478296Z   Python2_ROOT_DIR: /opt/hostedtoolcache/Python/3.12.14/x64
2026-10-03T23:01:08.7478773Z   Python3_ROOT_DIR: /opt/hostedtoolcache/Python/3.12.14/x64
2026-10-03T23:01:08.7479285Z   LD_LIBRARY_PATH: /opt/hostedtoolcache/Python/3.12.14/x64/lib
2026-10-03T23:01:08.7479699Z ##[endgroup]
2026-10-03T23:01:24.6625051Z FROZEN_SOURCE_VERIFIED 107 files 28 prior SHA256 matches
2026-10-03T23:01:24.7191672Z ##[group]Run actions/cache@v4
2026-10-03T23:01:24.7192042Z with:
2026-10-03T23:01:24.7192509Z   path: cache/verified-1m
2026-10-03T23:01:24.7192874Z   key: fragmented-chase-exhaustion-v22-dev-1m-shard-0
2026-10-03T23:01:24.7194023Z   restore-keys: taker-absorption-release-v12-dev-1m-shard-0
aggressive-flow-cascade-v11-dev-1m-shard-0
residual-reversion-v10-dev-1m-shard-0
cross-sectional-leader-v9-dev-1m-shard-0
premium-absorption-v8-dev-1m-shard-0
factor-lag-v6-dev-1m-shard-0
2026-10-03T23:01:24.7195099Z   enableCrossOsArchive: false
2026-10-03T23:01:24.7195454Z   fail-on-cache-miss: false
2026-10-03T23:01:24.7195796Z   lookup-only: false
2026-10-03T23:01:24.7196078Z   save-always: false
2026-10-03T23:01:24.7196394Z env:
2026-10-03T23:01:24.7199051Z   GH_TOKEN: ***
2026-10-03T23:01:24.7199429Z   pythonLocation: /opt/hostedtoolcache/Python/3.12.14/x64
2026-10-03T23:01:24.7200187Z   PKG_CONFIG_PATH: /opt/hostedtoolcache/Python/3.12.14/x64/lib/pkgconfig
2026-10-03T23:01:24.7200797Z   Python_ROOT_DIR: /opt/hostedtoolcache/Python/3.12.14/x64
2026-10-03T23:01:24.7201238Z   Python2_ROOT_DIR: /opt/hostedtoolcache/Python/3.12.14/x64
2026-10-03T23:01:24.7201666Z   Python3_ROOT_DIR: /opt/hostedtoolcache/Python/3.12.14/x64
2026-10-03T23:01:24.7202172Z   LD_LIBRARY_PATH: /opt/hostedtoolcache/Python/3.12.14/x64/lib
2026-10-03T23:01:24.7202812Z ##[endgroup]
2026-10-03T23:01:24.8279147Z (node:2245) [DEP0040] DeprecationWarning: The `punycode` module is deprecated. Please use a userland alternative instead.
2026-10-03T23:01:24.8280018Z (Use `node --trace-deprecation ...` to show where the warning was created)
2026-10-03T23:01:24.9947492Z Cache not found for input keys: fragmented-chase-exhaustion-v22-dev-1m-shard-0, taker-absorption-release-v12-dev-1m-shard-0, aggressive-flow-cascade-v11-dev-1m-shard-0, residual-reversion-v10-dev-1m-shard-0, cross-sectional-leader-v9-dev-1m-shard-0, premium-absorption-v8-dev-1m-shard-0, factor-lag-v6-dev-1m-shard-0
2026-10-03T23:01:25.0024143Z ##[group]Run set -euo pipefail
2026-10-03T23:01:25.0024566Z [36;1mset -euo pipefail[0m
2026-10-03T23:01:25.0025391Z [36;1mpython scripts/fragmented_chase_exhaustion_v22.py scan --stage DEV --data data --btc btc/BTCUSDT.csv.gz --source-check source-check.json --out dev-0 --minute-cache cache/verified-1m[0m
2026-10-03T23:01:25.0065859Z shell: /usr/bin/bash --noprofile --norc -e -o pipefail {0}
2026-10-03T23:01:25.0066345Z env:
2026-10-03T23:01:25.0068701Z   GH_TOKEN: ***
2026-10-03T23:01:25.0069097Z   pythonLocation: /opt/hostedtoolcache/Python/3.12.14/x64
2026-10-03T23:01:25.0069586Z   PKG_CONFIG_PATH: /opt/hostedtoolcache/Python/3.12.14/x64/lib/pkgconfig
2026-10-03T23:01:25.0070117Z   Python_ROOT_DIR: /opt/hostedtoolcache/Python/3.12.14/x64
2026-10-03T23:01:25.0070627Z   Python2_ROOT_DIR: /opt/hostedtoolcache/Python/3.12.14/x64
2026-10-03T23:01:25.0071106Z   Python3_ROOT_DIR: /opt/hostedtoolcache/Python/3.12.14/x64
2026-10-03T23:01:25.0071868Z   LD_LIBRARY_PATH: /opt/hostedtoolcache/Python/3.12.14/x64/lib
2026-10-03T23:01:25.0072360Z ##[endgroup]
2026-10-03T23:01:26.2523301Z /home/runner/work/bb-scanner/bb-scanner/scripts/session_opening_range_sweep_v20.py:80: RuntimeWarning: invalid value encountered in divide
2026-10-03T23:01:26.2524595Z   f['session_vwap'][k:z]=np.where(valid,numer/denom,np.nan)
2026-10-03T23:01:34.4214338Z V22_FRAGMENTED_CHASE_SCAN DEV 8 / 107 parameterized_outcomes 46
2026-10-03T23:01:48.5540078Z V22_FRAGMENTED_CHASE_SCAN DEV 40 / 107 parameterized_outcomes 78
2026-10-03T23:01:53.1593120Z V22_FRAGMENTED_CHASE_SCAN DEV 48 / 107 parameterized_outcomes 84
2026-10-03T23:01:54.4210512Z V22_FRAGMENTED_CHASE_SCAN DEV 56 / 107 parameterized_outcomes 84
2026-10-03T23:01:59.7578668Z V22_FRAGMENTED_CHASE_SCAN DEV 88 / 107 parameterized_outcomes 84
2026-10-03T23:02:12.0819522Z V22_FRAGMENTED_CHASE_SCAN DEV 104 / 107 parameterized_outcomes 130
2026-10-03T23:02:13.0211882Z V22_FRAGMENTED_CHASE_SCAN_DONE DEV 130 chronology_exclusions 0
2026-10-03T23:02:13.0850148Z ##[group]Run actions/upload-artifact@v4
2026-10-03T23:02:13.0850537Z with:
2026-10-03T23:02:13.0850900Z   name: fragmented-chase-exhaustion-v22-dev-0
2026-10-03T23:02:13.0851304Z   path: dev-0/
2026-10-03T23:02:13.0851612Z   retention-days: 30
2026-10-03T23:02:13.0851950Z   compression-level: 0
2026-10-03T23:02:13.0852383Z   if-no-files-found: warn
2026-10-03T23:02:13.0852787Z   overwrite: false
2026-10-03T23:02:13.0853114Z   include-hidden-files: false
2026-10-03T23:02:13.0853443Z env:
2026-10-03T23:02:13.0855741Z   GH_TOKEN: ***
2026-10-03T23:02:13.0856265Z   pythonLocation: /opt/hostedtoolcache/Python/3.12.14/x64
2026-10-03T23:02:13.0856849Z   PKG_CONFIG_PATH: /opt/hostedtoolcache/Python/3.12.14/x64/lib/pkgconfig
2026-10-03T23:02:13.0857365Z   Python_ROOT_DIR: /opt/hostedtoolcache/Python/3.12.14/x64
2026-10-03T23:02:13.0858006Z   Python2_ROOT_DIR: /opt/hostedtoolcache/Python/3.12.14/x64
2026-10-03T23:02:13.0858482Z   Python3_ROOT_DIR: /opt/hostedtoolcache/Python/3.12.14/x64
2026-10-03T23:02:13.0859080Z   LD_LIBRARY_PATH: /opt/hostedtoolcache/Python/3.12.14/x64/lib
2026-10-03T23:02:13.0859497Z ##[endgroup]
2026-10-03T23:02:13.2477406Z (node:2275) [DEP0040] DeprecationWarning: The `punycode` module is deprecated. Please use a userland alternative instead.
2026-10-03T23:02:13.2478661Z (Use `node --trace-deprecation ...` to show where the warning was created)
2026-10-03T23:02:13.2788644Z With the provided path, there will be 34 files uploaded
2026-10-03T23:02:13.2789738Z Artifact name is valid!
2026-10-03T23:02:13.2790208Z Root directory input is valid!
2026-10-03T23:02:13.5678280Z Beginning upload of artifact content to blob storage
2026-10-03T23:02:13.6451534Z (node:2275) [DEP0169] DeprecationWarning: `url.parse()` behavior is not standardized and prone to errors that have security implications. Use the WHATWG URL API instead. CVEs are not issued for `url.parse()` vulnerabilities.
2026-10-03T23:02:14.0858397Z Uploaded bytes 8388608
2026-10-03T23:02:14.2232443Z Uploaded bytes 13848373
2026-10-03T23:02:14.2628567Z Finished uploading artifact content to blob storage!
2026-10-03T23:02:14.2629765Z SHA256 digest of uploaded artifact zip is 7bc521f4ef75105022da9864196223930fe45e805797939326e50c4708878ac3
2026-10-03T23:02:14.2630642Z Finalizing artifact upload
2026-10-03T23:02:14.4803589Z Artifact fragmented-chase-exhaustion-v22-dev-0.zip successfully finalized. Artifact ID 11287453314
2026-10-03T23:02:14.4804766Z Artifact fragmented-chase-exhaustion-v22-dev-0 has been successfully uploaded! Final size is 13848373 bytes. Artifact ID is 11287453314
2026-10-03T23:02:14.4809912Z Artifact download URL: https://github.com/duuu-hub/bb-scanner/actions/runs/37160262235/artifacts/11287453314
2026-10-03T23:02:14.4963337Z Post job cleanup.
2026-10-03T23:02:14.6030306Z (node:2287) [DEP0040] DeprecationWarning: The `punycode` module is deprecated. Please use a userland alternative instead.
2026-10-03T23:02:14.6031437Z (Use `node --trace-deprecation ...` to show where the warning was created)
2026-10-03T23:02:14.6197093Z [command]/usr/bin/tar --posix -cf cache.tzst --exclude cache.tzst -P -C /home/runner/work/bb-scanner/bb-scanner --files-from manifest.txt --use-compress-program zstdmt
2026-10-03T23:02:14.8896037Z (node:2287) [DEP0169] DeprecationWarning: `url.parse()` behavior is not standardized and prone to errors that have security implications. Use the WHATWG URL API instead. CVEs are not issued for `url.parse()` vulnerabilities.
2026-10-03T23:02:15.4579617Z Sent 16958853 of 16958853 (100.0%), 28.1 MBs/sec
2026-10-03T23:02:15.5357472Z Cache saved with key: fragmented-chase-exhaustion-v22-dev-1m-shard-0
2026-10-03T23:02:15.5465294Z Post job cleanup.
2026-10-03T23:02:15.6539018Z (node:2309) [DEP0040] DeprecationWarning: The `punycode` module is deprecated. Please use a userland alternative instead.
2026-10-03T23:02:15.6539849Z (Use `node --trace-deprecation ...` to show where the warning was created)
2026-10-03T23:02:15.6707409Z [command]/usr/bin/tar --posix -cf cache.tzst --exclude cache.tzst -P -C /home/runner/work/bb-scanner/bb-scanner --files-from manifest.txt --use-compress-program zstdmt
2026-10-03T23:02:16.0598811Z (node:2309) [DEP0169] DeprecationWarning: `url.parse()` behavior is not standardized and prone to errors that have security implications. Use the WHATWG URL API instead. CVEs are not issued for `url.parse()` vulnerabilities.
2026-10-03T23:02:17.0514283Z Sent 0 of 242832053 (0.0%), 0.0 MBs/sec
2026-10-03T23:02:17.4395423Z Sent 242832053 of 242832053 (100.0%), 166.4 MBs/sec
2026-10-03T23:02:17.5440455Z Cache saved with key: frozen-source-36095439671-15m-shard-0
2026-10-03T23:02:17.5568274Z Post job cleanup.
2026-10-03T23:02:17.6808445Z (node:2329) [DEP0040] DeprecationWarning: The `punycode` module is deprecated. Please use a userland alternative instead.
2026-10-03T23:02:17.6809560Z (Use `node --trace-deprecation ...` to show where the warning was created)
2026-10-03T23:02:17.6936440Z Post job cleanup.
2026-10-03T23:02:17.7893478Z [command]/usr/bin/git version
2026-10-03T23:02:17.7923372Z git version 2.55.0
2026-10-03T23:02:17.7955337Z Temporarily overriding HOME='/home/runner/work/_temp/60736968-a2ef-4585-94af-39acee12c415' before making global git config changes
2026-10-03T23:02:17.7956860Z Adding repository directory to the temporary git global config as a safe directory
2026-10-03T23:02:17.7961176Z [command]/usr/bin/git config --global --add safe.directory /home/runner/work/bb-scanner/bb-scanner
2026-10-03T23:02:17.7998073Z [command]/usr/bin/git config --local --name-only --get-regexp core\.sshCommand
2026-10-03T23:02:17.8028658Z [command]/usr/bin/git submodule foreach --recursive sh -c "git config --local --name-only --get-regexp 'core\.sshCommand' && git config --local --unset-all 'core.sshCommand' || :"
2026-10-03T23:02:17.8284585Z [command]/usr/bin/git config --local --name-only --get-regexp http\.https\:\/\/github\.com\/\.extraheader
2026-10-03T23:02:17.8320642Z http.https://github.com/.extraheader
2026-10-03T23:02:17.8332628Z [command]/usr/bin/git config --local --unset-all http.https://github.com/.extraheader
2026-10-03T23:02:17.8376845Z [command]/usr/bin/git submodule foreach --recursive sh -c "git config --local --name-only --get-regexp 'http\.https\:\/\/github\.com\/\.extraheader' && git config --local --unset-all 'http.https://github.com/.extraheader' || :"
2026-10-03T23:02:17.8665035Z [command]/usr/bin/git config --local --name-only --get-regexp ^includeIf\.gitdir:
2026-10-03T23:02:17.8711039Z [command]/usr/bin/git submodule foreach --recursive git config --local --show-origin --name-only --get-regexp remote.origin.url
2026-10-03T23:02:17.9161000Z Cleaning up orphan processes
2026-10-03T23:02:17.9417832Z ##[warning]Node.js 20 is deprecated. The following actions target Node.js 20 but are being forced to run on Node.js 24: actions/cache@v4, actions/checkout@v4, actions/setup-python@v5, actions/upload-artifact@v4. For more information see: https://github.blog/changelog/2025-09-19-deprecation-of-node-20-on-github-actions-runners/
