2026-10-03T17:18:36.6934524Z Current runner version: '2.337.0'
2026-10-03T17:18:36.6955280Z ##[group]Runner Image Provisioner
2026-10-03T17:18:36.6955979Z Hosted Compute Agent
2026-10-03T17:18:36.6956464Z Version: 20260901.588
2026-10-03T17:18:36.6957031Z Commit: f88ec8081b781fac6c440065ac7ff9e710ce3d0b
2026-10-03T17:18:36.6957651Z Build Date: 2026-09-01T19:56:44Z
2026-10-03T17:18:36.6958191Z Worker ID: {fec2dd73-d659-4407-b8f4-b0cc56bf5bd7}
2026-10-03T17:18:36.6958834Z Azure Region: eastus
2026-10-03T17:18:36.6959477Z ##[endgroup]
2026-10-03T17:18:36.6960634Z ##[group]Operating System
2026-10-03T17:18:36.6961167Z Ubuntu
2026-10-03T17:18:36.6961568Z 24.04.5
2026-10-03T17:18:36.6962386Z LTS
2026-10-03T17:18:36.6963127Z ##[endgroup]
2026-10-03T17:18:36.6963798Z ##[group]Runner Image
2026-10-03T17:18:36.6964341Z Image: ubuntu-24.04
2026-10-03T17:18:36.6964823Z Version: 20260927.320.1
2026-10-03T17:18:36.6965902Z Included Software: https://github.com/actions/runner-images/blob/ubuntu24/20260927.320/images/ubuntu/Ubuntu2404-Readme.md
2026-10-03T17:18:36.6967167Z Image Release: https://github.com/actions/runner-images/releases/tag/ubuntu24%2F20260927.320
2026-10-03T17:18:36.6968001Z ##[endgroup]
2026-10-03T17:18:36.6969044Z ##[group]GITHUB_TOKEN Permissions
2026-10-03T17:18:36.6970831Z Actions: read
2026-10-03T17:18:36.6971409Z Contents: write
2026-10-03T17:18:36.6971945Z Metadata: read
2026-10-03T17:18:36.6972431Z ##[endgroup]
2026-10-03T17:18:36.6974927Z Secret source: Actions
2026-10-03T17:18:36.6975718Z Cache mode: write
2026-10-03T17:18:36.6976597Z Prepare workflow directory
2026-10-03T17:18:36.7369686Z Prepare all required actions
2026-10-03T17:18:36.7408638Z Getting action download info
2026-10-03T17:18:36.9523335Z Download action repository 'actions/checkout@v4' (SHA:11d5960a326750d5838078e36cf38b85af677262)
2026-10-03T17:18:37.0496484Z Download action repository 'actions/setup-python@v5' (SHA:a26af69be951a213d495a4c3e4e4022e16d87065)
2026-10-03T17:18:37.1431183Z Download action repository 'actions/download-artifact@v4' (SHA:d3f86a106a0bac45b974a628896c90dbdf5c8093)
2026-10-03T17:18:37.3213581Z Download action repository 'actions/upload-artifact@v4' (SHA:ea165f8d65b6e75b540449e92b4886f43607fa02)
2026-10-03T17:18:37.5406228Z Complete job name: selection
2026-10-03T17:18:37.5956362Z ##[group]Run actions/checkout@v4
2026-10-03T17:18:37.5957005Z with:
2026-10-03T17:18:37.5957361Z   repository: duuu-hub/bb-scanner
2026-10-03T17:18:37.5960366Z   token: ***
2026-10-03T17:18:37.5960716Z   ssh-strict: true
2026-10-03T17:18:37.5961069Z   ssh-user: git
2026-10-03T17:18:37.5961419Z   persist-credentials: true
2026-10-03T17:18:37.5961796Z   clean: true
2026-10-03T17:18:37.5962149Z   sparse-checkout-cone-mode: true
2026-10-03T17:18:37.5962745Z   fetch-depth: 1
2026-10-03T17:18:37.5963087Z   fetch-tags: false
2026-10-03T17:18:37.5963431Z   show-progress: true
2026-10-03T17:18:37.5963775Z   lfs: false
2026-10-03T17:18:37.5964096Z   submodules: false
2026-10-03T17:18:37.5964453Z   set-safe-directory: true
2026-10-03T17:18:37.5964850Z   allow-unsafe-pr-checkout: false
2026-10-03T17:18:37.5965446Z env:
2026-10-03T17:18:37.5968297Z   GH_TOKEN: ***
2026-10-03T17:18:37.5968636Z ##[endgroup]
2026-10-03T17:18:37.6756319Z Syncing repository: duuu-hub/bb-scanner
2026-10-03T17:18:37.6758464Z ##[group]Getting Git version info
2026-10-03T17:18:37.6759319Z Working directory is '/home/runner/work/bb-scanner/bb-scanner'
2026-10-03T17:18:37.6760482Z [command]/usr/bin/git version
2026-10-03T17:18:37.6853515Z git version 2.55.0
2026-10-03T17:18:37.6885405Z ##[endgroup]
2026-10-03T17:18:37.6901672Z Temporarily overriding HOME='/home/runner/work/_temp/0c074d25-3806-474e-9fc3-01cdf07a5338' before making global git config changes
2026-10-03T17:18:37.6903777Z Adding repository directory to the temporary git global config as a safe directory
2026-10-03T17:18:37.6905257Z [command]/usr/bin/git config --global --add safe.directory /home/runner/work/bb-scanner/bb-scanner
2026-10-03T17:18:37.6942843Z Deleting the contents of '/home/runner/work/bb-scanner/bb-scanner'
2026-10-03T17:18:37.6949719Z ##[group]Initializing the repository
2026-10-03T17:18:37.6953937Z [command]/usr/bin/git init /home/runner/work/bb-scanner/bb-scanner
2026-10-03T17:18:37.7039512Z hint: Using 'master' as the name for the initial branch. This default branch name
2026-10-03T17:18:37.7041211Z hint: will change to "main" in Git 3.0. To configure the initial branch name
2026-10-03T17:18:37.7046894Z hint: to use in all of your new repositories, which will suppress this warning,
2026-10-03T17:18:37.7048167Z hint: call:
2026-10-03T17:18:37.7048916Z hint:
2026-10-03T17:18:37.7049767Z hint: 	git config --global init.defaultBranch <name>
2026-10-03T17:18:37.7051047Z hint:
2026-10-03T17:18:37.7051926Z hint: Names commonly chosen instead of 'master' are 'main', 'trunk' and
2026-10-03T17:18:37.7053585Z hint: 'development'. The just-created branch can be renamed via this command:
2026-10-03T17:18:37.7054983Z hint:
2026-10-03T17:18:37.7055638Z hint: 	git branch -m <name>
2026-10-03T17:18:37.7056347Z hint:
2026-10-03T17:18:37.7057258Z hint: Disable this message with "git config set advice.defaultBranchName false"
2026-10-03T17:18:37.7058848Z Initialized empty Git repository in /home/runner/work/bb-scanner/bb-scanner/.git/
2026-10-03T17:18:37.7061457Z [command]/usr/bin/git remote add origin https://github.com/duuu-hub/bb-scanner
2026-10-03T17:18:37.7107303Z ##[endgroup]
2026-10-03T17:18:37.7108381Z ##[group]Disabling automatic garbage collection
2026-10-03T17:18:37.7110952Z [command]/usr/bin/git config --local gc.auto 0
2026-10-03T17:18:37.7144564Z ##[endgroup]
2026-10-03T17:18:37.7145614Z ##[group]Setting up auth
2026-10-03T17:18:37.7151948Z [command]/usr/bin/git config --local --name-only --get-regexp core\.sshCommand
2026-10-03T17:18:37.7185234Z [command]/usr/bin/git submodule foreach --recursive sh -c "git config --local --name-only --get-regexp 'core\.sshCommand' && git config --local --unset-all 'core.sshCommand' || :"
2026-10-03T17:18:37.7545619Z [command]/usr/bin/git config --local --name-only --get-regexp http\.https\:\/\/github\.com\/\.extraheader
2026-10-03T17:18:37.7586796Z [command]/usr/bin/git submodule foreach --recursive sh -c "git config --local --name-only --get-regexp 'http\.https\:\/\/github\.com\/\.extraheader' && git config --local --unset-all 'http.https://github.com/.extraheader' || :"
2026-10-03T17:18:37.7791529Z [command]/usr/bin/git config --local --name-only --get-regexp ^includeIf\.gitdir:
2026-10-03T17:18:37.7821816Z [command]/usr/bin/git submodule foreach --recursive git config --local --show-origin --name-only --get-regexp remote.origin.url
2026-10-03T17:18:37.8010032Z [command]/usr/bin/git config --local http.https://github.com/.extraheader AUTHORIZATION: basic ***
2026-10-03T17:18:37.8044679Z ##[endgroup]
2026-10-03T17:18:37.8045409Z ##[group]Fetching the repository
2026-10-03T17:18:37.8052341Z [command]/usr/bin/git -c protocol.version=2 fetch --no-tags --prune --no-recurse-submodules --depth=1 origin +fd46fa1fb6f6616e3d4b4b0dcc399ccf4d482b1d:refs/remotes/origin/research-contract-mark-dislocation-v21
2026-10-03T17:18:38.6024635Z From https://github.com/duuu-hub/bb-scanner
2026-10-03T17:18:38.6026399Z  * [new ref]         fd46fa1fb6f6616e3d4b4b0dcc399ccf4d482b1d -> origin/research-contract-mark-dislocation-v21
2026-10-03T17:18:38.6029507Z ##[endgroup]
2026-10-03T17:18:38.6030672Z ##[group]Determining the checkout info
2026-10-03T17:18:38.6031993Z ##[endgroup]
2026-10-03T17:18:38.6037616Z [command]/usr/bin/git sparse-checkout disable
2026-10-03T17:18:38.6082351Z [command]/usr/bin/git config --local --unset-all extensions.worktreeConfig
2026-10-03T17:18:38.6110755Z ##[group]Checking out the ref
2026-10-03T17:18:38.6115301Z [command]/usr/bin/git checkout --progress --force -B research-contract-mark-dislocation-v21 refs/remotes/origin/research-contract-mark-dislocation-v21
2026-10-03T17:18:38.8159648Z Switched to a new branch 'research-contract-mark-dislocation-v21'
2026-10-03T17:18:38.8163386Z branch 'research-contract-mark-dislocation-v21' set up to track 'origin/research-contract-mark-dislocation-v21'.
2026-10-03T17:18:38.8173161Z ##[endgroup]
2026-10-03T17:18:38.8211654Z [command]/usr/bin/git log -1 --format=%H
2026-10-03T17:18:38.8234309Z fd46fa1fb6f6616e3d4b4b0dcc399ccf4d482b1d
2026-10-03T17:18:38.8584434Z ##[group]Run actions/setup-python@v5
2026-10-03T17:18:38.8585487Z with:
2026-10-03T17:18:38.8586249Z   python-version: 3.12
2026-10-03T17:18:38.8587106Z   check-latest: false
2026-10-03T17:18:38.8594665Z   token: ***
2026-10-03T17:18:38.8595480Z   update-environment: true
2026-10-03T17:18:38.8596389Z   allow-prereleases: false
2026-10-03T17:18:38.8597288Z   freethreaded: false
2026-10-03T17:18:38.8598092Z env:
2026-10-03T17:18:38.8605251Z   GH_TOKEN: ***
2026-10-03T17:18:38.8606011Z ##[endgroup]
2026-10-03T17:18:38.9655133Z ##[group]Installed versions
2026-10-03T17:18:38.9728520Z (node:2149) [DEP0040] DeprecationWarning: The `punycode` module is deprecated. Please use a userland alternative instead.
2026-10-03T17:18:38.9731045Z (Use `node --trace-deprecation ...` to show where the warning was created)
2026-10-03T17:18:38.9733311Z Successfully set up CPython (3.12.14)
2026-10-03T17:18:38.9736081Z ##[endgroup]
2026-10-03T17:18:38.9901177Z ##[group]Run set -euo pipefail
2026-10-03T17:18:38.9902133Z [36;1mset -euo pipefail[0m
2026-10-03T17:18:38.9903204Z [36;1mpip install pandas==2.3.3 numpy==2.3.3[0m
2026-10-03T17:18:39.0136780Z shell: /usr/bin/bash --noprofile --norc -e -o pipefail {0}
2026-10-03T17:18:39.0137919Z env:
2026-10-03T17:18:39.0144971Z   GH_TOKEN: ***
2026-10-03T17:18:39.0145870Z   pythonLocation: /opt/hostedtoolcache/Python/3.12.14/x64
2026-10-03T17:18:39.0147262Z   PKG_CONFIG_PATH: /opt/hostedtoolcache/Python/3.12.14/x64/lib/pkgconfig
2026-10-03T17:18:39.0148653Z   Python_ROOT_DIR: /opt/hostedtoolcache/Python/3.12.14/x64
2026-10-03T17:18:39.0149896Z   Python2_ROOT_DIR: /opt/hostedtoolcache/Python/3.12.14/x64
2026-10-03T17:18:39.0151140Z   Python3_ROOT_DIR: /opt/hostedtoolcache/Python/3.12.14/x64
2026-10-03T17:18:39.0152395Z   LD_LIBRARY_PATH: /opt/hostedtoolcache/Python/3.12.14/x64/lib
2026-10-03T17:18:39.0153593Z ##[endgroup]
2026-10-03T17:18:39.7343786Z Collecting pandas==2.3.3
2026-10-03T17:18:39.7759334Z   Downloading pandas-2.3.3-cp312-cp312-manylinux_2_24_x86_64.manylinux_2_28_x86_64.whl.metadata (91 kB)
2026-10-03T17:18:39.9550171Z Collecting numpy==2.3.3
2026-10-03T17:18:39.9583404Z   Downloading numpy-2.3.3-cp312-cp312-manylinux_2_27_x86_64.manylinux_2_28_x86_64.whl.metadata (62 kB)
2026-10-03T17:18:39.9800146Z Collecting python-dateutil>=2.8.2 (from pandas==2.3.3)
2026-10-03T17:18:39.9833597Z   Downloading python_dateutil-2.9.0.post0-py2.py3-none-any.whl.metadata (8.4 kB)
2026-10-03T17:18:40.0141445Z Collecting pytz>=2020.1 (from pandas==2.3.3)
2026-10-03T17:18:40.0183222Z   Downloading pytz-2026.4-py2.py3-none-any.whl.metadata (22 kB)
2026-10-03T17:18:40.0303218Z Collecting tzdata>=2022.7 (from pandas==2.3.3)
2026-10-03T17:18:40.0333272Z   Downloading tzdata-2026.5-py2.py3-none-any.whl.metadata (1.4 kB)
2026-10-03T17:18:40.0443177Z Collecting six>=1.5 (from python-dateutil>=2.8.2->pandas==2.3.3)
2026-10-03T17:18:40.0473618Z   Downloading six-1.17.0-py2.py3-none-any.whl.metadata (1.7 kB)
2026-10-03T17:18:40.0542462Z Downloading pandas-2.3.3-cp312-cp312-manylinux_2_24_x86_64.manylinux_2_28_x86_64.whl (12.4 MB)
2026-10-03T17:18:40.1495893Z    ━━━━━━━━━━━━━━━━━━━━━━━━━━━━━━━━━━━━━━━━ 12.4/12.4 MB 133.5 MB/s  0:00:00
2026-10-03T17:18:40.1540750Z Downloading numpy-2.3.3-cp312-cp312-manylinux_2_27_x86_64.manylinux_2_28_x86_64.whl (16.6 MB)
2026-10-03T17:18:40.3745470Z    ━━━━━━━━━━━━━━━━━━━━━━━━━━━━━━━━━━━━━━━━ 16.6/16.6 MB 75.6 MB/s  0:00:00
2026-10-03T17:18:40.3780689Z Downloading python_dateutil-2.9.0.post0-py2.py3-none-any.whl (229 kB)
2026-10-03T17:18:40.3833507Z Downloading pytz-2026.4-py2.py3-none-any.whl (506 kB)
2026-10-03T17:18:40.3903514Z Downloading six-1.17.0-py2.py3-none-any.whl (11 kB)
2026-10-03T17:18:40.3949993Z Downloading tzdata-2026.5-py2.py3-none-any.whl (347 kB)
2026-10-03T17:18:40.5198680Z Installing collected packages: pytz, tzdata, six, numpy, python-dateutil, pandas
2026-10-03T17:18:46.0901121Z 
2026-10-03T17:18:46.0911612Z Successfully installed numpy-2.3.3 pandas-2.3.3 python-dateutil-2.9.0.post0 pytz-2026.4 six-1.17.0 tzdata-2026.5
2026-10-03T17:18:46.1502190Z ##[group]Run actions/download-artifact@v4
2026-10-03T17:18:46.1502439Z with:
2026-10-03T17:18:46.1502897Z   pattern: contract-mark-dislocation-v21-dev-[0-7]
2026-10-03T17:18:46.1503163Z   path: dev-parts
2026-10-03T17:18:46.1503355Z   merge-multiple: false
2026-10-03T17:18:46.1503559Z   repository: duuu-hub/bb-scanner
2026-10-03T17:18:46.1503785Z   run-id: 37138299485
2026-10-03T17:18:46.1503964Z env:
2026-10-03T17:18:46.1505927Z   GH_TOKEN: ***
2026-10-03T17:18:46.1506173Z   pythonLocation: /opt/hostedtoolcache/Python/3.12.14/x64
2026-10-03T17:18:46.1506534Z   PKG_CONFIG_PATH: /opt/hostedtoolcache/Python/3.12.14/x64/lib/pkgconfig
2026-10-03T17:18:46.1506879Z   Python_ROOT_DIR: /opt/hostedtoolcache/Python/3.12.14/x64
2026-10-03T17:18:46.1507179Z   Python2_ROOT_DIR: /opt/hostedtoolcache/Python/3.12.14/x64
2026-10-03T17:18:46.1507491Z   Python3_ROOT_DIR: /opt/hostedtoolcache/Python/3.12.14/x64
2026-10-03T17:18:46.1507820Z   LD_LIBRARY_PATH: /opt/hostedtoolcache/Python/3.12.14/x64/lib
2026-10-03T17:18:46.1508082Z ##[endgroup]
2026-10-03T17:18:46.2812868Z (node:2184) [DEP0040] DeprecationWarning: The `punycode` module is deprecated. Please use a userland alternative instead.
2026-10-03T17:18:46.2813814Z (Use `node --trace-deprecation ...` to show where the warning was created)
2026-10-03T17:18:46.3654674Z Found 9 artifact(s)
2026-10-03T17:18:46.3655702Z Filtering artifacts by pattern 'contract-mark-dislocation-v21-dev-[0-7]'
2026-10-03T17:18:46.3674002Z Preparing to download the following artifacts:
2026-10-03T17:18:46.3674997Z - contract-mark-dislocation-v21-dev-7 (ID: 11279967126, Size: 622884872, Expected Digest: sha256:012c392c27dceed4c534ec02a5dbb1383ddf99b580749f0e076d390b420f05f1)
2026-10-03T17:18:46.3676466Z - contract-mark-dislocation-v21-dev-3 (ID: 11279718276, Size: 596622551, Expected Digest: sha256:7831cdc2b3d597934669a5e0dd1c46bece7a6064aa2aec95d80c4954b8724be7)
2026-10-03T17:18:46.3678054Z - contract-mark-dislocation-v21-dev-5 (ID: 11279607816, Size: 999545468, Expected Digest: sha256:417eea9d4a7638865893be6471386b43a4275e73e641990e986cce55ec62e63c)
2026-10-03T17:18:46.3679487Z - contract-mark-dislocation-v21-dev-6 (ID: 11279463019, Size: 689277780, Expected Digest: sha256:c67d2d1a2e801051ef59835b448a8749f87bf10468a3343e8aaabcc7d100a9b3)
2026-10-03T17:18:46.3681003Z - contract-mark-dislocation-v21-dev-2 (ID: 11279394050, Size: 734253719, Expected Digest: sha256:04dce007b12241e9c5fb3fb049eb988ca7e3e294e4a951273208ea6dd598321c)
2026-10-03T17:18:46.3681832Z - contract-mark-dislocation-v21-dev-0 (ID: 11279369565, Size: 844310663, Expected Digest: sha256:732f3d20716a2411dd9c2c4a8a35c26bdc662fe94933a752cc7b6d7af91476eb)
2026-10-03T17:18:46.3682828Z - contract-mark-dislocation-v21-dev-1 (ID: 11279332791, Size: 878942303, Expected Digest: sha256:a588870226fee1683ef5a75d6b8cb4c9e80a0ba8a273889fb94709a58c980166)
2026-10-03T17:18:46.3683669Z - contract-mark-dislocation-v21-dev-4 (ID: 11279238982, Size: 606330795, Expected Digest: sha256:57246bca513859b1361fee2d3316f9310b83b2f752cfe50e4a478e7dcb7a0615)
2026-10-03T17:18:46.4923894Z Redirecting to blob download url: https://productionresultssa3.blob.core.windows.net/actions-results/b2df767b-7d55-8096-a498-80eec7542af5/workflow-job-run-28ec0ea5-979b-5090-9471-397e085b6a07/artifacts/b92e2c81f601ccf336618b4864d1f3091872521e4285a678ef3150db5f2715c6.zip
2026-10-03T17:18:46.4925217Z Starting download of artifact to: /home/runner/work/bb-scanner/bb-scanner/dev-parts/contract-mark-dislocation-v21-dev-7
2026-10-03T17:18:46.5140017Z Redirecting to blob download url: https://productionresultssa3.blob.core.windows.net/actions-results/b2df767b-7d55-8096-a498-80eec7542af5/workflow-job-run-991f380b-4900-51e0-98b9-ab9b29c54b0f/artifacts/cf10264d325ac60b9740349885d1575e6b74ca32f6b1d8547bd674fd5f85d78f.zip
2026-10-03T17:18:46.5141932Z Starting download of artifact to: /home/runner/work/bb-scanner/bb-scanner/dev-parts/contract-mark-dislocation-v21-dev-3
2026-10-03T17:18:46.5179172Z Redirecting to blob download url: https://productionresultssa3.blob.core.windows.net/actions-results/b2df767b-7d55-8096-a498-80eec7542af5/workflow-job-run-1b2ddd2b-4ac4-5f2b-9da0-c6d7a9f9856d/artifacts/be00f6793e8ac9963fd17a8ea53584ab2c86d003d8ddf704a562069e7ad2b663.zip
2026-10-03T17:18:46.5181153Z Starting download of artifact to: /home/runner/work/bb-scanner/bb-scanner/dev-parts/contract-mark-dislocation-v21-dev-2
2026-10-03T17:18:46.5194128Z Redirecting to blob download url: https://productionresultssa3.blob.core.windows.net/actions-results/b2df767b-7d55-8096-a498-80eec7542af5/workflow-job-run-c3f926ba-aca4-5d2a-b04d-cb3723d3e599/artifacts/2d11369e5ad6d91ab65430c2e616243fdeddec2a0f8f8901ac1492160f759c2b.zip
2026-10-03T17:18:46.5195483Z Starting download of artifact to: /home/runner/work/bb-scanner/bb-scanner/dev-parts/contract-mark-dislocation-v21-dev-4
2026-10-03T17:18:46.5207048Z Redirecting to blob download url: https://productionresultssa3.blob.core.windows.net/actions-results/b2df767b-7d55-8096-a498-80eec7542af5/workflow-job-run-f547920f-cd2e-5bf4-a143-55a68291b1b6/artifacts/cf6ae882edf53a47cb116b23f8742a1e33f48d104ac38b7beaf96fe631f3a637.zip
2026-10-03T17:18:46.5208397Z Starting download of artifact to: /home/runner/work/bb-scanner/bb-scanner/dev-parts/contract-mark-dislocation-v21-dev-6
2026-10-03T17:18:46.5215193Z Redirecting to blob download url: https://productionresultssa3.blob.core.windows.net/actions-results/b2df767b-7d55-8096-a498-80eec7542af5/workflow-job-run-d3c9f0f5-bbf0-5483-9065-04b6a5abe948/artifacts/727d5e099dbcbaa78f8b1f79a6f53d6be894113109c34124779a6ef3c41a987d.zip
2026-10-03T17:18:46.5216602Z Starting download of artifact to: /home/runner/work/bb-scanner/bb-scanner/dev-parts/contract-mark-dislocation-v21-dev-1
2026-10-03T17:18:46.5349317Z Redirecting to blob download url: https://productionresultssa3.blob.core.windows.net/actions-results/b2df767b-7d55-8096-a498-80eec7542af5/workflow-job-run-f216cbd8-90ef-5721-be95-6ea559b8a21c/artifacts/ece5efaa6dfbc55fbf7c742874aee810565f11f2b182478010ca65dc2dd6be9a.zip
2026-10-03T17:18:46.5350493Z Starting download of artifact to: /home/runner/work/bb-scanner/bb-scanner/dev-parts/contract-mark-dislocation-v21-dev-5
2026-10-03T17:18:46.5359679Z Redirecting to blob download url: https://productionresultssa3.blob.core.windows.net/actions-results/b2df767b-7d55-8096-a498-80eec7542af5/workflow-job-run-e5c4fb1b-4e7c-5488-864a-31765e099b26/artifacts/edc89ae00177688834b23370858ed6662a90a88dd24c1dffb69dc69a79b17c46.zip
2026-10-03T17:18:46.5361740Z Starting download of artifact to: /home/runner/work/bb-scanner/bb-scanner/dev-parts/contract-mark-dislocation-v21-dev-0
2026-10-03T17:18:46.5615825Z (node:2184) [DEP0005] DeprecationWarning: Buffer() is deprecated due to security and usability issues. Please use the Buffer.alloc(), Buffer.allocUnsafe(), or Buffer.from() methods instead.
2026-10-03T17:19:08.1617907Z SHA256 digest of downloaded artifact is 7831cdc2b3d597934669a5e0dd1c46bece7a6064aa2aec95d80c4954b8724be7
2026-10-03T17:19:08.1618970Z Artifact download completed successfully.
2026-10-03T17:19:08.3276813Z SHA256 digest of downloaded artifact is 57246bca513859b1361fee2d3316f9310b83b2f752cfe50e4a478e7dcb7a0615
2026-10-03T17:19:08.3277731Z Artifact download completed successfully.
2026-10-03T17:19:08.8435207Z SHA256 digest of downloaded artifact is 012c392c27dceed4c534ec02a5dbb1383ddf99b580749f0e076d390b420f05f1
2026-10-03T17:19:08.8435806Z Artifact download completed successfully.
2026-10-03T17:19:10.2938339Z SHA256 digest of downloaded artifact is c67d2d1a2e801051ef59835b448a8749f87bf10468a3343e8aaabcc7d100a9b3
2026-10-03T17:19:10.2939146Z Artifact download completed successfully.
2026-10-03T17:19:10.9507644Z SHA256 digest of downloaded artifact is 04dce007b12241e9c5fb3fb049eb988ca7e3e294e4a951273208ea6dd598321c
2026-10-03T17:19:10.9508161Z Artifact download completed successfully.
2026-10-03T17:19:12.3767384Z SHA256 digest of downloaded artifact is 732f3d20716a2411dd9c2c4a8a35c26bdc662fe94933a752cc7b6d7af91476eb
2026-10-03T17:19:12.3768595Z Artifact download completed successfully.
2026-10-03T17:19:12.7853076Z SHA256 digest of downloaded artifact is a588870226fee1683ef5a75d6b8cb4c9e80a0ba8a273889fb94709a58c980166
2026-10-03T17:19:12.7853873Z Artifact download completed successfully.
2026-10-03T17:19:13.7861321Z SHA256 digest of downloaded artifact is 417eea9d4a7638865893be6471386b43a4275e73e641990e986cce55ec62e63c
2026-10-03T17:19:13.7862115Z Artifact download completed successfully.
2026-10-03T17:19:13.7862753Z Total of 8 artifact(s) downloaded
2026-10-03T17:19:13.7868358Z Download artifact has finished successfully
2026-10-03T17:19:13.8144206Z ##[group]Run set -euo pipefail
2026-10-03T17:19:13.8144524Z [36;1mset -euo pipefail[0m
2026-10-03T17:19:13.8144979Z [36;1mpython scripts/contract_mark_dislocation_v21.py select --parts dev-parts --out selected-input[0m
2026-10-03T17:19:13.8145418Z [36;1mpython - <<'SELECT'[0m
2026-10-03T17:19:13.8145661Z [36;1mimport json,os[0m
2026-10-03T17:19:13.8146008Z [36;1mn=len(json.load(open('selected-input/selection.json'))['policies'])[0m
2026-10-03T17:19:13.8146489Z [36;1mwith open(os.environ['GITHUB_OUTPUT'],'a') as f:f.write('selected_count='+str(n)+'\n')[0m
2026-10-03T17:19:13.8146871Z [36;1mSELECT[0m
2026-10-03T17:19:13.8205348Z shell: /usr/bin/bash --noprofile --norc -e -o pipefail {0}
2026-10-03T17:19:13.8205673Z env:
2026-10-03T17:19:13.8207705Z   GH_TOKEN: ***
2026-10-03T17:19:13.8207995Z   pythonLocation: /opt/hostedtoolcache/Python/3.12.14/x64
2026-10-03T17:19:13.8208387Z   PKG_CONFIG_PATH: /opt/hostedtoolcache/Python/3.12.14/x64/lib/pkgconfig
2026-10-03T17:19:13.8208815Z   Python_ROOT_DIR: /opt/hostedtoolcache/Python/3.12.14/x64
2026-10-03T17:19:13.8209169Z   Python2_ROOT_DIR: /opt/hostedtoolcache/Python/3.12.14/x64
2026-10-03T17:19:13.8209505Z   Python3_ROOT_DIR: /opt/hostedtoolcache/Python/3.12.14/x64
2026-10-03T17:19:13.8209845Z   LD_LIBRARY_PATH: /opt/hostedtoolcache/Python/3.12.14/x64/lib
2026-10-03T17:19:13.8210146Z ##[endgroup]
2026-10-03T17:19:19.9976189Z V21_CONTRACT_MARK_SELECT {"status": "NO_DEVELOPMENT_POLICY_SURVIVOR", "cells_examined": 96, "selected": [], "policies": [], "union_name": "CONTRACT_MARK_DISLOCATION_UNION", "source_context_sha256": "4cbf469c0c0d4efa9c63d19c9650bbaf1e8ded8f38bc4195ec2d702d2eea9614", "source_symbols": 856, "mark_coverage": {"passed": true, "minimum_fraction": 0.95, "years": {"2021": {"eligible": 1043507, "known": 1043507, "unavailable": 0, "fraction": 1.0}, "2022": {"eligible": 3315216, "known": 3306214, "unavailable": 9002, "fraction": 0.9972846414833906}, "2023": {"eligible": 3547461, "known": 3536394, "unavailable": 11067, "fraction": 0.9968803039695151}}, "symbols": 856}, "economic_surviving_cells": 0, "rejection_counts": {"NET40_MEAN_BP_NONPOSITIVE": 96, "NET40_R_MEAN_NONPOSITIVE": 96, "2021_net40_R_NONPOSITIVE": 96, "2021_net40_mean_bp_NONPOSITIVE": 96, "2021_day_R_NONPOSITIVE": 96, "2022_net40_R_NONPOSITIVE": 96, "2022_net40_mean_bp_NONPOSITIVE": 96, "2022_day_R_NONPOSITIVE": 96, "2023_net40_R_NONPOSITIVE": 96, "2023_net40_mean_bp_NONPOSITIVE": 96, "2023_day_R_NONPOSITIVE": 96, "N_LT_300": 4, "TOP_SYMBOL_GT_30PCT": 32}, "note": "Frozen contract-versus-mark dislocation reversal. Overlapping diagnostics are not executable account growth."}
2026-10-03T17:19:20.0786592Z ##[group]Run set -euo pipefail
2026-10-03T17:19:20.0786893Z [36;1mset -euo pipefail[0m
2026-10-03T17:19:20.0787139Z [36;1mpython - <<'SAVE'[0m
2026-10-03T17:19:20.0787393Z [36;1mfrom pathlib import Path[0m
2026-10-03T17:19:20.0787664Z [36;1mimport shutil,json,os,hashlib[0m
2026-10-03T17:19:20.0788109Z [36;1mp=Path('research/contract-mark-dislocation-v21/run-'+os.environ['GITHUB_RUN_ID']+'/development')[0m
2026-10-03T17:19:20.0788586Z [36;1mshutil.copytree('selected-input',p)[0m
2026-10-03T17:19:20.0789003Z [36;1mfor name in ['scan_meta.json','exclusions.csv','frozen_context.json','source_check.json']:[0m
2026-10-03T17:19:20.0789468Z [36;1m for i,f in enumerate(sorted(Path('dev-parts').rglob(name))):[0m
2026-10-03T17:19:20.0790032Z [36;1m  shutil.copyfile(f,p/('full_dev_shard_'+str(i)+'_'+name))[0m
2026-10-03T17:19:20.0790559Z [36;1m(p/'provenance.json').write_text(json.dumps(dict(run=int(os.environ['GITHUB_RUN_ID']),code_commit=os.environ['GITHUB_SHA'],[0m
2026-10-03T17:19:20.0791340Z [36;1m source_data_run=36095439671,cells=96,sha256={str(f.relative_to(p)):hashlib.sha256(f.read_bytes()).hexdigest() for f in p.rglob('*') if f.is_file()}),indent=2))[0m
2026-10-03T17:19:20.0791872Z [36;1mSAVE[0m
2026-10-03T17:19:20.0847299Z shell: /usr/bin/bash --noprofile --norc -e -o pipefail {0}
2026-10-03T17:19:20.0847622Z env:
2026-10-03T17:19:20.0849641Z   GH_TOKEN: ***
2026-10-03T17:19:20.0849934Z   pythonLocation: /opt/hostedtoolcache/Python/3.12.14/x64
2026-10-03T17:19:20.0850346Z   PKG_CONFIG_PATH: /opt/hostedtoolcache/Python/3.12.14/x64/lib/pkgconfig
2026-10-03T17:19:20.0850729Z   Python_ROOT_DIR: /opt/hostedtoolcache/Python/3.12.14/x64
2026-10-03T17:19:20.0851080Z   Python2_ROOT_DIR: /opt/hostedtoolcache/Python/3.12.14/x64
2026-10-03T17:19:20.0851438Z   Python3_ROOT_DIR: /opt/hostedtoolcache/Python/3.12.14/x64
2026-10-03T17:19:20.0851791Z   LD_LIBRARY_PATH: /opt/hostedtoolcache/Python/3.12.14/x64/lib
2026-10-03T17:19:20.0852093Z ##[endgroup]
2026-10-03T17:19:20.4296524Z ##[group]Run set -euo pipefail
2026-10-03T17:19:20.4296843Z [36;1mset -euo pipefail[0m
2026-10-03T17:19:20.4297132Z [36;1mgit config user.name "github-actions[bot]"[0m
2026-10-03T17:19:20.4297567Z [36;1mgit config user.email "41898282+github-actions[bot]@users.noreply.github.com"[0m
2026-10-03T17:19:20.4298069Z [36;1mgit checkout -b "research-contract-mark-dislocation-v21-dev-37138299485"[0m
2026-10-03T17:19:20.4298559Z [36;1mgit add "research/contract-mark-dislocation-v21/run-37138299485/development"[0m
2026-10-03T17:19:20.4299013Z [36;1mgit commit -m "Preserve V21 dev before subsequent research stages"[0m
2026-10-03T17:19:20.4299359Z [36;1mgit push origin HEAD[0m
2026-10-03T17:19:20.4355959Z shell: /usr/bin/bash --noprofile --norc -e -o pipefail {0}
2026-10-03T17:19:20.4356291Z env:
2026-10-03T17:19:20.4358266Z   GH_TOKEN: ***
2026-10-03T17:19:20.4358558Z   pythonLocation: /opt/hostedtoolcache/Python/3.12.14/x64
2026-10-03T17:19:20.4358985Z   PKG_CONFIG_PATH: /opt/hostedtoolcache/Python/3.12.14/x64/lib/pkgconfig
2026-10-03T17:19:20.4359366Z   Python_ROOT_DIR: /opt/hostedtoolcache/Python/3.12.14/x64
2026-10-03T17:19:20.4359709Z   Python2_ROOT_DIR: /opt/hostedtoolcache/Python/3.12.14/x64
2026-10-03T17:19:20.4360058Z   Python3_ROOT_DIR: /opt/hostedtoolcache/Python/3.12.14/x64
2026-10-03T17:19:20.4360403Z   LD_LIBRARY_PATH: /opt/hostedtoolcache/Python/3.12.14/x64/lib
2026-10-03T17:19:20.4360709Z ##[endgroup]
2026-10-03T17:19:20.6592010Z Switched to a new branch 'research-contract-mark-dislocation-v21-dev-37138299485'
2026-10-03T17:19:20.9910530Z [research-contract-mark-dislocation-v21-dev-37138299485 7c1a8c6] Preserve V21 dev before subsequent research stages
2026-10-03T17:19:20.9911090Z  51 files changed, 57169 insertions(+)
2026-10-03T17:19:20.9911608Z  create mode 100644 research/contract-mark-dislocation-v21/run-37138299485/development/dev-0/independent_candidates.csv.gz
2026-10-03T17:19:20.9912345Z  create mode 100644 research/contract-mark-dislocation-v21/run-37138299485/development/dev-0/scan_meta.json
2026-10-03T17:19:20.9914099Z  create mode 100644 research/contract-mark-dislocation-v21/run-37138299485/development/dev-1/independent_candidates.csv.gz
2026-10-03T17:19:20.9914751Z  create mode 100644 research/contract-mark-dislocation-v21/run-37138299485/development/dev-1/scan_meta.json
2026-10-03T17:19:20.9915444Z  create mode 100644 research/contract-mark-dislocation-v21/run-37138299485/development/dev-2/independent_candidates.csv.gz
2026-10-03T17:19:20.9916478Z  create mode 100644 research/contract-mark-dislocation-v21/run-37138299485/development/dev-2/scan_meta.json
2026-10-03T17:19:20.9917333Z  create mode 100644 research/contract-mark-dislocation-v21/run-37138299485/development/dev-3/independent_candidates.csv.gz
2026-10-03T17:19:20.9917996Z  create mode 100644 research/contract-mark-dislocation-v21/run-37138299485/development/dev-3/scan_meta.json
2026-10-03T17:19:20.9918864Z  create mode 100644 research/contract-mark-dislocation-v21/run-37138299485/development/dev-4/independent_candidates.csv.gz
2026-10-03T17:19:20.9919487Z  create mode 100644 research/contract-mark-dislocation-v21/run-37138299485/development/dev-4/scan_meta.json
2026-10-03T17:19:20.9920101Z  create mode 100644 research/contract-mark-dislocation-v21/run-37138299485/development/dev-5/independent_candidates.csv.gz
2026-10-03T17:19:20.9920708Z  create mode 100644 research/contract-mark-dislocation-v21/run-37138299485/development/dev-5/scan_meta.json
2026-10-03T17:19:20.9921326Z  create mode 100644 research/contract-mark-dislocation-v21/run-37138299485/development/dev-6/independent_candidates.csv.gz
2026-10-03T17:19:20.9921929Z  create mode 100644 research/contract-mark-dislocation-v21/run-37138299485/development/dev-6/scan_meta.json
2026-10-03T17:19:20.9922699Z  create mode 100644 research/contract-mark-dislocation-v21/run-37138299485/development/dev-7/independent_candidates.csv.gz
2026-10-03T17:19:20.9923597Z  create mode 100644 research/contract-mark-dislocation-v21/run-37138299485/development/dev-7/scan_meta.json
2026-10-03T17:19:20.9924247Z  create mode 100644 research/contract-mark-dislocation-v21/run-37138299485/development/development_policy_cells.csv
2026-10-03T17:19:20.9924898Z  create mode 100644 research/contract-mark-dislocation-v21/run-37138299485/development/full_dev_shard_0_exclusions.csv
2026-10-03T17:19:20.9925566Z  create mode 100644 research/contract-mark-dislocation-v21/run-37138299485/development/full_dev_shard_0_frozen_context.json
2026-10-03T17:19:20.9926226Z  create mode 100644 research/contract-mark-dislocation-v21/run-37138299485/development/full_dev_shard_0_scan_meta.json
2026-10-03T17:19:20.9926864Z  create mode 100644 research/contract-mark-dislocation-v21/run-37138299485/development/full_dev_shard_0_source_check.json
2026-10-03T17:19:20.9927496Z  create mode 100644 research/contract-mark-dislocation-v21/run-37138299485/development/full_dev_shard_1_exclusions.csv
2026-10-03T17:19:20.9928154Z  create mode 100644 research/contract-mark-dislocation-v21/run-37138299485/development/full_dev_shard_1_frozen_context.json
2026-10-03T17:19:20.9928802Z  create mode 100644 research/contract-mark-dislocation-v21/run-37138299485/development/full_dev_shard_1_scan_meta.json
2026-10-03T17:19:20.9929433Z  create mode 100644 research/contract-mark-dislocation-v21/run-37138299485/development/full_dev_shard_1_source_check.json
2026-10-03T17:19:20.9930069Z  create mode 100644 research/contract-mark-dislocation-v21/run-37138299485/development/full_dev_shard_2_exclusions.csv
2026-10-03T17:19:20.9930712Z  create mode 100644 research/contract-mark-dislocation-v21/run-37138299485/development/full_dev_shard_2_frozen_context.json
2026-10-03T17:19:20.9931352Z  create mode 100644 research/contract-mark-dislocation-v21/run-37138299485/development/full_dev_shard_2_scan_meta.json
2026-10-03T17:19:20.9932009Z  create mode 100644 research/contract-mark-dislocation-v21/run-37138299485/development/full_dev_shard_2_source_check.json
2026-10-03T17:19:20.9932823Z  create mode 100644 research/contract-mark-dislocation-v21/run-37138299485/development/full_dev_shard_3_exclusions.csv
2026-10-03T17:19:20.9933484Z  create mode 100644 research/contract-mark-dislocation-v21/run-37138299485/development/full_dev_shard_3_frozen_context.json
2026-10-03T17:19:20.9934123Z  create mode 100644 research/contract-mark-dislocation-v21/run-37138299485/development/full_dev_shard_3_scan_meta.json
2026-10-03T17:19:20.9934757Z  create mode 100644 research/contract-mark-dislocation-v21/run-37138299485/development/full_dev_shard_3_source_check.json
2026-10-03T17:19:20.9935418Z  create mode 100644 research/contract-mark-dislocation-v21/run-37138299485/development/full_dev_shard_4_exclusions.csv
2026-10-03T17:19:20.9936053Z  create mode 100644 research/contract-mark-dislocation-v21/run-37138299485/development/full_dev_shard_4_frozen_context.json
2026-10-03T17:19:20.9936839Z  create mode 100644 research/contract-mark-dislocation-v21/run-37138299485/development/full_dev_shard_4_scan_meta.json
2026-10-03T17:19:20.9937492Z  create mode 100644 research/contract-mark-dislocation-v21/run-37138299485/development/full_dev_shard_4_source_check.json
2026-10-03T17:19:20.9938150Z  create mode 100644 research/contract-mark-dislocation-v21/run-37138299485/development/full_dev_shard_5_exclusions.csv
2026-10-03T17:19:20.9938796Z  create mode 100644 research/contract-mark-dislocation-v21/run-37138299485/development/full_dev_shard_5_frozen_context.json
2026-10-03T17:19:20.9939441Z  create mode 100644 research/contract-mark-dislocation-v21/run-37138299485/development/full_dev_shard_5_scan_meta.json
2026-10-03T17:19:20.9940083Z  create mode 100644 research/contract-mark-dislocation-v21/run-37138299485/development/full_dev_shard_5_source_check.json
2026-10-03T17:19:20.9940716Z  create mode 100644 research/contract-mark-dislocation-v21/run-37138299485/development/full_dev_shard_6_exclusions.csv
2026-10-03T17:19:20.9941370Z  create mode 100644 research/contract-mark-dislocation-v21/run-37138299485/development/full_dev_shard_6_frozen_context.json
2026-10-03T17:19:20.9942124Z  create mode 100644 research/contract-mark-dislocation-v21/run-37138299485/development/full_dev_shard_6_scan_meta.json
2026-10-03T17:19:20.9942941Z  create mode 100644 research/contract-mark-dislocation-v21/run-37138299485/development/full_dev_shard_6_source_check.json
2026-10-03T17:19:20.9943586Z  create mode 100644 research/contract-mark-dislocation-v21/run-37138299485/development/full_dev_shard_7_exclusions.csv
2026-10-03T17:19:20.9944234Z  create mode 100644 research/contract-mark-dislocation-v21/run-37138299485/development/full_dev_shard_7_frozen_context.json
2026-10-03T17:19:20.9944883Z  create mode 100644 research/contract-mark-dislocation-v21/run-37138299485/development/full_dev_shard_7_scan_meta.json
2026-10-03T17:19:20.9945514Z  create mode 100644 research/contract-mark-dislocation-v21/run-37138299485/development/full_dev_shard_7_source_check.json
2026-10-03T17:19:20.9946132Z  create mode 100644 research/contract-mark-dislocation-v21/run-37138299485/development/provenance.json
2026-10-03T17:19:20.9946706Z  create mode 100644 research/contract-mark-dislocation-v21/run-37138299485/development/selection.json
2026-10-03T17:19:24.1481946Z remote: 
2026-10-03T17:19:24.1483231Z remote: Create a pull request for 'research-contract-mark-dislocation-v21-dev-37138299485' on GitHub by visiting:        
2026-10-03T17:19:24.1484800Z remote:      https://github.com/duuu-hub/bb-scanner/pull/new/research-contract-mark-dislocation-v21-dev-37138299485        
2026-10-03T17:19:24.1485772Z remote: 
2026-10-03T17:19:24.1493683Z To https://github.com/duuu-hub/bb-scanner
2026-10-03T17:19:24.1494190Z  * [new branch]      HEAD -> research-contract-mark-dislocation-v21-dev-37138299485
2026-10-03T17:19:24.1576108Z ##[group]Run actions/upload-artifact@v4
2026-10-03T17:19:24.1576390Z with:
2026-10-03T17:19:24.1576632Z   name: contract-mark-dislocation-v21-selected
2026-10-03T17:19:24.1576933Z   path: selected-input/
2026-10-03T17:19:24.1577158Z   retention-days: 30
2026-10-03T17:19:24.1577384Z   compression-level: 0
2026-10-03T17:19:24.1577609Z   if-no-files-found: warn
2026-10-03T17:19:24.1577847Z   overwrite: false
2026-10-03T17:19:24.1578063Z   include-hidden-files: false
2026-10-03T17:19:24.1578294Z env:
2026-10-03T17:19:24.1580269Z   GH_TOKEN: ***
2026-10-03T17:19:24.1580553Z   pythonLocation: /opt/hostedtoolcache/Python/3.12.14/x64
2026-10-03T17:19:24.1580952Z   PKG_CONFIG_PATH: /opt/hostedtoolcache/Python/3.12.14/x64/lib/pkgconfig
2026-10-03T17:19:24.1581332Z   Python_ROOT_DIR: /opt/hostedtoolcache/Python/3.12.14/x64
2026-10-03T17:19:24.1581673Z   Python2_ROOT_DIR: /opt/hostedtoolcache/Python/3.12.14/x64
2026-10-03T17:19:24.1582037Z   Python3_ROOT_DIR: /opt/hostedtoolcache/Python/3.12.14/x64
2026-10-03T17:19:24.1582376Z   LD_LIBRARY_PATH: /opt/hostedtoolcache/Python/3.12.14/x64/lib
2026-10-03T17:19:24.1582873Z ##[endgroup]
2026-10-03T17:19:24.2860699Z (node:2239) [DEP0040] DeprecationWarning: The `punycode` module is deprecated. Please use a userland alternative instead.
2026-10-03T17:19:24.2861335Z (Use `node --trace-deprecation ...` to show where the warning was created)
2026-10-03T17:19:24.2952706Z With the provided path, there will be 18 files uploaded
2026-10-03T17:19:24.2957179Z Artifact name is valid!
2026-10-03T17:19:24.2957846Z Root directory input is valid!
2026-10-03T17:19:24.4807378Z Beginning upload of artifact content to blob storage
2026-10-03T17:19:24.5123266Z (node:2239) [DEP0169] DeprecationWarning: `url.parse()` behavior is not standardized and prone to errors that have security implications. Use the WHATWG URL API instead. CVEs are not issued for `url.parse()` vulnerabilities.
2026-10-03T17:19:24.5703439Z Uploaded bytes 428986
2026-10-03T17:19:24.5834337Z Finished uploading artifact content to blob storage!
2026-10-03T17:19:24.5835339Z SHA256 digest of uploaded artifact zip is 1cfef0af2745511c84a808bd15074da14de766bf488750dd9bf87f4e450bcbfd
2026-10-03T17:19:24.5836789Z Finalizing artifact upload
2026-10-03T17:19:24.8004536Z Artifact contract-mark-dislocation-v21-selected.zip successfully finalized. Artifact ID 11279837695
2026-10-03T17:19:24.8005772Z Artifact contract-mark-dislocation-v21-selected has been successfully uploaded! Final size is 428986 bytes. Artifact ID is 11279837695
2026-10-03T17:19:24.8010901Z Artifact download URL: https://github.com/duuu-hub/bb-scanner/actions/runs/37138299485/artifacts/11279837695
2026-10-03T17:19:24.8166068Z Post job cleanup.
2026-10-03T17:19:24.9119110Z (node:2251) [DEP0040] DeprecationWarning: The `punycode` module is deprecated. Please use a userland alternative instead.
2026-10-03T17:19:24.9120069Z (Use `node --trace-deprecation ...` to show where the warning was created)
2026-10-03T17:19:24.9304130Z Post job cleanup.
2026-10-03T17:19:25.0009812Z [command]/usr/bin/git version
2026-10-03T17:19:25.0044746Z git version 2.55.0
2026-10-03T17:19:25.0073322Z Temporarily overriding HOME='/home/runner/work/_temp/b1ef237f-2db4-4416-a8ee-c707c7ba7dc0' before making global git config changes
2026-10-03T17:19:25.0074460Z Adding repository directory to the temporary git global config as a safe directory
2026-10-03T17:19:25.0077405Z [command]/usr/bin/git config --global --add safe.directory /home/runner/work/bb-scanner/bb-scanner
2026-10-03T17:19:25.0110793Z [command]/usr/bin/git config --local --name-only --get-regexp core\.sshCommand
2026-10-03T17:19:25.0140164Z [command]/usr/bin/git submodule foreach --recursive sh -c "git config --local --name-only --get-regexp 'core\.sshCommand' && git config --local --unset-all 'core.sshCommand' || :"
2026-10-03T17:19:25.0350582Z [command]/usr/bin/git config --local --name-only --get-regexp http\.https\:\/\/github\.com\/\.extraheader
2026-10-03T17:19:25.0375511Z http.https://github.com/.extraheader
2026-10-03T17:19:25.0386799Z [command]/usr/bin/git config --local --unset-all http.https://github.com/.extraheader
2026-10-03T17:19:25.0418636Z [command]/usr/bin/git submodule foreach --recursive sh -c "git config --local --name-only --get-regexp 'http\.https\:\/\/github\.com\/\.extraheader' && git config --local --unset-all 'http.https://github.com/.extraheader' || :"
2026-10-03T17:19:25.0643343Z [command]/usr/bin/git config --local --name-only --get-regexp ^includeIf\.gitdir:
2026-10-03T17:19:25.0677703Z [command]/usr/bin/git submodule foreach --recursive git config --local --show-origin --name-only --get-regexp remote.origin.url
2026-10-03T17:19:25.1015684Z Evaluate and set job outputs
2026-10-03T17:19:25.1020199Z Set output 'selected_count'
2026-10-03T17:19:25.1021682Z Cleaning up orphan processes
2026-10-03T17:19:25.1286434Z ##[warning]Node.js 20 is deprecated. The following actions target Node.js 20 but are being forced to run on Node.js 24: actions/checkout@v4, actions/download-artifact@v4, actions/setup-python@v5, actions/upload-artifact@v4. For more information see: https://github.blog/changelog/2025-09-19-deprecation-of-node-20-on-github-actions-runners/
