2026-10-03T16:51:31.0850542Z Current runner version: '2.337.0'
2026-10-03T16:51:31.0875762Z ##[group]Runner Image Provisioner
2026-10-03T16:51:31.0876583Z Hosted Compute Agent
2026-10-03T16:51:31.0877105Z Version: 20260901.588
2026-10-03T16:51:31.0877734Z Commit: f88ec8081b781fac6c440065ac7ff9e710ce3d0b
2026-10-03T16:51:31.0878402Z Build Date: 2026-09-01T19:56:44Z
2026-10-03T16:51:31.0879054Z Worker ID: {9d5c4d36-4cd8-4298-b339-2102ecd7a6b5}
2026-10-03T16:51:31.0879764Z Azure Region: westus3
2026-10-03T16:51:31.0880296Z ##[endgroup]
2026-10-03T16:51:31.0881863Z ##[group]Operating System
2026-10-03T16:51:31.0882499Z Ubuntu
2026-10-03T16:51:31.0883367Z 24.04.5
2026-10-03T16:51:31.0883878Z LTS
2026-10-03T16:51:31.0884339Z ##[endgroup]
2026-10-03T16:51:31.0884987Z ##[group]Runner Image
2026-10-03T16:51:31.0885560Z Image: ubuntu-24.04
2026-10-03T16:51:31.0886066Z Version: 20260927.320.1
2026-10-03T16:51:31.0887312Z Included Software: https://github.com/actions/runner-images/blob/ubuntu24/20260927.320/images/ubuntu/Ubuntu2404-Readme.md
2026-10-03T16:51:31.0888767Z Image Release: https://github.com/actions/runner-images/releases/tag/ubuntu24%2F20260927.320
2026-10-03T16:51:31.0889665Z ##[endgroup]
2026-10-03T16:51:31.0890783Z ##[group]GITHUB_TOKEN Permissions
2026-10-03T16:51:31.0893066Z Actions: read
2026-10-03T16:51:31.0893594Z Contents: read
2026-10-03T16:51:31.0894155Z Metadata: read
2026-10-03T16:51:31.0894969Z ##[endgroup]
2026-10-03T16:51:31.0897238Z Secret source: Actions
2026-10-03T16:51:31.0898081Z Cache mode: write
2026-10-03T16:51:31.0898757Z Prepare workflow directory
2026-10-03T16:51:31.1422730Z Prepare all required actions
2026-10-03T16:51:31.1474985Z Getting action download info
2026-10-03T16:51:31.4540347Z Download action repository 'actions/checkout@v4' (SHA:11d5960a326750d5838078e36cf38b85af677262)
2026-10-03T16:51:31.5492465Z Download action repository 'actions/setup-python@v5' (SHA:a26af69be951a213d495a4c3e4e4022e16d87065)
2026-10-03T16:51:31.6167789Z Download action repository 'actions/cache@v4' (SHA:0057852bfaa89a56745cba8c7296529d2fc39830)
2026-10-03T16:51:31.6981222Z Download action repository 'actions/upload-artifact@v4' (SHA:ea165f8d65b6e75b540449e92b4886f43607fa02)
2026-10-03T16:51:31.8826021Z Complete job name: development (3)
2026-10-03T16:51:31.9583779Z ##[group]Run actions/checkout@v4
2026-10-03T16:51:31.9584684Z with:
2026-10-03T16:51:31.9585116Z   repository: duuu-hub/bb-scanner
2026-10-03T16:51:31.9589053Z   token: ***
2026-10-03T16:51:31.9589448Z   ssh-strict: true
2026-10-03T16:51:31.9589845Z   ssh-user: git
2026-10-03T16:51:31.9590262Z   persist-credentials: true
2026-10-03T16:51:31.9590705Z   clean: true
2026-10-03T16:51:31.9591125Z   sparse-checkout-cone-mode: true
2026-10-03T16:51:31.9591604Z   fetch-depth: 1
2026-10-03T16:51:31.9591989Z   fetch-tags: false
2026-10-03T16:51:31.9592392Z   show-progress: true
2026-10-03T16:51:31.9592794Z   lfs: false
2026-10-03T16:51:31.9593164Z   submodules: false
2026-10-03T16:51:31.9593561Z   set-safe-directory: true
2026-10-03T16:51:31.9594015Z   allow-unsafe-pr-checkout: false
2026-10-03T16:51:31.9594824Z env:
2026-10-03T16:51:31.9598494Z   GH_TOKEN: ***
2026-10-03T16:51:31.9598875Z ##[endgroup]
2026-10-03T16:51:32.0653617Z Syncing repository: duuu-hub/bb-scanner
2026-10-03T16:51:32.0656276Z ##[group]Getting Git version info
2026-10-03T16:51:32.0657350Z Working directory is '/home/runner/work/bb-scanner/bb-scanner'
2026-10-03T16:51:32.0658984Z [command]/usr/bin/git version
2026-10-03T16:51:32.0739733Z git version 2.55.0
2026-10-03T16:51:32.0765494Z ##[endgroup]
2026-10-03T16:51:32.0794885Z Temporarily overriding HOME='/home/runner/work/_temp/be802295-9291-4b76-bfd9-5fdeb55dd4a4' before making global git config changes
2026-10-03T16:51:32.0797435Z Adding repository directory to the temporary git global config as a safe directory
2026-10-03T16:51:32.0802961Z [command]/usr/bin/git config --global --add safe.directory /home/runner/work/bb-scanner/bb-scanner
2026-10-03T16:51:32.0860534Z Deleting the contents of '/home/runner/work/bb-scanner/bb-scanner'
2026-10-03T16:51:32.0864709Z ##[group]Initializing the repository
2026-10-03T16:51:32.0869366Z [command]/usr/bin/git init /home/runner/work/bb-scanner/bb-scanner
2026-10-03T16:51:32.0970372Z hint: Using 'master' as the name for the initial branch. This default branch name
2026-10-03T16:51:32.0972492Z hint: will change to "main" in Git 3.0. To configure the initial branch name
2026-10-03T16:51:32.0973625Z hint: to use in all of your new repositories, which will suppress this warning,
2026-10-03T16:51:32.0974419Z hint: call:
2026-10-03T16:51:32.0975423Z hint:
2026-10-03T16:51:32.0976178Z hint: 	git config --global init.defaultBranch <name>
2026-10-03T16:51:32.0976734Z hint:
2026-10-03T16:51:32.0977252Z hint: Names commonly chosen instead of 'master' are 'main', 'trunk' and
2026-10-03T16:51:32.0978087Z hint: 'development'. The just-created branch can be renamed via this command:
2026-10-03T16:51:32.0978742Z hint:
2026-10-03T16:51:32.0979113Z hint: 	git branch -m <name>
2026-10-03T16:51:32.0979534Z hint:
2026-10-03T16:51:32.0980416Z hint: Disable this message with "git config set advice.defaultBranchName false"
2026-10-03T16:51:32.0982018Z Initialized empty Git repository in /home/runner/work/bb-scanner/bb-scanner/.git/
2026-10-03T16:51:32.0983663Z [command]/usr/bin/git remote add origin https://github.com/duuu-hub/bb-scanner
2026-10-03T16:51:32.1031671Z ##[endgroup]
2026-10-03T16:51:32.1032436Z ##[group]Disabling automatic garbage collection
2026-10-03T16:51:32.1037484Z [command]/usr/bin/git config --local gc.auto 0
2026-10-03T16:51:32.1071219Z ##[endgroup]
2026-10-03T16:51:32.1072396Z ##[group]Setting up auth
2026-10-03T16:51:32.1079930Z [command]/usr/bin/git config --local --name-only --get-regexp core\.sshCommand
2026-10-03T16:51:32.1113604Z [command]/usr/bin/git submodule foreach --recursive sh -c "git config --local --name-only --get-regexp 'core\.sshCommand' && git config --local --unset-all 'core.sshCommand' || :"
2026-10-03T16:51:32.1509463Z [command]/usr/bin/git config --local --name-only --get-regexp http\.https\:\/\/github\.com\/\.extraheader
2026-10-03T16:51:32.1558102Z [command]/usr/bin/git submodule foreach --recursive sh -c "git config --local --name-only --get-regexp 'http\.https\:\/\/github\.com\/\.extraheader' && git config --local --unset-all 'http.https://github.com/.extraheader' || :"
2026-10-03T16:51:32.1813760Z [command]/usr/bin/git config --local --name-only --get-regexp ^includeIf\.gitdir:
2026-10-03T16:51:32.1848489Z [command]/usr/bin/git submodule foreach --recursive git config --local --show-origin --name-only --get-regexp remote.origin.url
2026-10-03T16:51:32.2053075Z [command]/usr/bin/git config --local http.https://github.com/.extraheader AUTHORIZATION: basic ***
2026-10-03T16:51:32.2092963Z ##[endgroup]
2026-10-03T16:51:32.2094255Z ##[group]Fetching the repository
2026-10-03T16:51:32.2105040Z [command]/usr/bin/git -c protocol.version=2 fetch --no-tags --prune --no-recurse-submodules --depth=1 origin +fd46fa1fb6f6616e3d4b4b0dcc399ccf4d482b1d:refs/remotes/origin/research-contract-mark-dislocation-v21
2026-10-03T16:51:33.7621353Z From https://github.com/duuu-hub/bb-scanner
2026-10-03T16:51:33.7625755Z  * [new ref]         fd46fa1fb6f6616e3d4b4b0dcc399ccf4d482b1d -> origin/research-contract-mark-dislocation-v21
2026-10-03T16:51:33.7633185Z ##[endgroup]
2026-10-03T16:51:33.7635139Z ##[group]Determining the checkout info
2026-10-03T16:51:33.7637128Z ##[endgroup]
2026-10-03T16:51:33.7639116Z [command]/usr/bin/git sparse-checkout disable
2026-10-03T16:51:33.7688526Z [command]/usr/bin/git config --local --unset-all extensions.worktreeConfig
2026-10-03T16:51:33.7718899Z ##[group]Checking out the ref
2026-10-03T16:51:33.7723909Z [command]/usr/bin/git checkout --progress --force -B research-contract-mark-dislocation-v21 refs/remotes/origin/research-contract-mark-dislocation-v21
2026-10-03T16:51:33.9954801Z Switched to a new branch 'research-contract-mark-dislocation-v21'
2026-10-03T16:51:33.9958581Z branch 'research-contract-mark-dislocation-v21' set up to track 'origin/research-contract-mark-dislocation-v21'.
2026-10-03T16:51:33.9965939Z ##[endgroup]
2026-10-03T16:51:34.0006524Z [command]/usr/bin/git log -1 --format=%H
2026-10-03T16:51:34.0029597Z fd46fa1fb6f6616e3d4b4b0dcc399ccf4d482b1d
2026-10-03T16:51:34.0270426Z ##[group]Run actions/setup-python@v5
2026-10-03T16:51:34.0270841Z with:
2026-10-03T16:51:34.0271120Z   python-version: 3.12
2026-10-03T16:51:34.0271415Z   check-latest: false
2026-10-03T16:51:34.0274254Z   token: ***
2026-10-03T16:51:34.0274697Z   update-environment: true
2026-10-03T16:51:34.0275018Z   allow-prereleases: false
2026-10-03T16:51:34.0275313Z   freethreaded: false
2026-10-03T16:51:34.0275586Z env:
2026-10-03T16:51:34.0278293Z   GH_TOKEN: ***
2026-10-03T16:51:34.0278549Z ##[endgroup]
2026-10-03T16:51:34.1637982Z ##[group]Installed versions
2026-10-03T16:51:34.1717309Z (node:2324) [DEP0040] DeprecationWarning: The `punycode` module is deprecated. Please use a userland alternative instead.
2026-10-03T16:51:34.1718333Z (Use `node --trace-deprecation ...` to show where the warning was created)
2026-10-03T16:51:34.1719222Z Successfully set up CPython (3.12.14)
2026-10-03T16:51:34.1720203Z ##[endgroup]
2026-10-03T16:51:34.1869206Z ##[group]Run set -euo pipefail
2026-10-03T16:51:34.1869984Z [36;1mset -euo pipefail[0m
2026-10-03T16:51:34.1870588Z [36;1mpip install pandas==2.3.3 numpy==2.3.3[0m
2026-10-03T16:51:34.2136986Z shell: /usr/bin/bash --noprofile --norc -e -o pipefail {0}
2026-10-03T16:51:34.2137601Z env:
2026-10-03T16:51:34.2144605Z   GH_TOKEN: ***
2026-10-03T16:51:34.2145192Z   pythonLocation: /opt/hostedtoolcache/Python/3.12.14/x64
2026-10-03T16:51:34.2146003Z   PKG_CONFIG_PATH: /opt/hostedtoolcache/Python/3.12.14/x64/lib/pkgconfig
2026-10-03T16:51:34.2146766Z   Python_ROOT_DIR: /opt/hostedtoolcache/Python/3.12.14/x64
2026-10-03T16:51:34.2147503Z   Python2_ROOT_DIR: /opt/hostedtoolcache/Python/3.12.14/x64
2026-10-03T16:51:34.2148281Z   Python3_ROOT_DIR: /opt/hostedtoolcache/Python/3.12.14/x64
2026-10-03T16:51:34.2149052Z   LD_LIBRARY_PATH: /opt/hostedtoolcache/Python/3.12.14/x64/lib
2026-10-03T16:51:34.2149710Z ##[endgroup]
2026-10-03T16:51:35.7365525Z Collecting pandas==2.3.3
2026-10-03T16:51:35.7842581Z   Downloading pandas-2.3.3-cp312-cp312-manylinux_2_24_x86_64.manylinux_2_28_x86_64.whl.metadata (91 kB)
2026-10-03T16:51:36.0435294Z Collecting numpy==2.3.3
2026-10-03T16:51:36.0474624Z   Downloading numpy-2.3.3-cp312-cp312-manylinux_2_27_x86_64.manylinux_2_28_x86_64.whl.metadata (62 kB)
2026-10-03T16:51:36.0805616Z Collecting python-dateutil>=2.8.2 (from pandas==2.3.3)
2026-10-03T16:51:36.0838524Z   Downloading python_dateutil-2.9.0.post0-py2.py3-none-any.whl.metadata (8.4 kB)
2026-10-03T16:51:36.1245547Z Collecting pytz>=2020.1 (from pandas==2.3.3)
2026-10-03T16:51:36.1282661Z   Downloading pytz-2026.4-py2.py3-none-any.whl.metadata (22 kB)
2026-10-03T16:51:36.1491339Z Collecting tzdata>=2022.7 (from pandas==2.3.3)
2026-10-03T16:51:36.1525893Z   Downloading tzdata-2026.5-py2.py3-none-any.whl.metadata (1.4 kB)
2026-10-03T16:51:36.1722586Z Collecting six>=1.5 (from python-dateutil>=2.8.2->pandas==2.3.3)
2026-10-03T16:51:36.1756056Z   Downloading six-1.17.0-py2.py3-none-any.whl.metadata (1.7 kB)
2026-10-03T16:51:36.1828103Z Downloading pandas-2.3.3-cp312-cp312-manylinux_2_24_x86_64.manylinux_2_28_x86_64.whl (12.4 MB)
2026-10-03T16:51:36.2259565Z    ━━━━━━━━━━━━━━━━━━━━━━━━━━━━━━━━━━━━━━━━ 12.4/12.4 MB 319.0 MB/s  0:00:00
2026-10-03T16:51:36.2312992Z Downloading numpy-2.3.3-cp312-cp312-manylinux_2_27_x86_64.manylinux_2_28_x86_64.whl (16.6 MB)
2026-10-03T16:51:36.2960861Z    ━━━━━━━━━━━━━━━━━━━━━━━━━━━━━━━━━━━━━━━━ 16.6/16.6 MB 261.9 MB/s  0:00:00
2026-10-03T16:51:36.2995696Z Downloading python_dateutil-2.9.0.post0-py2.py3-none-any.whl (229 kB)
2026-10-03T16:51:36.3053935Z Downloading pytz-2026.4-py2.py3-none-any.whl (506 kB)
2026-10-03T16:51:36.3118058Z Downloading six-1.17.0-py2.py3-none-any.whl (11 kB)
2026-10-03T16:51:36.3169320Z Downloading tzdata-2026.5-py2.py3-none-any.whl (347 kB)
2026-10-03T16:51:36.5680172Z Installing collected packages: pytz, tzdata, six, numpy, python-dateutil, pandas
2026-10-03T16:51:43.0446438Z 
2026-10-03T16:51:43.0460924Z Successfully installed numpy-2.3.3 pandas-2.3.3 python-dateutil-2.9.0.post0 pytz-2026.4 six-1.17.0 tzdata-2026.5
2026-10-03T16:51:43.1346179Z ##[group]Run actions/cache@v4
2026-10-03T16:51:43.1346457Z with:
2026-10-03T16:51:43.1346666Z   path: data
2026-10-03T16:51:43.1346897Z   key: frozen-source-36095439671-15m-shard-3
2026-10-03T16:51:43.1347187Z   enableCrossOsArchive: false
2026-10-03T16:51:43.1347438Z   fail-on-cache-miss: false
2026-10-03T16:51:43.1347716Z   lookup-only: false
2026-10-03T16:51:43.1347933Z   save-always: false
2026-10-03T16:51:43.1348155Z env:
2026-10-03T16:51:43.1351037Z   GH_TOKEN: ***
2026-10-03T16:51:43.1351318Z   pythonLocation: /opt/hostedtoolcache/Python/3.12.14/x64
2026-10-03T16:51:43.1351742Z   PKG_CONFIG_PATH: /opt/hostedtoolcache/Python/3.12.14/x64/lib/pkgconfig
2026-10-03T16:51:43.1352163Z   Python_ROOT_DIR: /opt/hostedtoolcache/Python/3.12.14/x64
2026-10-03T16:51:43.1352536Z   Python2_ROOT_DIR: /opt/hostedtoolcache/Python/3.12.14/x64
2026-10-03T16:51:43.1352931Z   Python3_ROOT_DIR: /opt/hostedtoolcache/Python/3.12.14/x64
2026-10-03T16:51:43.1353347Z   LD_LIBRARY_PATH: /opt/hostedtoolcache/Python/3.12.14/x64/lib
2026-10-03T16:51:43.1353659Z ##[endgroup]
2026-10-03T16:51:43.2460917Z (node:2359) [DEP0040] DeprecationWarning: The `punycode` module is deprecated. Please use a userland alternative instead.
2026-10-03T16:51:43.2551848Z (Use `node --trace-deprecation ...` to show where the warning was created)
2026-10-03T16:51:43.4554319Z Cache not found for input keys: frozen-source-36095439671-15m-shard-3
2026-10-03T16:51:43.4630865Z ##[group]Run set -euo pipefail
2026-10-03T16:51:43.4631188Z [36;1mset -euo pipefail[0m
2026-10-03T16:51:43.4631430Z [36;1mif [ '' != 'true' ]; then[0m
2026-10-03T16:51:43.4631925Z [36;1m  gh run download 36095439671 -R duuu-hub/bb-scanner -n rank5-binance-um-15m-5y-data-shard-3 -D data[0m
2026-10-03T16:51:43.4632405Z [36;1mfi[0m
2026-10-03T16:51:43.4632743Z [36;1mgh run download 36858492497 -R duuu-hub/bb-scanner -n day-edge-v2-btc -D btc[0m
2026-10-03T16:51:43.4633419Z [36;1mgh run download 36095439671 -R duuu-hub/bb-scanner -n rank5-binance-um-15m-5y-manifest-shard-3 -D source-manifest[0m
2026-10-03T16:51:43.4634680Z [36;1mpython scripts/research_evidence_archive.py verify-source --data data --manifests source-manifest --baseline research/contract-mark-dislocation-v21/FROZEN_INPUT_HASHES.json --out source-check.json[0m
2026-10-03T16:51:43.4675816Z shell: /usr/bin/bash --noprofile --norc -e -o pipefail {0}
2026-10-03T16:51:43.4676172Z env:
2026-10-03T16:51:43.4679030Z   GH_TOKEN: ***
2026-10-03T16:51:43.4679315Z   pythonLocation: /opt/hostedtoolcache/Python/3.12.14/x64
2026-10-03T16:51:43.4679745Z   PKG_CONFIG_PATH: /opt/hostedtoolcache/Python/3.12.14/x64/lib/pkgconfig
2026-10-03T16:51:43.4680169Z   Python_ROOT_DIR: /opt/hostedtoolcache/Python/3.12.14/x64
2026-10-03T16:51:43.4680553Z   Python2_ROOT_DIR: /opt/hostedtoolcache/Python/3.12.14/x64
2026-10-03T16:51:43.4680928Z   Python3_ROOT_DIR: /opt/hostedtoolcache/Python/3.12.14/x64
2026-10-03T16:51:43.4681322Z   LD_LIBRARY_PATH: /opt/hostedtoolcache/Python/3.12.14/x64/lib
2026-10-03T16:51:43.4681656Z ##[endgroup]
2026-10-03T16:52:02.0727812Z FROZEN_SOURCE_VERIFIED 106 files 31 prior SHA256 matches
2026-10-03T16:52:02.1393477Z ##[group]Run actions/cache@v4
2026-10-03T16:52:02.1393758Z with:
2026-10-03T16:52:02.1393971Z   path: cache/verified-1m
2026-10-03T16:52:02.1394257Z   key: contract-mark-dislocation-v21-dev-1m-shard-3
2026-10-03T16:52:02.1476563Z   restore-keys: taker-absorption-release-v12-dev-1m-shard-3
aggressive-flow-cascade-v11-dev-1m-shard-3
residual-reversion-v10-dev-1m-shard-3
cross-sectional-leader-v9-dev-1m-shard-3
premium-absorption-v8-dev-1m-shard-3
factor-lag-v6-dev-1m-shard-3
2026-10-03T16:52:02.1477715Z   enableCrossOsArchive: false
2026-10-03T16:52:02.1478034Z   fail-on-cache-miss: false
2026-10-03T16:52:02.1478293Z   lookup-only: false
2026-10-03T16:52:02.1478506Z   save-always: false
2026-10-03T16:52:02.1478714Z env:
2026-10-03T16:52:02.1482032Z   GH_TOKEN: ***
2026-10-03T16:52:02.1482336Z   pythonLocation: /opt/hostedtoolcache/Python/3.12.14/x64
2026-10-03T16:52:02.1482780Z   PKG_CONFIG_PATH: /opt/hostedtoolcache/Python/3.12.14/x64/lib/pkgconfig
2026-10-03T16:52:02.1483252Z   Python_ROOT_DIR: /opt/hostedtoolcache/Python/3.12.14/x64
2026-10-03T16:52:02.1483644Z   Python2_ROOT_DIR: /opt/hostedtoolcache/Python/3.12.14/x64
2026-10-03T16:52:02.1484028Z   Python3_ROOT_DIR: /opt/hostedtoolcache/Python/3.12.14/x64
2026-10-03T16:52:02.1484406Z   LD_LIBRARY_PATH: /opt/hostedtoolcache/Python/3.12.14/x64/lib
2026-10-03T16:52:02.1484985Z ##[endgroup]
2026-10-03T16:52:02.2541162Z (node:2401) [DEP0040] DeprecationWarning: The `punycode` module is deprecated. Please use a userland alternative instead.
2026-10-03T16:52:02.2541984Z (Use `node --trace-deprecation ...` to show where the warning was created)
2026-10-03T16:52:02.4641931Z Cache not found for input keys: contract-mark-dislocation-v21-dev-1m-shard-3, taker-absorption-release-v12-dev-1m-shard-3, aggressive-flow-cascade-v11-dev-1m-shard-3, residual-reversion-v10-dev-1m-shard-3, cross-sectional-leader-v9-dev-1m-shard-3, premium-absorption-v8-dev-1m-shard-3, factor-lag-v6-dev-1m-shard-3
2026-10-03T16:52:02.4738731Z ##[group]Run actions/cache@v4
2026-10-03T16:52:02.4739020Z with:
2026-10-03T16:52:02.4739252Z   path: cache/verified-mark
2026-10-03T16:52:02.4739589Z   key: contract-mark-dislocation-v21-dev-mark-shard-3
2026-10-03T16:52:02.4739962Z   enableCrossOsArchive: false
2026-10-03T16:52:02.4740243Z   fail-on-cache-miss: false
2026-10-03T16:52:02.4740507Z   lookup-only: false
2026-10-03T16:52:02.4740742Z   save-always: false
2026-10-03T16:52:02.4740965Z env:
2026-10-03T16:52:02.4743931Z   GH_TOKEN: ***
2026-10-03T16:52:02.4744203Z   pythonLocation: /opt/hostedtoolcache/Python/3.12.14/x64
2026-10-03T16:52:02.4744869Z   PKG_CONFIG_PATH: /opt/hostedtoolcache/Python/3.12.14/x64/lib/pkgconfig
2026-10-03T16:52:02.4745472Z   Python_ROOT_DIR: /opt/hostedtoolcache/Python/3.12.14/x64
2026-10-03T16:52:02.4745838Z   Python2_ROOT_DIR: /opt/hostedtoolcache/Python/3.12.14/x64
2026-10-03T16:52:02.4746221Z   Python3_ROOT_DIR: /opt/hostedtoolcache/Python/3.12.14/x64
2026-10-03T16:52:02.4746648Z   LD_LIBRARY_PATH: /opt/hostedtoolcache/Python/3.12.14/x64/lib
2026-10-03T16:52:02.4746963Z ##[endgroup]
2026-10-03T16:52:02.5859891Z (node:2414) [DEP0040] DeprecationWarning: The `punycode` module is deprecated. Please use a userland alternative instead.
2026-10-03T16:52:02.5860690Z (Use `node --trace-deprecation ...` to show where the warning was created)
2026-10-03T16:52:02.7905219Z Cache not found for input keys: contract-mark-dislocation-v21-dev-mark-shard-3
2026-10-03T16:52:02.7971783Z ##[group]Run set -euo pipefail
2026-10-03T16:52:02.7972091Z [36;1mset -euo pipefail[0m
2026-10-03T16:52:02.7972920Z [36;1mpython scripts/contract_mark_dislocation_v21.py scan --stage DEV --data data --btc btc/BTCUSDT.csv.gz --source-check source-check.json --out dev-3 --minute-cache cache/verified-1m --mark-cache cache/verified-mark[0m
2026-10-03T16:52:02.8013044Z shell: /usr/bin/bash --noprofile --norc -e -o pipefail {0}
2026-10-03T16:52:02.8013391Z env:
2026-10-03T16:52:02.8016464Z   GH_TOKEN: ***
2026-10-03T16:52:02.8016771Z   pythonLocation: /opt/hostedtoolcache/Python/3.12.14/x64
2026-10-03T16:52:02.8017201Z   PKG_CONFIG_PATH: /opt/hostedtoolcache/Python/3.12.14/x64/lib/pkgconfig
2026-10-03T16:52:02.8017616Z   Python_ROOT_DIR: /opt/hostedtoolcache/Python/3.12.14/x64
2026-10-03T16:52:02.8017991Z   Python2_ROOT_DIR: /opt/hostedtoolcache/Python/3.12.14/x64
2026-10-03T16:52:02.8018359Z   Python3_ROOT_DIR: /opt/hostedtoolcache/Python/3.12.14/x64
2026-10-03T16:52:02.8018801Z   LD_LIBRARY_PATH: /opt/hostedtoolcache/Python/3.12.14/x64/lib
2026-10-03T16:52:02.8019113Z ##[endgroup]
2026-10-03T16:57:46.2255186Z V21_CONTRACT_MARK_SCAN DEV 32 / 106 parameterized_outcomes 17086
2026-10-03T17:00:48.2971954Z V21_CONTRACT_MARK_SCAN DEV 40 / 106 parameterized_outcomes 27030
2026-10-03T17:01:46.1433186Z V21_CONTRACT_MARK_SCAN DEV 48 / 106 parameterized_outcomes 31142
2026-10-03T17:06:40.2516539Z V21_CONTRACT_MARK_SCAN_DONE DEV 43936 chronology_exclusions 0
2026-10-03T17:06:40.3465982Z ##[group]Run actions/upload-artifact@v4
2026-10-03T17:06:40.3466270Z with:
2026-10-03T17:06:40.3466495Z   name: contract-mark-dislocation-v21-dev-3
2026-10-03T17:06:40.3466783Z   path: dev-3/
2026-10-03T17:06:40.3466981Z   retention-days: 30
2026-10-03T17:06:40.3467197Z   compression-level: 0
2026-10-03T17:06:40.3467412Z   if-no-files-found: warn
2026-10-03T17:06:40.3467642Z   overwrite: false
2026-10-03T17:06:40.3467854Z   include-hidden-files: false
2026-10-03T17:06:40.3468088Z env:
2026-10-03T17:06:40.3470890Z   GH_TOKEN: ***
2026-10-03T17:06:40.3471159Z   pythonLocation: /opt/hostedtoolcache/Python/3.12.14/x64
2026-10-03T17:06:40.3471574Z   PKG_CONFIG_PATH: /opt/hostedtoolcache/Python/3.12.14/x64/lib/pkgconfig
2026-10-03T17:06:40.3472004Z   Python_ROOT_DIR: /opt/hostedtoolcache/Python/3.12.14/x64
2026-10-03T17:06:40.3472376Z   Python2_ROOT_DIR: /opt/hostedtoolcache/Python/3.12.14/x64
2026-10-03T17:06:40.3472765Z   Python3_ROOT_DIR: /opt/hostedtoolcache/Python/3.12.14/x64
2026-10-03T17:06:40.3473178Z   LD_LIBRARY_PATH: /opt/hostedtoolcache/Python/3.12.14/x64/lib
2026-10-03T17:06:40.3473494Z ##[endgroup]
2026-10-03T17:06:40.5171380Z (node:2763) [DEP0040] DeprecationWarning: The `punycode` module is deprecated. Please use a userland alternative instead.
2026-10-03T17:06:40.5172741Z (Use `node --trace-deprecation ...` to show where the warning was created)
2026-10-03T17:06:40.9464729Z With the provided path, there will be 4227 files uploaded
2026-10-03T17:06:40.9470499Z Artifact name is valid!
2026-10-03T17:06:40.9471271Z Root directory input is valid!
2026-10-03T17:06:41.2968091Z Beginning upload of artifact content to blob storage
2026-10-03T17:06:41.4484891Z (node:2763) [DEP0169] DeprecationWarning: `url.parse()` behavior is not standardized and prone to errors that have security implications. Use the WHATWG URL API instead. CVEs are not issued for `url.parse()` vulnerabilities.
2026-10-03T17:06:42.2910576Z Uploaded bytes 8388608
2026-10-03T17:06:42.4515369Z Uploaded bytes 16777216
2026-10-03T17:06:42.5218467Z Uploaded bytes 25165824
2026-10-03T17:06:42.5663519Z Uploaded bytes 33554432
2026-10-03T17:06:42.6185638Z Uploaded bytes 41943040
2026-10-03T17:06:42.7841806Z Uploaded bytes 50331648
2026-10-03T17:06:42.8135678Z Uploaded bytes 58720256
2026-10-03T17:06:42.8446410Z Uploaded bytes 67108864
2026-10-03T17:06:42.9119812Z Uploaded bytes 75497472
2026-10-03T17:06:43.0938298Z Uploaded bytes 83886080
2026-10-03T17:06:43.1504055Z Uploaded bytes 92274688
2026-10-03T17:06:43.1818182Z Uploaded bytes 100663296
2026-10-03T17:06:43.3441175Z Uploaded bytes 109051904
2026-10-03T17:06:43.3908453Z Uploaded bytes 117440512
2026-10-03T17:06:43.4145934Z Uploaded bytes 125829120
2026-10-03T17:06:43.4306971Z Uploaded bytes 134217728
2026-10-03T17:06:43.6059837Z Uploaded bytes 142606336
2026-10-03T17:06:43.6279370Z Uploaded bytes 150994944
2026-10-03T17:06:43.6776641Z Uploaded bytes 159383552
2026-10-03T17:06:43.7668363Z Uploaded bytes 167772160
2026-10-03T17:06:43.8454741Z Uploaded bytes 176160768
2026-10-03T17:06:43.8826325Z Uploaded bytes 184549376
2026-10-03T17:06:43.9696229Z Uploaded bytes 192937984
2026-10-03T17:06:44.0267248Z Uploaded bytes 201326592
2026-10-03T17:06:44.1091721Z Uploaded bytes 209715200
2026-10-03T17:06:44.1296203Z Uploaded bytes 218103808
2026-10-03T17:06:44.2136506Z Uploaded bytes 226492416
2026-10-03T17:06:44.2564047Z Uploaded bytes 234881024
2026-10-03T17:06:44.3706291Z Uploaded bytes 243269632
2026-10-03T17:06:44.3895576Z Uploaded bytes 251658240
2026-10-03T17:06:44.4747150Z Uploaded bytes 260046848
2026-10-03T17:06:44.4932533Z Uploaded bytes 268435456
2026-10-03T17:06:44.5989746Z Uploaded bytes 276824064
2026-10-03T17:06:44.6871496Z Uploaded bytes 285212672
2026-10-03T17:06:44.7180083Z Uploaded bytes 293601280
2026-10-03T17:06:44.7283791Z Uploaded bytes 301989888
2026-10-03T17:06:44.8584744Z Uploaded bytes 310378496
2026-10-03T17:06:44.9247847Z Uploaded bytes 318767104
2026-10-03T17:06:44.9531366Z Uploaded bytes 327155712
2026-10-03T17:06:44.9687172Z Uploaded bytes 335544320
2026-10-03T17:06:45.1266830Z Uploaded bytes 343932928
2026-10-03T17:06:45.2002283Z Uploaded bytes 352321536
2026-10-03T17:06:45.2243964Z Uploaded bytes 360710144
2026-10-03T17:06:45.2348603Z Uploaded bytes 369098752
2026-10-03T17:06:45.4422358Z Uploaded bytes 377487360
2026-10-03T17:06:45.4783604Z Uploaded bytes 385875968
2026-10-03T17:06:45.4888215Z Uploaded bytes 394264576
2026-10-03T17:06:45.4986222Z Uploaded bytes 402653184
2026-10-03T17:06:45.7260533Z Uploaded bytes 411041792
2026-10-03T17:06:45.7397847Z Uploaded bytes 419430400
2026-10-03T17:06:45.7526613Z Uploaded bytes 427819008
2026-10-03T17:06:45.7624595Z Uploaded bytes 436207616
2026-10-03T17:06:46.0027094Z Uploaded bytes 444596224
2026-10-03T17:06:46.0214227Z Uploaded bytes 452984832
2026-10-03T17:06:46.0418482Z Uploaded bytes 461373440
2026-10-03T17:06:46.0520826Z Uploaded bytes 469762048
2026-10-03T17:06:46.2511195Z Uploaded bytes 478150656
2026-10-03T17:06:46.3011808Z Uploaded bytes 486539264
2026-10-03T17:06:46.3135203Z Uploaded bytes 494927872
2026-10-03T17:06:46.3253280Z Uploaded bytes 503316480
2026-10-03T17:06:46.5187151Z Uploaded bytes 511705088
2026-10-03T17:06:46.5725712Z Uploaded bytes 520093696
2026-10-03T17:06:46.6316218Z Uploaded bytes 528482304
2026-10-03T17:06:46.6685933Z Uploaded bytes 536870912
2026-10-03T17:06:46.8482866Z Uploaded bytes 545259520
2026-10-03T17:06:46.9113797Z Uploaded bytes 553648128
2026-10-03T17:06:46.9620378Z Uploaded bytes 562036736
2026-10-03T17:06:46.9630632Z Uploaded bytes 570425344
2026-10-03T17:06:47.2039975Z Uploaded bytes 578813952
2026-10-03T17:06:47.2084206Z Uploaded bytes 587202560
2026-10-03T17:06:47.2461651Z Uploaded bytes 595591168
2026-10-03T17:06:47.3269367Z Uploaded bytes 596622551
2026-10-03T17:06:47.3920315Z Finished uploading artifact content to blob storage!
2026-10-03T17:06:47.3924780Z SHA256 digest of uploaded artifact zip is 7831cdc2b3d597934669a5e0dd1c46bece7a6064aa2aec95d80c4954b8724be7
2026-10-03T17:06:47.3927345Z Finalizing artifact upload
2026-10-03T17:06:47.8043145Z Artifact contract-mark-dislocation-v21-dev-3.zip successfully finalized. Artifact ID 11279718276
2026-10-03T17:06:47.8045094Z Artifact contract-mark-dislocation-v21-dev-3 has been successfully uploaded! Final size is 596622551 bytes. Artifact ID is 11279718276
2026-10-03T17:06:47.8054358Z Artifact download URL: https://github.com/duuu-hub/bb-scanner/actions/runs/37138299485/artifacts/11279718276
2026-10-03T17:06:47.8388245Z Post job cleanup.
2026-10-03T17:06:47.9489127Z (node:2775) [DEP0040] DeprecationWarning: The `punycode` module is deprecated. Please use a userland alternative instead.
2026-10-03T17:06:47.9490623Z (Use `node --trace-deprecation ...` to show where the warning was created)
2026-10-03T17:06:47.9901118Z [command]/usr/bin/tar --posix -cf cache.tzst --exclude cache.tzst -P -C /home/runner/work/bb-scanner/bb-scanner --files-from manifest.txt --use-compress-program zstdmt
2026-10-03T17:06:48.5146053Z (node:2775) [DEP0169] DeprecationWarning: `url.parse()` behavior is not standardized and prone to errors that have security implications. Use the WHATWG URL API instead. CVEs are not issued for `url.parse()` vulnerabilities.
2026-10-03T17:06:49.5059112Z Sent 38993920 of 72228200 (54.0%), 37.2 MBs/sec
2026-10-03T17:06:50.2621281Z Sent 72228200 of 72228200 (100.0%), 39.2 MBs/sec
2026-10-03T17:06:50.5687066Z Cache saved with key: contract-mark-dislocation-v21-dev-mark-shard-3
2026-10-03T17:06:50.5799628Z Post job cleanup.
2026-10-03T17:06:50.6892734Z (node:2795) [DEP0040] DeprecationWarning: The `punycode` module is deprecated. Please use a userland alternative instead.
2026-10-03T17:06:50.6893831Z (Use `node --trace-deprecation ...` to show where the warning was created)
2026-10-03T17:06:50.7183420Z [command]/usr/bin/tar --posix -cf cache.tzst --exclude cache.tzst -P -C /home/runner/work/bb-scanner/bb-scanner --files-from manifest.txt --use-compress-program zstdmt
2026-10-03T17:06:51.8391882Z (node:2795) [DEP0169] DeprecationWarning: `url.parse()` behavior is not standardized and prone to errors that have security implications. Use the WHATWG URL API instead. CVEs are not issued for `url.parse()` vulnerabilities.
2026-10-03T17:06:52.8207898Z Sent 0 of 626446411 (0.0%), 0.0 MBs/sec
2026-10-03T17:06:53.8212110Z Sent 559337547 of 626446411 (89.3%), 266.4 MBs/sec
2026-10-03T17:06:54.2352939Z Sent 626446411 of 626446411 (100.0%), 247.2 MBs/sec
2026-10-03T17:06:54.3681535Z Cache saved with key: contract-mark-dislocation-v21-dev-1m-shard-3
2026-10-03T17:06:54.3789895Z Post job cleanup.
2026-10-03T17:06:54.4862482Z (node:2816) [DEP0040] DeprecationWarning: The `punycode` module is deprecated. Please use a userland alternative instead.
2026-10-03T17:06:54.4863346Z (Use `node --trace-deprecation ...` to show where the warning was created)
2026-10-03T17:06:54.5077212Z [command]/usr/bin/tar --posix -cf cache.tzst --exclude cache.tzst -P -C /home/runner/work/bb-scanner/bb-scanner --files-from manifest.txt --use-compress-program zstdmt
2026-10-03T17:06:54.9543778Z (node:2816) [DEP0169] DeprecationWarning: `url.parse()` behavior is not standardized and prone to errors that have security implications. Use the WHATWG URL API instead. CVEs are not issued for `url.parse()` vulnerabilities.
2026-10-03T17:06:55.9423090Z Sent 0 of 229873247 (0.0%), 0.0 MBs/sec
2026-10-03T17:06:56.5811284Z Sent 229873247 of 229873247 (100.0%), 133.8 MBs/sec
2026-10-03T17:06:56.7122213Z Cache saved with key: frozen-source-36095439671-15m-shard-3
2026-10-03T17:06:56.7259278Z Post job cleanup.
2026-10-03T17:06:56.8446755Z (node:2836) [DEP0040] DeprecationWarning: The `punycode` module is deprecated. Please use a userland alternative instead.
2026-10-03T17:06:56.8448036Z (Use `node --trace-deprecation ...` to show where the warning was created)
2026-10-03T17:06:56.8557141Z Post job cleanup.
2026-10-03T17:06:56.9507832Z [command]/usr/bin/git version
2026-10-03T17:06:56.9547363Z git version 2.55.0
2026-10-03T17:06:56.9583841Z Temporarily overriding HOME='/home/runner/work/_temp/63dd377b-5148-4998-8202-29ce1dfedabd' before making global git config changes
2026-10-03T17:06:56.9585902Z Adding repository directory to the temporary git global config as a safe directory
2026-10-03T17:06:56.9590949Z [command]/usr/bin/git config --global --add safe.directory /home/runner/work/bb-scanner/bb-scanner
2026-10-03T17:06:56.9628259Z [command]/usr/bin/git config --local --name-only --get-regexp core\.sshCommand
2026-10-03T17:06:56.9662123Z [command]/usr/bin/git submodule foreach --recursive sh -c "git config --local --name-only --get-regexp 'core\.sshCommand' && git config --local --unset-all 'core.sshCommand' || :"
2026-10-03T17:06:56.9882913Z [command]/usr/bin/git config --local --name-only --get-regexp http\.https\:\/\/github\.com\/\.extraheader
2026-10-03T17:06:56.9909952Z http.https://github.com/.extraheader
2026-10-03T17:06:56.9922211Z [command]/usr/bin/git config --local --unset-all http.https://github.com/.extraheader
2026-10-03T17:06:56.9956804Z [command]/usr/bin/git submodule foreach --recursive sh -c "git config --local --name-only --get-regexp 'http\.https\:\/\/github\.com\/\.extraheader' && git config --local --unset-all 'http.https://github.com/.extraheader' || :"
2026-10-03T17:06:57.0186966Z [command]/usr/bin/git config --local --name-only --get-regexp ^includeIf\.gitdir:
2026-10-03T17:06:57.0227102Z [command]/usr/bin/git submodule foreach --recursive git config --local --show-origin --name-only --get-regexp remote.origin.url
2026-10-03T17:06:57.0600081Z Cleaning up orphan processes
2026-10-03T17:06:57.0879808Z ##[warning]Node.js 20 is deprecated. The following actions target Node.js 20 but are being forced to run on Node.js 24: actions/cache@v4, actions/checkout@v4, actions/setup-python@v5, actions/upload-artifact@v4. For more information see: https://github.blog/changelog/2025-09-19-deprecation-of-node-20-on-github-actions-runners/
