2026-10-01T18:24:34.0175847Z Current runner version: '2.337.0'
2026-10-01T18:24:34.0191377Z ##[group]Runner Image Provisioner
2026-10-01T18:24:34.0191993Z Hosted Compute Agent
2026-10-01T18:24:34.0192414Z Version: 20260901.588
2026-10-01T18:24:34.0192795Z Commit: f88ec8081b781fac6c440065ac7ff9e710ce3d0b
2026-10-01T18:24:34.0193210Z Build Date: 2026-09-01T19:56:44Z
2026-10-01T18:24:34.0193692Z Worker ID: {2fa18fdc-809f-4d27-8a7a-62a9d7e3399b}
2026-10-01T18:24:34.0194113Z Azure Region: centralus
2026-10-01T18:24:34.0194488Z ##[endgroup]
2026-10-01T18:24:34.0195272Z ##[group]Operating System
2026-10-01T18:24:34.0195629Z Ubuntu
2026-10-01T18:24:34.0196248Z 24.04.5
2026-10-01T18:24:34.0196551Z LTS
2026-10-01T18:24:34.0196882Z ##[endgroup]
2026-10-01T18:24:34.0197210Z ##[group]Runner Image
2026-10-01T18:24:34.0197554Z Image: ubuntu-24.04
2026-10-01T18:24:34.0197948Z Version: 20260927.320.1
2026-10-01T18:24:34.0198780Z Included Software: https://github.com/actions/runner-images/blob/ubuntu24/20260927.320/images/ubuntu/Ubuntu2404-Readme.md
2026-10-01T18:24:34.0199672Z Image Release: https://github.com/actions/runner-images/releases/tag/ubuntu24%2F20260927.320
2026-10-01T18:24:34.0200220Z ##[endgroup]
2026-10-01T18:24:34.0201001Z ##[group]GITHUB_TOKEN Permissions
2026-10-01T18:24:34.0202255Z Actions: read
2026-10-01T18:24:34.0202641Z Contents: read
2026-10-01T18:24:34.0202969Z Metadata: read
2026-10-01T18:24:34.0203288Z ##[endgroup]
2026-10-01T18:24:34.0204580Z Secret source: Actions
2026-10-01T18:24:34.0205085Z Cache mode: write
2026-10-01T18:24:34.0205534Z Prepare workflow directory
2026-10-01T18:24:34.0398572Z Prepare all required actions
2026-10-01T18:24:34.0429168Z Getting action download info
2026-10-01T18:24:34.3306730Z Download action repository 'actions/checkout@v4' (SHA:11d5960a326750d5838078e36cf38b85af677262)
2026-10-01T18:24:34.4035623Z Download action repository 'actions/setup-python@v5' (SHA:a26af69be951a213d495a4c3e4e4022e16d87065)
2026-10-01T18:24:34.5146737Z Download action repository 'actions/cache@v4' (SHA:0057852bfaa89a56745cba8c7296529d2fc39830)
2026-10-01T18:24:34.6354216Z Download action repository 'actions/upload-artifact@v4' (SHA:ea165f8d65b6e75b540449e92b4886f43607fa02)
2026-10-01T18:24:34.8381186Z Complete job name: development (4)
2026-10-01T18:24:34.8876203Z ##[group]Run actions/checkout@v4
2026-10-01T18:24:34.8876606Z with:
2026-10-01T18:24:34.8876847Z   repository: duuu-hub/bb-scanner
2026-10-01T18:24:34.8879005Z   token: ***
2026-10-01T18:24:34.8879236Z   ssh-strict: true
2026-10-01T18:24:34.8879474Z   ssh-user: git
2026-10-01T18:24:34.8879715Z   persist-credentials: true
2026-10-01T18:24:34.8879972Z   clean: true
2026-10-01T18:24:34.8880213Z   sparse-checkout-cone-mode: true
2026-10-01T18:24:34.8880490Z   fetch-depth: 1
2026-10-01T18:24:34.8880722Z   fetch-tags: false
2026-10-01T18:24:34.8880960Z   show-progress: true
2026-10-01T18:24:34.8881201Z   lfs: false
2026-10-01T18:24:34.8881421Z   submodules: false
2026-10-01T18:24:34.8881661Z   set-safe-directory: true
2026-10-01T18:24:34.8881935Z   allow-unsafe-pr-checkout: false
2026-10-01T18:24:34.8882305Z ##[endgroup]
2026-10-01T18:24:34.9546788Z Syncing repository: duuu-hub/bb-scanner
2026-10-01T18:24:34.9547871Z ##[group]Getting Git version info
2026-10-01T18:24:34.9548399Z Working directory is '/home/runner/work/bb-scanner/bb-scanner'
2026-10-01T18:24:34.9562752Z [command]/usr/bin/git version
2026-10-01T18:24:34.9679551Z git version 2.55.0
2026-10-01T18:24:34.9683849Z ##[endgroup]
2026-10-01T18:24:34.9694731Z Temporarily overriding HOME='/home/runner/work/_temp/e93baa6f-be0b-4128-86ee-fea6215e333c' before making global git config changes
2026-10-01T18:24:34.9696020Z Adding repository directory to the temporary git global config as a safe directory
2026-10-01T18:24:34.9698513Z [command]/usr/bin/git config --global --add safe.directory /home/runner/work/bb-scanner/bb-scanner
2026-10-01T18:24:34.9745504Z Deleting the contents of '/home/runner/work/bb-scanner/bb-scanner'
2026-10-01T18:24:34.9761428Z ##[group]Initializing the repository
2026-10-01T18:24:34.9764694Z [command]/usr/bin/git init /home/runner/work/bb-scanner/bb-scanner
2026-10-01T18:24:34.9881918Z hint: Using 'master' as the name for the initial branch. This default branch name
2026-10-01T18:24:34.9882988Z hint: will change to "main" in Git 3.0. To configure the initial branch name
2026-10-01T18:24:34.9883778Z hint: to use in all of your new repositories, which will suppress this warning,
2026-10-01T18:24:34.9884721Z hint: call:
2026-10-01T18:24:34.9885046Z hint:
2026-10-01T18:24:34.9885487Z hint: 	git config --global init.defaultBranch <name>
2026-10-01T18:24:34.9886019Z hint:
2026-10-01T18:24:34.9886484Z hint: Names commonly chosen instead of 'master' are 'main', 'trunk' and
2026-10-01T18:24:34.9887079Z hint: 'development'. The just-created branch can be renamed via this command:
2026-10-01T18:24:34.9887471Z hint:
2026-10-01T18:24:34.9887698Z hint: 	git branch -m <name>
2026-10-01T18:24:34.9887950Z hint:
2026-10-01T18:24:34.9888278Z hint: Disable this message with "git config set advice.defaultBranchName false"
2026-10-01T18:24:34.9888978Z Initialized empty Git repository in /home/runner/work/bb-scanner/bb-scanner/.git/
2026-10-01T18:24:34.9903896Z [command]/usr/bin/git remote add origin https://github.com/duuu-hub/bb-scanner
2026-10-01T18:24:34.9942112Z ##[endgroup]
2026-10-01T18:24:34.9942657Z ##[group]Disabling automatic garbage collection
2026-10-01T18:24:34.9945890Z [command]/usr/bin/git config --local gc.auto 0
2026-10-01T18:24:34.9976117Z ##[endgroup]
2026-10-01T18:24:34.9976518Z ##[group]Setting up auth
2026-10-01T18:24:34.9982692Z [command]/usr/bin/git config --local --name-only --get-regexp core\.sshCommand
2026-10-01T18:24:35.0020804Z [command]/usr/bin/git submodule foreach --recursive sh -c "git config --local --name-only --get-regexp 'core\.sshCommand' && git config --local --unset-all 'core.sshCommand' || :"
2026-10-01T18:24:35.0328300Z [command]/usr/bin/git config --local --name-only --get-regexp http\.https\:\/\/github\.com\/\.extraheader
2026-10-01T18:24:35.0355940Z [command]/usr/bin/git submodule foreach --recursive sh -c "git config --local --name-only --get-regexp 'http\.https\:\/\/github\.com\/\.extraheader' && git config --local --unset-all 'http.https://github.com/.extraheader' || :"
2026-10-01T18:24:35.0530614Z [command]/usr/bin/git config --local --name-only --get-regexp ^includeIf\.gitdir:
2026-10-01T18:24:35.0559780Z [command]/usr/bin/git submodule foreach --recursive git config --local --show-origin --name-only --get-regexp remote.origin.url
2026-10-01T18:24:35.0745284Z [command]/usr/bin/git config --local http.https://github.com/.extraheader AUTHORIZATION: basic ***
2026-10-01T18:24:35.0840709Z ##[endgroup]
2026-10-01T18:24:35.0841557Z ##[group]Fetching the repository
2026-10-01T18:24:35.0842686Z [command]/usr/bin/git -c protocol.version=2 fetch --no-tags --prune --no-recurse-submodules --depth=1 origin +65095198c689b09a3028ec460db8198f819b0bcc:refs/remotes/origin/research-btc-factor-lag-v6
2026-10-01T18:24:54.9703036Z From https://github.com/duuu-hub/bb-scanner
2026-10-01T18:24:54.9704283Z  * [new ref]         65095198c689b09a3028ec460db8198f819b0bcc -> origin/research-btc-factor-lag-v6
2026-10-01T18:24:54.9707209Z ##[endgroup]
2026-10-01T18:24:54.9708131Z ##[group]Determining the checkout info
2026-10-01T18:24:54.9713658Z ##[endgroup]
2026-10-01T18:24:54.9714448Z [command]/usr/bin/git sparse-checkout disable
2026-10-01T18:24:54.9756235Z [command]/usr/bin/git config --local --unset-all extensions.worktreeConfig
2026-10-01T18:24:54.9783194Z ##[group]Checking out the ref
2026-10-01T18:24:54.9786179Z [command]/usr/bin/git checkout --progress --force -B research-btc-factor-lag-v6 refs/remotes/origin/research-btc-factor-lag-v6
2026-10-01T18:24:55.1367568Z Switched to a new branch 'research-btc-factor-lag-v6'
2026-10-01T18:24:55.1371349Z branch 'research-btc-factor-lag-v6' set up to track 'origin/research-btc-factor-lag-v6'.
2026-10-01T18:24:55.1384144Z ##[endgroup]
2026-10-01T18:24:55.1423754Z [command]/usr/bin/git log -1 --format=%H
2026-10-01T18:24:55.1451432Z 65095198c689b09a3028ec460db8198f819b0bcc
2026-10-01T18:24:55.1878581Z ##[group]Run actions/setup-python@v5
2026-10-01T18:24:55.1879392Z with:
2026-10-01T18:24:55.1879869Z   python-version: 3.12
2026-10-01T18:24:55.1880434Z   check-latest: false
2026-10-01T18:24:55.1885968Z   token: ***
2026-10-01T18:24:55.1886480Z   update-environment: true
2026-10-01T18:24:55.1887088Z   allow-prereleases: false
2026-10-01T18:24:55.1887667Z   freethreaded: false
2026-10-01T18:24:55.1888188Z ##[endgroup]
2026-10-01T18:24:55.2724456Z ##[group]Installed versions
2026-10-01T18:24:55.2784902Z (node:2078) [DEP0040] DeprecationWarning: The `punycode` module is deprecated. Please use a userland alternative instead.
2026-10-01T18:24:55.2787506Z (Use `node --trace-deprecation ...` to show where the warning was created)
2026-10-01T18:24:55.2789366Z Successfully set up CPython (3.12.14)
2026-10-01T18:24:55.2790914Z ##[endgroup]
2026-10-01T18:24:55.3049623Z ##[group]Run pip install pandas==2.3.3 numpy==2.3.3
2026-10-01T18:24:55.3050623Z [36;1mpip install pandas==2.3.3 numpy==2.3.3[0m
2026-10-01T18:24:55.4214575Z shell: /usr/bin/bash -e {0}
2026-10-01T18:24:55.4215191Z env:
2026-10-01T18:24:55.4215811Z   pythonLocation: /opt/hostedtoolcache/Python/3.12.14/x64
2026-10-01T18:24:55.4216870Z   PKG_CONFIG_PATH: /opt/hostedtoolcache/Python/3.12.14/x64/lib/pkgconfig
2026-10-01T18:24:55.4217940Z   Python_ROOT_DIR: /opt/hostedtoolcache/Python/3.12.14/x64
2026-10-01T18:24:55.4219003Z   Python2_ROOT_DIR: /opt/hostedtoolcache/Python/3.12.14/x64
2026-10-01T18:24:55.4219981Z   Python3_ROOT_DIR: /opt/hostedtoolcache/Python/3.12.14/x64
2026-10-01T18:24:55.4220964Z   LD_LIBRARY_PATH: /opt/hostedtoolcache/Python/3.12.14/x64/lib
2026-10-01T18:24:55.4221783Z ##[endgroup]
2026-10-01T18:24:56.2407963Z Collecting pandas==2.3.3
2026-10-01T18:24:56.3170597Z   Downloading pandas-2.3.3-cp312-cp312-manylinux_2_24_x86_64.manylinux_2_28_x86_64.whl.metadata (91 kB)
2026-10-01T18:24:56.4904777Z Collecting numpy==2.3.3
2026-10-01T18:24:56.5069448Z   Downloading numpy-2.3.3-cp312-cp312-manylinux_2_27_x86_64.manylinux_2_28_x86_64.whl.metadata (62 kB)
2026-10-01T18:24:56.5406945Z Collecting python-dateutil>=2.8.2 (from pandas==2.3.3)
2026-10-01T18:24:56.5556281Z   Downloading python_dateutil-2.9.0.post0-py2.py3-none-any.whl.metadata (8.4 kB)
2026-10-01T18:24:56.5867123Z Collecting pytz>=2020.1 (from pandas==2.3.3)
2026-10-01T18:24:56.6015934Z   Downloading pytz-2026.4-py2.py3-none-any.whl.metadata (22 kB)
2026-10-01T18:24:56.6233698Z Collecting tzdata>=2022.7 (from pandas==2.3.3)
2026-10-01T18:24:56.6382669Z   Downloading tzdata-2026.4-py2.py3-none-any.whl.metadata (1.4 kB)
2026-10-01T18:24:56.6599877Z Collecting six>=1.5 (from python-dateutil>=2.8.2->pandas==2.3.3)
2026-10-01T18:24:56.6758998Z   Downloading six-1.17.0-py2.py3-none-any.whl.metadata (1.7 kB)
2026-10-01T18:24:56.6937226Z Downloading pandas-2.3.3-cp312-cp312-manylinux_2_24_x86_64.manylinux_2_28_x86_64.whl (12.4 MB)
2026-10-01T18:24:56.9290055Z    ━━━━━━━━━━━━━━━━━━━━━━━━━━━━━━━━━━━━━━━━ 12.4/12.4 MB 58.8 MB/s  0:00:00
2026-10-01T18:24:56.9705773Z Downloading numpy-2.3.3-cp312-cp312-manylinux_2_27_x86_64.manylinux_2_28_x86_64.whl (16.6 MB)
2026-10-01T18:24:57.1393797Z    ━━━━━━━━━━━━━━━━━━━━━━━━━━━━━━━━━━━━━━━━ 16.6/16.6 MB 97.8 MB/s  0:00:00
2026-10-01T18:24:57.1548911Z Downloading python_dateutil-2.9.0.post0-py2.py3-none-any.whl (229 kB)
2026-10-01T18:24:57.1717299Z Downloading pytz-2026.4-py2.py3-none-any.whl (506 kB)
2026-10-01T18:24:57.1895593Z Downloading six-1.17.0-py2.py3-none-any.whl (11 kB)
2026-10-01T18:24:57.2060955Z Downloading tzdata-2026.4-py2.py3-none-any.whl (347 kB)
2026-10-01T18:24:57.3070961Z Installing collected packages: pytz, tzdata, six, numpy, python-dateutil, pandas
2026-10-01T18:25:01.5122583Z 
2026-10-01T18:25:01.5136169Z Successfully installed numpy-2.3.3 pandas-2.3.3 python-dateutil-2.9.0.post0 pytz-2026.4 six-1.17.0 tzdata-2026.4
2026-10-01T18:25:01.5629677Z ##[group]Run actions/cache@v4
2026-10-01T18:25:01.5629838Z with:
2026-10-01T18:25:01.5629957Z   path: cache/verified-1m
2026-10-01T18:25:01.5630106Z   key: factor-lag-v6-dev-1m-shard-4
2026-10-01T18:25:01.5630453Z   restore-keys: liquidity-v5-dev-1m-shard-4
2026-10-01T18:25:01.5630620Z   enableCrossOsArchive: false
2026-10-01T18:25:01.5630787Z   fail-on-cache-miss: false
2026-10-01T18:25:01.5630923Z   lookup-only: false
2026-10-01T18:25:01.5631069Z   save-always: false
2026-10-01T18:25:01.5631190Z env:
2026-10-01T18:25:01.5631343Z   pythonLocation: /opt/hostedtoolcache/Python/3.12.14/x64
2026-10-01T18:25:01.5631591Z   PKG_CONFIG_PATH: /opt/hostedtoolcache/Python/3.12.14/x64/lib/pkgconfig
2026-10-01T18:25:01.5631829Z   Python_ROOT_DIR: /opt/hostedtoolcache/Python/3.12.14/x64
2026-10-01T18:25:01.5632042Z   Python2_ROOT_DIR: /opt/hostedtoolcache/Python/3.12.14/x64
2026-10-01T18:25:01.5632257Z   Python3_ROOT_DIR: /opt/hostedtoolcache/Python/3.12.14/x64
2026-10-01T18:25:01.5632506Z   LD_LIBRARY_PATH: /opt/hostedtoolcache/Python/3.12.14/x64/lib
2026-10-01T18:25:01.5632690Z ##[endgroup]
2026-10-01T18:25:01.6314616Z (node:2113) [DEP0040] DeprecationWarning: The `punycode` module is deprecated. Please use a userland alternative instead.
2026-10-01T18:25:01.6315459Z (Use `node --trace-deprecation ...` to show where the warning was created)
2026-10-01T18:25:01.7806978Z Cache not found for input keys: factor-lag-v6-dev-1m-shard-4, liquidity-v5-dev-1m-shard-4
2026-10-01T18:25:01.7888190Z ##[group]Run actions/cache@v4
2026-10-01T18:25:01.7888340Z with:
2026-10-01T18:25:01.7888452Z   path: data
2026-10-01T18:25:01.7888585Z   key: frozen-source-36095439671-15m-shard-4
2026-10-01T18:25:01.7889000Z   enableCrossOsArchive: false
2026-10-01T18:25:01.7889236Z   fail-on-cache-miss: false
2026-10-01T18:25:01.7889457Z   lookup-only: false
2026-10-01T18:25:01.7889654Z   save-always: false
2026-10-01T18:25:01.7889840Z env:
2026-10-01T18:25:01.7890026Z   pythonLocation: /opt/hostedtoolcache/Python/3.12.14/x64
2026-10-01T18:25:01.7890271Z   PKG_CONFIG_PATH: /opt/hostedtoolcache/Python/3.12.14/x64/lib/pkgconfig
2026-10-01T18:25:01.7890508Z   Python_ROOT_DIR: /opt/hostedtoolcache/Python/3.12.14/x64
2026-10-01T18:25:01.7890737Z   Python2_ROOT_DIR: /opt/hostedtoolcache/Python/3.12.14/x64
2026-10-01T18:25:01.7890950Z   Python3_ROOT_DIR: /opt/hostedtoolcache/Python/3.12.14/x64
2026-10-01T18:25:01.7891166Z   LD_LIBRARY_PATH: /opt/hostedtoolcache/Python/3.12.14/x64/lib
2026-10-01T18:25:01.7891364Z ##[endgroup]
2026-10-01T18:25:01.8576614Z (node:2129) [DEP0040] DeprecationWarning: The `punycode` module is deprecated. Please use a userland alternative instead.
2026-10-01T18:25:01.8577143Z (Use `node --trace-deprecation ...` to show where the warning was created)
2026-10-01T18:25:02.0075012Z Cache not found for input keys: frozen-source-36095439671-15m-shard-4
2026-10-01T18:25:02.0158984Z ##[group]Run gh run download 36095439671 -R duuu-hub/bb-scanner -n rank5-binance-um-15m-5y-data-shard-4 -D data
2026-10-01T18:25:02.0159463Z [36;1mgh run download 36095439671 -R duuu-hub/bb-scanner -n rank5-binance-um-15m-5y-data-shard-4 -D data[0m
2026-10-01T18:25:02.0213359Z shell: /usr/bin/bash -e {0}
2026-10-01T18:25:02.0213503Z env:
2026-10-01T18:25:02.0213679Z   pythonLocation: /opt/hostedtoolcache/Python/3.12.14/x64
2026-10-01T18:25:02.0213926Z   PKG_CONFIG_PATH: /opt/hostedtoolcache/Python/3.12.14/x64/lib/pkgconfig
2026-10-01T18:25:02.0214167Z   Python_ROOT_DIR: /opt/hostedtoolcache/Python/3.12.14/x64
2026-10-01T18:25:02.0214382Z   Python2_ROOT_DIR: /opt/hostedtoolcache/Python/3.12.14/x64
2026-10-01T18:25:02.0214599Z   Python3_ROOT_DIR: /opt/hostedtoolcache/Python/3.12.14/x64
2026-10-01T18:25:02.0214815Z   LD_LIBRARY_PATH: /opt/hostedtoolcache/Python/3.12.14/x64/lib
2026-10-01T18:25:02.0216250Z   GH_TOKEN: ***
2026-10-01T18:25:02.0216371Z ##[endgroup]
2026-10-01T18:25:14.0632679Z ##[group]Run gh run download 36858492497 -R duuu-hub/bb-scanner -n day-edge-v2-btc -D btc
2026-10-01T18:25:14.0634642Z [36;1mgh run download 36858492497 -R duuu-hub/bb-scanner -n day-edge-v2-btc -D btc[0m
2026-10-01T18:25:14.0709728Z shell: /usr/bin/bash -e {0}
2026-10-01T18:25:14.0709875Z env:
2026-10-01T18:25:14.0710031Z   pythonLocation: /opt/hostedtoolcache/Python/3.12.14/x64
2026-10-01T18:25:14.0710427Z   PKG_CONFIG_PATH: /opt/hostedtoolcache/Python/3.12.14/x64/lib/pkgconfig
2026-10-01T18:25:14.0710667Z   Python_ROOT_DIR: /opt/hostedtoolcache/Python/3.12.14/x64
2026-10-01T18:25:14.0710883Z   Python2_ROOT_DIR: /opt/hostedtoolcache/Python/3.12.14/x64
2026-10-01T18:25:14.0711095Z   Python3_ROOT_DIR: /opt/hostedtoolcache/Python/3.12.14/x64
2026-10-01T18:25:14.0711314Z   LD_LIBRARY_PATH: /opt/hostedtoolcache/Python/3.12.14/x64/lib
2026-10-01T18:25:14.0712782Z   GH_TOKEN: ***
2026-10-01T18:25:14.0712905Z ##[endgroup]
2026-10-01T18:25:15.2385063Z ##[group]Run gh run download 36095439671 -R duuu-hub/bb-scanner -n rank5-binance-um-15m-5y-manifest-shard-4 -D source-manifest
2026-10-01T18:25:15.2385576Z [36;1mgh run download 36095439671 -R duuu-hub/bb-scanner -n rank5-binance-um-15m-5y-manifest-shard-4 -D source-manifest[0m
2026-10-01T18:25:15.2386184Z [36;1mpython scripts/research_evidence_archive.py verify-source --data data --manifests source-manifest --baseline research/btc-factor-lag-v6/FROZEN_INPUT_HASHES.json --out dev-4/source_check.json[0m
2026-10-01T18:25:15.2440699Z shell: /usr/bin/bash -e {0}
2026-10-01T18:25:15.2440845Z env:
2026-10-01T18:25:15.2440995Z   pythonLocation: /opt/hostedtoolcache/Python/3.12.14/x64
2026-10-01T18:25:15.2441235Z   PKG_CONFIG_PATH: /opt/hostedtoolcache/Python/3.12.14/x64/lib/pkgconfig
2026-10-01T18:25:15.2441470Z   Python_ROOT_DIR: /opt/hostedtoolcache/Python/3.12.14/x64
2026-10-01T18:25:15.2441679Z   Python2_ROOT_DIR: /opt/hostedtoolcache/Python/3.12.14/x64
2026-10-01T18:25:15.2441915Z   Python3_ROOT_DIR: /opt/hostedtoolcache/Python/3.12.14/x64
2026-10-01T18:25:15.2442147Z   LD_LIBRARY_PATH: /opt/hostedtoolcache/Python/3.12.14/x64/lib
2026-10-01T18:25:15.2443599Z   GH_TOKEN: ***
2026-10-01T18:25:15.2443715Z ##[endgroup]
2026-10-01T18:25:19.6982265Z FROZEN_SOURCE_VERIFIED 107 files 37 prior SHA256 matches
2026-10-01T18:25:19.7380470Z ##[group]Run python scripts/btc_factor_lag_v6.py scan --stage DEV --data data --btc btc/BTCUSDT.csv.gz --out dev-4 --minute-cache cache/verified-1m
2026-10-01T18:25:19.7381434Z [36;1mpython scripts/btc_factor_lag_v6.py scan --stage DEV --data data --btc btc/BTCUSDT.csv.gz --out dev-4 --minute-cache cache/verified-1m[0m
2026-10-01T18:25:19.7453692Z shell: /usr/bin/bash -e {0}
2026-10-01T18:25:19.7453934Z env:
2026-10-01T18:25:19.7454181Z   pythonLocation: /opt/hostedtoolcache/Python/3.12.14/x64
2026-10-01T18:25:19.7454588Z   PKG_CONFIG_PATH: /opt/hostedtoolcache/Python/3.12.14/x64/lib/pkgconfig
2026-10-01T18:25:19.7454998Z   Python_ROOT_DIR: /opt/hostedtoolcache/Python/3.12.14/x64
2026-10-01T18:25:19.7455363Z   Python2_ROOT_DIR: /opt/hostedtoolcache/Python/3.12.14/x64
2026-10-01T18:25:19.7455720Z   Python3_ROOT_DIR: /opt/hostedtoolcache/Python/3.12.14/x64
2026-10-01T18:25:19.7456079Z   LD_LIBRARY_PATH: /opt/hostedtoolcache/Python/3.12.14/x64/lib
2026-10-01T18:25:19.7456414Z ##[endgroup]
2026-10-01T18:25:54.7379157Z FACTOR_SCAN DEV 8 / 107 outcomes 9660
2026-10-01T18:26:20.2835909Z FACTOR_SCAN DEV 16 / 107 outcomes 18030
2026-10-01T18:27:24.3565662Z FACTOR_SCAN DEV 48 / 107 outcomes 35316
2026-10-01T18:27:41.5234469Z FACTOR_SCAN DEV 56 / 107 outcomes 42756
2026-10-01T18:28:11.8351138Z FACTOR_SCAN DEV 96 / 107 outcomes 49686
2026-10-01T18:28:28.4915489Z FACTOR_SCAN_DONE DEV 52764 excluded 6
2026-10-01T18:28:28.5691226Z ##[group]Run actions/upload-artifact@v4
2026-10-01T18:28:28.5691401Z with:
2026-10-01T18:28:28.5691530Z   name: factor-lag-v6-dev-4
2026-10-01T18:28:28.5691668Z   path: dev-4/
2026-10-01T18:28:28.5691790Z   retention-days: 30
2026-10-01T18:28:28.5691919Z   compression-level: 0
2026-10-01T18:28:28.5692052Z   if-no-files-found: warn
2026-10-01T18:28:28.5692184Z   overwrite: false
2026-10-01T18:28:28.5692312Z   include-hidden-files: false
2026-10-01T18:28:28.5692449Z env:
2026-10-01T18:28:28.5692601Z   pythonLocation: /opt/hostedtoolcache/Python/3.12.14/x64
2026-10-01T18:28:28.5692856Z   PKG_CONFIG_PATH: /opt/hostedtoolcache/Python/3.12.14/x64/lib/pkgconfig
2026-10-01T18:28:28.5693101Z   Python_ROOT_DIR: /opt/hostedtoolcache/Python/3.12.14/x64
2026-10-01T18:28:28.5693486Z   Python2_ROOT_DIR: /opt/hostedtoolcache/Python/3.12.14/x64
2026-10-01T18:28:28.5693707Z   Python3_ROOT_DIR: /opt/hostedtoolcache/Python/3.12.14/x64
2026-10-01T18:28:28.5693947Z   LD_LIBRARY_PATH: /opt/hostedtoolcache/Python/3.12.14/x64/lib
2026-10-01T18:28:28.5694138Z ##[endgroup]
2026-10-01T18:28:28.6841916Z (node:2214) [DEP0040] DeprecationWarning: The `punycode` module is deprecated. Please use a userland alternative instead.
2026-10-01T18:28:28.6842482Z (Use `node --trace-deprecation ...` to show where the warning was created)
2026-10-01T18:28:28.7052983Z With the provided path, there will be 169 files uploaded
2026-10-01T18:28:28.7053649Z Artifact name is valid!
2026-10-01T18:28:28.7053952Z Root directory input is valid!
2026-10-01T18:28:29.0927449Z Beginning upload of artifact content to blob storage
2026-10-01T18:28:29.2009904Z (node:2214) [DEP0169] DeprecationWarning: `url.parse()` behavior is not standardized and prone to errors that have security implications. Use the WHATWG URL API instead. CVEs are not issued for `url.parse()` vulnerabilities.
2026-10-01T18:28:29.7479622Z Uploaded bytes 5297082
2026-10-01T18:28:29.7940909Z Finished uploading artifact content to blob storage!
2026-10-01T18:28:29.7941915Z SHA256 digest of uploaded artifact zip is c56eba11bb0c0e99d260b0d29e73f613e5f70f09177bb8b77a04057356fbf721
2026-10-01T18:28:29.7943167Z Finalizing artifact upload
2026-10-01T18:28:30.0022071Z Artifact factor-lag-v6-dev-4.zip successfully finalized. Artifact ID 11185865523
2026-10-01T18:28:30.0022972Z Artifact factor-lag-v6-dev-4 has been successfully uploaded! Final size is 5297082 bytes. Artifact ID is 11185865523
2026-10-01T18:28:30.0027914Z Artifact download URL: https://github.com/duuu-hub/bb-scanner/actions/runs/36906530309/artifacts/11185865523
2026-10-01T18:28:30.0192151Z Post job cleanup.
2026-10-01T18:28:30.0899681Z (node:2227) [DEP0040] DeprecationWarning: The `punycode` module is deprecated. Please use a userland alternative instead.
2026-10-01T18:28:30.0900612Z (Use `node --trace-deprecation ...` to show where the warning was created)
2026-10-01T18:28:30.1019119Z [command]/usr/bin/tar --posix -cf cache.tzst --exclude cache.tzst -P -C /home/runner/work/bb-scanner/bb-scanner --files-from manifest.txt --use-compress-program zstdmt
2026-10-01T18:28:30.4156815Z (node:2227) [DEP0169] DeprecationWarning: `url.parse()` behavior is not standardized and prone to errors that have security implications. Use the WHATWG URL API instead. CVEs are not issued for `url.parse()` vulnerabilities.
2026-10-01T18:28:31.4071572Z Sent 0 of 240222756 (0.0%), 0.0 MBs/sec
2026-10-01T18:28:32.1541807Z Sent 240222756 of 240222756 (100.0%), 131.1 MBs/sec
2026-10-01T18:28:32.2487749Z Cache saved with key: frozen-source-36095439671-15m-shard-4
2026-10-01T18:28:32.2589571Z Post job cleanup.
2026-10-01T18:28:32.3327776Z (node:2247) [DEP0040] DeprecationWarning: The `punycode` module is deprecated. Please use a userland alternative instead.
2026-10-01T18:28:32.3328263Z (Use `node --trace-deprecation ...` to show where the warning was created)
2026-10-01T18:28:32.3467207Z [command]/usr/bin/tar --posix -cf cache.tzst --exclude cache.tzst -P -C /home/runner/work/bb-scanner/bb-scanner --files-from manifest.txt --use-compress-program zstdmt
2026-10-01T18:28:32.5761277Z (node:2247) [DEP0169] DeprecationWarning: `url.parse()` behavior is not standardized and prone to errors that have security implications. Use the WHATWG URL API instead. CVEs are not issued for `url.parse()` vulnerabilities.
2026-10-01T18:28:33.5715194Z Sent 42523734 of 42523734 (100.0%), 40.5 MBs/sec
2026-10-01T18:28:33.7589126Z Cache saved with key: factor-lag-v6-dev-1m-shard-4
2026-10-01T18:28:33.7699667Z Post job cleanup.
2026-10-01T18:28:33.8485458Z (node:2268) [DEP0040] DeprecationWarning: The `punycode` module is deprecated. Please use a userland alternative instead.
2026-10-01T18:28:33.8485961Z (Use `node --trace-deprecation ...` to show where the warning was created)
2026-10-01T18:28:33.8636604Z Post job cleanup.
2026-10-01T18:28:33.9236399Z [command]/usr/bin/git version
2026-10-01T18:28:33.9274832Z git version 2.55.0
2026-10-01T18:28:33.9303768Z Temporarily overriding HOME='/home/runner/work/_temp/162bfb1f-272a-4e48-9f7e-e38445fe0d21' before making global git config changes
2026-10-01T18:28:33.9304584Z Adding repository directory to the temporary git global config as a safe directory
2026-10-01T18:28:33.9306477Z [command]/usr/bin/git config --global --add safe.directory /home/runner/work/bb-scanner/bb-scanner
2026-10-01T18:28:33.9343225Z [command]/usr/bin/git config --local --name-only --get-regexp core\.sshCommand
2026-10-01T18:28:33.9377897Z [command]/usr/bin/git submodule foreach --recursive sh -c "git config --local --name-only --get-regexp 'core\.sshCommand' && git config --local --unset-all 'core.sshCommand' || :"
2026-10-01T18:28:33.9591795Z [command]/usr/bin/git config --local --name-only --get-regexp http\.https\:\/\/github\.com\/\.extraheader
2026-10-01T18:28:33.9621063Z http.https://github.com/.extraheader
2026-10-01T18:28:33.9636611Z [command]/usr/bin/git config --local --unset-all http.https://github.com/.extraheader
2026-10-01T18:28:33.9663965Z [command]/usr/bin/git submodule foreach --recursive sh -c "git config --local --name-only --get-regexp 'http\.https\:\/\/github\.com\/\.extraheader' && git config --local --unset-all 'http.https://github.com/.extraheader' || :"
2026-10-01T18:28:33.9864164Z [command]/usr/bin/git config --local --name-only --get-regexp ^includeIf\.gitdir:
2026-10-01T18:28:33.9896135Z [command]/usr/bin/git submodule foreach --recursive git config --local --show-origin --name-only --get-regexp remote.origin.url
2026-10-01T18:28:34.0192085Z Cleaning up orphan processes
2026-10-01T18:28:34.0389875Z ##[warning]Node.js 20 is deprecated. The following actions target Node.js 20 but are being forced to run on Node.js 24: actions/cache@v4, actions/checkout@v4, actions/setup-python@v5, actions/upload-artifact@v4. For more information see: https://github.blog/changelog/2025-09-19-deprecation-of-node-20-on-github-actions-runners/
