2026-10-01T18:24:34.4905359Z Current runner version: '2.337.0'
2026-10-01T18:24:34.4927557Z ##[group]Runner Image Provisioner
2026-10-01T18:24:34.4928350Z Hosted Compute Agent
2026-10-01T18:24:34.4928896Z Version: 20260901.588
2026-10-01T18:24:34.4929464Z Commit: f88ec8081b781fac6c440065ac7ff9e710ce3d0b
2026-10-01T18:24:34.4930061Z Build Date: 2026-09-01T19:56:44Z
2026-10-01T18:24:34.4930943Z Worker ID: {99d01bcc-7b42-43ed-9045-f271be6a780d}
2026-10-01T18:24:34.4931526Z Azure Region: westus3
2026-10-01T18:24:34.4932031Z ##[endgroup]
2026-10-01T18:24:34.4933341Z ##[group]Operating System
2026-10-01T18:24:34.4933884Z Ubuntu
2026-10-01T18:24:34.4934727Z 24.04.5
2026-10-01T18:24:34.4935161Z LTS
2026-10-01T18:24:34.4935573Z ##[endgroup]
2026-10-01T18:24:34.4936105Z ##[group]Runner Image
2026-10-01T18:24:34.4936599Z Image: ubuntu-24.04
2026-10-01T18:24:34.4937140Z Version: 20260927.320.1
2026-10-01T18:24:34.4938170Z Included Software: https://github.com/actions/runner-images/blob/ubuntu24/20260927.320/images/ubuntu/Ubuntu2404-Readme.md
2026-10-01T18:24:34.4939475Z Image Release: https://github.com/actions/runner-images/releases/tag/ubuntu24%2F20260927.320
2026-10-01T18:24:34.4940428Z ##[endgroup]
2026-10-01T18:24:34.4941425Z ##[group]GITHUB_TOKEN Permissions
2026-10-01T18:24:34.4943250Z Actions: read
2026-10-01T18:24:34.4943836Z Contents: read
2026-10-01T18:24:34.4944304Z Metadata: read
2026-10-01T18:24:34.4944751Z ##[endgroup]
2026-10-01T18:24:34.4946606Z Secret source: Actions
2026-10-01T18:24:34.4947408Z Cache mode: write
2026-10-01T18:24:34.4948078Z Prepare workflow directory
2026-10-01T18:24:34.5223498Z Prepare all required actions
2026-10-01T18:24:34.5264021Z Getting action download info
2026-10-01T18:24:34.8223776Z Download action repository 'actions/checkout@v4' (SHA:11d5960a326750d5838078e36cf38b85af677262)
2026-10-01T18:24:35.0664550Z Download action repository 'actions/setup-python@v5' (SHA:a26af69be951a213d495a4c3e4e4022e16d87065)
2026-10-01T18:24:35.1893874Z Download action repository 'actions/cache@v4' (SHA:0057852bfaa89a56745cba8c7296529d2fc39830)
2026-10-01T18:24:35.3687620Z Download action repository 'actions/upload-artifact@v4' (SHA:ea165f8d65b6e75b540449e92b4886f43607fa02)
2026-10-01T18:24:35.8405846Z Complete job name: development (5)
2026-10-01T18:24:35.9063579Z ##[group]Run actions/checkout@v4
2026-10-01T18:24:35.9064269Z with:
2026-10-01T18:24:35.9064629Z   repository: duuu-hub/bb-scanner
2026-10-01T18:24:35.9067737Z   token: ***
2026-10-01T18:24:35.9068093Z   ssh-strict: true
2026-10-01T18:24:35.9068441Z   ssh-user: git
2026-10-01T18:24:35.9068796Z   persist-credentials: true
2026-10-01T18:24:35.9069183Z   clean: true
2026-10-01T18:24:35.9069538Z   sparse-checkout-cone-mode: true
2026-10-01T18:24:35.9069948Z   fetch-depth: 1
2026-10-01T18:24:35.9070433Z   fetch-tags: false
2026-10-01T18:24:35.9070788Z   show-progress: true
2026-10-01T18:24:35.9071157Z   lfs: false
2026-10-01T18:24:35.9071499Z   submodules: false
2026-10-01T18:24:35.9071855Z   set-safe-directory: true
2026-10-01T18:24:35.9072257Z   allow-unsafe-pr-checkout: false
2026-10-01T18:24:35.9072868Z ##[endgroup]
2026-10-01T18:24:35.9906838Z Syncing repository: duuu-hub/bb-scanner
2026-10-01T18:24:35.9908457Z ##[group]Getting Git version info
2026-10-01T18:24:35.9909149Z Working directory is '/home/runner/work/bb-scanner/bb-scanner'
2026-10-01T18:24:35.9910083Z [command]/usr/bin/git version
2026-10-01T18:24:36.0631960Z git version 2.55.0
2026-10-01T18:24:36.0638091Z ##[endgroup]
2026-10-01T18:24:36.0650480Z Temporarily overriding HOME='/home/runner/work/_temp/15b7a403-b14c-4380-b127-8675cedafcd9' before making global git config changes
2026-10-01T18:24:36.0655003Z Adding repository directory to the temporary git global config as a safe directory
2026-10-01T18:24:36.0656099Z [command]/usr/bin/git config --global --add safe.directory /home/runner/work/bb-scanner/bb-scanner
2026-10-01T18:24:36.0708192Z Deleting the contents of '/home/runner/work/bb-scanner/bb-scanner'
2026-10-01T18:24:36.0712301Z ##[group]Initializing the repository
2026-10-01T18:24:36.0715541Z [command]/usr/bin/git init /home/runner/work/bb-scanner/bb-scanner
2026-10-01T18:24:36.0791026Z hint: Using 'master' as the name for the initial branch. This default branch name
2026-10-01T18:24:36.0791993Z hint: will change to "main" in Git 3.0. To configure the initial branch name
2026-10-01T18:24:36.0792735Z hint: to use in all of your new repositories, which will suppress this warning,
2026-10-01T18:24:36.0793320Z hint: call:
2026-10-01T18:24:36.0793642Z hint:
2026-10-01T18:24:36.0794089Z hint: 	git config --global init.defaultBranch <name>
2026-10-01T18:24:36.0794578Z hint:
2026-10-01T18:24:36.0795033Z hint: Names commonly chosen instead of 'master' are 'main', 'trunk' and
2026-10-01T18:24:36.0795779Z hint: 'development'. The just-created branch can be renamed via this command:
2026-10-01T18:24:36.0796349Z hint:
2026-10-01T18:24:36.0796681Z hint: 	git branch -m <name>
2026-10-01T18:24:36.0797074Z hint:
2026-10-01T18:24:36.0797564Z hint: Disable this message with "git config set advice.defaultBranchName false"
2026-10-01T18:24:36.0802238Z Initialized empty Git repository in /home/runner/work/bb-scanner/bb-scanner/.git/
2026-10-01T18:24:36.0809363Z [command]/usr/bin/git remote add origin https://github.com/duuu-hub/bb-scanner
2026-10-01T18:24:36.1499504Z ##[endgroup]
2026-10-01T18:24:36.1500327Z ##[group]Disabling automatic garbage collection
2026-10-01T18:24:36.1503920Z [command]/usr/bin/git config --local gc.auto 0
2026-10-01T18:24:36.1538874Z ##[endgroup]
2026-10-01T18:24:36.1539820Z ##[group]Setting up auth
2026-10-01T18:24:36.1545587Z [command]/usr/bin/git config --local --name-only --get-regexp core\.sshCommand
2026-10-01T18:24:36.1578364Z [command]/usr/bin/git submodule foreach --recursive sh -c "git config --local --name-only --get-regexp 'core\.sshCommand' && git config --local --unset-all 'core.sshCommand' || :"
2026-10-01T18:24:36.1869734Z [command]/usr/bin/git config --local --name-only --get-regexp http\.https\:\/\/github\.com\/\.extraheader
2026-10-01T18:24:36.1903229Z [command]/usr/bin/git submodule foreach --recursive sh -c "git config --local --name-only --get-regexp 'http\.https\:\/\/github\.com\/\.extraheader' && git config --local --unset-all 'http.https://github.com/.extraheader' || :"
2026-10-01T18:24:36.2106982Z [command]/usr/bin/git config --local --name-only --get-regexp ^includeIf\.gitdir:
2026-10-01T18:24:36.2140052Z [command]/usr/bin/git submodule foreach --recursive git config --local --show-origin --name-only --get-regexp remote.origin.url
2026-10-01T18:24:36.2338793Z [command]/usr/bin/git config --local http.https://github.com/.extraheader AUTHORIZATION: basic ***
2026-10-01T18:24:36.2377671Z ##[endgroup]
2026-10-01T18:24:36.2378385Z ##[group]Fetching the repository
2026-10-01T18:24:36.2385804Z [command]/usr/bin/git -c protocol.version=2 fetch --no-tags --prune --no-recurse-submodules --depth=1 origin +65095198c689b09a3028ec460db8198f819b0bcc:refs/remotes/origin/research-btc-factor-lag-v6
2026-10-01T18:24:38.5271938Z From https://github.com/duuu-hub/bb-scanner
2026-10-01T18:24:38.5272805Z  * [new ref]         65095198c689b09a3028ec460db8198f819b0bcc -> origin/research-btc-factor-lag-v6
2026-10-01T18:24:38.5274897Z ##[endgroup]
2026-10-01T18:24:38.5275486Z ##[group]Determining the checkout info
2026-10-01T18:24:38.5277833Z ##[endgroup]
2026-10-01T18:24:38.5283066Z [command]/usr/bin/git sparse-checkout disable
2026-10-01T18:24:38.5329970Z [command]/usr/bin/git config --local --unset-all extensions.worktreeConfig
2026-10-01T18:24:38.5359921Z ##[group]Checking out the ref
2026-10-01T18:24:38.5370713Z [command]/usr/bin/git checkout --progress --force -B research-btc-factor-lag-v6 refs/remotes/origin/research-btc-factor-lag-v6
2026-10-01T18:24:38.7731451Z Switched to a new branch 'research-btc-factor-lag-v6'
2026-10-01T18:24:38.7734443Z branch 'research-btc-factor-lag-v6' set up to track 'origin/research-btc-factor-lag-v6'.
2026-10-01T18:24:38.7746417Z ##[endgroup]
2026-10-01T18:24:38.7790366Z [command]/usr/bin/git log -1 --format=%H
2026-10-01T18:24:38.7816009Z 65095198c689b09a3028ec460db8198f819b0bcc
2026-10-01T18:24:38.8046327Z ##[group]Run actions/setup-python@v5
2026-10-01T18:24:38.8046609Z with:
2026-10-01T18:24:38.8046794Z   python-version: 3.12
2026-10-01T18:24:38.8046988Z   check-latest: false
2026-10-01T18:24:38.8049006Z   token: ***
2026-10-01T18:24:38.8049196Z   update-environment: true
2026-10-01T18:24:38.8049401Z   allow-prereleases: false
2026-10-01T18:24:38.8049593Z   freethreaded: false
2026-10-01T18:24:38.8049773Z ##[endgroup]
2026-10-01T18:24:38.9167711Z ##[group]Installed versions
2026-10-01T18:24:38.9233973Z (node:2075) [DEP0040] DeprecationWarning: The `punycode` module is deprecated. Please use a userland alternative instead.
2026-10-01T18:24:38.9234578Z (Use `node --trace-deprecation ...` to show where the warning was created)
2026-10-01T18:24:38.9235125Z Successfully set up CPython (3.12.14)
2026-10-01T18:24:38.9235671Z ##[endgroup]
2026-10-01T18:24:38.9400408Z ##[group]Run pip install pandas==2.3.3 numpy==2.3.3
2026-10-01T18:24:38.9400872Z [36;1mpip install pandas==2.3.3 numpy==2.3.3[0m
2026-10-01T18:24:39.3501517Z shell: /usr/bin/bash -e {0}
2026-10-01T18:24:39.3501800Z env:
2026-10-01T18:24:39.3502048Z   pythonLocation: /opt/hostedtoolcache/Python/3.12.14/x64
2026-10-01T18:24:39.3502411Z   PKG_CONFIG_PATH: /opt/hostedtoolcache/Python/3.12.14/x64/lib/pkgconfig
2026-10-01T18:24:39.3502764Z   Python_ROOT_DIR: /opt/hostedtoolcache/Python/3.12.14/x64
2026-10-01T18:24:39.3503069Z   Python2_ROOT_DIR: /opt/hostedtoolcache/Python/3.12.14/x64
2026-10-01T18:24:39.3503393Z   Python3_ROOT_DIR: /opt/hostedtoolcache/Python/3.12.14/x64
2026-10-01T18:24:39.3503701Z   LD_LIBRARY_PATH: /opt/hostedtoolcache/Python/3.12.14/x64/lib
2026-10-01T18:24:39.3503964Z ##[endgroup]
2026-10-01T18:24:41.9669485Z Collecting pandas==2.3.3
2026-10-01T18:24:42.0329264Z   Downloading pandas-2.3.3-cp312-cp312-manylinux_2_24_x86_64.manylinux_2_28_x86_64.whl.metadata (91 kB)
2026-10-01T18:24:42.2610307Z Collecting numpy==2.3.3
2026-10-01T18:24:42.2714294Z   Downloading numpy-2.3.3-cp312-cp312-manylinux_2_27_x86_64.manylinux_2_28_x86_64.whl.metadata (62 kB)
2026-10-01T18:24:42.2963892Z Collecting python-dateutil>=2.8.2 (from pandas==2.3.3)
2026-10-01T18:24:42.3062476Z   Downloading python_dateutil-2.9.0.post0-py2.py3-none-any.whl.metadata (8.4 kB)
2026-10-01T18:24:42.3329881Z Collecting pytz>=2020.1 (from pandas==2.3.3)
2026-10-01T18:24:42.3430023Z   Downloading pytz-2026.4-py2.py3-none-any.whl.metadata (22 kB)
2026-10-01T18:24:42.4177266Z Collecting tzdata>=2022.7 (from pandas==2.3.3)
2026-10-01T18:24:42.4275804Z   Downloading tzdata-2026.4-py2.py3-none-any.whl.metadata (1.4 kB)
2026-10-01T18:24:42.4398544Z Collecting six>=1.5 (from python-dateutil>=2.8.2->pandas==2.3.3)
2026-10-01T18:24:42.4496651Z   Downloading six-1.17.0-py2.py3-none-any.whl.metadata (1.7 kB)
2026-10-01T18:24:42.5357323Z Downloading pandas-2.3.3-cp312-cp312-manylinux_2_24_x86_64.manylinux_2_28_x86_64.whl (12.4 MB)
2026-10-01T18:24:43.0152286Z    ━━━━━━━━━━━━━━━━━━━━━━━━━━━━━━━━━━━━━━━━ 12.4/12.4 MB 26.9 MB/s  0:00:00
2026-10-01T18:24:43.0265729Z Downloading numpy-2.3.3-cp312-cp312-manylinux_2_27_x86_64.manylinux_2_28_x86_64.whl (16.6 MB)
2026-10-01T18:24:43.5421780Z    ━━━━━━━━━━━━━━━━━━━━━━━━━━━━━━━━━━━━━━━━ 16.6/16.6 MB 32.0 MB/s  0:00:00
2026-10-01T18:24:43.5524656Z Downloading python_dateutil-2.9.0.post0-py2.py3-none-any.whl (229 kB)
2026-10-01T18:24:43.9900017Z Downloading pytz-2026.4-py2.py3-none-any.whl (506 kB)
2026-10-01T18:24:44.3319237Z Downloading six-1.17.0-py2.py3-none-any.whl (11 kB)
2026-10-01T18:24:44.3638166Z Downloading tzdata-2026.4-py2.py3-none-any.whl (347 kB)
2026-10-01T18:24:44.7525879Z Installing collected packages: pytz, tzdata, six, numpy, python-dateutil, pandas
2026-10-01T18:24:51.7486513Z 
2026-10-01T18:24:51.7498053Z Successfully installed numpy-2.3.3 pandas-2.3.3 python-dateutil-2.9.0.post0 pytz-2026.4 six-1.17.0 tzdata-2026.4
2026-10-01T18:24:51.8307321Z ##[group]Run actions/cache@v4
2026-10-01T18:24:51.8307555Z with:
2026-10-01T18:24:51.8307734Z   path: cache/verified-1m
2026-10-01T18:24:51.8307942Z   key: factor-lag-v6-dev-1m-shard-5
2026-10-01T18:24:51.8308359Z   restore-keys: liquidity-v5-dev-1m-shard-5
2026-10-01T18:24:51.8308595Z   enableCrossOsArchive: false
2026-10-01T18:24:51.8308800Z   fail-on-cache-miss: false
2026-10-01T18:24:51.8308985Z   lookup-only: false
2026-10-01T18:24:51.8309156Z   save-always: false
2026-10-01T18:24:51.8309318Z env:
2026-10-01T18:24:51.8309525Z   pythonLocation: /opt/hostedtoolcache/Python/3.12.14/x64
2026-10-01T18:24:51.8309871Z   PKG_CONFIG_PATH: /opt/hostedtoolcache/Python/3.12.14/x64/lib/pkgconfig
2026-10-01T18:24:51.8310322Z   Python_ROOT_DIR: /opt/hostedtoolcache/Python/3.12.14/x64
2026-10-01T18:24:51.8310631Z   Python2_ROOT_DIR: /opt/hostedtoolcache/Python/3.12.14/x64
2026-10-01T18:24:51.8310930Z   Python3_ROOT_DIR: /opt/hostedtoolcache/Python/3.12.14/x64
2026-10-01T18:24:51.8311263Z   LD_LIBRARY_PATH: /opt/hostedtoolcache/Python/3.12.14/x64/lib
2026-10-01T18:24:51.8311512Z ##[endgroup]
2026-10-01T18:24:51.9254321Z (node:2116) [DEP0040] DeprecationWarning: The `punycode` module is deprecated. Please use a userland alternative instead.
2026-10-01T18:24:51.9255024Z (Use `node --trace-deprecation ...` to show where the warning was created)
2026-10-01T18:24:52.2374598Z Cache not found for input keys: factor-lag-v6-dev-1m-shard-5, liquidity-v5-dev-1m-shard-5
2026-10-01T18:24:52.2472665Z ##[group]Run actions/cache@v4
2026-10-01T18:24:52.2472885Z with:
2026-10-01T18:24:52.2473043Z   path: data
2026-10-01T18:24:52.2473222Z   key: frozen-source-36095439671-15m-shard-5
2026-10-01T18:24:52.2473464Z   enableCrossOsArchive: false
2026-10-01T18:24:52.2473664Z   fail-on-cache-miss: false
2026-10-01T18:24:52.2473854Z   lookup-only: false
2026-10-01T18:24:52.2474025Z   save-always: false
2026-10-01T18:24:52.2474185Z env:
2026-10-01T18:24:52.2474394Z   pythonLocation: /opt/hostedtoolcache/Python/3.12.14/x64
2026-10-01T18:24:52.2474734Z   PKG_CONFIG_PATH: /opt/hostedtoolcache/Python/3.12.14/x64/lib/pkgconfig
2026-10-01T18:24:52.2475073Z   Python_ROOT_DIR: /opt/hostedtoolcache/Python/3.12.14/x64
2026-10-01T18:24:52.2475383Z   Python2_ROOT_DIR: /opt/hostedtoolcache/Python/3.12.14/x64
2026-10-01T18:24:52.2475675Z   Python3_ROOT_DIR: /opt/hostedtoolcache/Python/3.12.14/x64
2026-10-01T18:24:52.2475969Z   LD_LIBRARY_PATH: /opt/hostedtoolcache/Python/3.12.14/x64/lib
2026-10-01T18:24:52.2476255Z ##[endgroup]
2026-10-01T18:24:52.3367533Z (node:2129) [DEP0040] DeprecationWarning: The `punycode` module is deprecated. Please use a userland alternative instead.
2026-10-01T18:24:52.3368097Z (Use `node --trace-deprecation ...` to show where the warning was created)
2026-10-01T18:24:52.5384157Z Cache not found for input keys: frozen-source-36095439671-15m-shard-5
2026-10-01T18:24:52.5490650Z ##[group]Run gh run download 36095439671 -R duuu-hub/bb-scanner -n rank5-binance-um-15m-5y-data-shard-5 -D data
2026-10-01T18:24:52.5491317Z [36;1mgh run download 36095439671 -R duuu-hub/bb-scanner -n rank5-binance-um-15m-5y-data-shard-5 -D data[0m
2026-10-01T18:24:52.5547905Z shell: /usr/bin/bash -e {0}
2026-10-01T18:24:52.5548123Z env:
2026-10-01T18:24:52.5548381Z   pythonLocation: /opt/hostedtoolcache/Python/3.12.14/x64
2026-10-01T18:24:52.5548739Z   PKG_CONFIG_PATH: /opt/hostedtoolcache/Python/3.12.14/x64/lib/pkgconfig
2026-10-01T18:24:52.5549077Z   Python_ROOT_DIR: /opt/hostedtoolcache/Python/3.12.14/x64
2026-10-01T18:24:52.5549379Z   Python2_ROOT_DIR: /opt/hostedtoolcache/Python/3.12.14/x64
2026-10-01T18:24:52.5549672Z   Python3_ROOT_DIR: /opt/hostedtoolcache/Python/3.12.14/x64
2026-10-01T18:24:52.5549972Z   LD_LIBRARY_PATH: /opt/hostedtoolcache/Python/3.12.14/x64/lib
2026-10-01T18:24:52.5552262Z   GH_TOKEN: ***
2026-10-01T18:24:52.5552445Z ##[endgroup]
2026-10-01T18:25:07.8527057Z ##[group]Run gh run download 36858492497 -R duuu-hub/bb-scanner -n day-edge-v2-btc -D btc
2026-10-01T18:25:07.8527582Z [36;1mgh run download 36858492497 -R duuu-hub/bb-scanner -n day-edge-v2-btc -D btc[0m
2026-10-01T18:25:07.8584520Z shell: /usr/bin/bash -e {0}
2026-10-01T18:25:07.8584735Z env:
2026-10-01T18:25:07.8584963Z   pythonLocation: /opt/hostedtoolcache/Python/3.12.14/x64
2026-10-01T18:25:07.8585497Z   PKG_CONFIG_PATH: /opt/hostedtoolcache/Python/3.12.14/x64/lib/pkgconfig
2026-10-01T18:25:07.8585827Z   Python_ROOT_DIR: /opt/hostedtoolcache/Python/3.12.14/x64
2026-10-01T18:25:07.8586124Z   Python2_ROOT_DIR: /opt/hostedtoolcache/Python/3.12.14/x64
2026-10-01T18:25:07.8586413Z   Python3_ROOT_DIR: /opt/hostedtoolcache/Python/3.12.14/x64
2026-10-01T18:25:07.8586710Z   LD_LIBRARY_PATH: /opt/hostedtoolcache/Python/3.12.14/x64/lib
2026-10-01T18:25:07.8588804Z   GH_TOKEN: ***
2026-10-01T18:25:07.8588981Z ##[endgroup]
2026-10-01T18:25:09.4982693Z ##[group]Run gh run download 36095439671 -R duuu-hub/bb-scanner -n rank5-binance-um-15m-5y-manifest-shard-5 -D source-manifest
2026-10-01T18:25:09.4983392Z [36;1mgh run download 36095439671 -R duuu-hub/bb-scanner -n rank5-binance-um-15m-5y-manifest-shard-5 -D source-manifest[0m
2026-10-01T18:25:09.4984233Z [36;1mpython scripts/research_evidence_archive.py verify-source --data data --manifests source-manifest --baseline research/btc-factor-lag-v6/FROZEN_INPUT_HASHES.json --out dev-5/source_check.json[0m
2026-10-01T18:25:09.5041997Z shell: /usr/bin/bash -e {0}
2026-10-01T18:25:09.5042220Z env:
2026-10-01T18:25:09.5042459Z   pythonLocation: /opt/hostedtoolcache/Python/3.12.14/x64
2026-10-01T18:25:09.5042818Z   PKG_CONFIG_PATH: /opt/hostedtoolcache/Python/3.12.14/x64/lib/pkgconfig
2026-10-01T18:25:09.5043149Z   Python_ROOT_DIR: /opt/hostedtoolcache/Python/3.12.14/x64
2026-10-01T18:25:09.5043448Z   Python2_ROOT_DIR: /opt/hostedtoolcache/Python/3.12.14/x64
2026-10-01T18:25:09.5043796Z   Python3_ROOT_DIR: /opt/hostedtoolcache/Python/3.12.14/x64
2026-10-01T18:25:09.5044086Z   LD_LIBRARY_PATH: /opt/hostedtoolcache/Python/3.12.14/x64/lib
2026-10-01T18:25:09.5046507Z   GH_TOKEN: ***
2026-10-01T18:25:09.5046689Z ##[endgroup]
2026-10-01T18:25:15.8744220Z FROZEN_SOURCE_VERIFIED 107 files 37 prior SHA256 matches
2026-10-01T18:25:15.9334623Z ##[group]Run python scripts/btc_factor_lag_v6.py scan --stage DEV --data data --btc btc/BTCUSDT.csv.gz --out dev-5 --minute-cache cache/verified-1m
2026-10-01T18:25:15.9335442Z [36;1mpython scripts/btc_factor_lag_v6.py scan --stage DEV --data data --btc btc/BTCUSDT.csv.gz --out dev-5 --minute-cache cache/verified-1m[0m
2026-10-01T18:25:15.9393685Z shell: /usr/bin/bash -e {0}
2026-10-01T18:25:15.9393924Z env:
2026-10-01T18:25:15.9394166Z   pythonLocation: /opt/hostedtoolcache/Python/3.12.14/x64
2026-10-01T18:25:15.9394539Z   PKG_CONFIG_PATH: /opt/hostedtoolcache/Python/3.12.14/x64/lib/pkgconfig
2026-10-01T18:25:15.9394887Z   Python_ROOT_DIR: /opt/hostedtoolcache/Python/3.12.14/x64
2026-10-01T18:25:15.9395187Z   Python2_ROOT_DIR: /opt/hostedtoolcache/Python/3.12.14/x64
2026-10-01T18:25:15.9395488Z   Python3_ROOT_DIR: /opt/hostedtoolcache/Python/3.12.14/x64
2026-10-01T18:25:15.9395778Z   LD_LIBRARY_PATH: /opt/hostedtoolcache/Python/3.12.14/x64/lib
2026-10-01T18:25:15.9396104Z ##[endgroup]
2026-10-01T18:27:33.6065822Z FACTOR_SCAN DEV 48 / 107 outcomes 40554
2026-10-01T18:29:05.0067457Z FACTOR_SCAN DEV 80 / 107 outcomes 67692
2026-10-01T18:30:30.3841327Z FACTOR_SCAN_DONE DEV 94311 excluded 9
2026-10-01T18:30:30.4854664Z ##[group]Run actions/upload-artifact@v4
2026-10-01T18:30:30.4854900Z with:
2026-10-01T18:30:30.4855065Z   name: factor-lag-v6-dev-5
2026-10-01T18:30:30.4855253Z   path: dev-5/
2026-10-01T18:30:30.4855414Z   retention-days: 30
2026-10-01T18:30:30.4855588Z   compression-level: 0
2026-10-01T18:30:30.4855767Z   if-no-files-found: warn
2026-10-01T18:30:30.4855946Z   overwrite: false
2026-10-01T18:30:30.4856114Z   include-hidden-files: false
2026-10-01T18:30:30.4856299Z env:
2026-10-01T18:30:30.4856501Z   pythonLocation: /opt/hostedtoolcache/Python/3.12.14/x64
2026-10-01T18:30:30.4856840Z   PKG_CONFIG_PATH: /opt/hostedtoolcache/Python/3.12.14/x64/lib/pkgconfig
2026-10-01T18:30:30.4857182Z   Python_ROOT_DIR: /opt/hostedtoolcache/Python/3.12.14/x64
2026-10-01T18:30:30.4857473Z   Python2_ROOT_DIR: /opt/hostedtoolcache/Python/3.12.14/x64
2026-10-01T18:30:30.4857763Z   Python3_ROOT_DIR: /opt/hostedtoolcache/Python/3.12.14/x64
2026-10-01T18:30:30.4858246Z   LD_LIBRARY_PATH: /opt/hostedtoolcache/Python/3.12.14/x64/lib
2026-10-01T18:30:30.4858498Z ##[endgroup]
2026-10-01T18:30:30.6239270Z (node:2289) [DEP0040] DeprecationWarning: The `punycode` module is deprecated. Please use a userland alternative instead.
2026-10-01T18:30:30.6240330Z (Use `node --trace-deprecation ...` to show where the warning was created)
2026-10-01T18:30:30.6627698Z With the provided path, there will be 299 files uploaded
2026-10-01T18:30:30.6628591Z Artifact name is valid!
2026-10-01T18:30:30.6628965Z Root directory input is valid!
2026-10-01T18:30:31.0299972Z Beginning upload of artifact content to blob storage
2026-10-01T18:30:31.0827863Z (node:2289) [DEP0169] DeprecationWarning: `url.parse()` behavior is not standardized and prone to errors that have security implications. Use the WHATWG URL API instead. CVEs are not issued for `url.parse()` vulnerabilities.
2026-10-01T18:30:31.7711028Z Uploaded bytes 8388608
2026-10-01T18:30:31.8714738Z Uploaded bytes 10607454
2026-10-01T18:30:31.9265455Z Finished uploading artifact content to blob storage!
2026-10-01T18:30:31.9266246Z SHA256 digest of uploaded artifact zip is 8e79deed8eab14344f0a1f234e9ed933959f93818655389600d8fcd016903452
2026-10-01T18:30:31.9267415Z Finalizing artifact upload
2026-10-01T18:30:32.2087936Z Artifact factor-lag-v6-dev-5.zip successfully finalized. Artifact ID 11185356058
2026-10-01T18:30:32.2088829Z Artifact factor-lag-v6-dev-5 has been successfully uploaded! Final size is 10607454 bytes. Artifact ID is 11185356058
2026-10-01T18:30:32.2093274Z Artifact download URL: https://github.com/duuu-hub/bb-scanner/actions/runs/36906530309/artifacts/11185356058
2026-10-01T18:30:32.2247671Z Post job cleanup.
2026-10-01T18:30:32.3128455Z (node:2302) [DEP0040] DeprecationWarning: The `punycode` module is deprecated. Please use a userland alternative instead.
2026-10-01T18:30:32.3129034Z (Use `node --trace-deprecation ...` to show where the warning was created)
2026-10-01T18:30:32.3275115Z [command]/usr/bin/tar --posix -cf cache.tzst --exclude cache.tzst -P -C /home/runner/work/bb-scanner/bb-scanner --files-from manifest.txt --use-compress-program zstdmt
2026-10-01T18:30:32.7387021Z (node:2302) [DEP0169] DeprecationWarning: `url.parse()` behavior is not standardized and prone to errors that have security implications. Use the WHATWG URL API instead. CVEs are not issued for `url.parse()` vulnerabilities.
2026-10-01T18:30:33.7341511Z Sent 0 of 252769190 (0.0%), 0.0 MBs/sec
2026-10-01T18:30:34.7301588Z Sent 185660326 of 252769190 (73.5%), 88.5 MBs/sec
2026-10-01T18:30:34.8705759Z Sent 252769190 of 252769190 (100.0%), 112.6 MBs/sec
2026-10-01T18:30:35.0115163Z Cache saved with key: frozen-source-36095439671-15m-shard-5
2026-10-01T18:30:35.0218866Z Post job cleanup.
2026-10-01T18:30:35.1118432Z (node:2323) [DEP0040] DeprecationWarning: The `punycode` module is deprecated. Please use a userland alternative instead.
2026-10-01T18:30:35.1119018Z (Use `node --trace-deprecation ...` to show where the warning was created)
2026-10-01T18:30:35.1311348Z [command]/usr/bin/tar --posix -cf cache.tzst --exclude cache.tzst -P -C /home/runner/work/bb-scanner/bb-scanner --files-from manifest.txt --use-compress-program zstdmt
2026-10-01T18:30:35.4541524Z (node:2323) [DEP0169] DeprecationWarning: `url.parse()` behavior is not standardized and prone to errors that have security implications. Use the WHATWG URL API instead. CVEs are not issued for `url.parse()` vulnerabilities.
2026-10-01T18:30:36.4466002Z Sent 40960000 of 73908267 (55.4%), 39.1 MBs/sec
2026-10-01T18:30:37.1216841Z Sent 73908267 of 73908267 (100.0%), 42.1 MBs/sec
2026-10-01T18:30:37.2349774Z Cache saved with key: factor-lag-v6-dev-1m-shard-5
2026-10-01T18:30:37.2493483Z Post job cleanup.
2026-10-01T18:30:37.3489012Z (node:2343) [DEP0040] DeprecationWarning: The `punycode` module is deprecated. Please use a userland alternative instead.
2026-10-01T18:30:37.3489622Z (Use `node --trace-deprecation ...` to show where the warning was created)
2026-10-01T18:30:37.3652160Z Post job cleanup.
2026-10-01T18:30:37.4435625Z [command]/usr/bin/git version
2026-10-01T18:30:37.4475961Z git version 2.55.0
2026-10-01T18:30:37.4511376Z Temporarily overriding HOME='/home/runner/work/_temp/e449f57b-74ab-4152-b536-596b68ad8e53' before making global git config changes
2026-10-01T18:30:37.4512595Z Adding repository directory to the temporary git global config as a safe directory
2026-10-01T18:30:37.4516647Z [command]/usr/bin/git config --global --add safe.directory /home/runner/work/bb-scanner/bb-scanner
2026-10-01T18:30:37.4554845Z [command]/usr/bin/git config --local --name-only --get-regexp core\.sshCommand
2026-10-01T18:30:37.4586881Z [command]/usr/bin/git submodule foreach --recursive sh -c "git config --local --name-only --get-regexp 'core\.sshCommand' && git config --local --unset-all 'core.sshCommand' || :"
2026-10-01T18:30:37.4817898Z [command]/usr/bin/git config --local --name-only --get-regexp http\.https\:\/\/github\.com\/\.extraheader
2026-10-01T18:30:37.4844183Z http.https://github.com/.extraheader
2026-10-01T18:30:37.4855187Z [command]/usr/bin/git config --local --unset-all http.https://github.com/.extraheader
2026-10-01T18:30:37.4889940Z [command]/usr/bin/git submodule foreach --recursive sh -c "git config --local --name-only --get-regexp 'http\.https\:\/\/github\.com\/\.extraheader' && git config --local --unset-all 'http.https://github.com/.extraheader' || :"
2026-10-01T18:30:37.5136278Z [command]/usr/bin/git config --local --name-only --get-regexp ^includeIf\.gitdir:
2026-10-01T18:30:37.5179796Z [command]/usr/bin/git submodule foreach --recursive git config --local --show-origin --name-only --get-regexp remote.origin.url
2026-10-01T18:30:37.5530946Z Cleaning up orphan processes
2026-10-01T18:30:37.5795716Z ##[warning]Node.js 20 is deprecated. The following actions target Node.js 20 but are being forced to run on Node.js 24: actions/cache@v4, actions/checkout@v4, actions/setup-python@v5, actions/upload-artifact@v4. For more information see: https://github.blog/changelog/2025-09-19-deprecation-of-node-20-on-github-actions-runners/
