2026-10-01T18:31:23.1991976Z Current runner version: '2.337.0'
2026-10-01T18:31:23.2017676Z ##[group]Runner Image Provisioner
2026-10-01T18:31:23.2018607Z Hosted Compute Agent
2026-10-01T18:31:23.2019323Z Version: 20260901.588
2026-10-01T18:31:23.2019955Z Commit: f88ec8081b781fac6c440065ac7ff9e710ce3d0b
2026-10-01T18:31:23.2020716Z Build Date: 2026-09-01T19:56:44Z
2026-10-01T18:31:23.2021430Z Worker ID: {af532c45-f7a8-45ae-8a33-736628fb4604}
2026-10-01T18:31:23.2022129Z Azure Region: westus
2026-10-01T18:31:23.2022738Z ##[endgroup]
2026-10-01T18:31:23.2024665Z ##[group]Operating System
2026-10-01T18:31:23.2025697Z Ubuntu
2026-10-01T18:31:23.2026354Z 24.04.5
2026-10-01T18:31:23.2026863Z LTS
2026-10-01T18:31:23.2027452Z ##[endgroup]
2026-10-01T18:31:23.2028008Z ##[group]Runner Image
2026-10-01T18:31:23.2028586Z Image: ubuntu-24.04
2026-10-01T18:31:23.2029203Z Version: 20260927.320.1
2026-10-01T18:31:23.2030430Z Included Software: https://github.com/actions/runner-images/blob/ubuntu24/20260927.320/images/ubuntu/Ubuntu2404-Readme.md
2026-10-01T18:31:23.2032080Z Image Release: https://github.com/actions/runner-images/releases/tag/ubuntu24%2F20260927.320
2026-10-01T18:31:23.2033027Z ##[endgroup]
2026-10-01T18:31:23.2034514Z ##[group]GITHUB_TOKEN Permissions
2026-10-01T18:31:23.2036648Z Actions: read
2026-10-01T18:31:23.2037398Z Contents: read
2026-10-01T18:31:23.2037960Z Metadata: read
2026-10-01T18:31:23.2038545Z ##[endgroup]
2026-10-01T18:31:23.2040816Z Secret source: Actions
2026-10-01T18:31:23.2041867Z Cache mode: write
2026-10-01T18:31:23.2042574Z Prepare workflow directory
2026-10-01T18:31:23.2419797Z Prepare all required actions
2026-10-01T18:31:23.2493112Z Getting action download info
2026-10-01T18:31:23.6369948Z Download action repository 'actions/checkout@v4' (SHA:11d5960a326750d5838078e36cf38b85af677262)
2026-10-01T18:31:23.7698407Z Download action repository 'actions/setup-python@v5' (SHA:a26af69be951a213d495a4c3e4e4022e16d87065)
2026-10-01T18:31:23.8478473Z Download action repository 'actions/cache@v4' (SHA:0057852bfaa89a56745cba8c7296529d2fc39830)
2026-10-01T18:31:23.9409910Z Download action repository 'actions/download-artifact@v4' (SHA:d3f86a106a0bac45b974a628896c90dbdf5c8093)
2026-10-01T18:31:24.3999350Z Download action repository 'actions/upload-artifact@v4' (SHA:ea165f8d65b6e75b540449e92b4886f43607fa02)
2026-10-01T18:31:24.6204962Z Complete job name: gate (2)
2026-10-01T18:31:24.7009758Z ##[group]Run actions/checkout@v4
2026-10-01T18:31:24.7010783Z with:
2026-10-01T18:31:24.7011234Z   repository: duuu-hub/bb-scanner
2026-10-01T18:31:24.7015227Z   token: ***
2026-10-01T18:31:24.7015671Z   ssh-strict: true
2026-10-01T18:31:24.7016111Z   ssh-user: git
2026-10-01T18:31:24.7016555Z   persist-credentials: true
2026-10-01T18:31:24.7017044Z   clean: true
2026-10-01T18:31:24.7017542Z   sparse-checkout-cone-mode: true
2026-10-01T18:31:24.7018063Z   fetch-depth: 1
2026-10-01T18:31:24.7018493Z   fetch-tags: false
2026-10-01T18:31:24.7018930Z   show-progress: true
2026-10-01T18:31:24.7019376Z   lfs: false
2026-10-01T18:31:24.7019782Z   submodules: false
2026-10-01T18:31:24.7020241Z   set-safe-directory: true
2026-10-01T18:31:24.7020738Z   allow-unsafe-pr-checkout: false
2026-10-01T18:31:24.7021574Z ##[endgroup]
2026-10-01T18:31:24.8054382Z Syncing repository: duuu-hub/bb-scanner
2026-10-01T18:31:24.8057408Z ##[group]Getting Git version info
2026-10-01T18:31:24.8058785Z Working directory is '/home/runner/work/bb-scanner/bb-scanner'
2026-10-01T18:31:24.8063378Z [command]/usr/bin/git version
2026-10-01T18:31:24.8278818Z git version 2.55.0
2026-10-01T18:31:24.8302155Z ##[endgroup]
2026-10-01T18:31:24.8317622Z Temporarily overriding HOME='/home/runner/work/_temp/35803594-d9b7-47c2-a2d0-ff4b9e002eba' before making global git config changes
2026-10-01T18:31:24.8411879Z Adding repository directory to the temporary git global config as a safe directory
2026-10-01T18:31:24.8414064Z [command]/usr/bin/git config --global --add safe.directory /home/runner/work/bb-scanner/bb-scanner
2026-10-01T18:31:24.8419342Z Deleting the contents of '/home/runner/work/bb-scanner/bb-scanner'
2026-10-01T18:31:24.8421829Z ##[group]Initializing the repository
2026-10-01T18:31:24.8423235Z [command]/usr/bin/git init /home/runner/work/bb-scanner/bb-scanner
2026-10-01T18:31:24.8522118Z hint: Using 'master' as the name for the initial branch. This default branch name
2026-10-01T18:31:24.8523828Z hint: will change to "main" in Git 3.0. To configure the initial branch name
2026-10-01T18:31:24.8524863Z hint: to use in all of your new repositories, which will suppress this warning,
2026-10-01T18:31:24.8525606Z hint: call:
2026-10-01T18:31:24.8526053Z hint:
2026-10-01T18:31:24.8526574Z hint: 	git config --global init.defaultBranch <name>
2026-10-01T18:31:24.8527180Z hint:
2026-10-01T18:31:24.8527756Z hint: Names commonly chosen instead of 'master' are 'main', 'trunk' and
2026-10-01T18:31:24.8528685Z hint: 'development'. The just-created branch can be renamed via this command:
2026-10-01T18:31:24.8529415Z hint:
2026-10-01T18:31:24.8529822Z hint: 	git branch -m <name>
2026-10-01T18:31:24.8530312Z hint:
2026-10-01T18:31:24.8530938Z hint: Disable this message with "git config set advice.defaultBranchName false"
2026-10-01T18:31:24.8537499Z Initialized empty Git repository in /home/runner/work/bb-scanner/bb-scanner/.git/
2026-10-01T18:31:24.8548724Z [command]/usr/bin/git remote add origin https://github.com/duuu-hub/bb-scanner
2026-10-01T18:31:24.8613161Z ##[endgroup]
2026-10-01T18:31:24.8614881Z ##[group]Disabling automatic garbage collection
2026-10-01T18:31:24.8620650Z [command]/usr/bin/git config --local gc.auto 0
2026-10-01T18:31:24.8665023Z ##[endgroup]
2026-10-01T18:31:24.8666517Z ##[group]Setting up auth
2026-10-01T18:31:24.8668007Z [command]/usr/bin/git config --local --name-only --get-regexp core\.sshCommand
2026-10-01T18:31:24.8707308Z [command]/usr/bin/git submodule foreach --recursive sh -c "git config --local --name-only --get-regexp 'core\.sshCommand' && git config --local --unset-all 'core.sshCommand' || :"
2026-10-01T18:31:24.9094245Z [command]/usr/bin/git config --local --name-only --get-regexp http\.https\:\/\/github\.com\/\.extraheader
2026-10-01T18:31:24.9135596Z [command]/usr/bin/git submodule foreach --recursive sh -c "git config --local --name-only --get-regexp 'http\.https\:\/\/github\.com\/\.extraheader' && git config --local --unset-all 'http.https://github.com/.extraheader' || :"
2026-10-01T18:31:24.9373049Z [command]/usr/bin/git config --local --name-only --get-regexp ^includeIf\.gitdir:
2026-10-01T18:31:24.9411707Z [command]/usr/bin/git submodule foreach --recursive git config --local --show-origin --name-only --get-regexp remote.origin.url
2026-10-01T18:31:24.9648408Z [command]/usr/bin/git config --local http.https://github.com/.extraheader AUTHORIZATION: basic ***
2026-10-01T18:31:24.9692174Z ##[endgroup]
2026-10-01T18:31:24.9693759Z ##[group]Fetching the repository
2026-10-01T18:31:24.9703065Z [command]/usr/bin/git -c protocol.version=2 fetch --no-tags --prune --no-recurse-submodules --depth=1 origin +65095198c689b09a3028ec460db8198f819b0bcc:refs/remotes/origin/research-btc-factor-lag-v6
2026-10-01T18:31:26.0709255Z From https://github.com/duuu-hub/bb-scanner
2026-10-01T18:31:26.0710763Z  * [new ref]         65095198c689b09a3028ec460db8198f819b0bcc -> origin/research-btc-factor-lag-v6
2026-10-01T18:31:26.0715477Z ##[endgroup]
2026-10-01T18:31:26.0717206Z ##[group]Determining the checkout info
2026-10-01T18:31:26.0718798Z ##[endgroup]
2026-10-01T18:31:26.0724451Z [command]/usr/bin/git sparse-checkout disable
2026-10-01T18:31:26.0800113Z [command]/usr/bin/git config --local --unset-all extensions.worktreeConfig
2026-10-01T18:31:26.0840000Z ##[group]Checking out the ref
2026-10-01T18:31:26.0845735Z [command]/usr/bin/git checkout --progress --force -B research-btc-factor-lag-v6 refs/remotes/origin/research-btc-factor-lag-v6
2026-10-01T18:31:26.3477832Z Switched to a new branch 'research-btc-factor-lag-v6'
2026-10-01T18:31:26.3489129Z branch 'research-btc-factor-lag-v6' set up to track 'origin/research-btc-factor-lag-v6'.
2026-10-01T18:31:26.3493856Z ##[endgroup]
2026-10-01T18:31:26.3542992Z [command]/usr/bin/git log -1 --format=%H
2026-10-01T18:31:26.3570924Z 65095198c689b09a3028ec460db8198f819b0bcc
2026-10-01T18:31:26.3855152Z ##[group]Run actions/setup-python@v5
2026-10-01T18:31:26.3855561Z with:
2026-10-01T18:31:26.3855818Z   python-version: 3.12
2026-10-01T18:31:26.3856088Z   check-latest: false
2026-10-01T18:31:26.3858387Z   token: ***
2026-10-01T18:31:26.3858655Z   update-environment: true
2026-10-01T18:31:26.3858963Z   allow-prereleases: false
2026-10-01T18:31:26.3859255Z   freethreaded: false
2026-10-01T18:31:26.3859519Z ##[endgroup]
2026-10-01T18:31:26.5209931Z ##[group]Installed versions
2026-10-01T18:31:26.5302469Z (node:2303) [DEP0040] DeprecationWarning: The `punycode` module is deprecated. Please use a userland alternative instead.
2026-10-01T18:31:26.5303968Z (Use `node --trace-deprecation ...` to show where the warning was created)
2026-10-01T18:31:26.5305018Z Successfully set up CPython (3.12.14)
2026-10-01T18:31:26.5305642Z ##[endgroup]
2026-10-01T18:31:26.5488107Z ##[group]Run pip install pandas==2.3.3 numpy==2.3.3
2026-10-01T18:31:26.5488688Z [36;1mpip install pandas==2.3.3 numpy==2.3.3[0m
2026-10-01T18:31:26.5844188Z shell: /usr/bin/bash -e {0}
2026-10-01T18:31:26.5844644Z env:
2026-10-01T18:31:26.5845039Z   pythonLocation: /opt/hostedtoolcache/Python/3.12.14/x64
2026-10-01T18:31:26.5845629Z   PKG_CONFIG_PATH: /opt/hostedtoolcache/Python/3.12.14/x64/lib/pkgconfig
2026-10-01T18:31:26.5846204Z   Python_ROOT_DIR: /opt/hostedtoolcache/Python/3.12.14/x64
2026-10-01T18:31:26.5846724Z   Python2_ROOT_DIR: /opt/hostedtoolcache/Python/3.12.14/x64
2026-10-01T18:31:26.5847244Z   Python3_ROOT_DIR: /opt/hostedtoolcache/Python/3.12.14/x64
2026-10-01T18:31:26.5847766Z   LD_LIBRARY_PATH: /opt/hostedtoolcache/Python/3.12.14/x64/lib
2026-10-01T18:31:26.5848214Z ##[endgroup]
2026-10-01T18:31:27.6977283Z Collecting pandas==2.3.3
2026-10-01T18:31:27.7448002Z   Downloading pandas-2.3.3-cp312-cp312-manylinux_2_24_x86_64.manylinux_2_28_x86_64.whl.metadata (91 kB)
2026-10-01T18:31:27.9931565Z Collecting numpy==2.3.3
2026-10-01T18:31:27.9960504Z   Downloading numpy-2.3.3-cp312-cp312-manylinux_2_27_x86_64.manylinux_2_28_x86_64.whl.metadata (62 kB)
2026-10-01T18:31:28.0222708Z Collecting python-dateutil>=2.8.2 (from pandas==2.3.3)
2026-10-01T18:31:28.0247975Z   Downloading python_dateutil-2.9.0.post0-py2.py3-none-any.whl.metadata (8.4 kB)
2026-10-01T18:31:28.0590391Z Collecting pytz>=2020.1 (from pandas==2.3.3)
2026-10-01T18:31:28.0618956Z   Downloading pytz-2026.4-py2.py3-none-any.whl.metadata (22 kB)
2026-10-01T18:31:28.0791926Z Collecting tzdata>=2022.7 (from pandas==2.3.3)
2026-10-01T18:31:28.0817096Z   Downloading tzdata-2026.4-py2.py3-none-any.whl.metadata (1.4 kB)
2026-10-01T18:31:28.0974969Z Collecting six>=1.5 (from python-dateutil>=2.8.2->pandas==2.3.3)
2026-10-01T18:31:28.1001445Z   Downloading six-1.17.0-py2.py3-none-any.whl.metadata (1.7 kB)
2026-10-01T18:31:28.1072317Z Downloading pandas-2.3.3-cp312-cp312-manylinux_2_24_x86_64.manylinux_2_28_x86_64.whl (12.4 MB)
2026-10-01T18:31:28.1557518Z    ━━━━━━━━━━━━━━━━━━━━━━━━━━━━━━━━━━━━━━━━ 12.4/12.4 MB 286.7 MB/s  0:00:00
2026-10-01T18:31:28.1589256Z Downloading numpy-2.3.3-cp312-cp312-manylinux_2_27_x86_64.manylinux_2_28_x86_64.whl (16.6 MB)
2026-10-01T18:31:28.2614312Z    ━━━━━━━━━━━━━━━━━━━━━━━━━━━━━━━━━━━━━━━━ 16.6/16.6 MB 170.6 MB/s  0:00:00
2026-10-01T18:31:28.2646388Z Downloading python_dateutil-2.9.0.post0-py2.py3-none-any.whl (229 kB)
2026-10-01T18:31:28.2724156Z Downloading pytz-2026.4-py2.py3-none-any.whl (506 kB)
2026-10-01T18:31:28.2782868Z Downloading six-1.17.0-py2.py3-none-any.whl (11 kB)
2026-10-01T18:31:28.2835529Z Downloading tzdata-2026.4-py2.py3-none-any.whl (347 kB)
2026-10-01T18:31:28.4518610Z Installing collected packages: pytz, tzdata, six, numpy, python-dateutil, pandas
2026-10-01T18:31:35.4894363Z 
2026-10-01T18:31:35.4910017Z Successfully installed numpy-2.3.3 pandas-2.3.3 python-dateutil-2.9.0.post0 pytz-2026.4 six-1.17.0 tzdata-2026.4
2026-10-01T18:31:35.5644286Z ##[group]Run actions/cache@v4
2026-10-01T18:31:35.5644854Z with:
2026-10-01T18:31:35.5645072Z   path: cache/verified-1m
2026-10-01T18:31:35.5645342Z   key: factor-lag-v6-gate-1m-shard-2
2026-10-01T18:31:35.5645646Z   restore-keys: liquidity-v5-dev-1m-shard-2
2026-10-01T18:31:35.5645943Z   enableCrossOsArchive: false
2026-10-01T18:31:35.5646224Z   fail-on-cache-miss: false
2026-10-01T18:31:35.5646464Z   lookup-only: false
2026-10-01T18:31:35.5646700Z   save-always: false
2026-10-01T18:31:35.5646902Z env:
2026-10-01T18:31:35.5647156Z   pythonLocation: /opt/hostedtoolcache/Python/3.12.14/x64
2026-10-01T18:31:35.5647589Z   PKG_CONFIG_PATH: /opt/hostedtoolcache/Python/3.12.14/x64/lib/pkgconfig
2026-10-01T18:31:35.5648015Z   Python_ROOT_DIR: /opt/hostedtoolcache/Python/3.12.14/x64
2026-10-01T18:31:35.5648404Z   Python2_ROOT_DIR: /opt/hostedtoolcache/Python/3.12.14/x64
2026-10-01T18:31:35.5648785Z   Python3_ROOT_DIR: /opt/hostedtoolcache/Python/3.12.14/x64
2026-10-01T18:31:35.5649201Z   LD_LIBRARY_PATH: /opt/hostedtoolcache/Python/3.12.14/x64/lib
2026-10-01T18:31:35.5649535Z ##[endgroup]
2026-10-01T18:31:35.6720825Z (node:2342) [DEP0040] DeprecationWarning: The `punycode` module is deprecated. Please use a userland alternative instead.
2026-10-01T18:31:35.6822869Z (Use `node --trace-deprecation ...` to show where the warning was created)
2026-10-01T18:31:35.9259705Z Cache not found for input keys: factor-lag-v6-gate-1m-shard-2, liquidity-v5-dev-1m-shard-2
2026-10-01T18:31:35.9372828Z ##[group]Run actions/cache@v4
2026-10-01T18:31:35.9373110Z with:
2026-10-01T18:31:35.9373304Z   path: data
2026-10-01T18:31:35.9373886Z   key: frozen-source-36095439671-15m-shard-2
2026-10-01T18:31:35.9374200Z   enableCrossOsArchive: false
2026-10-01T18:31:35.9374455Z   fail-on-cache-miss: false
2026-10-01T18:31:35.9374688Z   lookup-only: false
2026-10-01T18:31:35.9374897Z   save-always: false
2026-10-01T18:31:35.9375096Z env:
2026-10-01T18:31:35.9375351Z   pythonLocation: /opt/hostedtoolcache/Python/3.12.14/x64
2026-10-01T18:31:35.9375786Z   PKG_CONFIG_PATH: /opt/hostedtoolcache/Python/3.12.14/x64/lib/pkgconfig
2026-10-01T18:31:35.9376222Z   Python_ROOT_DIR: /opt/hostedtoolcache/Python/3.12.14/x64
2026-10-01T18:31:35.9376603Z   Python2_ROOT_DIR: /opt/hostedtoolcache/Python/3.12.14/x64
2026-10-01T18:31:35.9376998Z   Python3_ROOT_DIR: /opt/hostedtoolcache/Python/3.12.14/x64
2026-10-01T18:31:35.9377382Z   LD_LIBRARY_PATH: /opt/hostedtoolcache/Python/3.12.14/x64/lib
2026-10-01T18:31:35.9377729Z ##[endgroup]
2026-10-01T18:31:36.0428181Z (node:2356) [DEP0040] DeprecationWarning: The `punycode` module is deprecated. Please use a userland alternative instead.
2026-10-01T18:31:36.0429477Z (Use `node --trace-deprecation ...` to show where the warning was created)
2026-10-01T18:31:36.2916781Z Cache hit for: frozen-source-36095439671-15m-shard-2
2026-10-01T18:31:36.3032375Z (node:2356) [DEP0169] DeprecationWarning: `url.parse()` behavior is not standardized and prone to errors that have security implications. Use the WHATWG URL API instead. CVEs are not issued for `url.parse()` vulnerabilities.
2026-10-01T18:31:37.5778018Z Received 4194304 of 248656262 (1.7%), 4.0 MBs/sec
2026-10-01T18:31:38.5805039Z Received 109051904 of 248656262 (43.9%), 51.9 MBs/sec
2026-10-01T18:31:39.5773151Z Received 236073350 of 248656262 (94.9%), 75.0 MBs/sec
2026-10-01T18:31:39.7789400Z Received 248656262 of 248656262 (100.0%), 74.1 MBs/sec
2026-10-01T18:31:39.7791408Z Cache Size: ~237 MB (248656262 B)
2026-10-01T18:31:39.7903951Z [command]/usr/bin/tar -xf /home/runner/work/_temp/6c3516d4-9317-4277-897a-ba4ebc064d58/cache.tzst -P -C /home/runner/work/bb-scanner/bb-scanner --use-compress-program unzstd
2026-10-01T18:31:40.1019720Z Cache restored successfully
2026-10-01T18:31:40.1208416Z Cache restored from key: frozen-source-36095439671-15m-shard-2
2026-10-01T18:31:40.1342623Z ##[group]Run if [ 'true' != 'true' ]; then
2026-10-01T18:31:40.1343001Z [36;1mif [ 'true' != 'true' ]; then[0m
2026-10-01T18:31:40.1343902Z [36;1m  gh run download 36095439671 -R duuu-hub/bb-scanner -n rank5-binance-um-15m-5y-data-shard-2 -D data[0m
2026-10-01T18:31:40.1344640Z [36;1mfi[0m
2026-10-01T18:31:40.1344993Z [36;1mgh run download 36858492497 -R duuu-hub/bb-scanner -n day-edge-v2-btc -D btc[0m
2026-10-01T18:31:40.1409414Z shell: /usr/bin/bash -e {0}
2026-10-01T18:31:40.1409671Z env:
2026-10-01T18:31:40.1409957Z   pythonLocation: /opt/hostedtoolcache/Python/3.12.14/x64
2026-10-01T18:31:40.1410430Z   PKG_CONFIG_PATH: /opt/hostedtoolcache/Python/3.12.14/x64/lib/pkgconfig
2026-10-01T18:31:40.1410879Z   Python_ROOT_DIR: /opt/hostedtoolcache/Python/3.12.14/x64
2026-10-01T18:31:40.1411281Z   Python2_ROOT_DIR: /opt/hostedtoolcache/Python/3.12.14/x64
2026-10-01T18:31:40.1411669Z   Python3_ROOT_DIR: /opt/hostedtoolcache/Python/3.12.14/x64
2026-10-01T18:31:40.1412102Z   LD_LIBRARY_PATH: /opt/hostedtoolcache/Python/3.12.14/x64/lib
2026-10-01T18:31:40.1414990Z   GH_TOKEN: ***
2026-10-01T18:31:40.1415227Z ##[endgroup]
2026-10-01T18:31:43.9100868Z ##[group]Run actions/download-artifact@v4
2026-10-01T18:31:43.9101186Z with:
2026-10-01T18:31:43.9101404Z   name: factor-lag-v6-selected
2026-10-01T18:31:43.9101679Z   path: selected-input
2026-10-01T18:31:43.9101910Z   merge-multiple: false
2026-10-01T18:31:43.9102154Z   repository: duuu-hub/bb-scanner
2026-10-01T18:31:43.9102414Z   run-id: 36906530309
2026-10-01T18:31:43.9102618Z env:
2026-10-01T18:31:43.9102875Z   pythonLocation: /opt/hostedtoolcache/Python/3.12.14/x64
2026-10-01T18:31:43.9103312Z   PKG_CONFIG_PATH: /opt/hostedtoolcache/Python/3.12.14/x64/lib/pkgconfig
2026-10-01T18:31:43.9104054Z   Python_ROOT_DIR: /opt/hostedtoolcache/Python/3.12.14/x64
2026-10-01T18:31:43.9104440Z   Python2_ROOT_DIR: /opt/hostedtoolcache/Python/3.12.14/x64
2026-10-01T18:31:43.9104825Z   Python3_ROOT_DIR: /opt/hostedtoolcache/Python/3.12.14/x64
2026-10-01T18:31:43.9105209Z   LD_LIBRARY_PATH: /opt/hostedtoolcache/Python/3.12.14/x64/lib
2026-10-01T18:31:43.9105538Z ##[endgroup]
2026-10-01T18:31:44.0629866Z Downloading single artifact
2026-10-01T18:31:44.0787736Z (node:2380) [DEP0040] DeprecationWarning: The `punycode` module is deprecated. Please use a userland alternative instead.
2026-10-01T18:31:44.0788984Z (Use `node --trace-deprecation ...` to show where the warning was created)
2026-10-01T18:31:44.3594450Z Preparing to download the following artifacts:
2026-10-01T18:31:44.3595606Z - factor-lag-v6-selected (ID: 11185546028, Size: 1000459, Expected Digest: sha256:2bcd8364f1fa86fd010278a05768fffd5cf9452532e4ba6151d6a4e9048e7037)
2026-10-01T18:31:44.6131953Z Redirecting to blob download url: https://productionresultssa15.blob.core.windows.net/actions-results/ebca8432-af1d-8e13-a6ae-80c1f04fbdbf/workflow-job-run-927a4c8d-6133-5856-942f-03819063caab/artifacts/e6ed661c7a41812fbb9bde80de8bbab2ad8a0165f2a95d27ee3d5dc290b087cc.zip
2026-10-01T18:31:44.6134759Z Starting download of artifact to: /home/runner/work/bb-scanner/bb-scanner/selected-input
2026-10-01T18:31:44.9025876Z (node:2380) [DEP0005] DeprecationWarning: Buffer() is deprecated due to security and usability issues. Please use the Buffer.alloc(), Buffer.allocUnsafe(), or Buffer.from() methods instead.
2026-10-01T18:31:45.4470476Z SHA256 digest of downloaded artifact is 2bcd8364f1fa86fd010278a05768fffd5cf9452532e4ba6151d6a4e9048e7037
2026-10-01T18:31:45.4471555Z Artifact download completed successfully.
2026-10-01T18:31:45.4472112Z Total of 1 artifact(s) downloaded
2026-10-01T18:31:45.4477386Z Download artifact has finished successfully
2026-10-01T18:31:45.4592670Z ##[group]Run gh run download 36095439671 -R duuu-hub/bb-scanner -n rank5-binance-um-15m-5y-manifest-shard-2 -D source-manifest
2026-10-01T18:31:45.4594008Z [36;1mgh run download 36095439671 -R duuu-hub/bb-scanner -n rank5-binance-um-15m-5y-manifest-shard-2 -D source-manifest[0m
2026-10-01T18:31:45.4595183Z [36;1mpython scripts/research_evidence_archive.py verify-source --data data --manifests source-manifest --baseline research/btc-factor-lag-v6/FROZEN_INPUT_HASHES.json --out gate-2/source_check.json[0m
2026-10-01T18:31:45.4689096Z shell: /usr/bin/bash -e {0}
2026-10-01T18:31:45.4689549Z env:
2026-10-01T18:31:45.4690043Z   pythonLocation: /opt/hostedtoolcache/Python/3.12.14/x64
2026-10-01T18:31:45.4691140Z   PKG_CONFIG_PATH: /opt/hostedtoolcache/Python/3.12.14/x64/lib/pkgconfig
2026-10-01T18:31:45.4691953Z   Python_ROOT_DIR: /opt/hostedtoolcache/Python/3.12.14/x64
2026-10-01T18:31:45.4692641Z   Python2_ROOT_DIR: /opt/hostedtoolcache/Python/3.12.14/x64
2026-10-01T18:31:45.4693361Z   Python3_ROOT_DIR: /opt/hostedtoolcache/Python/3.12.14/x64
2026-10-01T18:31:45.4694386Z   LD_LIBRARY_PATH: /opt/hostedtoolcache/Python/3.12.14/x64/lib
2026-10-01T18:31:45.4699021Z   GH_TOKEN: ***
2026-10-01T18:31:45.4699406Z ##[endgroup]
2026-10-01T18:31:53.2024969Z FROZEN_SOURCE_VERIFIED 107 files 31 prior SHA256 matches
2026-10-01T18:31:53.2509918Z ##[group]Run python scripts/btc_factor_lag_v6.py scan --stage GATE --data data --btc btc/BTCUSDT.csv.gz --selection selected-input/selection.json --out gate-2 --minute-cache cache/verified-1m
2026-10-01T18:31:53.2511320Z [36;1mpython scripts/btc_factor_lag_v6.py scan --stage GATE --data data --btc btc/BTCUSDT.csv.gz --selection selected-input/selection.json --out gate-2 --minute-cache cache/verified-1m[0m
2026-10-01T18:31:53.2576522Z shell: /usr/bin/bash -e {0}
2026-10-01T18:31:53.2576786Z env:
2026-10-01T18:31:53.2577070Z   pythonLocation: /opt/hostedtoolcache/Python/3.12.14/x64
2026-10-01T18:31:53.2577529Z   PKG_CONFIG_PATH: /opt/hostedtoolcache/Python/3.12.14/x64/lib/pkgconfig
2026-10-01T18:31:53.2577981Z   Python_ROOT_DIR: /opt/hostedtoolcache/Python/3.12.14/x64
2026-10-01T18:31:53.2578379Z   Python2_ROOT_DIR: /opt/hostedtoolcache/Python/3.12.14/x64
2026-10-01T18:31:53.2578778Z   Python3_ROOT_DIR: /opt/hostedtoolcache/Python/3.12.14/x64
2026-10-01T18:31:53.2579221Z   LD_LIBRARY_PATH: /opt/hostedtoolcache/Python/3.12.14/x64/lib
2026-10-01T18:31:53.2579560Z ##[endgroup]
2026-10-01T18:31:56.2424868Z FACTOR_SCAN GATE 16 / 107 outcomes 11
2026-10-01T18:31:58.1703991Z FACTOR_SCAN GATE 32 / 107 outcomes 17
2026-10-01T18:32:03.1484167Z FACTOR_SCAN GATE 40 / 107 outcomes 62
2026-10-01T18:32:33.6137180Z FACTOR_SCAN GATE 72 / 107 outcomes 225
2026-10-01T18:32:36.4306757Z FACTOR_SCAN GATE 88 / 107 outcomes 229
2026-10-01T18:32:44.9224851Z FACTOR_SCAN_DONE GATE 322 excluded 0
2026-10-01T18:32:44.9827084Z ##[group]Run actions/upload-artifact@v4
2026-10-01T18:32:44.9827405Z with:
2026-10-01T18:32:44.9827620Z   name: factor-lag-v6-gate-2
2026-10-01T18:32:44.9827884Z   path: gate-2/
2026-10-01T18:32:44.9828098Z   retention-days: 30
2026-10-01T18:32:44.9828329Z   compression-level: 0
2026-10-01T18:32:44.9828566Z   if-no-files-found: warn
2026-10-01T18:32:44.9828797Z   overwrite: false
2026-10-01T18:32:44.9829024Z   include-hidden-files: false
2026-10-01T18:32:44.9829264Z env:
2026-10-01T18:32:44.9829523Z   pythonLocation: /opt/hostedtoolcache/Python/3.12.14/x64
2026-10-01T18:32:44.9829978Z   PKG_CONFIG_PATH: /opt/hostedtoolcache/Python/3.12.14/x64/lib/pkgconfig
2026-10-01T18:32:44.9830412Z   Python_ROOT_DIR: /opt/hostedtoolcache/Python/3.12.14/x64
2026-10-01T18:32:44.9830811Z   Python2_ROOT_DIR: /opt/hostedtoolcache/Python/3.12.14/x64
2026-10-01T18:32:44.9831220Z   Python3_ROOT_DIR: /opt/hostedtoolcache/Python/3.12.14/x64
2026-10-01T18:32:44.9831648Z   LD_LIBRARY_PATH: /opt/hostedtoolcache/Python/3.12.14/x64/lib
2026-10-01T18:32:44.9831983Z ##[endgroup]
2026-10-01T18:32:45.1480157Z (node:2423) [DEP0040] DeprecationWarning: The `punycode` module is deprecated. Please use a userland alternative instead.
2026-10-01T18:32:45.1481072Z (Use `node --trace-deprecation ...` to show where the warning was created)
2026-10-01T18:32:45.1621307Z With the provided path, there will be 39 files uploaded
2026-10-01T18:32:45.1627215Z Artifact name is valid!
2026-10-01T18:32:45.1628112Z Root directory input is valid!
2026-10-01T18:32:45.5863179Z Beginning upload of artifact content to blob storage
2026-10-01T18:32:45.6436129Z (node:2423) [DEP0169] DeprecationWarning: `url.parse()` behavior is not standardized and prone to errors that have security implications. Use the WHATWG URL API instead. CVEs are not issued for `url.parse()` vulnerabilities.
2026-10-01T18:32:46.0873309Z Uploaded bytes 204037
2026-10-01T18:32:46.1603311Z Finished uploading artifact content to blob storage!
2026-10-01T18:32:46.1604697Z SHA256 digest of uploaded artifact zip is 0d564dff4e678d61f7da789acf9a989f65865c4215704d5d2e515fe81dd36c7a
2026-10-01T18:32:46.1606078Z Finalizing artifact upload
2026-10-01T18:32:46.4300873Z Artifact factor-lag-v6-gate-2.zip successfully finalized. Artifact ID 11185396424
2026-10-01T18:32:46.4301771Z Artifact factor-lag-v6-gate-2 has been successfully uploaded! Final size is 204037 bytes. Artifact ID is 11185396424
2026-10-01T18:32:46.4309864Z Artifact download URL: https://github.com/duuu-hub/bb-scanner/actions/runs/36906530309/artifacts/11185396424
2026-10-01T18:32:46.4477798Z Post job cleanup.
2026-10-01T18:32:46.5573161Z Cache hit occurred on the primary key frozen-source-36095439671-15m-shard-2, not saving cache.
2026-10-01T18:32:46.5575147Z (node:2436) [DEP0040] DeprecationWarning: The `punycode` module is deprecated. Please use a userland alternative instead.
2026-10-01T18:32:46.5576171Z (Use `node --trace-deprecation ...` to show where the warning was created)
2026-10-01T18:32:46.5679234Z Post job cleanup.
2026-10-01T18:32:46.6789107Z (node:2444) [DEP0040] DeprecationWarning: The `punycode` module is deprecated. Please use a userland alternative instead.
2026-10-01T18:32:46.6790734Z (Use `node --trace-deprecation ...` to show where the warning was created)
2026-10-01T18:32:46.6995055Z [command]/usr/bin/tar --posix -cf cache.tzst --exclude cache.tzst -P -C /home/runner/work/bb-scanner/bb-scanner --files-from manifest.txt --use-compress-program zstdmt
2026-10-01T18:32:47.0217740Z (node:2444) [DEP0169] DeprecationWarning: `url.parse()` behavior is not standardized and prone to errors that have security implications. Use the WHATWG URL API instead. CVEs are not issued for `url.parse()` vulnerabilities.
2026-10-01T18:32:47.9144146Z Sent 8387889 of 8387889 (100.0%), 8.9 MBs/sec
2026-10-01T18:32:48.0586677Z Cache saved with key: factor-lag-v6-gate-1m-shard-2
2026-10-01T18:32:48.0710818Z Post job cleanup.
2026-10-01T18:32:48.2013971Z (node:2464) [DEP0040] DeprecationWarning: The `punycode` module is deprecated. Please use a userland alternative instead.
2026-10-01T18:32:48.2015667Z (Use `node --trace-deprecation ...` to show where the warning was created)
2026-10-01T18:32:48.2196901Z Post job cleanup.
2026-10-01T18:32:48.3106114Z [command]/usr/bin/git version
2026-10-01T18:32:48.3153088Z git version 2.55.0
2026-10-01T18:32:48.3202345Z Temporarily overriding HOME='/home/runner/work/_temp/8d9632c6-f6d2-4a1b-ac3e-c1cd9bbe25a1' before making global git config changes
2026-10-01T18:32:48.3204269Z Adding repository directory to the temporary git global config as a safe directory
2026-10-01T18:32:48.3211773Z [command]/usr/bin/git config --global --add safe.directory /home/runner/work/bb-scanner/bb-scanner
2026-10-01T18:32:48.3266722Z [command]/usr/bin/git config --local --name-only --get-regexp core\.sshCommand
2026-10-01T18:32:48.3312865Z [command]/usr/bin/git submodule foreach --recursive sh -c "git config --local --name-only --get-regexp 'core\.sshCommand' && git config --local --unset-all 'core.sshCommand' || :"
2026-10-01T18:32:48.3581456Z [command]/usr/bin/git config --local --name-only --get-regexp http\.https\:\/\/github\.com\/\.extraheader
2026-10-01T18:32:48.3624474Z http.https://github.com/.extraheader
2026-10-01T18:32:48.3630092Z [command]/usr/bin/git config --local --unset-all http.https://github.com/.extraheader
2026-10-01T18:32:48.3671182Z [command]/usr/bin/git submodule foreach --recursive sh -c "git config --local --name-only --get-regexp 'http\.https\:\/\/github\.com\/\.extraheader' && git config --local --unset-all 'http.https://github.com/.extraheader' || :"
2026-10-01T18:32:48.3929387Z [command]/usr/bin/git config --local --name-only --get-regexp ^includeIf\.gitdir:
2026-10-01T18:32:48.3979654Z [command]/usr/bin/git submodule foreach --recursive git config --local --show-origin --name-only --get-regexp remote.origin.url
2026-10-01T18:32:48.4377379Z Cleaning up orphan processes
2026-10-01T18:32:48.4705499Z ##[warning]Node.js 20 is deprecated. The following actions target Node.js 20 but are being forced to run on Node.js 24: actions/cache@v4, actions/checkout@v4, actions/download-artifact@v4, actions/setup-python@v5, actions/upload-artifact@v4. For more information see: https://github.blog/changelog/2025-09-19-deprecation-of-node-20-on-github-actions-runners/
