2026-10-01T18:24:34.5837449Z Current runner version: '2.337.0'
2026-10-01T18:24:34.5865846Z ##[group]Runner Image Provisioner
2026-10-01T18:24:34.5866948Z Hosted Compute Agent
2026-10-01T18:24:34.5867566Z Version: 20260901.588
2026-10-01T18:24:34.5868210Z Commit: f88ec8081b781fac6c440065ac7ff9e710ce3d0b
2026-10-01T18:24:34.5868926Z Build Date: 2026-09-01T19:56:44Z
2026-10-01T18:24:34.5869559Z Worker ID: {73b696c0-727d-415d-90d4-6ca63085397e}
2026-10-01T18:24:34.5870238Z Azure Region: centralus
2026-10-01T18:24:34.5870815Z ##[endgroup]
2026-10-01T18:24:34.5872744Z ##[group]Operating System
2026-10-01T18:24:34.5873682Z Ubuntu
2026-10-01T18:24:34.5874216Z 24.04.5
2026-10-01T18:24:34.5874688Z LTS
2026-10-01T18:24:34.5875171Z ##[endgroup]
2026-10-01T18:24:34.5875672Z ##[group]Runner Image
2026-10-01T18:24:34.5876208Z Image: ubuntu-24.04
2026-10-01T18:24:34.5877089Z Version: 20260927.320.1
2026-10-01T18:24:34.5878265Z Included Software: https://github.com/actions/runner-images/blob/ubuntu24/20260927.320/images/ubuntu/Ubuntu2404-Readme.md
2026-10-01T18:24:34.5879710Z Image Release: https://github.com/actions/runner-images/releases/tag/ubuntu24%2F20260927.320
2026-10-01T18:24:34.5880575Z ##[endgroup]
2026-10-01T18:24:34.5881715Z ##[group]GITHUB_TOKEN Permissions
2026-10-01T18:24:34.5883984Z Actions: read
2026-10-01T18:24:34.5884704Z Contents: read
2026-10-01T18:24:34.5885222Z Metadata: read
2026-10-01T18:24:34.5885850Z ##[endgroup]
2026-10-01T18:24:34.5888053Z Secret source: Actions
2026-10-01T18:24:34.5888953Z Cache mode: write
2026-10-01T18:24:34.5889864Z Prepare workflow directory
2026-10-01T18:24:34.6203645Z Prepare all required actions
2026-10-01T18:24:34.6251175Z Getting action download info
2026-10-01T18:24:34.9506727Z Download action repository 'actions/checkout@v4' (SHA:11d5960a326750d5838078e36cf38b85af677262)
2026-10-01T18:24:35.0493721Z Download action repository 'actions/setup-python@v5' (SHA:a26af69be951a213d495a4c3e4e4022e16d87065)
2026-10-01T18:24:35.1146550Z Download action repository 'actions/cache@v4' (SHA:0057852bfaa89a56745cba8c7296529d2fc39830)
2026-10-01T18:24:35.1942406Z Download action repository 'actions/upload-artifact@v4' (SHA:ea165f8d65b6e75b540449e92b4886f43607fa02)
2026-10-01T18:24:35.3813781Z Complete job name: development (7)
2026-10-01T18:24:35.4576139Z ##[group]Run actions/checkout@v4
2026-10-01T18:24:35.4577152Z with:
2026-10-01T18:24:35.4577571Z   repository: duuu-hub/bb-scanner
2026-10-01T18:24:35.4581340Z   token: ***
2026-10-01T18:24:35.4581725Z   ssh-strict: true
2026-10-01T18:24:35.4582120Z   ssh-user: git
2026-10-01T18:24:35.4582523Z   persist-credentials: true
2026-10-01T18:24:35.4582958Z   clean: true
2026-10-01T18:24:35.4583368Z   sparse-checkout-cone-mode: true
2026-10-01T18:24:35.4583835Z   fetch-depth: 1
2026-10-01T18:24:35.4584221Z   fetch-tags: false
2026-10-01T18:24:35.4584616Z   show-progress: true
2026-10-01T18:24:35.4585013Z   lfs: false
2026-10-01T18:24:35.4585430Z   submodules: false
2026-10-01T18:24:35.4585844Z   set-safe-directory: true
2026-10-01T18:24:35.4586296Z   allow-unsafe-pr-checkout: false
2026-10-01T18:24:35.4587116Z ##[endgroup]
2026-10-01T18:24:35.5581310Z Syncing repository: duuu-hub/bb-scanner
2026-10-01T18:24:35.5583945Z ##[group]Getting Git version info
2026-10-01T18:24:35.5585207Z Working directory is '/home/runner/work/bb-scanner/bb-scanner'
2026-10-01T18:24:35.5587105Z [command]/usr/bin/git version
2026-10-01T18:24:35.5631126Z git version 2.55.0
2026-10-01T18:24:35.5655150Z ##[endgroup]
2026-10-01T18:24:35.5674787Z Temporarily overriding HOME='/home/runner/work/_temp/292d8069-ba2f-4e95-bd14-18677ab551de' before making global git config changes
2026-10-01T18:24:35.5676039Z Adding repository directory to the temporary git global config as a safe directory
2026-10-01T18:24:35.5681176Z [command]/usr/bin/git config --global --add safe.directory /home/runner/work/bb-scanner/bb-scanner
2026-10-01T18:24:35.5738121Z Deleting the contents of '/home/runner/work/bb-scanner/bb-scanner'
2026-10-01T18:24:35.5745104Z ##[group]Initializing the repository
2026-10-01T18:24:35.5746223Z [command]/usr/bin/git init /home/runner/work/bb-scanner/bb-scanner
2026-10-01T18:24:35.5844987Z hint: Using 'master' as the name for the initial branch. This default branch name
2026-10-01T18:24:35.5846911Z hint: will change to "main" in Git 3.0. To configure the initial branch name
2026-10-01T18:24:35.5848458Z hint: to use in all of your new repositories, which will suppress this warning,
2026-10-01T18:24:35.5849661Z hint: call:
2026-10-01T18:24:35.5850290Z hint:
2026-10-01T18:24:35.5851108Z hint: 	git config --global init.defaultBranch <name>
2026-10-01T18:24:35.5852094Z hint:
2026-10-01T18:24:35.5852984Z hint: Names commonly chosen instead of 'master' are 'main', 'trunk' and
2026-10-01T18:24:35.5854410Z hint: 'development'. The just-created branch can be renamed via this command:
2026-10-01T18:24:35.5855651Z hint:
2026-10-01T18:24:35.5856321Z hint: 	git branch -m <name>
2026-10-01T18:24:35.5857276Z hint:
2026-10-01T18:24:35.5858284Z hint: Disable this message with "git config set advice.defaultBranchName false"
2026-10-01T18:24:35.5860362Z Initialized empty Git repository in /home/runner/work/bb-scanner/bb-scanner/.git/
2026-10-01T18:24:35.5863071Z [command]/usr/bin/git remote add origin https://github.com/duuu-hub/bb-scanner
2026-10-01T18:24:35.5908433Z ##[endgroup]
2026-10-01T18:24:35.5909713Z ##[group]Disabling automatic garbage collection
2026-10-01T18:24:35.5913066Z [command]/usr/bin/git config --local gc.auto 0
2026-10-01T18:24:35.5940562Z ##[endgroup]
2026-10-01T18:24:35.5941731Z ##[group]Setting up auth
2026-10-01T18:24:35.5952726Z [command]/usr/bin/git config --local --name-only --get-regexp core\.sshCommand
2026-10-01T18:24:35.5974691Z [command]/usr/bin/git submodule foreach --recursive sh -c "git config --local --name-only --get-regexp 'core\.sshCommand' && git config --local --unset-all 'core.sshCommand' || :"
2026-10-01T18:24:35.6299017Z [command]/usr/bin/git config --local --name-only --get-regexp http\.https\:\/\/github\.com\/\.extraheader
2026-10-01T18:24:35.6330919Z [command]/usr/bin/git submodule foreach --recursive sh -c "git config --local --name-only --get-regexp 'http\.https\:\/\/github\.com\/\.extraheader' && git config --local --unset-all 'http.https://github.com/.extraheader' || :"
2026-10-01T18:24:35.6536785Z [command]/usr/bin/git config --local --name-only --get-regexp ^includeIf\.gitdir:
2026-10-01T18:24:35.6562099Z [command]/usr/bin/git submodule foreach --recursive git config --local --show-origin --name-only --get-regexp remote.origin.url
2026-10-01T18:24:35.6749793Z [command]/usr/bin/git config --local http.https://github.com/.extraheader AUTHORIZATION: basic ***
2026-10-01T18:24:35.6789379Z ##[endgroup]
2026-10-01T18:24:35.6790397Z ##[group]Fetching the repository
2026-10-01T18:24:35.6804726Z [command]/usr/bin/git -c protocol.version=2 fetch --no-tags --prune --no-recurse-submodules --depth=1 origin +65095198c689b09a3028ec460db8198f819b0bcc:refs/remotes/origin/research-btc-factor-lag-v6
2026-10-01T18:24:36.8890785Z From https://github.com/duuu-hub/bb-scanner
2026-10-01T18:24:36.8894010Z  * [new ref]         65095198c689b09a3028ec460db8198f819b0bcc -> origin/research-btc-factor-lag-v6
2026-10-01T18:24:36.8901366Z ##[endgroup]
2026-10-01T18:24:36.8903893Z ##[group]Determining the checkout info
2026-10-01T18:24:36.8906723Z ##[endgroup]
2026-10-01T18:24:36.8908419Z [command]/usr/bin/git sparse-checkout disable
2026-10-01T18:24:36.8946489Z [command]/usr/bin/git config --local --unset-all extensions.worktreeConfig
2026-10-01T18:24:36.8972900Z ##[group]Checking out the ref
2026-10-01T18:24:36.8977965Z [command]/usr/bin/git checkout --progress --force -B research-btc-factor-lag-v6 refs/remotes/origin/research-btc-factor-lag-v6
2026-10-01T18:24:37.2063969Z Switched to a new branch 'research-btc-factor-lag-v6'
2026-10-01T18:24:37.2069636Z branch 'research-btc-factor-lag-v6' set up to track 'origin/research-btc-factor-lag-v6'.
2026-10-01T18:24:37.2078466Z ##[endgroup]
2026-10-01T18:24:37.2117524Z [command]/usr/bin/git log -1 --format=%H
2026-10-01T18:24:37.2140185Z 65095198c689b09a3028ec460db8198f819b0bcc
2026-10-01T18:24:37.2392273Z ##[group]Run actions/setup-python@v5
2026-10-01T18:24:37.2392647Z with:
2026-10-01T18:24:37.2392901Z   python-version: 3.12
2026-10-01T18:24:37.2393183Z   check-latest: false
2026-10-01T18:24:37.2395897Z   token: ***
2026-10-01T18:24:37.2396166Z   update-environment: true
2026-10-01T18:24:37.2396776Z   allow-prereleases: false
2026-10-01T18:24:37.2397071Z   freethreaded: false
2026-10-01T18:24:37.2397332Z ##[endgroup]
2026-10-01T18:24:37.3666137Z ##[group]Installed versions
2026-10-01T18:24:37.3745365Z (node:2292) [DEP0040] DeprecationWarning: The `punycode` module is deprecated. Please use a userland alternative instead.
2026-10-01T18:24:37.3746880Z (Use `node --trace-deprecation ...` to show where the warning was created)
2026-10-01T18:24:37.3747657Z Successfully set up CPython (3.12.14)
2026-10-01T18:24:37.3748613Z ##[endgroup]
2026-10-01T18:24:37.3899014Z ##[group]Run pip install pandas==2.3.3 numpy==2.3.3
2026-10-01T18:24:37.3899887Z [36;1mpip install pandas==2.3.3 numpy==2.3.3[0m
2026-10-01T18:24:37.4162326Z shell: /usr/bin/bash -e {0}
2026-10-01T18:24:37.4162731Z env:
2026-10-01T18:24:37.4163068Z   pythonLocation: /opt/hostedtoolcache/Python/3.12.14/x64
2026-10-01T18:24:37.4163556Z   PKG_CONFIG_PATH: /opt/hostedtoolcache/Python/3.12.14/x64/lib/pkgconfig
2026-10-01T18:24:37.4164031Z   Python_ROOT_DIR: /opt/hostedtoolcache/Python/3.12.14/x64
2026-10-01T18:24:37.4164464Z   Python2_ROOT_DIR: /opt/hostedtoolcache/Python/3.12.14/x64
2026-10-01T18:24:37.4164886Z   Python3_ROOT_DIR: /opt/hostedtoolcache/Python/3.12.14/x64
2026-10-01T18:24:37.4165316Z   LD_LIBRARY_PATH: /opt/hostedtoolcache/Python/3.12.14/x64/lib
2026-10-01T18:24:37.4165682Z ##[endgroup]
2026-10-01T18:24:39.3972902Z Collecting pandas==2.3.3
2026-10-01T18:24:39.4832702Z   Downloading pandas-2.3.3-cp312-cp312-manylinux_2_24_x86_64.manylinux_2_28_x86_64.whl.metadata (91 kB)
2026-10-01T18:24:39.7650640Z Collecting numpy==2.3.3
2026-10-01T18:24:39.7814563Z   Downloading numpy-2.3.3-cp312-cp312-manylinux_2_27_x86_64.manylinux_2_28_x86_64.whl.metadata (62 kB)
2026-10-01T18:24:39.8224083Z Collecting python-dateutil>=2.8.2 (from pandas==2.3.3)
2026-10-01T18:24:39.8381798Z   Downloading python_dateutil-2.9.0.post0-py2.py3-none-any.whl.metadata (8.4 kB)
2026-10-01T18:24:39.8859336Z Collecting pytz>=2020.1 (from pandas==2.3.3)
2026-10-01T18:24:39.9020491Z   Downloading pytz-2026.4-py2.py3-none-any.whl.metadata (22 kB)
2026-10-01T18:24:39.9301767Z Collecting tzdata>=2022.7 (from pandas==2.3.3)
2026-10-01T18:24:39.9462456Z   Downloading tzdata-2026.4-py2.py3-none-any.whl.metadata (1.4 kB)
2026-10-01T18:24:39.9704846Z Collecting six>=1.5 (from python-dateutil>=2.8.2->pandas==2.3.3)
2026-10-01T18:24:39.9865808Z   Downloading six-1.17.0-py2.py3-none-any.whl.metadata (1.7 kB)
2026-10-01T18:24:40.0056285Z Downloading pandas-2.3.3-cp312-cp312-manylinux_2_24_x86_64.manylinux_2_28_x86_64.whl (12.4 MB)
2026-10-01T18:24:40.6771849Z    ━━━━━━━━━━━━━━━━━━━━━━━━━━━━━━━━━━━━━━━━ 12.4/12.4 MB 19.5 MB/s  0:00:00
2026-10-01T18:24:40.6933105Z Downloading numpy-2.3.3-cp312-cp312-manylinux_2_27_x86_64.manylinux_2_28_x86_64.whl (16.6 MB)
2026-10-01T18:24:40.9420981Z    ━━━━━━━━━━━━━━━━━━━━━━━━━━━━━━━━━━━━━━━━ 16.6/16.6 MB 67.4 MB/s  0:00:00
2026-10-01T18:24:40.9584663Z Downloading python_dateutil-2.9.0.post0-py2.py3-none-any.whl (229 kB)
2026-10-01T18:24:40.9782706Z Downloading pytz-2026.4-py2.py3-none-any.whl (506 kB)
2026-10-01T18:24:40.9994387Z Downloading six-1.17.0-py2.py3-none-any.whl (11 kB)
2026-10-01T18:24:41.0173788Z Downloading tzdata-2026.4-py2.py3-none-any.whl (347 kB)
2026-10-01T18:24:41.2449848Z Installing collected packages: pytz, tzdata, six, numpy, python-dateutil, pandas
2026-10-01T18:24:47.8249109Z 
2026-10-01T18:24:47.8265639Z Successfully installed numpy-2.3.3 pandas-2.3.3 python-dateutil-2.9.0.post0 pytz-2026.4 six-1.17.0 tzdata-2026.4
2026-10-01T18:24:47.8955039Z ##[group]Run actions/cache@v4
2026-10-01T18:24:47.8955431Z with:
2026-10-01T18:24:47.8955702Z   path: cache/verified-1m
2026-10-01T18:24:47.8956064Z   key: factor-lag-v6-dev-1m-shard-7
2026-10-01T18:24:47.8956870Z   restore-keys: liquidity-v5-dev-1m-shard-7
2026-10-01T18:24:47.8957322Z   enableCrossOsArchive: false
2026-10-01T18:24:47.8957737Z   fail-on-cache-miss: false
2026-10-01T18:24:47.8958147Z   lookup-only: false
2026-10-01T18:24:47.8958518Z   save-always: false
2026-10-01T18:24:47.8958857Z env:
2026-10-01T18:24:47.8959247Z   pythonLocation: /opt/hostedtoolcache/Python/3.12.14/x64
2026-10-01T18:24:47.8959755Z   PKG_CONFIG_PATH: /opt/hostedtoolcache/Python/3.12.14/x64/lib/pkgconfig
2026-10-01T18:24:47.8960161Z   Python_ROOT_DIR: /opt/hostedtoolcache/Python/3.12.14/x64
2026-10-01T18:24:47.8960530Z   Python2_ROOT_DIR: /opt/hostedtoolcache/Python/3.12.14/x64
2026-10-01T18:24:47.8960892Z   Python3_ROOT_DIR: /opt/hostedtoolcache/Python/3.12.14/x64
2026-10-01T18:24:47.8961309Z   LD_LIBRARY_PATH: /opt/hostedtoolcache/Python/3.12.14/x64/lib
2026-10-01T18:24:47.8961622Z ##[endgroup]
2026-10-01T18:24:47.9993521Z (node:2332) [DEP0040] DeprecationWarning: The `punycode` module is deprecated. Please use a userland alternative instead.
2026-10-01T18:24:47.9994289Z (Use `node --trace-deprecation ...` to show where the warning was created)
2026-10-01T18:24:48.1602896Z Cache not found for input keys: factor-lag-v6-dev-1m-shard-7, liquidity-v5-dev-1m-shard-7
2026-10-01T18:24:48.1711061Z ##[group]Run actions/cache@v4
2026-10-01T18:24:48.1711320Z with:
2026-10-01T18:24:48.1711514Z   path: data
2026-10-01T18:24:48.1711741Z   key: frozen-source-36095439671-15m-shard-7
2026-10-01T18:24:48.1712037Z   enableCrossOsArchive: false
2026-10-01T18:24:48.1712281Z   fail-on-cache-miss: false
2026-10-01T18:24:48.1712512Z   lookup-only: false
2026-10-01T18:24:48.1712720Z   save-always: false
2026-10-01T18:24:48.1712914Z env:
2026-10-01T18:24:48.1713161Z   pythonLocation: /opt/hostedtoolcache/Python/3.12.14/x64
2026-10-01T18:24:48.1713574Z   PKG_CONFIG_PATH: /opt/hostedtoolcache/Python/3.12.14/x64/lib/pkgconfig
2026-10-01T18:24:48.1713982Z   Python_ROOT_DIR: /opt/hostedtoolcache/Python/3.12.14/x64
2026-10-01T18:24:48.1714371Z   Python2_ROOT_DIR: /opt/hostedtoolcache/Python/3.12.14/x64
2026-10-01T18:24:48.1714738Z   Python3_ROOT_DIR: /opt/hostedtoolcache/Python/3.12.14/x64
2026-10-01T18:24:48.1715105Z   LD_LIBRARY_PATH: /opt/hostedtoolcache/Python/3.12.14/x64/lib
2026-10-01T18:24:48.1715446Z ##[endgroup]
2026-10-01T18:24:48.2717786Z (node:2345) [DEP0040] DeprecationWarning: The `punycode` module is deprecated. Please use a userland alternative instead.
2026-10-01T18:24:48.2718470Z (Use `node --trace-deprecation ...` to show where the warning was created)
2026-10-01T18:24:48.4042140Z Cache not found for input keys: frozen-source-36095439671-15m-shard-7
2026-10-01T18:24:48.4144882Z ##[group]Run gh run download 36095439671 -R duuu-hub/bb-scanner -n rank5-binance-um-15m-5y-data-shard-7 -D data
2026-10-01T18:24:48.4145652Z [36;1mgh run download 36095439671 -R duuu-hub/bb-scanner -n rank5-binance-um-15m-5y-data-shard-7 -D data[0m
2026-10-01T18:24:48.4185198Z shell: /usr/bin/bash -e {0}
2026-10-01T18:24:48.4185475Z env:
2026-10-01T18:24:48.4185774Z   pythonLocation: /opt/hostedtoolcache/Python/3.12.14/x64
2026-10-01T18:24:48.4186202Z   PKG_CONFIG_PATH: /opt/hostedtoolcache/Python/3.12.14/x64/lib/pkgconfig
2026-10-01T18:24:48.4186869Z   Python_ROOT_DIR: /opt/hostedtoolcache/Python/3.12.14/x64
2026-10-01T18:24:48.4187247Z   Python2_ROOT_DIR: /opt/hostedtoolcache/Python/3.12.14/x64
2026-10-01T18:24:48.4187618Z   Python3_ROOT_DIR: /opt/hostedtoolcache/Python/3.12.14/x64
2026-10-01T18:24:48.4187996Z   LD_LIBRARY_PATH: /opt/hostedtoolcache/Python/3.12.14/x64/lib
2026-10-01T18:24:48.4190838Z   GH_TOKEN: ***
2026-10-01T18:24:48.4191050Z ##[endgroup]
2026-10-01T18:24:54.2269489Z ##[group]Run gh run download 36858492497 -R duuu-hub/bb-scanner -n day-edge-v2-btc -D btc
2026-10-01T18:24:54.2270191Z [36;1mgh run download 36858492497 -R duuu-hub/bb-scanner -n day-edge-v2-btc -D btc[0m
2026-10-01T18:24:54.2310631Z shell: /usr/bin/bash -e {0}
2026-10-01T18:24:54.2310900Z env:
2026-10-01T18:24:54.2311182Z   pythonLocation: /opt/hostedtoolcache/Python/3.12.14/x64
2026-10-01T18:24:54.2311730Z   PKG_CONFIG_PATH: /opt/hostedtoolcache/Python/3.12.14/x64/lib/pkgconfig
2026-10-01T18:24:54.2312148Z   Python_ROOT_DIR: /opt/hostedtoolcache/Python/3.12.14/x64
2026-10-01T18:24:54.2312528Z   Python2_ROOT_DIR: /opt/hostedtoolcache/Python/3.12.14/x64
2026-10-01T18:24:54.2312900Z   Python3_ROOT_DIR: /opt/hostedtoolcache/Python/3.12.14/x64
2026-10-01T18:24:54.2313274Z   LD_LIBRARY_PATH: /opt/hostedtoolcache/Python/3.12.14/x64/lib
2026-10-01T18:24:54.2316126Z   GH_TOKEN: ***
2026-10-01T18:24:54.2316676Z ##[endgroup]
2026-10-01T18:24:55.5427179Z ##[group]Run gh run download 36095439671 -R duuu-hub/bb-scanner -n rank5-binance-um-15m-5y-manifest-shard-7 -D source-manifest
2026-10-01T18:24:55.5428029Z [36;1mgh run download 36095439671 -R duuu-hub/bb-scanner -n rank5-binance-um-15m-5y-manifest-shard-7 -D source-manifest[0m
2026-10-01T18:24:55.5429060Z [36;1mpython scripts/research_evidence_archive.py verify-source --data data --manifests source-manifest --baseline research/btc-factor-lag-v6/FROZEN_INPUT_HASHES.json --out dev-7/source_check.json[0m
2026-10-01T18:24:55.5467946Z shell: /usr/bin/bash -e {0}
2026-10-01T18:24:55.5468210Z env:
2026-10-01T18:24:55.5468478Z   pythonLocation: /opt/hostedtoolcache/Python/3.12.14/x64
2026-10-01T18:24:55.5468898Z   PKG_CONFIG_PATH: /opt/hostedtoolcache/Python/3.12.14/x64/lib/pkgconfig
2026-10-01T18:24:55.5469307Z   Python_ROOT_DIR: /opt/hostedtoolcache/Python/3.12.14/x64
2026-10-01T18:24:55.5469688Z   Python2_ROOT_DIR: /opt/hostedtoolcache/Python/3.12.14/x64
2026-10-01T18:24:55.5470111Z   Python3_ROOT_DIR: /opt/hostedtoolcache/Python/3.12.14/x64
2026-10-01T18:24:55.5470475Z   LD_LIBRARY_PATH: /opt/hostedtoolcache/Python/3.12.14/x64/lib
2026-10-01T18:24:55.5473345Z   GH_TOKEN: ***
2026-10-01T18:24:55.5473547Z ##[endgroup]
2026-10-01T18:25:01.5986619Z FROZEN_SOURCE_VERIFIED 107 files 28 prior SHA256 matches
2026-10-01T18:25:01.6441947Z ##[group]Run python scripts/btc_factor_lag_v6.py scan --stage DEV --data data --btc btc/BTCUSDT.csv.gz --out dev-7 --minute-cache cache/verified-1m
2026-10-01T18:25:01.6443056Z [36;1mpython scripts/btc_factor_lag_v6.py scan --stage DEV --data data --btc btc/BTCUSDT.csv.gz --out dev-7 --minute-cache cache/verified-1m[0m
2026-10-01T18:25:01.6482663Z shell: /usr/bin/bash -e {0}
2026-10-01T18:25:01.6482922Z env:
2026-10-01T18:25:01.6483187Z   pythonLocation: /opt/hostedtoolcache/Python/3.12.14/x64
2026-10-01T18:25:01.6483640Z   PKG_CONFIG_PATH: /opt/hostedtoolcache/Python/3.12.14/x64/lib/pkgconfig
2026-10-01T18:25:01.6484061Z   Python_ROOT_DIR: /opt/hostedtoolcache/Python/3.12.14/x64
2026-10-01T18:25:01.6484421Z   Python2_ROOT_DIR: /opt/hostedtoolcache/Python/3.12.14/x64
2026-10-01T18:25:01.6484784Z   Python3_ROOT_DIR: /opt/hostedtoolcache/Python/3.12.14/x64
2026-10-01T18:25:01.6485156Z   LD_LIBRARY_PATH: /opt/hostedtoolcache/Python/3.12.14/x64/lib
2026-10-01T18:25:01.6485510Z ##[endgroup]
2026-10-01T18:25:08.4516048Z FACTOR_SCAN DEV 8 / 107 outcomes 1830
2026-10-01T18:26:16.0012219Z FACTOR_SCAN DEV 24 / 107 outcomes 16878
2026-10-01T18:26:49.0661081Z FACTOR_SCAN DEV 40 / 107 outcomes 24792
2026-10-01T18:26:53.5496114Z FACTOR_SCAN DEV 48 / 107 outcomes 25800
2026-10-01T18:27:24.2472089Z FACTOR_SCAN DEV 56 / 107 outcomes 35334
2026-10-01T18:27:48.4721366Z FACTOR_SCAN DEV 80 / 107 outcomes 39582
2026-10-01T18:27:50.9179849Z FACTOR_SCAN DEV 88 / 107 outcomes 39582
2026-10-01T18:28:50.3917070Z FACTOR_SCAN DEV 104 / 107 outcomes 55758
2026-10-01T18:28:53.3880054Z FACTOR_SCAN_DONE DEV 55758 excluded 0
2026-10-01T18:28:53.4619196Z ##[group]Run actions/upload-artifact@v4
2026-10-01T18:28:53.4619477Z with:
2026-10-01T18:28:53.4619684Z   name: factor-lag-v6-dev-7
2026-10-01T18:28:53.4619918Z   path: dev-7/
2026-10-01T18:28:53.4620122Z   retention-days: 30
2026-10-01T18:28:53.4620336Z   compression-level: 0
2026-10-01T18:28:53.4620551Z   if-no-files-found: warn
2026-10-01T18:28:53.4620767Z   overwrite: false
2026-10-01T18:28:53.4620976Z   include-hidden-files: false
2026-10-01T18:28:53.4621200Z env:
2026-10-01T18:28:53.4621577Z   pythonLocation: /opt/hostedtoolcache/Python/3.12.14/x64
2026-10-01T18:28:53.4621999Z   PKG_CONFIG_PATH: /opt/hostedtoolcache/Python/3.12.14/x64/lib/pkgconfig
2026-10-01T18:28:53.4622410Z   Python_ROOT_DIR: /opt/hostedtoolcache/Python/3.12.14/x64
2026-10-01T18:28:53.4622776Z   Python2_ROOT_DIR: /opt/hostedtoolcache/Python/3.12.14/x64
2026-10-01T18:28:53.4623138Z   Python3_ROOT_DIR: /opt/hostedtoolcache/Python/3.12.14/x64
2026-10-01T18:28:53.4623542Z   LD_LIBRARY_PATH: /opt/hostedtoolcache/Python/3.12.14/x64/lib
2026-10-01T18:28:53.4623849Z ##[endgroup]
2026-10-01T18:28:53.6197695Z (node:2437) [DEP0040] DeprecationWarning: The `punycode` module is deprecated. Please use a userland alternative instead.
2026-10-01T18:28:53.6198839Z (Use `node --trace-deprecation ...` to show where the warning was created)
2026-10-01T18:28:53.6490497Z With the provided path, there will be 197 files uploaded
2026-10-01T18:28:53.6497148Z Artifact name is valid!
2026-10-01T18:28:53.6497695Z Root directory input is valid!
2026-10-01T18:28:53.9615004Z Beginning upload of artifact content to blob storage
2026-10-01T18:28:54.1352605Z (node:2437) [DEP0169] DeprecationWarning: `url.parse()` behavior is not standardized and prone to errors that have security implications. Use the WHATWG URL API instead. CVEs are not issued for `url.parse()` vulnerabilities.
2026-10-01T18:28:54.5946869Z Uploaded bytes 5877967
2026-10-01T18:28:54.6341025Z Finished uploading artifact content to blob storage!
2026-10-01T18:28:54.6342031Z SHA256 digest of uploaded artifact zip is 6056300e0575da4d1ebb22f935bff821150b025a91d999e766beb165b232bfe7
2026-10-01T18:28:54.6344373Z Finalizing artifact upload
2026-10-01T18:28:54.8727494Z Artifact factor-lag-v6-dev-7.zip successfully finalized. Artifact ID 11185395779
2026-10-01T18:28:54.8742684Z Artifact factor-lag-v6-dev-7 has been successfully uploaded! Final size is 5877967 bytes. Artifact ID is 11185395779
2026-10-01T18:28:54.8743826Z Artifact download URL: https://github.com/duuu-hub/bb-scanner/actions/runs/36906530309/artifacts/11185395779
2026-10-01T18:28:54.8892190Z Post job cleanup.
2026-10-01T18:28:54.9912197Z (node:2453) [DEP0040] DeprecationWarning: The `punycode` module is deprecated. Please use a userland alternative instead.
2026-10-01T18:28:54.9912867Z (Use `node --trace-deprecation ...` to show where the warning was created)
2026-10-01T18:28:55.0082719Z [command]/usr/bin/tar --posix -cf cache.tzst --exclude cache.tzst -P -C /home/runner/work/bb-scanner/bb-scanner --files-from manifest.txt --use-compress-program zstdmt
2026-10-01T18:28:55.3704558Z (node:2453) [DEP0169] DeprecationWarning: `url.parse()` behavior is not standardized and prone to errors that have security implications. Use the WHATWG URL API instead. CVEs are not issued for `url.parse()` vulnerabilities.
2026-10-01T18:28:56.3626097Z Sent 8004011 of 209330603 (3.8%), 7.6 MBs/sec
2026-10-01T18:28:57.1115100Z Sent 209330603 of 209330603 (100.0%), 113.9 MBs/sec
2026-10-01T18:28:57.2429621Z Cache saved with key: frozen-source-36095439671-15m-shard-7
2026-10-01T18:28:57.2524936Z Post job cleanup.
2026-10-01T18:28:57.3554394Z (node:2473) [DEP0040] DeprecationWarning: The `punycode` module is deprecated. Please use a userland alternative instead.
2026-10-01T18:28:57.3555467Z (Use `node --trace-deprecation ...` to show where the warning was created)
2026-10-01T18:28:57.3767902Z [command]/usr/bin/tar --posix -cf cache.tzst --exclude cache.tzst -P -C /home/runner/work/bb-scanner/bb-scanner --files-from manifest.txt --use-compress-program zstdmt
2026-10-01T18:28:57.6263048Z (node:2473) [DEP0169] DeprecationWarning: `url.parse()` behavior is not standardized and prone to errors that have security implications. Use the WHATWG URL API instead. CVEs are not issued for `url.parse()` vulnerabilities.
2026-10-01T18:28:58.6189269Z Sent 43727588 of 43727588 (100.0%), 41.7 MBs/sec
2026-10-01T18:28:58.8104489Z Cache saved with key: factor-lag-v6-dev-1m-shard-7
2026-10-01T18:28:58.8254821Z Post job cleanup.
2026-10-01T18:28:58.9403505Z (node:2493) [DEP0040] DeprecationWarning: The `punycode` module is deprecated. Please use a userland alternative instead.
2026-10-01T18:28:58.9404973Z (Use `node --trace-deprecation ...` to show where the warning was created)
2026-10-01T18:28:58.9607676Z Post job cleanup.
2026-10-01T18:28:59.0477416Z [command]/usr/bin/git version
2026-10-01T18:28:59.0507220Z git version 2.55.0
2026-10-01T18:28:59.0567866Z Temporarily overriding HOME='/home/runner/work/_temp/c407e757-fa02-4616-8eaf-8553f45b2696' before making global git config changes
2026-10-01T18:28:59.0577886Z Adding repository directory to the temporary git global config as a safe directory
2026-10-01T18:28:59.0601450Z [command]/usr/bin/git config --global --add safe.directory /home/runner/work/bb-scanner/bb-scanner
2026-10-01T18:28:59.0651031Z [command]/usr/bin/git config --local --name-only --get-regexp core\.sshCommand
2026-10-01T18:28:59.0737949Z [command]/usr/bin/git submodule foreach --recursive sh -c "git config --local --name-only --get-regexp 'core\.sshCommand' && git config --local --unset-all 'core.sshCommand' || :"
2026-10-01T18:28:59.0873044Z [command]/usr/bin/git config --local --name-only --get-regexp http\.https\:\/\/github\.com\/\.extraheader
2026-10-01T18:28:59.0898471Z http.https://github.com/.extraheader
2026-10-01T18:28:59.0910163Z [command]/usr/bin/git config --local --unset-all http.https://github.com/.extraheader
2026-10-01T18:28:59.0939988Z [command]/usr/bin/git submodule foreach --recursive sh -c "git config --local --name-only --get-regexp 'http\.https\:\/\/github\.com\/\.extraheader' && git config --local --unset-all 'http.https://github.com/.extraheader' || :"
2026-10-01T18:28:59.1140349Z [command]/usr/bin/git config --local --name-only --get-regexp ^includeIf\.gitdir:
2026-10-01T18:28:59.1171989Z [command]/usr/bin/git submodule foreach --recursive git config --local --show-origin --name-only --get-regexp remote.origin.url
2026-10-01T18:28:59.1531356Z Cleaning up orphan processes
2026-10-01T18:28:59.1770906Z ##[warning]Node.js 20 is deprecated. The following actions target Node.js 20 but are being forced to run on Node.js 24: actions/cache@v4, actions/checkout@v4, actions/setup-python@v5, actions/upload-artifact@v4. For more information see: https://github.blog/changelog/2025-09-19-deprecation-of-node-20-on-github-actions-runners/
