2026-10-01T18:24:34.7175095Z Current runner version: '2.337.0'
2026-10-01T18:24:34.7201784Z ##[group]Runner Image Provisioner
2026-10-01T18:24:34.7202778Z Hosted Compute Agent
2026-10-01T18:24:34.7203411Z Version: 20260901.588
2026-10-01T18:24:34.7204109Z Commit: f88ec8081b781fac6c440065ac7ff9e710ce3d0b
2026-10-01T18:24:34.7204966Z Build Date: 2026-09-01T19:56:44Z
2026-10-01T18:24:34.7205739Z Worker ID: {593fd230-4b2f-437d-8c03-ead75de77b24}
2026-10-01T18:24:34.7206523Z Azure Region: northcentralus
2026-10-01T18:24:34.7207182Z ##[endgroup]
2026-10-01T18:24:34.7208683Z ##[group]Operating System
2026-10-01T18:24:34.7209855Z Ubuntu
2026-10-01T18:24:34.7210454Z 24.04.5
2026-10-01T18:24:34.7210971Z LTS
2026-10-01T18:24:34.7211581Z ##[endgroup]
2026-10-01T18:24:34.7212167Z ##[group]Runner Image
2026-10-01T18:24:34.7212939Z Image: ubuntu-24.04
2026-10-01T18:24:34.7213538Z Version: 20260927.320.1
2026-10-01T18:24:34.7214904Z Included Software: https://github.com/actions/runner-images/blob/ubuntu24/20260927.320/images/ubuntu/Ubuntu2404-Readme.md
2026-10-01T18:24:34.7216418Z Image Release: https://github.com/actions/runner-images/releases/tag/ubuntu24%2F20260927.320
2026-10-01T18:24:34.7217561Z ##[endgroup]
2026-10-01T18:24:34.7219030Z ##[group]GITHUB_TOKEN Permissions
2026-10-01T18:24:34.7221365Z Actions: read
2026-10-01T18:24:34.7221991Z Contents: read
2026-10-01T18:24:34.7222610Z Metadata: read
2026-10-01T18:24:34.7223283Z ##[endgroup]
2026-10-01T18:24:34.7225372Z Secret source: Actions
2026-10-01T18:24:34.7226856Z Cache mode: write
2026-10-01T18:24:34.7227977Z Prepare workflow directory
2026-10-01T18:24:34.7564340Z Prepare all required actions
2026-10-01T18:24:34.7613396Z Getting action download info
2026-10-01T18:24:35.0411475Z Download action repository 'actions/checkout@v4' (SHA:11d5960a326750d5838078e36cf38b85af677262)
2026-10-01T18:24:35.1280209Z Download action repository 'actions/setup-python@v5' (SHA:a26af69be951a213d495a4c3e4e4022e16d87065)
2026-10-01T18:24:35.2190821Z Download action repository 'actions/cache@v4' (SHA:0057852bfaa89a56745cba8c7296529d2fc39830)
2026-10-01T18:24:35.3181940Z Download action repository 'actions/upload-artifact@v4' (SHA:ea165f8d65b6e75b540449e92b4886f43607fa02)
2026-10-01T18:24:35.5435935Z Complete job name: development (1)
2026-10-01T18:24:35.6210707Z ##[group]Run actions/checkout@v4
2026-10-01T18:24:35.6211527Z with:
2026-10-01T18:24:35.6211980Z   repository: duuu-hub/bb-scanner
2026-10-01T18:24:35.6215797Z   token: ***
2026-10-01T18:24:35.6216240Z   ssh-strict: true
2026-10-01T18:24:35.6216697Z   ssh-user: git
2026-10-01T18:24:35.6217149Z   persist-credentials: true
2026-10-01T18:24:35.6217651Z   clean: true
2026-10-01T18:24:35.6218105Z   sparse-checkout-cone-mode: true
2026-10-01T18:24:35.6218938Z   fetch-depth: 1
2026-10-01T18:24:35.6219375Z   fetch-tags: false
2026-10-01T18:24:35.6219815Z   show-progress: true
2026-10-01T18:24:35.6220266Z   lfs: false
2026-10-01T18:24:35.6220680Z   submodules: false
2026-10-01T18:24:35.6221132Z   set-safe-directory: true
2026-10-01T18:24:35.6221635Z   allow-unsafe-pr-checkout: false
2026-10-01T18:24:35.6222435Z ##[endgroup]
2026-10-01T18:24:35.7266338Z Syncing repository: duuu-hub/bb-scanner
2026-10-01T18:24:35.7269097Z ##[group]Getting Git version info
2026-10-01T18:24:35.7270398Z Working directory is '/home/runner/work/bb-scanner/bb-scanner'
2026-10-01T18:24:35.7271998Z [command]/usr/bin/git version
2026-10-01T18:24:35.7306034Z git version 2.55.0
2026-10-01T18:24:35.7326223Z ##[endgroup]
2026-10-01T18:24:35.7340642Z Temporarily overriding HOME='/home/runner/work/_temp/298df445-3fae-4041-99d4-d5ad2d0e7620' before making global git config changes
2026-10-01T18:24:35.7342941Z Adding repository directory to the temporary git global config as a safe directory
2026-10-01T18:24:35.7345417Z [command]/usr/bin/git config --global --add safe.directory /home/runner/work/bb-scanner/bb-scanner
2026-10-01T18:24:35.7389310Z Deleting the contents of '/home/runner/work/bb-scanner/bb-scanner'
2026-10-01T18:24:35.7398119Z ##[group]Initializing the repository
2026-10-01T18:24:35.7408677Z [command]/usr/bin/git init /home/runner/work/bb-scanner/bb-scanner
2026-10-01T18:24:35.7475822Z hint: Using 'master' as the name for the initial branch. This default branch name
2026-10-01T18:24:35.7477959Z hint: will change to "main" in Git 3.0. To configure the initial branch name
2026-10-01T18:24:35.7479674Z hint: to use in all of your new repositories, which will suppress this warning,
2026-10-01T18:24:35.7480923Z hint: call:
2026-10-01T18:24:35.7481558Z hint:
2026-10-01T18:24:35.7482354Z hint: 	git config --global init.defaultBranch <name>
2026-10-01T18:24:35.7483337Z hint:
2026-10-01T18:24:35.7484231Z hint: Names commonly chosen instead of 'master' are 'main', 'trunk' and
2026-10-01T18:24:35.7485674Z hint: 'development'. The just-created branch can be renamed via this command:
2026-10-01T18:24:35.7487792Z hint:
2026-10-01T18:24:35.7488716Z hint: 	git branch -m <name>
2026-10-01T18:24:35.7489476Z hint:
2026-10-01T18:24:35.7490416Z hint: Disable this message with "git config set advice.defaultBranchName false"
2026-10-01T18:24:35.7492077Z Initialized empty Git repository in /home/runner/work/bb-scanner/bb-scanner/.git/
2026-10-01T18:24:35.7494952Z [command]/usr/bin/git remote add origin https://github.com/duuu-hub/bb-scanner
2026-10-01T18:24:35.7549091Z ##[endgroup]
2026-10-01T18:24:35.7550155Z ##[group]Disabling automatic garbage collection
2026-10-01T18:24:35.7551039Z [command]/usr/bin/git config --local gc.auto 0
2026-10-01T18:24:35.7587940Z ##[endgroup]
2026-10-01T18:24:35.7589609Z ##[group]Setting up auth
2026-10-01T18:24:35.7595651Z [command]/usr/bin/git config --local --name-only --get-regexp core\.sshCommand
2026-10-01T18:24:35.7632841Z [command]/usr/bin/git submodule foreach --recursive sh -c "git config --local --name-only --get-regexp 'core\.sshCommand' && git config --local --unset-all 'core.sshCommand' || :"
2026-10-01T18:24:35.7993644Z [command]/usr/bin/git config --local --name-only --get-regexp http\.https\:\/\/github\.com\/\.extraheader
2026-10-01T18:24:35.8041989Z [command]/usr/bin/git submodule foreach --recursive sh -c "git config --local --name-only --get-regexp 'http\.https\:\/\/github\.com\/\.extraheader' && git config --local --unset-all 'http.https://github.com/.extraheader' || :"
2026-10-01T18:24:35.8330126Z [command]/usr/bin/git config --local --name-only --get-regexp ^includeIf\.gitdir:
2026-10-01T18:24:35.8374569Z [command]/usr/bin/git submodule foreach --recursive git config --local --show-origin --name-only --get-regexp remote.origin.url
2026-10-01T18:24:35.8632927Z [command]/usr/bin/git config --local http.https://github.com/.extraheader AUTHORIZATION: basic ***
2026-10-01T18:24:35.8679043Z ##[endgroup]
2026-10-01T18:24:35.8680281Z ##[group]Fetching the repository
2026-10-01T18:24:35.8690814Z [command]/usr/bin/git -c protocol.version=2 fetch --no-tags --prune --no-recurse-submodules --depth=1 origin +65095198c689b09a3028ec460db8198f819b0bcc:refs/remotes/origin/research-btc-factor-lag-v6
2026-10-01T18:24:37.3667387Z From https://github.com/duuu-hub/bb-scanner
2026-10-01T18:24:37.3670422Z  * [new ref]         65095198c689b09a3028ec460db8198f819b0bcc -> origin/research-btc-factor-lag-v6
2026-10-01T18:24:37.3676209Z ##[endgroup]
2026-10-01T18:24:37.3678350Z ##[group]Determining the checkout info
2026-10-01T18:24:37.3680135Z ##[endgroup]
2026-10-01T18:24:37.3682429Z [command]/usr/bin/git sparse-checkout disable
2026-10-01T18:24:37.3741831Z [command]/usr/bin/git config --local --unset-all extensions.worktreeConfig
2026-10-01T18:24:37.3781531Z ##[group]Checking out the ref
2026-10-01T18:24:37.3787562Z [command]/usr/bin/git checkout --progress --force -B research-btc-factor-lag-v6 refs/remotes/origin/research-btc-factor-lag-v6
2026-10-01T18:24:37.6063275Z Switched to a new branch 'research-btc-factor-lag-v6'
2026-10-01T18:24:37.6065436Z branch 'research-btc-factor-lag-v6' set up to track 'origin/research-btc-factor-lag-v6'.
2026-10-01T18:24:37.6077122Z ##[endgroup]
2026-10-01T18:24:37.6127036Z [command]/usr/bin/git log -1 --format=%H
2026-10-01T18:24:37.6157433Z 65095198c689b09a3028ec460db8198f819b0bcc
2026-10-01T18:24:37.6530557Z ##[group]Run actions/setup-python@v5
2026-10-01T18:24:37.6531831Z with:
2026-10-01T18:24:37.6532760Z   python-version: 3.12
2026-10-01T18:24:37.6533822Z   check-latest: false
2026-10-01T18:24:37.6541985Z   token: ***
2026-10-01T18:24:37.6543002Z   update-environment: true
2026-10-01T18:24:37.6544113Z   allow-prereleases: false
2026-10-01T18:24:37.6545203Z   freethreaded: false
2026-10-01T18:24:37.6546201Z ##[endgroup]
2026-10-01T18:24:37.7907665Z ##[group]Installed versions
2026-10-01T18:24:37.7983738Z (node:2294) [DEP0040] DeprecationWarning: The `punycode` module is deprecated. Please use a userland alternative instead.
2026-10-01T18:24:37.7987232Z (Use `node --trace-deprecation ...` to show where the warning was created)
2026-10-01T18:24:37.7989724Z Successfully set up CPython (3.12.14)
2026-10-01T18:24:37.7992299Z ##[endgroup]
2026-10-01T18:24:37.8250116Z ##[group]Run pip install pandas==2.3.3 numpy==2.3.3
2026-10-01T18:24:37.8252292Z [36;1mpip install pandas==2.3.3 numpy==2.3.3[0m
2026-10-01T18:24:37.8538880Z shell: /usr/bin/bash -e {0}
2026-10-01T18:24:37.8540017Z env:
2026-10-01T18:24:37.8541105Z   pythonLocation: /opt/hostedtoolcache/Python/3.12.14/x64
2026-10-01T18:24:37.8542773Z   PKG_CONFIG_PATH: /opt/hostedtoolcache/Python/3.12.14/x64/lib/pkgconfig
2026-10-01T18:24:37.8544446Z   Python_ROOT_DIR: /opt/hostedtoolcache/Python/3.12.14/x64
2026-10-01T18:24:37.8545952Z   Python2_ROOT_DIR: /opt/hostedtoolcache/Python/3.12.14/x64
2026-10-01T18:24:37.8547476Z   Python3_ROOT_DIR: /opt/hostedtoolcache/Python/3.12.14/x64
2026-10-01T18:24:37.8549112Z   LD_LIBRARY_PATH: /opt/hostedtoolcache/Python/3.12.14/x64/lib
2026-10-01T18:24:37.8550414Z ##[endgroup]
2026-10-01T18:24:38.7109179Z Collecting pandas==2.3.3
2026-10-01T18:24:38.7601642Z   Downloading pandas-2.3.3-cp312-cp312-manylinux_2_24_x86_64.manylinux_2_28_x86_64.whl.metadata (91 kB)
2026-10-01T18:24:38.9856327Z Collecting numpy==2.3.3
2026-10-01T18:24:38.9898538Z   Downloading numpy-2.3.3-cp312-cp312-manylinux_2_27_x86_64.manylinux_2_28_x86_64.whl.metadata (62 kB)
2026-10-01T18:24:39.0133984Z Collecting python-dateutil>=2.8.2 (from pandas==2.3.3)
2026-10-01T18:24:39.0172666Z   Downloading python_dateutil-2.9.0.post0-py2.py3-none-any.whl.metadata (8.4 kB)
2026-10-01T18:24:39.0513540Z Collecting pytz>=2020.1 (from pandas==2.3.3)
2026-10-01T18:24:39.0552560Z   Downloading pytz-2026.4-py2.py3-none-any.whl.metadata (22 kB)
2026-10-01T18:24:39.0706267Z Collecting tzdata>=2022.7 (from pandas==2.3.3)
2026-10-01T18:24:39.0744684Z   Downloading tzdata-2026.4-py2.py3-none-any.whl.metadata (1.4 kB)
2026-10-01T18:24:39.0869910Z Collecting six>=1.5 (from python-dateutil>=2.8.2->pandas==2.3.3)
2026-10-01T18:24:39.0909005Z   Downloading six-1.17.0-py2.py3-none-any.whl.metadata (1.7 kB)
2026-10-01T18:24:39.0988884Z Downloading pandas-2.3.3-cp312-cp312-manylinux_2_24_x86_64.manylinux_2_28_x86_64.whl (12.4 MB)
2026-10-01T18:24:39.1502630Z    ━━━━━━━━━━━━━━━━━━━━━━━━━━━━━━━━━━━━━━━━ 12.4/12.4 MB 269.2 MB/s  0:00:00
2026-10-01T18:24:39.1542083Z Downloading numpy-2.3.3-cp312-cp312-manylinux_2_27_x86_64.manylinux_2_28_x86_64.whl (16.6 MB)
2026-10-01T18:24:39.2282499Z    ━━━━━━━━━━━━━━━━━━━━━━━━━━━━━━━━━━━━━━━━ 16.6/16.6 MB 229.7 MB/s  0:00:00
2026-10-01T18:24:39.2325980Z Downloading python_dateutil-2.9.0.post0-py2.py3-none-any.whl (229 kB)
2026-10-01T18:24:39.2386919Z Downloading pytz-2026.4-py2.py3-none-any.whl (506 kB)
2026-10-01T18:24:39.2450793Z Downloading six-1.17.0-py2.py3-none-any.whl (11 kB)
2026-10-01T18:24:39.2502414Z Downloading tzdata-2026.4-py2.py3-none-any.whl (347 kB)
2026-10-01T18:24:39.4088676Z Installing collected packages: pytz, tzdata, six, numpy, python-dateutil, pandas
2026-10-01T18:24:46.5964823Z 
2026-10-01T18:24:46.5977712Z Successfully installed numpy-2.3.3 pandas-2.3.3 python-dateutil-2.9.0.post0 pytz-2026.4 six-1.17.0 tzdata-2026.4
2026-10-01T18:24:46.6736228Z ##[group]Run actions/cache@v4
2026-10-01T18:24:46.6736537Z with:
2026-10-01T18:24:46.6736753Z   path: cache/verified-1m
2026-10-01T18:24:46.6737032Z   key: factor-lag-v6-dev-1m-shard-1
2026-10-01T18:24:46.6737578Z   restore-keys: liquidity-v5-dev-1m-shard-1
2026-10-01T18:24:46.6737882Z   enableCrossOsArchive: false
2026-10-01T18:24:46.6738339Z   fail-on-cache-miss: false
2026-10-01T18:24:46.6738582Z   lookup-only: false
2026-10-01T18:24:46.6738838Z   save-always: false
2026-10-01T18:24:46.6739047Z env:
2026-10-01T18:24:46.6739312Z   pythonLocation: /opt/hostedtoolcache/Python/3.12.14/x64
2026-10-01T18:24:46.6739746Z   PKG_CONFIG_PATH: /opt/hostedtoolcache/Python/3.12.14/x64/lib/pkgconfig
2026-10-01T18:24:46.6740166Z   Python_ROOT_DIR: /opt/hostedtoolcache/Python/3.12.14/x64
2026-10-01T18:24:46.6740594Z   Python2_ROOT_DIR: /opt/hostedtoolcache/Python/3.12.14/x64
2026-10-01T18:24:46.6740973Z   Python3_ROOT_DIR: /opt/hostedtoolcache/Python/3.12.14/x64
2026-10-01T18:24:46.6741392Z   LD_LIBRARY_PATH: /opt/hostedtoolcache/Python/3.12.14/x64/lib
2026-10-01T18:24:46.6741721Z ##[endgroup]
2026-10-01T18:24:46.7846824Z (node:2330) [DEP0040] DeprecationWarning: The `punycode` module is deprecated. Please use a userland alternative instead.
2026-10-01T18:24:46.7848355Z (Use `node --trace-deprecation ...` to show where the warning was created)
2026-10-01T18:24:46.9247544Z Cache not found for input keys: factor-lag-v6-dev-1m-shard-1, liquidity-v5-dev-1m-shard-1
2026-10-01T18:24:46.9393335Z ##[group]Run actions/cache@v4
2026-10-01T18:24:46.9393740Z with:
2026-10-01T18:24:46.9394316Z   path: data
2026-10-01T18:24:46.9394751Z   key: frozen-source-36095439671-15m-shard-1
2026-10-01T18:24:46.9395057Z   enableCrossOsArchive: false
2026-10-01T18:24:46.9395314Z   fail-on-cache-miss: false
2026-10-01T18:24:46.9395556Z   lookup-only: false
2026-10-01T18:24:46.9395782Z   save-always: false
2026-10-01T18:24:46.9395989Z env:
2026-10-01T18:24:46.9396254Z   pythonLocation: /opt/hostedtoolcache/Python/3.12.14/x64
2026-10-01T18:24:46.9396689Z   PKG_CONFIG_PATH: /opt/hostedtoolcache/Python/3.12.14/x64/lib/pkgconfig
2026-10-01T18:24:46.9397117Z   Python_ROOT_DIR: /opt/hostedtoolcache/Python/3.12.14/x64
2026-10-01T18:24:46.9397512Z   Python2_ROOT_DIR: /opt/hostedtoolcache/Python/3.12.14/x64
2026-10-01T18:24:46.9397891Z   Python3_ROOT_DIR: /opt/hostedtoolcache/Python/3.12.14/x64
2026-10-01T18:24:46.9398484Z   LD_LIBRARY_PATH: /opt/hostedtoolcache/Python/3.12.14/x64/lib
2026-10-01T18:24:46.9398850Z ##[endgroup]
2026-10-01T18:24:47.0489978Z (node:2343) [DEP0040] DeprecationWarning: The `punycode` module is deprecated. Please use a userland alternative instead.
2026-10-01T18:24:47.0490854Z (Use `node --trace-deprecation ...` to show where the warning was created)
2026-10-01T18:24:47.1598145Z Cache not found for input keys: frozen-source-36095439671-15m-shard-1
2026-10-01T18:24:47.1725428Z ##[group]Run gh run download 36095439671 -R duuu-hub/bb-scanner -n rank5-binance-um-15m-5y-data-shard-1 -D data
2026-10-01T18:24:47.1726259Z [36;1mgh run download 36095439671 -R duuu-hub/bb-scanner -n rank5-binance-um-15m-5y-data-shard-1 -D data[0m
2026-10-01T18:24:47.1799518Z shell: /usr/bin/bash -e {0}
2026-10-01T18:24:47.1799796Z env:
2026-10-01T18:24:47.1800108Z   pythonLocation: /opt/hostedtoolcache/Python/3.12.14/x64
2026-10-01T18:24:47.1800553Z   PKG_CONFIG_PATH: /opt/hostedtoolcache/Python/3.12.14/x64/lib/pkgconfig
2026-10-01T18:24:47.1800977Z   Python_ROOT_DIR: /opt/hostedtoolcache/Python/3.12.14/x64
2026-10-01T18:24:47.1801364Z   Python2_ROOT_DIR: /opt/hostedtoolcache/Python/3.12.14/x64
2026-10-01T18:24:47.1801784Z   Python3_ROOT_DIR: /opt/hostedtoolcache/Python/3.12.14/x64
2026-10-01T18:24:47.1802180Z   LD_LIBRARY_PATH: /opt/hostedtoolcache/Python/3.12.14/x64/lib
2026-10-01T18:24:47.1804726Z   GH_TOKEN: ***
2026-10-01T18:24:47.1804956Z ##[endgroup]
2026-10-01T18:24:55.3446928Z ##[group]Run gh run download 36858492497 -R duuu-hub/bb-scanner -n day-edge-v2-btc -D btc
2026-10-01T18:24:55.3447572Z [36;1mgh run download 36858492497 -R duuu-hub/bb-scanner -n day-edge-v2-btc -D btc[0m
2026-10-01T18:24:55.3517326Z shell: /usr/bin/bash -e {0}
2026-10-01T18:24:55.3517605Z env:
2026-10-01T18:24:55.3517902Z   pythonLocation: /opt/hostedtoolcache/Python/3.12.14/x64
2026-10-01T18:24:55.3518761Z   PKG_CONFIG_PATH: /opt/hostedtoolcache/Python/3.12.14/x64/lib/pkgconfig
2026-10-01T18:24:55.3519192Z   Python_ROOT_DIR: /opt/hostedtoolcache/Python/3.12.14/x64
2026-10-01T18:24:55.3519570Z   Python2_ROOT_DIR: /opt/hostedtoolcache/Python/3.12.14/x64
2026-10-01T18:24:55.3519947Z   Python3_ROOT_DIR: /opt/hostedtoolcache/Python/3.12.14/x64
2026-10-01T18:24:55.3520320Z   LD_LIBRARY_PATH: /opt/hostedtoolcache/Python/3.12.14/x64/lib
2026-10-01T18:24:55.3522818Z   GH_TOKEN: ***
2026-10-01T18:24:55.3523050Z ##[endgroup]
2026-10-01T18:24:56.6264504Z ##[group]Run gh run download 36095439671 -R duuu-hub/bb-scanner -n rank5-binance-um-15m-5y-manifest-shard-1 -D source-manifest
2026-10-01T18:24:56.6265426Z [36;1mgh run download 36095439671 -R duuu-hub/bb-scanner -n rank5-binance-um-15m-5y-manifest-shard-1 -D source-manifest[0m
2026-10-01T18:24:56.6266518Z [36;1mpython scripts/research_evidence_archive.py verify-source --data data --manifests source-manifest --baseline research/btc-factor-lag-v6/FROZEN_INPUT_HASHES.json --out dev-1/source_check.json[0m
2026-10-01T18:24:56.6336550Z shell: /usr/bin/bash -e {0}
2026-10-01T18:24:56.6336808Z env:
2026-10-01T18:24:56.6337089Z   pythonLocation: /opt/hostedtoolcache/Python/3.12.14/x64
2026-10-01T18:24:56.6337521Z   PKG_CONFIG_PATH: /opt/hostedtoolcache/Python/3.12.14/x64/lib/pkgconfig
2026-10-01T18:24:56.6337945Z   Python_ROOT_DIR: /opt/hostedtoolcache/Python/3.12.14/x64
2026-10-01T18:24:56.6338538Z   Python2_ROOT_DIR: /opt/hostedtoolcache/Python/3.12.14/x64
2026-10-01T18:24:56.6338938Z   Python3_ROOT_DIR: /opt/hostedtoolcache/Python/3.12.14/x64
2026-10-01T18:24:56.6339314Z   LD_LIBRARY_PATH: /opt/hostedtoolcache/Python/3.12.14/x64/lib
2026-10-01T18:24:56.6341807Z   GH_TOKEN: ***
2026-10-01T18:24:56.6342030Z ##[endgroup]
2026-10-01T18:25:04.1805460Z FROZEN_SOURCE_VERIFIED 108 files 36 prior SHA256 matches
2026-10-01T18:25:04.2293704Z ##[group]Run python scripts/btc_factor_lag_v6.py scan --stage DEV --data data --btc btc/BTCUSDT.csv.gz --out dev-1 --minute-cache cache/verified-1m
2026-10-01T18:25:04.2294889Z [36;1mpython scripts/btc_factor_lag_v6.py scan --stage DEV --data data --btc btc/BTCUSDT.csv.gz --out dev-1 --minute-cache cache/verified-1m[0m
2026-10-01T18:25:04.2362711Z shell: /usr/bin/bash -e {0}
2026-10-01T18:25:04.2362966Z env:
2026-10-01T18:25:04.2363238Z   pythonLocation: /opt/hostedtoolcache/Python/3.12.14/x64
2026-10-01T18:25:04.2363671Z   PKG_CONFIG_PATH: /opt/hostedtoolcache/Python/3.12.14/x64/lib/pkgconfig
2026-10-01T18:25:04.2364104Z   Python_ROOT_DIR: /opt/hostedtoolcache/Python/3.12.14/x64
2026-10-01T18:25:04.2364482Z   Python2_ROOT_DIR: /opt/hostedtoolcache/Python/3.12.14/x64
2026-10-01T18:25:04.2364853Z   Python3_ROOT_DIR: /opt/hostedtoolcache/Python/3.12.14/x64
2026-10-01T18:25:04.2365228Z   LD_LIBRARY_PATH: /opt/hostedtoolcache/Python/3.12.14/x64/lib
2026-10-01T18:25:04.2365591Z ##[endgroup]
2026-10-01T18:26:11.3849178Z FACTOR_SCAN DEV 24 / 108 outcomes 16008
2026-10-01T18:26:33.0464224Z FACTOR_SCAN DEV 32 / 108 outcomes 24990
2026-10-01T18:27:41.2171666Z FACTOR_SCAN DEV 40 / 108 outcomes 39876
2026-10-01T18:28:41.0895131Z FACTOR_SCAN DEV 56 / 108 outcomes 54546
2026-10-01T18:30:29.2156744Z FACTOR_SCAN DEV 108 / 108 outcomes 77958
2026-10-01T18:30:33.6397062Z FACTOR_SCAN_DONE DEV 77958 excluded 24
2026-10-01T18:30:33.7371291Z ##[group]Run actions/upload-artifact@v4
2026-10-01T18:30:33.7371586Z with:
2026-10-01T18:30:33.7371796Z   name: factor-lag-v6-dev-1
2026-10-01T18:30:33.7372034Z   path: dev-1/
2026-10-01T18:30:33.7372235Z   retention-days: 30
2026-10-01T18:30:33.7372455Z   compression-level: 0
2026-10-01T18:30:33.7372680Z   if-no-files-found: warn
2026-10-01T18:30:33.7372913Z   overwrite: false
2026-10-01T18:30:33.7373128Z   include-hidden-files: false
2026-10-01T18:30:33.7373372Z env:
2026-10-01T18:30:33.7373630Z   pythonLocation: /opt/hostedtoolcache/Python/3.12.14/x64
2026-10-01T18:30:33.7374059Z   PKG_CONFIG_PATH: /opt/hostedtoolcache/Python/3.12.14/x64/lib/pkgconfig
2026-10-01T18:30:33.7374478Z   Python_ROOT_DIR: /opt/hostedtoolcache/Python/3.12.14/x64
2026-10-01T18:30:33.7375035Z   Python2_ROOT_DIR: /opt/hostedtoolcache/Python/3.12.14/x64
2026-10-01T18:30:33.7375407Z   Python3_ROOT_DIR: /opt/hostedtoolcache/Python/3.12.14/x64
2026-10-01T18:30:33.7375805Z   LD_LIBRARY_PATH: /opt/hostedtoolcache/Python/3.12.14/x64/lib
2026-10-01T18:30:33.7376127Z ##[endgroup]
2026-10-01T18:30:33.9080440Z (node:2487) [DEP0040] DeprecationWarning: The `punycode` module is deprecated. Please use a userland alternative instead.
2026-10-01T18:30:33.9081937Z (Use `node --trace-deprecation ...` to show where the warning was created)
2026-10-01T18:30:33.9923214Z With the provided path, there will be 297 files uploaded
2026-10-01T18:30:33.9923770Z Artifact name is valid!
2026-10-01T18:30:33.9924021Z Root directory input is valid!
2026-10-01T18:30:34.2304431Z Beginning upload of artifact content to blob storage
2026-10-01T18:30:34.4416960Z (node:2487) [DEP0169] DeprecationWarning: `url.parse()` behavior is not standardized and prone to errors that have security implications. Use the WHATWG URL API instead. CVEs are not issued for `url.parse()` vulnerabilities.
2026-10-01T18:30:34.8492542Z Uploaded bytes 8388608
2026-10-01T18:30:34.8807189Z Uploaded bytes 8549450
2026-10-01T18:30:34.9131001Z Finished uploading artifact content to blob storage!
2026-10-01T18:30:34.9132043Z SHA256 digest of uploaded artifact zip is 99880ffcbce3fdbf740e896fd18173926a4dde407119d66ba00aceb147941bbe
2026-10-01T18:30:34.9133619Z Finalizing artifact upload
2026-10-01T18:30:35.1852550Z Artifact factor-lag-v6-dev-1.zip successfully finalized. Artifact ID 11186090688
2026-10-01T18:30:35.1853691Z Artifact factor-lag-v6-dev-1 has been successfully uploaded! Final size is 8549450 bytes. Artifact ID is 11186090688
2026-10-01T18:30:35.1860562Z Artifact download URL: https://github.com/duuu-hub/bb-scanner/actions/runs/36906530309/artifacts/11186090688
2026-10-01T18:30:35.2057422Z Post job cleanup.
2026-10-01T18:30:35.3107417Z (node:2502) [DEP0040] DeprecationWarning: The `punycode` module is deprecated. Please use a userland alternative instead.
2026-10-01T18:30:35.3108368Z (Use `node --trace-deprecation ...` to show where the warning was created)
2026-10-01T18:30:35.3285471Z [command]/usr/bin/tar --posix -cf cache.tzst --exclude cache.tzst -P -C /home/runner/work/bb-scanner/bb-scanner --files-from manifest.txt --use-compress-program zstdmt
2026-10-01T18:30:35.7386823Z (node:2502) [DEP0169] DeprecationWarning: `url.parse()` behavior is not standardized and prone to errors that have security implications. Use the WHATWG URL API instead. CVEs are not issued for `url.parse()` vulnerabilities.
2026-10-01T18:30:36.7320311Z Sent 0 of 262231515 (0.0%), 0.0 MBs/sec
2026-10-01T18:30:37.1612197Z Sent 262231515 of 262231515 (100.0%), 174.4 MBs/sec
2026-10-01T18:30:37.2741762Z Cache saved with key: frozen-source-36095439671-15m-shard-1
2026-10-01T18:30:37.2859458Z Post job cleanup.
2026-10-01T18:30:37.3953569Z (node:2523) [DEP0040] DeprecationWarning: The `punycode` module is deprecated. Please use a userland alternative instead.
2026-10-01T18:30:37.3954514Z (Use `node --trace-deprecation ...` to show where the warning was created)
2026-10-01T18:30:37.4179364Z [command]/usr/bin/tar --posix -cf cache.tzst --exclude cache.tzst -P -C /home/runner/work/bb-scanner/bb-scanner --files-from manifest.txt --use-compress-program zstdmt
2026-10-01T18:30:37.7031527Z (node:2523) [DEP0169] DeprecationWarning: `url.parse()` behavior is not standardized and prone to errors that have security implications. Use the WHATWG URL API instead. CVEs are not issued for `url.parse()` vulnerabilities.
2026-10-01T18:30:38.6955644Z Sent 54460416 of 69176532 (78.7%), 51.9 MBs/sec
2026-10-01T18:30:39.1928678Z Sent 69176532 of 69176532 (100.0%), 44.1 MBs/sec
2026-10-01T18:30:39.3018046Z Cache saved with key: factor-lag-v6-dev-1m-shard-1
2026-10-01T18:30:39.3164105Z Post job cleanup.
2026-10-01T18:30:39.4458981Z (node:2544) [DEP0040] DeprecationWarning: The `punycode` module is deprecated. Please use a userland alternative instead.
2026-10-01T18:30:39.4460581Z (Use `node --trace-deprecation ...` to show where the warning was created)
2026-10-01T18:30:39.4636720Z Post job cleanup.
2026-10-01T18:30:39.5562030Z [command]/usr/bin/git version
2026-10-01T18:30:39.5607160Z git version 2.55.0
2026-10-01T18:30:39.5651907Z Temporarily overriding HOME='/home/runner/work/_temp/5940ebf0-b253-4987-aa21-1835a8bb9dbf' before making global git config changes
2026-10-01T18:30:39.5653125Z Adding repository directory to the temporary git global config as a safe directory
2026-10-01T18:30:39.5656578Z [command]/usr/bin/git config --global --add safe.directory /home/runner/work/bb-scanner/bb-scanner
2026-10-01T18:30:39.5697678Z [command]/usr/bin/git config --local --name-only --get-regexp core\.sshCommand
2026-10-01T18:30:39.5734037Z [command]/usr/bin/git submodule foreach --recursive sh -c "git config --local --name-only --get-regexp 'core\.sshCommand' && git config --local --unset-all 'core.sshCommand' || :"
2026-10-01T18:30:39.5994538Z [command]/usr/bin/git config --local --name-only --get-regexp http\.https\:\/\/github\.com\/\.extraheader
2026-10-01T18:30:39.6026172Z http.https://github.com/.extraheader
2026-10-01T18:30:39.6037320Z [command]/usr/bin/git config --local --unset-all http.https://github.com/.extraheader
2026-10-01T18:30:39.6100183Z [command]/usr/bin/git submodule foreach --recursive sh -c "git config --local --name-only --get-regexp 'http\.https\:\/\/github\.com\/\.extraheader' && git config --local --unset-all 'http.https://github.com/.extraheader' || :"
2026-10-01T18:30:39.6358725Z [command]/usr/bin/git config --local --name-only --get-regexp ^includeIf\.gitdir:
2026-10-01T18:30:39.6404557Z [command]/usr/bin/git submodule foreach --recursive git config --local --show-origin --name-only --get-regexp remote.origin.url
2026-10-01T18:30:39.6830391Z Cleaning up orphan processes
2026-10-01T18:30:39.7071861Z ##[warning]Node.js 20 is deprecated. The following actions target Node.js 20 but are being forced to run on Node.js 24: actions/cache@v4, actions/checkout@v4, actions/setup-python@v5, actions/upload-artifact@v4. For more information see: https://github.blog/changelog/2025-09-19-deprecation-of-node-20-on-github-actions-runners/
