2026-10-01T18:31:22.3855787Z Current runner version: '2.337.0'
2026-10-01T18:31:22.3881960Z ##[group]Runner Image Provisioner
2026-10-01T18:31:22.3883291Z Hosted Compute Agent
2026-10-01T18:31:22.3884075Z Version: 20260901.588
2026-10-01T18:31:22.3884774Z Commit: f88ec8081b781fac6c440065ac7ff9e710ce3d0b
2026-10-01T18:31:22.3885637Z Build Date: 2026-09-01T19:56:44Z
2026-10-01T18:31:22.3886388Z Worker ID: {0edc8d99-a8fc-470a-95cc-689241db2632}
2026-10-01T18:31:22.3887212Z Azure Region: westus
2026-10-01T18:31:22.3887887Z ##[endgroup]
2026-10-01T18:31:22.3889443Z ##[group]Operating System
2026-10-01T18:31:22.3890485Z Ubuntu
2026-10-01T18:31:22.3891169Z 24.04.5
2026-10-01T18:31:22.3891731Z LTS
2026-10-01T18:31:22.3892649Z ##[endgroup]
2026-10-01T18:31:22.3893281Z ##[group]Runner Image
2026-10-01T18:31:22.3893961Z Image: ubuntu-24.04
2026-10-01T18:31:22.3894675Z Version: 20260927.320.1
2026-10-01T18:31:22.3895987Z Included Software: https://github.com/actions/runner-images/blob/ubuntu24/20260927.320/images/ubuntu/Ubuntu2404-Readme.md
2026-10-01T18:31:22.3897713Z Image Release: https://github.com/actions/runner-images/releases/tag/ubuntu24%2F20260927.320
2026-10-01T18:31:22.3898730Z ##[endgroup]
2026-10-01T18:31:22.3900067Z ##[group]GITHUB_TOKEN Permissions
2026-10-01T18:31:22.3902560Z Actions: read
2026-10-01T18:31:22.3903344Z Contents: read
2026-10-01T18:31:22.3903977Z Metadata: read
2026-10-01T18:31:22.3904611Z ##[endgroup]
2026-10-01T18:31:22.3906790Z Secret source: Actions
2026-10-01T18:31:22.3907855Z Cache mode: write
2026-10-01T18:31:22.3908598Z Prepare workflow directory
2026-10-01T18:31:22.4239878Z Prepare all required actions
2026-10-01T18:31:22.4294017Z Getting action download info
2026-10-01T18:31:22.8355912Z Download action repository 'actions/checkout@v4' (SHA:11d5960a326750d5838078e36cf38b85af677262)
2026-10-01T18:31:22.9380132Z Download action repository 'actions/setup-python@v5' (SHA:a26af69be951a213d495a4c3e4e4022e16d87065)
2026-10-01T18:31:23.0486644Z Download action repository 'actions/cache@v4' (SHA:0057852bfaa89a56745cba8c7296529d2fc39830)
2026-10-01T18:31:23.1920430Z Download action repository 'actions/download-artifact@v4' (SHA:d3f86a106a0bac45b974a628896c90dbdf5c8093)
2026-10-01T18:31:23.6675257Z Download action repository 'actions/upload-artifact@v4' (SHA:ea165f8d65b6e75b540449e92b4886f43607fa02)
2026-10-01T18:31:23.8865573Z Complete job name: gate (1)
2026-10-01T18:31:23.9628595Z ##[group]Run actions/checkout@v4
2026-10-01T18:31:23.9629402Z with:
2026-10-01T18:31:23.9629845Z   repository: duuu-hub/bb-scanner
2026-10-01T18:31:23.9633941Z   token: ***
2026-10-01T18:31:23.9634381Z   ssh-strict: true
2026-10-01T18:31:23.9634817Z   ssh-user: git
2026-10-01T18:31:23.9635269Z   persist-credentials: true
2026-10-01T18:31:23.9635749Z   clean: true
2026-10-01T18:31:23.9636185Z   sparse-checkout-cone-mode: true
2026-10-01T18:31:23.9636695Z   fetch-depth: 1
2026-10-01T18:31:23.9637115Z   fetch-tags: false
2026-10-01T18:31:23.9637552Z   show-progress: true
2026-10-01T18:31:23.9637993Z   lfs: false
2026-10-01T18:31:23.9638405Z   submodules: false
2026-10-01T18:31:23.9638880Z   set-safe-directory: true
2026-10-01T18:31:23.9639372Z   allow-unsafe-pr-checkout: false
2026-10-01T18:31:23.9640052Z ##[endgroup]
2026-10-01T18:31:24.0669088Z Syncing repository: duuu-hub/bb-scanner
2026-10-01T18:31:24.0671859Z ##[group]Getting Git version info
2026-10-01T18:31:24.0673392Z Working directory is '/home/runner/work/bb-scanner/bb-scanner'
2026-10-01T18:31:24.0674998Z [command]/usr/bin/git version
2026-10-01T18:31:24.0731944Z git version 2.55.0
2026-10-01T18:31:24.0856233Z ##[endgroup]
2026-10-01T18:31:24.0867880Z Temporarily overriding HOME='/home/runner/work/_temp/a5368725-3efe-46b2-978f-4b98de4d4268' before making global git config changes
2026-10-01T18:31:24.0870081Z Adding repository directory to the temporary git global config as a safe directory
2026-10-01T18:31:24.0871873Z [command]/usr/bin/git config --global --add safe.directory /home/runner/work/bb-scanner/bb-scanner
2026-10-01T18:31:24.0874646Z Deleting the contents of '/home/runner/work/bb-scanner/bb-scanner'
2026-10-01T18:31:24.0876577Z ##[group]Initializing the repository
2026-10-01T18:31:24.0877656Z [command]/usr/bin/git init /home/runner/work/bb-scanner/bb-scanner
2026-10-01T18:31:24.0956859Z hint: Using 'master' as the name for the initial branch. This default branch name
2026-10-01T18:31:24.0958182Z hint: will change to "main" in Git 3.0. To configure the initial branch name
2026-10-01T18:31:24.0959147Z hint: to use in all of your new repositories, which will suppress this warning,
2026-10-01T18:31:24.0959890Z hint: call:
2026-10-01T18:31:24.0960316Z hint:
2026-10-01T18:31:24.0960867Z hint: 	git config --global init.defaultBranch <name>
2026-10-01T18:31:24.0961498Z hint:
2026-10-01T18:31:24.0962328Z hint: Names commonly chosen instead of 'master' are 'main', 'trunk' and
2026-10-01T18:31:24.0963272Z hint: 'development'. The just-created branch can be renamed via this command:
2026-10-01T18:31:24.0964032Z hint:
2026-10-01T18:31:24.0964474Z hint: 	git branch -m <name>
2026-10-01T18:31:24.0964980Z hint:
2026-10-01T18:31:24.0965619Z hint: Disable this message with "git config set advice.defaultBranchName false"
2026-10-01T18:31:24.0971646Z Initialized empty Git repository in /home/runner/work/bb-scanner/bb-scanner/.git/
2026-10-01T18:31:24.0983486Z [command]/usr/bin/git remote add origin https://github.com/duuu-hub/bb-scanner
2026-10-01T18:31:24.1035701Z ##[endgroup]
2026-10-01T18:31:24.1036895Z ##[group]Disabling automatic garbage collection
2026-10-01T18:31:24.1040346Z [command]/usr/bin/git config --local gc.auto 0
2026-10-01T18:31:24.1075119Z ##[endgroup]
2026-10-01T18:31:24.1076294Z ##[group]Setting up auth
2026-10-01T18:31:24.1081147Z [command]/usr/bin/git config --local --name-only --get-regexp core\.sshCommand
2026-10-01T18:31:24.1115920Z [command]/usr/bin/git submodule foreach --recursive sh -c "git config --local --name-only --get-regexp 'core\.sshCommand' && git config --local --unset-all 'core.sshCommand' || :"
2026-10-01T18:31:24.1497269Z [command]/usr/bin/git config --local --name-only --get-regexp http\.https\:\/\/github\.com\/\.extraheader
2026-10-01T18:31:24.1535092Z [command]/usr/bin/git submodule foreach --recursive sh -c "git config --local --name-only --get-regexp 'http\.https\:\/\/github\.com\/\.extraheader' && git config --local --unset-all 'http.https://github.com/.extraheader' || :"
2026-10-01T18:31:24.1791500Z [command]/usr/bin/git config --local --name-only --get-regexp ^includeIf\.gitdir:
2026-10-01T18:31:24.1829873Z [command]/usr/bin/git submodule foreach --recursive git config --local --show-origin --name-only --get-regexp remote.origin.url
2026-10-01T18:31:24.2077638Z [command]/usr/bin/git config --local http.https://github.com/.extraheader AUTHORIZATION: basic ***
2026-10-01T18:31:24.2120506Z ##[endgroup]
2026-10-01T18:31:24.2121717Z ##[group]Fetching the repository
2026-10-01T18:31:24.2131849Z [command]/usr/bin/git -c protocol.version=2 fetch --no-tags --prune --no-recurse-submodules --depth=1 origin +65095198c689b09a3028ec460db8198f819b0bcc:refs/remotes/origin/research-btc-factor-lag-v6
2026-10-01T18:31:27.4924057Z From https://github.com/duuu-hub/bb-scanner
2026-10-01T18:31:27.4925639Z  * [new ref]         65095198c689b09a3028ec460db8198f819b0bcc -> origin/research-btc-factor-lag-v6
2026-10-01T18:31:27.4929374Z ##[endgroup]
2026-10-01T18:31:27.4930433Z ##[group]Determining the checkout info
2026-10-01T18:31:27.4932189Z ##[endgroup]
2026-10-01T18:31:27.4939562Z [command]/usr/bin/git sparse-checkout disable
2026-10-01T18:31:27.4996039Z [command]/usr/bin/git config --local --unset-all extensions.worktreeConfig
2026-10-01T18:31:27.5030847Z ##[group]Checking out the ref
2026-10-01T18:31:27.5035788Z [command]/usr/bin/git checkout --progress --force -B research-btc-factor-lag-v6 refs/remotes/origin/research-btc-factor-lag-v6
2026-10-01T18:31:27.7308699Z Switched to a new branch 'research-btc-factor-lag-v6'
2026-10-01T18:31:27.7321176Z branch 'research-btc-factor-lag-v6' set up to track 'origin/research-btc-factor-lag-v6'.
2026-10-01T18:31:27.7324645Z ##[endgroup]
2026-10-01T18:31:27.7374214Z [command]/usr/bin/git log -1 --format=%H
2026-10-01T18:31:27.7402966Z 65095198c689b09a3028ec460db8198f819b0bcc
2026-10-01T18:31:27.7676176Z ##[group]Run actions/setup-python@v5
2026-10-01T18:31:27.7676566Z with:
2026-10-01T18:31:27.7676837Z   python-version: 3.12
2026-10-01T18:31:27.7677126Z   check-latest: false
2026-10-01T18:31:27.7679807Z   token: ***
2026-10-01T18:31:27.7680087Z   update-environment: true
2026-10-01T18:31:27.7680394Z   allow-prereleases: false
2026-10-01T18:31:27.7680685Z   freethreaded: false
2026-10-01T18:31:27.7680954Z ##[endgroup]
2026-10-01T18:31:27.8992783Z ##[group]Installed versions
2026-10-01T18:31:27.9333065Z (node:2295) [DEP0040] DeprecationWarning: The `punycode` module is deprecated. Please use a userland alternative instead.
2026-10-01T18:31:27.9334397Z (Use `node --trace-deprecation ...` to show where the warning was created)
2026-10-01T18:31:27.9335102Z Successfully set up CPython (3.12.14)
2026-10-01T18:31:27.9335962Z ##[endgroup]
2026-10-01T18:31:27.9508582Z ##[group]Run pip install pandas==2.3.3 numpy==2.3.3
2026-10-01T18:31:27.9509152Z [36;1mpip install pandas==2.3.3 numpy==2.3.3[0m
2026-10-01T18:31:27.9841635Z shell: /usr/bin/bash -e {0}
2026-10-01T18:31:27.9842319Z env:
2026-10-01T18:31:27.9842680Z   pythonLocation: /opt/hostedtoolcache/Python/3.12.14/x64
2026-10-01T18:31:27.9843207Z   PKG_CONFIG_PATH: /opt/hostedtoolcache/Python/3.12.14/x64/lib/pkgconfig
2026-10-01T18:31:27.9843693Z   Python_ROOT_DIR: /opt/hostedtoolcache/Python/3.12.14/x64
2026-10-01T18:31:27.9844129Z   Python2_ROOT_DIR: /opt/hostedtoolcache/Python/3.12.14/x64
2026-10-01T18:31:27.9844558Z   Python3_ROOT_DIR: /opt/hostedtoolcache/Python/3.12.14/x64
2026-10-01T18:31:27.9845006Z   LD_LIBRARY_PATH: /opt/hostedtoolcache/Python/3.12.14/x64/lib
2026-10-01T18:31:27.9845387Z ##[endgroup]
2026-10-01T18:31:30.9243446Z Collecting pandas==2.3.3
2026-10-01T18:31:30.9719518Z   Downloading pandas-2.3.3-cp312-cp312-manylinux_2_24_x86_64.manylinux_2_28_x86_64.whl.metadata (91 kB)
2026-10-01T18:31:31.2291382Z Collecting numpy==2.3.3
2026-10-01T18:31:31.2415118Z   Downloading numpy-2.3.3-cp312-cp312-manylinux_2_27_x86_64.manylinux_2_28_x86_64.whl.metadata (62 kB)
2026-10-01T18:31:31.7387470Z Collecting python-dateutil>=2.8.2 (from pandas==2.3.3)
2026-10-01T18:31:31.7424385Z   Downloading python_dateutil-2.9.0.post0-py2.py3-none-any.whl.metadata (8.4 kB)
2026-10-01T18:31:31.8028722Z Collecting pytz>=2020.1 (from pandas==2.3.3)
2026-10-01T18:31:31.8057102Z   Downloading pytz-2026.4-py2.py3-none-any.whl.metadata (22 kB)
2026-10-01T18:31:31.8317153Z Collecting tzdata>=2022.7 (from pandas==2.3.3)
2026-10-01T18:31:31.8346403Z   Downloading tzdata-2026.4-py2.py3-none-any.whl.metadata (1.4 kB)
2026-10-01T18:31:31.8776902Z Collecting six>=1.5 (from python-dateutil>=2.8.2->pandas==2.3.3)
2026-10-01T18:31:31.8803684Z   Downloading six-1.17.0-py2.py3-none-any.whl.metadata (1.7 kB)
2026-10-01T18:31:31.9331197Z Downloading pandas-2.3.3-cp312-cp312-manylinux_2_24_x86_64.manylinux_2_28_x86_64.whl (12.4 MB)
2026-10-01T18:31:32.4659880Z    ━━━━━━━━━━━━━━━━━━━━━━━━━━━━━━━━━━━━━━━━ 12.4/12.4 MB 22.9 MB/s  0:00:00
2026-10-01T18:31:32.4721934Z Downloading numpy-2.3.3-cp312-cp312-manylinux_2_27_x86_64.manylinux_2_28_x86_64.whl (16.6 MB)
2026-10-01T18:31:32.5721370Z    ━━━━━━━━━━━━━━━━━━━━━━━━━━━━━━━━━━━━━━━━ 16.6/16.6 MB 168.6 MB/s  0:00:00
2026-10-01T18:31:32.5751334Z Downloading python_dateutil-2.9.0.post0-py2.py3-none-any.whl (229 kB)
2026-10-01T18:31:32.5806403Z Downloading pytz-2026.4-py2.py3-none-any.whl (506 kB)
2026-10-01T18:31:32.5860343Z Downloading six-1.17.0-py2.py3-none-any.whl (11 kB)
2026-10-01T18:31:32.5903426Z Downloading tzdata-2026.4-py2.py3-none-any.whl (347 kB)
2026-10-01T18:31:32.8507406Z Installing collected packages: pytz, tzdata, six, numpy, python-dateutil, pandas
2026-10-01T18:31:39.8768944Z 
2026-10-01T18:31:39.8782794Z Successfully installed numpy-2.3.3 pandas-2.3.3 python-dateutil-2.9.0.post0 pytz-2026.4 six-1.17.0 tzdata-2026.4
2026-10-01T18:31:39.9488655Z ##[group]Run actions/cache@v4
2026-10-01T18:31:39.9489157Z with:
2026-10-01T18:31:39.9489374Z   path: cache/verified-1m
2026-10-01T18:31:39.9489648Z   key: factor-lag-v6-gate-1m-shard-1
2026-10-01T18:31:39.9489968Z   restore-keys: liquidity-v5-dev-1m-shard-1
2026-10-01T18:31:39.9490273Z   enableCrossOsArchive: false
2026-10-01T18:31:39.9490576Z   fail-on-cache-miss: false
2026-10-01T18:31:39.9490825Z   lookup-only: false
2026-10-01T18:31:39.9491083Z   save-always: false
2026-10-01T18:31:39.9491293Z env:
2026-10-01T18:31:39.9491559Z   pythonLocation: /opt/hostedtoolcache/Python/3.12.14/x64
2026-10-01T18:31:39.9492349Z   PKG_CONFIG_PATH: /opt/hostedtoolcache/Python/3.12.14/x64/lib/pkgconfig
2026-10-01T18:31:39.9492810Z   Python_ROOT_DIR: /opt/hostedtoolcache/Python/3.12.14/x64
2026-10-01T18:31:39.9493209Z   Python2_ROOT_DIR: /opt/hostedtoolcache/Python/3.12.14/x64
2026-10-01T18:31:39.9493606Z   Python3_ROOT_DIR: /opt/hostedtoolcache/Python/3.12.14/x64
2026-10-01T18:31:39.9494043Z   LD_LIBRARY_PATH: /opt/hostedtoolcache/Python/3.12.14/x64/lib
2026-10-01T18:31:39.9494383Z ##[endgroup]
2026-10-01T18:31:40.0579688Z (node:2333) [DEP0040] DeprecationWarning: The `punycode` module is deprecated. Please use a userland alternative instead.
2026-10-01T18:31:40.0580531Z (Use `node --trace-deprecation ...` to show where the warning was created)
2026-10-01T18:31:40.3099054Z Cache not found for input keys: factor-lag-v6-gate-1m-shard-1, liquidity-v5-dev-1m-shard-1
2026-10-01T18:31:40.3225574Z ##[group]Run actions/cache@v4
2026-10-01T18:31:40.3225837Z with:
2026-10-01T18:31:40.3226036Z   path: data
2026-10-01T18:31:40.3226271Z   key: frozen-source-36095439671-15m-shard-1
2026-10-01T18:31:40.3226581Z   enableCrossOsArchive: false
2026-10-01T18:31:40.3226833Z   fail-on-cache-miss: false
2026-10-01T18:31:40.3227075Z   lookup-only: false
2026-10-01T18:31:40.3227290Z   save-always: false
2026-10-01T18:31:40.3227491Z env:
2026-10-01T18:31:40.3227752Z   pythonLocation: /opt/hostedtoolcache/Python/3.12.14/x64
2026-10-01T18:31:40.3228193Z   PKG_CONFIG_PATH: /opt/hostedtoolcache/Python/3.12.14/x64/lib/pkgconfig
2026-10-01T18:31:40.3228633Z   Python_ROOT_DIR: /opt/hostedtoolcache/Python/3.12.14/x64
2026-10-01T18:31:40.3229009Z   Python2_ROOT_DIR: /opt/hostedtoolcache/Python/3.12.14/x64
2026-10-01T18:31:40.3229398Z   Python3_ROOT_DIR: /opt/hostedtoolcache/Python/3.12.14/x64
2026-10-01T18:31:40.3229794Z   LD_LIBRARY_PATH: /opt/hostedtoolcache/Python/3.12.14/x64/lib
2026-10-01T18:31:40.3230151Z ##[endgroup]
2026-10-01T18:31:40.4259573Z (node:2346) [DEP0040] DeprecationWarning: The `punycode` module is deprecated. Please use a userland alternative instead.
2026-10-01T18:31:40.4260434Z (Use `node --trace-deprecation ...` to show where the warning was created)
2026-10-01T18:31:40.6774114Z Cache hit for: frozen-source-36095439671-15m-shard-1
2026-10-01T18:31:40.6879202Z (node:2346) [DEP0169] DeprecationWarning: `url.parse()` behavior is not standardized and prone to errors that have security implications. Use the WHATWG URL API instead. CVEs are not issued for `url.parse()` vulnerabilities.
2026-10-01T18:31:41.9889287Z Received 0 of 262231515 (0.0%), 0.0 MBs/sec
2026-10-01T18:31:42.9933596Z Received 83886080 of 262231515 (32.0%), 40.0 MBs/sec
2026-10-01T18:31:43.9915228Z Received 134217728 of 262231515 (51.2%), 42.6 MBs/sec
2026-10-01T18:31:44.9923028Z Received 258037211 of 262231515 (98.4%), 61.5 MBs/sec
2026-10-01T18:31:45.2155833Z Received 262231515 of 262231515 (100.0%), 59.2 MBs/sec
2026-10-01T18:31:45.2157651Z Cache Size: ~250 MB (262231515 B)
2026-10-01T18:31:45.2266092Z [command]/usr/bin/tar -xf /home/runner/work/_temp/0b4c7ed9-39ce-40ca-9f52-84880b293d83/cache.tzst -P -C /home/runner/work/bb-scanner/bb-scanner --use-compress-program unzstd
2026-10-01T18:31:45.5475555Z Cache restored successfully
2026-10-01T18:31:45.5677541Z Cache restored from key: frozen-source-36095439671-15m-shard-1
2026-10-01T18:31:45.5833390Z ##[group]Run if [ 'true' != 'true' ]; then
2026-10-01T18:31:45.5833783Z [36;1mif [ 'true' != 'true' ]; then[0m
2026-10-01T18:31:45.5834357Z [36;1m  gh run download 36095439671 -R duuu-hub/bb-scanner -n rank5-binance-um-15m-5y-data-shard-1 -D data[0m
2026-10-01T18:31:45.5835077Z [36;1mfi[0m
2026-10-01T18:31:45.5835436Z [36;1mgh run download 36858492497 -R duuu-hub/bb-scanner -n day-edge-v2-btc -D btc[0m
2026-10-01T18:31:45.5906268Z shell: /usr/bin/bash -e {0}
2026-10-01T18:31:45.5906545Z env:
2026-10-01T18:31:45.5906838Z   pythonLocation: /opt/hostedtoolcache/Python/3.12.14/x64
2026-10-01T18:31:45.5907296Z   PKG_CONFIG_PATH: /opt/hostedtoolcache/Python/3.12.14/x64/lib/pkgconfig
2026-10-01T18:31:45.5907748Z   Python_ROOT_DIR: /opt/hostedtoolcache/Python/3.12.14/x64
2026-10-01T18:31:45.5908142Z   Python2_ROOT_DIR: /opt/hostedtoolcache/Python/3.12.14/x64
2026-10-01T18:31:45.5908529Z   Python3_ROOT_DIR: /opt/hostedtoolcache/Python/3.12.14/x64
2026-10-01T18:31:45.5908965Z   LD_LIBRARY_PATH: /opt/hostedtoolcache/Python/3.12.14/x64/lib
2026-10-01T18:31:45.5911809Z   GH_TOKEN: ***
2026-10-01T18:31:45.5912290Z ##[endgroup]
2026-10-01T18:31:47.6866272Z ##[group]Run actions/download-artifact@v4
2026-10-01T18:31:47.6866604Z with:
2026-10-01T18:31:47.6866835Z   name: factor-lag-v6-selected
2026-10-01T18:31:47.6867108Z   path: selected-input
2026-10-01T18:31:47.6867353Z   merge-multiple: false
2026-10-01T18:31:47.6867606Z   repository: duuu-hub/bb-scanner
2026-10-01T18:31:47.6867882Z   run-id: 36906530309
2026-10-01T18:31:47.6868098Z env:
2026-10-01T18:31:47.6868373Z   pythonLocation: /opt/hostedtoolcache/Python/3.12.14/x64
2026-10-01T18:31:47.6868826Z   PKG_CONFIG_PATH: /opt/hostedtoolcache/Python/3.12.14/x64/lib/pkgconfig
2026-10-01T18:31:47.6869269Z   Python_ROOT_DIR: /opt/hostedtoolcache/Python/3.12.14/x64
2026-10-01T18:31:47.6869662Z   Python2_ROOT_DIR: /opt/hostedtoolcache/Python/3.12.14/x64
2026-10-01T18:31:47.6870043Z   Python3_ROOT_DIR: /opt/hostedtoolcache/Python/3.12.14/x64
2026-10-01T18:31:47.6870423Z   LD_LIBRARY_PATH: /opt/hostedtoolcache/Python/3.12.14/x64/lib
2026-10-01T18:31:47.6870762Z ##[endgroup]
2026-10-01T18:31:47.8407100Z Downloading single artifact
2026-10-01T18:31:47.8557711Z (node:2370) [DEP0040] DeprecationWarning: The `punycode` module is deprecated. Please use a userland alternative instead.
2026-10-01T18:31:47.8558467Z (Use `node --trace-deprecation ...` to show where the warning was created)
2026-10-01T18:31:48.1650199Z Preparing to download the following artifacts:
2026-10-01T18:31:48.1651381Z - factor-lag-v6-selected (ID: 11185546028, Size: 1000459, Expected Digest: sha256:2bcd8364f1fa86fd010278a05768fffd5cf9452532e4ba6151d6a4e9048e7037)
2026-10-01T18:31:48.4163044Z Redirecting to blob download url: https://productionresultssa15.blob.core.windows.net/actions-results/ebca8432-af1d-8e13-a6ae-80c1f04fbdbf/workflow-job-run-927a4c8d-6133-5856-942f-03819063caab/artifacts/e6ed661c7a41812fbb9bde80de8bbab2ad8a0165f2a95d27ee3d5dc290b087cc.zip
2026-10-01T18:31:48.4165368Z Starting download of artifact to: /home/runner/work/bb-scanner/bb-scanner/selected-input
2026-10-01T18:31:48.6845689Z (node:2370) [DEP0005] DeprecationWarning: Buffer() is deprecated due to security and usability issues. Please use the Buffer.alloc(), Buffer.allocUnsafe(), or Buffer.from() methods instead.
2026-10-01T18:31:49.1041265Z SHA256 digest of downloaded artifact is 2bcd8364f1fa86fd010278a05768fffd5cf9452532e4ba6151d6a4e9048e7037
2026-10-01T18:31:49.1041926Z Artifact download completed successfully.
2026-10-01T18:31:49.1042548Z Total of 1 artifact(s) downloaded
2026-10-01T18:31:49.1047224Z Download artifact has finished successfully
2026-10-01T18:31:49.1171595Z ##[group]Run gh run download 36095439671 -R duuu-hub/bb-scanner -n rank5-binance-um-15m-5y-manifest-shard-1 -D source-manifest
2026-10-01T18:31:49.1173475Z [36;1mgh run download 36095439671 -R duuu-hub/bb-scanner -n rank5-binance-um-15m-5y-manifest-shard-1 -D source-manifest[0m
2026-10-01T18:31:49.1174601Z [36;1mpython scripts/research_evidence_archive.py verify-source --data data --manifests source-manifest --baseline research/btc-factor-lag-v6/FROZEN_INPUT_HASHES.json --out gate-1/source_check.json[0m
2026-10-01T18:31:49.1256731Z shell: /usr/bin/bash -e {0}
2026-10-01T18:31:49.1257364Z env:
2026-10-01T18:31:49.1257793Z   pythonLocation: /opt/hostedtoolcache/Python/3.12.14/x64
2026-10-01T18:31:49.1258490Z   PKG_CONFIG_PATH: /opt/hostedtoolcache/Python/3.12.14/x64/lib/pkgconfig
2026-10-01T18:31:49.1259186Z   Python_ROOT_DIR: /opt/hostedtoolcache/Python/3.12.14/x64
2026-10-01T18:31:49.1259855Z   Python2_ROOT_DIR: /opt/hostedtoolcache/Python/3.12.14/x64
2026-10-01T18:31:49.1260553Z   Python3_ROOT_DIR: /opt/hostedtoolcache/Python/3.12.14/x64
2026-10-01T18:31:49.1261199Z   LD_LIBRARY_PATH: /opt/hostedtoolcache/Python/3.12.14/x64/lib
2026-10-01T18:31:49.1266202Z   GH_TOKEN: ***
2026-10-01T18:31:49.1266573Z ##[endgroup]
2026-10-01T18:31:57.2158935Z FROZEN_SOURCE_VERIFIED 108 files 36 prior SHA256 matches
2026-10-01T18:31:57.2626179Z ##[group]Run python scripts/btc_factor_lag_v6.py scan --stage GATE --data data --btc btc/BTCUSDT.csv.gz --selection selected-input/selection.json --out gate-1 --minute-cache cache/verified-1m
2026-10-01T18:31:57.2627508Z [36;1mpython scripts/btc_factor_lag_v6.py scan --stage GATE --data data --btc btc/BTCUSDT.csv.gz --selection selected-input/selection.json --out gate-1 --minute-cache cache/verified-1m[0m
2026-10-01T18:31:57.2696412Z shell: /usr/bin/bash -e {0}
2026-10-01T18:31:57.2696697Z env:
2026-10-01T18:31:57.2697010Z   pythonLocation: /opt/hostedtoolcache/Python/3.12.14/x64
2026-10-01T18:31:57.2697495Z   PKG_CONFIG_PATH: /opt/hostedtoolcache/Python/3.12.14/x64/lib/pkgconfig
2026-10-01T18:31:57.2697950Z   Python_ROOT_DIR: /opt/hostedtoolcache/Python/3.12.14/x64
2026-10-01T18:31:57.2698359Z   Python2_ROOT_DIR: /opt/hostedtoolcache/Python/3.12.14/x64
2026-10-01T18:31:57.2698757Z   Python3_ROOT_DIR: /opt/hostedtoolcache/Python/3.12.14/x64
2026-10-01T18:31:57.2699200Z   LD_LIBRARY_PATH: /opt/hostedtoolcache/Python/3.12.14/x64/lib
2026-10-01T18:31:57.2699547Z ##[endgroup]
2026-10-01T18:32:14.2594580Z FACTOR_SCAN GATE 24 / 108 outcomes 110
2026-10-01T18:32:15.5006172Z FACTOR_SCAN GATE 32 / 108 outcomes 130
2026-10-01T18:32:22.8757833Z FACTOR_SCAN GATE 40 / 108 outcomes 169
2026-10-01T18:32:33.3400644Z FACTOR_SCAN GATE 56 / 108 outcomes 224
2026-10-01T18:32:46.5485401Z FACTOR_SCAN GATE 108 / 108 outcomes 362
2026-10-01T18:32:46.5846117Z FACTOR_SCAN_DONE GATE 362 excluded 0
2026-10-01T18:32:46.6480999Z ##[group]Run actions/upload-artifact@v4
2026-10-01T18:32:46.6481317Z with:
2026-10-01T18:32:46.6481545Z   name: factor-lag-v6-gate-1
2026-10-01T18:32:46.6481821Z   path: gate-1/
2026-10-01T18:32:46.6482349Z   retention-days: 30
2026-10-01T18:32:46.6482599Z   compression-level: 0
2026-10-01T18:32:46.6482857Z   if-no-files-found: warn
2026-10-01T18:32:46.6483106Z   overwrite: false
2026-10-01T18:32:46.6483351Z   include-hidden-files: false
2026-10-01T18:32:46.6483611Z env:
2026-10-01T18:32:46.6483898Z   pythonLocation: /opt/hostedtoolcache/Python/3.12.14/x64
2026-10-01T18:32:46.6484373Z   PKG_CONFIG_PATH: /opt/hostedtoolcache/Python/3.12.14/x64/lib/pkgconfig
2026-10-01T18:32:46.6484824Z   Python_ROOT_DIR: /opt/hostedtoolcache/Python/3.12.14/x64
2026-10-01T18:32:46.6485259Z   Python2_ROOT_DIR: /opt/hostedtoolcache/Python/3.12.14/x64
2026-10-01T18:32:46.6485656Z   Python3_ROOT_DIR: /opt/hostedtoolcache/Python/3.12.14/x64
2026-10-01T18:32:46.6486084Z   LD_LIBRARY_PATH: /opt/hostedtoolcache/Python/3.12.14/x64/lib
2026-10-01T18:32:46.6486434Z ##[endgroup]
2026-10-01T18:32:46.8177300Z (node:2411) [DEP0040] DeprecationWarning: The `punycode` module is deprecated. Please use a userland alternative instead.
2026-10-01T18:32:46.8178175Z (Use `node --trace-deprecation ...` to show where the warning was created)
2026-10-01T18:32:46.8300851Z With the provided path, there will be 36 files uploaded
2026-10-01T18:32:46.8307253Z Artifact name is valid!
2026-10-01T18:32:46.8307718Z Root directory input is valid!
2026-10-01T18:32:47.2340853Z Beginning upload of artifact content to blob storage
2026-10-01T18:32:47.2831136Z (node:2411) [DEP0169] DeprecationWarning: `url.parse()` behavior is not standardized and prone to errors that have security implications. Use the WHATWG URL API instead. CVEs are not issued for `url.parse()` vulnerabilities.
2026-10-01T18:32:47.7245364Z Uploaded bytes 204633
2026-10-01T18:32:47.7969512Z Finished uploading artifact content to blob storage!
2026-10-01T18:32:47.7970572Z SHA256 digest of uploaded artifact zip is 98e8611c9afef50f5d5f12e105c3bca20f7713bda2622317bc08748850ff0063
2026-10-01T18:32:47.7971744Z Finalizing artifact upload
2026-10-01T18:32:48.0881111Z Artifact factor-lag-v6-gate-1.zip successfully finalized. Artifact ID 11185256295
2026-10-01T18:32:48.0882523Z Artifact factor-lag-v6-gate-1 has been successfully uploaded! Final size is 204633 bytes. Artifact ID is 11185256295
2026-10-01T18:32:48.0888891Z Artifact download URL: https://github.com/duuu-hub/bb-scanner/actions/runs/36906530309/artifacts/11185256295
2026-10-01T18:32:48.1064998Z Post job cleanup.
2026-10-01T18:32:48.2212982Z Cache hit occurred on the primary key frozen-source-36095439671-15m-shard-1, not saving cache.
2026-10-01T18:32:48.2214908Z (node:2423) [DEP0040] DeprecationWarning: The `punycode` module is deprecated. Please use a userland alternative instead.
2026-10-01T18:32:48.2216076Z (Use `node --trace-deprecation ...` to show where the warning was created)
2026-10-01T18:32:48.2320060Z Post job cleanup.
2026-10-01T18:32:48.3369255Z (node:2431) [DEP0040] DeprecationWarning: The `punycode` module is deprecated. Please use a userland alternative instead.
2026-10-01T18:32:48.3370019Z (Use `node --trace-deprecation ...` to show where the warning was created)
2026-10-01T18:32:48.3544579Z [command]/usr/bin/tar --posix -cf cache.tzst --exclude cache.tzst -P -C /home/runner/work/bb-scanner/bb-scanner --files-from manifest.txt --use-compress-program zstdmt
2026-10-01T18:32:48.6695139Z (node:2431) [DEP0169] DeprecationWarning: `url.parse()` behavior is not standardized and prone to errors that have security implications. Use the WHATWG URL API instead. CVEs are not issued for `url.parse()` vulnerabilities.
2026-10-01T18:32:49.5830411Z Sent 8746977 of 8746977 (100.0%), 9.1 MBs/sec
2026-10-01T18:32:49.7214260Z Cache saved with key: factor-lag-v6-gate-1m-shard-1
2026-10-01T18:32:49.7348132Z Post job cleanup.
2026-10-01T18:32:49.8576280Z (node:2451) [DEP0040] DeprecationWarning: The `punycode` module is deprecated. Please use a userland alternative instead.
2026-10-01T18:32:49.8577347Z (Use `node --trace-deprecation ...` to show where the warning was created)
2026-10-01T18:32:49.8720103Z Post job cleanup.
2026-10-01T18:32:49.9631537Z [command]/usr/bin/git version
2026-10-01T18:32:49.9703280Z git version 2.55.0
2026-10-01T18:32:49.9735500Z Temporarily overriding HOME='/home/runner/work/_temp/0df57c6a-0837-4072-aafb-82b881b56fb2' before making global git config changes
2026-10-01T18:32:49.9736998Z Adding repository directory to the temporary git global config as a safe directory
2026-10-01T18:32:49.9755201Z [command]/usr/bin/git config --global --add safe.directory /home/runner/work/bb-scanner/bb-scanner
2026-10-01T18:32:49.9796196Z [command]/usr/bin/git config --local --name-only --get-regexp core\.sshCommand
2026-10-01T18:32:49.9842278Z [command]/usr/bin/git submodule foreach --recursive sh -c "git config --local --name-only --get-regexp 'core\.sshCommand' && git config --local --unset-all 'core.sshCommand' || :"
2026-10-01T18:32:50.0139187Z [command]/usr/bin/git config --local --name-only --get-regexp http\.https\:\/\/github\.com\/\.extraheader
2026-10-01T18:32:50.0171077Z http.https://github.com/.extraheader
2026-10-01T18:32:50.0185472Z [command]/usr/bin/git config --local --unset-all http.https://github.com/.extraheader
2026-10-01T18:32:50.0223306Z [command]/usr/bin/git submodule foreach --recursive sh -c "git config --local --name-only --get-regexp 'http\.https\:\/\/github\.com\/\.extraheader' && git config --local --unset-all 'http.https://github.com/.extraheader' || :"
2026-10-01T18:32:50.0492555Z [command]/usr/bin/git config --local --name-only --get-regexp ^includeIf\.gitdir:
2026-10-01T18:32:50.0540173Z [command]/usr/bin/git submodule foreach --recursive git config --local --show-origin --name-only --get-regexp remote.origin.url
2026-10-01T18:32:50.0954399Z Cleaning up orphan processes
2026-10-01T18:32:50.1279970Z ##[warning]Node.js 20 is deprecated. The following actions target Node.js 20 but are being forced to run on Node.js 24: actions/cache@v4, actions/checkout@v4, actions/download-artifact@v4, actions/setup-python@v5, actions/upload-artifact@v4. For more information see: https://github.blog/changelog/2025-09-19-deprecation-of-node-20-on-github-actions-runners/
