2026-10-02T09:26:21.8550868Z Current runner version: '2.337.0'
2026-10-02T09:26:21.8572275Z ##[group]Runner Image Provisioner
2026-10-02T09:26:21.8573067Z Hosted Compute Agent
2026-10-02T09:26:21.8573600Z Version: 20260901.588
2026-10-02T09:26:21.8574122Z Commit: f88ec8081b781fac6c440065ac7ff9e710ce3d0b
2026-10-02T09:26:21.8574935Z Build Date: 2026-09-01T19:56:44Z
2026-10-02T09:26:21.8575502Z Worker ID: {41462a05-716c-4e8c-bfcc-2f39d03e5e28}
2026-10-02T09:26:21.8576066Z Azure Region: westus3
2026-10-02T09:26:21.8576630Z ##[endgroup]
2026-10-02T09:26:21.8577988Z ##[group]Operating System
2026-10-02T09:26:21.8578564Z Ubuntu
2026-10-02T09:26:21.8579009Z 24.04.5
2026-10-02T09:26:21.8579403Z LTS
2026-10-02T09:26:21.8580211Z ##[endgroup]
2026-10-02T09:26:21.8580671Z ##[group]Runner Image
2026-10-02T09:26:21.8581166Z Image: ubuntu-24.04
2026-10-02T09:26:21.8581640Z Version: 20260927.320.1
2026-10-02T09:26:21.8582737Z Included Software: https://github.com/actions/runner-images/blob/ubuntu24/20260927.320/images/ubuntu/Ubuntu2404-Readme.md
2026-10-02T09:26:21.8583971Z Image Release: https://github.com/actions/runner-images/releases/tag/ubuntu24%2F20260927.320
2026-10-02T09:26:21.8584976Z ##[endgroup]
2026-10-02T09:26:21.8585973Z ##[group]GITHUB_TOKEN Permissions
2026-10-02T09:26:21.8587906Z Actions: read
2026-10-02T09:26:21.8588422Z Contents: read
2026-10-02T09:26:21.8588911Z Metadata: read
2026-10-02T09:26:21.8589421Z ##[endgroup]
2026-10-02T09:26:21.8591097Z Secret source: Actions
2026-10-02T09:26:21.8591939Z Cache mode: write
2026-10-02T09:26:21.8592506Z Prepare workflow directory
2026-10-02T09:26:21.9051725Z Prepare all required actions
2026-10-02T09:26:21.9090121Z Getting action download info
2026-10-02T09:26:22.2368635Z Download action repository 'actions/checkout@v4' (SHA:11d5960a326750d5838078e36cf38b85af677262)
2026-10-02T09:26:22.4821347Z Download action repository 'actions/setup-python@v5' (SHA:a26af69be951a213d495a4c3e4e4022e16d87065)
2026-10-02T09:26:22.9263931Z Download action repository 'actions/cache@v4' (SHA:0057852bfaa89a56745cba8c7296529d2fc39830)
2026-10-02T09:26:23.3737352Z Download action repository 'actions/upload-artifact@v4' (SHA:ea165f8d65b6e75b540449e92b4886f43607fa02)
2026-10-02T09:26:24.4002198Z Complete job name: development (6)
2026-10-02T09:26:24.4508813Z ##[group]Run actions/checkout@v4
2026-10-02T09:26:24.4509260Z with:
2026-10-02T09:26:24.4509670Z   repository: duuu-hub/bb-scanner
2026-10-02T09:26:24.4511736Z   token: ***
2026-10-02T09:26:24.4511943Z   ssh-strict: true
2026-10-02T09:26:24.4512179Z   ssh-user: git
2026-10-02T09:26:24.4512359Z   persist-credentials: true
2026-10-02T09:26:24.4512570Z   clean: true
2026-10-02T09:26:24.4512796Z   sparse-checkout-cone-mode: true
2026-10-02T09:26:24.4513006Z   fetch-depth: 1
2026-10-02T09:26:24.4513183Z   fetch-tags: false
2026-10-02T09:26:24.4513363Z   show-progress: true
2026-10-02T09:26:24.4513541Z   lfs: false
2026-10-02T09:26:24.4513705Z   submodules: false
2026-10-02T09:26:24.4513878Z   set-safe-directory: true
2026-10-02T09:26:24.4514075Z   allow-unsafe-pr-checkout: false
2026-10-02T09:26:24.4514455Z env:
2026-10-02T09:26:24.4516494Z   GH_TOKEN: ***
2026-10-02T09:26:24.4516664Z ##[endgroup]
2026-10-02T09:26:24.5310541Z Syncing repository: duuu-hub/bb-scanner
2026-10-02T09:26:24.5311738Z ##[group]Getting Git version info
2026-10-02T09:26:24.5312096Z Working directory is '/home/runner/work/bb-scanner/bb-scanner'
2026-10-02T09:26:24.5312536Z [command]/usr/bin/git version
2026-10-02T09:26:24.5374065Z git version 2.55.0
2026-10-02T09:26:24.5398779Z ##[endgroup]
2026-10-02T09:26:24.5407518Z Temporarily overriding HOME='/home/runner/work/_temp/2af35a61-39b4-4f5a-ba8e-0a5b75b99fc4' before making global git config changes
2026-10-02T09:26:24.5408427Z Adding repository directory to the temporary git global config as a safe directory
2026-10-02T09:26:24.5415723Z [command]/usr/bin/git config --global --add safe.directory /home/runner/work/bb-scanner/bb-scanner
2026-10-02T09:26:24.5458352Z Deleting the contents of '/home/runner/work/bb-scanner/bb-scanner'
2026-10-02T09:26:24.5462362Z ##[group]Initializing the repository
2026-10-02T09:26:24.5465993Z [command]/usr/bin/git init /home/runner/work/bb-scanner/bb-scanner
2026-10-02T09:26:24.5587337Z hint: Using 'master' as the name for the initial branch. This default branch name
2026-10-02T09:26:24.5588317Z hint: will change to "main" in Git 3.0. To configure the initial branch name
2026-10-02T09:26:24.5588963Z hint: to use in all of your new repositories, which will suppress this warning,
2026-10-02T09:26:24.5589456Z hint: call:
2026-10-02T09:26:24.5589693Z hint:
2026-10-02T09:26:24.5590031Z hint: 	git config --global init.defaultBranch <name>
2026-10-02T09:26:24.5590422Z hint:
2026-10-02T09:26:24.5590802Z hint: Names commonly chosen instead of 'master' are 'main', 'trunk' and
2026-10-02T09:26:24.5591438Z hint: 'development'. The just-created branch can be renamed via this command:
2026-10-02T09:26:24.5591930Z hint:
2026-10-02T09:26:24.5592178Z hint: 	git branch -m <name>
2026-10-02T09:26:24.5592478Z hint:
2026-10-02T09:26:24.5592884Z hint: Disable this message with "git config set advice.defaultBranchName false"
2026-10-02T09:26:24.5598559Z Initialized empty Git repository in /home/runner/work/bb-scanner/bb-scanner/.git/
2026-10-02T09:26:24.5606093Z [command]/usr/bin/git remote add origin https://github.com/duuu-hub/bb-scanner
2026-10-02T09:26:24.5646557Z ##[endgroup]
2026-10-02T09:26:24.5647066Z ##[group]Disabling automatic garbage collection
2026-10-02T09:26:24.5650537Z [command]/usr/bin/git config --local gc.auto 0
2026-10-02T09:26:24.5676485Z ##[endgroup]
2026-10-02T09:26:24.5676948Z ##[group]Setting up auth
2026-10-02T09:26:24.5682118Z [command]/usr/bin/git config --local --name-only --get-regexp core\.sshCommand
2026-10-02T09:26:24.5718391Z [command]/usr/bin/git submodule foreach --recursive sh -c "git config --local --name-only --get-regexp 'core\.sshCommand' && git config --local --unset-all 'core.sshCommand' || :"
2026-10-02T09:26:24.6035629Z [command]/usr/bin/git config --local --name-only --get-regexp http\.https\:\/\/github\.com\/\.extraheader
2026-10-02T09:26:24.6067522Z [command]/usr/bin/git submodule foreach --recursive sh -c "git config --local --name-only --get-regexp 'http\.https\:\/\/github\.com\/\.extraheader' && git config --local --unset-all 'http.https://github.com/.extraheader' || :"
2026-10-02T09:26:24.6259821Z [command]/usr/bin/git config --local --name-only --get-regexp ^includeIf\.gitdir:
2026-10-02T09:26:24.6288583Z [command]/usr/bin/git submodule foreach --recursive git config --local --show-origin --name-only --get-regexp remote.origin.url
2026-10-02T09:26:24.6476016Z [command]/usr/bin/git config --local http.https://github.com/.extraheader AUTHORIZATION: basic ***
2026-10-02T09:26:24.6510963Z ##[endgroup]
2026-10-02T09:26:24.6511333Z ##[group]Fetching the repository
2026-10-02T09:26:24.6519951Z [command]/usr/bin/git -c protocol.version=2 fetch --no-tags --prune --no-recurse-submodules --depth=1 origin +793820a5dee7577663e94f9e45157468e05850aa:refs/remotes/origin/research-taker-absorption-release-v12
2026-10-02T09:26:26.4202007Z From https://github.com/duuu-hub/bb-scanner
2026-10-02T09:26:26.4203003Z  * [new ref]         793820a5dee7577663e94f9e45157468e05850aa -> origin/research-taker-absorption-release-v12
2026-10-02T09:26:26.4206484Z ##[endgroup]
2026-10-02T09:26:26.4206949Z ##[group]Determining the checkout info
2026-10-02T09:26:26.4208136Z ##[endgroup]
2026-10-02T09:26:26.4271715Z [command]/usr/bin/git sparse-checkout disable
2026-10-02T09:26:26.4273661Z [command]/usr/bin/git config --local --unset-all extensions.worktreeConfig
2026-10-02T09:26:26.4288616Z ##[group]Checking out the ref
2026-10-02T09:26:26.4292633Z [command]/usr/bin/git checkout --progress --force -B research-taker-absorption-release-v12 refs/remotes/origin/research-taker-absorption-release-v12
2026-10-02T09:26:26.6146670Z Switched to a new branch 'research-taker-absorption-release-v12'
2026-10-02T09:26:26.6150974Z branch 'research-taker-absorption-release-v12' set up to track 'origin/research-taker-absorption-release-v12'.
2026-10-02T09:26:26.6159211Z ##[endgroup]
2026-10-02T09:26:26.6200069Z [command]/usr/bin/git log -1 --format=%H
2026-10-02T09:26:26.6222534Z 793820a5dee7577663e94f9e45157468e05850aa
2026-10-02T09:26:26.6431212Z ##[group]Run actions/setup-python@v5
2026-10-02T09:26:26.6431474Z with:
2026-10-02T09:26:26.6431645Z   python-version: 3.12
2026-10-02T09:26:26.6431832Z   check-latest: false
2026-10-02T09:26:26.6433768Z   token: ***
2026-10-02T09:26:26.6433952Z   update-environment: true
2026-10-02T09:26:26.6434150Z   allow-prereleases: false
2026-10-02T09:26:26.6434336Z   freethreaded: false
2026-10-02T09:26:26.6434508Z env:
2026-10-02T09:26:26.6436682Z   GH_TOKEN: ***
2026-10-02T09:26:26.6436865Z ##[endgroup]
2026-10-02T09:26:26.7455091Z ##[group]Installed versions
2026-10-02T09:26:26.7525145Z (node:2072) [DEP0040] DeprecationWarning: The `punycode` module is deprecated. Please use a userland alternative instead.
2026-10-02T09:26:26.7526068Z (Use `node --trace-deprecation ...` to show where the warning was created)
2026-10-02T09:26:26.7526604Z Successfully set up CPython (3.12.14)
2026-10-02T09:26:26.7527253Z ##[endgroup]
2026-10-02T09:26:26.7668339Z ##[group]Run set -euo pipefail
2026-10-02T09:26:26.7668649Z [36;1mset -euo pipefail[0m
2026-10-02T09:26:26.7668894Z [36;1mpip install pandas==2.3.3 numpy==2.3.3[0m
2026-10-02T09:26:26.7912596Z shell: /usr/bin/bash --noprofile --norc -e -o pipefail {0}
2026-10-02T09:26:26.7912925Z env:
2026-10-02T09:26:26.7915242Z   GH_TOKEN: ***
2026-10-02T09:26:26.7915487Z   pythonLocation: /opt/hostedtoolcache/Python/3.12.14/x64
2026-10-02T09:26:26.7915837Z   PKG_CONFIG_PATH: /opt/hostedtoolcache/Python/3.12.14/x64/lib/pkgconfig
2026-10-02T09:26:26.7916175Z   Python_ROOT_DIR: /opt/hostedtoolcache/Python/3.12.14/x64
2026-10-02T09:26:26.7916473Z   Python2_ROOT_DIR: /opt/hostedtoolcache/Python/3.12.14/x64
2026-10-02T09:26:26.7916781Z   Python3_ROOT_DIR: /opt/hostedtoolcache/Python/3.12.14/x64
2026-10-02T09:26:26.7917072Z   LD_LIBRARY_PATH: /opt/hostedtoolcache/Python/3.12.14/x64/lib
2026-10-02T09:26:26.7917341Z ##[endgroup]
2026-10-02T09:26:27.6117333Z Collecting pandas==2.3.3
2026-10-02T09:26:27.6697793Z   Downloading pandas-2.3.3-cp312-cp312-manylinux_2_24_x86_64.manylinux_2_28_x86_64.whl.metadata (91 kB)
2026-10-02T09:26:27.8831607Z Collecting numpy==2.3.3
2026-10-02T09:26:27.8935677Z   Downloading numpy-2.3.3-cp312-cp312-manylinux_2_27_x86_64.manylinux_2_28_x86_64.whl.metadata (62 kB)
2026-10-02T09:26:27.9261023Z Collecting python-dateutil>=2.8.2 (from pandas==2.3.3)
2026-10-02T09:26:27.9356710Z   Downloading python_dateutil-2.9.0.post0-py2.py3-none-any.whl.metadata (8.4 kB)
2026-10-02T09:26:27.9704000Z Collecting pytz>=2020.1 (from pandas==2.3.3)
2026-10-02T09:26:27.9800769Z   Downloading pytz-2026.4-py2.py3-none-any.whl.metadata (22 kB)
2026-10-02T09:26:27.9994911Z Collecting tzdata>=2022.7 (from pandas==2.3.3)
2026-10-02T09:26:28.0090401Z   Downloading tzdata-2026.4-py2.py3-none-any.whl.metadata (1.4 kB)
2026-10-02T09:26:28.0261619Z Collecting six>=1.5 (from python-dateutil>=2.8.2->pandas==2.3.3)
2026-10-02T09:26:28.0357179Z   Downloading six-1.17.0-py2.py3-none-any.whl.metadata (1.7 kB)
2026-10-02T09:26:28.0480870Z Downloading pandas-2.3.3-cp312-cp312-manylinux_2_24_x86_64.manylinux_2_28_x86_64.whl (12.4 MB)
2026-10-02T09:26:28.4827634Z    ━━━━━━━━━━━━━━━━━━━━━━━━━━━━━━━━━━━━━━━━ 12.4/12.4 MB 29.8 MB/s  0:00:00
2026-10-02T09:26:28.4930071Z Downloading numpy-2.3.3-cp312-cp312-manylinux_2_27_x86_64.manylinux_2_28_x86_64.whl (16.6 MB)
2026-10-02T09:26:28.7400775Z    ━━━━━━━━━━━━━━━━━━━━━━━━━━━━━━━━━━━━━━━━ 16.6/16.6 MB 67.2 MB/s  0:00:00
2026-10-02T09:26:28.7500591Z Downloading python_dateutil-2.9.0.post0-py2.py3-none-any.whl (229 kB)
2026-10-02T09:26:28.7620305Z Downloading pytz-2026.4-py2.py3-none-any.whl (506 kB)
2026-10-02T09:26:28.7751980Z Downloading six-1.17.0-py2.py3-none-any.whl (11 kB)
2026-10-02T09:26:28.7861813Z Downloading tzdata-2026.4-py2.py3-none-any.whl (347 kB)
2026-10-02T09:26:28.9140039Z Installing collected packages: pytz, tzdata, six, numpy, python-dateutil, pandas
2026-10-02T09:26:34.3625659Z 
2026-10-02T09:26:34.3636587Z Successfully installed numpy-2.3.3 pandas-2.3.3 python-dateutil-2.9.0.post0 pytz-2026.4 six-1.17.0 tzdata-2026.4
2026-10-02T09:26:34.4184097Z ##[group]Run actions/cache@v4
2026-10-02T09:26:34.4184309Z with:
2026-10-02T09:26:34.4184473Z   path: data
2026-10-02T09:26:34.4184656Z   key: frozen-source-36095439671-15m-shard-6
2026-10-02T09:26:34.4185221Z   enableCrossOsArchive: false
2026-10-02T09:26:34.4185427Z   fail-on-cache-miss: false
2026-10-02T09:26:34.4185616Z   lookup-only: false
2026-10-02T09:26:34.4185790Z   save-always: false
2026-10-02T09:26:34.4185958Z env:
2026-10-02T09:26:34.4188050Z   GH_TOKEN: ***
2026-10-02T09:26:34.4188294Z   pythonLocation: /opt/hostedtoolcache/Python/3.12.14/x64
2026-10-02T09:26:34.4188636Z   PKG_CONFIG_PATH: /opt/hostedtoolcache/Python/3.12.14/x64/lib/pkgconfig
2026-10-02T09:26:34.4188966Z   Python_ROOT_DIR: /opt/hostedtoolcache/Python/3.12.14/x64
2026-10-02T09:26:34.4189262Z   Python2_ROOT_DIR: /opt/hostedtoolcache/Python/3.12.14/x64
2026-10-02T09:26:34.4189574Z   Python3_ROOT_DIR: /opt/hostedtoolcache/Python/3.12.14/x64
2026-10-02T09:26:34.4189903Z   LD_LIBRARY_PATH: /opt/hostedtoolcache/Python/3.12.14/x64/lib
2026-10-02T09:26:34.4190157Z ##[endgroup]
2026-10-02T09:26:34.5041248Z (node:2109) [DEP0040] DeprecationWarning: The `punycode` module is deprecated. Please use a userland alternative instead.
2026-10-02T09:26:34.5041986Z (Use `node --trace-deprecation ...` to show where the warning was created)
2026-10-02T09:26:34.7021057Z Cache not found for input keys: frozen-source-36095439671-15m-shard-6
2026-10-02T09:26:34.7116748Z ##[group]Run set -euo pipefail
2026-10-02T09:26:34.7117005Z [36;1mset -euo pipefail[0m
2026-10-02T09:26:34.7117207Z [36;1mif [ '' != 'true' ]; then[0m
2026-10-02T09:26:34.7117609Z [36;1m  gh run download 36095439671 -R duuu-hub/bb-scanner -n rank5-binance-um-15m-5y-data-shard-6 -D data[0m
2026-10-02T09:26:34.7118009Z [36;1mfi[0m
2026-10-02T09:26:34.7118282Z [36;1mgh run download 36858492497 -R duuu-hub/bb-scanner -n day-edge-v2-btc -D btc[0m
2026-10-02T09:26:34.7118822Z [36;1mgh run download 36095439671 -R duuu-hub/bb-scanner -n rank5-binance-um-15m-5y-manifest-shard-6 -D source-manifest[0m
2026-10-02T09:26:34.7119684Z [36;1mpython scripts/research_evidence_archive.py verify-source --data data --manifests source-manifest --baseline research/taker-absorption-release-v12/FROZEN_INPUT_HASHES.json --out source-check.json[0m
2026-10-02T09:26:34.7177258Z shell: /usr/bin/bash --noprofile --norc -e -o pipefail {0}
2026-10-02T09:26:34.7177535Z env:
2026-10-02T09:26:34.7179506Z   GH_TOKEN: ***
2026-10-02T09:26:34.7179751Z   pythonLocation: /opt/hostedtoolcache/Python/3.12.14/x64
2026-10-02T09:26:34.7180095Z   PKG_CONFIG_PATH: /opt/hostedtoolcache/Python/3.12.14/x64/lib/pkgconfig
2026-10-02T09:26:34.7180429Z   Python_ROOT_DIR: /opt/hostedtoolcache/Python/3.12.14/x64
2026-10-02T09:26:34.7180722Z   Python2_ROOT_DIR: /opt/hostedtoolcache/Python/3.12.14/x64
2026-10-02T09:26:34.7181016Z   Python3_ROOT_DIR: /opt/hostedtoolcache/Python/3.12.14/x64
2026-10-02T09:26:34.7181329Z   LD_LIBRARY_PATH: /opt/hostedtoolcache/Python/3.12.14/x64/lib
2026-10-02T09:26:34.7181587Z ##[endgroup]
2026-10-02T09:26:50.9302796Z FROZEN_SOURCE_VERIFIED 107 files 28 prior SHA256 matches
2026-10-02T09:26:50.9722464Z ##[group]Run actions/cache@v4
2026-10-02T09:26:50.9722673Z with:
2026-10-02T09:26:50.9722843Z   path: cache/verified-1m
2026-10-02T09:26:50.9723081Z   key: taker-absorption-release-v12-dev-1m-shard-6
2026-10-02T09:26:50.9723808Z   restore-keys: aggressive-flow-cascade-v11-dev-1m-shard-6
residual-reversion-v10-dev-1m-shard-6
cross-sectional-leader-v9-dev-1m-shard-6
premium-absorption-v8-dev-1m-shard-6
factor-lag-v6-dev-1m-shard-6
2026-10-02T09:26:50.9724516Z   enableCrossOsArchive: false
2026-10-02T09:26:50.9725059Z   fail-on-cache-miss: false
2026-10-02T09:26:50.9725259Z   lookup-only: false
2026-10-02T09:26:50.9725431Z   save-always: false
2026-10-02T09:26:50.9725589Z env:
2026-10-02T09:26:50.9727540Z   GH_TOKEN: ***
2026-10-02T09:26:50.9727780Z   pythonLocation: /opt/hostedtoolcache/Python/3.12.14/x64
2026-10-02T09:26:50.9728292Z   PKG_CONFIG_PATH: /opt/hostedtoolcache/Python/3.12.14/x64/lib/pkgconfig
2026-10-02T09:26:50.9728647Z   Python_ROOT_DIR: /opt/hostedtoolcache/Python/3.12.14/x64
2026-10-02T09:26:50.9728942Z   Python2_ROOT_DIR: /opt/hostedtoolcache/Python/3.12.14/x64
2026-10-02T09:26:50.9729234Z   Python3_ROOT_DIR: /opt/hostedtoolcache/Python/3.12.14/x64
2026-10-02T09:26:50.9729521Z   LD_LIBRARY_PATH: /opt/hostedtoolcache/Python/3.12.14/x64/lib
2026-10-02T09:26:50.9729774Z ##[endgroup]
2026-10-02T09:26:51.0595129Z (node:2153) [DEP0040] DeprecationWarning: The `punycode` module is deprecated. Please use a userland alternative instead.
2026-10-02T09:26:51.0596169Z (Use `node --trace-deprecation ...` to show where the warning was created)
2026-10-02T09:26:51.2669996Z Cache not found for input keys: taker-absorption-release-v12-dev-1m-shard-6, aggressive-flow-cascade-v11-dev-1m-shard-6, residual-reversion-v10-dev-1m-shard-6, cross-sectional-leader-v9-dev-1m-shard-6, premium-absorption-v8-dev-1m-shard-6, factor-lag-v6-dev-1m-shard-6
2026-10-02T09:26:51.4102244Z ##[group]Run set -euo pipefail
2026-10-02T09:26:51.4102502Z [36;1mset -euo pipefail[0m
2026-10-02T09:26:51.4103094Z [36;1mpython scripts/taker_absorption_release_v12.py scan --stage DEV --data data --btc btc/BTCUSDT.csv.gz --source-check source-check.json --out dev-6 --minute-cache cache/verified-1m[0m
2026-10-02T09:26:51.4158826Z shell: /usr/bin/bash --noprofile --norc -e -o pipefail {0}
2026-10-02T09:26:51.4159094Z env:
2026-10-02T09:26:51.4161050Z   GH_TOKEN: ***
2026-10-02T09:26:51.4161295Z   pythonLocation: /opt/hostedtoolcache/Python/3.12.14/x64
2026-10-02T09:26:51.4161644Z   PKG_CONFIG_PATH: /opt/hostedtoolcache/Python/3.12.14/x64/lib/pkgconfig
2026-10-02T09:26:51.4161973Z   Python_ROOT_DIR: /opt/hostedtoolcache/Python/3.12.14/x64
2026-10-02T09:26:51.4162268Z   Python2_ROOT_DIR: /opt/hostedtoolcache/Python/3.12.14/x64
2026-10-02T09:26:51.4162558Z   Python3_ROOT_DIR: /opt/hostedtoolcache/Python/3.12.14/x64
2026-10-02T09:26:51.4162899Z   LD_LIBRARY_PATH: /opt/hostedtoolcache/Python/3.12.14/x64/lib
2026-10-02T09:26:51.4163158Z ##[endgroup]
2026-10-02T09:26:54.1218546Z V12_ABSORPTION_SCAN DEV 16 / 107 parameterized_outcomes 0
2026-10-02T09:26:55.1473039Z V12_ABSORPTION_SCAN DEV 24 / 107 parameterized_outcomes 0
2026-10-02T09:26:58.2947512Z V12_ABSORPTION_SCAN DEV 72 / 107 parameterized_outcomes 0
2026-10-02T09:26:59.8180219Z V12_ABSORPTION_SCAN DEV 80 / 107 parameterized_outcomes 12
2026-10-02T09:27:01.4348095Z V12_ABSORPTION_SCAN DEV 96 / 107 parameterized_outcomes 24
2026-10-02T09:27:01.9386332Z V12_ABSORPTION_SCAN DEV 104 / 107 parameterized_outcomes 24
2026-10-02T09:27:02.1831079Z V12_ABSORPTION_SCAN_DONE DEV 24 chronology_exclusions 0
2026-10-02T09:27:02.2316837Z ##[group]Run actions/upload-artifact@v4
2026-10-02T09:27:02.2317072Z with:
2026-10-02T09:27:02.2317254Z   name: taker-absorption-release-v12-dev-6
2026-10-02T09:27:02.2317477Z   path: dev-6/
2026-10-02T09:27:02.2317639Z   retention-days: 30
2026-10-02T09:27:02.2317832Z   compression-level: 0
2026-10-02T09:27:02.2318013Z   if-no-files-found: warn
2026-10-02T09:27:02.2318202Z   overwrite: false
2026-10-02T09:27:02.2318372Z   include-hidden-files: false
2026-10-02T09:27:02.2318558Z env:
2026-10-02T09:27:02.2320502Z   GH_TOKEN: ***
2026-10-02T09:27:02.2320741Z   pythonLocation: /opt/hostedtoolcache/Python/3.12.14/x64
2026-10-02T09:27:02.2321094Z   PKG_CONFIG_PATH: /opt/hostedtoolcache/Python/3.12.14/x64/lib/pkgconfig
2026-10-02T09:27:02.2321432Z   Python_ROOT_DIR: /opt/hostedtoolcache/Python/3.12.14/x64
2026-10-02T09:27:02.2321722Z   Python2_ROOT_DIR: /opt/hostedtoolcache/Python/3.12.14/x64
2026-10-02T09:27:02.2322010Z   Python3_ROOT_DIR: /opt/hostedtoolcache/Python/3.12.14/x64
2026-10-02T09:27:02.2322329Z   LD_LIBRARY_PATH: /opt/hostedtoolcache/Python/3.12.14/x64/lib
2026-10-02T09:27:02.2322581Z ##[endgroup]
2026-10-02T09:27:02.3584504Z (node:2171) [DEP0040] DeprecationWarning: The `punycode` module is deprecated. Please use a userland alternative instead.
2026-10-02T09:27:02.3586154Z (Use `node --trace-deprecation ...` to show where the warning was created)
2026-10-02T09:27:02.3646732Z With the provided path, there will be 7 files uploaded
2026-10-02T09:27:02.3650092Z Artifact name is valid!
2026-10-02T09:27:02.3650709Z Root directory input is valid!
2026-10-02T09:27:02.6914137Z Beginning upload of artifact content to blob storage
2026-10-02T09:27:02.7132397Z (node:2171) [DEP0169] DeprecationWarning: `url.parse()` behavior is not standardized and prone to errors that have security implications. Use the WHATWG URL API instead. CVEs are not issued for `url.parse()` vulnerabilities.
2026-10-02T09:27:03.0465763Z Uploaded bytes 175091
2026-10-02T09:27:03.1037803Z Finished uploading artifact content to blob storage!
2026-10-02T09:27:03.1038716Z SHA256 digest of uploaded artifact zip is 50edf68e5e214e0f094cad751b44654b104b702c452d9667ffe1d02198da844d
2026-10-02T09:27:03.1039685Z Finalizing artifact upload
2026-10-02T09:27:03.3581691Z Artifact taker-absorption-release-v12-dev-6.zip successfully finalized. Artifact ID 11218559175
2026-10-02T09:27:03.3582583Z Artifact taker-absorption-release-v12-dev-6 has been successfully uploaded! Final size is 175091 bytes. Artifact ID is 11218559175
2026-10-02T09:27:03.3587427Z Artifact download URL: https://github.com/duuu-hub/bb-scanner/actions/runs/36989682215/artifacts/11218559175
2026-10-02T09:27:03.3721275Z Post job cleanup.
2026-10-02T09:27:03.4560683Z (node:2184) [DEP0040] DeprecationWarning: The `punycode` module is deprecated. Please use a userland alternative instead.
2026-10-02T09:27:03.4561265Z (Use `node --trace-deprecation ...` to show where the warning was created)
2026-10-02T09:27:03.4651586Z [warning]Path Validation Error: Path(s) specified in the action for caching do(es) not exist, hence no cache is being saved.
2026-10-02T09:27:03.4736054Z Post job cleanup.
2026-10-02T09:27:03.5530577Z (node:2197) [DEP0040] DeprecationWarning: The `punycode` module is deprecated. Please use a userland alternative instead.
2026-10-02T09:27:03.5531307Z (Use `node --trace-deprecation ...` to show where the warning was created)
2026-10-02T09:27:03.5702225Z [command]/usr/bin/tar --posix -cf cache.tzst --exclude cache.tzst -P -C /home/runner/work/bb-scanner/bb-scanner --files-from manifest.txt --use-compress-program zstdmt
2026-10-02T09:27:03.9540000Z (node:2197) [DEP0169] DeprecationWarning: `url.parse()` behavior is not standardized and prone to errors that have security implications. Use the WHATWG URL API instead. CVEs are not issued for `url.parse()` vulnerabilities.
2026-10-02T09:27:04.9467610Z Sent 8802569 of 210129161 (4.2%), 8.4 MBs/sec
2026-10-02T09:27:05.4568614Z Sent 210129161 of 210129161 (100.0%), 132.5 MBs/sec
2026-10-02T09:27:05.5732690Z Cache saved with key: frozen-source-36095439671-15m-shard-6
2026-10-02T09:27:05.5850891Z Post job cleanup.
2026-10-02T09:27:05.6821315Z (node:2218) [DEP0040] DeprecationWarning: The `punycode` module is deprecated. Please use a userland alternative instead.
2026-10-02T09:27:05.6822258Z (Use `node --trace-deprecation ...` to show where the warning was created)
2026-10-02T09:27:05.6996194Z Post job cleanup.
2026-10-02T09:27:05.7699896Z [command]/usr/bin/git version
2026-10-02T09:27:05.7736033Z git version 2.55.0
2026-10-02T09:27:05.7767888Z Temporarily overriding HOME='/home/runner/work/_temp/f5a60704-a075-4424-8a1d-c347f2e9b584' before making global git config changes
2026-10-02T09:27:05.7768692Z Adding repository directory to the temporary git global config as a safe directory
2026-10-02T09:27:05.7772518Z [command]/usr/bin/git config --global --add safe.directory /home/runner/work/bb-scanner/bb-scanner
2026-10-02T09:27:05.7804006Z [command]/usr/bin/git config --local --name-only --get-regexp core\.sshCommand
2026-10-02T09:27:05.7832799Z [command]/usr/bin/git submodule foreach --recursive sh -c "git config --local --name-only --get-regexp 'core\.sshCommand' && git config --local --unset-all 'core.sshCommand' || :"
2026-10-02T09:27:05.8050961Z [command]/usr/bin/git config --local --name-only --get-regexp http\.https\:\/\/github\.com\/\.extraheader
2026-10-02T09:27:05.8076972Z http.https://github.com/.extraheader
2026-10-02T09:27:05.8085433Z [command]/usr/bin/git config --local --unset-all http.https://github.com/.extraheader
2026-10-02T09:27:05.8115626Z [command]/usr/bin/git submodule foreach --recursive sh -c "git config --local --name-only --get-regexp 'http\.https\:\/\/github\.com\/\.extraheader' && git config --local --unset-all 'http.https://github.com/.extraheader' || :"
2026-10-02T09:27:05.8331399Z [command]/usr/bin/git config --local --name-only --get-regexp ^includeIf\.gitdir:
2026-10-02T09:27:05.8364941Z [command]/usr/bin/git submodule foreach --recursive git config --local --show-origin --name-only --get-regexp remote.origin.url
2026-10-02T09:27:05.8692954Z Cleaning up orphan processes
2026-10-02T09:27:05.8952438Z ##[warning]Node.js 20 is deprecated. The following actions target Node.js 20 but are being forced to run on Node.js 24: actions/cache@v4, actions/checkout@v4, actions/setup-python@v5, actions/upload-artifact@v4. For more information see: https://github.blog/changelog/2025-09-19-deprecation-of-node-20-on-github-actions-runners/
