2026-10-02T09:26:22.2685994Z Current runner version: '2.337.0'
2026-10-02T09:26:22.2709762Z ##[group]Runner Image Provisioner
2026-10-02T09:26:22.2710718Z Hosted Compute Agent
2026-10-02T09:26:22.2711334Z Version: 20260901.588
2026-10-02T09:26:22.2711956Z Commit: f88ec8081b781fac6c440065ac7ff9e710ce3d0b
2026-10-02T09:26:22.2712701Z Build Date: 2026-09-01T19:56:44Z
2026-10-02T09:26:22.2713352Z Worker ID: {0a69629c-485b-43a1-9df7-ee85f6d91b15}
2026-10-02T09:26:22.2714024Z Azure Region: westus3
2026-10-02T09:26:22.2714639Z ##[endgroup]
2026-10-02T09:26:22.2716335Z ##[group]Operating System
2026-10-02T09:26:22.2716968Z Ubuntu
2026-10-02T09:26:22.2717527Z 24.04.5
2026-10-02T09:26:22.2717993Z LTS
2026-10-02T09:26:22.2718927Z ##[endgroup]
2026-10-02T09:26:22.2719482Z ##[group]Runner Image
2026-10-02T09:26:22.2720062Z Image: ubuntu-24.04
2026-10-02T09:26:22.2720689Z Version: 20260927.320.1
2026-10-02T09:26:22.2721995Z Included Software: https://github.com/actions/runner-images/blob/ubuntu24/20260927.320/images/ubuntu/Ubuntu2404-Readme.md
2026-10-02T09:26:22.2723449Z Image Release: https://github.com/actions/runner-images/releases/tag/ubuntu24%2F20260927.320
2026-10-02T09:26:22.2724376Z ##[endgroup]
2026-10-02T09:26:22.2725778Z ##[group]GITHUB_TOKEN Permissions
2026-10-02T09:26:22.2728070Z Actions: read
2026-10-02T09:26:22.2728656Z Contents: read
2026-10-02T09:26:22.2729193Z Metadata: read
2026-10-02T09:26:22.2729767Z ##[endgroup]
2026-10-02T09:26:22.2731792Z Secret source: Actions
2026-10-02T09:26:22.2732684Z Cache mode: write
2026-10-02T09:26:22.2733342Z Prepare workflow directory
2026-10-02T09:26:22.3262885Z Prepare all required actions
2026-10-02T09:26:22.3312558Z Getting action download info
2026-10-02T09:26:22.6567923Z Download action repository 'actions/checkout@v4' (SHA:11d5960a326750d5838078e36cf38b85af677262)
2026-10-02T09:26:22.7677506Z Download action repository 'actions/setup-python@v5' (SHA:a26af69be951a213d495a4c3e4e4022e16d87065)
2026-10-02T09:26:22.9013039Z Download action repository 'actions/cache@v4' (SHA:0057852bfaa89a56745cba8c7296529d2fc39830)
2026-10-02T09:26:23.0733210Z Download action repository 'actions/upload-artifact@v4' (SHA:ea165f8d65b6e75b540449e92b4886f43607fa02)
2026-10-02T09:26:23.3798905Z Complete job name: development (3)
2026-10-02T09:26:23.4563543Z ##[group]Run actions/checkout@v4
2026-10-02T09:26:23.4564893Z with:
2026-10-02T09:26:23.4566327Z   repository: duuu-hub/bb-scanner
2026-10-02T09:26:23.4575527Z   token: ***
2026-10-02T09:26:23.4576161Z   ssh-strict: true
2026-10-02T09:26:23.4576837Z   ssh-user: git
2026-10-02T09:26:23.4577481Z   persist-credentials: true
2026-10-02T09:26:23.4578207Z   clean: true
2026-10-02T09:26:23.4578890Z   sparse-checkout-cone-mode: true
2026-10-02T09:26:23.4579689Z   fetch-depth: 1
2026-10-02T09:26:23.4580343Z   fetch-tags: false
2026-10-02T09:26:23.4580987Z   show-progress: true
2026-10-02T09:26:23.4581636Z   lfs: false
2026-10-02T09:26:23.4582265Z   submodules: false
2026-10-02T09:26:23.4582921Z   set-safe-directory: true
2026-10-02T09:26:23.4583708Z   allow-unsafe-pr-checkout: false
2026-10-02T09:26:23.4584852Z env:
2026-10-02T09:26:23.4593342Z   GH_TOKEN: ***
2026-10-02T09:26:23.4594004Z ##[endgroup]
2026-10-02T09:26:23.5616880Z Syncing repository: duuu-hub/bb-scanner
2026-10-02T09:26:23.5620422Z ##[group]Getting Git version info
2026-10-02T09:26:23.5622240Z Working directory is '/home/runner/work/bb-scanner/bb-scanner'
2026-10-02T09:26:23.5624634Z [command]/usr/bin/git version
2026-10-02T09:26:23.5659309Z git version 2.55.0
2026-10-02T09:26:23.5682062Z ##[endgroup]
2026-10-02T09:26:23.5697656Z Temporarily overriding HOME='/home/runner/work/_temp/0e4719e4-2526-476b-af08-d8cbd22501ff' before making global git config changes
2026-10-02T09:26:23.5700859Z Adding repository directory to the temporary git global config as a safe directory
2026-10-02T09:26:23.5703621Z [command]/usr/bin/git config --global --add safe.directory /home/runner/work/bb-scanner/bb-scanner
2026-10-02T09:26:23.5754453Z Deleting the contents of '/home/runner/work/bb-scanner/bb-scanner'
2026-10-02T09:26:23.5759633Z ##[group]Initializing the repository
2026-10-02T09:26:23.5764721Z [command]/usr/bin/git init /home/runner/work/bb-scanner/bb-scanner
2026-10-02T09:26:23.5875664Z hint: Using 'master' as the name for the initial branch. This default branch name
2026-10-02T09:26:23.5878013Z hint: will change to "main" in Git 3.0. To configure the initial branch name
2026-10-02T09:26:23.5879623Z hint: to use in all of your new repositories, which will suppress this warning,
2026-10-02T09:26:23.5880796Z hint: call:
2026-10-02T09:26:23.5881340Z hint:
2026-10-02T09:26:23.5882122Z hint: 	git config --global init.defaultBranch <name>
2026-10-02T09:26:23.5883022Z hint:
2026-10-02T09:26:23.5883967Z hint: Names commonly chosen instead of 'master' are 'main', 'trunk' and
2026-10-02T09:26:23.5885666Z hint: 'development'. The just-created branch can be renamed via this command:
2026-10-02T09:26:23.5887019Z hint:
2026-10-02T09:26:23.5887839Z hint: 	git branch -m <name>
2026-10-02T09:26:23.5888586Z hint:
2026-10-02T09:26:23.5889535Z hint: Disable this message with "git config set advice.defaultBranchName false"
2026-10-02T09:26:23.5891311Z Initialized empty Git repository in /home/runner/work/bb-scanner/bb-scanner/.git/
2026-10-02T09:26:23.5899366Z [command]/usr/bin/git remote add origin https://github.com/duuu-hub/bb-scanner
2026-10-02T09:26:23.5942255Z ##[endgroup]
2026-10-02T09:26:23.5943771Z ##[group]Disabling automatic garbage collection
2026-10-02T09:26:23.5945608Z [command]/usr/bin/git config --local gc.auto 0
2026-10-02T09:26:23.5975518Z ##[endgroup]
2026-10-02T09:26:23.5977052Z ##[group]Setting up auth
2026-10-02T09:26:23.5982989Z [command]/usr/bin/git config --local --name-only --get-regexp core\.sshCommand
2026-10-02T09:26:23.6013455Z [command]/usr/bin/git submodule foreach --recursive sh -c "git config --local --name-only --get-regexp 'core\.sshCommand' && git config --local --unset-all 'core.sshCommand' || :"
2026-10-02T09:26:23.6354723Z [command]/usr/bin/git config --local --name-only --get-regexp http\.https\:\/\/github\.com\/\.extraheader
2026-10-02T09:26:23.6391220Z [command]/usr/bin/git submodule foreach --recursive sh -c "git config --local --name-only --get-regexp 'http\.https\:\/\/github\.com\/\.extraheader' && git config --local --unset-all 'http.https://github.com/.extraheader' || :"
2026-10-02T09:26:23.6595838Z [command]/usr/bin/git config --local --name-only --get-regexp ^includeIf\.gitdir:
2026-10-02T09:26:23.6627402Z [command]/usr/bin/git submodule foreach --recursive git config --local --show-origin --name-only --get-regexp remote.origin.url
2026-10-02T09:26:23.6809168Z [command]/usr/bin/git config --local http.https://github.com/.extraheader AUTHORIZATION: basic ***
2026-10-02T09:26:23.6964845Z ##[endgroup]
2026-10-02T09:26:23.6966910Z ##[group]Fetching the repository
2026-10-02T09:26:23.6976245Z [command]/usr/bin/git -c protocol.version=2 fetch --no-tags --prune --no-recurse-submodules --depth=1 origin +793820a5dee7577663e94f9e45157468e05850aa:refs/remotes/origin/research-taker-absorption-release-v12
2026-10-02T09:26:25.3102632Z From https://github.com/duuu-hub/bb-scanner
2026-10-02T09:26:25.3103651Z  * [new ref]         793820a5dee7577663e94f9e45157468e05850aa -> origin/research-taker-absorption-release-v12
2026-10-02T09:26:25.3107963Z ##[endgroup]
2026-10-02T09:26:25.3108768Z ##[group]Determining the checkout info
2026-10-02T09:26:25.3111645Z ##[endgroup]
2026-10-02T09:26:25.3119455Z [command]/usr/bin/git sparse-checkout disable
2026-10-02T09:26:25.3227873Z [command]/usr/bin/git config --local --unset-all extensions.worktreeConfig
2026-10-02T09:26:25.3257234Z ##[group]Checking out the ref
2026-10-02T09:26:25.3261884Z [command]/usr/bin/git checkout --progress --force -B research-taker-absorption-release-v12 refs/remotes/origin/research-taker-absorption-release-v12
2026-10-02T09:26:25.5657551Z Switched to a new branch 'research-taker-absorption-release-v12'
2026-10-02T09:26:25.5660674Z branch 'research-taker-absorption-release-v12' set up to track 'origin/research-taker-absorption-release-v12'.
2026-10-02T09:26:25.5669181Z ##[endgroup]
2026-10-02T09:26:25.5710827Z [command]/usr/bin/git log -1 --format=%H
2026-10-02T09:26:25.5734213Z 793820a5dee7577663e94f9e45157468e05850aa
2026-10-02T09:26:25.5987268Z ##[group]Run actions/setup-python@v5
2026-10-02T09:26:25.5987733Z with:
2026-10-02T09:26:25.5988118Z   python-version: 3.12
2026-10-02T09:26:25.5988637Z   check-latest: false
2026-10-02T09:26:25.5991195Z   token: ***
2026-10-02T09:26:25.5991559Z   update-environment: true
2026-10-02T09:26:25.5991949Z   allow-prereleases: false
2026-10-02T09:26:25.5992345Z   freethreaded: false
2026-10-02T09:26:25.5992733Z env:
2026-10-02T09:26:25.5995522Z   GH_TOKEN: ***
2026-10-02T09:26:25.5995882Z ##[endgroup]
2026-10-02T09:26:25.7294838Z ##[group]Installed versions
2026-10-02T09:26:25.7371448Z (node:2078) [DEP0040] DeprecationWarning: The `punycode` module is deprecated. Please use a userland alternative instead.
2026-10-02T09:26:25.7372667Z (Use `node --trace-deprecation ...` to show where the warning was created)
2026-10-02T09:26:25.7373423Z Successfully set up CPython (3.12.14)
2026-10-02T09:26:25.7374591Z ##[endgroup]
2026-10-02T09:26:25.7492880Z ##[group]Run set -euo pipefail
2026-10-02T09:26:25.7493410Z [36;1mset -euo pipefail[0m
2026-10-02T09:26:25.7493916Z [36;1mpip install pandas==2.3.3 numpy==2.3.3[0m
2026-10-02T09:26:25.7721441Z shell: /usr/bin/bash --noprofile --norc -e -o pipefail {0}
2026-10-02T09:26:25.7722162Z env:
2026-10-02T09:26:25.7726494Z   GH_TOKEN: ***
2026-10-02T09:26:25.7727245Z   pythonLocation: /opt/hostedtoolcache/Python/3.12.14/x64
2026-10-02T09:26:25.7728118Z   PKG_CONFIG_PATH: /opt/hostedtoolcache/Python/3.12.14/x64/lib/pkgconfig
2026-10-02T09:26:25.7728866Z   Python_ROOT_DIR: /opt/hostedtoolcache/Python/3.12.14/x64
2026-10-02T09:26:25.7729580Z   Python2_ROOT_DIR: /opt/hostedtoolcache/Python/3.12.14/x64
2026-10-02T09:26:25.7730330Z   Python3_ROOT_DIR: /opt/hostedtoolcache/Python/3.12.14/x64
2026-10-02T09:26:25.7731041Z   LD_LIBRARY_PATH: /opt/hostedtoolcache/Python/3.12.14/x64/lib
2026-10-02T09:26:25.7731670Z ##[endgroup]
2026-10-02T09:26:26.7501250Z Collecting pandas==2.3.3
2026-10-02T09:26:26.8174860Z   Downloading pandas-2.3.3-cp312-cp312-manylinux_2_24_x86_64.manylinux_2_28_x86_64.whl.metadata (91 kB)
2026-10-02T09:26:27.0610449Z Collecting numpy==2.3.3
2026-10-02T09:26:27.0657156Z   Downloading numpy-2.3.3-cp312-cp312-manylinux_2_27_x86_64.manylinux_2_28_x86_64.whl.metadata (62 kB)
2026-10-02T09:26:27.0942182Z Collecting python-dateutil>=2.8.2 (from pandas==2.3.3)
2026-10-02T09:26:27.0974272Z   Downloading python_dateutil-2.9.0.post0-py2.py3-none-any.whl.metadata (8.4 kB)
2026-10-02T09:26:27.1361136Z Collecting pytz>=2020.1 (from pandas==2.3.3)
2026-10-02T09:26:27.1394547Z   Downloading pytz-2026.4-py2.py3-none-any.whl.metadata (22 kB)
2026-10-02T09:26:27.1635973Z Collecting tzdata>=2022.7 (from pandas==2.3.3)
2026-10-02T09:26:27.1673208Z   Downloading tzdata-2026.4-py2.py3-none-any.whl.metadata (1.4 kB)
2026-10-02T09:26:27.1910011Z Collecting six>=1.5 (from python-dateutil>=2.8.2->pandas==2.3.3)
2026-10-02T09:26:27.1949822Z   Downloading six-1.17.0-py2.py3-none-any.whl.metadata (1.7 kB)
2026-10-02T09:26:27.2147248Z Downloading pandas-2.3.3-cp312-cp312-manylinux_2_24_x86_64.manylinux_2_28_x86_64.whl (12.4 MB)
2026-10-02T09:26:27.3410749Z    ━━━━━━━━━━━━━━━━━━━━━━━━━━━━━━━━━━━━━━━━ 12.4/12.4 MB 100.2 MB/s  0:00:00
2026-10-02T09:26:27.3447904Z Downloading numpy-2.3.3-cp312-cp312-manylinux_2_27_x86_64.manylinux_2_28_x86_64.whl (16.6 MB)
2026-10-02T09:26:27.5059085Z    ━━━━━━━━━━━━━━━━━━━━━━━━━━━━━━━━━━━━━━━━ 16.6/16.6 MB 104.2 MB/s  0:00:00
2026-10-02T09:26:27.5096274Z Downloading python_dateutil-2.9.0.post0-py2.py3-none-any.whl (229 kB)
2026-10-02T09:26:27.5154809Z Downloading pytz-2026.4-py2.py3-none-any.whl (506 kB)
2026-10-02T09:26:27.5213571Z Downloading six-1.17.0-py2.py3-none-any.whl (11 kB)
2026-10-02T09:26:27.5265016Z Downloading tzdata-2026.4-py2.py3-none-any.whl (347 kB)
2026-10-02T09:26:27.6771363Z Installing collected packages: pytz, tzdata, six, numpy, python-dateutil, pandas
2026-10-02T09:26:33.7078148Z 
2026-10-02T09:26:33.7092196Z Successfully installed numpy-2.3.3 pandas-2.3.3 python-dateutil-2.9.0.post0 pytz-2026.4 six-1.17.0 tzdata-2026.4
2026-10-02T09:26:33.7811594Z ##[group]Run actions/cache@v4
2026-10-02T09:26:33.7811951Z with:
2026-10-02T09:26:33.7812250Z   path: data
2026-10-02T09:26:33.7812618Z   key: frozen-source-36095439671-15m-shard-3
2026-10-02T09:26:33.7813004Z   enableCrossOsArchive: false
2026-10-02T09:26:33.7813421Z   fail-on-cache-miss: false
2026-10-02T09:26:33.7813754Z   lookup-only: false
2026-10-02T09:26:33.7814077Z   save-always: false
2026-10-02T09:26:33.7814420Z env:
2026-10-02T09:26:33.7817377Z   GH_TOKEN: ***
2026-10-02T09:26:33.7817802Z   pythonLocation: /opt/hostedtoolcache/Python/3.12.14/x64
2026-10-02T09:26:33.7818336Z   PKG_CONFIG_PATH: /opt/hostedtoolcache/Python/3.12.14/x64/lib/pkgconfig
2026-10-02T09:26:33.7818822Z   Python_ROOT_DIR: /opt/hostedtoolcache/Python/3.12.14/x64
2026-10-02T09:26:33.7819294Z   Python2_ROOT_DIR: /opt/hostedtoolcache/Python/3.12.14/x64
2026-10-02T09:26:33.7819747Z   Python3_ROOT_DIR: /opt/hostedtoolcache/Python/3.12.14/x64
2026-10-02T09:26:33.7820305Z   LD_LIBRARY_PATH: /opt/hostedtoolcache/Python/3.12.14/x64/lib
2026-10-02T09:26:33.7820722Z ##[endgroup]
2026-10-02T09:26:33.8843902Z (node:2114) [DEP0040] DeprecationWarning: The `punycode` module is deprecated. Please use a userland alternative instead.
2026-10-02T09:26:33.8844669Z (Use `node --trace-deprecation ...` to show where the warning was created)
2026-10-02T09:26:34.0922844Z Cache not found for input keys: frozen-source-36095439671-15m-shard-3
2026-10-02T09:26:34.1000854Z ##[group]Run set -euo pipefail
2026-10-02T09:26:34.1001333Z [36;1mset -euo pipefail[0m
2026-10-02T09:26:34.1001658Z [36;1mif [ '' != 'true' ]; then[0m
2026-10-02T09:26:34.1002226Z [36;1m  gh run download 36095439671 -R duuu-hub/bb-scanner -n rank5-binance-um-15m-5y-data-shard-3 -D data[0m
2026-10-02T09:26:34.1002773Z [36;1mfi[0m
2026-10-02T09:26:34.1003185Z [36;1mgh run download 36858492497 -R duuu-hub/bb-scanner -n day-edge-v2-btc -D btc[0m
2026-10-02T09:26:34.1003940Z [36;1mgh run download 36095439671 -R duuu-hub/bb-scanner -n rank5-binance-um-15m-5y-manifest-shard-3 -D source-manifest[0m
2026-10-02T09:26:34.1005022Z [36;1mpython scripts/research_evidence_archive.py verify-source --data data --manifests source-manifest --baseline research/taker-absorption-release-v12/FROZEN_INPUT_HASHES.json --out source-check.json[0m
2026-10-02T09:26:34.1046088Z shell: /usr/bin/bash --noprofile --norc -e -o pipefail {0}
2026-10-02T09:26:34.1046789Z env:
2026-10-02T09:26:34.1050603Z   GH_TOKEN: ***
2026-10-02T09:26:34.1051148Z   pythonLocation: /opt/hostedtoolcache/Python/3.12.14/x64
2026-10-02T09:26:34.1051745Z   PKG_CONFIG_PATH: /opt/hostedtoolcache/Python/3.12.14/x64/lib/pkgconfig
2026-10-02T09:26:34.1052429Z   Python_ROOT_DIR: /opt/hostedtoolcache/Python/3.12.14/x64
2026-10-02T09:26:34.1052952Z   Python2_ROOT_DIR: /opt/hostedtoolcache/Python/3.12.14/x64
2026-10-02T09:26:34.1053484Z   Python3_ROOT_DIR: /opt/hostedtoolcache/Python/3.12.14/x64
2026-10-02T09:26:34.1054118Z   LD_LIBRARY_PATH: /opt/hostedtoolcache/Python/3.12.14/x64/lib
2026-10-02T09:26:34.1054600Z ##[endgroup]
2026-10-02T09:26:50.9141328Z FROZEN_SOURCE_VERIFIED 106 files 31 prior SHA256 matches
2026-10-02T09:26:50.9687134Z ##[group]Run actions/cache@v4
2026-10-02T09:26:50.9687550Z with:
2026-10-02T09:26:50.9687866Z   path: cache/verified-1m
2026-10-02T09:26:50.9688260Z   key: taker-absorption-release-v12-dev-1m-shard-3
2026-10-02T09:26:50.9689213Z   restore-keys: aggressive-flow-cascade-v11-dev-1m-shard-3
residual-reversion-v10-dev-1m-shard-3
cross-sectional-leader-v9-dev-1m-shard-3
premium-absorption-v8-dev-1m-shard-3
factor-lag-v6-dev-1m-shard-3
2026-10-02T09:26:50.9690101Z   enableCrossOsArchive: false
2026-10-02T09:26:50.9690473Z   fail-on-cache-miss: false
2026-10-02T09:26:50.9690814Z   lookup-only: false
2026-10-02T09:26:50.9691122Z   save-always: false
2026-10-02T09:26:50.9691455Z env:
2026-10-02T09:26:50.9694051Z   GH_TOKEN: ***
2026-10-02T09:26:50.9694500Z   pythonLocation: /opt/hostedtoolcache/Python/3.12.14/x64
2026-10-02T09:26:50.9695303Z   PKG_CONFIG_PATH: /opt/hostedtoolcache/Python/3.12.14/x64/lib/pkgconfig
2026-10-02T09:26:50.9695933Z   Python_ROOT_DIR: /opt/hostedtoolcache/Python/3.12.14/x64
2026-10-02T09:26:50.9696407Z   Python2_ROOT_DIR: /opt/hostedtoolcache/Python/3.12.14/x64
2026-10-02T09:26:50.9696897Z   Python3_ROOT_DIR: /opt/hostedtoolcache/Python/3.12.14/x64
2026-10-02T09:26:50.9697377Z   LD_LIBRARY_PATH: /opt/hostedtoolcache/Python/3.12.14/x64/lib
2026-10-02T09:26:50.9697758Z ##[endgroup]
2026-10-02T09:26:51.0727088Z (node:2158) [DEP0040] DeprecationWarning: The `punycode` module is deprecated. Please use a userland alternative instead.
2026-10-02T09:26:51.0727831Z (Use `node --trace-deprecation ...` to show where the warning was created)
2026-10-02T09:26:51.2935248Z Cache not found for input keys: taker-absorption-release-v12-dev-1m-shard-3, aggressive-flow-cascade-v11-dev-1m-shard-3, residual-reversion-v10-dev-1m-shard-3, cross-sectional-leader-v9-dev-1m-shard-3, premium-absorption-v8-dev-1m-shard-3, factor-lag-v6-dev-1m-shard-3
2026-10-02T09:26:51.3004573Z ##[group]Run set -euo pipefail
2026-10-02T09:26:51.3004982Z [36;1mset -euo pipefail[0m
2026-10-02T09:26:51.3006239Z [36;1mpython scripts/taker_absorption_release_v12.py scan --stage DEV --data data --btc btc/BTCUSDT.csv.gz --source-check source-check.json --out dev-3 --minute-cache cache/verified-1m[0m
2026-10-02T09:26:51.3046566Z shell: /usr/bin/bash --noprofile --norc -e -o pipefail {0}
2026-10-02T09:26:51.3046977Z env:
2026-10-02T09:26:51.3049823Z   GH_TOKEN: ***
2026-10-02T09:26:51.3050263Z   pythonLocation: /opt/hostedtoolcache/Python/3.12.14/x64
2026-10-02T09:26:51.3050827Z   PKG_CONFIG_PATH: /opt/hostedtoolcache/Python/3.12.14/x64/lib/pkgconfig
2026-10-02T09:26:51.3051306Z   Python_ROOT_DIR: /opt/hostedtoolcache/Python/3.12.14/x64
2026-10-02T09:26:51.3051735Z   Python2_ROOT_DIR: /opt/hostedtoolcache/Python/3.12.14/x64
2026-10-02T09:26:51.3052204Z   Python3_ROOT_DIR: /opt/hostedtoolcache/Python/3.12.14/x64
2026-10-02T09:26:51.3052775Z   LD_LIBRARY_PATH: /opt/hostedtoolcache/Python/3.12.14/x64/lib
2026-10-02T09:26:51.3053194Z ##[endgroup]
2026-10-02T09:26:57.0298986Z V12_ABSORPTION_SCAN DEV 32 / 106 parameterized_outcomes 66
2026-10-02T09:26:58.5658293Z V12_ABSORPTION_SCAN DEV 40 / 106 parameterized_outcomes 66
2026-10-02T09:26:59.3373295Z V12_ABSORPTION_SCAN DEV 48 / 106 parameterized_outcomes 66
2026-10-02T09:27:06.6223276Z V12_ABSORPTION_SCAN_DONE DEV 66 chronology_exclusions 0
2026-10-02T09:27:06.6835514Z ##[group]Run actions/upload-artifact@v4
2026-10-02T09:27:06.6835878Z with:
2026-10-02T09:27:06.6836269Z   name: taker-absorption-release-v12-dev-3
2026-10-02T09:27:06.6836636Z   path: dev-3/
2026-10-02T09:27:06.6836939Z   retention-days: 30
2026-10-02T09:27:06.6837267Z   compression-level: 0
2026-10-02T09:27:06.6837612Z   if-no-files-found: warn
2026-10-02T09:27:06.6837990Z   overwrite: false
2026-10-02T09:27:06.6838298Z   include-hidden-files: false
2026-10-02T09:27:06.6838634Z env:
2026-10-02T09:27:06.6841513Z   GH_TOKEN: ***
2026-10-02T09:27:06.6841893Z   pythonLocation: /opt/hostedtoolcache/Python/3.12.14/x64
2026-10-02T09:27:06.6842468Z   PKG_CONFIG_PATH: /opt/hostedtoolcache/Python/3.12.14/x64/lib/pkgconfig
2026-10-02T09:27:06.6842957Z   Python_ROOT_DIR: /opt/hostedtoolcache/Python/3.12.14/x64
2026-10-02T09:27:06.6843406Z   Python2_ROOT_DIR: /opt/hostedtoolcache/Python/3.12.14/x64
2026-10-02T09:27:06.6843857Z   Python3_ROOT_DIR: /opt/hostedtoolcache/Python/3.12.14/x64
2026-10-02T09:27:06.6844444Z   LD_LIBRARY_PATH: /opt/hostedtoolcache/Python/3.12.14/x64/lib
2026-10-02T09:27:06.6844842Z ##[endgroup]
2026-10-02T09:27:06.8470778Z (node:2177) [DEP0040] DeprecationWarning: The `punycode` module is deprecated. Please use a userland alternative instead.
2026-10-02T09:27:06.8471840Z (Use `node --trace-deprecation ...` to show where the warning was created)
2026-10-02T09:27:06.8561423Z With the provided path, there will be 7 files uploaded
2026-10-02T09:27:06.8568498Z Artifact name is valid!
2026-10-02T09:27:06.8569452Z Root directory input is valid!
2026-10-02T09:27:07.2258075Z Beginning upload of artifact content to blob storage
2026-10-02T09:27:07.2519918Z (node:2177) [DEP0169] DeprecationWarning: `url.parse()` behavior is not standardized and prone to errors that have security implications. Use the WHATWG URL API instead. CVEs are not issued for `url.parse()` vulnerabilities.
2026-10-02T09:27:07.6003911Z Uploaded bytes 177338
2026-10-02T09:27:07.6578349Z Finished uploading artifact content to blob storage!
2026-10-02T09:27:07.6579400Z SHA256 digest of uploaded artifact zip is 7752d06c9d363e0333b6fbb9ce006ace1d0302d386a2829c0f59b807316aab5a
2026-10-02T09:27:07.6580246Z Finalizing artifact upload
2026-10-02T09:27:07.9044086Z Artifact taker-absorption-release-v12-dev-3.zip successfully finalized. Artifact ID 11218858094
2026-10-02T09:27:07.9044976Z Artifact taker-absorption-release-v12-dev-3 has been successfully uploaded! Final size is 177338 bytes. Artifact ID is 11218858094
2026-10-02T09:27:07.9049947Z Artifact download URL: https://github.com/duuu-hub/bb-scanner/actions/runs/36989682215/artifacts/11218858094
2026-10-02T09:27:07.9194151Z Post job cleanup.
2026-10-02T09:27:08.0242869Z (node:2190) [DEP0040] DeprecationWarning: The `punycode` module is deprecated. Please use a userland alternative instead.
2026-10-02T09:27:08.0243699Z (Use `node --trace-deprecation ...` to show where the warning was created)
2026-10-02T09:27:08.0348366Z [warning]Path Validation Error: Path(s) specified in the action for caching do(es) not exist, hence no cache is being saved.
2026-10-02T09:27:08.0437780Z Post job cleanup.
2026-10-02T09:27:08.1453441Z (node:2203) [DEP0040] DeprecationWarning: The `punycode` module is deprecated. Please use a userland alternative instead.
2026-10-02T09:27:08.1454286Z (Use `node --trace-deprecation ...` to show where the warning was created)
2026-10-02T09:27:08.1614544Z [command]/usr/bin/tar --posix -cf cache.tzst --exclude cache.tzst -P -C /home/runner/work/bb-scanner/bb-scanner --files-from manifest.txt --use-compress-program zstdmt
2026-10-02T09:27:08.6263245Z (node:2203) [DEP0169] DeprecationWarning: `url.parse()` behavior is not standardized and prone to errors that have security implications. Use the WHATWG URL API instead. CVEs are not issued for `url.parse()` vulnerabilities.
2026-10-02T09:27:09.6105521Z Sent 0 of 229873251 (0.0%), 0.0 MBs/sec
2026-10-02T09:27:10.6108178Z Sent 162764387 of 229873251 (70.8%), 77.6 MBs/sec
2026-10-02T09:27:10.7667623Z Sent 229873251 of 229873251 (100.0%), 101.7 MBs/sec
2026-10-02T09:27:10.8850491Z Cache saved with key: frozen-source-36095439671-15m-shard-3
2026-10-02T09:27:10.8962731Z Post job cleanup.
2026-10-02T09:27:11.0131607Z (node:2223) [DEP0040] DeprecationWarning: The `punycode` module is deprecated. Please use a userland alternative instead.
2026-10-02T09:27:11.0132745Z (Use `node --trace-deprecation ...` to show where the warning was created)
2026-10-02T09:27:11.0300779Z Post job cleanup.
2026-10-02T09:27:11.1226604Z [command]/usr/bin/git version
2026-10-02T09:27:11.1271261Z git version 2.55.0
2026-10-02T09:27:11.1312706Z Temporarily overriding HOME='/home/runner/work/_temp/41d6930f-8124-4d54-ba98-74616d2e143e' before making global git config changes
2026-10-02T09:27:11.1313879Z Adding repository directory to the temporary git global config as a safe directory
2026-10-02T09:27:11.1319187Z [command]/usr/bin/git config --global --add safe.directory /home/runner/work/bb-scanner/bb-scanner
2026-10-02T09:27:11.1355734Z [command]/usr/bin/git config --local --name-only --get-regexp core\.sshCommand
2026-10-02T09:27:11.1387975Z [command]/usr/bin/git submodule foreach --recursive sh -c "git config --local --name-only --get-regexp 'core\.sshCommand' && git config --local --unset-all 'core.sshCommand' || :"
2026-10-02T09:27:11.1635506Z [command]/usr/bin/git config --local --name-only --get-regexp http\.https\:\/\/github\.com\/\.extraheader
2026-10-02T09:27:11.1659195Z http.https://github.com/.extraheader
2026-10-02T09:27:11.1668791Z [command]/usr/bin/git config --local --unset-all http.https://github.com/.extraheader
2026-10-02T09:27:11.1708123Z [command]/usr/bin/git submodule foreach --recursive sh -c "git config --local --name-only --get-regexp 'http\.https\:\/\/github\.com\/\.extraheader' && git config --local --unset-all 'http.https://github.com/.extraheader' || :"
2026-10-02T09:27:11.1919116Z [command]/usr/bin/git config --local --name-only --get-regexp ^includeIf\.gitdir:
2026-10-02T09:27:11.1946451Z [command]/usr/bin/git submodule foreach --recursive git config --local --show-origin --name-only --get-regexp remote.origin.url
2026-10-02T09:27:11.2279859Z Cleaning up orphan processes
2026-10-02T09:27:11.2534205Z ##[warning]Node.js 20 is deprecated. The following actions target Node.js 20 but are being forced to run on Node.js 24: actions/cache@v4, actions/checkout@v4, actions/setup-python@v5, actions/upload-artifact@v4. For more information see: https://github.blog/changelog/2025-09-19-deprecation-of-node-20-on-github-actions-runners/
